<!-- Loading shared library : /cvmfs/ilc.desy.de/sw/x86_64_gcc82_centos7/v02-02-03/MarlinDD4hep/v00-06/lib/libMarlinDD4hep.so.0.6.0 (libMarlinDD4hep.so)-->
<!-- Loading shared library : /cvmfs/ilc.desy.de/sw/x86_64_gcc82_centos7/v02-02-03/DDMarlinPandora/v00-12/lib/libDDMarlinPandora.so.0.12.0 (libDDMarlinPandora.so)-->
<!-- Loading shared library : /cvmfs/ilc.desy.de/sw/x86_64_gcc82_centos7/v02-02-03/MarlinReco/v01-32/lib/libMarlinReco.so.1.32.0 (libMarlinReco.so)-->
<!-- Loading shared library : /cvmfs/ilc.desy.de/sw/x86_64_gcc82_centos7/v02-02-03/PandoraAnalysis/v02-00-01/lib/libPandoraAnalysis.so.2.0.1 (libPandoraAnalysis.so)-->
<!-- Loading shared library : /cvmfs/ilc.desy.de/sw/x86_64_gcc82_centos7/v02-02-03/LCFIVertex/v00-08/lib/libLCFIVertexProcessors.so.0.8.0 (libLCFIVertexProcessors.so)-->
<!-- Loading shared library : /cvmfs/ilc.desy.de/sw/x86_64_gcc82_centos7/v02-02-03/CEDViewer/v01-19/lib/libCEDViewer.so.1.19.0 (libCEDViewer.so)-->
<!-- Loading shared library : /cvmfs/ilc.desy.de/sw/x86_64_gcc82_centos7/v02-02-03/Overlay/v00-22-03/lib/libOverlay.so.0.22.3 (libOverlay.so)-->
<!-- Loading shared library : /cvmfs/ilc.desy.de/sw/x86_64_gcc82_centos7/v02-02-03/MarlinFastJet/v00-05-02/lib/libMarlinFastJet.so.0.5.2 (libMarlinFastJet.so)-->
<!-- Loading shared library : /cvmfs/ilc.desy.de/sw/x86_64_gcc82_centos7/v02-02-03/LCTuple/v01-13/lib/libLCTuple.so.1.13.0 (libLCTuple.so)-->
<!-- Loading shared library : /cvmfs/ilc.desy.de/sw/x86_64_gcc82_centos7/v02-02-03/MarlinKinfit/v00-06/lib/libMarlinKinfit.so.0.6.0 (libMarlinKinfit.so)-->
<!-- Loading shared library : /cvmfs/ilc.desy.de/sw/x86_64_gcc82_centos7/v02-02-03/MarlinTrkProcessors/v02-12/lib/libMarlinTrkProcessors.so.2.12.0 (libMarlinTrkProcessors.so)-->
<!-- Loading shared library : /cvmfs/ilc.desy.de/sw/x86_64_gcc82_centos7/v02-02-03/ILDPerformance/v01-10/lib/libILDPerformance.so.1.10.0 (libILDPerformance.so)-->
<!-- Loading shared library : /cvmfs/ilc.desy.de/sw/x86_64_gcc82_centos7/v02-02-03/Clupatra/v01-03/lib/libClupatra.so.1.3.0 (libClupatra.so)-->
<!-- Loading shared library : /cvmfs/ilc.desy.de/sw/x86_64_gcc82_centos7/v02-02-03/Physsim/v00-04-01/lib/libPhyssim.so.0.4.1 (libPhyssim.so)-->
<!-- Loading shared library : /cvmfs/ilc.desy.de/sw/x86_64_gcc82_centos7/v02-02-03/LCFIPlus/v00-10-01/lib/libLCFIPlus.so.0.10.1 (libLCFIPlus.so)-->
<!-- Loading shared library : /cvmfs/ilc.desy.de/sw/x86_64_gcc82_centos7/v02-02-03/FCalClusterer/v01-00-01/lib/libFCalClusterer.so (libFCalClusterer.so)-->
<!-- Loading shared library : /cvmfs/ilc.desy.de/sw/x86_64_gcc82_centos7/v02-02-03/ForwardTracking/v01-14/lib/libForwardTracking.so.1.14.0 (libForwardTracking.so)-->
<!-- Loading shared library : /cvmfs/ilc.desy.de/sw/x86_64_gcc82_centos7/v02-02-03/ConformalTracking/v01-11/lib/libConformalTracking.so.1.11.0 (libConformalTracking.so)-->
<!-- Loading shared library : /cvmfs/ilc.desy.de/sw/x86_64_gcc82_centos7/v02-02-03/LICH/v00-01/lib/libLICH.so.0.1.0 (libLICH.so)-->
<!-- Loading shared library : /cvmfs/ilc.desy.de/sw/x86_64_gcc82_centos7/v02-02-03/Garlic/v03-01/lib/libGarlic.so.3.1.0 (libGarlic.so)-->
<!-- Loading shared library : /afs/desy.de/group/flc/pool/radkhory/JetIsoLepDeclustering/lib/libJetIsoLepDeclustering.so.0.1.0 (libJetIsoLepDeclustering.so)-->
<!-- Loading shared library : /afs/desy.de/group/flc/pool/radkhory/SLDecayCorrection/lib/libSLDecayCorrection.so.0.1.0 (libSLDecayCorrection.so)-->
PersistencyIO    INFO  +++ Set Streamer to dd4hep::OpaqueDataBlock
<!-- Loading shared library : /afs/desy.de/group/flc/pool/radkhory/ZHEvents/lib/libZHEvents.so.0.1.0 (libZHEvents.so)-->
<!-- Loading shared library : /afs/desy.de/group/flc/pool/radkhory/MarlinKinfitProcessors/lib/libMarlinKinfitProcessors.so.0.4.1 (libMarlinKinfitProcessors.so)-->
<!-- Loading shared library : /afs/desy.de/group/flc/pool/radkhory/AddNeutralPFOCovMat/lib/libAddNeutralPFOCovMat.so.0.1.0 (libAddNeutralPFOCovMat.so)-->
<!-- Loading shared library : /afs/desy.de/group/flc/pool/radkhory/ChargedPFOCorrection/lib/libChargedPFOCorrection.so.0.1.0 (libChargedPFOCorrection.so)-->
<!-- Loading shared library : /afs/desy.de/group/flc/pool/radkhory/SLDNuCovMat/lib/libSLDNuCovMat.so.0.1.0 (libSLDNuCovMat.so)-->
<!-- Loading shared library : /afs/desy.de/group/flc/pool/radkhory/RemoveOverlay/lib/libRemoveOverlay.so.0.1.0 (libRemoveOverlay.so)-->
<!-- steering file parameter: [ global.LCIOInputFiles ] will be OVERWRITTEN with value: ["/pnfs/desy.de/ilc/prod/ilc/mc-2020/ild/dst-merged/250-SetA/4f_ZZ_semileptonic/ILD_l5_o1_v02/v02-02/rv02-02.sv02-02.mILD_l5_o1_v02.E250-SetA.I500076.P4f_zz_sl.eR.pL.n001.d_dstm_15116_12.slcio"] -->
<!-- steering file constant: [ constant.Verbosity ] will be OVERWRITTEN with value: ["DEBUG0"] -->
<!-- steering file parameter: [ global.MaxRecordNumber ] will be OVERWRITTEN with value: ["10"] -->

Read constant "OutputBaseName" , value = "ZHmumubb"
Read constant "OutputBaseName_iter" , value = "2"
Read constant "OutputRootFile" , value = "ZHmumubb.root"
Read constant "lcgeo_DIR" , value = "/cvmfs/ilc.desy.de/sw/x86_64_gcc82_centos7/v02-02-03/lcgeo/v00-16-07"
Read constant "DetectorModel" , value = "ILD_l5_o1_v02"
Read constant "CompactFile" , value = "/cvmfs/ilc.desy.de/sw/x86_64_gcc82_centos7/v02-02-03/lcgeo/v00-16-07/ILD/compact/ILD_l5_o1_v02/ILD_l5_o1_v02.xml"
Read constant "OutputDirectory" , value = "/afs/desy.de/group/flc/pool/radkhory/PhysicsAnalysis/recoNuCorr"
Read constant "createRootTree" , value = "false"
Read constant "displayEvent" , value = "false"
Read constant "Verbosity" , value = "DEBUG0"
Read constant "MCparticleCollectionName" , value = "MCParticlesSkimmed"
[ MESSAGE "Marlin"]  ---- instantiated  GEAR from file  /cvmfs/ilc.desy.de/sw/ILDConfig/v02-02-03/StandardConfig/production/Gear/gear_ILD_l5_v02.xml
[ MESSAGE "Marlin"]  ----------------------------------------------------- 
[ MESSAGE "Marlin"]               GearMgr :                                
[ MESSAGE "Marlin"]  ----------------------------------------------------- 
[ MESSAGE "Marlin"]    ----  DetectorName   ----   
[ MESSAGE "Marlin"] 
[ MESSAGE "Marlin"]          ILD_l5_v02
[ MESSAGE "Marlin"] 
[ MESSAGE "Marlin"] 
[ MESSAGE "Marlin"]    -----------   BField   ------- 
[ MESSAGE "Marlin"] 
[ MESSAGE "Marlin"]        field vector at origin :   Bx = 0 , By = 0 , Bz = 3.5 [Tesla] 
[ MESSAGE "Marlin"] 
[ MESSAGE "Marlin"]    ----  VXD    ---- 
[ MESSAGE "Marlin"]      --- ZPlanarParameters: 
[ MESSAGE "Marlin"] 
[ MESSAGE "Marlin"]   type :  CMOS 
[ MESSAGE "Marlin"]  Shell innerR : 65 outerR : 65.4939
[ MESSAGE "Marlin"]        length : 145 gap 0
[ MESSAGE "Marlin"]  Layers : 6
[ MESSAGE "Marlin"] 
[ MESSAGE "Marlin"]  layer parameters (note: ladder length (l) are half lengths ! )
[ MESSAGE "Marlin"]   |------------------------------------------------------------------------------------|
[ MESSAGE "Marlin"]   |      |       ladder:                        |       sensitive part:                |
[ MESSAGE "Marlin"]   |  #   |    d    |    w    |    l    |   t    |    d    |    w    |    l    |    t   | 
[ MESSAGE "Marlin"]   |------------------------------------------------------------------------------------|
[ MESSAGE "Marlin"]   |  10  |  16.00  |  11.50  |  62.50  |  1.00  |  15.95  |  11.00  |  62.50  |  0.05  |
[ MESSAGE "Marlin"]   |  10  |  17.00  |  11.50  |  62.50  |  1.00  |  18.00  |  11.00  |  62.50  |  0.05  |
[ MESSAGE "Marlin"]   |  11  |  37.00  |  22.50  |  125.00  |  1.00  |  36.95  |  22.00  |  125.00  |  0.05  |
[ MESSAGE "Marlin"]   |  11  |  38.00  |  22.50  |  125.00  |  1.00  |  39.00  |  22.00  |  125.00  |  0.05  |
[ MESSAGE "Marlin"]   |  17  |  58.00  |  22.50  |  125.00  |  1.00  |  57.95  |  22.00  |  125.00  |  0.05  |
[ MESSAGE "Marlin"]   |  17  |  59.00  |  22.50  |  125.00  |  1.00  |  60.00  |  22.00  |  125.00  |  0.05  |
[ MESSAGE "Marlin"]   |------------------------------------------------------------------------------------|
[ MESSAGE "Marlin"] 
[ MESSAGE "Marlin"] 
[ MESSAGE "Marlin"]    -----------   FTDParameters  ------- 
[ MESSAGE "Marlin"] 
[ MESSAGE "Marlin"]     [double]    strip_angle_deg 	 5
[ MESSAGE "Marlin"] 
[ MESSAGE "Marlin"]     [double]    strip_length_mm 	 250
[ MESSAGE "Marlin"] 
[ MESSAGE "Marlin"]     [double]    strip_pitch_mm 	 0.01
[ MESSAGE "Marlin"] 
[ MESSAGE "Marlin"]     [double]    strip_width_mm 	 0.001
[ MESSAGE "Marlin"]  Layers : 7
[ MESSAGE "Marlin"] 
[ MESSAGE "Marlin"]  layer parameters (note: ladder length (l) are half lengths ! )
[ MESSAGE "Marlin"]   |------------------------------------------------------------------------------------|
[ MESSAGE "Marlin"]   |      |         support:                      |       sensitive part:                |
[ MESSAGE "Marlin"]   |  #   |    x    |    X    |    y    |   t    |    x    |    X    |    y    |    t   | 
[ MESSAGE "Marlin"]   |------------------------------------------------------------------------------------|
[ MESSAGE "Marlin"]   |  16  |  29.06  |  72.00  |  107.93  |  1.00  |  29.06  |  72.00  |  107.93  |  0.02  |
[ MESSAGE "Marlin"]   |  16  |  33.26  |  72.00  |  97.37  |  1.00  |  33.26  |  72.00  |  97.37  |  0.02  |
[ MESSAGE "Marlin"]   |  16  |  34.16  |  122.49  |  222.05  |  2.00  |  34.16  |  122.49  |  222.05  |  0.20  |
[ MESSAGE "Marlin"]   |  16  |  41.81  |  122.49  |  202.80  |  2.00  |  41.81  |  122.49  |  202.80  |  0.20  |
[ MESSAGE "Marlin"]   |  16  |  53.57  |  122.49  |  173.25  |  2.00  |  53.57  |  122.49  |  173.25  |  0.20  |
[ MESSAGE "Marlin"]   |  16  |  65.33  |  122.49  |  143.69  |  2.00  |  65.33  |  122.49  |  143.69  |  0.20  |
[ MESSAGE "Marlin"]   |  16  |  75.97  |  122.49  |  116.93  |  2.00  |  75.97  |  122.49  |  116.93  |  0.20  |
[ MESSAGE "Marlin"]   |------------------------------------------------------------------------------------|
[ MESSAGE "Marlin"] 
[ MESSAGE "Marlin"]    ----  SIT    ---- 
[ MESSAGE "Marlin"]      --- ZPlanarParameters: 
[ MESSAGE "Marlin"] 
[ MESSAGE "Marlin"]     [double]    strip_angle_deg 	 0
[ MESSAGE "Marlin"] 
[ MESSAGE "Marlin"]     [double]    strip_length_mm 	 92
[ MESSAGE "Marlin"] 
[ MESSAGE "Marlin"]     [double]    strip_pitch_mm 	 0
[ MESSAGE "Marlin"] 
[ MESSAGE "Marlin"]     [double]    strip_width_mm 	 0
[ MESSAGE "Marlin"] 
[ MESSAGE "Marlin"]     [IntVec]    n_sensors_per_ladder 	 8 , 8 , 14 , 14 , 
[ MESSAGE "Marlin"] 
[ MESSAGE "Marlin"]   type :  CCD 
[ MESSAGE "Marlin"]  Shell innerR : 0 outerR : 0
[ MESSAGE "Marlin"]        length : 0 gap 0
[ MESSAGE "Marlin"]  Layers : 4
[ MESSAGE "Marlin"] 
[ MESSAGE "Marlin"]  layer parameters (note: ladder length (l) are half lengths ! )
[ MESSAGE "Marlin"]   |------------------------------------------------------------------------------------|
[ MESSAGE "Marlin"]   |      |       ladder:                        |       sensitive part:                |
[ MESSAGE "Marlin"]   |  #   |    d    |    w    |    l    |   t    |    d    |    w    |    l    |    t   | 
[ MESSAGE "Marlin"]   |------------------------------------------------------------------------------------|
[ MESSAGE "Marlin"]   |  10  |  153.10  |  99.16  |  368.00  |  1.00  |  152.90  |  99.16  |  368.00  |  0.20  |
[ MESSAGE "Marlin"]   |  10  |  154.40  |  100.14  |  368.00  |  1.00  |  155.40  |  100.14  |  368.00  |  0.20  |
[ MESSAGE "Marlin"]   |  19  |  300.10  |  99.89  |  644.00  |  1.00  |  299.90  |  99.89  |  644.00  |  0.20  |
[ MESSAGE "Marlin"]   |  19  |  301.40  |  100.39  |  644.00  |  1.00  |  302.40  |  100.39  |  644.00  |  0.20  |
[ MESSAGE "Marlin"]   |------------------------------------------------------------------------------------|
[ MESSAGE "Marlin"] 
[ MESSAGE "Marlin"]    ----  SET    ---- 
[ MESSAGE "Marlin"]      --- ZPlanarParameters: 
[ MESSAGE "Marlin"] 
[ MESSAGE "Marlin"]     [double]    strip_angle_deg 	 7
[ MESSAGE "Marlin"] 
[ MESSAGE "Marlin"]     [double]    strip_length_mm 	 92
[ MESSAGE "Marlin"] 
[ MESSAGE "Marlin"]     [double]    strip_pitch_mm 	 0.05
[ MESSAGE "Marlin"] 
[ MESSAGE "Marlin"]     [double]    strip_width_mm 	 0.0125
[ MESSAGE "Marlin"] 
[ MESSAGE "Marlin"]     [IntVec]    n_sensors_per_ladder 	 50 , 50 , 
[ MESSAGE "Marlin"] 
[ MESSAGE "Marlin"]   type :  CCD 
[ MESSAGE "Marlin"]  Shell innerR : 0 outerR : 0
[ MESSAGE "Marlin"]        length : 0 gap 0
[ MESSAGE "Marlin"]  Layers : 2
[ MESSAGE "Marlin"] 
[ MESSAGE "Marlin"]  layer parameters (note: ladder length (l) are half lengths ! )
[ MESSAGE "Marlin"]   |------------------------------------------------------------------------------------|
[ MESSAGE "Marlin"]   |      |       ladder:                        |       sensitive part:                |
[ MESSAGE "Marlin"]   |  #   |    d    |    w    |    l    |   t    |    d    |    w    |    l    |    t   | 
[ MESSAGE "Marlin"]   |------------------------------------------------------------------------------------|
[ MESSAGE "Marlin"]   |  24  |  1772.90  |  466.56  |  2300.00  |  1.00  |  1772.70  |  466.56  |  2300.00  |  0.20  |
[ MESSAGE "Marlin"]   |  24  |  1774.20  |  466.96  |  2300.00  |  1.00  |  1775.20  |  466.96  |  2300.00  |  0.20  |
[ MESSAGE "Marlin"]   |------------------------------------------------------------------------------------|
[ MESSAGE "Marlin"] 
[ MESSAGE "Marlin"]      --- ZPlanarParameters: 
[ MESSAGE "Marlin"] 
[ MESSAGE "Marlin"]     [double]    strip_angle_deg 	 0
[ MESSAGE "Marlin"] 
[ MESSAGE "Marlin"]     [double]    strip_length_mm 	 92
[ MESSAGE "Marlin"] 
[ MESSAGE "Marlin"]     [double]    strip_pitch_mm 	 0
[ MESSAGE "Marlin"] 
[ MESSAGE "Marlin"]     [double]    strip_width_mm 	 0
[ MESSAGE "Marlin"] 
[ MESSAGE "Marlin"]     [IntVec]    n_sensors_per_ladder 	 8 , 8 , 14 , 14 , 
[ MESSAGE "Marlin"] 
[ MESSAGE "Marlin"]   type :  CCD 
[ MESSAGE "Marlin"]  Shell innerR : 0 outerR : 0
[ MESSAGE "Marlin"]        length : 0 gap 0
[ MESSAGE "Marlin"]  Layers : 4
[ MESSAGE "Marlin"] 
[ MESSAGE "Marlin"]  layer parameters (note: ladder length (l) are half lengths ! )
[ MESSAGE "Marlin"]   |------------------------------------------------------------------------------------|
[ MESSAGE "Marlin"]   |      |       ladder:                        |       sensitive part:                |
[ MESSAGE "Marlin"]   |  #   |    d    |    w    |    l    |   t    |    d    |    w    |    l    |    t   | 
[ MESSAGE "Marlin"]   |------------------------------------------------------------------------------------|
[ MESSAGE "Marlin"]   |  10  |  153.10  |  99.16  |  368.00  |  1.00  |  152.90  |  99.16  |  368.00  |  0.20  |
[ MESSAGE "Marlin"]   |  10  |  154.40  |  100.14  |  368.00  |  1.00  |  155.40  |  100.14  |  368.00  |  0.20  |
[ MESSAGE "Marlin"]   |  19  |  300.10  |  99.89  |  644.00  |  1.00  |  299.90  |  99.89  |  644.00  |  0.20  |
[ MESSAGE "Marlin"]   |  19  |  301.40  |  100.39  |  644.00  |  1.00  |  302.40  |  100.39  |  644.00  |  0.20  |
[ MESSAGE "Marlin"]   |------------------------------------------------------------------------------------|
[ MESSAGE "Marlin"] 
[ MESSAGE "Marlin"]      --- ZPlanarParameters: 
[ MESSAGE "Marlin"] 
[ MESSAGE "Marlin"]     [double]    strip_angle_deg 	 7
[ MESSAGE "Marlin"] 
[ MESSAGE "Marlin"]     [double]    strip_length_mm 	 92
[ MESSAGE "Marlin"] 
[ MESSAGE "Marlin"]     [double]    strip_pitch_mm 	 0.05
[ MESSAGE "Marlin"] 
[ MESSAGE "Marlin"]     [double]    strip_width_mm 	 0.0125
[ MESSAGE "Marlin"] 
[ MESSAGE "Marlin"]     [IntVec]    n_sensors_per_ladder 	 50 , 50 , 
[ MESSAGE "Marlin"] 
[ MESSAGE "Marlin"]   type :  CCD 
[ MESSAGE "Marlin"]  Shell innerR : 0 outerR : 0
[ MESSAGE "Marlin"]        length : 0 gap 0
[ MESSAGE "Marlin"]  Layers : 2
[ MESSAGE "Marlin"] 
[ MESSAGE "Marlin"]  layer parameters (note: ladder length (l) are half lengths ! )
[ MESSAGE "Marlin"]   |------------------------------------------------------------------------------------|
[ MESSAGE "Marlin"]   |      |       ladder:                        |       sensitive part:                |
[ MESSAGE "Marlin"]   |  #   |    d    |    w    |    l    |   t    |    d    |    w    |    l    |    t   | 
[ MESSAGE "Marlin"]   |------------------------------------------------------------------------------------|
[ MESSAGE "Marlin"]   |  24  |  1772.90  |  466.56  |  2300.00  |  1.00  |  1772.70  |  466.56  |  2300.00  |  0.20  |
[ MESSAGE "Marlin"]   |  24  |  1774.20  |  466.96  |  2300.00  |  1.00  |  1775.20  |  466.96  |  2300.00  |  0.20  |
[ MESSAGE "Marlin"]   |------------------------------------------------------------------------------------|
[ MESSAGE "Marlin"] 
[ MESSAGE "Marlin"] 
[ MESSAGE "Marlin"]    -----------   TPCParameters  ------- 
[ MESSAGE "Marlin"] 
[ MESSAGE "Marlin"]     [double]    tpcInnerRadius 	 329
[ MESSAGE "Marlin"] 
[ MESSAGE "Marlin"]     [double]    tpcInnerWallThickness 	 25
[ MESSAGE "Marlin"] 
[ MESSAGE "Marlin"]     [double]    tpcOuterRadius 	 1769.8
[ MESSAGE "Marlin"] 
[ MESSAGE "Marlin"]     [double]    tpcOuterWallThickness 	 55
[ MESSAGE "Marlin"] 
[ MESSAGE "Marlin"]   maxDriftLength :      2225
[ MESSAGE "Marlin"]   coordinateType :      polar
[ MESSAGE "Marlin"]   Number of modules :   1
[ MESSAGE "Marlin"] 
[ MESSAGE "Marlin"]      -----------   TPCModule  ------- 
[ MESSAGE "Marlin"] 
[ MESSAGE "Marlin"]   Readout frequency :   0
[ MESSAGE "Marlin"]   Type :                 polar
[ MESSAGE "Marlin"]   Number of pads :      1426561
[ MESSAGE "Marlin"]   Number of Rows :      220
[ MESSAGE "Marlin"]   Offset :              0  ;  0
[ MESSAGE "Marlin"]   zPosition :            no z Position set 
[ MESSAGE "Marlin"]   Angle :               0
[ MESSAGE "Marlin"]          extent (global):    [372.1,1692.1,0,6.28319]
[ MESSAGE "Marlin"] 
[ MESSAGE "Marlin"] 
[ MESSAGE "Marlin"] 
[ MESSAGE "Marlin"] 
[ MESSAGE "Marlin"] 
[ MESSAGE "Marlin"]    ----  Ecal barrel    ---- 
[ MESSAGE "Marlin"] 
[ MESSAGE "Marlin"]   calorimeter type:  barrel  
[ MESSAGE "Marlin"]    symmetry order:  8
[ MESSAGE "Marlin"]    phi0:            0
[ MESSAGE "Marlin"] 
[ MESSAGE "Marlin"]    dimensions :  
[ MESSAGE "Marlin"]          rMin:      1804.8
[ MESSAGE "Marlin"]          rMax:      2010.57
[ MESSAGE "Marlin"]          zMin:      0
[ MESSAGE "Marlin"]          zMax:      2350
[ MESSAGE "Marlin"] 
[ MESSAGE "Marlin"] 
[ MESSAGE "Marlin"]    layers    :    #total 30
[ MESSAGE "Marlin"]        id: 0 thickness: 7.065 absorber thickness: 6.54 distance: 1804.8 cellsize-0: 5.72438 cellsize-1: 5.72438
[ MESSAGE "Marlin"]        id: 1 thickness: 3.125 absorber thickness: 2.6 distance: 1811.87 cellsize-0: 5.72438 cellsize-1: 5.72438
[ MESSAGE "Marlin"]        id: 2 thickness: 9.345 absorber thickness: 8.82 distance: 1814.99 cellsize-0: 5.72438 cellsize-1: 5.72438
[ MESSAGE "Marlin"]        id: 3 thickness: 3.125 absorber thickness: 2.6 distance: 1824.34 cellsize-0: 5.72438 cellsize-1: 5.72438
[ MESSAGE "Marlin"]        id: 4 thickness: 9.345 absorber thickness: 8.82 distance: 1827.46 cellsize-0: 5.72438 cellsize-1: 5.72438
[ MESSAGE "Marlin"]        id: 5 thickness: 3.125 absorber thickness: 2.6 distance: 1836.81 cellsize-0: 5.72438 cellsize-1: 5.72438
[ MESSAGE "Marlin"]        id: 6 thickness: 9.345 absorber thickness: 8.82 distance: 1839.93 cellsize-0: 5.72438 cellsize-1: 5.72438
[ MESSAGE "Marlin"]        id: 7 thickness: 3.125 absorber thickness: 2.6 distance: 1849.28 cellsize-0: 5.72438 cellsize-1: 5.72438
[ MESSAGE "Marlin"]        id: 8 thickness: 9.345 absorber thickness: 8.82 distance: 1852.4 cellsize-0: 5.72438 cellsize-1: 5.72438
[ MESSAGE "Marlin"]        id: 9 thickness: 3.125 absorber thickness: 2.6 distance: 1861.75 cellsize-0: 5.72438 cellsize-1: 5.72438
[ MESSAGE "Marlin"]        id: 10 thickness: 9.345 absorber thickness: 8.82 distance: 1864.87 cellsize-0: 5.72438 cellsize-1: 5.72438
[ MESSAGE "Marlin"]        id: 11 thickness: 3.125 absorber thickness: 2.6 distance: 1874.22 cellsize-0: 5.72438 cellsize-1: 5.72438
[ MESSAGE "Marlin"]        id: 12 thickness: 9.345 absorber thickness: 8.82 distance: 1877.34 cellsize-0: 5.72438 cellsize-1: 5.72438
[ MESSAGE "Marlin"]        id: 13 thickness: 3.125 absorber thickness: 2.6 distance: 1886.69 cellsize-0: 5.72438 cellsize-1: 5.72438
[ MESSAGE "Marlin"]        id: 14 thickness: 9.345 absorber thickness: 8.82 distance: 1889.81 cellsize-0: 5.72438 cellsize-1: 5.72438
[ MESSAGE "Marlin"]        id: 15 thickness: 3.125 absorber thickness: 2.6 distance: 1899.16 cellsize-0: 5.72438 cellsize-1: 5.72438
[ MESSAGE "Marlin"]        id: 16 thickness: 9.345 absorber thickness: 8.82 distance: 1902.28 cellsize-0: 5.72438 cellsize-1: 5.72438
[ MESSAGE "Marlin"]        id: 17 thickness: 3.125 absorber thickness: 2.6 distance: 1911.63 cellsize-0: 5.72438 cellsize-1: 5.72438
[ MESSAGE "Marlin"]        id: 18 thickness: 9.345 absorber thickness: 8.82 distance: 1914.75 cellsize-0: 5.72438 cellsize-1: 5.72438
[ MESSAGE "Marlin"]        id: 19 thickness: 3.125 absorber thickness: 2.6 distance: 1924.1 cellsize-0: 5.72438 cellsize-1: 5.72438
[ MESSAGE "Marlin"]        id: 20 thickness: 11.445 absorber thickness: 10.92 distance: 1927.22 cellsize-0: 5.72438 cellsize-1: 5.72438
[ MESSAGE "Marlin"]        id: 21 thickness: 5.225 absorber thickness: 4.7 distance: 1938.67 cellsize-0: 5.72438 cellsize-1: 5.72438
[ MESSAGE "Marlin"]        id: 22 thickness: 11.445 absorber thickness: 10.92 distance: 1943.89 cellsize-0: 5.72438 cellsize-1: 5.72438
[ MESSAGE "Marlin"]        id: 23 thickness: 5.225 absorber thickness: 4.7 distance: 1955.34 cellsize-0: 5.72438 cellsize-1: 5.72438
[ MESSAGE "Marlin"]        id: 24 thickness: 11.445 absorber thickness: 10.92 distance: 1960.56 cellsize-0: 5.72438 cellsize-1: 5.72438
[ MESSAGE "Marlin"]        id: 25 thickness: 5.225 absorber thickness: 4.7 distance: 1972 cellsize-0: 5.72438 cellsize-1: 5.72438
[ MESSAGE "Marlin"]        id: 26 thickness: 11.445 absorber thickness: 10.92 distance: 1977.23 cellsize-0: 5.72438 cellsize-1: 5.72438
[ MESSAGE "Marlin"]        id: 27 thickness: 5.225 absorber thickness: 4.7 distance: 1988.67 cellsize-0: 5.72438 cellsize-1: 5.72438
[ MESSAGE "Marlin"]        id: 28 thickness: 11.445 absorber thickness: 10.92 distance: 1993.9 cellsize-0: 5.72438 cellsize-1: 5.72438
[ MESSAGE "Marlin"]        id: 29 thickness: 5.225 absorber thickness: 4.7 distance: 2005.34 cellsize-0: 5.72438 cellsize-1: 5.72438
[ MESSAGE "Marlin"] 
[ MESSAGE "Marlin"]    ----  Ecal endcap   ---- 
[ MESSAGE "Marlin"] 
[ MESSAGE "Marlin"]   calorimeter type:  endcap  
[ MESSAGE "Marlin"]    symmetry order:  8
[ MESSAGE "Marlin"]    phi0:            0
[ MESSAGE "Marlin"] 
[ MESSAGE "Marlin"]    dimensions :  
[ MESSAGE "Marlin"]          rMin:      400
[ MESSAGE "Marlin"]          rMax:      2095.84
[ MESSAGE "Marlin"]          zMin:      2411.8
[ MESSAGE "Marlin"]          zMax:      2617.57
[ MESSAGE "Marlin"] 
[ MESSAGE "Marlin"] 
[ MESSAGE "Marlin"]    layers    :    #total 30
[ MESSAGE "Marlin"]        id: 0 thickness: 7.065 absorber thickness: 6.54 distance: 2411.8 cellsize-0: 5.72438 cellsize-1: 5.72438
[ MESSAGE "Marlin"]        id: 1 thickness: 3.125 absorber thickness: 2.6 distance: 2418.87 cellsize-0: 5.72438 cellsize-1: 5.72438
[ MESSAGE "Marlin"]        id: 2 thickness: 9.345 absorber thickness: 8.82 distance: 2421.99 cellsize-0: 5.72438 cellsize-1: 5.72438
[ MESSAGE "Marlin"]        id: 3 thickness: 3.125 absorber thickness: 2.6 distance: 2431.34 cellsize-0: 5.72438 cellsize-1: 5.72438
[ MESSAGE "Marlin"]        id: 4 thickness: 9.345 absorber thickness: 8.82 distance: 2434.46 cellsize-0: 5.72438 cellsize-1: 5.72438
[ MESSAGE "Marlin"]        id: 5 thickness: 3.125 absorber thickness: 2.6 distance: 2443.8 cellsize-0: 5.72438 cellsize-1: 5.72438
[ MESSAGE "Marlin"]        id: 6 thickness: 9.345 absorber thickness: 8.82 distance: 2446.93 cellsize-0: 5.72438 cellsize-1: 5.72438
[ MESSAGE "Marlin"]        id: 7 thickness: 3.125 absorber thickness: 2.6 distance: 2456.27 cellsize-0: 5.72438 cellsize-1: 5.72438
[ MESSAGE "Marlin"]        id: 8 thickness: 9.345 absorber thickness: 8.82 distance: 2459.4 cellsize-0: 5.72438 cellsize-1: 5.72438
[ MESSAGE "Marlin"]        id: 9 thickness: 3.125 absorber thickness: 2.6 distance: 2468.74 cellsize-0: 5.72438 cellsize-1: 5.72438
[ MESSAGE "Marlin"]        id: 10 thickness: 9.345 absorber thickness: 8.82 distance: 2471.87 cellsize-0: 5.72438 cellsize-1: 5.72438
[ MESSAGE "Marlin"]        id: 11 thickness: 3.125 absorber thickness: 2.6 distance: 2481.21 cellsize-0: 5.72438 cellsize-1: 5.72438
[ MESSAGE "Marlin"]        id: 12 thickness: 9.345 absorber thickness: 8.82 distance: 2484.34 cellsize-0: 5.72438 cellsize-1: 5.72438
[ MESSAGE "Marlin"]        id: 13 thickness: 3.125 absorber thickness: 2.6 distance: 2493.68 cellsize-0: 5.72438 cellsize-1: 5.72438
[ MESSAGE "Marlin"]        id: 14 thickness: 9.345 absorber thickness: 8.82 distance: 2496.81 cellsize-0: 5.72438 cellsize-1: 5.72438
[ MESSAGE "Marlin"]        id: 15 thickness: 3.125 absorber thickness: 2.6 distance: 2506.15 cellsize-0: 5.72438 cellsize-1: 5.72438
[ MESSAGE "Marlin"]        id: 16 thickness: 9.345 absorber thickness: 8.82 distance: 2509.28 cellsize-0: 5.72438 cellsize-1: 5.72438
[ MESSAGE "Marlin"]        id: 17 thickness: 3.125 absorber thickness: 2.6 distance: 2518.62 cellsize-0: 5.72438 cellsize-1: 5.72438
[ MESSAGE "Marlin"]        id: 18 thickness: 9.345 absorber thickness: 8.82 distance: 2521.75 cellsize-0: 5.72438 cellsize-1: 5.72438
[ MESSAGE "Marlin"]        id: 19 thickness: 3.125 absorber thickness: 2.6 distance: 2531.09 cellsize-0: 5.72438 cellsize-1: 5.72438
[ MESSAGE "Marlin"]        id: 20 thickness: 11.445 absorber thickness: 10.92 distance: 2534.22 cellsize-0: 5.72438 cellsize-1: 5.72438
[ MESSAGE "Marlin"]        id: 21 thickness: 5.225 absorber thickness: 4.7 distance: 2545.66 cellsize-0: 5.72438 cellsize-1: 5.72438
[ MESSAGE "Marlin"]        id: 22 thickness: 11.445 absorber thickness: 10.92 distance: 2550.89 cellsize-0: 5.72438 cellsize-1: 5.72438
[ MESSAGE "Marlin"]        id: 23 thickness: 5.225 absorber thickness: 4.7 distance: 2562.33 cellsize-0: 5.72438 cellsize-1: 5.72438
[ MESSAGE "Marlin"]        id: 24 thickness: 11.445 absorber thickness: 10.92 distance: 2567.56 cellsize-0: 5.72438 cellsize-1: 5.72438
[ MESSAGE "Marlin"]        id: 25 thickness: 5.225 absorber thickness: 4.7 distance: 2579 cellsize-0: 5.72438 cellsize-1: 5.72438
[ MESSAGE "Marlin"]        id: 26 thickness: 11.445 absorber thickness: 10.92 distance: 2584.23 cellsize-0: 5.72438 cellsize-1: 5.72438
[ MESSAGE "Marlin"]        id: 27 thickness: 5.225 absorber thickness: 4.7 distance: 2595.67 cellsize-0: 5.72438 cellsize-1: 5.72438
[ MESSAGE "Marlin"]        id: 28 thickness: 11.445 absorber thickness: 10.92 distance: 2600.9 cellsize-0: 5.72438 cellsize-1: 5.72438
[ MESSAGE "Marlin"]        id: 29 thickness: 5.225 absorber thickness: 4.7 distance: 2612.34 cellsize-0: 5.72438 cellsize-1: 5.72438
[ MESSAGE "Marlin"] 
[ MESSAGE "Marlin"]    ----  Ecal plug   ---- 
[ MESSAGE "Marlin"] 
[ MESSAGE "Marlin"]   calorimeter type:  endcap  
[ MESSAGE "Marlin"]    symmetry order:  4
[ MESSAGE "Marlin"]    phi0:            0
[ MESSAGE "Marlin"] 
[ MESSAGE "Marlin"]    dimensions :  
[ MESSAGE "Marlin"]          rMin:      250
[ MESSAGE "Marlin"]          rMax:      390
[ MESSAGE "Marlin"]          zMin:      2411.8
[ MESSAGE "Marlin"]          zMax:      2820.92
[ MESSAGE "Marlin"] 
[ MESSAGE "Marlin"] 
[ MESSAGE "Marlin"]    layers    :    #total 60
[ MESSAGE "Marlin"]        id: 0 thickness: 6.125 absorber thickness: 5.6 distance: 2411.8 cellsize-0: 5 cellsize-1: 5
[ MESSAGE "Marlin"]        id: 1 thickness: 3.325 absorber thickness: 2.8 distance: 2417.93 cellsize-0: 5 cellsize-1: 5
[ MESSAGE "Marlin"]        id: 2 thickness: 9.145 absorber thickness: 8.62 distance: 2421.25 cellsize-0: 5 cellsize-1: 5
[ MESSAGE "Marlin"]        id: 3 thickness: 3.325 absorber thickness: 2.8 distance: 2430.39 cellsize-0: 5 cellsize-1: 5
[ MESSAGE "Marlin"]        id: 4 thickness: 9.145 absorber thickness: 8.62 distance: 2433.72 cellsize-0: 5 cellsize-1: 5
[ MESSAGE "Marlin"]        id: 5 thickness: 3.325 absorber thickness: 2.8 distance: 2442.86 cellsize-0: 5 cellsize-1: 5
[ MESSAGE "Marlin"]        id: 6 thickness: 9.145 absorber thickness: 8.62 distance: 2446.19 cellsize-0: 5 cellsize-1: 5
[ MESSAGE "Marlin"]        id: 7 thickness: 3.325 absorber thickness: 2.8 distance: 2455.33 cellsize-0: 5 cellsize-1: 5
[ MESSAGE "Marlin"]        id: 8 thickness: 9.145 absorber thickness: 8.62 distance: 2458.66 cellsize-0: 5 cellsize-1: 5
[ MESSAGE "Marlin"]        id: 9 thickness: 3.325 absorber thickness: 2.8 distance: 2467.8 cellsize-0: 5 cellsize-1: 5
[ MESSAGE "Marlin"]        id: 10 thickness: 9.145 absorber thickness: 8.62 distance: 2471.13 cellsize-0: 5 cellsize-1: 5
[ MESSAGE "Marlin"]        id: 11 thickness: 3.325 absorber thickness: 2.8 distance: 2480.27 cellsize-0: 5 cellsize-1: 5
[ MESSAGE "Marlin"]        id: 12 thickness: 9.145 absorber thickness: 8.62 distance: 2483.6 cellsize-0: 5 cellsize-1: 5
[ MESSAGE "Marlin"]        id: 13 thickness: 3.325 absorber thickness: 2.8 distance: 2492.74 cellsize-0: 5 cellsize-1: 5
[ MESSAGE "Marlin"]        id: 14 thickness: 9.145 absorber thickness: 8.62 distance: 2496.07 cellsize-0: 5 cellsize-1: 5
[ MESSAGE "Marlin"]        id: 15 thickness: 3.325 absorber thickness: 2.8 distance: 2505.21 cellsize-0: 5 cellsize-1: 5
[ MESSAGE "Marlin"]        id: 16 thickness: 9.145 absorber thickness: 8.62 distance: 2508.54 cellsize-0: 5 cellsize-1: 5
[ MESSAGE "Marlin"]        id: 17 thickness: 3.325 absorber thickness: 2.8 distance: 2517.68 cellsize-0: 5 cellsize-1: 5
[ MESSAGE "Marlin"]        id: 18 thickness: 9.145 absorber thickness: 8.62 distance: 2521.01 cellsize-0: 5 cellsize-1: 5
[ MESSAGE "Marlin"]        id: 19 thickness: 3.325 absorber thickness: 2.8 distance: 2530.15 cellsize-0: 5 cellsize-1: 5
[ MESSAGE "Marlin"]        id: 20 thickness: 9.145 absorber thickness: 8.62 distance: 2533.48 cellsize-0: 5 cellsize-1: 5
[ MESSAGE "Marlin"]        id: 21 thickness: 5.425 absorber thickness: 4.9 distance: 2542.62 cellsize-0: 5 cellsize-1: 5
[ MESSAGE "Marlin"]        id: 22 thickness: 11.245 absorber thickness: 10.72 distance: 2548.05 cellsize-0: 5 cellsize-1: 5
[ MESSAGE "Marlin"]        id: 23 thickness: 5.425 absorber thickness: 4.9 distance: 2559.29 cellsize-0: 5 cellsize-1: 5
[ MESSAGE "Marlin"]        id: 24 thickness: 11.245 absorber thickness: 10.72 distance: 2564.72 cellsize-0: 5 cellsize-1: 5
[ MESSAGE "Marlin"]        id: 25 thickness: 5.425 absorber thickness: 4.9 distance: 2575.96 cellsize-0: 5 cellsize-1: 5
[ MESSAGE "Marlin"]        id: 26 thickness: 11.245 absorber thickness: 10.72 distance: 2581.39 cellsize-0: 5 cellsize-1: 5
[ MESSAGE "Marlin"]        id: 27 thickness: 5.425 absorber thickness: 4.9 distance: 2592.63 cellsize-0: 5 cellsize-1: 5
[ MESSAGE "Marlin"]        id: 28 thickness: 11.245 absorber thickness: 10.72 distance: 2598.06 cellsize-0: 5 cellsize-1: 5
[ MESSAGE "Marlin"]        id: 29 thickness: 5.425 absorber thickness: 4.9 distance: 2609.3 cellsize-0: 5 cellsize-1: 5
[ MESSAGE "Marlin"]        id: 30 thickness: 9.385 absorber thickness: 8.86 distance: 2614.73 cellsize-0: 5 cellsize-1: 5
[ MESSAGE "Marlin"]        id: 31 thickness: 3.325 absorber thickness: 2.8 distance: 2624.11 cellsize-0: 5 cellsize-1: 5
[ MESSAGE "Marlin"]        id: 32 thickness: 9.145 absorber thickness: 8.62 distance: 2627.44 cellsize-0: 5 cellsize-1: 5
[ MESSAGE "Marlin"]        id: 33 thickness: 3.325 absorber thickness: 2.8 distance: 2636.58 cellsize-0: 5 cellsize-1: 5
[ MESSAGE "Marlin"]        id: 34 thickness: 9.145 absorber thickness: 8.62 distance: 2639.91 cellsize-0: 5 cellsize-1: 5
[ MESSAGE "Marlin"]        id: 35 thickness: 3.325 absorber thickness: 2.8 distance: 2649.05 cellsize-0: 5 cellsize-1: 5
[ MESSAGE "Marlin"]        id: 36 thickness: 9.145 absorber thickness: 8.62 distance: 2652.38 cellsize-0: 5 cellsize-1: 5
[ MESSAGE "Marlin"]        id: 37 thickness: 3.325 absorber thickness: 2.8 distance: 2661.52 cellsize-0: 5 cellsize-1: 5
[ MESSAGE "Marlin"]        id: 38 thickness: 9.145 absorber thickness: 8.62 distance: 2664.85 cellsize-0: 5 cellsize-1: 5
[ MESSAGE "Marlin"]        id: 39 thickness: 3.325 absorber thickness: 2.8 distance: 2673.99 cellsize-0: 5 cellsize-1: 5
[ MESSAGE "Marlin"]        id: 40 thickness: 9.145 absorber thickness: 8.62 distance: 2677.32 cellsize-0: 5 cellsize-1: 5
[ MESSAGE "Marlin"]        id: 41 thickness: 3.325 absorber thickness: 2.8 distance: 2686.46 cellsize-0: 5 cellsize-1: 5
[ MESSAGE "Marlin"]        id: 42 thickness: 9.145 absorber thickness: 8.62 distance: 2689.79 cellsize-0: 5 cellsize-1: 5
[ MESSAGE "Marlin"]        id: 43 thickness: 3.325 absorber thickness: 2.8 distance: 2698.93 cellsize-0: 5 cellsize-1: 5
[ MESSAGE "Marlin"]        id: 44 thickness: 9.145 absorber thickness: 8.62 distance: 2702.26 cellsize-0: 5 cellsize-1: 5
[ MESSAGE "Marlin"]        id: 45 thickness: 3.325 absorber thickness: 2.8 distance: 2711.4 cellsize-0: 5 cellsize-1: 5
[ MESSAGE "Marlin"]        id: 46 thickness: 9.145 absorber thickness: 8.62 distance: 2714.73 cellsize-0: 5 cellsize-1: 5
[ MESSAGE "Marlin"]        id: 47 thickness: 3.325 absorber thickness: 2.8 distance: 2723.87 cellsize-0: 5 cellsize-1: 5
[ MESSAGE "Marlin"]        id: 48 thickness: 9.145 absorber thickness: 8.62 distance: 2727.2 cellsize-0: 5 cellsize-1: 5
[ MESSAGE "Marlin"]        id: 49 thickness: 3.325 absorber thickness: 2.8 distance: 2736.34 cellsize-0: 5 cellsize-1: 5
[ MESSAGE "Marlin"]        id: 50 thickness: 9.145 absorber thickness: 8.62 distance: 2739.67 cellsize-0: 5 cellsize-1: 5
[ MESSAGE "Marlin"]        id: 51 thickness: 5.425 absorber thickness: 4.9 distance: 2748.81 cellsize-0: 5 cellsize-1: 5
[ MESSAGE "Marlin"]        id: 52 thickness: 11.245 absorber thickness: 10.72 distance: 2754.24 cellsize-0: 5 cellsize-1: 5
[ MESSAGE "Marlin"]        id: 53 thickness: 5.425 absorber thickness: 4.9 distance: 2765.48 cellsize-0: 5 cellsize-1: 5
[ MESSAGE "Marlin"]        id: 54 thickness: 11.245 absorber thickness: 10.72 distance: 2770.91 cellsize-0: 5 cellsize-1: 5
[ MESSAGE "Marlin"]        id: 55 thickness: 5.425 absorber thickness: 4.9 distance: 2782.15 cellsize-0: 5 cellsize-1: 5
[ MESSAGE "Marlin"]        id: 56 thickness: 11.245 absorber thickness: 10.72 distance: 2787.58 cellsize-0: 5 cellsize-1: 5
[ MESSAGE "Marlin"]        id: 57 thickness: 5.425 absorber thickness: 4.9 distance: 2798.82 cellsize-0: 5 cellsize-1: 5
[ MESSAGE "Marlin"]        id: 58 thickness: 11.245 absorber thickness: 10.72 distance: 2804.25 cellsize-0: 5 cellsize-1: 5
[ MESSAGE "Marlin"]        id: 59 thickness: 5.425 absorber thickness: 4.9 distance: 2815.49 cellsize-0: 5 cellsize-1: 5
[ MESSAGE "Marlin"] 
[ MESSAGE "Marlin"]    ----  Yoke barrel    ---- 
[ MESSAGE "Marlin"] 
[ MESSAGE "Marlin"]   calorimeter type:  barrel  
[ MESSAGE "Marlin"]    symmetry order:  12
[ MESSAGE "Marlin"]    phi0:            0
[ MESSAGE "Marlin"] 
[ MESSAGE "Marlin"]    dimensions :  
[ MESSAGE "Marlin"]          rMin:      4475.04
[ MESSAGE "Marlin"]          rMax:      8160.54
[ MESSAGE "Marlin"]          zMin:      0
[ MESSAGE "Marlin"]          zMax:      4047
[ MESSAGE "Marlin"] 
[ MESSAGE "Marlin"] 
[ MESSAGE "Marlin"]    layers    :    #total 14
[ MESSAGE "Marlin"]        id: 0 thickness: 25.5 absorber thickness: 15.5 distance: 4475.04 cellsize-0: 30 cellsize-1: 30
[ MESSAGE "Marlin"]        id: 1 thickness: 140 absorber thickness: 130 distance: 4500.54 cellsize-0: 30 cellsize-1: 30
[ MESSAGE "Marlin"]        id: 10 thickness: 600 absorber thickness: 590 distance: 5760.54 cellsize-0: 30 cellsize-1: 30
[ MESSAGE "Marlin"]        id: 13 thickness: 600 absorber thickness: 590 distance: 7560.54 cellsize-0: 30 cellsize-1: 30
[ MESSAGE "Marlin"] 
[ MESSAGE "Marlin"]    ----  Yoke endcap   ---- 
[ MESSAGE "Marlin"] 
[ MESSAGE "Marlin"]   calorimeter type:  endcap  
[ MESSAGE "Marlin"]    symmetry order:  12
[ MESSAGE "Marlin"]    phi0:            0
[ MESSAGE "Marlin"] 
[ MESSAGE "Marlin"]    dimensions :  
[ MESSAGE "Marlin"]          rMin:      300
[ MESSAGE "Marlin"]          rMax:      7716.04
[ MESSAGE "Marlin"]          zMin:      4072
[ MESSAGE "Marlin"]          zMax:      6657.5
[ MESSAGE "Marlin"] 
[ MESSAGE "Marlin"] 
[ MESSAGE "Marlin"]    layers    :    #total 12
[ MESSAGE "Marlin"]        id: 0 thickness: 125.5 absorber thickness: 115.5 distance: 4072 cellsize-0: 30 cellsize-1: 30
[ MESSAGE "Marlin"]        id: 1 thickness: 140 absorber thickness: 130 distance: 4197.5 cellsize-0: 30 cellsize-1: 30
[ MESSAGE "Marlin"]        id: 10 thickness: 600 absorber thickness: 590 distance: 5457.5 cellsize-0: 30 cellsize-1: 30
[ MESSAGE "Marlin"]        id: 11 thickness: 600 absorber thickness: 590 distance: 6057.5 cellsize-0: 30 cellsize-1: 30
[ MESSAGE "Marlin"] 
[ MESSAGE "Marlin"]    ----  Yoke plug   ---- 
[ MESSAGE "Marlin"]    ----  Hcal barrel    ---- 
[ MESSAGE "Marlin"] 
[ MESSAGE "Marlin"]     [int]       Hcal_outer_polygon_order 	 0
[ MESSAGE "Marlin"] 
[ MESSAGE "Marlin"]     [double]    Hcal_outer_polygon_phi0 	 0
[ MESSAGE "Marlin"] 
[ MESSAGE "Marlin"]   calorimeter type:  barrel  
[ MESSAGE "Marlin"]    symmetry order:  8
[ MESSAGE "Marlin"]    phi0:            0
[ MESSAGE "Marlin"] 
[ MESSAGE "Marlin"]    dimensions :  
[ MESSAGE "Marlin"]          rMin:      2058
[ MESSAGE "Marlin"]          rMax:      3327
[ MESSAGE "Marlin"]          zMin:      0
[ MESSAGE "Marlin"]          zMax:      2350
[ MESSAGE "Marlin"] 
[ MESSAGE "Marlin"] 
[ MESSAGE "Marlin"]    layers    :    #total 48
[ MESSAGE "Marlin"]        id: 0 thickness: 23.5 absorber thickness: 20.5 distance: 2058 cellsize-0: 30 cellsize-1: 30.3248
[ MESSAGE "Marlin"]        id: 1 thickness: 26.5 absorber thickness: 23.5 distance: 2081.5 cellsize-0: 30 cellsize-1: 30.3248
[ MESSAGE "Marlin"]        id: 47 thickness: 26.5 absorber thickness: 23.5 distance: 3300.5 cellsize-0: 30 cellsize-1: 30.3248
[ MESSAGE "Marlin"] 
[ MESSAGE "Marlin"]    ----  Hcal endcap    ---- 
[ MESSAGE "Marlin"] 
[ MESSAGE "Marlin"]   calorimeter type:  endcap  
[ MESSAGE "Marlin"]    symmetry order:  0
[ MESSAGE "Marlin"]    phi0:            0
[ MESSAGE "Marlin"] 
[ MESSAGE "Marlin"]    dimensions :  
[ MESSAGE "Marlin"]          rMin:      350
[ MESSAGE "Marlin"]          rMax:      3225.54
[ MESSAGE "Marlin"]          zMin:      2650
[ MESSAGE "Marlin"]          zMax:      3921.5
[ MESSAGE "Marlin"] 
[ MESSAGE "Marlin"] 
[ MESSAGE "Marlin"]    layers    :    #total 48
[ MESSAGE "Marlin"]        id: 0 thickness: 26 absorber thickness: 23 distance: 2650 cellsize-0: 30 cellsize-1: 30
[ MESSAGE "Marlin"]        id: 1 thickness: 26.5 absorber thickness: 23.5 distance: 2676 cellsize-0: 30 cellsize-1: 30
[ MESSAGE "Marlin"]        id: 47 thickness: 26.5 absorber thickness: 23.5 distance: 3895 cellsize-0: 30 cellsize-1: 30
[ MESSAGE "Marlin"] 
[ MESSAGE "Marlin"]    ----  Hcal ring    ---- 
[ MESSAGE "Marlin"] 
[ MESSAGE "Marlin"]   calorimeter type:  endcap  
[ MESSAGE "Marlin"]    symmetry order:  8
[ MESSAGE "Marlin"]    phi0:            0
[ MESSAGE "Marlin"] 
[ MESSAGE "Marlin"]    dimensions :  
[ MESSAGE "Marlin"]          rMin:      2145.84
[ MESSAGE "Marlin"]          rMax:      2980.01
[ MESSAGE "Marlin"]          zMin:      2411.8
[ MESSAGE "Marlin"]          zMax:      2596.8
[ MESSAGE "Marlin"] 
[ MESSAGE "Marlin"] 
[ MESSAGE "Marlin"]    layers    :    #total 7
[ MESSAGE "Marlin"]        id: 0 thickness: 26 absorber thickness: 23 distance: 2411.8 cellsize-0: 30 cellsize-1: 30
[ MESSAGE "Marlin"]        id: 1 thickness: 26.5 absorber thickness: 23.5 distance: 2437.8 cellsize-0: 30 cellsize-1: 30
[ MESSAGE "Marlin"]        id: 6 thickness: 26.5 absorber thickness: 23.5 distance: 2570.3 cellsize-0: 30 cellsize-1: 30
[ MESSAGE "Marlin"] 
[ MESSAGE "Marlin"]    ----  Lcal   ---- 
[ MESSAGE "Marlin"] 
[ MESSAGE "Marlin"]     [double]    beam_crossing_angle 	 0.014
[ MESSAGE "Marlin"] 
[ MESSAGE "Marlin"]   calorimeter type:  endcap  
[ MESSAGE "Marlin"]    symmetry order:  0
[ MESSAGE "Marlin"]    phi0:            0
[ MESSAGE "Marlin"] 
[ MESSAGE "Marlin"]    dimensions :  
[ MESSAGE "Marlin"]          rMin:      84.0221
[ MESSAGE "Marlin"]          rMax:      194
[ MESSAGE "Marlin"]          zMin:      2411.8
[ MESSAGE "Marlin"]          zMax:      2540.13
[ MESSAGE "Marlin"] 
[ MESSAGE "Marlin"] 
[ MESSAGE "Marlin"]    layers    :    #total 30
[ MESSAGE "Marlin"]        id: 0 thickness: 3.92 absorber thickness: 3.6 distance: 2411.8 cellsize-0: 1.71841 cellsize-1: 1.309
[ MESSAGE "Marlin"]        id: 1 thickness: 4.29 absorber thickness: 3.97 distance: 2415.72 cellsize-0: 1.71841 cellsize-1: 1.309
[ MESSAGE "Marlin"]        id: 29 thickness: 4.29 absorber thickness: 3.97 distance: 2535.84 cellsize-0: 1.71841 cellsize-1: 1.309
[ MESSAGE "Marlin"] 
[ MESSAGE "Marlin"]    ----  LHcal   ---- 
[ MESSAGE "Marlin"]    ----  BeamCal   ---- 
[ MESSAGE "Marlin"] 
[ MESSAGE "Marlin"]     [double]    FIXME_dead_area_outer_r 	 -1
[ MESSAGE "Marlin"] 
[ MESSAGE "Marlin"]     [double]    FIXME_pairsMonitorZ 	 -1
[ MESSAGE "Marlin"] 
[ MESSAGE "Marlin"]     [double]    beam_crossing_angle 	 0.014
[ MESSAGE "Marlin"] 
[ MESSAGE "Marlin"]     [double]    cylinder_spanning_phi 	 6.28319
[ MESSAGE "Marlin"] 
[ MESSAGE "Marlin"]     [double]    cylinder_starting_phi 	 -3.14159
[ MESSAGE "Marlin"] 
[ MESSAGE "Marlin"]     [double]    dead_area_outer_r 	 0
[ MESSAGE "Marlin"] 
[ MESSAGE "Marlin"]     [double]    pairsMonitorZ 	 0
[ MESSAGE "Marlin"] 
[ MESSAGE "Marlin"]     [DoubleVec] phi_segmentation 	 0.0981748 , 0.0981748 , 0.0981748 , 0.0981748 , 0.0981748 , 0.0981748 , 0.0981748 , 0.0981748 , 0.0981748 , 0.0981748 , 0.0981748 , 0.0981748 , 0.0981748 , 0.0981748 , 0.0981748 , 0.0981748 , 0.0981748 , 0.0981748 , 0.0981748 , 0.0981748 , 0.0981748 , 
[ MESSAGE "Marlin"] 
[ MESSAGE "Marlin"]   calorimeter type:  endcap  
[ MESSAGE "Marlin"]    symmetry order:  0
[ MESSAGE "Marlin"]    phi0:            0
[ MESSAGE "Marlin"] 
[ MESSAGE "Marlin"]    dimensions :  
[ MESSAGE "Marlin"]          rMin:      17.8
[ MESSAGE "Marlin"]          rMax:      140
[ MESSAGE "Marlin"]          zMin:      3115
[ MESSAGE "Marlin"]          zMax:      3314.82
[ MESSAGE "Marlin"] 
[ MESSAGE "Marlin"] 
[ MESSAGE "Marlin"]    layers    :    #total 30
[ MESSAGE "Marlin"]        id: 0 thickness: 83.8004 absorber thickness: 83.5 distance: 3115 cellsize-0: 3.5 cellsize-1: 3.5
[ MESSAGE "Marlin"]        id: 1 thickness: 4.0008 absorber thickness: 3.7004 distance: 3198.8 cellsize-0: 3.5 cellsize-1: 3.5
[ MESSAGE "Marlin"]        id: 29 thickness: 4.0008 absorber thickness: 3.7004 distance: 3310.82 cellsize-0: 3.5 cellsize-1: 3.5
[ MESSAGE "Marlin"] 
[ MESSAGE "Marlin"]    ----  TrackerPlanes ---- 
[ MESSAGE "Marlin"]    ----  SiPlanes ---- 
[ MESSAGE "Marlin"] 
[ MESSAGE "Marlin"]    parameter sections (detectors) :  
[ MESSAGE "Marlin"] 
[ MESSAGE "Marlin"]    ------  name : BeamPipe ------- 
[ MESSAGE "Marlin"] 
[ MESSAGE "Marlin"]     [DoubleVec] RInner 	 13.5 , 13.5 , 24 , 24 , 54.7082 , 84.4027 , 114.097 , 
[ MESSAGE "Marlin"] 
[ MESSAGE "Marlin"]     [DoubleVec] ROuter 	 14 , 14.2584 , 24.75 , 26.7148 , 57.423 , 87.1175 , 116.812 , 
[ MESSAGE "Marlin"] 
[ MESSAGE "Marlin"]     [DoubleVec] Z 	 0 , 80 , 150 , 230 , 644.906 , 1046.12 , 1447.33 , 
[ MESSAGE "Marlin"] 
[ MESSAGE "Marlin"] 
[ MESSAGE "Marlin"]    ------  name : CoilParameters ------- 
[ MESSAGE "Marlin"] 
[ MESSAGE "Marlin"]     [double]    Coil_cryostat_half_z 	 3872
[ MESSAGE "Marlin"] 
[ MESSAGE "Marlin"]     [double]    Coil_cryostat_inner_radius 	 3425.04
[ MESSAGE "Marlin"] 
[ MESSAGE "Marlin"]     [double]    Coil_cryostat_outer_radius 	 4175.04
[ MESSAGE "Marlin"] 
[ MESSAGE "Marlin"]  ------------------------------------------------------------------ 
[ MESSAGE "Marlin"]    materials :  
[ MESSAGE "Marlin"]     VXDSupportMaterial, A= +1.93890990e+01, Z= +9.64676561e+00, density [kg/m3]= +2.76590000e+02, radiation length [mm]= +1.00997031e+03, interaction length [mm]= +2.22384574e+03
[ MESSAGE "Marlin"] 
[ MESSAGE "Marlin"]  ------------------------------------------------------------------ 
[ MESSAGE "Marlin"] 
[ WARNING "Marlin"]  ******************************************************************************* 
[ WARNING "Marlin"]  *    AllowToModifyEvent is set to 'true'                                      * 
[ WARNING "Marlin"]  *    => all processors can modify the input event in processEvent() !!        * 
[ WARNING "Marlin"]  *        consider setting this flag to 'false'                                * 
[ WARNING "Marlin"]  *        unless you really need it...                                         * 
[ WARNING "Marlin"]  *    - if you need a processor that modifies the input event                  * 
[ WARNING "Marlin"]  *      please implement the EventModifier interface and use the modifyEvent() * 
[ WARNING "Marlin"]  *      method for this                                                        * 
[ WARNING "Marlin"]  ******************************************************************************* 
[ WARNING "Marlin"] 
[ MESSAGE "InitDD4hep"]  -------------------------------------
[ MESSAGE "InitDD4hep"]  ---- Initializing DD4hep from file  /cvmfs/ilc.desy.de/sw/x86_64_gcc82_centos7/v02-02-03/lcgeo/v00-16-07/ILD/compact/ILD_l5_o1_v02/ILD_l5_o1_v02.xml ... 
DocumentHandler  INFO  +++ Loading document URI: /cvmfs/ilc.desy.de/sw/x86_64_gcc82_centos7/v02-02-03/lcgeo/v00-16-07/ILD/compact/ILD_l5_o1_v02/ILD_l5_o1_v02.xml [Resolved:'/cvmfs/ilc.desy.de/sw/x86_64_gcc82_centos7/v02-02-03/lcgeo/v00-16-07/ILD/compact/ILD_l5_o1_v02/ILD_l5_o1_v02.xml']
DocumentHandler  INFO  +++ Document /cvmfs/ilc.desy.de/sw/x86_64_gcc82_centos7/v02-02-03/lcgeo/v00-16-07/ILD/compact/ILD_l5_o1_v02/ILD_l5_o1_v02.xml succesfully parsed with TinyXML .....
DocumentHandler  INFO  +++ Loading document URI: /cvmfs/ilc.desy.de/sw/x86_64_gcc82_centos7/v02-02-03/lcgeo/v00-16-07/ILD/compact/ILD_l5_o1_v02/../ILD_common_v02/top_defs_ILD_l5_v02.xml [Resolved:'/cvmfs/ilc.desy.de/sw/x86_64_gcc82_centos7/v02-02-03/lcgeo/v00-16-07/ILD/compact/ILD_l5_o1_v02/../ILD_common_v02/top_defs_ILD_l5_v02.xml']
DocumentHandler  INFO  +++ Document /cvmfs/ilc.desy.de/sw/x86_64_gcc82_centos7/v02-02-03/lcgeo/v00-16-07/ILD/compact/ILD_l5_o1_v02/../ILD_common_v02/top_defs_ILD_l5_v02.xml succesfully parsed with TinyXML .....
DocumentHandler  INFO  +++ Loading document URI: /cvmfs/ilc.desy.de/sw/x86_64_gcc82_centos7/v02-02-03/lcgeo/v00-16-07/ILD/compact/ILD_l5_o1_v02/../ILD_common_v02/top_defs_common_v02.xml [Resolved:'/cvmfs/ilc.desy.de/sw/x86_64_gcc82_centos7/v02-02-03/lcgeo/v00-16-07/ILD/compact/ILD_l5_o1_v02/../ILD_common_v02/top_defs_common_v02.xml']
DocumentHandler  INFO  +++ Document /cvmfs/ilc.desy.de/sw/x86_64_gcc82_centos7/v02-02-03/lcgeo/v00-16-07/ILD/compact/ILD_l5_o1_v02/../ILD_common_v02/top_defs_common_v02.xml succesfully parsed with TinyXML .....
DocumentHandler  INFO  +++ Loading document URI: /cvmfs/ilc.desy.de/sw/x86_64_gcc82_centos7/v02-02-03/lcgeo/v00-16-07/ILD/compact/ILD_l5_o1_v02/../ILD_common_v02/basic_defs.xml [Resolved:'/cvmfs/ilc.desy.de/sw/x86_64_gcc82_centos7/v02-02-03/lcgeo/v00-16-07/ILD/compact/ILD_l5_o1_v02/../ILD_common_v02/basic_defs.xml']
DocumentHandler  INFO  +++ Document /cvmfs/ilc.desy.de/sw/x86_64_gcc82_centos7/v02-02-03/lcgeo/v00-16-07/ILD/compact/ILD_l5_o1_v02/../ILD_common_v02/basic_defs.xml succesfully parsed with TinyXML .....
DocumentHandler  INFO  +++ Loading document URI: /cvmfs/ilc.desy.de/sw/x86_64_gcc82_centos7/v02-02-03/lcgeo/v00-16-07/ILD/compact/ILD_l5_o1_v02/../ILD_common_v02/envelope_defs.xml [Resolved:'/cvmfs/ilc.desy.de/sw/x86_64_gcc82_centos7/v02-02-03/lcgeo/v00-16-07/ILD/compact/ILD_l5_o1_v02/../ILD_common_v02/envelope_defs.xml']
DocumentHandler  INFO  +++ Document /cvmfs/ilc.desy.de/sw/x86_64_gcc82_centos7/v02-02-03/lcgeo/v00-16-07/ILD/compact/ILD_l5_o1_v02/../ILD_common_v02/envelope_defs.xml succesfully parsed with TinyXML .....
DocumentHandler  INFO  +++ Loading document URI: /cvmfs/ilc.desy.de/sw/x86_64_gcc82_centos7/v02-02-03/lcgeo/v00-16-07/ILD/compact/ILD_l5_o1_v02/../ILD_common_v02/tube_defs.xml [Resolved:'/cvmfs/ilc.desy.de/sw/x86_64_gcc82_centos7/v02-02-03/lcgeo/v00-16-07/ILD/compact/ILD_l5_o1_v02/../ILD_common_v02/tube_defs.xml']
DocumentHandler  INFO  +++ Document /cvmfs/ilc.desy.de/sw/x86_64_gcc82_centos7/v02-02-03/lcgeo/v00-16-07/ILD/compact/ILD_l5_o1_v02/../ILD_common_v02/tube_defs.xml succesfully parsed with TinyXML .....
DocumentHandler  INFO  +++ Loading document URI: /cvmfs/ilc.desy.de/sw/x86_64_gcc82_centos7/v02-02-03/lcgeo/v00-16-07/ILD/compact/ILD_l5_o1_v02/../ILD_common_v02/misc_defs.xml [Resolved:'/cvmfs/ilc.desy.de/sw/x86_64_gcc82_centos7/v02-02-03/lcgeo/v00-16-07/ILD/compact/ILD_l5_o1_v02/../ILD_common_v02/misc_defs.xml']
DocumentHandler  INFO  +++ Document /cvmfs/ilc.desy.de/sw/x86_64_gcc82_centos7/v02-02-03/lcgeo/v00-16-07/ILD/compact/ILD_l5_o1_v02/../ILD_common_v02/misc_defs.xml succesfully parsed with TinyXML .....
DocumentHandler  INFO  +++ Loading document URI: /cvmfs/ilc.desy.de/sw/x86_64_gcc82_centos7/v02-02-03/lcgeo/v00-16-07/ILD/compact/ILD_l5_o1_v02/../ILD_common_v02/tracker_defs.xml [Resolved:'/cvmfs/ilc.desy.de/sw/x86_64_gcc82_centos7/v02-02-03/lcgeo/v00-16-07/ILD/compact/ILD_l5_o1_v02/../ILD_common_v02/tracker_defs.xml']
DocumentHandler  INFO  +++ Document /cvmfs/ilc.desy.de/sw/x86_64_gcc82_centos7/v02-02-03/lcgeo/v00-16-07/ILD/compact/ILD_l5_o1_v02/../ILD_common_v02/tracker_defs.xml succesfully parsed with TinyXML .....
DocumentHandler  INFO  +++ Loading document URI: /cvmfs/ilc.desy.de/sw/x86_64_gcc82_centos7/v02-02-03/lcgeo/v00-16-07/ILD/compact/ILD_l5_o1_v02/../ILD_common_v02/fcal_defs.xml [Resolved:'/cvmfs/ilc.desy.de/sw/x86_64_gcc82_centos7/v02-02-03/lcgeo/v00-16-07/ILD/compact/ILD_l5_o1_v02/../ILD_common_v02/fcal_defs.xml']
DocumentHandler  INFO  +++ Document /cvmfs/ilc.desy.de/sw/x86_64_gcc82_centos7/v02-02-03/lcgeo/v00-16-07/ILD/compact/ILD_l5_o1_v02/../ILD_common_v02/fcal_defs.xml succesfully parsed with TinyXML .....
DocumentHandler  INFO  +++ Loading document URI: /cvmfs/ilc.desy.de/sw/x86_64_gcc82_centos7/v02-02-03/lcgeo/v00-16-07/ILD/compact/ILD_l5_o1_v02/../ILD_common_v02/ecal_hybrid_defs.xml [Resolved:'/cvmfs/ilc.desy.de/sw/x86_64_gcc82_centos7/v02-02-03/lcgeo/v00-16-07/ILD/compact/ILD_l5_o1_v02/../ILD_common_v02/ecal_hybrid_defs.xml']
DocumentHandler  INFO  +++ Document /cvmfs/ilc.desy.de/sw/x86_64_gcc82_centos7/v02-02-03/lcgeo/v00-16-07/ILD/compact/ILD_l5_o1_v02/../ILD_common_v02/ecal_hybrid_defs.xml succesfully parsed with TinyXML .....
DocumentHandler  INFO  +++ Loading document URI: /cvmfs/ilc.desy.de/sw/x86_64_gcc82_centos7/v02-02-03/lcgeo/v00-16-07/ILD/compact/ILD_l5_o1_v02/../ILD_common_v02/hcal_defs.xml [Resolved:'/cvmfs/ilc.desy.de/sw/x86_64_gcc82_centos7/v02-02-03/lcgeo/v00-16-07/ILD/compact/ILD_l5_o1_v02/../ILD_common_v02/hcal_defs.xml']
DocumentHandler  INFO  +++ Document /cvmfs/ilc.desy.de/sw/x86_64_gcc82_centos7/v02-02-03/lcgeo/v00-16-07/ILD/compact/ILD_l5_o1_v02/../ILD_common_v02/hcal_defs.xml succesfully parsed with TinyXML .....
Detector         WARN  +++ Object 'Hcal_endcap_zmin' is already defined and new one will be ignored
DocumentHandler  INFO  +++ Loading document URI: /cvmfs/ilc.desy.de/sw/x86_64_gcc82_centos7/v02-02-03/lcgeo/v00-16-07/ILD/compact/ILD_l5_o1_v02/../ILD_common_v02/yoke_defs.xml [Resolved:'/cvmfs/ilc.desy.de/sw/x86_64_gcc82_centos7/v02-02-03/lcgeo/v00-16-07/ILD/compact/ILD_l5_o1_v02/../ILD_common_v02/yoke_defs.xml']
DocumentHandler  INFO  +++ Document /cvmfs/ilc.desy.de/sw/x86_64_gcc82_centos7/v02-02-03/lcgeo/v00-16-07/ILD/compact/ILD_l5_o1_v02/../ILD_common_v02/yoke_defs.xml succesfully parsed with TinyXML .....
DocumentHandler  INFO  +++ Loading document URI: /cvmfs/ilc.desy.de/sw/x86_64_gcc82_centos7/v02-02-03/lcgeo/v00-16-07/ILD/compact/ILD_l5_o1_v02/../ILD_common_v02/services_defs.xml [Resolved:'/cvmfs/ilc.desy.de/sw/x86_64_gcc82_centos7/v02-02-03/lcgeo/v00-16-07/ILD/compact/ILD_l5_o1_v02/../ILD_common_v02/services_defs.xml']
DocumentHandler  INFO  +++ Document /cvmfs/ilc.desy.de/sw/x86_64_gcc82_centos7/v02-02-03/lcgeo/v00-16-07/ILD/compact/ILD_l5_o1_v02/../ILD_common_v02/services_defs.xml succesfully parsed with TinyXML .....
DocumentHandler  INFO  +++ Loading document URI: /cvmfs/ilc.desy.de/sw/x86_64_gcc82_centos7/v02-02-03/DD4hep/v01-11-02/DDDetectors/compact/detector_types.xml [Resolved:'/cvmfs/ilc.desy.de/sw/x86_64_gcc82_centos7/v02-02-03/DD4hep/v01-11-02/DDDetectors/compact/detector_types.xml']
DocumentHandler  INFO  +++ Document /cvmfs/ilc.desy.de/sw/x86_64_gcc82_centos7/v02-02-03/DD4hep/v01-11-02/DDDetectors/compact/detector_types.xml succesfully parsed with TinyXML .....
DocumentHandler  INFO  +++ Loading document URI: /cvmfs/ilc.desy.de/sw/x86_64_gcc82_centos7/v02-02-03/lcgeo/v00-16-07/ILD/compact/ILD_l5_o1_v02/../ILD_common_v02/limits.xml [Resolved:'/cvmfs/ilc.desy.de/sw/x86_64_gcc82_centos7/v02-02-03/lcgeo/v00-16-07/ILD/compact/ILD_l5_o1_v02/../ILD_common_v02/limits.xml']
DocumentHandler  INFO  +++ Document /cvmfs/ilc.desy.de/sw/x86_64_gcc82_centos7/v02-02-03/lcgeo/v00-16-07/ILD/compact/ILD_l5_o1_v02/../ILD_common_v02/limits.xml succesfully parsed with TinyXML .....
DocumentHandler  INFO  +++ Loading document URI: /cvmfs/ilc.desy.de/sw/x86_64_gcc82_centos7/v02-02-03/lcgeo/v00-16-07/ILD/compact/ILD_l5_o1_v02/../ILD_common_v02/elements.xml [Resolved:'/cvmfs/ilc.desy.de/sw/x86_64_gcc82_centos7/v02-02-03/lcgeo/v00-16-07/ILD/compact/ILD_l5_o1_v02/../ILD_common_v02/elements.xml']
DocumentHandler  INFO  +++ Document /cvmfs/ilc.desy.de/sw/x86_64_gcc82_centos7/v02-02-03/lcgeo/v00-16-07/ILD/compact/ILD_l5_o1_v02/../ILD_common_v02/elements.xml succesfully parsed with TinyXML .....
DocumentHandler  INFO  +++ Loading document URI: /cvmfs/ilc.desy.de/sw/x86_64_gcc82_centos7/v02-02-03/lcgeo/v00-16-07/ILD/compact/ILD_l5_o1_v02/../ILD_common_v02/materials.xml [Resolved:'/cvmfs/ilc.desy.de/sw/x86_64_gcc82_centos7/v02-02-03/lcgeo/v00-16-07/ILD/compact/ILD_l5_o1_v02/../ILD_common_v02/materials.xml']
DocumentHandler  INFO  +++ Document /cvmfs/ilc.desy.de/sw/x86_64_gcc82_centos7/v02-02-03/lcgeo/v00-16-07/ILD/compact/ILD_l5_o1_v02/../ILD_common_v02/materials.xml succesfully parsed with TinyXML .....
Detector         INFO  *********** Created World volume with size: 1500 1500 1500
DocumentHandler  INFO  +++ Loading document URI: /cvmfs/ilc.desy.de/sw/x86_64_gcc82_centos7/v02-02-03/lcgeo/v00-16-07/ILD/compact/ILD_l5_o1_v02/../ILD_common_v02/display.xml [Resolved:'/cvmfs/ilc.desy.de/sw/x86_64_gcc82_centos7/v02-02-03/lcgeo/v00-16-07/ILD/compact/ILD_l5_o1_v02/../ILD_common_v02/display.xml']
DocumentHandler  INFO  +++ Document /cvmfs/ilc.desy.de/sw/x86_64_gcc82_centos7/v02-02-03/lcgeo/v00-16-07/ILD/compact/ILD_l5_o1_v02/../ILD_common_v02/display.xml succesfully parsed with TinyXML .....
DocumentHandler  INFO  +++ Loading document URI: /cvmfs/ilc.desy.de/sw/x86_64_gcc82_centos7/v02-02-03/lcgeo/v00-16-07/ILD/compact/ILD_l5_o1_v02/../ILD_common_v02/Beampipe_o1_v01_01.xml [Resolved:'/cvmfs/ilc.desy.de/sw/x86_64_gcc82_centos7/v02-02-03/lcgeo/v00-16-07/ILD/compact/ILD_l5_o1_v02/../ILD_common_v02/Beampipe_o1_v01_01.xml']
DocumentHandler  INFO  +++ Document /cvmfs/ilc.desy.de/sw/x86_64_gcc82_centos7/v02-02-03/lcgeo/v00-16-07/ILD/compact/ILD_l5_o1_v02/../ILD_common_v02/Beampipe_o1_v01_01.xml succesfully parsed with TinyXML .....
DD4hep_Beampipe  INFO         0      80    13.5    13.5      14      14     0.5       0                   tube_IPInnerTube          G4_Be
DD4hep_Beampipe  INFO        80     150    13.5      24 14.2584 24.75840.758391       0                  tube_IPInnerBulge          G4_Be
DD4hep_Beampipe  INFO       150     230      24      24   24.75   24.75    0.75       0                   tube_IPOuterTube          G4_Be
DD4hep_Beampipe  INFO       230 644.906      24 54.7082 26.7148  57.423 2.71479       0                   tube_IPOuterTubeBeampipeBeCableMix
DD4hep_Beampipe  INFO   644.906 1046.12 54.7082 84.4027  57.423 87.1175 2.71479       0                   tube_IPOuterTubeBeampipeBeCableMix
DD4hep_Beampipe  INFO   1046.12 1447.33 84.4027 114.097 87.1175 116.812 2.71479       0                   tube_IPOuterTubeBeampipeBeCableMix
DD4hep_Beampipe  INFO   1447.33  2391.8 114.097     184 116.812 186.715 2.71479       0                   tube_IPOuterTubeBeampipeBeCableMix
DD4hep_Beampipe  INFO    2391.8  2393.8       0      78   186.7   186.7   186.7       3                  tube_LumiCalFront          G4_Be
DD4hep_Beampipe  INFO    2393.8    3110      78      78      79      79       1       7                  tube_LumiCalInnerstainless_steel
DD4hep_Beampipe  INFO      3110    3111      14      16      79      79      65       5                  tube_BeamCalFrontstainless_steel
DD4hep_Beampipe  INFO      3111 3315.02      14      14      15      15       1      12           tube_BeamCalLinkUpstreamstainless_steel
DD4hep_Beampipe  INFO   3315.02 3335.02      14     9.5      15    11.5       1       1      tube_BeamCalLinkUpstreamTransstainless_steel
DD4hep_Beampipe  INFO   3335.02    4080     9.5     9.5    11.5    11.5       2       1          tube_BeamCalToQD0Upstreamstainless_steel
DD4hep_Beampipe  INFO      4080    4100     9.5       8    11.5      10       2       1     tube_BeamCalToQD0UpstreamTransstainless_steel
DD4hep_Beampipe  INFO      4100    6300       8       8      28      28      20       1               tube_QD0CryoUpstreamstainless_steel
DD4hep_Beampipe  INFO      6300   10000       8       8      10      10       2       1             tube_BeyondQD0Upstreamstainless_steel
DD4hep_Beampipe  INFO      3111 3315.02      16      16      17      17       1       2           tube_BeamCalLinkDnstreamstainless_steel
DD4hep_Beampipe  INFO   3315.02 3335.02      16      12      17      14       1       2      tube_BeamCalLinkDnstreamTransstainless_steel
DD4hep_Beampipe  INFO   3335.02    5500      12      12      14      14       2       2       tube_BeamCalToQDEX1ADnstreamstainless_steel
DD4hep_Beampipe  INFO      5500    7050      12      12      32      32      20       2                        tube_QDEX1Astainless_steel
DD4hep_Beampipe  INFO      7050   10000      12      12      14      14       2       2             tube_BeyondQD0Dnstreamstainless_steel
Compact          INFO  ++ Converted subdetector:Tube of type DD4hep_Beampipe_o1_v01 
Compact          INFO  ++ Converted subdetector:QD0_cryostat of type TubeSupport_o1_v01 
Compact          INFO  ++ Converted subdetector:QD0_support of type BoxSupport_o1_v01 
DocumentHandler  INFO  +++ Loading document URI: /cvmfs/ilc.desy.de/sw/x86_64_gcc82_centos7/v02-02-03/lcgeo/v00-16-07/ILD/compact/ILD_l5_o1_v02/../ILD_common_v02/vxd07.xml [Resolved:'/cvmfs/ilc.desy.de/sw/x86_64_gcc82_centos7/v02-02-03/lcgeo/v00-16-07/ILD/compact/ILD_l5_o1_v02/../ILD_common_v02/vxd07.xml']
DocumentHandler  INFO  +++ Document /cvmfs/ilc.desy.de/sw/x86_64_gcc82_centos7/v02-02-03/lcgeo/v00-16-07/ILD/compact/ILD_l5_o1_v02/../ILD_common_v02/vxd07.xml succesfully parsed with TinyXML .....
[ VERBOSE "InitDD4hep"]  ############## layer : 0 number of ladders : 10
[ VERBOSE "InitDD4hep"]   ***** place cabling for KaptonLines_00
[ VERBOSE "InitDD4hep"]  layer 0 length of the cone 8.36061 opening angle 0.166196
[ VERBOSE "InitDD4hep"]  kapton:layer 0 v phi 0 o phi 0
[ VERBOSE "InitDD4hep"]  metal:layer 0 v phi 0 o phi 0
[ VERBOSE "InitDD4hep"]  ############## layer : 1 number of ladders : 10
[ VERBOSE "InitDD4hep"] ############## thetaTube = 0.159898
[ VERBOSE "InitDD4hep"]   ***** place ladder 0 for SiActiveLayer_01
[ VERBOSE "InitDD4hep"]   ***** place ladder 1 for SiActiveLayer_01
[ VERBOSE "InitDD4hep"]   ***** place ladder 2 for SiActiveLayer_01
[ VERBOSE "InitDD4hep"]   ***** place ladder 3 for SiActiveLayer_01
[ VERBOSE "InitDD4hep"]   ***** place ladder 4 for SiActiveLayer_01
[ VERBOSE "InitDD4hep"]   ***** place ladder 5 for SiActiveLayer_01
[ VERBOSE "InitDD4hep"]   ***** place ladder 6 for SiActiveLayer_01
[ VERBOSE "InitDD4hep"]   ***** place ladder 7 for SiActiveLayer_01
[ VERBOSE "InitDD4hep"]   ***** place ladder 8 for SiActiveLayer_01
[ VERBOSE "InitDD4hep"]   ***** place ladder 9 for SiActiveLayer_01
[ VERBOSE "InitDD4hep"]  ############## layer : 2 number of ladders : 11
[ VERBOSE "InitDD4hep"]   ***** place cabling for KaptonLines_02
[ VERBOSE "InitDD4hep"]  layer 2 length of the cone 1.96 opening angle 0.33614
[ VERBOSE "InitDD4hep"]  ############## layer : 3 number of ladders : 11
[ VERBOSE "InitDD4hep"]  ############## layer : 4 number of ladders : 17
[ VERBOSE "InitDD4hep"]   ***** place cabling for KaptonLines_04
[ VERBOSE "InitDD4hep"]  layer 4 length of the cone 1.96 opening angle 0.953449
[ VERBOSE "InitDD4hep"]  ############## layer : 5 number of ladders : 17
Compact          INFO  ++ Converted subdetector:VXD of type VXD04 [tracker]
DocumentHandler  INFO  +++ Loading document URI: /cvmfs/ilc.desy.de/sw/x86_64_gcc82_centos7/v02-02-03/lcgeo/v00-16-07/ILD/compact/ILD_l5_o1_v02/../ILD_common_v02/ftd_simple_staggered_02.xml [Resolved:'/cvmfs/ilc.desy.de/sw/x86_64_gcc82_centos7/v02-02-03/lcgeo/v00-16-07/ILD/compact/ILD_l5_o1_v02/../ILD_common_v02/ftd_simple_staggered_02.xml']
DocumentHandler  INFO  +++ Document /cvmfs/ilc.desy.de/sw/x86_64_gcc82_centos7/v02-02-03/lcgeo/v00-16-07/ILD/compact/ILD_l5_o1_v02/../ILD_common_v02/ftd_simple_staggered_02.xml succesfully parsed with TinyXML .....
[ VERBOSE "InitDD4hep"] FTD_Simple_Staggered:	 inner support thickness = 0.1	 cables thickness = 0.008	 2 x cable shield thickness = 0.02	 beamTubeClearance = 1.5
[ VERBOSE "InitDD4hep"] FTD_Simple_Staggered: Disk:1	 z = 22	 inner rad = 3.975	 outer rad = 15.2	 beamtube rad = 2.475	 free space = 1.322
[ VERBOSE "InitDD4hep"] FTD_Simple_Staggered: Disk:2	 z = 37.1309	 inner rad = 5.0307	 outer rad = 15.2	 beamtube rad = 3.5307	 free space = 1.322
[ VERBOSE "InitDD4hep"] FTD_Simple_Staggered: Disk:3	 z = 64.4906	 inner rad = 7.05131	 outer rad = 29.89	 beamtube rad = 5.55131	 free space = 1.322
[ VERBOSE "InitDD4hep"] FTD_Simple_Staggered: Disk:4	 z = 104.612	 inner rad = 10.0069	 outer rad = 30.9	 beamtube rad = 8.50685	 free space = 1.322
[ VERBOSE "InitDD4hep"] FTD_Simple_Staggered: Disk:5	 z = 144.733	 inner rad = 12.9624	 outer rad = 30.9	 beamtube rad = 11.4624	 free space = 1.322
[ VERBOSE "InitDD4hep"] FTD_Simple_Staggered: Disk:6	 z = 184.854	 inner rad = 15.9179	 outer rad = 30.9	 beamtube rad = 14.4179	 free space = 1.322
[ VERBOSE "InitDD4hep"] FTD_Simple_Staggered: Disk:7	 z = 221.18	 inner rad = 18.5939	 outer rad = 30.9	 beamtube rad = 17.0939	 free space = 1.322
Compact          INFO  ++ Converted subdetector:FTD of type FTD_Simple_Staggered [tracker]
DocumentHandler  INFO  +++ Loading document URI: /cvmfs/ilc.desy.de/sw/x86_64_gcc82_centos7/v02-02-03/lcgeo/v00-16-07/ILD/compact/ILD_l5_o1_v02/../ILD_common_v02/sit_simple_pixel_sensors_01.xml [Resolved:'/cvmfs/ilc.desy.de/sw/x86_64_gcc82_centos7/v02-02-03/lcgeo/v00-16-07/ILD/compact/ILD_l5_o1_v02/../ILD_common_v02/sit_simple_pixel_sensors_01.xml']
DocumentHandler  INFO  +++ Document /cvmfs/ilc.desy.de/sw/x86_64_gcc82_centos7/v02-02-03/lcgeo/v00-16-07/ILD/compact/ILD_l5_o1_v02/../ILD_common_v02/sit_simple_pixel_sensors_01.xml succesfully parsed with TinyXML .....
[ VERBOSE "InitDD4hep"] SIT_Simple_Pixel: Layer:0	 half length = 36.8	 sensor length = 9.2	 n sensors per ladder = 8	 min r sensitive = 15.29	 min r support = 15.31	 n ladders = 10	 ladder width = 9.91604	 ladder clearance = 0.01	 ladder dphi = 0.628319	 sensitive mat = G4_Si	 support mat = G4_C	 faces_IP = 1	 is_SIT1 = 1	 is_SIT2 = 0
[ VERBOSE "InitDD4hep"] SIT_Simple_Pixel: Layer:1	 half length = 36.8	 sensor length = 9.2	 n sensors per ladder = 8	 min r sensitive = 15.54	 min r support = 15.44	 n ladders = 10	 ladder width = 10.0135	 ladder clearance = 0.01	 ladder dphi = 0.628319	 sensitive mat = G4_Si	 support mat = G4_C	 faces_IP = 0	 is_SIT1 = 0	 is_SIT2 = 0
[ VERBOSE "InitDD4hep"] SIT_Simple_Pixel: Layer:2	 half length = 64.4	 sensor length = 9.2	 n sensors per ladder = 14	 min r sensitive = 29.99	 min r support = 30.01	 n ladders = 19	 ladder width = 9.98889	 ladder clearance = 0.01	 ladder dphi = 0.330694	 sensitive mat = G4_Si	 support mat = G4_C	 faces_IP = 1	 is_SIT1 = 0	 is_SIT2 = 1
[ VERBOSE "InitDD4hep"] SIT_Simple_Pixel: Layer:3	 half length = 64.4	 sensor length = 9.2	 n sensors per ladder = 14	 min r sensitive = 30.24	 min r support = 30.14	 n ladders = 19	 ladder width = 10.039	 ladder clearance = 0.01	 ladder dphi = 0.330694	 sensitive mat = G4_Si	 support mat = G4_C	 faces_IP = 0	 is_SIT1 = 0	 is_SIT2 = 0
[ VERBOSE "InitDD4hep"] SIT_Simple_Pixel done.
[ VERBOSE "InitDD4hep"] 
Compact          INFO  ++ Converted subdetector:SIT of type SIT_Simple_Pixel [tracker]
DocumentHandler  INFO  +++ Loading document URI: /cvmfs/ilc.desy.de/sw/x86_64_gcc82_centos7/v02-02-03/lcgeo/v00-16-07/ILD/compact/ILD_l5_o1_v02/../ILD_common_v02/tpc10_01.xml [Resolved:'/cvmfs/ilc.desy.de/sw/x86_64_gcc82_centos7/v02-02-03/lcgeo/v00-16-07/ILD/compact/ILD_l5_o1_v02/../ILD_common_v02/tpc10_01.xml']
DocumentHandler  INFO  +++ Document /cvmfs/ilc.desy.de/sw/x86_64_gcc82_centos7/v02-02-03/lcgeo/v00-16-07/ILD/compact/ILD_l5_o1_v02/../ILD_common_v02/tpc10_01.xml succesfully parsed with TinyXML .....
[ VERBOSE "InitDD4hep"]  ** building TPC10_geo in lcgeo v00-05
[ VERBOSE "InitDD4hep"]  Cathode Grip Ring Material: SiC_foam : Rad length = 1345.64 mm.
[ VERBOSE "InitDD4hep"] Endplate material mix Density   = 0.000933671 g/cm3
[ VERBOSE "InitDD4hep"] Endplate material mix Radlength = 564.518 mm
[ VERBOSE "InitDD4hep"] TPC10: Inner radius of the gas volume is  354 mm.
[ VERBOSE "InitDD4hep"] TPC10: Outer radius of the gas volume is 1714.8 mm.
[ VERBOSE "InitDD4hep"] TPC10: Inner wall thickness is   25 mm.
[ VERBOSE "InitDD4hep"] TPC10: Outer wall thickness is   55 mm.
[ VERBOSE "InitDD4hep"] TPC10: Outer wall thickness is   55 mm.
[ VERBOSE "InitDD4hep"] TPC10: Inner radius of the sensitive volume is 372.1 mm.
[ VERBOSE "InitDD4hep"] TPC10: Outer radius of the sensitive volume is 1696.7 mm.
[ VERBOSE "InitDD4hep"] TPC10: Number of Pad Rows in the TPC   220
[ VERBOSE "InitDD4hep"] TPC10: Limiting the step length in the TPC to     5 mm.
[ VERBOSE "InitDD4hep"] TPC10: Total Gas material corresponds to 0.117796% of a radiation length.
[ VERBOSE "InitDD4hep"] TPC10: Add Material to Inner Wall: dr =  0.07 mm. Material = G4_Cu X0 = 1.43559  0.00487606% X0
[ VERBOSE "InitDD4hep"] TPC10: Add Material to Inner Wall: dr =  0.05 mm. Material = G4_KAPTON X0 = 28.5747  0.00017498% X0
[ VERBOSE "InitDD4hep"] TPC10: Add Material to Inner Wall: dr =   0.3 mm. Material = g10 X0 = 16.2003  0.00185182% X0
[ VERBOSE "InitDD4hep"] TPC10: Add Material to Inner Wall: dr =  24.22 mm. Material = G4_AIR X0 = 30392  7.96919e-05% X0
[ VERBOSE "InitDD4hep"] TPC10: Add Material to Inner Wall: dr =   0.3 mm. Material = g10 X0 = 16.2003  0.00185182% X0
[ VERBOSE "InitDD4hep"] TPC10: Add Material to Inner Wall: dr =  0.05 mm. Material = G4_KAPTON X0 = 28.5747  0.00017498% X0
[ VERBOSE "InitDD4hep"] TPC10: Add Material to Inner Wall: dr =  0.01 mm. Material = G4_Al X0 = 8.89633  0.000112406% X0
[ VERBOSE "InitDD4hep"] TPC10: Inner wall material corresponds to 0.9% of a radiation length.
[ VERBOSE "InitDD4hep"] TPC10: Inner wall effective X0 = 274.07
[ VERBOSE "InitDD4hep"] TPC10: Add Material to Outer Wall: dr =  0.03 mm. Material = G4_Al X0 = 8.89633  0.000337218% X0
[ VERBOSE "InitDD4hep"] TPC10: Add Material to Outer Wall: dr =  0.15 mm. Material = G4_KAPTON X0 = 28.5747  0.000524939% X0
[ VERBOSE "InitDD4hep"] TPC10: Add Material to Outer Wall: dr =   0.9 mm. Material = g10 X0 = 16.2003  0.00555547% X0
[ VERBOSE "InitDD4hep"] TPC10: Add Material to Outer Wall: dr =  52.66 mm. Material = G4_AIR X0 = 30392  0.000173269% X0
[ VERBOSE "InitDD4hep"] TPC10: Add Material to Outer Wall: dr =   0.9 mm. Material = g10 X0 = 16.2003  0.00555547% X0
[ VERBOSE "InitDD4hep"] TPC10: Add Material to Outer Wall: dr =  0.15 mm. Material = G4_KAPTON X0 = 28.5747  0.000524939% X0
[ VERBOSE "InitDD4hep"] TPC10: Add Material to Outer Wall: dr =  0.21 mm. Material = G4_Cu X0 = 1.43559  0.0146282% X0
[ VERBOSE "InitDD4hep"] TPC10: Outer wall material corresponds to 2.7% of a radiation length.
[ VERBOSE "InitDD4hep"] TPC10: Outer wall effective X0 = 201.469
[ VERBOSE "InitDD4hep"] Cathode dz = 0.0046
[ VERBOSE "InitDD4hep"] Place cathode +z at 0.0023
[ VERBOSE "InitDD4hep"] Place cathode -z at -0.0023
[ VERBOSE "InitDD4hep"] TPC10: Readout material corresponds to 6.9% of a radiation length.
[ VERBOSE "InitDD4hep"] TPC10: Total Endplate material corresponds to 8.68633% of a radiation length.
Compact          INFO  ++ Converted subdetector:TPC of type TPC10 [tracker]
DocumentHandler  INFO  +++ Loading document URI: /cvmfs/ilc.desy.de/sw/x86_64_gcc82_centos7/v02-02-03/lcgeo/v00-16-07/ILD/compact/ILD_l5_o1_v02/../ILD_common_v02/set_simple_planar_sensors_01.xml [Resolved:'/cvmfs/ilc.desy.de/sw/x86_64_gcc82_centos7/v02-02-03/lcgeo/v00-16-07/ILD/compact/ILD_l5_o1_v02/../ILD_common_v02/set_simple_planar_sensors_01.xml']
DocumentHandler  INFO  +++ Document /cvmfs/ilc.desy.de/sw/x86_64_gcc82_centos7/v02-02-03/lcgeo/v00-16-07/ILD/compact/ILD_l5_o1_v02/../ILD_common_v02/set_simple_planar_sensors_01.xml succesfully parsed with TinyXML .....
[ VERBOSE "InitDD4hep"] SET_Simple_Planar: Layer:0	 half length = 230	 sensor length = 9.2	 n sensors per ladder = 50	 min r sensitive = 177.27	 min r support = 177.29	 n ladders = 24	 ladder width = 46.6561	 ladder clearance = 0.01	 ladder dphi = 0.261799	 sensitive mat = G4_Si	 support mat = G4_C	 faces_IP = 1
[ VERBOSE "InitDD4hep"] SET_Simple_Planar: Layer:1	 half length = 230	 sensor length = 9.2	 n sensors per ladder = 50	 min r sensitive = 177.52	 min r support = 177.42	 n ladders = 24	 ladder width = 46.6956	 ladder clearance = 0.01	 ladder dphi = 0.261799	 sensitive mat = G4_Si	 support mat = G4_C	 faces_IP = 0
[ VERBOSE "InitDD4hep"] SET_Simple_Planar done.
[ VERBOSE "InitDD4hep"] 
Compact          INFO  ++ Converted subdetector:SET of type SET_Simple_Planar [tracker]
DocumentHandler  INFO  +++ Loading document URI: /cvmfs/ilc.desy.de/sw/x86_64_gcc82_centos7/v02-02-03/lcgeo/v00-16-07/ILD/compact/ILD_l5_o1_v02/../ILD_common_v02/SEcal06_hybrid_Barrel.xml [Resolved:'/cvmfs/ilc.desy.de/sw/x86_64_gcc82_centos7/v02-02-03/lcgeo/v00-16-07/ILD/compact/ILD_l5_o1_v02/../ILD_common_v02/SEcal06_hybrid_Barrel.xml']
DocumentHandler  INFO  +++ Document /cvmfs/ilc.desy.de/sw/x86_64_gcc82_centos7/v02-02-03/lcgeo/v00-16-07/ILD/compact/ILD_l5_o1_v02/../ILD_common_v02/SEcal06_hybrid_Barrel.xml succesfully parsed with TinyXML .....
[ VERBOSE "InitDD4hep"] -----------------------
[ VERBOSE "InitDD4hep"] creating SEcal06_Barrel
[ VERBOSE "InitDD4hep"] -----------------------
[ VERBOSE "InitDD4hep"] SEcal06_Barrel: Preshower ? 0
[ VERBOSE "InitDD4hep"] SEcal06_Barrel: absorber layers 20*2.1 mm + 10*4.2 mm + 0*0 mm 
[ VERBOSE "InitDD4hep"] SEcal06_Barrel : module thickness = 22.32
[ VERBOSE "InitDD4hep"] SEcal06_Barrel : layer config: 0 
[ VERBOSE "InitDD4hep"] SEcal06_Barrel : width of module, alveolus = 94 18.736
Compact          INFO  ++ Converted subdetector:EcalBarrel of type SEcal06_Barrel [calorimeter]
EcalBarrel       INFO  +++ Processing SurfaceInstaller for subdetector: 'EcalBarrel'
DD4hep_CaloFaceBarrelSurfacePlugin INFO  install tracking surfaces for :  EcalBarrel 
DocumentHandler  INFO  +++ Loading document URI: /cvmfs/ilc.desy.de/sw/x86_64_gcc82_centos7/v02-02-03/lcgeo/v00-16-07/ILD/compact/ILD_l5_o1_v02/../ILD_common_v02/SEcal06_hybrid_Endcaps.xml [Resolved:'/cvmfs/ilc.desy.de/sw/x86_64_gcc82_centos7/v02-02-03/lcgeo/v00-16-07/ILD/compact/ILD_l5_o1_v02/../ILD_common_v02/SEcal06_hybrid_Endcaps.xml']
DocumentHandler  INFO  +++ Document /cvmfs/ilc.desy.de/sw/x86_64_gcc82_centos7/v02-02-03/lcgeo/v00-16-07/ILD/compact/ILD_l5_o1_v02/../ILD_common_v02/SEcal06_hybrid_Endcaps.xml succesfully parsed with TinyXML .....
[ VERBOSE "InitDD4hep"] ------------------------
[ VERBOSE "InitDD4hep"] creating SEcal06_Endcaps
[ VERBOSE "InitDD4hep"] ------------------------
[ VERBOSE "InitDD4hep"] Preshower ? 0
[ VERBOSE "InitDD4hep"] absorber layers 20*0.21mm + 10*0.42mm + 0*0mm 
[ VERBOSE "InitDD4hep"] module thickness = 22.32
[ VERBOSE "InitDD4hep"] layer config: 0 
[ VERBOSE "InitDD4hep"] ECAL endcap tower configuration 3 3 3 : 3 3 3 
[ VERBOSE "InitDD4hep"] alveolus width = 18.736
Compact          INFO  ++ Converted subdetector:EcalEndcap of type SEcal06_Endcaps [calorimeter]
EcalEndcap       INFO  +++ Processing SurfaceInstaller for subdetector: 'EcalEndcap'
DD4hep_CaloFaceEndcapSurfacePlugin INFO  install tracking surfaces for :  EcalEndcap 
DocumentHandler  INFO  +++ Loading document URI: /cvmfs/ilc.desy.de/sw/x86_64_gcc82_centos7/v02-02-03/lcgeo/v00-16-07/ILD/compact/ILD_l5_o1_v02/../ILD_common_v02/SEcal05_siw_ECRing.xml [Resolved:'/cvmfs/ilc.desy.de/sw/x86_64_gcc82_centos7/v02-02-03/lcgeo/v00-16-07/ILD/compact/ILD_l5_o1_v02/../ILD_common_v02/SEcal05_siw_ECRing.xml']
DocumentHandler  INFO  +++ Document /cvmfs/ilc.desy.de/sw/x86_64_gcc82_centos7/v02-02-03/lcgeo/v00-16-07/ILD/compact/ILD_l5_o1_v02/../ILD_common_v02/SEcal05_siw_ECRing.xml succesfully parsed with TinyXML .....
[ VERBOSE "InitDD4hep"] ---------------------------------
[ VERBOSE "InitDD4hep"]  creating Ecal ECRing ( SEcal05_ECRing ) 
[ VERBOSE "InitDD4hep"] ---------------------------------
Compact          INFO  ++ Converted subdetector:EcalPlug of type SEcal05_ECRing [calorimeter]
DocumentHandler  INFO  +++ Loading document URI: /cvmfs/ilc.desy.de/sw/x86_64_gcc82_centos7/v02-02-03/lcgeo/v00-16-07/ILD/compact/ILD_l5_o1_v02/../ILD_common_v02/SHcalSc04_Barrel_v04.xml [Resolved:'/cvmfs/ilc.desy.de/sw/x86_64_gcc82_centos7/v02-02-03/lcgeo/v00-16-07/ILD/compact/ILD_l5_o1_v02/../ILD_common_v02/SHcalSc04_Barrel_v04.xml']
DocumentHandler  INFO  +++ Document /cvmfs/ilc.desy.de/sw/x86_64_gcc82_centos7/v02-02-03/lcgeo/v00-16-07/ILD/compact/ILD_l5_o1_v02/../ILD_common_v02/SHcalSc04_Barrel_v04.xml succesfully parsed with TinyXML .....
[ VERBOSE "InitDD4hep"]  ######### dd4hep::DDSegmentation::TiledLayerGridXY() 
Compact          INFO  ++ Converted subdetector:HcalBarrel of type SHcalSc04_Barrel_v04 [calorimeter]
DocumentHandler  INFO  +++ Loading document URI: /cvmfs/ilc.desy.de/sw/x86_64_gcc82_centos7/v02-02-03/lcgeo/v00-16-07/ILD/compact/ILD_l5_o1_v02/../ILD_common_v02/SHcalSc04_Endcaps_v01_LARGE.xml [Resolved:'/cvmfs/ilc.desy.de/sw/x86_64_gcc82_centos7/v02-02-03/lcgeo/v00-16-07/ILD/compact/ILD_l5_o1_v02/../ILD_common_v02/SHcalSc04_Endcaps_v01_LARGE.xml']
DocumentHandler  INFO  +++ Document /cvmfs/ilc.desy.de/sw/x86_64_gcc82_centos7/v02-02-03/lcgeo/v00-16-07/ILD/compact/ILD_l5_o1_v02/../ILD_common_v02/SHcalSc04_Endcaps_v01_LARGE.xml succesfully parsed with TinyXML .....
[ VERBOSE "InitDD4hep"] 
[ VERBOSE "InitDD4hep"]  HcalEndcap_inner_radius = 350 mm
[ VERBOSE "InitDD4hep"]  HcalEndcap_outer_radius = 3225.54 mm
[ VERBOSE "InitDD4hep"]  HcalEndcap_min_z = 2650 mm
[ VERBOSE "InitDD4hep"]  HcalEndcap_max_z = 3937 mm
Compact          INFO  ++ Converted subdetector:HcalEndcap of type SHcalSc04_Endcaps_v01 [calorimeter]
DocumentHandler  INFO  +++ Loading document URI: /cvmfs/ilc.desy.de/sw/x86_64_gcc82_centos7/v02-02-03/lcgeo/v00-16-07/ILD/compact/ILD_l5_o1_v02/../ILD_common_v02/SHcalSc04_EndcapRing_v01.xml [Resolved:'/cvmfs/ilc.desy.de/sw/x86_64_gcc82_centos7/v02-02-03/lcgeo/v00-16-07/ILD/compact/ILD_l5_o1_v02/../ILD_common_v02/SHcalSc04_EndcapRing_v01.xml']
DocumentHandler  INFO  +++ Document /cvmfs/ilc.desy.de/sw/x86_64_gcc82_centos7/v02-02-03/lcgeo/v00-16-07/ILD/compact/ILD_l5_o1_v02/../ILD_common_v02/SHcalSc04_EndcapRing_v01.xml succesfully parsed with TinyXML .....
[ VERBOSE "InitDD4hep"]  
[ VERBOSE "InitDD4hep"] 
[ VERBOSE "InitDD4hep"] 
[ VERBOSE "InitDD4hep"]  CREATE DETECTOR: SHcalSC04_EndcapRing_v01
[ VERBOSE "InitDD4hep"]     HCAL endcap rings: HcalEndcapRing_inner_radius: 214.584
[ VERBOSE "InitDD4hep"]     HCAL endcap rings: HcalEndcapRing_outer_radius: 298.001
[ VERBOSE "InitDD4hep"]     HCAL endcap rings: HcalEndcapRing_min_z:  241.18
[ VERBOSE "InitDD4hep"]     HCAL endcap rings: HcalEndcapRing_max_z:  263.5
[ VERBOSE "InitDD4hep"]     HCAL endcap rings: SpaceForLayers:  20.82
[ VERBOSE "InitDD4hep"]     HCAL endcap rings will have 7 layers.
Compact          INFO  ++ Converted subdetector:HcalRing of type SHcalSc04_EndcapRing_v01 [calorimeter]
DocumentHandler  INFO  +++ Loading document URI: /cvmfs/ilc.desy.de/sw/x86_64_gcc82_centos7/v02-02-03/lcgeo/v00-16-07/ILD/compact/ILD_l5_o1_v02/../ILD_common_v02/Yoke05_Barrel.xml [Resolved:'/cvmfs/ilc.desy.de/sw/x86_64_gcc82_centos7/v02-02-03/lcgeo/v00-16-07/ILD/compact/ILD_l5_o1_v02/../ILD_common_v02/Yoke05_Barrel.xml']
DocumentHandler  INFO  +++ Document /cvmfs/ilc.desy.de/sw/x86_64_gcc82_centos7/v02-02-03/lcgeo/v00-16-07/ILD/compact/ILD_l5_o1_v02/../ILD_common_v02/Yoke05_Barrel.xml succesfully parsed with TinyXML .....
[ VERBOSE "InitDD4hep"]  Build the yoke within this dimension 
[ VERBOSE "InitDD4hep"]   ...Yoke  db: symmetry             12
[ VERBOSE "InitDD4hep"]   ...Yoke  db: rInnerBarrel         447.504
[ VERBOSE "InitDD4hep"]   ...Yoke  db: zStartEndcap         407.2
[ VERBOSE "InitDD4hep"]   ...Muon  db: iron_thickness       10
[ VERBOSE "InitDD4hep"]   ...Muon  db: gap_thickness        4
[ VERBOSE "InitDD4hep"]   ...Muon  db: number_of_layers     10
[ VERBOSE "InitDD4hep"]   ...Muon par: yokeBarrelThickness  324.1
[ VERBOSE "InitDD4hep"]   ...Muon par: Barrel_half_z        404.7
Compact          INFO  ++ Converted subdetector:YokeBarrel of type Yoke05_Barrel [calorimeter]
DocumentHandler  INFO  +++ Loading document URI: /cvmfs/ilc.desy.de/sw/x86_64_gcc82_centos7/v02-02-03/lcgeo/v00-16-07/ILD/compact/ILD_l5_o1_v02/../ILD_common_v02/Yoke06_Endcaps.xml [Resolved:'/cvmfs/ilc.desy.de/sw/x86_64_gcc82_centos7/v02-02-03/lcgeo/v00-16-07/ILD/compact/ILD_l5_o1_v02/../ILD_common_v02/Yoke06_Endcaps.xml']
DocumentHandler  INFO  +++ Document /cvmfs/ilc.desy.de/sw/x86_64_gcc82_centos7/v02-02-03/lcgeo/v00-16-07/ILD/compact/ILD_l5_o1_v02/../ILD_common_v02/Yoke06_Endcaps.xml succesfully parsed with TinyXML .....
[ VERBOSE "InitDD4hep"]  Build the yoke within this dimension 
[ VERBOSE "InitDD4hep"]   ...Yoke  db: symmetry             12
[ VERBOSE "InitDD4hep"]   ...Yoke  db: rInnerEndcap         35
[ VERBOSE "InitDD4hep"]   ...Yoke  db: rOuterEndcap         771.604
[ VERBOSE "InitDD4hep"]   ...Yoke  db: zStartEndcap         407.2
[ VERBOSE "InitDD4hep"]   ...Muon  db: iron_thickness       10
[ VERBOSE "InitDD4hep"]   ...Muon  db: gap_thickness        4
[ VERBOSE "InitDD4hep"]   ...Muon  db: number_of_layers     10
[ VERBOSE "InitDD4hep"]   ...Muon par: yokeEndcapThickness  264
[ VERBOSE "InitDD4hep"]   ...Muon par: Barrel_half_z        404.7
[ VERBOSE "InitDD4hep"]   ...Plug par: build_plug is true, there is space to build yoke plug
[ VERBOSE "InitDD4hep"]   ...Plug par: HCAL_half_z          393.7
[ VERBOSE "InitDD4hep"]   ...Plug par: HCAL_Plug_Gap        4.5
[ VERBOSE "InitDD4hep"]   ...Plug par: Plug Thickness       9
[ VERBOSE "InitDD4hep"]   ...Plug par: Plug Radius          339.554
Compact          INFO  ++ Converted subdetector:YokeEndcap of type Yoke06_Endcaps [calorimeter]
DocumentHandler  INFO  +++ Loading document URI: /cvmfs/ilc.desy.de/sw/x86_64_gcc82_centos7/v02-02-03/lcgeo/v00-16-07/ILD/compact/ILD_l5_o1_v02/../ILD_common_v02/LumiCal.xml [Resolved:'/cvmfs/ilc.desy.de/sw/x86_64_gcc82_centos7/v02-02-03/lcgeo/v00-16-07/ILD/compact/ILD_l5_o1_v02/../ILD_common_v02/LumiCal.xml']
DocumentHandler  INFO  +++ Document /cvmfs/ilc.desy.de/sw/x86_64_gcc82_centos7/v02-02-03/lcgeo/v00-16-07/ILD/compact/ILD_l5_o1_v02/../ILD_common_v02/LumiCal.xml succesfully parsed with TinyXML .....
[ VERBOSE "InitDD4hep"] dd4hep::Ref_t create_detector(dd4hep::Detector&, xml_h, dd4hep::SensitiveDetector)
[ VERBOSE "InitDD4hep"] 
[ VERBOSE "InitDD4hep"]  Here is my LumiCal_o1_v03 :
[ VERBOSE "InitDD4hep"] ----------------------------
[ VERBOSE "InitDD4hep"]  The crossing angle is:  0.014 radian
[ VERBOSE "InitDD4hep"]      Lcal z-begin : 2411.8 mm
[ VERBOSE "InitDD4hep"]      Lcal z-end   : 2540.5 mm
[ VERBOSE "InitDD4hep"]    (x,y,z)-center : ( 17.3333,0 ,+- 2476.15 ) mm
[ VERBOSE "InitDD4hep"]      sensorInnerR : 84.0221 mm
[ VERBOSE "InitDD4hep"]      sensorouterR : 194 mm
[ VERBOSE "InitDD4hep"]         thickness : 128.7 mm
[ VERBOSE "InitDD4hep"]           cell_dR : 1.71841 mm
[ VERBOSE "InitDD4hep"]         cell_dPhi : 0.1309  radian
[ VERBOSE "InitDD4hep"]        offset Phi : 3.75 deg
[ VERBOSE "InitDD4hep"]     stagger angle : 3.75 deg
[ VERBOSE "InitDD4hep"]     tile gap size : 2.4 mm
[ VERBOSE "InitDD4hep"]     tile span phi : 30 deg
[ VERBOSE "InitDD4hep"]    services space : 46.914 mm
[ VERBOSE "InitDD4hep"]   Layer thickness : 4.29   ( rad. length X0:  0.895844 )
[ VERBOSE "InitDD4hep"]    LumiCal length : 128.7 ( rad. length X0: 26.8753   )
[ VERBOSE "InitDD4hep"] -----------------------------------------------------------------
[ VERBOSE "InitDD4hep"] 
Compact          INFO  ++ Converted subdetector:Lcal of type LumiCal_o1_v03 [calorimeter]
DocumentHandler  INFO  +++ Loading document URI: /cvmfs/ilc.desy.de/sw/x86_64_gcc82_centos7/v02-02-03/lcgeo/v00-16-07/ILD/compact/ILD_l5_o1_v02/../ILD_common_v02/LHCal01.xml [Resolved:'/cvmfs/ilc.desy.de/sw/x86_64_gcc82_centos7/v02-02-03/lcgeo/v00-16-07/ILD/compact/ILD_l5_o1_v02/../ILD_common_v02/LHCal01.xml']
DocumentHandler  INFO  +++ Document /cvmfs/ilc.desy.de/sw/x86_64_gcc82_centos7/v02-02-03/lcgeo/v00-16-07/ILD/compact/ILD_l5_o1_v02/../ILD_common_v02/LHCal01.xml succesfully parsed with TinyXML .....
[ VERBOSE "InitDD4hep"] dd4hep::Ref_t create_detector(dd4hep::Detector&, xml_h, dd4hep::SensitiveDetector)
[ VERBOSE "InitDD4hep"] Here is my LHCal_v01
[ VERBOSE "InitDD4hep"]  --------------------------------------------------------------------------
[ VERBOSE "InitDD4hep"]  Building detector: LHCal
[ VERBOSE "InitDD4hep"]  - Main crossing angle: 0.014 radian
[ VERBOSE "InitDD4hep"]  - LHCal begin Z         2680 mm
[ VERBOSE "InitDD4hep"]  - LHCal end Z           3160 mm
[ VERBOSE "InitDD4hep"]  - LHCal center (X,Y,Z)  ( 20.4403,0 ,2920 ) mm
[ VERBOSE "InitDD4hep"]  - LHCal inner R         130 mm
[ VERBOSE "InitDD4hep"]  - LHCal thickness       480 mm
[ VERBOSE "InitDD4hep"]  - Layer Thickness 16 mm
[ VERBOSE "InitDD4hep"]  -            Total Length: 480 mm
[ VERBOSE "InitDD4hep"]  - Total Interacion Length: 3.91193
[ VERBOSE "InitDD4hep"]  --------------------------------------------------------------------------
Compact          INFO  ++ Converted subdetector:LHCal of type LHCal_v01 [calorimeter]
DocumentHandler  INFO  +++ Loading document URI: /cvmfs/ilc.desy.de/sw/x86_64_gcc82_centos7/v02-02-03/lcgeo/v00-16-07/ILD/compact/ILD_l5_o1_v02/../ILD_common_v02/BeamCal08.xml [Resolved:'/cvmfs/ilc.desy.de/sw/x86_64_gcc82_centos7/v02-02-03/lcgeo/v00-16-07/ILD/compact/ILD_l5_o1_v02/../ILD_common_v02/BeamCal08.xml']
DocumentHandler  INFO  +++ Document /cvmfs/ilc.desy.de/sw/x86_64_gcc82_centos7/v02-02-03/lcgeo/v00-16-07/ILD/compact/ILD_l5_o1_v02/../ILD_common_v02/BeamCal08.xml succesfully parsed with TinyXML .....
[ VERBOSE "InitDD4hep"] This is the BeamCal
[ VERBOSE "InitDD4hep"] Building all.
[ VERBOSE "InitDD4hep"]  The crossing angle is: 0.014 radian
[ VERBOSE "InitDD4hep"] bcalCutOutSpan  785.398 mrad
[ VERBOSE "InitDD4hep"] bcalCutOutSpan  45 degree
[ VERBOSE "InitDD4hep"] bcalCutOutStart 2.74889 Radian
[ VERBOSE "InitDD4hep"] bcalCutOutEnd   3.53429 Radian
[ VERBOSE "InitDD4hep"] incommingBeamPipeRadius: 1.6 cm
[ VERBOSE "InitDD4hep"] cutOutRadius: 6.45257 cm 
[ VERBOSE "InitDD4hep"] Total Length 20.0024 cm
[ VERBOSE "InitDD4hep"] Layer Thickness 8.40008 cm
[ VERBOSE "InitDD4hep"] Total Length 20.0024 cm
[ VERBOSE "InitDD4hep"] Layer Thickness 0.40008 cm
Compact          INFO  ++ Converted subdetector:BeamCal of type BeamCal_o1_v02 [calorimeter]
DocumentHandler  INFO  +++ Loading document URI: /cvmfs/ilc.desy.de/sw/x86_64_gcc82_centos7/v02-02-03/lcgeo/v00-16-07/ILD/compact/ILD_l5_o1_v02/../ILD_common_v02/coil03.xml [Resolved:'/cvmfs/ilc.desy.de/sw/x86_64_gcc82_centos7/v02-02-03/lcgeo/v00-16-07/ILD/compact/ILD_l5_o1_v02/../ILD_common_v02/coil03.xml']
DocumentHandler  INFO  +++ Document /cvmfs/ilc.desy.de/sw/x86_64_gcc82_centos7/v02-02-03/lcgeo/v00-16-07/ILD/compact/ILD_l5_o1_v02/../ILD_common_v02/coil03.xml succesfully parsed with TinyXML .....
[ VERBOSE "InitDD4hep"] 
[ VERBOSE "InitDD4hep"] Building Coil...
[ VERBOSE "InitDD4hep"] 
[ VERBOSE "InitDD4hep"] ... cryostat inner_radius 342.514
[ VERBOSE "InitDD4hep"] ... cryostat outer_radius 417.494
[ VERBOSE "InitDD4hep"] ... cryostat half_z       387.19
[ VERBOSE "InitDD4hep"]  ... for the time being simply use a tube of aluminum ...
[ VERBOSE "InitDD4hep"] SCoil02 done.
[ VERBOSE "InitDD4hep"] 
Compact          INFO  ++ Converted subdetector:Coil of type SCoil02 
DocumentHandler  INFO  +++ Loading document URI: /cvmfs/ilc.desy.de/sw/x86_64_gcc82_centos7/v02-02-03/lcgeo/v00-16-07/ILD/compact/ILD_l5_o1_v02/../ILD_common_v02/SServices00.xml [Resolved:'/cvmfs/ilc.desy.de/sw/x86_64_gcc82_centos7/v02-02-03/lcgeo/v00-16-07/ILD/compact/ILD_l5_o1_v02/../ILD_common_v02/SServices00.xml']
DocumentHandler  INFO  +++ Document /cvmfs/ilc.desy.de/sw/x86_64_gcc82_centos7/v02-02-03/lcgeo/v00-16-07/ILD/compact/ILD_l5_o1_v02/../ILD_common_v02/SServices00.xml succesfully parsed with TinyXML .....
[ VERBOSE "InitDD4hep"] 
[ VERBOSE "InitDD4hep"] Building SServices00
[ VERBOSE "InitDD4hep"] 
[ VERBOSE "InitDD4hep"]  Ecal_inner_radius: 180.48
[ VERBOSE "InitDD4hep"]  Ecal_outer_radius: 202.8
[ VERBOSE "InitDD4hep"]   module_thickness: 22.32
[ VERBOSE "InitDD4hep"]       bottom_dim_x: 181.08
[ VERBOSE "InitDD4hep"]          top_dim_x: 136.44
[ VERBOSE "InitDD4hep"]         RailHeight: 3
[ VERBOSE "InitDD4hep"] 
[ VERBOSE "InitDD4hep"] 
[ VERBOSE "InitDD4hep"]    - HcalServicesModule_InnerServicesWidth = 20
[ VERBOSE "InitDD4hep"]    - HcalServicesModule_ZMinus_Cu_Thickness = 0.82
[ VERBOSE "InitDD4hep"]    - HcalServicesModule_ZMinus_PE_Thickness = 2.75
[ VERBOSE "InitDD4hep"]    - HcalServicesModule_ZMinus_StainlessSteel_Thickness = 1.5
[ VERBOSE "InitDD4hep"]    - HcalServicesModule_ZPlus_Cu_Thickness = 0.74
[ VERBOSE "InitDD4hep"]    - HcalServicesModule_ZPlus_PE_Thickness = 2.56
[ VERBOSE "InitDD4hep"]    - HcalServicesModule_ZPlus_StainlessSteel_Thickness = 1.5
[ VERBOSE "InitDD4hep"]    - HcalServices_outer_Cu_thickness = 0.04
[ VERBOSE "InitDD4hep"]    - HcalServices_outer_FR4_thickness = 0.28
[ VERBOSE "InitDD4hep"]    - Hcal_R_max = 339.554
[ VERBOSE "InitDD4hep"]    - Hcal_back_plate_thickness = 1.5
[ VERBOSE "InitDD4hep"]    - Hcal_nlayers = 48
[ VERBOSE "InitDD4hep"]    - Hcal_radiator_thickness = 2
[ VERBOSE "InitDD4hep"]    - Hcal_stave_gaps = 1
[ VERBOSE "InitDD4hep"]    - Hcal_steel_cassette_thickness = 0.05
[ VERBOSE "InitDD4hep"]    - BuildHcalElectronicsInterface = true 
[ VERBOSE "InitDD4hep"] 
[ VERBOSE "InitDD4hep"]    - SIT Cone Cable services: 
[ VERBOSE "InitDD4hep"]    - zPlane[0] = 37.401
[ VERBOSE "InitDD4hep"]    - zPlane[1] = 63.9506
[ VERBOSE "InitDD4hep"]    - rInner[0] = 15.3
[ VERBOSE "InitDD4hep"]    - rInner[1] = 29.89
[ VERBOSE "InitDD4hep"]    - rOuter[0] = 15.304
[ VERBOSE "InitDD4hep"]    - rOuter[1] = 29.892
[ VERBOSE "InitDD4hep"] 
[ VERBOSE "InitDD4hep"]    - SIT12_cable_thickness = 0.0063
[ VERBOSE "InitDD4hep"]    - SIT1_Radius = 15.3
[ VERBOSE "InitDD4hep"]    - SIT2_Radius = 29.99
[ VERBOSE "InitDD4hep"]    - SServices_FTD2_cone_thickness = 0.004
[ VERBOSE "InitDD4hep"]    - SServices_FTD3_cone_thickness = 0.002
[ VERBOSE "InitDD4hep"]    - TUBE_IPOuterBulge_end_z = 239.18
[ VERBOSE "InitDD4hep"]    - SServices_FTD7_cables_thickness = 0.085
[ VERBOSE "InitDD4hep"] 
[ VERBOSE "InitDD4hep"]    - VXD_cable_cross_section_area = 25 mm^2
[ VERBOSE "InitDD4hep"]    - VXD_cable_inner1_radius = 30 mm
[ VERBOSE "InitDD4hep"]    - VXD_cable_inner2_radius = 27 mm
[ VERBOSE "InitDD4hep"]    - VXD_cable_cone_middle_thickness = 0.139269 mm
[ VERBOSE "InitDD4hep"]    - VXD_cable_outer1_radius = 30.1393 mm
[ VERBOSE "InitDD4hep"]    - VXD_cable_outer2_radius = 27.1393 mm
[ VERBOSE "InitDD4hep"]    - VXD_cable_z_start = 177.7 mm
[ VERBOSE "InitDD4hep"]    - VXD_cable_z_end = 230 mm
Compact          INFO  ++ Converted subdetector:SServices00 of type SServices00 
DocumentHandler  INFO  +++ Loading document URI: /cvmfs/ilc.desy.de/sw/x86_64_gcc82_centos7/v02-02-03/lcgeo/v00-16-07/ILD/compact/ILD_l5_o1_v02/../ILD_common_v02/Field_Solenoid_Ideal.xml [Resolved:'/cvmfs/ilc.desy.de/sw/x86_64_gcc82_centos7/v02-02-03/lcgeo/v00-16-07/ILD/compact/ILD_l5_o1_v02/../ILD_common_v02/Field_Solenoid_Ideal.xml']
DocumentHandler  INFO  +++ Document /cvmfs/ilc.desy.de/sw/x86_64_gcc82_centos7/v02-02-03/lcgeo/v00-16-07/ILD/compact/ILD_l5_o1_v02/../ILD_common_v02/Field_Solenoid_Ideal.xml succesfully parsed with TinyXML .....
Compact          INFO  ++ Converted field: Successfully created field GlobalSolenoid [solenoid]
Detector         INFO  +++ Patching names of anonymous shapes....
DD4hepVolumeManager INFO  **** running plugin DD4hepVolumeManager ! 
VolumeManager    INFO   - populating volume ids - be patient ...
VolumeManager    INFO   - populating volume ids - done. 623843 nodes.
VolumeManager    INFO  +++ Volume manager populated and loaded.
InstallSurfaceManager INFO  **** running plugin InstallSurfaceManager ! 
InstallSurfaceManager INFO  --------  SurfaceManager contains the following maps : --------- 
  key: BeamCal 	 number of surfaces : 0
  key: Coil 	 number of surfaces : 0
  key: EcalBarrel 	 number of surfaces : 8
  key: EcalEndcap 	 number of surfaces : 2
  key: EcalPlug 	 number of surfaces : 0
  key: FTD 	 number of surfaces : 384
  key: HcalBarrel 	 number of surfaces : 0
  key: HcalEndcap 	 number of surfaces : 0
  key: HcalRing 	 number of surfaces : 0
  key: LHCal 	 number of surfaces : 0
  key: Lcal 	 number of surfaces : 0
  key: QD0_cryostat 	 number of surfaces : 8
  key: QD0_support 	 number of surfaces : 0
  key: SET 	 number of surfaces : 2400
  key: SIT 	 number of surfaces : 692
  key: SServices00 	 number of surfaces : 6
  key: TPC 	 number of surfaces : 224
  key: Tube 	 number of surfaces : 15
  key: VXD 	 number of surfaces : 398
  key: YokeBarrel 	 number of surfaces : 0
  key: YokeEndcap 	 number of surfaces : 0
  key: calorimeter 	 number of surfaces : 10
  key: passive 	 number of surfaces : 29
  key: tracker 	 number of surfaces : 4098
  key: world 	 number of surfaces : 4137
---------------------------------------------------------------- 

[ MESSAGE "InitDD4hep"]  ---- instantiated  geometry for detector ILD_l5_o1_v02
[ MESSAGE "InitDD4hep"]  -------------------------------------
[ MESSAGE "mytruejet"] 
[ MESSAGE "mytruejet"] ---- mytruejet -  parameters: 
[ MESSAGE "mytruejet"] 	FinalColourNeutralLink:  FinalColourNeutralLink
[ MESSAGE "mytruejet"] 	FinalColourNeutrals:  FinalColourNeutrals
[ MESSAGE "mytruejet"] 	FinalElementonLink:  FinalElementonLink
[ MESSAGE "mytruejet"] 	InitialColourNeutralLink:  InitialColourNeutralLink
[ MESSAGE "mytruejet"] 	InitialColourNeutrals:  InitialColourNeutrals
[ MESSAGE "mytruejet"] 	InitialElementonLink:  InitialElementonLink
[ MESSAGE "mytruejet"] 	MCParticleCollection:  MCParticlesSkimmed
[ MESSAGE "mytruejet"] 	RecoMCTruthLink:  RecoMCTruthLink
[ MESSAGE "mytruejet"] 	RecoParticleCollection:  PandoraPFOs
[ MESSAGE "mytruejet"] 	TrueJetMCParticleLink:  TrueJetMCParticleLink
[ MESSAGE "mytruejet"] 	TrueJetPFOLink:  TrueJetPFOLink
[ MESSAGE "mytruejet"] 	TrueJets:  TrueJets
[ MESSAGE "mytruejet"] 	Verbosity:  DEBUG
[ MESSAGE "mytruejet"] 	Whizard1:  false
[ MESSAGE "mytruejet"] -------------------------------------------------
[ MESSAGE "MyChargedPFOCorrection"] 
[ MESSAGE "MyChargedPFOCorrection"] ---- MyChargedPFOCorrection -  parameters: 
[ MESSAGE "MyChargedPFOCorrection"] 	KaonMass:  0.493677
[ MESSAGE "MyChargedPFOCorrection"] 	MCTruthTrackLinkCollection:  MCTruthMarlinTrkTracksLink
[ MESSAGE "MyChargedPFOCorrection"] 	MarlinTrkTracksCollection:  MarlinTrkTracks
[ MESSAGE "MyChargedPFOCorrection"] 	MarlinTrkTracksCollectionKaon:  MarlinTrkTracksKaon
[ MESSAGE "MyChargedPFOCorrection"] 	MarlinTrkTracksCollectionProton:  MarlinTrkTracksProton
[ MESSAGE "MyChargedPFOCorrection"] 	MinWeightMCTruthTrackLink:  0.5
[ MESSAGE "MyChargedPFOCorrection"] 	MinWeightTrackMCTruthLink:  0.5
[ MESSAGE "MyChargedPFOCorrection"] 	PfoCollection:  PandoraPFOs
[ MESSAGE "MyChargedPFOCorrection"] 	PionMass:  0.13957
[ MESSAGE "MyChargedPFOCorrection"] 	ProtonMass:  0.938272
[ MESSAGE "MyChargedPFOCorrection"] 	TrackMCTruthLinkCollection:  MarlinTrkTracksMCTruthLink
[ MESSAGE "MyChargedPFOCorrection"] 	Verbosity:  MESSAGE
[ MESSAGE "MyChargedPFOCorrection"] 	mainTrackSelectionScenario:  3
[ MESSAGE "MyChargedPFOCorrection"] 	updatePFOs:  true
[ MESSAGE "MyChargedPFOCorrection"] 	updatePFOwithMoreTrack:  true
[ MESSAGE "MyChargedPFOCorrection"] 	updatePFOwithOneTrack:  true
[ MESSAGE "MyChargedPFOCorrection"] 	updatePFOwithTwoTrack:  true
[ MESSAGE "MyChargedPFOCorrection"] 	updatedPfoCollection:  PandoraPFOs_updatedChargedPFOs
[ MESSAGE "MyChargedPFOCorrection"] -------------------------------------------------
[ MESSAGE "MyAddNeutralPFOCovMat"]    init called  
[ MESSAGE "MyAddNeutralPFOCovMat"] 
[ MESSAGE "MyAddNeutralPFOCovMat"] ---- MyAddNeutralPFOCovMat -  parameters: 
[ MESSAGE "MyAddNeutralPFOCovMat"] 	AssumeNeutralPFOMassive:  true
[ MESSAGE "MyAddNeutralPFOCovMat"] 	Verbosity:  MESSAGE
[ MESSAGE "MyAddNeutralPFOCovMat"] 	inputPfoCollection:  PandoraPFOs
[ MESSAGE "MyAddNeutralPFOCovMat"] 	isClusterEnergyKinEnergy:  false
[ MESSAGE "MyAddNeutralPFOCovMat"] 	outputPfoCollection:  PandoraPFO_updatedNeutralPFOs
[ MESSAGE "MyAddNeutralPFOCovMat"] 	updatePFO4Momentum:  false
[ MESSAGE "MyAddNeutralPFOCovMat"] 	useTrueJacobian:  false
[ MESSAGE "MyAddNeutralPFOCovMat"] -------------------------------------------------
[ MESSAGE "MyIsolatedLeptonTaggingProcessor"] 
[ MESSAGE "MyIsolatedLeptonTaggingProcessor"] ---- MyIsolatedLeptonTaggingProcessor -  parameters: 
[ MESSAGE "MyIsolatedLeptonTaggingProcessor"] 	CosConeLarge:  0.95
[ MESSAGE "MyIsolatedLeptonTaggingProcessor"] 	CosConeSmall:  0.98
[ MESSAGE "MyIsolatedLeptonTaggingProcessor"] 	CutOnTheISOElectronMVA:  2
[ MESSAGE "MyIsolatedLeptonTaggingProcessor"] 	CutOnTheISOMuonMVA:  0.7
[ MESSAGE "MyIsolatedLeptonTaggingProcessor"] 	DirOfISOElectronWeights:  /cvmfs/ilc.desy.de/sw/x86_64_gcc82_centos7/v02-02-03/MarlinReco/v01-32/Analysis/IsolatedLeptonTagging/example/isolated_electron_weights
[ MESSAGE "MyIsolatedLeptonTaggingProcessor"] 	DirOfISOMuonWeights:  /cvmfs/ilc.desy.de/sw/x86_64_gcc82_centos7/v02-02-03/MarlinReco/v01-32/Analysis/IsolatedLeptonTagging/example/isolated_muon_weights_woYoke
[ MESSAGE "MyIsolatedLeptonTaggingProcessor"] 	InputPandoraPFOsCollection:  PandoraPFOs
[ MESSAGE "MyIsolatedLeptonTaggingProcessor"] 	InputPrimaryVertexCollection:  PrimaryVertex
[ MESSAGE "MyIsolatedLeptonTaggingProcessor"] 	IsSelectingOneIsoLep:  false
[ MESSAGE "MyIsolatedLeptonTaggingProcessor"] 	MaxD0SigForElectron:  50
[ MESSAGE "MyIsolatedLeptonTaggingProcessor"] 	MaxD0SigForMuon:  20
[ MESSAGE "MyIsolatedLeptonTaggingProcessor"] 	MaxEOverPForElectron:  1.3
[ MESSAGE "MyIsolatedLeptonTaggingProcessor"] 	MaxEOverPForMuon:  0.3
[ MESSAGE "MyIsolatedLeptonTaggingProcessor"] 	MaxZ0SigForElectron:  50
[ MESSAGE "MyIsolatedLeptonTaggingProcessor"] 	MaxZ0SigForMuon:  20
[ MESSAGE "MyIsolatedLeptonTaggingProcessor"] 	MinEOverPForElectron:  0.5
[ MESSAGE "MyIsolatedLeptonTaggingProcessor"] 	MinEecalOverTotEForElectron:  0.9
[ MESSAGE "MyIsolatedLeptonTaggingProcessor"] 	MinEyokeForMuon:  1.2
[ MESSAGE "MyIsolatedLeptonTaggingProcessor"] 	MinPForElectron:  5
[ MESSAGE "MyIsolatedLeptonTaggingProcessor"] 	MinPForMuon:  5
[ MESSAGE "MyIsolatedLeptonTaggingProcessor"] 	OutputIsoLeptonsCollection:  ISOLeptons
[ MESSAGE "MyIsolatedLeptonTaggingProcessor"] 	OutputPFOsWithoutIsoLepCollection:  PandoraPFOsWithoutIsoLep
[ MESSAGE "MyIsolatedLeptonTaggingProcessor"] 	UseIP:  true
[ MESSAGE "MyIsolatedLeptonTaggingProcessor"] 	UseYokeForMuonID:  false
[ MESSAGE "MyIsolatedLeptonTaggingProcessor"] 	Verbosity:  MESSAGE
[ MESSAGE "MyIsolatedLeptonTaggingProcessor"] -------------------------------------------------
[ DEBUG "MyRemoveOverlay"] 	init called  
[ MESSAGE "MyRemoveOverlay"] 
[ MESSAGE "MyRemoveOverlay"] ---- MyRemoveOverlay -  parameters: 
[ MESSAGE "MyRemoveOverlay"] 	ClusterMCTruthLinkCollection:  ClusterMCTruthLink
[ MESSAGE "MyRemoveOverlay"] 	MCTruthClusterLinkCollection:  MCTruthClusterLink
[ MESSAGE "MyRemoveOverlay"] 	MCTruthTrackLinkCollection:  MCTruthMarlinTrkTracksLink
[ MESSAGE "MyRemoveOverlay"] 	MinWeightClusterMCTruthLink:  0.9
[ MESSAGE "MyRemoveOverlay"] 	MinWeightTrackMCTruthLink:  0.9
[ MESSAGE "MyRemoveOverlay"] 	TrackMCTruthLinkCollection:  MarlinTrkTracksMCTruthLink
[ MESSAGE "MyRemoveOverlay"] 	Verbosity:  DEBUG0
[ MESSAGE "MyRemoveOverlay"] 	inputPfoCollection:  PandoraPFOs
[ MESSAGE "MyRemoveOverlay"] 	outputPfoCollection:  PandoraPFOsEithoutOverlay
[ MESSAGE "MyRemoveOverlay"] -------------------------------------------------
[ WARNING "mytruejet"]  processing event: 182401   in run:  500076
[ MESSAGE4 "mytruejet"]  =====================================
[ MESSAGE "MyChargedPFOCorrection"] 
[ MESSAGE "MyChargedPFOCorrection"] 	////////////////////////////////////////////////////////////////////////////
[ MESSAGE "MyChargedPFOCorrection"] 	////////////////////	Processing event 	182401	////////////////////
[ MESSAGE "MyChargedPFOCorrection"] 	////////////////////////////////////////////////////////////////////////////
[ MESSAGE "MyAddNeutralPFOCovMat"] 
[ MESSAGE "MyAddNeutralPFOCovMat"] 	////////////////////////////////////////////////////////////////////////////
[ MESSAGE "MyAddNeutralPFOCovMat"] 	////////////////////	Processing event 	182401	////////////////////
[ MESSAGE "MyAddNeutralPFOCovMat"] 	////////////////////////////////////////////////////////////////////////////
[ MESSAGE "MyRemoveOverlay"] 
[ MESSAGE "MyRemoveOverlay"] 		////////////////////////////////////////////////////////////////////////////
[ MESSAGE "MyRemoveOverlay"] 		////////////////////	Processing event 	182401	////////////////////
[ MESSAGE "MyRemoveOverlay"] 		////////////////////////////////////////////////////////////////////////////
[ DEBUG9 "MyRemoveOverlay"] 		Total Number of PFOs: 64
[ DEBUG8 "MyRemoveOverlay"] 
[ DEBUG8 "MyRemoveOverlay"] 		-------------------------------------------------------
[ DEBUG8 "MyRemoveOverlay"] 		Processing PFO at index 0
[ DEBUG5 "MyRemoveOverlay"] ------------------ ReconstructedParticle -----------------------------
[ DEBUG5 "MyRemoveOverlay"] Id                                                              0x1534
[ DEBUG5 "MyRemoveOverlay"] Compound                                                             0
[ DEBUG5 "MyRemoveOverlay"] Type                                                               211
[ DEBUG5 "MyRemoveOverlay"] Momentum (x,y,z)                       -1.12e-01, -6.24e-01, -2.77e-01
[ DEBUG5 "MyRemoveOverlay"] Mass [GeV]                                                    1.40e-01
[ DEBUG5 "MyRemoveOverlay"] Charge [e]                                                    1.00e+00
[ DEBUG5 "MyRemoveOverlay"] Energy [GeV]                                                  7.06e-01
[ DEBUG5 "MyRemoveOverlay"] ReferencePoint                         -3.06e+00, -1.60e+01, -7.06e+00
[ DEBUG5 "MyRemoveOverlay"] ParticleIDUsed                                                       0
[ DEBUG5 "MyRemoveOverlay"] GoodnessOfPID                                                 0.00e+00
[ DEBUG5 "MyRemoveOverlay"] Covariance p,E:  5.15e-07, -2.12e-08, 3.23e-07, -1.70e-08, -8.22e-08, 
[ DEBUG5 "MyRemoveOverlay"]                  4.77e-07, -5.61e-08, -2.50e-07, -1.12e-07, 2.74e-07
[ DEBUG5 "MyRemoveOverlay"] Particles id:    
[ DEBUG5 "MyRemoveOverlay"] Tracks id:    [00000737]
[ DEBUG5 "MyRemoveOverlay"] Clusters id:  
[ DEBUG5 "MyRemoveOverlay"] Particle ids ( [id], PDG, (type)): 
[ DEBUG5 "MyRemoveOverlay"]                  [00001535], 000211, (000000) 
[ DEBUG5 "MyRemoveOverlay"]                  [00001536], 000211, (000000) 
[ DEBUG5 "MyRemoveOverlay"]                  [00001537], 000011, (000000) 
[ DEBUG5 "MyRemoveOverlay"]                  [00001538], 000011, (000000) 
[ DEBUG5 "MyRemoveOverlay"]                  [00001539], 000000, (000000) 
[ DEBUG5 "MyRemoveOverlay"] 
[ DEBUG5 "MyRemoveOverlay"] 
[ DEBUG0 "MyRemoveOverlay"] 	MCParticle at index: 0 has PDG: 211 and MCParticle to Track link weight is 1.00e+00
[ DEBUG0 "MyRemoveOverlay"] 	MCParticle at index: 0 with PDG code: 211 has highest link weight to input track
[ DEBUG6 "MyRemoveOverlay"] 		Track is not linked to a MCParticle
[ DEBUG7 "MyRemoveOverlay"] 		********** PFO AT INDEX 0 IS NOT OVERLAY **********
[ DEBUG8 "MyRemoveOverlay"] 
[ DEBUG8 "MyRemoveOverlay"] 		-------------------------------------------------------
[ DEBUG8 "MyRemoveOverlay"] 		Processing PFO at index 1
[ DEBUG5 "MyRemoveOverlay"] ------------------ ReconstructedParticle -----------------------------
[ DEBUG5 "MyRemoveOverlay"] Id                                                              0x1540
[ DEBUG5 "MyRemoveOverlay"] Compound                                                             0
[ DEBUG5 "MyRemoveOverlay"] Type                                                              -211
[ DEBUG5 "MyRemoveOverlay"] Momentum (x,y,z)                       -9.39e-01, +8.67e-02, -2.19e+00
[ DEBUG5 "MyRemoveOverlay"] Mass [GeV]                                                    1.40e-01
[ DEBUG5 "MyRemoveOverlay"] Charge [e]                                                   -1.00e+00
[ DEBUG5 "MyRemoveOverlay"] Energy [GeV]                                                  2.38e+00
[ DEBUG5 "MyRemoveOverlay"] ReferencePoint                         -1.73e+01, +1.41e+00, -4.01e+01
[ DEBUG5 "MyRemoveOverlay"] ParticleIDUsed                                                       0
[ DEBUG5 "MyRemoveOverlay"] GoodnessOfPID                                                 0.00e+00
[ DEBUG5 "MyRemoveOverlay"] Covariance p,E:  6.44e-06, -3.24e-07, 9.37e-07, 1.29e-05, -7.78e-07, 
[ DEBUG5 "MyRemoveOverlay"]                  3.08e-05, -1.43e-05, 8.75e-07, -3.33e-05, 3.62e-05
[ DEBUG5 "MyRemoveOverlay"] Particles id:    
[ DEBUG5 "MyRemoveOverlay"] Tracks id:    [00000807]
[ DEBUG5 "MyRemoveOverlay"] Clusters id:  [00001479]
[ DEBUG5 "MyRemoveOverlay"] Particle ids ( [id], PDG, (type)): 
[ DEBUG5 "MyRemoveOverlay"]                  [00001541], 000211, (000000) 
[ DEBUG5 "MyRemoveOverlay"]                  [00001542], 000000, (000000) 
[ DEBUG5 "MyRemoveOverlay"]                  [00001543], 000000, (000000) 
[ DEBUG5 "MyRemoveOverlay"]                  [00001544], 000000, (000000) 
[ DEBUG5 "MyRemoveOverlay"]                  [00001545], 000000, (000000) 
[ DEBUG5 "MyRemoveOverlay"]                  [00001546], 000000, (000000) 
[ DEBUG5 "MyRemoveOverlay"]                  [00001547], 000211, (000000) 
[ DEBUG5 "MyRemoveOverlay"]                  [00001548], 000211, (000000) 
[ DEBUG5 "MyRemoveOverlay"]                  [00001549], 000011, (000000) 
[ DEBUG5 "MyRemoveOverlay"] 
[ DEBUG5 "MyRemoveOverlay"] 
[ DEBUG0 "MyRemoveOverlay"] 	MCParticle at index: 0 has PDG: -211 and MCParticle to Track link weight is 1.00e+00
[ DEBUG0 "MyRemoveOverlay"] 	MCParticle at index: 0 with PDG code: -211 has highest link weight to input track
[ DEBUG0 "MyRemoveOverlay"] 	Track at index: 0 has highest link weight to MCParticle = 9.59e-01
[ DEBUG0 "MyRemoveOverlay"] 	Track linked to MCParticle with highest weight
[ DEBUG6 "MyRemoveOverlay"] 		Found a linked MCParticle to track
[ DEBUG5 "MyRemoveOverlay"] ----------------------------- MCParticle -----------------------------
[ DEBUG5 "MyRemoveOverlay"] Id                                                                 280
[ DEBUG5 "MyRemoveOverlay"] PDG                                                               -211
[ DEBUG5 "MyRemoveOverlay"] Energy [GeV]                                                  2.38e+00
[ DEBUG5 "MyRemoveOverlay"] Momentum [GeV] (x,y,z)                   -0.936962, 0.085698, -2.18114
[ DEBUG5 "MyRemoveOverlay"] Momentum at Endpoint[GeV] (x,y,z)                               -0, -0, -0
[ DEBUG5 "MyRemoveOverlay"] GeneratorStatus                                                      1
[ DEBUG5 "MyRemoveOverlay"] Vertex [mm] (x,y,z)             -3.50366e-310, 7.28128e-311, 0.0570369
[ DEBUG5 "MyRemoveOverlay"] Endpoint [mm] (x,y,z)                     -882.133, -481.699, -2486.69
[ DEBUG5 "MyRemoveOverlay"] Mass [GeV]                                                    1.40e-01
[ DEBUG5 "MyRemoveOverlay"] Charge                                                       -1.00e+00
[ DEBUG5 "MyRemoveOverlay"] Parents                                                              1
[ DEBUG5 "MyRemoveOverlay"] Daughters                                                            0
[ DEBUG5 "MyRemoveOverlay"] simulator status bits: [sbvtcls]  s: created in simulation b: backscatter v: vertex is not endpoint of parent t: decayed in tracker c: decayed in calorimeter l: has left detector s: stopped o: overlay
[ DEBUG5 "MyRemoveOverlay"] [    c s ]
[ DEBUG5 "MyRemoveOverlay"] 
[ DEBUG6 "MyRemoveOverlay"] 		Cluster is not linked to a MCParticle
[ DEBUG7 "MyRemoveOverlay"] 		********** PFO AT INDEX 1 IS NOT OVERLAY **********
[ DEBUG8 "MyRemoveOverlay"] 
[ DEBUG8 "MyRemoveOverlay"] 		-------------------------------------------------------
[ DEBUG8 "MyRemoveOverlay"] 		Processing PFO at index 2
[ DEBUG5 "MyRemoveOverlay"] ------------------ ReconstructedParticle -----------------------------
[ DEBUG5 "MyRemoveOverlay"] Id                                                              0x1550
[ DEBUG5 "MyRemoveOverlay"] Compound                                                             0
[ DEBUG5 "MyRemoveOverlay"] Type                                                              -211
[ DEBUG5 "MyRemoveOverlay"] Momentum (x,y,z)                       -2.87e-01, +3.57e-01, -9.68e-01
[ DEBUG5 "MyRemoveOverlay"] Mass [GeV]                                                    1.40e-01
[ DEBUG5 "MyRemoveOverlay"] Charge [e]                                                   -1.00e+00
[ DEBUG5 "MyRemoveOverlay"] Energy [GeV]                                                  1.08e+00
[ DEBUG5 "MyRemoveOverlay"] ReferencePoint                         -3.37e+02, +1.64e+02, -8.26e+02
[ DEBUG5 "MyRemoveOverlay"] ParticleIDUsed                                                       0
[ DEBUG5 "MyRemoveOverlay"] GoodnessOfPID                                                 0.00e+00
[ DEBUG5 "MyRemoveOverlay"] Covariance p,E:  1.74e-05, -1.44e-07, 7.20e-06, -1.82e-06, 2.28e-06, 
[ DEBUG5 "MyRemoveOverlay"]                  6.44e-06, -3.04e-06, 3.76e-07, -4.54e-06, 5.00e-06
[ DEBUG5 "MyRemoveOverlay"] Particles id:    
[ DEBUG5 "MyRemoveOverlay"] Tracks id:    [00000907]
[ DEBUG5 "MyRemoveOverlay"] Clusters id:  [00001480]
[ DEBUG5 "MyRemoveOverlay"] Particle ids ( [id], PDG, (type)): 
[ DEBUG5 "MyRemoveOverlay"]                  [00001551], 000211, (000000) 
[ DEBUG5 "MyRemoveOverlay"]                  [00001552], 000000, (000000) 
[ DEBUG5 "MyRemoveOverlay"]                  [00001553], 000000, (000000) 
[ DEBUG5 "MyRemoveOverlay"]                  [00001554], 000000, (000000) 
[ DEBUG5 "MyRemoveOverlay"]                  [00001555], 000000, (000000) 
[ DEBUG5 "MyRemoveOverlay"]                  [00001556], 000000, (000000) 
[ DEBUG5 "MyRemoveOverlay"]                  [00001557], 000013, (000000) 
[ DEBUG5 "MyRemoveOverlay"]                  [00001558], 000011, (000000) 
[ DEBUG5 "MyRemoveOverlay"]                  [00001559], 000211, (000000) 
[ DEBUG5 "MyRemoveOverlay"] 
[ DEBUG5 "MyRemoveOverlay"] 
[ DEBUG0 "MyRemoveOverlay"] 	MCParticle at index: 0 has PDG: -211 and MCParticle to Track link weight is 1.00e+00
[ DEBUG0 "MyRemoveOverlay"] 	MCParticle at index: 0 with PDG code: -211 has highest link weight to input track
[ DEBUG0 "MyRemoveOverlay"] 	Track at index: 0 has highest link weight to MCParticle = 9.01e-01
[ DEBUG0 "MyRemoveOverlay"] 	Track linked to MCParticle with highest weight
[ DEBUG6 "MyRemoveOverlay"] 		Found a linked MCParticle to track
[ DEBUG5 "MyRemoveOverlay"] ----------------------------- MCParticle -----------------------------
[ DEBUG5 "MyRemoveOverlay"] Id                                                                 311
[ DEBUG5 "MyRemoveOverlay"] PDG                                                               -211
[ DEBUG5 "MyRemoveOverlay"] Energy [GeV]                                                  1.09e+00
[ DEBUG5 "MyRemoveOverlay"] Momentum [GeV] (x,y,z)                  -0.291961, 0.356452, -0.974537
[ DEBUG5 "MyRemoveOverlay"] Momentum at Endpoint[GeV] (x,y,z)                                0, -0, -0
[ DEBUG5 "MyRemoveOverlay"] GeneratorStatus                                                      1
[ DEBUG5 "MyRemoveOverlay"] Vertex [mm] (x,y,z)              -4.4284e-308, 2.37359e-308, 0.0570369
[ DEBUG5 "MyRemoveOverlay"] Endpoint [mm] (x,y,z)                     -766.069, -352.848, -2457.33
[ DEBUG5 "MyRemoveOverlay"] Mass [GeV]                                                    1.40e-01
[ DEBUG5 "MyRemoveOverlay"] Charge                                                       -1.00e+00
[ DEBUG5 "MyRemoveOverlay"] Parents                                                              1
[ DEBUG5 "MyRemoveOverlay"] Daughters                                                            0
[ DEBUG5 "MyRemoveOverlay"] simulator status bits: [sbvtcls]  s: created in simulation b: backscatter v: vertex is not endpoint of parent t: decayed in tracker c: decayed in calorimeter l: has left detector s: stopped o: overlay
[ DEBUG5 "MyRemoveOverlay"] [    c s ]
[ DEBUG5 "MyRemoveOverlay"] 
[ DEBUG0 "MyRemoveOverlay"] 	MCParticle at index: 0 has PDG: -211 and MCParticle to Cluster link weight is 1.00e+00
[ DEBUG0 "MyRemoveOverlay"] 	MCParticle at index: 0 with PDG code: -211 has highest link weight to input cluster
[ DEBUG6 "MyRemoveOverlay"] 		Cluster is not linked to a MCParticle
[ DEBUG7 "MyRemoveOverlay"] 		********** PFO AT INDEX 2 IS NOT OVERLAY **********
[ DEBUG8 "MyRemoveOverlay"] 
[ DEBUG8 "MyRemoveOverlay"] 		-------------------------------------------------------
[ DEBUG8 "MyRemoveOverlay"] 		Processing PFO at index 3
[ DEBUG5 "MyRemoveOverlay"] ------------------ ReconstructedParticle -----------------------------
[ DEBUG5 "MyRemoveOverlay"] Id                                                              0x1560
[ DEBUG5 "MyRemoveOverlay"] Compound                                                             0
[ DEBUG5 "MyRemoveOverlay"] Type                                                              -321
[ DEBUG5 "MyRemoveOverlay"] Momentum (x,y,z)                       -7.48e-01, +6.17e-01, -2.97e+00
[ DEBUG5 "MyRemoveOverlay"] Mass [GeV]                                                    4.94e-01
[ DEBUG5 "MyRemoveOverlay"] Charge [e]                                                   -1.00e+00
[ DEBUG5 "MyRemoveOverlay"] Energy [GeV]                                                  3.16e+00
[ DEBUG5 "MyRemoveOverlay"] ReferencePoint                         -1.33e+01, +1.08e+01, -5.23e+01
[ DEBUG5 "MyRemoveOverlay"] ParticleIDUsed                                                       0
[ DEBUG5 "MyRemoveOverlay"] GoodnessOfPID                                                 0.00e+00
[ DEBUG5 "MyRemoveOverlay"] Covariance p,E:  1.28e-05, -8.73e-06, 8.50e-06, 4.40e-05, -3.42e-05, 
[ DEBUG5 "MyRemoveOverlay"]                  1.72e-04, -4.61e-05, 3.59e-05, -1.79e-04, 1.86e-04
[ DEBUG5 "MyRemoveOverlay"] Particles id:    
[ DEBUG5 "MyRemoveOverlay"] Tracks id:    [00000752]
[ DEBUG5 "MyRemoveOverlay"] Clusters id:  [00001481]
[ DEBUG5 "MyRemoveOverlay"] Particle ids ( [id], PDG, (type)): 
[ DEBUG5 "MyRemoveOverlay"]                  [00001561], 002212, (000000) 
[ DEBUG5 "MyRemoveOverlay"]                  [00001562], 000000, (000000) 
[ DEBUG5 "MyRemoveOverlay"]                  [00001563], 000000, (000000) 
[ DEBUG5 "MyRemoveOverlay"]                  [00001564], 000000, (000000) 
[ DEBUG5 "MyRemoveOverlay"]                  [00001565], 000000, (000000) 
[ DEBUG5 "MyRemoveOverlay"]                  [00001566], 000000, (000000) 
[ DEBUG5 "MyRemoveOverlay"]                  [00001567], 000011, (000000) 
[ DEBUG5 "MyRemoveOverlay"]                  [00001568], 002212, (000000) 
[ DEBUG5 "MyRemoveOverlay"]                  [00001569], 000011, (000000) 
[ DEBUG5 "MyRemoveOverlay"] 
[ DEBUG5 "MyRemoveOverlay"] 
[ DEBUG0 "MyRemoveOverlay"] 	MCParticle at index: 0 has PDG: -321 and MCParticle to Track link weight is 1.00e+00
[ DEBUG0 "MyRemoveOverlay"] 	MCParticle at index: 0 with PDG code: -321 has highest link weight to input track
[ DEBUG6 "MyRemoveOverlay"] 		Track is not linked to a MCParticle
[ DEBUG0 "MyRemoveOverlay"] 	MCParticle at index: 0 has PDG: -321 and MCParticle to Cluster link weight is 9.66e-01
[ DEBUG0 "MyRemoveOverlay"] 	MCParticle at index: 0 with PDG code: -321 has highest link weight to input cluster
[ DEBUG6 "MyRemoveOverlay"] 		Cluster is not linked to a MCParticle
[ DEBUG7 "MyRemoveOverlay"] 		********** PFO AT INDEX 3 IS NOT OVERLAY **********
[ DEBUG8 "MyRemoveOverlay"] 
[ DEBUG8 "MyRemoveOverlay"] 		-------------------------------------------------------
[ DEBUG8 "MyRemoveOverlay"] 		Processing PFO at index 4
[ DEBUG5 "MyRemoveOverlay"] ------------------ ReconstructedParticle -----------------------------
[ DEBUG5 "MyRemoveOverlay"] Id                                                              0x1570
[ DEBUG5 "MyRemoveOverlay"] Compound                                                             0
[ DEBUG5 "MyRemoveOverlay"] Type                                                               211
[ DEBUG5 "MyRemoveOverlay"] Momentum (x,y,z)                       -2.28e+00, +1.02e+00, -7.65e+00
[ DEBUG5 "MyRemoveOverlay"] Mass [GeV]                                                    1.40e-01
[ DEBUG5 "MyRemoveOverlay"] Charge [e]                                                    1.00e+00
[ DEBUG5 "MyRemoveOverlay"] Energy [GeV]                                                  8.04e+00
[ DEBUG5 "MyRemoveOverlay"] ReferencePoint                         -1.46e+01, +6.63e+00, -4.92e+01
[ DEBUG5 "MyRemoveOverlay"] ParticleIDUsed                                                       0
[ DEBUG5 "MyRemoveOverlay"] GoodnessOfPID                                                 0.00e+00
[ DEBUG5 "MyRemoveOverlay"] Covariance p,E:  1.00e-04, -4.53e-05, 2.26e-05, 3.32e-04, -1.53e-04, 
[ DEBUG5 "MyRemoveOverlay"]                  1.12e-03, -3.50e-04, 1.61e-04, -1.18e-03, 1.24e-03
[ DEBUG5 "MyRemoveOverlay"] Particles id:    
[ DEBUG5 "MyRemoveOverlay"] Tracks id:    [00000732]
[ DEBUG5 "MyRemoveOverlay"] Clusters id:  [00001482]
[ DEBUG5 "MyRemoveOverlay"] Particle ids ( [id], PDG, (type)): 
[ DEBUG5 "MyRemoveOverlay"]                  [00001571], 000321, (000000) 
[ DEBUG5 "MyRemoveOverlay"]                  [00001572], 000000, (000000) 
[ DEBUG5 "MyRemoveOverlay"]                  [00001573], 000000, (000000) 
[ DEBUG5 "MyRemoveOverlay"]                  [00001574], 000000, (000000) 
[ DEBUG5 "MyRemoveOverlay"]                  [00001575], 000000, (000000) 
[ DEBUG5 "MyRemoveOverlay"]                  [00001576], 000000, (000000) 
[ DEBUG5 "MyRemoveOverlay"]                  [00001577], 000013, (000000) 
[ DEBUG5 "MyRemoveOverlay"]                  [00001578], 000211, (000000) 
[ DEBUG5 "MyRemoveOverlay"]                  [00001579], 000321, (000000) 
[ DEBUG5 "MyRemoveOverlay"] 
[ DEBUG5 "MyRemoveOverlay"] 
[ DEBUG0 "MyRemoveOverlay"] 	MCParticle at index: 0 has PDG: 211 and MCParticle to Track link weight is 1.00e+00
[ DEBUG0 "MyRemoveOverlay"] 	MCParticle at index: 0 with PDG code: 211 has highest link weight to input track
[ DEBUG0 "MyRemoveOverlay"] 	Track at index: 0 has highest link weight to MCParticle = 9.85e-01
[ DEBUG0 "MyRemoveOverlay"] 	Track linked to MCParticle with highest weight
[ DEBUG6 "MyRemoveOverlay"] 		Found a linked MCParticle to track
[ DEBUG5 "MyRemoveOverlay"] ----------------------------- MCParticle -----------------------------
[ DEBUG5 "MyRemoveOverlay"] Id                                                                 310
[ DEBUG5 "MyRemoveOverlay"] PDG                                                                211
[ DEBUG5 "MyRemoveOverlay"] Energy [GeV]                                                  8.05e+00
[ DEBUG5 "MyRemoveOverlay"] Momentum [GeV] (x,y,z)                     -2.28127, 1.02278, -7.65525
[ DEBUG5 "MyRemoveOverlay"] Momentum at Endpoint[GeV] (x,y,z)                                -0, 0, -0
[ DEBUG5 "MyRemoveOverlay"] GeneratorStatus                                                      1
[ DEBUG5 "MyRemoveOverlay"] Vertex [mm] (x,y,z)              -4.4284e-308, 2.37359e-308, 0.0570369
[ DEBUG5 "MyRemoveOverlay"] Endpoint [mm] (x,y,z)                      -658.246, 437.524, -2432.44
[ DEBUG5 "MyRemoveOverlay"] Mass [GeV]                                                    1.40e-01
[ DEBUG5 "MyRemoveOverlay"] Charge                                                        1.00e+00
[ DEBUG5 "MyRemoveOverlay"] Parents                                                              1
[ DEBUG5 "MyRemoveOverlay"] Daughters                                                            0
[ DEBUG5 "MyRemoveOverlay"] simulator status bits: [sbvtcls]  s: created in simulation b: backscatter v: vertex is not endpoint of parent t: decayed in tracker c: decayed in calorimeter l: has left detector s: stopped o: overlay
[ DEBUG5 "MyRemoveOverlay"] [    c s ]
[ DEBUG5 "MyRemoveOverlay"] 
[ DEBUG0 "MyRemoveOverlay"] 	MCParticle at index: 3 has PDG: 211 and MCParticle to Cluster link weight is 9.90e-01
[ DEBUG0 "MyRemoveOverlay"] 	MCParticle at index: 3 with PDG code: 211 has highest link weight to input cluster
[ DEBUG0 "MyRemoveOverlay"] 	Cluster at index: 1 has highest link weight to MCParticle = 9.40e-01
[ DEBUG0 "MyRemoveOverlay"] 	Cluster linked to MCParticle with highest weight
[ DEBUG6 "MyRemoveOverlay"] 		Found a linked MCParticle to cluster
[ DEBUG5 "MyRemoveOverlay"] ----------------------------- MCParticle -----------------------------
[ DEBUG5 "MyRemoveOverlay"] Id                                                                 310
[ DEBUG5 "MyRemoveOverlay"] PDG                                                                211
[ DEBUG5 "MyRemoveOverlay"] Energy [GeV]                                                  8.05e+00
[ DEBUG5 "MyRemoveOverlay"] Momentum [GeV] (x,y,z)                     -2.28127, 1.02278, -7.65525
[ DEBUG5 "MyRemoveOverlay"] Momentum at Endpoint[GeV] (x,y,z)                                -0, 0, -0
[ DEBUG5 "MyRemoveOverlay"] GeneratorStatus                                                      1
[ DEBUG5 "MyRemoveOverlay"] Vertex [mm] (x,y,z)              -4.4284e-308, 2.37359e-308, 0.0570369
[ DEBUG5 "MyRemoveOverlay"] Endpoint [mm] (x,y,z)                      -658.246, 437.524, -2432.44
[ DEBUG5 "MyRemoveOverlay"] Mass [GeV]                                                    1.40e-01
[ DEBUG5 "MyRemoveOverlay"] Charge                                                        1.00e+00
[ DEBUG5 "MyRemoveOverlay"] Parents                                                              1
[ DEBUG5 "MyRemoveOverlay"] Daughters                                                            0
[ DEBUG5 "MyRemoveOverlay"] simulator status bits: [sbvtcls]  s: created in simulation b: backscatter v: vertex is not endpoint of parent t: decayed in tracker c: decayed in calorimeter l: has left detector s: stopped o: overlay
[ DEBUG5 "MyRemoveOverlay"] [    c s ]
[ DEBUG5 "MyRemoveOverlay"] 
[ DEBUG7 "MyRemoveOverlay"] 		********** PFO AT INDEX 4 IS NOT OVERLAY **********
[ DEBUG8 "MyRemoveOverlay"] 
[ DEBUG8 "MyRemoveOverlay"] 		-------------------------------------------------------
[ DEBUG8 "MyRemoveOverlay"] 		Processing PFO at index 5
[ DEBUG5 "MyRemoveOverlay"] ------------------ ReconstructedParticle -----------------------------
[ DEBUG5 "MyRemoveOverlay"] Id                                                              0x1580
[ DEBUG5 "MyRemoveOverlay"] Compound                                                             0
[ DEBUG5 "MyRemoveOverlay"] Type                                                               211
[ DEBUG5 "MyRemoveOverlay"] Momentum (x,y,z)                       -1.02e+00, +5.49e-01, -2.11e+00
[ DEBUG5 "MyRemoveOverlay"] Mass [GeV]                                                    1.40e-01
[ DEBUG5 "MyRemoveOverlay"] Charge [e]                                                    1.00e+00
[ DEBUG5 "MyRemoveOverlay"] Energy [GeV]                                                  2.41e+00
[ DEBUG5 "MyRemoveOverlay"] ReferencePoint                         -1.43e+01, +7.83e+00, -2.96e+01
[ DEBUG5 "MyRemoveOverlay"] ParticleIDUsed                                                       0
[ DEBUG5 "MyRemoveOverlay"] GoodnessOfPID                                                 0.00e+00
[ DEBUG5 "MyRemoveOverlay"] Covariance p,E:  3.29e-06, -1.32e-06, 1.80e-06, 4.90e-06, -2.80e-06, 
[ DEBUG5 "MyRemoveOverlay"]                  1.13e-05, -5.98e-06, 3.42e-06, -1.26e-05, 1.43e-05
[ DEBUG5 "MyRemoveOverlay"] Particles id:    
[ DEBUG5 "MyRemoveOverlay"] Tracks id:    [00000802]
[ DEBUG5 "MyRemoveOverlay"] Clusters id:  [00001483]
[ DEBUG5 "MyRemoveOverlay"] Particle ids ( [id], PDG, (type)): 
[ DEBUG5 "MyRemoveOverlay"]                  [00001581], 000211, (000000) 
[ DEBUG5 "MyRemoveOverlay"]                  [00001582], 000000, (000000) 
[ DEBUG5 "MyRemoveOverlay"]                  [00001583], 000000, (000000) 
[ DEBUG5 "MyRemoveOverlay"]                  [00001584], 000000, (000000) 
[ DEBUG5 "MyRemoveOverlay"]                  [00001585], 000000, (000000) 
[ DEBUG5 "MyRemoveOverlay"]                  [00001586], 000000, (000000) 
[ DEBUG5 "MyRemoveOverlay"]                  [00001587], 000011, (000000) 
[ DEBUG5 "MyRemoveOverlay"]                  [00001588], 000011, (000000) 
[ DEBUG5 "MyRemoveOverlay"]                  [00001589], 000211, (000000) 
[ DEBUG5 "MyRemoveOverlay"] 
[ DEBUG5 "MyRemoveOverlay"] 
[ DEBUG0 "MyRemoveOverlay"] 	MCParticle at index: 0 has PDG: 211 and MCParticle to Track link weight is 1.00e+00
[ DEBUG0 "MyRemoveOverlay"] 	MCParticle at index: 0 with PDG code: 211 has highest link weight to input track
[ DEBUG0 "MyRemoveOverlay"] 	Track at index: 0 has highest link weight to MCParticle = 9.79e-01
[ DEBUG0 "MyRemoveOverlay"] 	Track linked to MCParticle with highest weight
[ DEBUG6 "MyRemoveOverlay"] 		Found a linked MCParticle to track
[ DEBUG5 "MyRemoveOverlay"] ----------------------------- MCParticle -----------------------------
[ DEBUG5 "MyRemoveOverlay"] Id                                                                 285
[ DEBUG5 "MyRemoveOverlay"] PDG                                                                211
[ DEBUG5 "MyRemoveOverlay"] Energy [GeV]                                                  2.40e+00
[ DEBUG5 "MyRemoveOverlay"] Momentum [GeV] (x,y,z)                    -1.01414, 0.547381, -2.10451
[ DEBUG5 "MyRemoveOverlay"] Momentum at Endpoint[GeV] (x,y,z)                                 0, 0, -0
[ DEBUG5 "MyRemoveOverlay"] GeneratorStatus                                                      1
[ DEBUG5 "MyRemoveOverlay"] Vertex [mm] (x,y,z)             -4.30024e-310, 1.98679e-310, 0.0570369
[ DEBUG5 "MyRemoveOverlay"] Endpoint [mm] (x,y,z)                       -558.31, 1131.55, -2458.35
[ DEBUG5 "MyRemoveOverlay"] Mass [GeV]                                                    1.40e-01
[ DEBUG5 "MyRemoveOverlay"] Charge                                                        1.00e+00
[ DEBUG5 "MyRemoveOverlay"] Parents                                                              1
[ DEBUG5 "MyRemoveOverlay"] Daughters                                                            0
[ DEBUG5 "MyRemoveOverlay"] simulator status bits: [sbvtcls]  s: created in simulation b: backscatter v: vertex is not endpoint of parent t: decayed in tracker c: decayed in calorimeter l: has left detector s: stopped o: overlay
[ DEBUG5 "MyRemoveOverlay"] [    c s ]
[ DEBUG5 "MyRemoveOverlay"] 
[ DEBUG0 "MyRemoveOverlay"] 	MCParticle at index: 0 has PDG: 211 and MCParticle to Cluster link weight is 1.00e+00
[ DEBUG0 "MyRemoveOverlay"] 	MCParticle at index: 0 with PDG code: 211 has highest link weight to input cluster
[ DEBUG6 "MyRemoveOverlay"] 		Cluster is not linked to a MCParticle
[ DEBUG7 "MyRemoveOverlay"] 		********** PFO AT INDEX 5 IS NOT OVERLAY **********
[ DEBUG8 "MyRemoveOverlay"] 
[ DEBUG8 "MyRemoveOverlay"] 		-------------------------------------------------------
[ DEBUG8 "MyRemoveOverlay"] 		Processing PFO at index 6
[ DEBUG5 "MyRemoveOverlay"] ------------------ ReconstructedParticle -----------------------------
[ DEBUG5 "MyRemoveOverlay"] Id                                                              0x1590
[ DEBUG5 "MyRemoveOverlay"] Compound                                                             0
[ DEBUG5 "MyRemoveOverlay"] Type                                                               321
[ DEBUG5 "MyRemoveOverlay"] Momentum (x,y,z)                       -1.05e+00, +4.72e-01, -3.51e+00
[ DEBUG5 "MyRemoveOverlay"] Mass [GeV]                                                    4.94e-01
[ DEBUG5 "MyRemoveOverlay"] Charge [e]                                                    1.00e+00
[ DEBUG5 "MyRemoveOverlay"] Energy [GeV]                                                  3.73e+00
[ DEBUG5 "MyRemoveOverlay"] ReferencePoint                         -6.53e+01, +3.19e+01, -2.21e+02
[ DEBUG5 "MyRemoveOverlay"] ParticleIDUsed                                                       0
[ DEBUG5 "MyRemoveOverlay"] GoodnessOfPID                                                 0.00e+00
[ DEBUG5 "MyRemoveOverlay"] Covariance p,E:  2.39e-05, -1.03e-05, 1.18e-05, 6.28e-05, -3.53e-05, 
[ DEBUG5 "MyRemoveOverlay"]                  2.24e-04, -6.72e-05, 3.76e-05, -2.33e-04, 2.43e-04
[ DEBUG5 "MyRemoveOverlay"] Particles id:    
[ DEBUG5 "MyRemoveOverlay"] Tracks id:    [00000782]
[ DEBUG5 "MyRemoveOverlay"] Clusters id:  [00001484]
[ DEBUG5 "MyRemoveOverlay"] Particle ids ( [id], PDG, (type)): 
[ DEBUG5 "MyRemoveOverlay"]                  [00001591], 002212, (000000) 
[ DEBUG5 "MyRemoveOverlay"]                  [00001592], 000000, (000000) 
[ DEBUG5 "MyRemoveOverlay"]                  [00001593], 000000, (000000) 
[ DEBUG5 "MyRemoveOverlay"]                  [00001594], 000000, (000000) 
[ DEBUG5 "MyRemoveOverlay"]                  [00001595], 000000, (000000) 
[ DEBUG5 "MyRemoveOverlay"]                  [00001596], 000000, (000000) 
[ DEBUG5 "MyRemoveOverlay"]                  [00001597], 000013, (000000) 
[ DEBUG5 "MyRemoveOverlay"]                  [00001598], 000211, (000000) 
[ DEBUG5 "MyRemoveOverlay"]                  [00001599], 002212, (000000) 
[ DEBUG5 "MyRemoveOverlay"] 
[ DEBUG5 "MyRemoveOverlay"] 
[ DEBUG0 "MyRemoveOverlay"] 	MCParticle at index: 0 has PDG: 321 and MCParticle to Track link weight is 1.00e+00
[ DEBUG0 "MyRemoveOverlay"] 	MCParticle at index: 0 with PDG code: 321 has highest link weight to input track
[ DEBUG0 "MyRemoveOverlay"] 	Track at index: 0 has highest link weight to MCParticle = 9.12e-01
[ DEBUG0 "MyRemoveOverlay"] 	Track linked to MCParticle with highest weight
[ DEBUG6 "MyRemoveOverlay"] 		Found a linked MCParticle to track
[ DEBUG5 "MyRemoveOverlay"] ----------------------------- MCParticle -----------------------------
[ DEBUG5 "MyRemoveOverlay"] Id                                                                 282
[ DEBUG5 "MyRemoveOverlay"] PDG                                                                321
[ DEBUG5 "MyRemoveOverlay"] Energy [GeV]                                                  3.74e+00
[ DEBUG5 "MyRemoveOverlay"] Momentum [GeV] (x,y,z)                    -1.05672, 0.475034, -3.51839
[ DEBUG5 "MyRemoveOverlay"] Momentum at Endpoint[GeV] (x,y,z)                                -0, 0, -0
[ DEBUG5 "MyRemoveOverlay"] GeneratorStatus                                                      1
[ DEBUG5 "MyRemoveOverlay"] Vertex [mm] (x,y,z)                                    0, 0, 0.0570369
[ DEBUG5 "MyRemoveOverlay"] Endpoint [mm] (x,y,z)                       -571.486, 594.374, -2566.5
[ DEBUG5 "MyRemoveOverlay"] Mass [GeV]                                                    4.94e-01
[ DEBUG5 "MyRemoveOverlay"] Charge                                                        1.00e+00
[ DEBUG5 "MyRemoveOverlay"] Parents                                                              1
[ DEBUG5 "MyRemoveOverlay"] Daughters                                                            0
[ DEBUG5 "MyRemoveOverlay"] simulator status bits: [sbvtcls]  s: created in simulation b: backscatter v: vertex is not endpoint of parent t: decayed in tracker c: decayed in calorimeter l: has left detector s: stopped o: overlay
[ DEBUG5 "MyRemoveOverlay"] [    c s ]
[ DEBUG5 "MyRemoveOverlay"] 
[ DEBUG6 "MyRemoveOverlay"] 		Cluster is not linked to a MCParticle
[ DEBUG7 "MyRemoveOverlay"] 		********** PFO AT INDEX 6 IS NOT OVERLAY **********
[ DEBUG8 "MyRemoveOverlay"] 
[ DEBUG8 "MyRemoveOverlay"] 		-------------------------------------------------------
[ DEBUG8 "MyRemoveOverlay"] 		Processing PFO at index 7
[ DEBUG5 "MyRemoveOverlay"] ------------------ ReconstructedParticle -----------------------------
[ DEBUG5 "MyRemoveOverlay"] Id                                                              0x1600
[ DEBUG5 "MyRemoveOverlay"] Compound                                                             0
[ DEBUG5 "MyRemoveOverlay"] Type                                                              -211
[ DEBUG5 "MyRemoveOverlay"] Momentum (x,y,z)                       +8.66e-02, +2.82e-01, -1.53e-01
[ DEBUG5 "MyRemoveOverlay"] Mass [GeV]                                                    1.40e-01
[ DEBUG5 "MyRemoveOverlay"] Charge [e]                                                   -1.00e+00
[ DEBUG5 "MyRemoveOverlay"] Energy [GeV]                                                  3.61e-01
[ DEBUG5 "MyRemoveOverlay"] ReferencePoint                         +4.41e+00, +1.60e+01, -8.52e+00
[ DEBUG5 "MyRemoveOverlay"] ParticleIDUsed                                                       0
[ DEBUG5 "MyRemoveOverlay"] GoodnessOfPID                                                 0.00e+00
[ DEBUG5 "MyRemoveOverlay"] Covariance p,E:  2.91e-06, 1.09e-05, 5.06e-05, -5.79e-06, -2.66e-05, 
[ DEBUG5 "MyRemoveOverlay"]                  1.46e-05, 1.17e-05, 5.35e-05, -2.84e-05, 5.67e-05
[ DEBUG5 "MyRemoveOverlay"] Particles id:    
[ DEBUG5 "MyRemoveOverlay"] Tracks id:    [00000937]
[ DEBUG5 "MyRemoveOverlay"] Clusters id:  
[ DEBUG5 "MyRemoveOverlay"] Particle ids ( [id], PDG, (type)): 
[ DEBUG5 "MyRemoveOverlay"]                  [00001601], 000011, (000000) 
[ DEBUG5 "MyRemoveOverlay"]                  [00001602], 000011, (000000) 
[ DEBUG5 "MyRemoveOverlay"]                  [00001603], 000011, (000000) 
[ DEBUG5 "MyRemoveOverlay"]                  [00001604], 000011, (000000) 
[ DEBUG5 "MyRemoveOverlay"]                  [00001605], 000000, (000000) 
[ DEBUG5 "MyRemoveOverlay"] 
[ DEBUG5 "MyRemoveOverlay"] 
[ DEBUG0 "MyRemoveOverlay"] 	MCParticle at index: 0 has PDG: -211 and MCParticle to Track link weight is 1.00e+00
[ DEBUG0 "MyRemoveOverlay"] 	MCParticle at index: 0 with PDG code: -211 has highest link weight to input track
[ DEBUG6 "MyRemoveOverlay"] 		Track is not linked to a MCParticle
[ DEBUG7 "MyRemoveOverlay"] 		********** PFO AT INDEX 7 IS NOT OVERLAY **********
[ DEBUG8 "MyRemoveOverlay"] 
[ DEBUG8 "MyRemoveOverlay"] 		-------------------------------------------------------
[ DEBUG8 "MyRemoveOverlay"] 		Processing PFO at index 8
[ DEBUG5 "MyRemoveOverlay"] ------------------ ReconstructedParticle -----------------------------
[ DEBUG5 "MyRemoveOverlay"] Id                                                              0x1606
[ DEBUG5 "MyRemoveOverlay"] Compound                                                             0
[ DEBUG5 "MyRemoveOverlay"] Type                                                               211
[ DEBUG5 "MyRemoveOverlay"] Momentum (x,y,z)                       -8.24e-01, +6.35e-01, -2.17e+00
[ DEBUG5 "MyRemoveOverlay"] Mass [GeV]                                                    1.40e-01
[ DEBUG5 "MyRemoveOverlay"] Charge [e]                                                    1.00e+00
[ DEBUG5 "MyRemoveOverlay"] Energy [GeV]                                                  2.41e+00
[ DEBUG5 "MyRemoveOverlay"] ReferencePoint                         -1.46e+01, +6.70e+00, -4.88e+01
[ DEBUG5 "MyRemoveOverlay"] ParticleIDUsed                                                       0
[ DEBUG5 "MyRemoveOverlay"] GoodnessOfPID                                                 0.00e+00
[ DEBUG5 "MyRemoveOverlay"] Covariance p,E:  4.31e-06, -2.17e-06, 3.46e-06, 7.14e-06, -5.84e-06, 
[ DEBUG5 "MyRemoveOverlay"]                  2.08e-05, -8.48e-06, 6.91e-06, -2.27e-05, 2.52e-05
[ DEBUG5 "MyRemoveOverlay"] Particles id:    
[ DEBUG5 "MyRemoveOverlay"] Tracks id:    [00000917]
[ DEBUG5 "MyRemoveOverlay"] Clusters id:  [00001485]
[ DEBUG5 "MyRemoveOverlay"] Particle ids ( [id], PDG, (type)): 
[ DEBUG5 "MyRemoveOverlay"]                  [00001607], 000211, (000000) 
[ DEBUG5 "MyRemoveOverlay"]                  [00001608], 000000, (000000) 
[ DEBUG5 "MyRemoveOverlay"]                  [00001609], 000000, (000000) 
[ DEBUG5 "MyRemoveOverlay"]                  [00001610], 000000, (000000) 
[ DEBUG5 "MyRemoveOverlay"]                  [00001611], 000000, (000000) 
[ DEBUG5 "MyRemoveOverlay"]                  [00001612], 000000, (000000) 
[ DEBUG5 "MyRemoveOverlay"]                  [00001613], 000211, (000000) 
[ DEBUG5 "MyRemoveOverlay"]                  [00001614], 000013, (000000) 
[ DEBUG5 "MyRemoveOverlay"]                  [00001615], 000211, (000000) 
[ DEBUG5 "MyRemoveOverlay"] 
[ DEBUG5 "MyRemoveOverlay"] 
[ DEBUG0 "MyRemoveOverlay"] 	MCParticle at index: 1 has PDG: -13 and MCParticle to Track link weight is 9.91e-01
[ DEBUG0 "MyRemoveOverlay"] 	MCParticle at index: 1 with PDG code: -13 has highest link weight to input track
[ DEBUG0 "MyRemoveOverlay"] 	Track at index: 0 has highest link weight to MCParticle = 9.82e-01
[ DEBUG0 "MyRemoveOverlay"] 	Track linked to MCParticle with highest weight
[ DEBUG6 "MyRemoveOverlay"] 		Found a linked MCParticle to track
[ DEBUG5 "MyRemoveOverlay"] ----------------------------- MCParticle -----------------------------
[ DEBUG5 "MyRemoveOverlay"] Id                                                                 374
[ DEBUG5 "MyRemoveOverlay"] PDG                                                                -13
[ DEBUG5 "MyRemoveOverlay"] Energy [GeV]                                                  2.40e+00
[ DEBUG5 "MyRemoveOverlay"] Momentum [GeV] (x,y,z)                   -0.802026, 0.663925, -2.16101
[ DEBUG5 "MyRemoveOverlay"] Momentum at Endpoint[GeV] (x,y,z)                                 0, 0, -0
[ DEBUG5 "MyRemoveOverlay"] GeneratorStatus                                                      0
[ DEBUG5 "MyRemoveOverlay"] Vertex [mm] (x,y,z)                        -37.2919, 25.6599, -110.502
[ DEBUG5 "MyRemoveOverlay"] Endpoint [mm] (x,y,z)                        408.27, 1530.26, -4445.13
[ DEBUG5 "MyRemoveOverlay"] Mass [GeV]                                                    1.06e-01
[ DEBUG5 "MyRemoveOverlay"] Charge                                                        1.00e+00
[ DEBUG5 "MyRemoveOverlay"] Parents                                                              1
[ DEBUG5 "MyRemoveOverlay"] Daughters                                                            0
[ DEBUG5 "MyRemoveOverlay"] simulator status bits: [sbvtcls]  s: created in simulation b: backscatter v: vertex is not endpoint of parent t: decayed in tracker c: decayed in calorimeter l: has left detector s: stopped o: overlay
[ DEBUG5 "MyRemoveOverlay"] [s   c s ]
[ DEBUG5 "MyRemoveOverlay"] 
[ DEBUG6 "MyRemoveOverlay"] 		Cluster is not linked to a MCParticle
[ DEBUG7 "MyRemoveOverlay"] 		********** PFO AT INDEX 8 IS NOT OVERLAY **********
[ DEBUG8 "MyRemoveOverlay"] 
[ DEBUG8 "MyRemoveOverlay"] 		-------------------------------------------------------
[ DEBUG8 "MyRemoveOverlay"] 		Processing PFO at index 9
[ DEBUG5 "MyRemoveOverlay"] ------------------ ReconstructedParticle -----------------------------
[ DEBUG5 "MyRemoveOverlay"] Id                                                              0x1616
[ DEBUG5 "MyRemoveOverlay"] Compound                                                             0
[ DEBUG5 "MyRemoveOverlay"] Type                                                              -211
[ DEBUG5 "MyRemoveOverlay"] Momentum (x,y,z)                       +2.96e-01, -2.17e-01, -4.37e-01
[ DEBUG5 "MyRemoveOverlay"] Mass [GeV]                                                    1.40e-01
[ DEBUG5 "MyRemoveOverlay"] Charge [e]                                                   -1.00e+00
[ DEBUG5 "MyRemoveOverlay"] Energy [GeV]                                                  5.88e-01
[ DEBUG5 "MyRemoveOverlay"] ReferencePoint                         +1.37e+01, -9.50e+00, -1.99e+01
[ DEBUG5 "MyRemoveOverlay"] ParticleIDUsed                                                       0
[ DEBUG5 "MyRemoveOverlay"] GoodnessOfPID                                                 0.00e+00
[ DEBUG5 "MyRemoveOverlay"] Covariance p,E:  7.94e-07, -3.28e-08, 7.11e-07, -1.47e-07, 6.97e-08, 
[ DEBUG5 "MyRemoveOverlay"]                  8.55e-07, 5.21e-07, -3.31e-07, -7.36e-07, 9.33e-07
[ DEBUG5 "MyRemoveOverlay"] Particles id:    
[ DEBUG5 "MyRemoveOverlay"] Tracks id:    [00000767]
[ DEBUG5 "MyRemoveOverlay"] Clusters id:  [00001486]
[ DEBUG5 "MyRemoveOverlay"] Particle ids ( [id], PDG, (type)): 
[ DEBUG5 "MyRemoveOverlay"]                  [00001617], 000211, (000000) 
[ DEBUG5 "MyRemoveOverlay"]                  [00001618], 000211, (000000) 
[ DEBUG5 "MyRemoveOverlay"]                  [00001619], 000211, (000000) 
[ DEBUG5 "MyRemoveOverlay"]                  [00001620], 000011, (000000) 
[ DEBUG5 "MyRemoveOverlay"]                  [00001621], 000011, (000000) 
[ DEBUG5 "MyRemoveOverlay"] 
[ DEBUG5 "MyRemoveOverlay"] 
[ DEBUG0 "MyRemoveOverlay"] 	MCParticle at index: 0 has PDG: -211 and MCParticle to Track link weight is 1.00e+00
[ DEBUG0 "MyRemoveOverlay"] 	MCParticle at index: 0 with PDG code: -211 has highest link weight to input track
[ DEBUG6 "MyRemoveOverlay"] 		Track is not linked to a MCParticle
[ DEBUG0 "MyRemoveOverlay"] 	MCParticle at index: 0 has PDG: -211 and MCParticle to Cluster link weight is 1.00e+00
[ DEBUG0 "MyRemoveOverlay"] 	MCParticle at index: 0 with PDG code: -211 has highest link weight to input cluster
[ DEBUG0 "MyRemoveOverlay"] 	Cluster at index: 0 has highest link weight to MCParticle = 1.00e+00
[ DEBUG0 "MyRemoveOverlay"] 	Cluster linked to MCParticle with highest weight
[ DEBUG6 "MyRemoveOverlay"] 		Found a linked MCParticle to cluster
[ DEBUG5 "MyRemoveOverlay"] ----------------------------- MCParticle -----------------------------
[ DEBUG5 "MyRemoveOverlay"] Id                                                                 284
[ DEBUG5 "MyRemoveOverlay"] PDG                                                               -211
[ DEBUG5 "MyRemoveOverlay"] Energy [GeV]                                                  5.89e-01
[ DEBUG5 "MyRemoveOverlay"] Momentum [GeV] (x,y,z)                  0.296639, -0.215884, -0.439317
[ DEBUG5 "MyRemoveOverlay"] Momentum at Endpoint[GeV] (x,y,z)                                0, -0, -0
[ DEBUG5 "MyRemoveOverlay"] GeneratorStatus                                                      1
[ DEBUG5 "MyRemoveOverlay"] Vertex [mm] (x,y,z)             -4.30024e-310, 1.98679e-310, 0.0570369
[ DEBUG5 "MyRemoveOverlay"] Endpoint [mm] (x,y,z)                      -83.6578, 93.1633, -2445.58
[ DEBUG5 "MyRemoveOverlay"] Mass [GeV]                                                    1.40e-01
[ DEBUG5 "MyRemoveOverlay"] Charge                                                       -1.00e+00
[ DEBUG5 "MyRemoveOverlay"] Parents                                                              1
[ DEBUG5 "MyRemoveOverlay"] Daughters                                                            0
[ DEBUG5 "MyRemoveOverlay"] simulator status bits: [sbvtcls]  s: created in simulation b: backscatter v: vertex is not endpoint of parent t: decayed in tracker c: decayed in calorimeter l: has left detector s: stopped o: overlay
[ DEBUG5 "MyRemoveOverlay"] [    c s ]
[ DEBUG5 "MyRemoveOverlay"] 
[ DEBUG7 "MyRemoveOverlay"] 		********** PFO AT INDEX 9 IS NOT OVERLAY **********
[ DEBUG8 "MyRemoveOverlay"] 
[ DEBUG8 "MyRemoveOverlay"] 		-------------------------------------------------------
[ DEBUG8 "MyRemoveOverlay"] 		Processing PFO at index 10
[ DEBUG5 "MyRemoveOverlay"] ------------------ ReconstructedParticle -----------------------------
[ DEBUG5 "MyRemoveOverlay"] Id                                                              0x1622
[ DEBUG5 "MyRemoveOverlay"] Compound                                                             0
[ DEBUG5 "MyRemoveOverlay"] Type                                                              -211
[ DEBUG5 "MyRemoveOverlay"] Momentum (x,y,z)                       +8.10e-02, -1.73e-01, -2.38e-02
[ DEBUG5 "MyRemoveOverlay"] Mass [GeV]                                                    1.40e-01
[ DEBUG5 "MyRemoveOverlay"] Charge [e]                                                   -1.00e+00
[ DEBUG5 "MyRemoveOverlay"] Energy [GeV]                                                  2.38e-01
[ DEBUG5 "MyRemoveOverlay"] ReferencePoint                         +7.51e+00, -1.43e+01, -1.97e+00
[ DEBUG5 "MyRemoveOverlay"] ParticleIDUsed                                                       0
[ DEBUG5 "MyRemoveOverlay"] GoodnessOfPID                                                 0.00e+00
[ DEBUG5 "MyRemoveOverlay"] Covariance p,E:  6.27e-06, -9.20e-06, 1.54e-05, -1.34e-06, 2.17e-06, 
[ DEBUG5 "MyRemoveOverlay"]                  8.82e-07, 8.96e-06, -1.45e-05, -2.12e-06, 1.38e-05
[ DEBUG5 "MyRemoveOverlay"] Particles id:    
[ DEBUG5 "MyRemoveOverlay"] Tracks id:    [00000932]
[ DEBUG5 "MyRemoveOverlay"] Clusters id:  
[ DEBUG5 "MyRemoveOverlay"] Particle ids ( [id], PDG, (type)): 
[ DEBUG5 "MyRemoveOverlay"]                  [00001623], 000011, (000000) 
[ DEBUG5 "MyRemoveOverlay"]                  [00001624], 000011, (000000) 
[ DEBUG5 "MyRemoveOverlay"]                  [00001625], 000011, (000000) 
[ DEBUG5 "MyRemoveOverlay"]                  [00001626], 000011, (000000) 
[ DEBUG5 "MyRemoveOverlay"]                  [00001627], 000000, (000000) 
[ DEBUG5 "MyRemoveOverlay"] 
[ DEBUG5 "MyRemoveOverlay"] 
[ DEBUG0 "MyRemoveOverlay"] 	MCParticle at index: 0 has PDG: -211 and MCParticle to Track link weight is 1.00e+00
[ DEBUG0 "MyRemoveOverlay"] 	MCParticle at index: 0 with PDG code: -211 has highest link weight to input track
[ DEBUG6 "MyRemoveOverlay"] 		Track is not linked to a MCParticle
[ DEBUG7 "MyRemoveOverlay"] 		********** PFO AT INDEX 10 IS NOT OVERLAY **********
[ DEBUG8 "MyRemoveOverlay"] 
[ DEBUG8 "MyRemoveOverlay"] 		-------------------------------------------------------
[ DEBUG8 "MyRemoveOverlay"] 		Processing PFO at index 11
[ DEBUG5 "MyRemoveOverlay"] ------------------ ReconstructedParticle -----------------------------
[ DEBUG5 "MyRemoveOverlay"] Id                                                              0x1628
[ DEBUG5 "MyRemoveOverlay"] Compound                                                             0
[ DEBUG5 "MyRemoveOverlay"] Type                                                              -211
[ DEBUG5 "MyRemoveOverlay"] Momentum (x,y,z)                       +8.71e-02, -2.07e-01, -9.05e-02
[ DEBUG5 "MyRemoveOverlay"] Mass [GeV]                                                    1.40e-01
[ DEBUG5 "MyRemoveOverlay"] Charge [e]                                                   -1.00e+00
[ DEBUG5 "MyRemoveOverlay"] Energy [GeV]                                                  2.79e-01
[ DEBUG5 "MyRemoveOverlay"] ReferencePoint                         +6.88e+00, -1.48e+01, -6.47e+00
[ DEBUG5 "MyRemoveOverlay"] ParticleIDUsed                                                       0
[ DEBUG5 "MyRemoveOverlay"] GoodnessOfPID                                                 0.00e+00
[ DEBUG5 "MyRemoveOverlay"] Covariance p,E:  9.87e-07, -7.57e-07, 1.83e-06, -3.39e-07, 6.03e-07, 
[ DEBUG5 "MyRemoveOverlay"]                  8.24e-07, 9.79e-07, -1.79e-06, -8.19e-07, 1.90e-06
[ DEBUG5 "MyRemoveOverlay"] Particles id:    
[ DEBUG5 "MyRemoveOverlay"] Tracks id:    [00000842]
[ DEBUG5 "MyRemoveOverlay"] Clusters id:  
[ DEBUG5 "MyRemoveOverlay"] Particle ids ( [id], PDG, (type)): 
[ DEBUG5 "MyRemoveOverlay"]                  [00001629], 000011, (000000) 
[ DEBUG5 "MyRemoveOverlay"]                  [00001630], 000011, (000000) 
[ DEBUG5 "MyRemoveOverlay"]                  [00001631], 000000, (000000) 
[ DEBUG5 "MyRemoveOverlay"]                  [00001632], 000211, (000000) 
[ DEBUG5 "MyRemoveOverlay"]                  [00001633], 000211, (000000) 
[ DEBUG5 "MyRemoveOverlay"] 
[ DEBUG5 "MyRemoveOverlay"] 
[ DEBUG0 "MyRemoveOverlay"] 	MCParticle at index: 0 has PDG: -211 and MCParticle to Track link weight is 1.00e+00
[ DEBUG0 "MyRemoveOverlay"] 	MCParticle at index: 0 with PDG code: -211 has highest link weight to input track
[ DEBUG6 "MyRemoveOverlay"] 		Track is not linked to a MCParticle
[ DEBUG7 "MyRemoveOverlay"] 		********** PFO AT INDEX 11 IS NOT OVERLAY **********
[ DEBUG8 "MyRemoveOverlay"] 
[ DEBUG8 "MyRemoveOverlay"] 		-------------------------------------------------------
[ DEBUG8 "MyRemoveOverlay"] 		Processing PFO at index 12
[ DEBUG5 "MyRemoveOverlay"] ------------------ ReconstructedParticle -----------------------------
[ DEBUG5 "MyRemoveOverlay"] Id                                                              0x1634
[ DEBUG5 "MyRemoveOverlay"] Compound                                                             0
[ DEBUG5 "MyRemoveOverlay"] Type                                                                13
[ DEBUG5 "MyRemoveOverlay"] Momentum (x,y,z)                       -2.32e+00, +1.52e+00, -4.18e-01
[ DEBUG5 "MyRemoveOverlay"] Mass [GeV]                                                    1.06e-01
[ DEBUG5 "MyRemoveOverlay"] Charge [e]                                                   -1.00e+00
[ DEBUG5 "MyRemoveOverlay"] Energy [GeV]                                                  2.81e+00
[ DEBUG5 "MyRemoveOverlay"] ReferencePoint                         -1.37e+01, +9.60e+00, -2.59e+00
[ DEBUG5 "MyRemoveOverlay"] ParticleIDUsed                                                       0
[ DEBUG5 "MyRemoveOverlay"] GoodnessOfPID                                                 0.00e+00
[ DEBUG5 "MyRemoveOverlay"] Covariance p,E:  3.84e-06, -2.08e-06, 1.89e-06, 5.84e-07, -3.70e-07, 
[ DEBUG5 "MyRemoveOverlay"]                  6.69e-07, -4.39e-06, 2.80e-06, -7.83e-07, 5.26e-06
[ DEBUG5 "MyRemoveOverlay"] Particles id:    
[ DEBUG5 "MyRemoveOverlay"] Tracks id:    [00000817]
[ DEBUG5 "MyRemoveOverlay"] Clusters id:  [00001487]
[ DEBUG5 "MyRemoveOverlay"] Particle ids ( [id], PDG, (type)): 
[ DEBUG5 "MyRemoveOverlay"]                  [00001635], 002212, (000000) 
[ DEBUG5 "MyRemoveOverlay"]                  [00001636], 000000, (000000) 
[ DEBUG5 "MyRemoveOverlay"]                  [00001637], 000000, (000000) 
[ DEBUG5 "MyRemoveOverlay"]                  [00001638], 000000, (000000) 
[ DEBUG5 "MyRemoveOverlay"]                  [00001639], 000000, (000000) 
[ DEBUG5 "MyRemoveOverlay"]                  [00001640], 000000, (000000) 
[ DEBUG5 "MyRemoveOverlay"]                  [00001641], 000211, (000000) 
[ DEBUG5 "MyRemoveOverlay"]                  [00001642], 000211, (000000) 
[ DEBUG5 "MyRemoveOverlay"]                  [00001643], 000321, (000000) 
[ DEBUG5 "MyRemoveOverlay"] 
[ DEBUG5 "MyRemoveOverlay"] 
[ DEBUG0 "MyRemoveOverlay"] 	MCParticle at index: 0 has PDG: 13 and MCParticle to Track link weight is 1.00e+00
[ DEBUG0 "MyRemoveOverlay"] 	MCParticle at index: 0 with PDG code: 13 has highest link weight to input track
[ DEBUG0 "MyRemoveOverlay"] 	Track at index: 0 has highest link weight to MCParticle = 9.91e-01
[ DEBUG0 "MyRemoveOverlay"] 	Track linked to MCParticle with highest weight
[ DEBUG6 "MyRemoveOverlay"] 		Found a linked MCParticle to track
[ DEBUG5 "MyRemoveOverlay"] ----------------------------- MCParticle -----------------------------
[ DEBUG5 "MyRemoveOverlay"] Id                                                                 245
[ DEBUG5 "MyRemoveOverlay"] PDG                                                                 13
[ DEBUG5 "MyRemoveOverlay"] Energy [GeV]                                                  2.81e+00
[ DEBUG5 "MyRemoveOverlay"] Momentum [GeV] (x,y,z)                    -2.32917, 1.51713, -0.417518
[ DEBUG5 "MyRemoveOverlay"] Momentum at Endpoint[GeV] (x,y,z)                                 0, 0, -0
[ DEBUG5 "MyRemoveOverlay"] GeneratorStatus                                                      1
[ DEBUG5 "MyRemoveOverlay"] Vertex [mm] (x,y,z)                        -4.60699, 3.7266, -0.959375
[ DEBUG5 "MyRemoveOverlay"] Endpoint [mm] (x,y,z)                     -4521.84, -1606.48, -798.967
[ DEBUG5 "MyRemoveOverlay"] Mass [GeV]                                                    1.06e-01
[ DEBUG5 "MyRemoveOverlay"] Charge                                                       -1.00e+00
[ DEBUG5 "MyRemoveOverlay"] Parents                                                              1
[ DEBUG5 "MyRemoveOverlay"] Daughters                                                            0
[ DEBUG5 "MyRemoveOverlay"] simulator status bits: [sbvtcls]  s: created in simulation b: backscatter v: vertex is not endpoint of parent t: decayed in tracker c: decayed in calorimeter l: has left detector s: stopped o: overlay
[ DEBUG5 "MyRemoveOverlay"] [    c s ]
[ DEBUG5 "MyRemoveOverlay"] 
[ DEBUG0 "MyRemoveOverlay"] 	MCParticle at index: 0 has PDG: 13 and MCParticle to Cluster link weight is 9.03e-01
[ DEBUG0 "MyRemoveOverlay"] 	MCParticle at index: 0 with PDG code: 13 has highest link weight to input cluster
[ DEBUG0 "MyRemoveOverlay"] 	Cluster at index: 0 has highest link weight to MCParticle = 9.04e-01
[ DEBUG0 "MyRemoveOverlay"] 	Cluster linked to MCParticle with highest weight
[ DEBUG6 "MyRemoveOverlay"] 		Found a linked MCParticle to cluster
[ DEBUG5 "MyRemoveOverlay"] ----------------------------- MCParticle -----------------------------
[ DEBUG5 "MyRemoveOverlay"] Id                                                                 245
[ DEBUG5 "MyRemoveOverlay"] PDG                                                                 13
[ DEBUG5 "MyRemoveOverlay"] Energy [GeV]                                                  2.81e+00
[ DEBUG5 "MyRemoveOverlay"] Momentum [GeV] (x,y,z)                    -2.32917, 1.51713, -0.417518
[ DEBUG5 "MyRemoveOverlay"] Momentum at Endpoint[GeV] (x,y,z)                                 0, 0, -0
[ DEBUG5 "MyRemoveOverlay"] GeneratorStatus                                                      1
[ DEBUG5 "MyRemoveOverlay"] Vertex [mm] (x,y,z)                        -4.60699, 3.7266, -0.959375
[ DEBUG5 "MyRemoveOverlay"] Endpoint [mm] (x,y,z)                     -4521.84, -1606.48, -798.967
[ DEBUG5 "MyRemoveOverlay"] Mass [GeV]                                                    1.06e-01
[ DEBUG5 "MyRemoveOverlay"] Charge                                                       -1.00e+00
[ DEBUG5 "MyRemoveOverlay"] Parents                                                              1
[ DEBUG5 "MyRemoveOverlay"] Daughters                                                            0
[ DEBUG5 "MyRemoveOverlay"] simulator status bits: [sbvtcls]  s: created in simulation b: backscatter v: vertex is not endpoint of parent t: decayed in tracker c: decayed in calorimeter l: has left detector s: stopped o: overlay
[ DEBUG5 "MyRemoveOverlay"] [    c s ]
[ DEBUG5 "MyRemoveOverlay"] 
[ DEBUG7 "MyRemoveOverlay"] 		********** PFO AT INDEX 12 IS NOT OVERLAY **********
[ DEBUG8 "MyRemoveOverlay"] 
[ DEBUG8 "MyRemoveOverlay"] 		-------------------------------------------------------
[ DEBUG8 "MyRemoveOverlay"] 		Processing PFO at index 13
[ DEBUG5 "MyRemoveOverlay"] ------------------ ReconstructedParticle -----------------------------
[ DEBUG5 "MyRemoveOverlay"] Id                                                              0x1644
[ DEBUG5 "MyRemoveOverlay"] Compound                                                             0
[ DEBUG5 "MyRemoveOverlay"] Type                                                               211
[ DEBUG5 "MyRemoveOverlay"] Momentum (x,y,z)                       +1.41e+00, -3.24e+00, +8.35e-01
[ DEBUG5 "MyRemoveOverlay"] Mass [GeV]                                                    1.40e-01
[ DEBUG5 "MyRemoveOverlay"] Charge [e]                                                    1.00e+00
[ DEBUG5 "MyRemoveOverlay"] Energy [GeV]                                                  3.63e+00
[ DEBUG5 "MyRemoveOverlay"] ReferencePoint                         +6.50e+00, -1.50e+01, +3.93e+00
[ DEBUG5 "MyRemoveOverlay"] ParticleIDUsed                                                       0
[ DEBUG5 "MyRemoveOverlay"] GoodnessOfPID                                                 0.00e+00
[ DEBUG5 "MyRemoveOverlay"] Covariance p,E:  1.54e-06, -2.23e-06, 5.88e-06, 5.74e-07, -1.35e-06, 
[ DEBUG5 "MyRemoveOverlay"]                  9.45e-07, 2.71e-06, -6.41e-06, 1.64e-06, 7.15e-06
[ DEBUG5 "MyRemoveOverlay"] Particles id:    
[ DEBUG5 "MyRemoveOverlay"] Tracks id:    [00000742]
[ DEBUG5 "MyRemoveOverlay"] Clusters id:  [00001488]
[ DEBUG5 "MyRemoveOverlay"] Particle ids ( [id], PDG, (type)): 
[ DEBUG5 "MyRemoveOverlay"]                  [00001645], 000211, (000000) 
[ DEBUG5 "MyRemoveOverlay"]                  [00001646], 000000, (000000) 
[ DEBUG5 "MyRemoveOverlay"]                  [00001647], 000000, (000000) 
[ DEBUG5 "MyRemoveOverlay"]                  [00001648], 000000, (000000) 
[ DEBUG5 "MyRemoveOverlay"]                  [00001649], 000000, (000000) 
[ DEBUG5 "MyRemoveOverlay"]                  [00001650], 000000, (000000) 
[ DEBUG5 "MyRemoveOverlay"]                  [00001651], 000211, (000000) 
[ DEBUG5 "MyRemoveOverlay"]                  [00001652], 000011, (000000) 
[ DEBUG5 "MyRemoveOverlay"]                  [00001653], 000211, (000000) 
[ DEBUG5 "MyRemoveOverlay"] 
[ DEBUG5 "MyRemoveOverlay"] 
[ DEBUG0 "MyRemoveOverlay"] 	MCParticle at index: 0 has PDG: 211 and MCParticle to Track link weight is 1.00e+00
[ DEBUG0 "MyRemoveOverlay"] 	MCParticle at index: 0 with PDG code: 211 has highest link weight to input track
[ DEBUG0 "MyRemoveOverlay"] 	Track at index: 0 has highest link weight to MCParticle = 9.91e-01
[ DEBUG0 "MyRemoveOverlay"] 	Track linked to MCParticle with highest weight
[ DEBUG6 "MyRemoveOverlay"] 		Found a linked MCParticle to track
[ DEBUG5 "MyRemoveOverlay"] ----------------------------- MCParticle -----------------------------
[ DEBUG5 "MyRemoveOverlay"] Id                                                                 269
[ DEBUG5 "MyRemoveOverlay"] PDG                                                                211
[ DEBUG5 "MyRemoveOverlay"] Energy [GeV]                                                  3.63e+00
[ DEBUG5 "MyRemoveOverlay"] Momentum [GeV] (x,y,z)                       1.4099, -3.23962, 0.83551
[ DEBUG5 "MyRemoveOverlay"] Momentum at Endpoint[GeV] (x,y,z)                                -0, -0, 0
[ DEBUG5 "MyRemoveOverlay"] GeneratorStatus                                                      1
[ DEBUG5 "MyRemoveOverlay"] Vertex [mm] (x,y,z)              5.3934e-309, -1.00704e-308, 0.0570369
[ DEBUG5 "MyRemoveOverlay"] Endpoint [mm] (x,y,z)                       224.204, -1954.09, 471.842
[ DEBUG5 "MyRemoveOverlay"] Mass [GeV]                                                    1.40e-01
[ DEBUG5 "MyRemoveOverlay"] Charge                                                        1.00e+00
[ DEBUG5 "MyRemoveOverlay"] Parents                                                              1
[ DEBUG5 "MyRemoveOverlay"] Daughters                                                            0
[ DEBUG5 "MyRemoveOverlay"] simulator status bits: [sbvtcls]  s: created in simulation b: backscatter v: vertex is not endpoint of parent t: decayed in tracker c: decayed in calorimeter l: has left detector s: stopped o: overlay
[ DEBUG5 "MyRemoveOverlay"] [    c s ]
[ DEBUG5 "MyRemoveOverlay"] 
[ DEBUG0 "MyRemoveOverlay"] 	MCParticle at index: 0 has PDG: 211 and MCParticle to Cluster link weight is 1.00e+00
[ DEBUG0 "MyRemoveOverlay"] 	MCParticle at index: 0 with PDG code: 211 has highest link weight to input cluster
[ DEBUG6 "MyRemoveOverlay"] 		Cluster is not linked to a MCParticle
[ DEBUG7 "MyRemoveOverlay"] 		********** PFO AT INDEX 13 IS NOT OVERLAY **********
[ DEBUG8 "MyRemoveOverlay"] 
[ DEBUG8 "MyRemoveOverlay"] 		-------------------------------------------------------
[ DEBUG8 "MyRemoveOverlay"] 		Processing PFO at index 14
[ DEBUG5 "MyRemoveOverlay"] ------------------ ReconstructedParticle -----------------------------
[ DEBUG5 "MyRemoveOverlay"] Id                                                              0x1654
[ DEBUG5 "MyRemoveOverlay"] Compound                                                             0
[ DEBUG5 "MyRemoveOverlay"] Type                                                              -211
[ DEBUG5 "MyRemoveOverlay"] Momentum (x,y,z)                       +6.03e-01, -9.43e-01, +3.66e-01
[ DEBUG5 "MyRemoveOverlay"] Mass [GeV]                                                    1.40e-01
[ DEBUG5 "MyRemoveOverlay"] Charge [e]                                                   -1.00e+00
[ DEBUG5 "MyRemoveOverlay"] Energy [GeV]                                                  1.19e+00
[ DEBUG5 "MyRemoveOverlay"] ReferencePoint                         +8.72e+00, -1.34e+01, +5.31e+00
[ DEBUG5 "MyRemoveOverlay"] ParticleIDUsed                                                       0
[ DEBUG5 "MyRemoveOverlay"] GoodnessOfPID                                                 0.00e+00
[ DEBUG5 "MyRemoveOverlay"] Covariance p,E:  5.57e-07, -6.68e-08, 5.84e-07, 2.62e-08, -3.57e-08, 
[ DEBUG5 "MyRemoveOverlay"]                  5.16e-07, 3.44e-07, -5.09e-07, 2.01e-07, 6.42e-07
[ DEBUG5 "MyRemoveOverlay"] Particles id:    
[ DEBUG5 "MyRemoveOverlay"] Tracks id:    [00000757]
[ DEBUG5 "MyRemoveOverlay"] Clusters id:  [00001489]
[ DEBUG5 "MyRemoveOverlay"] Particle ids ( [id], PDG, (type)): 
[ DEBUG5 "MyRemoveOverlay"]                  [00001655], 000211, (000000) 
[ DEBUG5 "MyRemoveOverlay"]                  [00001656], 000000, (000000) 
[ DEBUG5 "MyRemoveOverlay"]                  [00001657], 000000, (000000) 
[ DEBUG5 "MyRemoveOverlay"]                  [00001658], 000000, (000000) 
[ DEBUG5 "MyRemoveOverlay"]                  [00001659], 000000, (000000) 
[ DEBUG5 "MyRemoveOverlay"]                  [00001660], 000000, (000000) 
[ DEBUG5 "MyRemoveOverlay"]                  [00001661], 000011, (000000) 
[ DEBUG5 "MyRemoveOverlay"]                  [00001662], 000211, (000000) 
[ DEBUG5 "MyRemoveOverlay"]                  [00001663], 000211, (000000) 
[ DEBUG5 "MyRemoveOverlay"] 
[ DEBUG5 "MyRemoveOverlay"] 
[ DEBUG0 "MyRemoveOverlay"] 	MCParticle at index: 0 has PDG: -211 and MCParticle to Track link weight is 9.96e-01
[ DEBUG0 "MyRemoveOverlay"] 	MCParticle at index: 0 with PDG code: -211 has highest link weight to input track
[ DEBUG0 "MyRemoveOverlay"] 	Track at index: 0 has highest link weight to MCParticle = 9.91e-01
[ DEBUG0 "MyRemoveOverlay"] 	Track linked to MCParticle with highest weight
[ DEBUG6 "MyRemoveOverlay"] 		Found a linked MCParticle to track
[ DEBUG5 "MyRemoveOverlay"] ----------------------------- MCParticle -----------------------------
[ DEBUG5 "MyRemoveOverlay"] Id                                                                 268
[ DEBUG5 "MyRemoveOverlay"] PDG                                                               -211
[ DEBUG5 "MyRemoveOverlay"] Energy [GeV]                                                  1.19e+00
[ DEBUG5 "MyRemoveOverlay"] Momentum [GeV] (x,y,z)                   0.602962, -0.942509, 0.366791
[ DEBUG5 "MyRemoveOverlay"] Momentum at Endpoint[GeV] (x,y,z)                                  0, 0, 0
[ DEBUG5 "MyRemoveOverlay"] GeneratorStatus                                                      1
[ DEBUG5 "MyRemoveOverlay"] Vertex [mm] (x,y,z)              5.3934e-309, -1.00704e-308, 0.0570369
[ DEBUG5 "MyRemoveOverlay"] Endpoint [mm] (x,y,z)                        1856.13, 117.345, 745.293
[ DEBUG5 "MyRemoveOverlay"] Mass [GeV]                                                    1.40e-01
[ DEBUG5 "MyRemoveOverlay"] Charge                                                       -1.00e+00
[ DEBUG5 "MyRemoveOverlay"] Parents                                                              1
[ DEBUG5 "MyRemoveOverlay"] Daughters                                                            1
[ DEBUG5 "MyRemoveOverlay"] simulator status bits: [sbvtcls]  s: created in simulation b: backscatter v: vertex is not endpoint of parent t: decayed in tracker c: decayed in calorimeter l: has left detector s: stopped o: overlay
[ DEBUG5 "MyRemoveOverlay"] [    c s ]
[ DEBUG5 "MyRemoveOverlay"] 
[ DEBUG0 "MyRemoveOverlay"] 	MCParticle at index: 0 has PDG: -211 and MCParticle to Cluster link weight is 1.00e+00
[ DEBUG0 "MyRemoveOverlay"] 	MCParticle at index: 0 with PDG code: -211 has highest link weight to input cluster
[ DEBUG6 "MyRemoveOverlay"] 		Cluster is not linked to a MCParticle
[ DEBUG7 "MyRemoveOverlay"] 		********** PFO AT INDEX 14 IS NOT OVERLAY **********
[ DEBUG8 "MyRemoveOverlay"] 
[ DEBUG8 "MyRemoveOverlay"] 		-------------------------------------------------------
[ DEBUG8 "MyRemoveOverlay"] 		Processing PFO at index 15
[ DEBUG5 "MyRemoveOverlay"] ------------------ ReconstructedParticle -----------------------------
[ DEBUG5 "MyRemoveOverlay"] Id                                                              0x1664
[ DEBUG5 "MyRemoveOverlay"] Compound                                                             0
[ DEBUG5 "MyRemoveOverlay"] Type                                                              -211
[ DEBUG5 "MyRemoveOverlay"] Momentum (x,y,z)                       +4.11e-01, -1.45e+00, +8.19e-01
[ DEBUG5 "MyRemoveOverlay"] Mass [GeV]                                                    1.40e-01
[ DEBUG5 "MyRemoveOverlay"] Charge [e]                                                   -1.00e+00
[ DEBUG5 "MyRemoveOverlay"] Energy [GeV]                                                  1.72e+00
[ DEBUG5 "MyRemoveOverlay"] ReferencePoint                         +4.72e+00, -1.63e+01, +9.28e+00
[ DEBUG5 "MyRemoveOverlay"] ParticleIDUsed                                                       0
[ DEBUG5 "MyRemoveOverlay"] GoodnessOfPID                                                 0.00e+00
[ DEBUG5 "MyRemoveOverlay"] Covariance p,E:  6.72e-07, -3.01e-07, 1.54e-06, 1.74e-07, -5.46e-07, 
[ DEBUG5 "MyRemoveOverlay"]                  8.84e-07, 4.96e-07, -1.63e-06, 9.22e-07, 1.93e-06
[ DEBUG5 "MyRemoveOverlay"] Particles id:    
[ DEBUG5 "MyRemoveOverlay"] Tracks id:    [00000867]
[ DEBUG5 "MyRemoveOverlay"] Clusters id:  [00001490]
[ DEBUG5 "MyRemoveOverlay"] Particle ids ( [id], PDG, (type)): 
[ DEBUG5 "MyRemoveOverlay"]                  [00001665], 000211, (000000) 
[ DEBUG5 "MyRemoveOverlay"]                  [00001666], 000000, (000000) 
[ DEBUG5 "MyRemoveOverlay"]                  [00001667], 000000, (000000) 
[ DEBUG5 "MyRemoveOverlay"]                  [00001668], 000000, (000000) 
[ DEBUG5 "MyRemoveOverlay"]                  [00001669], 000000, (000000) 
[ DEBUG5 "MyRemoveOverlay"]                  [00001670], 000000, (000000) 
[ DEBUG5 "MyRemoveOverlay"]                  [00001671], 000013, (000000) 
[ DEBUG5 "MyRemoveOverlay"]                  [00001672], 000011, (000000) 
[ DEBUG5 "MyRemoveOverlay"]                  [00001673], 002212, (000000) 
[ DEBUG5 "MyRemoveOverlay"] 
[ DEBUG5 "MyRemoveOverlay"] 
[ DEBUG0 "MyRemoveOverlay"] 	MCParticle at index: 0 has PDG: -211 and MCParticle to Track link weight is 1.00e+00
[ DEBUG0 "MyRemoveOverlay"] 	MCParticle at index: 0 with PDG code: -211 has highest link weight to input track
[ DEBUG6 "MyRemoveOverlay"] 		Track is not linked to a MCParticle
[ DEBUG6 "MyRemoveOverlay"] 		Cluster is not linked to a MCParticle
[ DEBUG7 "MyRemoveOverlay"] 		********** PFO AT INDEX 15 IS NOT OVERLAY **********
[ DEBUG8 "MyRemoveOverlay"] 
[ DEBUG8 "MyRemoveOverlay"] 		-------------------------------------------------------
[ DEBUG8 "MyRemoveOverlay"] 		Processing PFO at index 16
[ DEBUG5 "MyRemoveOverlay"] ------------------ ReconstructedParticle -----------------------------
[ DEBUG5 "MyRemoveOverlay"] Id                                                              0x1674
[ DEBUG5 "MyRemoveOverlay"] Compound                                                             0
[ DEBUG5 "MyRemoveOverlay"] Type                                                               211
[ DEBUG5 "MyRemoveOverlay"] Momentum (x,y,z)                       +6.34e-01, -8.79e-01, +4.97e-01
[ DEBUG5 "MyRemoveOverlay"] Mass [GeV]                                                    1.40e-01
[ DEBUG5 "MyRemoveOverlay"] Charge [e]                                                    1.00e+00
[ DEBUG5 "MyRemoveOverlay"] Energy [GeV]                                                  1.20e+00
[ DEBUG5 "MyRemoveOverlay"] ReferencePoint                         +9.26e+00, -1.30e+01, +7.39e+00
[ DEBUG5 "MyRemoveOverlay"] ParticleIDUsed                                                       0
[ DEBUG5 "MyRemoveOverlay"] GoodnessOfPID                                                 0.00e+00
[ DEBUG5 "MyRemoveOverlay"] Covariance p,E:  5.77e-07, -8.84e-08, 6.74e-07, 5.09e-08, -7.84e-08, 
[ DEBUG5 "MyRemoveOverlay"]                  5.64e-07, 3.91e-07, -5.73e-07, 3.18e-07, 7.57e-07
[ DEBUG5 "MyRemoveOverlay"] Particles id:    
[ DEBUG5 "MyRemoveOverlay"] Tracks id:    [00000822]
[ DEBUG5 "MyRemoveOverlay"] Clusters id:  [00001491]
[ DEBUG5 "MyRemoveOverlay"] Particle ids ( [id], PDG, (type)): 
[ DEBUG5 "MyRemoveOverlay"]                  [00001675], 000321, (000000) 
[ DEBUG5 "MyRemoveOverlay"]                  [00001676], 000000, (000000) 
[ DEBUG5 "MyRemoveOverlay"]                  [00001677], 000000, (000000) 
[ DEBUG5 "MyRemoveOverlay"]                  [00001678], 000000, (000000) 
[ DEBUG5 "MyRemoveOverlay"]                  [00001679], 000000, (000000) 
[ DEBUG5 "MyRemoveOverlay"]                  [00001680], 000000, (000000) 
[ DEBUG5 "MyRemoveOverlay"]                  [00001681], 000011, (000000) 
[ DEBUG5 "MyRemoveOverlay"]                  [00001682], 000321, (000000) 
[ DEBUG5 "MyRemoveOverlay"]                  [00001683], 000013, (000000) 
[ DEBUG5 "MyRemoveOverlay"] 
[ DEBUG5 "MyRemoveOverlay"] 
[ DEBUG0 "MyRemoveOverlay"] 	MCParticle at index: 0 has PDG: 211 and MCParticle to Track link weight is 1.00e+00
[ DEBUG0 "MyRemoveOverlay"] 	MCParticle at index: 0 with PDG code: 211 has highest link weight to input track
[ DEBUG0 "MyRemoveOverlay"] 	Track at index: 0 has highest link weight to MCParticle = 9.91e-01
[ DEBUG0 "MyRemoveOverlay"] 	Track linked to MCParticle with highest weight
[ DEBUG6 "MyRemoveOverlay"] 		Found a linked MCParticle to track
[ DEBUG5 "MyRemoveOverlay"] ----------------------------- MCParticle -----------------------------
[ DEBUG5 "MyRemoveOverlay"] Id                                                                 296
[ DEBUG5 "MyRemoveOverlay"] PDG                                                                211
[ DEBUG5 "MyRemoveOverlay"] Energy [GeV]                                                  1.20e+00
[ DEBUG5 "MyRemoveOverlay"] Momentum [GeV] (x,y,z)                    0.634636, -0.878424, 0.49753
[ DEBUG5 "MyRemoveOverlay"] Momentum at Endpoint[GeV] (x,y,z)                                 -0, 0, 0
[ DEBUG5 "MyRemoveOverlay"] GeneratorStatus                                                      1
[ DEBUG5 "MyRemoveOverlay"] Vertex [mm] (x,y,z)                                    0, 0, 0.0570369
[ DEBUG5 "MyRemoveOverlay"] Endpoint [mm] (x,y,z)                       -1562.28, -1302.1, 1559.95
[ DEBUG5 "MyRemoveOverlay"] Mass [GeV]                                                    1.40e-01
[ DEBUG5 "MyRemoveOverlay"] Charge                                                        1.00e+00
[ DEBUG5 "MyRemoveOverlay"] Parents                                                              1
[ DEBUG5 "MyRemoveOverlay"] Daughters                                                            0
[ DEBUG5 "MyRemoveOverlay"] simulator status bits: [sbvtcls]  s: created in simulation b: backscatter v: vertex is not endpoint of parent t: decayed in tracker c: decayed in calorimeter l: has left detector s: stopped o: overlay
[ DEBUG5 "MyRemoveOverlay"] [    c s ]
[ DEBUG5 "MyRemoveOverlay"] 
[ DEBUG0 "MyRemoveOverlay"] 	MCParticle at index: 0 has PDG: 211 and MCParticle to Cluster link weight is 1.00e+00
[ DEBUG0 "MyRemoveOverlay"] 	MCParticle at index: 0 with PDG code: 211 has highest link weight to input cluster
[ DEBUG6 "MyRemoveOverlay"] 		Cluster is not linked to a MCParticle
[ DEBUG7 "MyRemoveOverlay"] 		********** PFO AT INDEX 16 IS NOT OVERLAY **********
[ DEBUG8 "MyRemoveOverlay"] 
[ DEBUG8 "MyRemoveOverlay"] 		-------------------------------------------------------
[ DEBUG8 "MyRemoveOverlay"] 		Processing PFO at index 17
[ DEBUG5 "MyRemoveOverlay"] ------------------ ReconstructedParticle -----------------------------
[ DEBUG5 "MyRemoveOverlay"] Id                                                              0x1684
[ DEBUG5 "MyRemoveOverlay"] Compound                                                             0
[ DEBUG5 "MyRemoveOverlay"] Type                                                              -211
[ DEBUG5 "MyRemoveOverlay"] Momentum (x,y,z)                       +7.78e-01, -1.56e+00, +1.02e+00
[ DEBUG5 "MyRemoveOverlay"] Mass [GeV]                                                    1.40e-01
[ DEBUG5 "MyRemoveOverlay"] Charge [e]                                                   -1.00e+00
[ DEBUG5 "MyRemoveOverlay"] Energy [GeV]                                                  2.03e+00
[ DEBUG5 "MyRemoveOverlay"] ReferencePoint                         +7.22e+00, -1.45e+01, +9.76e+00
[ DEBUG5 "MyRemoveOverlay"] ParticleIDUsed                                                       0
[ DEBUG5 "MyRemoveOverlay"] GoodnessOfPID                                                 0.00e+00
[ DEBUG5 "MyRemoveOverlay"] Covariance p,E:  8.69e-07, -5.39e-07, 1.61e-06, 3.57e-07, -6.78e-07, 
[ DEBUG5 "MyRemoveOverlay"]                  1.02e-06, 9.29e-07, -1.79e-06, 1.17e-06, 2.33e-06
[ DEBUG5 "MyRemoveOverlay"] Particles id:    
[ DEBUG5 "MyRemoveOverlay"] Tracks id:    [00000797]
[ DEBUG5 "MyRemoveOverlay"] Clusters id:  [00001492]
[ DEBUG5 "MyRemoveOverlay"] Particle ids ( [id], PDG, (type)): 
[ DEBUG5 "MyRemoveOverlay"]                  [00001685], 002212, (000000) 
[ DEBUG5 "MyRemoveOverlay"]                  [00001686], 000000, (000000) 
[ DEBUG5 "MyRemoveOverlay"]                  [00001687], 000000, (000000) 
[ DEBUG5 "MyRemoveOverlay"]                  [00001688], 000000, (000000) 
[ DEBUG5 "MyRemoveOverlay"]                  [00001689], 000000, (000000) 
[ DEBUG5 "MyRemoveOverlay"]                  [00001690], 000000, (000000) 
[ DEBUG5 "MyRemoveOverlay"]                  [00001691], 000011, (000000) 
[ DEBUG5 "MyRemoveOverlay"]                  [00001692], 000211, (000000) 
[ DEBUG5 "MyRemoveOverlay"]                  [00001693], 002212, (000000) 
[ DEBUG5 "MyRemoveOverlay"] 
[ DEBUG5 "MyRemoveOverlay"] 
[ DEBUG0 "MyRemoveOverlay"] 	MCParticle at index: 0 has PDG: -211 and MCParticle to Track link weight is 1.00e+00
[ DEBUG0 "MyRemoveOverlay"] 	MCParticle at index: 0 with PDG code: -211 has highest link weight to input track
[ DEBUG0 "MyRemoveOverlay"] 	Track at index: 0 has highest link weight to MCParticle = 9.83e-01
[ DEBUG0 "MyRemoveOverlay"] 	Track linked to MCParticle with highest weight
[ DEBUG6 "MyRemoveOverlay"] 		Found a linked MCParticle to track
[ DEBUG5 "MyRemoveOverlay"] ----------------------------- MCParticle -----------------------------
[ DEBUG5 "MyRemoveOverlay"] Id                                                                 324
[ DEBUG5 "MyRemoveOverlay"] PDG                                                               -211
[ DEBUG5 "MyRemoveOverlay"] Energy [GeV]                                                  2.03e+00
[ DEBUG5 "MyRemoveOverlay"] Momentum [GeV] (x,y,z)                      0.779833, -1.5651, 1.01965
[ DEBUG5 "MyRemoveOverlay"] Momentum at Endpoint[GeV] (x,y,z)                                  0, 0, 0
[ DEBUG5 "MyRemoveOverlay"] GeneratorStatus                                                      1
[ DEBUG5 "MyRemoveOverlay"] Vertex [mm] (x,y,z)                      0.297562, -0.768525, 0.789847
[ DEBUG5 "MyRemoveOverlay"] Endpoint [mm] (x,y,z)                       1697.91, -903.638, 1198.31
[ DEBUG5 "MyRemoveOverlay"] Mass [GeV]                                                    1.40e-01
[ DEBUG5 "MyRemoveOverlay"] Charge                                                       -1.00e+00
[ DEBUG5 "MyRemoveOverlay"] Parents                                                              1
[ DEBUG5 "MyRemoveOverlay"] Daughters                                                            0
[ DEBUG5 "MyRemoveOverlay"] simulator status bits: [sbvtcls]  s: created in simulation b: backscatter v: vertex is not endpoint of parent t: decayed in tracker c: decayed in calorimeter l: has left detector s: stopped o: overlay
[ DEBUG5 "MyRemoveOverlay"] [    c s ]
[ DEBUG5 "MyRemoveOverlay"] 
[ DEBUG6 "MyRemoveOverlay"] 		Cluster is not linked to a MCParticle
[ DEBUG7 "MyRemoveOverlay"] 		********** PFO AT INDEX 17 IS NOT OVERLAY **********
[ DEBUG8 "MyRemoveOverlay"] 
[ DEBUG8 "MyRemoveOverlay"] 		-------------------------------------------------------
[ DEBUG8 "MyRemoveOverlay"] 		Processing PFO at index 18
[ DEBUG5 "MyRemoveOverlay"] ------------------ ReconstructedParticle -----------------------------
[ DEBUG5 "MyRemoveOverlay"] Id                                                              0x1694
[ DEBUG5 "MyRemoveOverlay"] Compound                                                             0
[ DEBUG5 "MyRemoveOverlay"] Type                                                             -2212
[ DEBUG5 "MyRemoveOverlay"] Momentum (x,y,z)                       -4.99e-01, -3.20e+00, +2.19e+00
[ DEBUG5 "MyRemoveOverlay"] Mass [GeV]                                                    9.38e-01
[ DEBUG5 "MyRemoveOverlay"] Charge [e]                                                   -1.00e+00
[ DEBUG5 "MyRemoveOverlay"] Energy [GeV]                                                  4.02e+00
[ DEBUG5 "MyRemoveOverlay"] ReferencePoint                         -2.46e+00, -1.60e+01, +1.10e+01
[ DEBUG5 "MyRemoveOverlay"] ParticleIDUsed                                                       0
[ DEBUG5 "MyRemoveOverlay"] GoodnessOfPID                                                 0.00e+00
[ DEBUG5 "MyRemoveOverlay"] Covariance p,E:  8.49e-07, 9.37e-07, 7.17e-06, -6.37e-07, -4.43e-06, 
[ DEBUG5 "MyRemoveOverlay"]                  3.72e-06, -1.20e-06, -8.24e-06, 5.63e-06, 9.77e-06
[ DEBUG5 "MyRemoveOverlay"] Particles id:    
[ DEBUG5 "MyRemoveOverlay"] Tracks id:    [00000812]
[ DEBUG5 "MyRemoveOverlay"] Clusters id:  [00001493]
[ DEBUG5 "MyRemoveOverlay"] Particle ids ( [id], PDG, (type)): 
[ DEBUG5 "MyRemoveOverlay"]                  [00001695], 000000, (000000) 
[ DEBUG5 "MyRemoveOverlay"]                  [00001696], 000000, (000000) 
[ DEBUG5 "MyRemoveOverlay"]                  [00001697], 000000, (000000) 
[ DEBUG5 "MyRemoveOverlay"]                  [00001698], 000000, (000000) 
[ DEBUG5 "MyRemoveOverlay"]                  [00001699], 000000, (000000) 
[ DEBUG5 "MyRemoveOverlay"]                  [00001700], 002212, (000000) 
[ DEBUG5 "MyRemoveOverlay"]                  [00001701], 000011, (000000) 
[ DEBUG5 "MyRemoveOverlay"]                  [00001702], 000011, (000000) 
[ DEBUG5 "MyRemoveOverlay"]                  [00001703], 002212, (000000) 
[ DEBUG5 "MyRemoveOverlay"] 
[ DEBUG5 "MyRemoveOverlay"] 
[ DEBUG0 "MyRemoveOverlay"] 	MCParticle at index: 0 has PDG: -2212 and MCParticle to Track link weight is 1.00e+00
[ DEBUG0 "MyRemoveOverlay"] 	MCParticle at index: 0 with PDG code: -2212 has highest link weight to input track
[ DEBUG6 "MyRemoveOverlay"] 		Track is not linked to a MCParticle
[ DEBUG0 "MyRemoveOverlay"] 	MCParticle at index: 0 has PDG: -2212 and MCParticle to Cluster link weight is 9.90e-01
[ DEBUG0 "MyRemoveOverlay"] 	MCParticle at index: 0 with PDG code: -2212 has highest link weight to input cluster
[ DEBUG6 "MyRemoveOverlay"] 		Cluster is not linked to a MCParticle
[ DEBUG7 "MyRemoveOverlay"] 		********** PFO AT INDEX 18 IS NOT OVERLAY **********
[ DEBUG8 "MyRemoveOverlay"] 
[ DEBUG8 "MyRemoveOverlay"] 		-------------------------------------------------------
[ DEBUG8 "MyRemoveOverlay"] 		Processing PFO at index 19
[ DEBUG5 "MyRemoveOverlay"] ------------------ ReconstructedParticle -----------------------------
[ DEBUG5 "MyRemoveOverlay"] Id                                                              0x1704
[ DEBUG5 "MyRemoveOverlay"] Compound                                                             0
[ DEBUG5 "MyRemoveOverlay"] Type                                                              2212
[ DEBUG5 "MyRemoveOverlay"] Momentum (x,y,z)                       +1.73e+00, -3.85e+00, +3.82e+00
[ DEBUG5 "MyRemoveOverlay"] Mass [GeV]                                                    9.38e-01
[ DEBUG5 "MyRemoveOverlay"] Charge [e]                                                    1.00e+00
[ DEBUG5 "MyRemoveOverlay"] Energy [GeV]                                                  5.77e+00
[ DEBUG5 "MyRemoveOverlay"] ReferencePoint                         +2.43e+01, -1.53e+02, +1.23e+02
[ DEBUG5 "MyRemoveOverlay"] ParticleIDUsed                                                       0
[ DEBUG5 "MyRemoveOverlay"] GoodnessOfPID                                                 0.00e+00
[ DEBUG5 "MyRemoveOverlay"] Covariance p,E:  6.03e-06, -3.45e-06, 1.42e-05, 3.38e-06, -8.94e-06, 
[ DEBUG5 "MyRemoveOverlay"]                  1.35e-05, 6.35e-06, -1.64e-05, 1.59e-05, 2.34e-05
[ DEBUG5 "MyRemoveOverlay"] Particles id:    
[ DEBUG5 "MyRemoveOverlay"] Tracks id:    [00000872]
[ DEBUG5 "MyRemoveOverlay"] Clusters id:  [00001494]
[ DEBUG5 "MyRemoveOverlay"] Particle ids ( [id], PDG, (type)): 
[ DEBUG5 "MyRemoveOverlay"]                  [00001705], 002212, (000000) 
[ DEBUG5 "MyRemoveOverlay"]                  [00001706], 000000, (000000) 
[ DEBUG5 "MyRemoveOverlay"]                  [00001707], 000000, (000000) 
[ DEBUG5 "MyRemoveOverlay"]                  [00001708], 000000, (000000) 
[ DEBUG5 "MyRemoveOverlay"]                  [00001709], 000000, (000000) 
[ DEBUG5 "MyRemoveOverlay"]                  [00001710], 000000, (000000) 
[ DEBUG5 "MyRemoveOverlay"]                  [00001711], 000211, (000000) 
[ DEBUG5 "MyRemoveOverlay"]                  [00001712], 002212, (000000) 
[ DEBUG5 "MyRemoveOverlay"]                  [00001713], 000011, (000000) 
[ DEBUG5 "MyRemoveOverlay"] 
[ DEBUG5 "MyRemoveOverlay"] 
[ DEBUG0 "MyRemoveOverlay"] 	MCParticle at index: 1 has PDG: 2212 and MCParticle to Track link weight is 9.96e-01
[ DEBUG0 "MyRemoveOverlay"] 	MCParticle at index: 1 with PDG code: 2212 has highest link weight to input track
[ DEBUG0 "MyRemoveOverlay"] 	Track at index: 0 has highest link weight to MCParticle = 9.96e-01
[ DEBUG0 "MyRemoveOverlay"] 	Track linked to MCParticle with highest weight
[ DEBUG6 "MyRemoveOverlay"] 		Found a linked MCParticle to track
[ DEBUG5 "MyRemoveOverlay"] ----------------------------- MCParticle -----------------------------
[ DEBUG5 "MyRemoveOverlay"] Id                                                                 375
[ DEBUG5 "MyRemoveOverlay"] PDG                                                               2212
[ DEBUG5 "MyRemoveOverlay"] Energy [GeV]                                                  5.79e+00
[ DEBUG5 "MyRemoveOverlay"] Momentum [GeV] (x,y,z)                        1.59142, -3.922, 3.83074
[ DEBUG5 "MyRemoveOverlay"] Momentum at Endpoint[GeV] (x,y,z)                                -0, -0, 0
[ DEBUG5 "MyRemoveOverlay"] GeneratorStatus                                                      0
[ DEBUG5 "MyRemoveOverlay"] Vertex [mm] (x,y,z)                         24.3332, -152.964, 122.506
[ DEBUG5 "MyRemoveOverlay"] Endpoint [mm] (x,y,z)                       306.402, -1991.48, 1825.02
[ DEBUG5 "MyRemoveOverlay"] Mass [GeV]                                                    9.38e-01
[ DEBUG5 "MyRemoveOverlay"] Charge                                                        1.00e+00
[ DEBUG5 "MyRemoveOverlay"] Parents                                                              1
[ DEBUG5 "MyRemoveOverlay"] Daughters                                                            0
[ DEBUG5 "MyRemoveOverlay"] simulator status bits: [sbvtcls]  s: created in simulation b: backscatter v: vertex is not endpoint of parent t: decayed in tracker c: decayed in calorimeter l: has left detector s: stopped o: overlay
[ DEBUG5 "MyRemoveOverlay"] [s   c s ]
[ DEBUG5 "MyRemoveOverlay"] 
[ DEBUG0 "MyRemoveOverlay"] 	MCParticle at index: 2 has PDG: 2212 and MCParticle to Cluster link weight is 9.80e-01
[ DEBUG0 "MyRemoveOverlay"] 	MCParticle at index: 2 with PDG code: 2212 has highest link weight to input cluster
[ DEBUG0 "MyRemoveOverlay"] 	Cluster at index: 0 has highest link weight to MCParticle = 9.13e-01
[ DEBUG0 "MyRemoveOverlay"] 	Cluster linked to MCParticle with highest weight
[ DEBUG6 "MyRemoveOverlay"] 		Found a linked MCParticle to cluster
[ DEBUG5 "MyRemoveOverlay"] ----------------------------- MCParticle -----------------------------
[ DEBUG5 "MyRemoveOverlay"] Id                                                                 375
[ DEBUG5 "MyRemoveOverlay"] PDG                                                               2212
[ DEBUG5 "MyRemoveOverlay"] Energy [GeV]                                                  5.79e+00
[ DEBUG5 "MyRemoveOverlay"] Momentum [GeV] (x,y,z)                        1.59142, -3.922, 3.83074
[ DEBUG5 "MyRemoveOverlay"] Momentum at Endpoint[GeV] (x,y,z)                                -0, -0, 0
[ DEBUG5 "MyRemoveOverlay"] GeneratorStatus                                                      0
[ DEBUG5 "MyRemoveOverlay"] Vertex [mm] (x,y,z)                         24.3332, -152.964, 122.506
[ DEBUG5 "MyRemoveOverlay"] Endpoint [mm] (x,y,z)                       306.402, -1991.48, 1825.02
[ DEBUG5 "MyRemoveOverlay"] Mass [GeV]                                                    9.38e-01
[ DEBUG5 "MyRemoveOverlay"] Charge                                                        1.00e+00
[ DEBUG5 "MyRemoveOverlay"] Parents                                                              1
[ DEBUG5 "MyRemoveOverlay"] Daughters                                                            0
[ DEBUG5 "MyRemoveOverlay"] simulator status bits: [sbvtcls]  s: created in simulation b: backscatter v: vertex is not endpoint of parent t: decayed in tracker c: decayed in calorimeter l: has left detector s: stopped o: overlay
[ DEBUG5 "MyRemoveOverlay"] [s   c s ]
[ DEBUG5 "MyRemoveOverlay"] 
[ DEBUG7 "MyRemoveOverlay"] 		********** PFO AT INDEX 19 IS NOT OVERLAY **********
[ DEBUG8 "MyRemoveOverlay"] 
[ DEBUG8 "MyRemoveOverlay"] 		-------------------------------------------------------
[ DEBUG8 "MyRemoveOverlay"] 		Processing PFO at index 20
[ DEBUG5 "MyRemoveOverlay"] ------------------ ReconstructedParticle -----------------------------
[ DEBUG5 "MyRemoveOverlay"] Id                                                              0x1714
[ DEBUG5 "MyRemoveOverlay"] Compound                                                             0
[ DEBUG5 "MyRemoveOverlay"] Type                                                              -211
[ DEBUG5 "MyRemoveOverlay"] Momentum (x,y,z)                       -7.65e-01, -5.02e+00, +4.98e+00
[ DEBUG5 "MyRemoveOverlay"] Mass [GeV]                                                    1.40e-01
[ DEBUG5 "MyRemoveOverlay"] Charge [e]                                                   -1.00e+00
[ DEBUG5 "MyRemoveOverlay"] Energy [GeV]                                                  7.11e+00
[ DEBUG5 "MyRemoveOverlay"] ReferencePoint                         -2.40e+00, -1.60e+01, +1.59e+01
[ DEBUG5 "MyRemoveOverlay"] ParticleIDUsed                                                       0
[ DEBUG5 "MyRemoveOverlay"] GoodnessOfPID                                                 0.00e+00
[ DEBUG5 "MyRemoveOverlay"] Covariance p,E:  1.38e-06, 3.46e-06, 2.48e-05, -3.42e-06, -2.38e-05, 
[ DEBUG5 "MyRemoveOverlay"]                  2.43e-05, -4.99e-06, -3.45e-05, 3.42e-05, 4.88e-05
[ DEBUG5 "MyRemoveOverlay"] Particles id:    
[ DEBUG5 "MyRemoveOverlay"] Tracks id:    [00000727]
[ DEBUG5 "MyRemoveOverlay"] Clusters id:  [00001495]
[ DEBUG5 "MyRemoveOverlay"] Particle ids ( [id], PDG, (type)): 
[ DEBUG5 "MyRemoveOverlay"]                  [00001715], 000211, (000000) 
[ DEBUG5 "MyRemoveOverlay"]                  [00001716], 000000, (000000) 
[ DEBUG5 "MyRemoveOverlay"]                  [00001717], 000000, (000000) 
[ DEBUG5 "MyRemoveOverlay"]                  [00001718], 000000, (000000) 
[ DEBUG5 "MyRemoveOverlay"]                  [00001719], 000000, (000000) 
[ DEBUG5 "MyRemoveOverlay"]                  [00001720], 000000, (000000) 
[ DEBUG5 "MyRemoveOverlay"]                  [00001721], 000011, (000000) 
[ DEBUG5 "MyRemoveOverlay"]                  [00001722], 000211, (000000) 
[ DEBUG5 "MyRemoveOverlay"]                  [00001723], 000011, (000000) 
[ DEBUG5 "MyRemoveOverlay"] 
[ DEBUG5 "MyRemoveOverlay"] 
[ DEBUG0 "MyRemoveOverlay"] 	MCParticle at index: 0 has PDG: -211 and MCParticle to Track link weight is 1.00e+00
[ DEBUG0 "MyRemoveOverlay"] 	MCParticle at index: 0 with PDG code: -211 has highest link weight to input track
[ DEBUG0 "MyRemoveOverlay"] 	Track at index: 0 has highest link weight to MCParticle = 9.70e-01
[ DEBUG0 "MyRemoveOverlay"] 	Track linked to MCParticle with highest weight
[ DEBUG6 "MyRemoveOverlay"] 		Found a linked MCParticle to track
[ DEBUG5 "MyRemoveOverlay"] ----------------------------- MCParticle -----------------------------
[ DEBUG5 "MyRemoveOverlay"] Id                                                                 254
[ DEBUG5 "MyRemoveOverlay"] PDG                                                               -211
[ DEBUG5 "MyRemoveOverlay"] Energy [GeV]                                                  7.12e+00
[ DEBUG5 "MyRemoveOverlay"] Momentum [GeV] (x,y,z)                    -0.764296, -5.02497, 4.98035
[ DEBUG5 "MyRemoveOverlay"] Momentum at Endpoint[GeV] (x,y,z)                                 0, -0, 0
[ DEBUG5 "MyRemoveOverlay"] GeneratorStatus                                                      1
[ DEBUG5 "MyRemoveOverlay"] Vertex [mm] (x,y,z)                                    0, 0, 0.0570369
[ DEBUG5 "MyRemoveOverlay"] Endpoint [mm] (x,y,z)                       96.4876, -1925.41, 1899.83
[ DEBUG5 "MyRemoveOverlay"] Mass [GeV]                                                    1.40e-01
[ DEBUG5 "MyRemoveOverlay"] Charge                                                       -1.00e+00
[ DEBUG5 "MyRemoveOverlay"] Parents                                                              1
[ DEBUG5 "MyRemoveOverlay"] Daughters                                                            0
[ DEBUG5 "MyRemoveOverlay"] simulator status bits: [sbvtcls]  s: created in simulation b: backscatter v: vertex is not endpoint of parent t: decayed in tracker c: decayed in calorimeter l: has left detector s: stopped o: overlay
[ DEBUG5 "MyRemoveOverlay"] [    c s ]
[ DEBUG5 "MyRemoveOverlay"] 
[ DEBUG6 "MyRemoveOverlay"] 		Cluster is not linked to a MCParticle
[ DEBUG7 "MyRemoveOverlay"] 		********** PFO AT INDEX 20 IS NOT OVERLAY **********
[ DEBUG8 "MyRemoveOverlay"] 
[ DEBUG8 "MyRemoveOverlay"] 		-------------------------------------------------------
[ DEBUG8 "MyRemoveOverlay"] 		Processing PFO at index 21
[ DEBUG5 "MyRemoveOverlay"] ------------------ ReconstructedParticle -----------------------------
[ DEBUG5 "MyRemoveOverlay"] Id                                                              0x1724
[ DEBUG5 "MyRemoveOverlay"] Compound                                                             0
[ DEBUG5 "MyRemoveOverlay"] Type                                                               321
[ DEBUG5 "MyRemoveOverlay"] Momentum (x,y,z)                       +9.76e-01, -2.27e+00, +2.39e+00
[ DEBUG5 "MyRemoveOverlay"] Mass [GeV]                                                    4.94e-01
[ DEBUG5 "MyRemoveOverlay"] Charge [e]                                                    1.00e+00
[ DEBUG5 "MyRemoveOverlay"] Energy [GeV]                                                  3.48e+00
[ DEBUG5 "MyRemoveOverlay"] ReferencePoint                         +6.39e+00, -1.51e+01, +1.59e+01
[ DEBUG5 "MyRemoveOverlay"] ParticleIDUsed                                                       0
[ DEBUG5 "MyRemoveOverlay"] GoodnessOfPID                                                 0.00e+00
[ DEBUG5 "MyRemoveOverlay"] Covariance p,E:  1.34e-06, -1.42e-06, 4.23e-06, 1.52e-06, -3.64e-06, 
[ DEBUG5 "MyRemoveOverlay"]                  4.54e-06, 2.35e-06, -5.67e-06, 5.93e-06, 8.45e-06
[ DEBUG5 "MyRemoveOverlay"] Particles id:    
[ DEBUG5 "MyRemoveOverlay"] Tracks id:    [00000747]
[ DEBUG5 "MyRemoveOverlay"] Clusters id:  [00001496]
[ DEBUG5 "MyRemoveOverlay"] Particle ids ( [id], PDG, (type)): 
[ DEBUG5 "MyRemoveOverlay"]                  [00001725], 002212, (000000) 
[ DEBUG5 "MyRemoveOverlay"]                  [00001726], 000000, (000000) 
[ DEBUG5 "MyRemoveOverlay"]                  [00001727], 000000, (000000) 
[ DEBUG5 "MyRemoveOverlay"]                  [00001728], 000000, (000000) 
[ DEBUG5 "MyRemoveOverlay"]                  [00001729], 000000, (000000) 
[ DEBUG5 "MyRemoveOverlay"]                  [00001730], 000000, (000000) 
[ DEBUG5 "MyRemoveOverlay"]                  [00001731], 000013, (000000) 
[ DEBUG5 "MyRemoveOverlay"]                  [00001732], 000211, (000000) 
[ DEBUG5 "MyRemoveOverlay"]                  [00001733], 002212, (000000) 
[ DEBUG5 "MyRemoveOverlay"] 
[ DEBUG5 "MyRemoveOverlay"] 
[ DEBUG0 "MyRemoveOverlay"] 	MCParticle at index: 0 has PDG: 321 and MCParticle to Track link weight is 1.00e+00
[ DEBUG0 "MyRemoveOverlay"] 	MCParticle at index: 0 with PDG code: 321 has highest link weight to input track
[ DEBUG0 "MyRemoveOverlay"] 	Track at index: 0 has highest link weight to MCParticle = 9.62e-01
[ DEBUG0 "MyRemoveOverlay"] 	Track linked to MCParticle with highest weight
[ DEBUG6 "MyRemoveOverlay"] 		Found a linked MCParticle to track
[ DEBUG5 "MyRemoveOverlay"] ----------------------------- MCParticle -----------------------------
[ DEBUG5 "MyRemoveOverlay"] Id                                                                 323
[ DEBUG5 "MyRemoveOverlay"] PDG                                                                321
[ DEBUG5 "MyRemoveOverlay"] Energy [GeV]                                                  3.47e+00
[ DEBUG5 "MyRemoveOverlay"] Momentum [GeV] (x,y,z)                     0.975583, -2.27122, 2.39104
[ DEBUG5 "MyRemoveOverlay"] Momentum at Endpoint[GeV] (x,y,z)                                -0, -0, 0
[ DEBUG5 "MyRemoveOverlay"] GeneratorStatus                                                      1
[ DEBUG5 "MyRemoveOverlay"] Vertex [mm] (x,y,z)                      0.297562, -0.768525, 0.789847
[ DEBUG5 "MyRemoveOverlay"] Endpoint [mm] (x,y,z)                      -1.52688, -1857.38, 1847.97
[ DEBUG5 "MyRemoveOverlay"] Mass [GeV]                                                    4.94e-01
[ DEBUG5 "MyRemoveOverlay"] Charge                                                        1.00e+00
[ DEBUG5 "MyRemoveOverlay"] Parents                                                              1
[ DEBUG5 "MyRemoveOverlay"] Daughters                                                            0
[ DEBUG5 "MyRemoveOverlay"] simulator status bits: [sbvtcls]  s: created in simulation b: backscatter v: vertex is not endpoint of parent t: decayed in tracker c: decayed in calorimeter l: has left detector s: stopped o: overlay
[ DEBUG5 "MyRemoveOverlay"] [    c s ]
[ DEBUG5 "MyRemoveOverlay"] 
[ DEBUG0 "MyRemoveOverlay"] 	MCParticle at index: 0 has PDG: 321 and MCParticle to Cluster link weight is 9.81e-01
[ DEBUG0 "MyRemoveOverlay"] 	MCParticle at index: 0 with PDG code: 321 has highest link weight to input cluster
[ DEBUG6 "MyRemoveOverlay"] 		Cluster is not linked to a MCParticle
[ DEBUG7 "MyRemoveOverlay"] 		********** PFO AT INDEX 21 IS NOT OVERLAY **********
[ DEBUG8 "MyRemoveOverlay"] 
[ DEBUG8 "MyRemoveOverlay"] 		-------------------------------------------------------
[ DEBUG8 "MyRemoveOverlay"] 		Processing PFO at index 22
[ DEBUG5 "MyRemoveOverlay"] ------------------ ReconstructedParticle -----------------------------
[ DEBUG5 "MyRemoveOverlay"] Id                                                              0x1734
[ DEBUG5 "MyRemoveOverlay"] Compound                                                             0
[ DEBUG5 "MyRemoveOverlay"] Type                                                               211
[ DEBUG5 "MyRemoveOverlay"] Momentum (x,y,z)                       +2.52e-01, -3.65e+00, +3.75e+00
[ DEBUG5 "MyRemoveOverlay"] Mass [GeV]                                                    1.40e-01
[ DEBUG5 "MyRemoveOverlay"] Charge [e]                                                    1.00e+00
[ DEBUG5 "MyRemoveOverlay"] Energy [GeV]                                                  5.24e+00
[ DEBUG5 "MyRemoveOverlay"] ReferencePoint                         +1.06e+00, -1.60e+01, +1.64e+01
[ DEBUG5 "MyRemoveOverlay"] ParticleIDUsed                                                       0
[ DEBUG5 "MyRemoveOverlay"] GoodnessOfPID                                                 0.00e+00
[ DEBUG5 "MyRemoveOverlay"] Covariance p,E:  8.65e-07, -7.19e-07, 1.30e-05, 7.38e-07, -1.25e-05, 
[ DEBUG5 "MyRemoveOverlay"]                  1.36e-05, 1.07e-06, -1.80e-05, 1.85e-05, 2.59e-05
[ DEBUG5 "MyRemoveOverlay"] Particles id:    
[ DEBUG5 "MyRemoveOverlay"] Tracks id:    [00000777]
[ DEBUG5 "MyRemoveOverlay"] Clusters id:  [00001497]
[ DEBUG5 "MyRemoveOverlay"] Particle ids ( [id], PDG, (type)): 
[ DEBUG5 "MyRemoveOverlay"]                  [00001735], 000321, (000000) 
[ DEBUG5 "MyRemoveOverlay"]                  [00001736], 000000, (000000) 
[ DEBUG5 "MyRemoveOverlay"]                  [00001737], 000000, (000000) 
[ DEBUG5 "MyRemoveOverlay"]                  [00001738], 000000, (000000) 
[ DEBUG5 "MyRemoveOverlay"]                  [00001739], 000000, (000000) 
[ DEBUG5 "MyRemoveOverlay"]                  [00001740], 000000, (000000) 
[ DEBUG5 "MyRemoveOverlay"]                  [00001741], 000013, (000000) 
[ DEBUG5 "MyRemoveOverlay"]                  [00001742], 000321, (000000) 
[ DEBUG5 "MyRemoveOverlay"]                  [00001743], 000013, (000000) 
[ DEBUG5 "MyRemoveOverlay"] 
[ DEBUG5 "MyRemoveOverlay"] 
[ DEBUG0 "MyRemoveOverlay"] 	MCParticle at index: 0 has PDG: 211 and MCParticle to Track link weight is 1.00e+00
[ DEBUG0 "MyRemoveOverlay"] 	MCParticle at index: 0 with PDG code: 211 has highest link weight to input track
[ DEBUG0 "MyRemoveOverlay"] 	Track at index: 0 has highest link weight to MCParticle = 9.79e-01
[ DEBUG0 "MyRemoveOverlay"] 	Track linked to MCParticle with highest weight
[ DEBUG6 "MyRemoveOverlay"] 		Found a linked MCParticle to track
[ DEBUG5 "MyRemoveOverlay"] ----------------------------- MCParticle -----------------------------
[ DEBUG5 "MyRemoveOverlay"] Id                                                                 255
[ DEBUG5 "MyRemoveOverlay"] PDG                                                                211
[ DEBUG5 "MyRemoveOverlay"] Energy [GeV]                                                  5.24e+00
[ DEBUG5 "MyRemoveOverlay"] Momentum [GeV] (x,y,z)                      0.251292, -3.64858, 3.7435
[ DEBUG5 "MyRemoveOverlay"] Momentum at Endpoint[GeV] (x,y,z)                                -0, -0, 0
[ DEBUG5 "MyRemoveOverlay"] GeneratorStatus                                                      1
[ DEBUG5 "MyRemoveOverlay"] Vertex [mm] (x,y,z)                                    0, 0, 0.0570369
[ DEBUG5 "MyRemoveOverlay"] Endpoint [mm] (x,y,z)                      -558.844, -2128.13, 2277.99
[ DEBUG5 "MyRemoveOverlay"] Mass [GeV]                                                    1.40e-01
[ DEBUG5 "MyRemoveOverlay"] Charge                                                        1.00e+00
[ DEBUG5 "MyRemoveOverlay"] Parents                                                              1
[ DEBUG5 "MyRemoveOverlay"] Daughters                                                            0
[ DEBUG5 "MyRemoveOverlay"] simulator status bits: [sbvtcls]  s: created in simulation b: backscatter v: vertex is not endpoint of parent t: decayed in tracker c: decayed in calorimeter l: has left detector s: stopped o: overlay
[ DEBUG5 "MyRemoveOverlay"] [    c s ]
[ DEBUG5 "MyRemoveOverlay"] 
[ DEBUG0 "MyRemoveOverlay"] 	MCParticle at index: 1 has PDG: 211 and MCParticle to Cluster link weight is 9.98e-01
[ DEBUG0 "MyRemoveOverlay"] 	MCParticle at index: 1 with PDG code: 211 has highest link weight to input cluster
[ DEBUG0 "MyRemoveOverlay"] 	Cluster at index: 0 has highest link weight to MCParticle = 9.93e-01
[ DEBUG0 "MyRemoveOverlay"] 	Cluster linked to MCParticle with highest weight
[ DEBUG6 "MyRemoveOverlay"] 		Found a linked MCParticle to cluster
[ DEBUG5 "MyRemoveOverlay"] ----------------------------- MCParticle -----------------------------
[ DEBUG5 "MyRemoveOverlay"] Id                                                                 255
[ DEBUG5 "MyRemoveOverlay"] PDG                                                                211
[ DEBUG5 "MyRemoveOverlay"] Energy [GeV]                                                  5.24e+00
[ DEBUG5 "MyRemoveOverlay"] Momentum [GeV] (x,y,z)                      0.251292, -3.64858, 3.7435
[ DEBUG5 "MyRemoveOverlay"] Momentum at Endpoint[GeV] (x,y,z)                                -0, -0, 0
[ DEBUG5 "MyRemoveOverlay"] GeneratorStatus                                                      1
[ DEBUG5 "MyRemoveOverlay"] Vertex [mm] (x,y,z)                                    0, 0, 0.0570369
[ DEBUG5 "MyRemoveOverlay"] Endpoint [mm] (x,y,z)                      -558.844, -2128.13, 2277.99
[ DEBUG5 "MyRemoveOverlay"] Mass [GeV]                                                    1.40e-01
[ DEBUG5 "MyRemoveOverlay"] Charge                                                        1.00e+00
[ DEBUG5 "MyRemoveOverlay"] Parents                                                              1
[ DEBUG5 "MyRemoveOverlay"] Daughters                                                            0
[ DEBUG5 "MyRemoveOverlay"] simulator status bits: [sbvtcls]  s: created in simulation b: backscatter v: vertex is not endpoint of parent t: decayed in tracker c: decayed in calorimeter l: has left detector s: stopped o: overlay
[ DEBUG5 "MyRemoveOverlay"] [    c s ]
[ DEBUG5 "MyRemoveOverlay"] 
[ DEBUG7 "MyRemoveOverlay"] 		********** PFO AT INDEX 22 IS NOT OVERLAY **********
[ DEBUG8 "MyRemoveOverlay"] 
[ DEBUG8 "MyRemoveOverlay"] 		-------------------------------------------------------
[ DEBUG8 "MyRemoveOverlay"] 		Processing PFO at index 23
[ DEBUG5 "MyRemoveOverlay"] ------------------ ReconstructedParticle -----------------------------
[ DEBUG5 "MyRemoveOverlay"] Id                                                              0x1744
[ DEBUG5 "MyRemoveOverlay"] Compound                                                             0
[ DEBUG5 "MyRemoveOverlay"] Type                                                               211
[ DEBUG5 "MyRemoveOverlay"] Momentum (x,y,z)                       -2.88e-01, -1.15e+00, +1.12e+00
[ DEBUG5 "MyRemoveOverlay"] Mass [GeV]                                                    1.40e-01
[ DEBUG5 "MyRemoveOverlay"] Charge [e]                                                    1.00e+00
[ DEBUG5 "MyRemoveOverlay"] Energy [GeV]                                                  1.64e+00
[ DEBUG5 "MyRemoveOverlay"] ReferencePoint                         -4.10e+00, -1.60e+01, +1.57e+01
[ DEBUG5 "MyRemoveOverlay"] ParticleIDUsed                                                       0
[ DEBUG5 "MyRemoveOverlay"] GoodnessOfPID                                                 0.00e+00
[ DEBUG5 "MyRemoveOverlay"] Covariance p,E:  7.25e-07, 1.54e-07, 1.17e-06, -1.37e-07, -5.03e-07, 
[ DEBUG5 "MyRemoveOverlay"]                  1.16e-06, -3.29e-07, -1.19e-06, 1.17e-06, 1.69e-06
[ DEBUG5 "MyRemoveOverlay"] Particles id:    
[ DEBUG5 "MyRemoveOverlay"] Tracks id:    [00000877]
[ DEBUG5 "MyRemoveOverlay"] Clusters id:  [00001498]
[ DEBUG5 "MyRemoveOverlay"] Particle ids ( [id], PDG, (type)): 
[ DEBUG5 "MyRemoveOverlay"]                  [00001745], 000000, (000000) 
[ DEBUG5 "MyRemoveOverlay"]                  [00001746], 000000, (000000) 
[ DEBUG5 "MyRemoveOverlay"]                  [00001747], 000000, (000000) 
[ DEBUG5 "MyRemoveOverlay"]                  [00001748], 000000, (000000) 
[ DEBUG5 "MyRemoveOverlay"]                  [00001749], 000000, (000000) 
[ DEBUG5 "MyRemoveOverlay"]                  [00001750], 000011, (000000) 
[ DEBUG5 "MyRemoveOverlay"]                  [00001751], 000211, (000000) 
[ DEBUG5 "MyRemoveOverlay"]                  [00001752], 000011, (000000) 
[ DEBUG5 "MyRemoveOverlay"]                  [00001753], 000013, (000000) 
[ DEBUG5 "MyRemoveOverlay"] 
[ DEBUG5 "MyRemoveOverlay"] 
[ DEBUG0 "MyRemoveOverlay"] 	MCParticle at index: 0 has PDG: 211 and MCParticle to Track link weight is 1.00e+00
[ DEBUG0 "MyRemoveOverlay"] 	MCParticle at index: 0 with PDG code: 211 has highest link weight to input track
[ DEBUG0 "MyRemoveOverlay"] 	Track at index: 0 has highest link weight to MCParticle = 9.96e-01
[ DEBUG0 "MyRemoveOverlay"] 	Track linked to MCParticle with highest weight
[ DEBUG6 "MyRemoveOverlay"] 		Found a linked MCParticle to track
[ DEBUG5 "MyRemoveOverlay"] ----------------------------- MCParticle -----------------------------
[ DEBUG5 "MyRemoveOverlay"] Id                                                                 274
[ DEBUG5 "MyRemoveOverlay"] PDG                                                                211
[ DEBUG5 "MyRemoveOverlay"] Energy [GeV]                                                  1.64e+00
[ DEBUG5 "MyRemoveOverlay"] Momentum [GeV] (x,y,z)                    -0.287676, -1.15492, 1.12509
[ DEBUG5 "MyRemoveOverlay"] Momentum at Endpoint[GeV] (x,y,z)             -0.58815, 0.824484, 0.777956
[ DEBUG5 "MyRemoveOverlay"] GeneratorStatus                                                      1
[ DEBUG5 "MyRemoveOverlay"] Vertex [mm] (x,y,z)            -3.43409e-309, -8.00588e-309, 0.0570369
[ DEBUG5 "MyRemoveOverlay"] Endpoint [mm] (x,y,z)                      -1983.91, -430.298, 2345.07
[ DEBUG5 "MyRemoveOverlay"] Mass [GeV]                                                    1.40e-01
[ DEBUG5 "MyRemoveOverlay"] Charge                                                        1.00e+00
[ DEBUG5 "MyRemoveOverlay"] Parents                                                              1
[ DEBUG5 "MyRemoveOverlay"] Daughters                                                            0
[ DEBUG5 "MyRemoveOverlay"] simulator status bits: [sbvtcls]  s: created in simulation b: backscatter v: vertex is not endpoint of parent t: decayed in tracker c: decayed in calorimeter l: has left detector s: stopped o: overlay
[ DEBUG5 "MyRemoveOverlay"] [    c   ]
[ DEBUG5 "MyRemoveOverlay"] 
[ DEBUG0 "MyRemoveOverlay"] 	MCParticle at index: 0 has PDG: 211 and MCParticle to Cluster link weight is 1.00e+00
[ DEBUG0 "MyRemoveOverlay"] 	MCParticle at index: 0 with PDG code: 211 has highest link weight to input cluster
[ DEBUG6 "MyRemoveOverlay"] 		Cluster is not linked to a MCParticle
[ DEBUG7 "MyRemoveOverlay"] 		********** PFO AT INDEX 23 IS NOT OVERLAY **********
[ DEBUG8 "MyRemoveOverlay"] 
[ DEBUG8 "MyRemoveOverlay"] 		-------------------------------------------------------
[ DEBUG8 "MyRemoveOverlay"] 		Processing PFO at index 24
[ DEBUG5 "MyRemoveOverlay"] ------------------ ReconstructedParticle -----------------------------
[ DEBUG5 "MyRemoveOverlay"] Id                                                              0x1754
[ DEBUG5 "MyRemoveOverlay"] Compound                                                             0
[ DEBUG5 "MyRemoveOverlay"] Type                                                               211
[ DEBUG5 "MyRemoveOverlay"] Momentum (x,y,z)                       +2.30e-01, -4.10e-01, +1.61e-01
[ DEBUG5 "MyRemoveOverlay"] Mass [GeV]                                                    1.40e-01
[ DEBUG5 "MyRemoveOverlay"] Charge [e]                                                    1.00e+00
[ DEBUG5 "MyRemoveOverlay"] Energy [GeV]                                                  5.16e-01
[ DEBUG5 "MyRemoveOverlay"] ReferencePoint                         +7.64e+00, -1.42e+01, +5.54e+00
[ DEBUG5 "MyRemoveOverlay"] ParticleIDUsed                                                       0
[ DEBUG5 "MyRemoveOverlay"] GoodnessOfPID                                                 0.00e+00
[ DEBUG5 "MyRemoveOverlay"] Covariance p,E:  4.32e-07, 1.07e-07, 3.37e-07, -3.64e-08, 6.97e-08, 
[ DEBUG5 "MyRemoveOverlay"]                  4.71e-07, 9.70e-08, -1.98e-07, 7.55e-08, 2.24e-07
[ DEBUG5 "MyRemoveOverlay"] Particles id:    
[ DEBUG5 "MyRemoveOverlay"] Tracks id:    [00000787]
[ DEBUG5 "MyRemoveOverlay"] Clusters id:  [00001499]
[ DEBUG5 "MyRemoveOverlay"] Particle ids ( [id], PDG, (type)): 
[ DEBUG5 "MyRemoveOverlay"]                  [00001755], 000211, (000000) 
[ DEBUG5 "MyRemoveOverlay"]                  [00001756], 000211, (000000) 
[ DEBUG5 "MyRemoveOverlay"]                  [00001757], 000000, (000000) 
[ DEBUG5 "MyRemoveOverlay"]                  [00001758], 000000, (000000) 
[ DEBUG5 "MyRemoveOverlay"]                  [00001759], 000000, (000000) 
[ DEBUG5 "MyRemoveOverlay"]                  [00001760], 000000, (000000) 
[ DEBUG5 "MyRemoveOverlay"]                  [00001761], 000211, (000000) 
[ DEBUG5 "MyRemoveOverlay"]                  [00001762], 000011, (000000) 
[ DEBUG5 "MyRemoveOverlay"]                  [00001763], 000211, (000000) 
[ DEBUG5 "MyRemoveOverlay"] 
[ DEBUG5 "MyRemoveOverlay"] 
[ DEBUG0 "MyRemoveOverlay"] 	MCParticle at index: 0 has PDG: 211 and MCParticle to Track link weight is 1.00e+00
[ DEBUG0 "MyRemoveOverlay"] 	MCParticle at index: 0 with PDG code: 211 has highest link weight to input track
[ DEBUG6 "MyRemoveOverlay"] 		Track is not linked to a MCParticle
[ DEBUG0 "MyRemoveOverlay"] 	MCParticle at index: 0 has PDG: 130 and MCParticle to Cluster link weight is 1.00e+00
[ DEBUG0 "MyRemoveOverlay"] 	MCParticle at index: 0 with PDG code: 130 has highest link weight to input cluster
[ DEBUG6 "MyRemoveOverlay"] 		Cluster is not linked to a MCParticle
[ DEBUG7 "MyRemoveOverlay"] 		********** PFO AT INDEX 24 IS NOT OVERLAY **********
[ DEBUG8 "MyRemoveOverlay"] 
[ DEBUG8 "MyRemoveOverlay"] 		-------------------------------------------------------
[ DEBUG8 "MyRemoveOverlay"] 		Processing PFO at index 25
[ DEBUG5 "MyRemoveOverlay"] ------------------ ReconstructedParticle -----------------------------
[ DEBUG5 "MyRemoveOverlay"] Id                                                              0x1764
[ DEBUG5 "MyRemoveOverlay"] Compound                                                             0
[ DEBUG5 "MyRemoveOverlay"] Type                                                              -211
[ DEBUG5 "MyRemoveOverlay"] Momentum (x,y,z)                       -1.96e-01, +5.73e-01, +2.16e+00
[ DEBUG5 "MyRemoveOverlay"] Mass [GeV]                                                    1.40e-01
[ DEBUG5 "MyRemoveOverlay"] Charge [e]                                                   -1.00e+00
[ DEBUG5 "MyRemoveOverlay"] Energy [GeV]                                                  2.25e+00
[ DEBUG5 "MyRemoveOverlay"] ReferencePoint                         -5.55e+00, +1.57e+01, +5.95e+01
[ DEBUG5 "MyRemoveOverlay"] ParticleIDUsed                                                       0
[ DEBUG5 "MyRemoveOverlay"] GoodnessOfPID                                                 0.00e+00
[ DEBUG5 "MyRemoveOverlay"] Covariance p,E:  3.68e-06, -3.69e-06, 1.19e-05, -1.39e-05, 3.68e-05, 
[ DEBUG5 "MyRemoveOverlay"]                  1.42e-04, -1.46e-05, 3.87e-05, 1.47e-04, 1.53e-04
[ DEBUG5 "MyRemoveOverlay"] Particles id:    
[ DEBUG5 "MyRemoveOverlay"] Tracks id:    [00000772]
[ DEBUG5 "MyRemoveOverlay"] Clusters id:  [00001500]
[ DEBUG5 "MyRemoveOverlay"] Particle ids ( [id], PDG, (type)): 
[ DEBUG5 "MyRemoveOverlay"]                  [00001765], 000211, (000000) 
[ DEBUG5 "MyRemoveOverlay"]                  [00001766], 000000, (000000) 
[ DEBUG5 "MyRemoveOverlay"]                  [00001767], 000000, (000000) 
[ DEBUG5 "MyRemoveOverlay"]                  [00001768], 000000, (000000) 
[ DEBUG5 "MyRemoveOverlay"]                  [00001769], 000000, (000000) 
[ DEBUG5 "MyRemoveOverlay"]                  [00001770], 000000, (000000) 
[ DEBUG5 "MyRemoveOverlay"]                  [00001771], 000211, (000000) 
[ DEBUG5 "MyRemoveOverlay"]                  [00001772], 000011, (000000) 
[ DEBUG5 "MyRemoveOverlay"]                  [00001773], 000211, (000000) 
[ DEBUG5 "MyRemoveOverlay"] 
[ DEBUG5 "MyRemoveOverlay"] 
[ DEBUG0 "MyRemoveOverlay"] 	MCParticle at index: 0 has PDG: -211 and MCParticle to Track link weight is 1.00e+00
[ DEBUG0 "MyRemoveOverlay"] 	MCParticle at index: 0 with PDG code: -211 has highest link weight to input track
[ DEBUG0 "MyRemoveOverlay"] 	Track at index: 0 has highest link weight to MCParticle = 9.55e-01
[ DEBUG0 "MyRemoveOverlay"] 	Track linked to MCParticle with highest weight
[ DEBUG6 "MyRemoveOverlay"] 		Found a linked MCParticle to track
[ DEBUG5 "MyRemoveOverlay"] ----------------------------- MCParticle -----------------------------
[ DEBUG5 "MyRemoveOverlay"] Id                                                                 394
[ DEBUG5 "MyRemoveOverlay"] PDG                                                               -211
[ DEBUG5 "MyRemoveOverlay"] Energy [GeV]                                                  2.23e+00
[ DEBUG5 "MyRemoveOverlay"] Momentum [GeV] (x,y,z)                    -0.192195, 0.569907, 2.14529
[ DEBUG5 "MyRemoveOverlay"] Momentum at Endpoint[GeV] (x,y,z)                                 -0, 0, 0
[ DEBUG5 "MyRemoveOverlay"] GeneratorStatus                                                      1
[ DEBUG5 "MyRemoveOverlay"] Vertex [mm] (x,y,z)             -2.1162e-309, 3.47196e-309, -0.0017557
[ DEBUG5 "MyRemoveOverlay"] Endpoint [mm] (x,y,z)                       -519.463, 389.327, 2462.76
[ DEBUG5 "MyRemoveOverlay"] Mass [GeV]                                                    1.40e-01
[ DEBUG5 "MyRemoveOverlay"] Charge                                                       -1.00e+00
[ DEBUG5 "MyRemoveOverlay"] Parents                                                              1
[ DEBUG5 "MyRemoveOverlay"] Daughters                                                            0
[ DEBUG5 "MyRemoveOverlay"] simulator status bits: [sbvtcls]  s: created in simulation b: backscatter v: vertex is not endpoint of parent t: decayed in tracker c: decayed in calorimeter l: has left detector s: stopped o: overlay
[ DEBUG5 "MyRemoveOverlay"] [    c so]
[ DEBUG5 "MyRemoveOverlay"] 
[ DEBUG0 "MyRemoveOverlay"] 	MCParticle at index: 0 has PDG: -211 and MCParticle to Cluster link weight is 1.00e+00
[ DEBUG0 "MyRemoveOverlay"] 	MCParticle at index: 0 with PDG code: -211 has highest link weight to input cluster
[ DEBUG0 "MyRemoveOverlay"] 	Cluster at index: 0 has highest link weight to MCParticle = 9.31e-01
[ DEBUG0 "MyRemoveOverlay"] 	Cluster linked to MCParticle with highest weight
[ DEBUG6 "MyRemoveOverlay"] 		Found a linked MCParticle to cluster
[ DEBUG5 "MyRemoveOverlay"] ----------------------------- MCParticle -----------------------------
[ DEBUG5 "MyRemoveOverlay"] Id                                                                 394
[ DEBUG5 "MyRemoveOverlay"] PDG                                                               -211
[ DEBUG5 "MyRemoveOverlay"] Energy [GeV]                                                  2.23e+00
[ DEBUG5 "MyRemoveOverlay"] Momentum [GeV] (x,y,z)                    -0.192195, 0.569907, 2.14529
[ DEBUG5 "MyRemoveOverlay"] Momentum at Endpoint[GeV] (x,y,z)                                 -0, 0, 0
[ DEBUG5 "MyRemoveOverlay"] GeneratorStatus                                                      1
[ DEBUG5 "MyRemoveOverlay"] Vertex [mm] (x,y,z)             -2.1162e-309, 3.47196e-309, -0.0017557
[ DEBUG5 "MyRemoveOverlay"] Endpoint [mm] (x,y,z)                       -519.463, 389.327, 2462.76
[ DEBUG5 "MyRemoveOverlay"] Mass [GeV]                                                    1.40e-01
[ DEBUG5 "MyRemoveOverlay"] Charge                                                       -1.00e+00
[ DEBUG5 "MyRemoveOverlay"] Parents                                                              1
[ DEBUG5 "MyRemoveOverlay"] Daughters                                                            0
[ DEBUG5 "MyRemoveOverlay"] simulator status bits: [sbvtcls]  s: created in simulation b: backscatter v: vertex is not endpoint of parent t: decayed in tracker c: decayed in calorimeter l: has left detector s: stopped o: overlay
[ DEBUG5 "MyRemoveOverlay"] [    c so]
[ DEBUG5 "MyRemoveOverlay"] 
[ DEBUG7 "MyRemoveOverlay"] 		********** PFO AT INDEX 25 IS OVERLAY **********
[ DEBUG8 "MyRemoveOverlay"] 
[ DEBUG8 "MyRemoveOverlay"] 		-------------------------------------------------------
[ DEBUG8 "MyRemoveOverlay"] 		Processing PFO at index 26
[ DEBUG5 "MyRemoveOverlay"] ------------------ ReconstructedParticle -----------------------------
[ DEBUG5 "MyRemoveOverlay"] Id                                                              0x1774
[ DEBUG5 "MyRemoveOverlay"] Compound                                                             0
[ DEBUG5 "MyRemoveOverlay"] Type                                                               211
[ DEBUG5 "MyRemoveOverlay"] Momentum (x,y,z)                       +5.45e-03, -2.62e-01, +1.02e+00
[ DEBUG5 "MyRemoveOverlay"] Mass [GeV]                                                    1.40e-01
[ DEBUG5 "MyRemoveOverlay"] Charge [e]                                                    1.00e+00
[ DEBUG5 "MyRemoveOverlay"] Energy [GeV]                                                  1.06e+00
[ DEBUG5 "MyRemoveOverlay"] ReferencePoint                         -2.27e-01, -1.60e+01, +6.19e+01
[ DEBUG5 "MyRemoveOverlay"] ParticleIDUsed                                                       0
[ DEBUG5 "MyRemoveOverlay"] GoodnessOfPID                                                 0.00e+00
[ DEBUG5 "MyRemoveOverlay"] Covariance p,E:  2.29e-06, 4.36e-07, 6.59e-06, -1.16e-06, -1.66e-05, 
[ DEBUG5 "MyRemoveOverlay"]                  6.62e-05, -1.20e-06, -1.76e-05, 6.76e-05, 6.92e-05
[ DEBUG5 "MyRemoveOverlay"] Particles id:    
[ DEBUG5 "MyRemoveOverlay"] Tracks id:    [00000927]
[ DEBUG5 "MyRemoveOverlay"] Clusters id:  [00001501]
[ DEBUG5 "MyRemoveOverlay"] Particle ids ( [id], PDG, (type)): 
[ DEBUG5 "MyRemoveOverlay"]                  [00001775], 000211, (000000) 
[ DEBUG5 "MyRemoveOverlay"]                  [00001776], 000011, (000000) 
[ DEBUG5 "MyRemoveOverlay"]                  [00001777], 000000, (000000) 
[ DEBUG5 "MyRemoveOverlay"]                  [00001778], 000000, (000000) 
[ DEBUG5 "MyRemoveOverlay"]                  [00001779], 000000, (000000) 
[ DEBUG5 "MyRemoveOverlay"]                  [00001780], 000000, (000000) 
[ DEBUG5 "MyRemoveOverlay"]                  [00001781], 000211, (000000) 
[ DEBUG5 "MyRemoveOverlay"]                  [00001782], 000011, (000000) 
[ DEBUG5 "MyRemoveOverlay"]                  [00001783], 000211, (000000) 
[ DEBUG5 "MyRemoveOverlay"] 
[ DEBUG5 "MyRemoveOverlay"] 
[ DEBUG0 "MyRemoveOverlay"] 	MCParticle at index: 0 has PDG: 211 and MCParticle to Track link weight is 1.00e+00
[ DEBUG0 "MyRemoveOverlay"] 	MCParticle at index: 0 with PDG code: 211 has highest link weight to input track
[ DEBUG6 "MyRemoveOverlay"] 		Track is not linked to a MCParticle
[ DEBUG0 "MyRemoveOverlay"] 	MCParticle at index: 0 has PDG: 211 and MCParticle to Cluster link weight is 1.00e+00
[ DEBUG0 "MyRemoveOverlay"] 	MCParticle at index: 0 with PDG code: 211 has highest link weight to input cluster
[ DEBUG6 "MyRemoveOverlay"] 		Cluster is not linked to a MCParticle
[ DEBUG7 "MyRemoveOverlay"] 		********** PFO AT INDEX 26 IS NOT OVERLAY **********
[ DEBUG8 "MyRemoveOverlay"] 
[ DEBUG8 "MyRemoveOverlay"] 		-------------------------------------------------------
[ DEBUG8 "MyRemoveOverlay"] 		Processing PFO at index 27
[ DEBUG5 "MyRemoveOverlay"] ------------------ ReconstructedParticle -----------------------------
[ DEBUG5 "MyRemoveOverlay"] Id                                                              0x1784
[ DEBUG5 "MyRemoveOverlay"] Compound                                                             0
[ DEBUG5 "MyRemoveOverlay"] Type                                                               211
[ DEBUG5 "MyRemoveOverlay"] Momentum (x,y,z)                       -2.45e-02, -2.92e-01, +2.44e-01
[ DEBUG5 "MyRemoveOverlay"] Mass [GeV]                                                    1.40e-01
[ DEBUG5 "MyRemoveOverlay"] Charge [e]                                                    1.00e+00
[ DEBUG5 "MyRemoveOverlay"] Energy [GeV]                                                  4.07e-01
[ DEBUG5 "MyRemoveOverlay"] ReferencePoint                         -1.21e+00, -1.60e+01, +1.35e+01
[ DEBUG5 "MyRemoveOverlay"] ParticleIDUsed                                                       0
[ DEBUG5 "MyRemoveOverlay"] GoodnessOfPID                                                 0.00e+00
[ DEBUG5 "MyRemoveOverlay"] Covariance p,E:  6.24e-07, 8.34e-08, 8.17e-07, -3.71e-08, -2.06e-07, 
[ DEBUG5 "MyRemoveOverlay"]                  7.51e-07, -1.20e-07, -7.16e-07, 6.01e-07, 8.84e-07
[ DEBUG5 "MyRemoveOverlay"] Particles id:    
[ DEBUG5 "MyRemoveOverlay"] Tracks id:    [00000847]
[ DEBUG5 "MyRemoveOverlay"] Clusters id:  [00001502]
[ DEBUG5 "MyRemoveOverlay"] Particle ids ( [id], PDG, (type)): 
[ DEBUG5 "MyRemoveOverlay"]                  [00001785], 000211, (000000) 
[ DEBUG5 "MyRemoveOverlay"]                  [00001786], 000211, (000000) 
[ DEBUG5 "MyRemoveOverlay"]                  [00001787], 000000, (000000) 
[ DEBUG5 "MyRemoveOverlay"]                  [00001788], 000000, (000000) 
[ DEBUG5 "MyRemoveOverlay"]                  [00001789], 000000, (000000) 
[ DEBUG5 "MyRemoveOverlay"]                  [00001790], 000000, (000000) 
[ DEBUG5 "MyRemoveOverlay"]                  [00001791], 000011, (000000) 
[ DEBUG5 "MyRemoveOverlay"]                  [00001792], 000211, (000000) 
[ DEBUG5 "MyRemoveOverlay"]                  [00001793], 000211, (000000) 
[ DEBUG5 "MyRemoveOverlay"] 
[ DEBUG5 "MyRemoveOverlay"] 
[ DEBUG0 "MyRemoveOverlay"] 	MCParticle at index: 0 has PDG: -13 and MCParticle to Track link weight is 1.00e+00
[ DEBUG0 "MyRemoveOverlay"] 	MCParticle at index: 0 with PDG code: -13 has highest link weight to input track
[ DEBUG6 "MyRemoveOverlay"] 		Track is not linked to a MCParticle
[ DEBUG0 "MyRemoveOverlay"] 	MCParticle at index: 0 has PDG: -13 and MCParticle to Cluster link weight is 1.00e+00
[ DEBUG0 "MyRemoveOverlay"] 	MCParticle at index: 0 with PDG code: -13 has highest link weight to input cluster
[ DEBUG0 "MyRemoveOverlay"] 	Cluster at index: 0 has highest link weight to MCParticle = 1.00e+00
[ DEBUG0 "MyRemoveOverlay"] 	Cluster linked to MCParticle with highest weight
[ DEBUG6 "MyRemoveOverlay"] 		Found a linked MCParticle to cluster
[ DEBUG5 "MyRemoveOverlay"] ----------------------------- MCParticle -----------------------------
[ DEBUG5 "MyRemoveOverlay"] Id                                                                 277
[ DEBUG5 "MyRemoveOverlay"] PDG                                                                -13
[ DEBUG5 "MyRemoveOverlay"] Energy [GeV]                                                  3.97e-01
[ DEBUG5 "MyRemoveOverlay"] Momentum [GeV] (x,y,z)                 -0.0260415, -0.293524, 0.244044
[ DEBUG5 "MyRemoveOverlay"] Momentum at Endpoint[GeV] (x,y,z)                               -0, -0, -0
[ DEBUG5 "MyRemoveOverlay"] GeneratorStatus                                                      1
[ DEBUG5 "MyRemoveOverlay"] Vertex [mm] (x,y,z)                        0.391036, -2.04748, 1.91107
[ DEBUG5 "MyRemoveOverlay"] Endpoint [mm] (x,y,z)                       -244.932, 244.604, 2554.92
[ DEBUG5 "MyRemoveOverlay"] Mass [GeV]                                                    1.06e-01
[ DEBUG5 "MyRemoveOverlay"] Charge                                                        1.00e+00
[ DEBUG5 "MyRemoveOverlay"] Parents                                                              1
[ DEBUG5 "MyRemoveOverlay"] Daughters                                                            0
[ DEBUG5 "MyRemoveOverlay"] simulator status bits: [sbvtcls]  s: created in simulation b: backscatter v: vertex is not endpoint of parent t: decayed in tracker c: decayed in calorimeter l: has left detector s: stopped o: overlay
[ DEBUG5 "MyRemoveOverlay"] [    c s ]
[ DEBUG5 "MyRemoveOverlay"] 
[ DEBUG7 "MyRemoveOverlay"] 		********** PFO AT INDEX 27 IS NOT OVERLAY **********
[ DEBUG8 "MyRemoveOverlay"] 
[ DEBUG8 "MyRemoveOverlay"] 		-------------------------------------------------------
[ DEBUG8 "MyRemoveOverlay"] 		Processing PFO at index 28
[ DEBUG5 "MyRemoveOverlay"] ------------------ ReconstructedParticle -----------------------------
[ DEBUG5 "MyRemoveOverlay"] Id                                                              0x1794
[ DEBUG5 "MyRemoveOverlay"] Compound                                                             0
[ DEBUG5 "MyRemoveOverlay"] Type                                                               211
[ DEBUG5 "MyRemoveOverlay"] Momentum (x,y,z)                       -1.72e-01, -5.42e-02, +1.01e+00
[ DEBUG5 "MyRemoveOverlay"] Mass [GeV]                                                    1.40e-01
[ DEBUG5 "MyRemoveOverlay"] Charge [e]                                                    1.00e+00
[ DEBUG5 "MyRemoveOverlay"] Energy [GeV]                                                  1.03e+00
[ DEBUG5 "MyRemoveOverlay"] ReferencePoint                         -6.48e+01, -7.21e+00, +3.72e+02
[ DEBUG5 "MyRemoveOverlay"] ParticleIDUsed                                                       0
[ DEBUG5 "MyRemoveOverlay"] GoodnessOfPID                                                 0.00e+00
[ DEBUG5 "MyRemoveOverlay"] Covariance p,E:  6.76e-06, -1.17e-06, 8.40e-07, -2.87e-05, 4.62e-06, 
[ DEBUG5 "MyRemoveOverlay"]                  1.46e-04, -2.90e-05, 4.66e-06, 1.47e-04, 1.48e-04
[ DEBUG5 "MyRemoveOverlay"] Particles id:    
[ DEBUG5 "MyRemoveOverlay"] Tracks id:    [00000952]
[ DEBUG5 "MyRemoveOverlay"] Clusters id:  [00001503]
[ DEBUG5 "MyRemoveOverlay"] Particle ids ( [id], PDG, (type)): 
[ DEBUG5 "MyRemoveOverlay"]                  [00001795], 000211, (000000) 
[ DEBUG5 "MyRemoveOverlay"]                  [00001796], 000011, (000000) 
[ DEBUG5 "MyRemoveOverlay"]                  [00001797], 000000, (000000) 
[ DEBUG5 "MyRemoveOverlay"]                  [00001798], 000000, (000000) 
[ DEBUG5 "MyRemoveOverlay"]                  [00001799], 000000, (000000) 
[ DEBUG5 "MyRemoveOverlay"]                  [00001800], 000000, (000000) 
[ DEBUG5 "MyRemoveOverlay"]                  [00001801], 000211, (000000) 
[ DEBUG5 "MyRemoveOverlay"]                  [00001802], 000011, (000000) 
[ DEBUG5 "MyRemoveOverlay"]                  [00001803], 000011, (000000) 
[ DEBUG5 "MyRemoveOverlay"] 
[ DEBUG5 "MyRemoveOverlay"] 
[ DEBUG0 "MyRemoveOverlay"] 	MCParticle at index: 0 has PDG: 211 and MCParticle to Track link weight is 1.00e+00
[ DEBUG0 "MyRemoveOverlay"] 	MCParticle at index: 0 with PDG code: 211 has highest link weight to input track
[ DEBUG6 "MyRemoveOverlay"] 		Track is not linked to a MCParticle
[ DEBUG0 "MyRemoveOverlay"] 	MCParticle at index: 0 has PDG: 211 and MCParticle to Cluster link weight is 1.00e+00
[ DEBUG0 "MyRemoveOverlay"] 	MCParticle at index: 0 with PDG code: 211 has highest link weight to input cluster
[ DEBUG6 "MyRemoveOverlay"] 		Cluster is not linked to a MCParticle
[ DEBUG7 "MyRemoveOverlay"] 		********** PFO AT INDEX 28 IS NOT OVERLAY **********
[ DEBUG8 "MyRemoveOverlay"] 
[ DEBUG8 "MyRemoveOverlay"] 		-------------------------------------------------------
[ DEBUG8 "MyRemoveOverlay"] 		Processing PFO at index 29
[ DEBUG5 "MyRemoveOverlay"] ------------------ ReconstructedParticle -----------------------------
[ DEBUG5 "MyRemoveOverlay"] Id                                                              0x1804
[ DEBUG5 "MyRemoveOverlay"] Compound                                                             0
[ DEBUG5 "MyRemoveOverlay"] Type                                                               211
[ DEBUG5 "MyRemoveOverlay"] Momentum (x,y,z)                       -1.84e-01, -2.11e-01, +6.07e-01
[ DEBUG5 "MyRemoveOverlay"] Mass [GeV]                                                    1.40e-01
[ DEBUG5 "MyRemoveOverlay"] Charge [e]                                                    1.00e+00
[ DEBUG5 "MyRemoveOverlay"] Energy [GeV]                                                  6.83e-01
[ DEBUG5 "MyRemoveOverlay"] ReferencePoint                         -1.09e+01, -1.18e+01, +3.51e+01
[ DEBUG5 "MyRemoveOverlay"] ParticleIDUsed                                                       0
[ DEBUG5 "MyRemoveOverlay"] GoodnessOfPID                                                 0.00e+00
[ DEBUG5 "MyRemoveOverlay"] Covariance p,E:  1.34e-06, 2.44e-07, 1.17e-06, -9.16e-07, -8.95e-07, 
[ DEBUG5 "MyRemoveOverlay"]                  3.66e-06, -1.25e-06, -1.22e-06, 3.78e-06, 4.07e-06
[ DEBUG5 "MyRemoveOverlay"] Particles id:    
[ DEBUG5 "MyRemoveOverlay"] Tracks id:    [00000837]
[ DEBUG5 "MyRemoveOverlay"] Clusters id:  
[ DEBUG5 "MyRemoveOverlay"] Particle ids ( [id], PDG, (type)): 
[ DEBUG5 "MyRemoveOverlay"]                  [00001805], 000211, (000000) 
[ DEBUG5 "MyRemoveOverlay"]                  [00001806], 000211, (000000) 
[ DEBUG5 "MyRemoveOverlay"]                  [00001807], 000011, (000000) 
[ DEBUG5 "MyRemoveOverlay"]                  [00001808], 000011, (000000) 
[ DEBUG5 "MyRemoveOverlay"]                  [00001809], 000000, (000000) 
[ DEBUG5 "MyRemoveOverlay"] 
[ DEBUG5 "MyRemoveOverlay"] 
[ DEBUG0 "MyRemoveOverlay"] 	MCParticle at index: 0 has PDG: 211 and MCParticle to Track link weight is 1.00e+00
[ DEBUG0 "MyRemoveOverlay"] 	MCParticle at index: 0 with PDG code: 211 has highest link weight to input track
[ DEBUG6 "MyRemoveOverlay"] 		Track is not linked to a MCParticle
[ DEBUG7 "MyRemoveOverlay"] 		********** PFO AT INDEX 29 IS NOT OVERLAY **********
[ DEBUG8 "MyRemoveOverlay"] 
[ DEBUG8 "MyRemoveOverlay"] 		-------------------------------------------------------
[ DEBUG8 "MyRemoveOverlay"] 		Processing PFO at index 30
[ DEBUG5 "MyRemoveOverlay"] ------------------ ReconstructedParticle -----------------------------
[ DEBUG5 "MyRemoveOverlay"] Id                                                              0x1810
[ DEBUG5 "MyRemoveOverlay"] Compound                                                             0
[ DEBUG5 "MyRemoveOverlay"] Type                                                              2212
[ DEBUG5 "MyRemoveOverlay"] Momentum (x,y,z)                       +7.30e-01, -5.41e+00, +7.41e+00
[ DEBUG5 "MyRemoveOverlay"] Mass [GeV]                                                    9.38e-01
[ DEBUG5 "MyRemoveOverlay"] Charge [e]                                                    1.00e+00
[ DEBUG5 "MyRemoveOverlay"] Energy [GeV]                                                  9.25e+00
[ DEBUG5 "MyRemoveOverlay"] ReferencePoint                         +2.13e+00, -1.60e+01, +2.19e+01
[ DEBUG5 "MyRemoveOverlay"] ParticleIDUsed                                                       0
[ DEBUG5 "MyRemoveOverlay"] GoodnessOfPID                                                 0.00e+00
[ DEBUG5 "MyRemoveOverlay"] Covariance p,E:  1.67e-06, -4.57e-06, 3.68e-05, 6.25e-06, -4.90e-05, 
[ DEBUG5 "MyRemoveOverlay"]                  6.79e-05, 7.81e-06, -6.11e-05, 8.36e-05, 1.03e-04
[ DEBUG5 "MyRemoveOverlay"] Particles id:    
[ DEBUG5 "MyRemoveOverlay"] Tracks id:    [00000827]
[ DEBUG5 "MyRemoveOverlay"] Clusters id:  [00001504]
[ DEBUG5 "MyRemoveOverlay"] Particle ids ( [id], PDG, (type)): 
[ DEBUG5 "MyRemoveOverlay"]                  [00001811], 000000, (000000) 
[ DEBUG5 "MyRemoveOverlay"]                  [00001812], 000000, (000000) 
[ DEBUG5 "MyRemoveOverlay"]                  [00001813], 000000, (000000) 
[ DEBUG5 "MyRemoveOverlay"]                  [00001814], 000000, (000000) 
[ DEBUG5 "MyRemoveOverlay"]                  [00001815], 000000, (000000) 
[ DEBUG5 "MyRemoveOverlay"]                  [00001816], 002212, (000000) 
[ DEBUG5 "MyRemoveOverlay"]                  [00001817], 000211, (000000) 
[ DEBUG5 "MyRemoveOverlay"]                  [00001818], 000011, (000000) 
[ DEBUG5 "MyRemoveOverlay"]                  [00001819], 002212, (000000) 
[ DEBUG5 "MyRemoveOverlay"] 
[ DEBUG5 "MyRemoveOverlay"] 
[ DEBUG0 "MyRemoveOverlay"] 	MCParticle at index: 0 has PDG: 2212 and MCParticle to Track link weight is 1.00e+00
[ DEBUG0 "MyRemoveOverlay"] 	MCParticle at index: 0 with PDG code: 2212 has highest link weight to input track
[ DEBUG0 "MyRemoveOverlay"] 	Track at index: 0 has highest link weight to MCParticle = 1.00e+00
[ DEBUG0 "MyRemoveOverlay"] 	Track linked to MCParticle with highest weight
[ DEBUG6 "MyRemoveOverlay"] 		Found a linked MCParticle to track
[ DEBUG5 "MyRemoveOverlay"] ----------------------------- MCParticle -----------------------------
[ DEBUG5 "MyRemoveOverlay"] Id                                                                 253
[ DEBUG5 "MyRemoveOverlay"] PDG                                                               2212
[ DEBUG5 "MyRemoveOverlay"] Energy [GeV]                                                  9.26e+00
[ DEBUG5 "MyRemoveOverlay"] Momentum [GeV] (x,y,z)                       0.7306, -5.41687, 7.41059
[ DEBUG5 "MyRemoveOverlay"] Momentum at Endpoint[GeV] (x,y,z)                                -0, -0, 0
[ DEBUG5 "MyRemoveOverlay"] GeneratorStatus                                                      1
[ DEBUG5 "MyRemoveOverlay"] Vertex [mm] (x,y,z)                                    0, 0, 0.0570369
[ DEBUG5 "MyRemoveOverlay"] Endpoint [mm] (x,y,z)                      -80.7548, -1847.08, 2519.05
[ DEBUG5 "MyRemoveOverlay"] Mass [GeV]                                                    9.38e-01
[ DEBUG5 "MyRemoveOverlay"] Charge                                                        1.00e+00
[ DEBUG5 "MyRemoveOverlay"] Parents                                                              1
[ DEBUG5 "MyRemoveOverlay"] Daughters                                                            0
[ DEBUG5 "MyRemoveOverlay"] simulator status bits: [sbvtcls]  s: created in simulation b: backscatter v: vertex is not endpoint of parent t: decayed in tracker c: decayed in calorimeter l: has left detector s: stopped o: overlay
[ DEBUG5 "MyRemoveOverlay"] [    c s ]
[ DEBUG5 "MyRemoveOverlay"] 
[ DEBUG0 "MyRemoveOverlay"] 	MCParticle at index: 1 has PDG: 2212 and MCParticle to Cluster link weight is 9.68e-01
[ DEBUG0 "MyRemoveOverlay"] 	MCParticle at index: 1 with PDG code: 2212 has highest link weight to input cluster
[ DEBUG0 "MyRemoveOverlay"] 	Cluster at index: 0 has highest link weight to MCParticle = 9.83e-01
[ DEBUG0 "MyRemoveOverlay"] 	Cluster linked to MCParticle with highest weight
[ DEBUG6 "MyRemoveOverlay"] 		Found a linked MCParticle to cluster
[ DEBUG5 "MyRemoveOverlay"] ----------------------------- MCParticle -----------------------------
[ DEBUG5 "MyRemoveOverlay"] Id                                                                 253
[ DEBUG5 "MyRemoveOverlay"] PDG                                                               2212
[ DEBUG5 "MyRemoveOverlay"] Energy [GeV]                                                  9.26e+00
[ DEBUG5 "MyRemoveOverlay"] Momentum [GeV] (x,y,z)                       0.7306, -5.41687, 7.41059
[ DEBUG5 "MyRemoveOverlay"] Momentum at Endpoint[GeV] (x,y,z)                                -0, -0, 0
[ DEBUG5 "MyRemoveOverlay"] GeneratorStatus                                                      1
[ DEBUG5 "MyRemoveOverlay"] Vertex [mm] (x,y,z)                                    0, 0, 0.0570369
[ DEBUG5 "MyRemoveOverlay"] Endpoint [mm] (x,y,z)                      -80.7548, -1847.08, 2519.05
[ DEBUG5 "MyRemoveOverlay"] Mass [GeV]                                                    9.38e-01
[ DEBUG5 "MyRemoveOverlay"] Charge                                                        1.00e+00
[ DEBUG5 "MyRemoveOverlay"] Parents                                                              1
[ DEBUG5 "MyRemoveOverlay"] Daughters                                                            0
[ DEBUG5 "MyRemoveOverlay"] simulator status bits: [sbvtcls]  s: created in simulation b: backscatter v: vertex is not endpoint of parent t: decayed in tracker c: decayed in calorimeter l: has left detector s: stopped o: overlay
[ DEBUG5 "MyRemoveOverlay"] [    c s ]
[ DEBUG5 "MyRemoveOverlay"] 
[ DEBUG7 "MyRemoveOverlay"] 		********** PFO AT INDEX 30 IS NOT OVERLAY **********
[ DEBUG8 "MyRemoveOverlay"] 
[ DEBUG8 "MyRemoveOverlay"] 		-------------------------------------------------------
[ DEBUG8 "MyRemoveOverlay"] 		Processing PFO at index 31
[ DEBUG5 "MyRemoveOverlay"] ------------------ ReconstructedParticle -----------------------------
[ DEBUG5 "MyRemoveOverlay"] Id                                                              0x1820
[ DEBUG5 "MyRemoveOverlay"] Compound                                                             0
[ DEBUG5 "MyRemoveOverlay"] Type                                                              -211
[ DEBUG5 "MyRemoveOverlay"] Momentum (x,y,z)                       +3.99e-01, -2.71e-01, +2.02e-01
[ DEBUG5 "MyRemoveOverlay"] Mass [GeV]                                                    1.40e-01
[ DEBUG5 "MyRemoveOverlay"] Charge [e]                                                   -1.00e+00
[ DEBUG5 "MyRemoveOverlay"] Energy [GeV]                                                  5.41e-01
[ DEBUG5 "MyRemoveOverlay"] ReferencePoint                         +1.39e+01, -9.04e+00, +6.98e+00
[ DEBUG5 "MyRemoveOverlay"] ParticleIDUsed                                                       0
[ DEBUG5 "MyRemoveOverlay"] GoodnessOfPID                                                 0.00e+00
[ DEBUG5 "MyRemoveOverlay"] Covariance p,E:  3.87e-07, 1.01e-07, 4.37e-07, -6.99e-08, 4.94e-08, 
[ DEBUG5 "MyRemoveOverlay"]                  4.77e-07, 2.09e-07, -1.25e-07, 1.02e-07, 2.55e-07
[ DEBUG5 "MyRemoveOverlay"] Particles id:    
[ DEBUG5 "MyRemoveOverlay"] Tracks id:    [00000792]
[ DEBUG5 "MyRemoveOverlay"] Clusters id:  
[ DEBUG5 "MyRemoveOverlay"] Particle ids ( [id], PDG, (type)): 
[ DEBUG5 "MyRemoveOverlay"]                  [00001821], 000211, (000000) 
[ DEBUG5 "MyRemoveOverlay"]                  [00001822], 000211, (000000) 
[ DEBUG5 "MyRemoveOverlay"]                  [00001823], 000011, (000000) 
[ DEBUG5 "MyRemoveOverlay"]                  [00001824], 000011, (000000) 
[ DEBUG5 "MyRemoveOverlay"]                  [00001825], 000000, (000000) 
[ DEBUG5 "MyRemoveOverlay"] 
[ DEBUG5 "MyRemoveOverlay"] 
[ DEBUG0 "MyRemoveOverlay"] 	MCParticle at index: 0 has PDG: -211 and MCParticle to Track link weight is 1.00e+00
[ DEBUG0 "MyRemoveOverlay"] 	MCParticle at index: 0 with PDG code: -211 has highest link weight to input track
[ DEBUG6 "MyRemoveOverlay"] 		Track is not linked to a MCParticle
[ DEBUG7 "MyRemoveOverlay"] 		********** PFO AT INDEX 31 IS NOT OVERLAY **********
[ DEBUG8 "MyRemoveOverlay"] 
[ DEBUG8 "MyRemoveOverlay"] 		-------------------------------------------------------
[ DEBUG8 "MyRemoveOverlay"] 		Processing PFO at index 32
[ DEBUG5 "MyRemoveOverlay"] ------------------ ReconstructedParticle -----------------------------
[ DEBUG5 "MyRemoveOverlay"] Id                                                              0x1826
[ DEBUG5 "MyRemoveOverlay"] Compound                                                             0
[ DEBUG5 "MyRemoveOverlay"] Type                                                              -211
[ DEBUG5 "MyRemoveOverlay"] Momentum (x,y,z)                       +1.64e-01, -1.55e-01, +7.13e-02
[ DEBUG5 "MyRemoveOverlay"] Mass [GeV]                                                    1.40e-01
[ DEBUG5 "MyRemoveOverlay"] Charge [e]                                                   -1.00e+00
[ DEBUG5 "MyRemoveOverlay"] Energy [GeV]                                                  2.75e-01
[ DEBUG5 "MyRemoveOverlay"] ReferencePoint                         +1.23e+01, -1.08e+01, +5.31e+00
[ DEBUG5 "MyRemoveOverlay"] ParticleIDUsed                                                       0
[ DEBUG5 "MyRemoveOverlay"] GoodnessOfPID                                                 0.00e+00
[ DEBUG5 "MyRemoveOverlay"] Covariance p,E:  1.48e-06, -5.80e-07, 9.97e-07, 3.12e-07, -2.24e-07, 
[ DEBUG5 "MyRemoveOverlay"]                  7.45e-07, 1.29e-06, -9.67e-07, 5.06e-07, 1.45e-06
[ DEBUG5 "MyRemoveOverlay"] Particles id:    
[ DEBUG5 "MyRemoveOverlay"] Tracks id:    [00000832]
[ DEBUG5 "MyRemoveOverlay"] Clusters id:  
[ DEBUG5 "MyRemoveOverlay"] Particle ids ( [id], PDG, (type)): 
[ DEBUG5 "MyRemoveOverlay"]                  [00001827], 000011, (000000) 
[ DEBUG5 "MyRemoveOverlay"]                  [00001828], 000011, (000000) 
[ DEBUG5 "MyRemoveOverlay"]                  [00001829], 000000, (000000) 
[ DEBUG5 "MyRemoveOverlay"]                  [00001830], 000211, (000000) 
[ DEBUG5 "MyRemoveOverlay"]                  [00001831], 000211, (000000) 
[ DEBUG5 "MyRemoveOverlay"] 
[ DEBUG5 "MyRemoveOverlay"] 
[ DEBUG0 "MyRemoveOverlay"] 	MCParticle at index: 0 has PDG: -211 and MCParticle to Track link weight is 9.38e-01
[ DEBUG0 "MyRemoveOverlay"] 	MCParticle at index: 0 with PDG code: -211 has highest link weight to input track
[ DEBUG6 "MyRemoveOverlay"] 		Track is not linked to a MCParticle
[ DEBUG7 "MyRemoveOverlay"] 		********** PFO AT INDEX 32 IS NOT OVERLAY **********
[ DEBUG8 "MyRemoveOverlay"] 
[ DEBUG8 "MyRemoveOverlay"] 		-------------------------------------------------------
[ DEBUG8 "MyRemoveOverlay"] 		Processing PFO at index 33
[ DEBUG5 "MyRemoveOverlay"] ------------------ ReconstructedParticle -----------------------------
[ DEBUG5 "MyRemoveOverlay"] Id                                                              0x1832
[ DEBUG5 "MyRemoveOverlay"] Compound                                                             0
[ DEBUG5 "MyRemoveOverlay"] Type                                                              -211
[ DEBUG5 "MyRemoveOverlay"] Momentum (x,y,z)                       -1.93e-01, +3.49e-02, +2.24e-01
[ DEBUG5 "MyRemoveOverlay"] Mass [GeV]                                                    1.40e-01
[ DEBUG5 "MyRemoveOverlay"] Charge [e]                                                   -1.00e+00
[ DEBUG5 "MyRemoveOverlay"] Energy [GeV]                                                  3.29e-01
[ DEBUG5 "MyRemoveOverlay"] ReferencePoint                         -1.61e+01, +2.27e+00, +1.86e+01
[ DEBUG5 "MyRemoveOverlay"] ParticleIDUsed                                                       0
[ DEBUG5 "MyRemoveOverlay"] GoodnessOfPID                                                 0.00e+00
[ DEBUG5 "MyRemoveOverlay"] Covariance p,E:  9.42e-06, -5.41e-07, 7.20e-07, -9.89e-06, 6.99e-07, 
[ DEBUG5 "MyRemoveOverlay"]                  1.19e-05, -1.23e-05, 8.70e-07, 1.40e-05, 1.68e-05
[ DEBUG5 "MyRemoveOverlay"] Particles id:    
[ DEBUG5 "MyRemoveOverlay"] Tracks id:    [00000922]
[ DEBUG5 "MyRemoveOverlay"] Clusters id:  
[ DEBUG5 "MyRemoveOverlay"] Particle ids ( [id], PDG, (type)): 
[ DEBUG5 "MyRemoveOverlay"]                  [00001833], 000011, (000000) 
[ DEBUG5 "MyRemoveOverlay"]                  [00001834], 000011, (000000) 
[ DEBUG5 "MyRemoveOverlay"]                  [00001835], 000011, (000000) 
[ DEBUG5 "MyRemoveOverlay"]                  [00001836], 000011, (000000) 
[ DEBUG5 "MyRemoveOverlay"]                  [00001837], 000000, (000000) 
[ DEBUG5 "MyRemoveOverlay"] 
[ DEBUG5 "MyRemoveOverlay"] 
[ DEBUG6 "MyRemoveOverlay"] 		Track is not linked to a MCParticle
[ DEBUG7 "MyRemoveOverlay"] 		********** PFO AT INDEX 33 IS NOT OVERLAY **********
[ DEBUG8 "MyRemoveOverlay"] 
[ DEBUG8 "MyRemoveOverlay"] 		-------------------------------------------------------
[ DEBUG8 "MyRemoveOverlay"] 		Processing PFO at index 34
[ DEBUG5 "MyRemoveOverlay"] ------------------ ReconstructedParticle -----------------------------
[ DEBUG5 "MyRemoveOverlay"] Id                                                              0x1838
[ DEBUG5 "MyRemoveOverlay"] Compound                                                             0
[ DEBUG5 "MyRemoveOverlay"] Type                                                               321
[ DEBUG5 "MyRemoveOverlay"] Momentum (x,y,z)                       +6.79e-01, -1.84e-01, +1.29e+00
[ DEBUG5 "MyRemoveOverlay"] Mass [GeV]                                                    4.94e-01
[ DEBUG5 "MyRemoveOverlay"] Charge [e]                                                    1.00e+00
[ DEBUG5 "MyRemoveOverlay"] Energy [GeV]                                                  1.55e+00
[ DEBUG5 "MyRemoveOverlay"] ReferencePoint                         +1.45e+02, -6.06e+01, +2.87e+02
[ DEBUG5 "MyRemoveOverlay"] ParticleIDUsed                                                       0
[ DEBUG5 "MyRemoveOverlay"] GoodnessOfPID                                                 0.00e+00
[ DEBUG5 "MyRemoveOverlay"] Covariance p,E:  1.43e-05, -4.80e-06, 1.16e-05, 1.15e-05, -6.51e-06, 
[ DEBUG5 "MyRemoveOverlay"]                  3.11e-05, 1.65e-05, -8.90e-06, 3.17e-05, 3.47e-05
[ DEBUG5 "MyRemoveOverlay"] Particles id:    
[ DEBUG5 "MyRemoveOverlay"] Tracks id:    [00000852]
[ DEBUG5 "MyRemoveOverlay"] Clusters id:  
[ DEBUG5 "MyRemoveOverlay"] Particle ids ( [id], PDG, (type)): 
[ DEBUG5 "MyRemoveOverlay"]                  [00001839], 000321, (000000) 
[ DEBUG5 "MyRemoveOverlay"]                  [00001840], 000321, (000000) 
[ DEBUG5 "MyRemoveOverlay"]                  [00001841], 000011, (000000) 
[ DEBUG5 "MyRemoveOverlay"]                  [00001842], 000011, (000000) 
[ DEBUG5 "MyRemoveOverlay"]                  [00001843], 000000, (000000) 
[ DEBUG5 "MyRemoveOverlay"] 
[ DEBUG5 "MyRemoveOverlay"] 
[ DEBUG0 "MyRemoveOverlay"] 	MCParticle at index: 0 has PDG: 321 and MCParticle to Track link weight is 1.00e+00
[ DEBUG0 "MyRemoveOverlay"] 	MCParticle at index: 0 with PDG code: 321 has highest link weight to input track
[ DEBUG6 "MyRemoveOverlay"] 		Track is not linked to a MCParticle
[ DEBUG7 "MyRemoveOverlay"] 		********** PFO AT INDEX 34 IS NOT OVERLAY **********
[ DEBUG8 "MyRemoveOverlay"] 
[ DEBUG8 "MyRemoveOverlay"] 		-------------------------------------------------------
[ DEBUG8 "MyRemoveOverlay"] 		Processing PFO at index 35
[ DEBUG5 "MyRemoveOverlay"] ------------------ ReconstructedParticle -----------------------------
[ DEBUG5 "MyRemoveOverlay"] Id                                                              0x1844
[ DEBUG5 "MyRemoveOverlay"] Compound                                                             0
[ DEBUG5 "MyRemoveOverlay"] Type                                                              -211
[ DEBUG5 "MyRemoveOverlay"] Momentum (x,y,z)                       +2.94e-01, -6.49e-01, +6.46e-01
[ DEBUG5 "MyRemoveOverlay"] Mass [GeV]                                                    1.40e-01
[ DEBUG5 "MyRemoveOverlay"] Charge [e]                                                   -1.00e+00
[ DEBUG5 "MyRemoveOverlay"] Energy [GeV]                                                  9.72e-01
[ DEBUG5 "MyRemoveOverlay"] ReferencePoint                         +6.91e+00, -1.47e+01, +1.48e+01
[ DEBUG5 "MyRemoveOverlay"] ParticleIDUsed                                                       0
[ DEBUG5 "MyRemoveOverlay"] GoodnessOfPID                                                 0.00e+00
[ DEBUG5 "MyRemoveOverlay"] Covariance p,E:  6.46e-07, 8.65e-10, 6.01e-07, 1.66e-09, 1.47e-08, 
[ DEBUG5 "MyRemoveOverlay"]                  6.11e-07, 1.96e-07, -3.91e-07, 3.97e-07, 5.85e-07
[ DEBUG5 "MyRemoveOverlay"] Particles id:    
[ DEBUG5 "MyRemoveOverlay"] Tracks id:    [00000722]
[ DEBUG5 "MyRemoveOverlay"] Clusters id:  [00001505]
[ DEBUG5 "MyRemoveOverlay"] Particle ids ( [id], PDG, (type)): 
[ DEBUG5 "MyRemoveOverlay"]                  [00001845], 000013, (000000) 
[ DEBUG5 "MyRemoveOverlay"]                  [00001846], 000013, (000000) 
[ DEBUG5 "MyRemoveOverlay"]                  [00001847], 000000, (000000) 
[ DEBUG5 "MyRemoveOverlay"]                  [00001848], 000000, (000000) 
[ DEBUG5 "MyRemoveOverlay"]                  [00001849], 000000, (000000) 
[ DEBUG5 "MyRemoveOverlay"]                  [00001850], 000000, (000000) 
[ DEBUG5 "MyRemoveOverlay"]                  [00001851], 000011, (000000) 
[ DEBUG5 "MyRemoveOverlay"]                  [00001852], 000013, (000000) 
[ DEBUG5 "MyRemoveOverlay"]                  [00001853], 000013, (000000) 
[ DEBUG5 "MyRemoveOverlay"] 
[ DEBUG5 "MyRemoveOverlay"] 
[ DEBUG0 "MyRemoveOverlay"] 	MCParticle at index: 0 has PDG: -211 and MCParticle to Track link weight is 1.00e+00
[ DEBUG0 "MyRemoveOverlay"] 	MCParticle at index: 0 with PDG code: -211 has highest link weight to input track
[ DEBUG0 "MyRemoveOverlay"] 	Track at index: 0 has highest link weight to MCParticle = 9.35e-01
[ DEBUG0 "MyRemoveOverlay"] 	Track linked to MCParticle with highest weight
[ DEBUG6 "MyRemoveOverlay"] 		Found a linked MCParticle to track
[ DEBUG5 "MyRemoveOverlay"] ----------------------------- MCParticle -----------------------------
[ DEBUG5 "MyRemoveOverlay"] Id                                                                 298
[ DEBUG5 "MyRemoveOverlay"] PDG                                                               -211
[ DEBUG5 "MyRemoveOverlay"] Energy [GeV]                                                  9.73e-01
[ DEBUG5 "MyRemoveOverlay"] Momentum [GeV] (x,y,z)                   0.295245, -0.650041, 0.646622
[ DEBUG5 "MyRemoveOverlay"] Momentum at Endpoint[GeV] (x,y,z)                                -0, -0, 0
[ DEBUG5 "MyRemoveOverlay"] GeneratorStatus                                                      1
[ DEBUG5 "MyRemoveOverlay"] Vertex [mm] (x,y,z)                                    0, 0, 0.0570369
[ DEBUG5 "MyRemoveOverlay"] Endpoint [mm] (x,y,z)                        425.139, 798.757, 2881.32
[ DEBUG5 "MyRemoveOverlay"] Mass [GeV]                                                    1.40e-01
[ DEBUG5 "MyRemoveOverlay"] Charge                                                       -1.00e+00
[ DEBUG5 "MyRemoveOverlay"] Parents                                                              1
[ DEBUG5 "MyRemoveOverlay"] Daughters                                                            0
[ DEBUG5 "MyRemoveOverlay"] simulator status bits: [sbvtcls]  s: created in simulation b: backscatter v: vertex is not endpoint of parent t: decayed in tracker c: decayed in calorimeter l: has left detector s: stopped o: overlay
[ DEBUG5 "MyRemoveOverlay"] [    c s ]
[ DEBUG5 "MyRemoveOverlay"] 
[ DEBUG0 "MyRemoveOverlay"] 	MCParticle at index: 1 has PDG: -211 and MCParticle to Cluster link weight is 1.00e+00
[ DEBUG0 "MyRemoveOverlay"] 	MCParticle at index: 1 with PDG code: -211 has highest link weight to input cluster
[ DEBUG0 "MyRemoveOverlay"] 	Cluster at index: 0 has highest link weight to MCParticle = 1.00e+00
[ DEBUG0 "MyRemoveOverlay"] 	Cluster linked to MCParticle with highest weight
[ DEBUG6 "MyRemoveOverlay"] 		Found a linked MCParticle to cluster
[ DEBUG5 "MyRemoveOverlay"] ----------------------------- MCParticle -----------------------------
[ DEBUG5 "MyRemoveOverlay"] Id                                                                 298
[ DEBUG5 "MyRemoveOverlay"] PDG                                                               -211
[ DEBUG5 "MyRemoveOverlay"] Energy [GeV]                                                  9.73e-01
[ DEBUG5 "MyRemoveOverlay"] Momentum [GeV] (x,y,z)                   0.295245, -0.650041, 0.646622
[ DEBUG5 "MyRemoveOverlay"] Momentum at Endpoint[GeV] (x,y,z)                                -0, -0, 0
[ DEBUG5 "MyRemoveOverlay"] GeneratorStatus                                                      1
[ DEBUG5 "MyRemoveOverlay"] Vertex [mm] (x,y,z)                                    0, 0, 0.0570369
[ DEBUG5 "MyRemoveOverlay"] Endpoint [mm] (x,y,z)                        425.139, 798.757, 2881.32
[ DEBUG5 "MyRemoveOverlay"] Mass [GeV]                                                    1.40e-01
[ DEBUG5 "MyRemoveOverlay"] Charge                                                       -1.00e+00
[ DEBUG5 "MyRemoveOverlay"] Parents                                                              1
[ DEBUG5 "MyRemoveOverlay"] Daughters                                                            0
[ DEBUG5 "MyRemoveOverlay"] simulator status bits: [sbvtcls]  s: created in simulation b: backscatter v: vertex is not endpoint of parent t: decayed in tracker c: decayed in calorimeter l: has left detector s: stopped o: overlay
[ DEBUG5 "MyRemoveOverlay"] [    c s ]
[ DEBUG5 "MyRemoveOverlay"] 
[ DEBUG7 "MyRemoveOverlay"] 		********** PFO AT INDEX 35 IS NOT OVERLAY **********
[ DEBUG8 "MyRemoveOverlay"] 
[ DEBUG8 "MyRemoveOverlay"] 		-------------------------------------------------------
[ DEBUG8 "MyRemoveOverlay"] 		Processing PFO at index 36
[ DEBUG5 "MyRemoveOverlay"] ------------------ ReconstructedParticle -----------------------------
[ DEBUG5 "MyRemoveOverlay"] Id                                                              0x1854
[ DEBUG5 "MyRemoveOverlay"] Compound                                                             0
[ DEBUG5 "MyRemoveOverlay"] Type                                                              2112
[ DEBUG5 "MyRemoveOverlay"] Momentum (x,y,z)                       -4.15e-01, +4.15e-01, -3.11e+00
[ DEBUG5 "MyRemoveOverlay"] Mass [GeV]                                                    9.40e-01
[ DEBUG5 "MyRemoveOverlay"] Charge [e]                                                    0.00e+00
[ DEBUG5 "MyRemoveOverlay"] Energy [GeV]                                                  3.16e+00
[ DEBUG5 "MyRemoveOverlay"] ReferencePoint                         -3.33e+02, +3.33e+02, -2.49e+03
[ DEBUG5 "MyRemoveOverlay"] ParticleIDUsed                                                       0
[ DEBUG5 "MyRemoveOverlay"] GoodnessOfPID                                                 0.00e+00
[ DEBUG5 "MyRemoveOverlay"] Covariance p,E:  2.16e-02, -2.15e-02, 2.16e-02, 1.61e-01, -1.61e-01, 
[ DEBUG5 "MyRemoveOverlay"]                  1.21e+00, -1.57e-01, 1.57e-01, -1.18e+00, 1.15e+00
[ DEBUG5 "MyRemoveOverlay"] Particles id:    
[ DEBUG5 "MyRemoveOverlay"] Tracks id:    
[ DEBUG5 "MyRemoveOverlay"] Clusters id:  [00001506]
[ DEBUG5 "MyRemoveOverlay"] Particle ids ( [id], PDG, (type)): 
[ DEBUG5 "MyRemoveOverlay"]                  [00001855], 000000, (000000) 
[ DEBUG5 "MyRemoveOverlay"]                  [00001856], 000000, (000000) 
[ DEBUG5 "MyRemoveOverlay"]                  [00001857], 000000, (000000) 
[ DEBUG5 "MyRemoveOverlay"]                  [00001858], 000000, (000000) 
[ DEBUG5 "MyRemoveOverlay"] 
[ DEBUG5 "MyRemoveOverlay"] 
[ DEBUG0 "MyRemoveOverlay"] 	MCParticle at index: 0 has PDG: 211 and MCParticle to Cluster link weight is 9.98e-01
[ DEBUG0 "MyRemoveOverlay"] 	MCParticle at index: 0 with PDG code: 211 has highest link weight to input cluster
[ DEBUG0 "MyRemoveOverlay"] 	Cluster at index: 2 has highest link weight to MCParticle = 9.75e-01
[ DEBUG0 "MyRemoveOverlay"] 	Cluster linked to MCParticle with highest weight
[ DEBUG6 "MyRemoveOverlay"] 		Found a linked MCParticle to cluster
[ DEBUG5 "MyRemoveOverlay"] ----------------------------- MCParticle -----------------------------
[ DEBUG5 "MyRemoveOverlay"] Id                                                                 281
[ DEBUG5 "MyRemoveOverlay"] PDG                                                                211
[ DEBUG5 "MyRemoveOverlay"] Energy [GeV]                                                  3.32e+00
[ DEBUG5 "MyRemoveOverlay"] Momentum [GeV] (x,y,z)                    -0.605491, 0.234854, -3.2531
[ DEBUG5 "MyRemoveOverlay"] Momentum at Endpoint[GeV] (x,y,z)                                -0, 0, -0
[ DEBUG5 "MyRemoveOverlay"] GeneratorStatus                                                      1
[ DEBUG5 "MyRemoveOverlay"] Vertex [mm] (x,y,z)             -3.50366e-310, 7.28128e-311, 0.0570369
[ DEBUG5 "MyRemoveOverlay"] Endpoint [mm] (x,y,z)                      -346.539, 334.528, -2483.35
[ DEBUG5 "MyRemoveOverlay"] Mass [GeV]                                                    1.40e-01
[ DEBUG5 "MyRemoveOverlay"] Charge                                                        1.00e+00
[ DEBUG5 "MyRemoveOverlay"] Parents                                                              1
[ DEBUG5 "MyRemoveOverlay"] Daughters                                                            0
[ DEBUG5 "MyRemoveOverlay"] simulator status bits: [sbvtcls]  s: created in simulation b: backscatter v: vertex is not endpoint of parent t: decayed in tracker c: decayed in calorimeter l: has left detector s: stopped o: overlay
[ DEBUG5 "MyRemoveOverlay"] [    c s ]
[ DEBUG5 "MyRemoveOverlay"] 
[ DEBUG7 "MyRemoveOverlay"] 		********** PFO AT INDEX 36 IS NOT OVERLAY **********
[ DEBUG8 "MyRemoveOverlay"] 
[ DEBUG8 "MyRemoveOverlay"] 		-------------------------------------------------------
[ DEBUG8 "MyRemoveOverlay"] 		Processing PFO at index 37
[ DEBUG5 "MyRemoveOverlay"] ------------------ ReconstructedParticle -----------------------------
[ DEBUG5 "MyRemoveOverlay"] Id                                                              0x1859
[ DEBUG5 "MyRemoveOverlay"] Compound                                                             0
[ DEBUG5 "MyRemoveOverlay"] Type                                                                22
[ DEBUG5 "MyRemoveOverlay"] Momentum (x,y,z)                       -1.89e-02, -7.64e-03, -1.75e-01
[ DEBUG5 "MyRemoveOverlay"] Mass [GeV]                                                    0.00e+00
[ DEBUG5 "MyRemoveOverlay"] Charge [e]                                                    0.00e+00
[ DEBUG5 "MyRemoveOverlay"] Energy [GeV]                                                  1.76e-01
[ DEBUG5 "MyRemoveOverlay"] ReferencePoint                         -2.65e+02, -1.07e+02, -2.45e+03
[ DEBUG5 "MyRemoveOverlay"] ParticleIDUsed                                                       0
[ DEBUG5 "MyRemoveOverlay"] GoodnessOfPID                                                 0.00e+00
[ DEBUG5 "MyRemoveOverlay"] Covariance p,E:  5.74e-05, 2.32e-05, 9.39e-06, 5.30e-04, 2.15e-04, 
[ DEBUG5 "MyRemoveOverlay"]                  4.90e-03, -5.34e-04, -2.16e-04, -4.94e-03, 4.97e-03
[ DEBUG5 "MyRemoveOverlay"] Particles id:    
[ DEBUG5 "MyRemoveOverlay"] Tracks id:    
[ DEBUG5 "MyRemoveOverlay"] Clusters id:  [00001507]
[ DEBUG5 "MyRemoveOverlay"] Particle ids ( [id], PDG, (type)): 
[ DEBUG5 "MyRemoveOverlay"]                  [00001860], 000000, (000000) 
[ DEBUG5 "MyRemoveOverlay"]                  [00001861], 000000, (000000) 
[ DEBUG5 "MyRemoveOverlay"]                  [00001862], 000000, (000000) 
[ DEBUG5 "MyRemoveOverlay"]                  [00001863], 000000, (000000) 
[ DEBUG5 "MyRemoveOverlay"] 
[ DEBUG5 "MyRemoveOverlay"] 
[ DEBUG0 "MyRemoveOverlay"] 	MCParticle at index: 0 has PDG: 13 and MCParticle to Cluster link weight is 1.00e+00
[ DEBUG0 "MyRemoveOverlay"] 	MCParticle at index: 0 with PDG code: 13 has highest link weight to input cluster
[ DEBUG0 "MyRemoveOverlay"] 	Cluster at index: 0 has highest link weight to MCParticle = 1.00e+00
[ DEBUG0 "MyRemoveOverlay"] 	Cluster linked to MCParticle with highest weight
[ DEBUG6 "MyRemoveOverlay"] 		Found a linked MCParticle to cluster
[ DEBUG5 "MyRemoveOverlay"] ----------------------------- MCParticle -----------------------------
[ DEBUG5 "MyRemoveOverlay"] Id                                                                 372
[ DEBUG5 "MyRemoveOverlay"] PDG                                                                 13
[ DEBUG5 "MyRemoveOverlay"] Energy [GeV]                                                  2.24e-01
[ DEBUG5 "MyRemoveOverlay"] Momentum [GeV] (x,y,z)                 0.0518259, -0.133086, -0.136974
[ DEBUG5 "MyRemoveOverlay"] Momentum at Endpoint[GeV] (x,y,z)                                  0, 0, 0
[ DEBUG5 "MyRemoveOverlay"] GeneratorStatus                                                      0
[ DEBUG5 "MyRemoveOverlay"] Vertex [mm] (x,y,z)                       -406.469, -37.3202, -663.898
[ DEBUG5 "MyRemoveOverlay"] Endpoint [mm] (x,y,z)                      -259.89, -104.951, -2463.37
[ DEBUG5 "MyRemoveOverlay"] Mass [GeV]                                                    1.06e-01
[ DEBUG5 "MyRemoveOverlay"] Charge                                                       -1.00e+00
[ DEBUG5 "MyRemoveOverlay"] Parents                                                              1
[ DEBUG5 "MyRemoveOverlay"] Daughters                                                            0
[ DEBUG5 "MyRemoveOverlay"] simulator status bits: [sbvtcls]  s: created in simulation b: backscatter v: vertex is not endpoint of parent t: decayed in tracker c: decayed in calorimeter l: has left detector s: stopped o: overlay
[ DEBUG5 "MyRemoveOverlay"] [s   c s ]
[ DEBUG5 "MyRemoveOverlay"] 
[ DEBUG7 "MyRemoveOverlay"] 		********** PFO AT INDEX 37 IS NOT OVERLAY **********
[ DEBUG8 "MyRemoveOverlay"] 
[ DEBUG8 "MyRemoveOverlay"] 		-------------------------------------------------------
[ DEBUG8 "MyRemoveOverlay"] 		Processing PFO at index 38
[ DEBUG5 "MyRemoveOverlay"] ------------------ ReconstructedParticle -----------------------------
[ DEBUG5 "MyRemoveOverlay"] Id                                                              0x1864
[ DEBUG5 "MyRemoveOverlay"] Compound                                                             0
[ DEBUG5 "MyRemoveOverlay"] Type                                                                22
[ DEBUG5 "MyRemoveOverlay"] Momentum (x,y,z)                       -1.94e-01, -1.11e-01, +2.04e-02
[ DEBUG5 "MyRemoveOverlay"] Mass [GeV]                                                    0.00e+00
[ DEBUG5 "MyRemoveOverlay"] Charge [e]                                                    0.00e+00
[ DEBUG5 "MyRemoveOverlay"] Energy [GeV]                                                  2.24e-01
[ DEBUG5 "MyRemoveOverlay"] ReferencePoint                         -1.66e+03, -9.45e+02, +1.74e+02
[ DEBUG5 "MyRemoveOverlay"] ParticleIDUsed                                                       0
[ DEBUG5 "MyRemoveOverlay"] GoodnessOfPID                                                 0.00e+00
[ DEBUG5 "MyRemoveOverlay"] Covariance p,E:  4.74e-03, 2.70e-03, 1.55e-03, -4.95e-04, -2.90e-04, 
[ DEBUG5 "MyRemoveOverlay"]                  5.89e-05, -5.47e-03, -3.12e-03, 5.76e-04, 6.33e-03
[ DEBUG5 "MyRemoveOverlay"] Particles id:    
[ DEBUG5 "MyRemoveOverlay"] Tracks id:    
[ DEBUG5 "MyRemoveOverlay"] Clusters id:  [00001508]
[ DEBUG5 "MyRemoveOverlay"] Particle ids ( [id], PDG, (type)): 
[ DEBUG5 "MyRemoveOverlay"]                  [00001865], 000000, (000000) 
[ DEBUG5 "MyRemoveOverlay"]                  [00001866], 000000, (000000) 
[ DEBUG5 "MyRemoveOverlay"]                  [00001867], 000000, (000000) 
[ DEBUG5 "MyRemoveOverlay"]                  [00001868], 000000, (000000) 
[ DEBUG5 "MyRemoveOverlay"] 
[ DEBUG5 "MyRemoveOverlay"] 
[ DEBUG6 "MyRemoveOverlay"] 		Cluster is not linked to a MCParticle
[ DEBUG7 "MyRemoveOverlay"] 		********** PFO AT INDEX 38 IS NOT OVERLAY **********
[ DEBUG8 "MyRemoveOverlay"] 
[ DEBUG8 "MyRemoveOverlay"] 		-------------------------------------------------------
[ DEBUG8 "MyRemoveOverlay"] 		Processing PFO at index 39
[ DEBUG5 "MyRemoveOverlay"] ------------------ ReconstructedParticle -----------------------------
[ DEBUG5 "MyRemoveOverlay"] Id                                                              0x1869
[ DEBUG5 "MyRemoveOverlay"] Compound                                                             0
[ DEBUG5 "MyRemoveOverlay"] Type                                                                22
[ DEBUG5 "MyRemoveOverlay"] Momentum (x,y,z)                       +4.72e-01, -3.65e-01, +2.22e-01
[ DEBUG5 "MyRemoveOverlay"] Mass [GeV]                                                    0.00e+00
[ DEBUG5 "MyRemoveOverlay"] Charge [e]                                                    0.00e+00
[ DEBUG5 "MyRemoveOverlay"] Energy [GeV]                                                  6.37e-01
[ DEBUG5 "MyRemoveOverlay"] ReferencePoint                         +1.47e+03, -1.14e+03, +6.93e+02
[ DEBUG5 "MyRemoveOverlay"] ParticleIDUsed                                                       0
[ DEBUG5 "MyRemoveOverlay"] GoodnessOfPID                                                 0.00e+00
[ DEBUG5 "MyRemoveOverlay"] Covariance p,E:  9.97e-03, -7.71e-03, 5.96e-03, 4.70e-03, -3.64e-03, 
[ DEBUG5 "MyRemoveOverlay"]                  2.22e-03, 1.34e-02, -1.04e-02, 6.34e-03, 1.81e-02
[ DEBUG5 "MyRemoveOverlay"] Particles id:    
[ DEBUG5 "MyRemoveOverlay"] Tracks id:    
[ DEBUG5 "MyRemoveOverlay"] Clusters id:  [00001509]
[ DEBUG5 "MyRemoveOverlay"] Particle ids ( [id], PDG, (type)): 
[ DEBUG5 "MyRemoveOverlay"]                  [00001870], 000000, (000000) 
[ DEBUG5 "MyRemoveOverlay"]                  [00001871], 000000, (000000) 
[ DEBUG5 "MyRemoveOverlay"]                  [00001872], 000000, (000000) 
[ DEBUG5 "MyRemoveOverlay"]                  [00001873], 000000, (000000) 
[ DEBUG5 "MyRemoveOverlay"] 
[ DEBUG5 "MyRemoveOverlay"] 
[ DEBUG0 "MyRemoveOverlay"] 	MCParticle at index: 0 has PDG: 22 and MCParticle to Cluster link weight is 1.00e+00
[ DEBUG0 "MyRemoveOverlay"] 	MCParticle at index: 0 with PDG code: 22 has highest link weight to input cluster
[ DEBUG0 "MyRemoveOverlay"] 	Cluster at index: 0 has highest link weight to MCParticle = 1.00e+00
[ DEBUG0 "MyRemoveOverlay"] 	Cluster linked to MCParticle with highest weight
[ DEBUG6 "MyRemoveOverlay"] 		Found a linked MCParticle to cluster
[ DEBUG5 "MyRemoveOverlay"] ----------------------------- MCParticle -----------------------------
[ DEBUG5 "MyRemoveOverlay"] Id                                                                 327
[ DEBUG5 "MyRemoveOverlay"] PDG                                                                 22
[ DEBUG5 "MyRemoveOverlay"] Energy [GeV]                                                  4.90e-01
[ DEBUG5 "MyRemoveOverlay"] Momentum [GeV] (x,y,z)                   0.363162, -0.281129, 0.171854
[ DEBUG5 "MyRemoveOverlay"] Momentum at Endpoint[GeV] (x,y,z)                                 0, -0, 0
[ DEBUG5 "MyRemoveOverlay"] GeneratorStatus                                                      1
[ DEBUG5 "MyRemoveOverlay"] Vertex [mm] (x,y,z)               9.09506e-05, -8.62021e-05, 0.0570909
[ DEBUG5 "MyRemoveOverlay"] Endpoint [mm] (x,y,z)                       1441.08, -1115.56, 682.001
[ DEBUG5 "MyRemoveOverlay"] Mass [GeV]                                                   -7.45e-09
[ DEBUG5 "MyRemoveOverlay"] Charge                                                        0.00e+00
[ DEBUG5 "MyRemoveOverlay"] Parents                                                              1
[ DEBUG5 "MyRemoveOverlay"] Daughters                                                            0
[ DEBUG5 "MyRemoveOverlay"] simulator status bits: [sbvtcls]  s: created in simulation b: backscatter v: vertex is not endpoint of parent t: decayed in tracker c: decayed in calorimeter l: has left detector s: stopped o: overlay
[ DEBUG5 "MyRemoveOverlay"] [    c s ]
[ DEBUG5 "MyRemoveOverlay"] 
[ DEBUG7 "MyRemoveOverlay"] 		********** PFO AT INDEX 39 IS NOT OVERLAY **********
[ DEBUG8 "MyRemoveOverlay"] 
[ DEBUG8 "MyRemoveOverlay"] 		-------------------------------------------------------
[ DEBUG8 "MyRemoveOverlay"] 		Processing PFO at index 40
[ DEBUG5 "MyRemoveOverlay"] ------------------ ReconstructedParticle -----------------------------
[ DEBUG5 "MyRemoveOverlay"] Id                                                              0x1874
[ DEBUG5 "MyRemoveOverlay"] Compound                                                             0
[ DEBUG5 "MyRemoveOverlay"] Type                                                                22
[ DEBUG5 "MyRemoveOverlay"] Momentum (x,y,z)                       +8.16e-02, -2.08e-01, +1.67e-01
[ DEBUG5 "MyRemoveOverlay"] Mass [GeV]                                                    0.00e+00
[ DEBUG5 "MyRemoveOverlay"] Charge [e]                                                    0.00e+00
[ DEBUG5 "MyRemoveOverlay"] Energy [GeV]                                                  2.79e-01
[ DEBUG5 "MyRemoveOverlay"] ReferencePoint                         +7.18e+02, -1.83e+03, +1.47e+03
[ DEBUG5 "MyRemoveOverlay"] ParticleIDUsed                                                       0
[ DEBUG5 "MyRemoveOverlay"] GoodnessOfPID                                                 0.00e+00
[ DEBUG5 "MyRemoveOverlay"] Covariance p,E:  6.53e-04, -1.67e-03, 4.25e-03, 1.33e-03, -3.40e-03, 
[ DEBUG5 "MyRemoveOverlay"]                  2.72e-03, 2.23e-03, -5.69e-03, 4.56e-03, 7.62e-03
[ DEBUG5 "MyRemoveOverlay"] Particles id:    
[ DEBUG5 "MyRemoveOverlay"] Tracks id:    
[ DEBUG5 "MyRemoveOverlay"] Clusters id:  [00001510]
[ DEBUG5 "MyRemoveOverlay"] Particle ids ( [id], PDG, (type)): 
[ DEBUG5 "MyRemoveOverlay"]                  [00001875], 000000, (000000) 
[ DEBUG5 "MyRemoveOverlay"]                  [00001876], 000000, (000000) 
[ DEBUG5 "MyRemoveOverlay"]                  [00001877], 000000, (000000) 
[ DEBUG5 "MyRemoveOverlay"]                  [00001878], 000000, (000000) 
[ DEBUG5 "MyRemoveOverlay"] 
[ DEBUG5 "MyRemoveOverlay"] 
[ DEBUG0 "MyRemoveOverlay"] 	MCParticle at index: 1 has PDG: 22 and MCParticle to Cluster link weight is 9.75e-01
[ DEBUG0 "MyRemoveOverlay"] 	MCParticle at index: 1 with PDG code: 22 has highest link weight to input cluster
[ DEBUG0 "MyRemoveOverlay"] 	Cluster at index: 0 has highest link weight to MCParticle = 1.00e+00
[ DEBUG0 "MyRemoveOverlay"] 	Cluster linked to MCParticle with highest weight
[ DEBUG6 "MyRemoveOverlay"] 		Found a linked MCParticle to cluster
[ DEBUG5 "MyRemoveOverlay"] ----------------------------- MCParticle -----------------------------
[ DEBUG5 "MyRemoveOverlay"] Id                                                                 340
[ DEBUG5 "MyRemoveOverlay"] PDG                                                                 22
[ DEBUG5 "MyRemoveOverlay"] Energy [GeV]                                                  2.61e-01
[ DEBUG5 "MyRemoveOverlay"] Momentum [GeV] (x,y,z)                  0.0774116, -0.194407, 0.155251
[ DEBUG5 "MyRemoveOverlay"] Momentum at Endpoint[GeV] (x,y,z)                                 0, -0, 0
[ DEBUG5 "MyRemoveOverlay"] GeneratorStatus                                                      1
[ DEBUG5 "MyRemoveOverlay"] Vertex [mm] (x,y,z)                      0.297739, -0.768762, 0.790151
[ DEBUG5 "MyRemoveOverlay"] Endpoint [mm] (x,y,z)                       719.405, -1806.69, 1442.98
[ DEBUG5 "MyRemoveOverlay"] Mass [GeV]                                                   -7.45e-09
[ DEBUG5 "MyRemoveOverlay"] Charge                                                        0.00e+00
[ DEBUG5 "MyRemoveOverlay"] Parents                                                              1
[ DEBUG5 "MyRemoveOverlay"] Daughters                                                            0
[ DEBUG5 "MyRemoveOverlay"] simulator status bits: [sbvtcls]  s: created in simulation b: backscatter v: vertex is not endpoint of parent t: decayed in tracker c: decayed in calorimeter l: has left detector s: stopped o: overlay
[ DEBUG5 "MyRemoveOverlay"] [    c s ]
[ DEBUG5 "MyRemoveOverlay"] 
[ DEBUG7 "MyRemoveOverlay"] 		********** PFO AT INDEX 40 IS NOT OVERLAY **********
[ DEBUG8 "MyRemoveOverlay"] 
[ DEBUG8 "MyRemoveOverlay"] 		-------------------------------------------------------
[ DEBUG8 "MyRemoveOverlay"] 		Processing PFO at index 41
[ DEBUG5 "MyRemoveOverlay"] ------------------ ReconstructedParticle -----------------------------
[ DEBUG5 "MyRemoveOverlay"] Id                                                              0x1879
[ DEBUG5 "MyRemoveOverlay"] Compound                                                             0
[ DEBUG5 "MyRemoveOverlay"] Type                                                              2112
[ DEBUG5 "MyRemoveOverlay"] Momentum (x,y,z)                       +3.32e-01, -3.01e-01, +5.38e-01
[ DEBUG5 "MyRemoveOverlay"] Mass [GeV]                                                    9.40e-01
[ DEBUG5 "MyRemoveOverlay"] Charge [e]                                                    0.00e+00
[ DEBUG5 "MyRemoveOverlay"] Energy [GeV]                                                  7.00e-01
[ DEBUG5 "MyRemoveOverlay"] ReferencePoint                         +1.36e+03, -1.23e+03, +2.20e+03
[ DEBUG5 "MyRemoveOverlay"] ParticleIDUsed                                                       0
[ DEBUG5 "MyRemoveOverlay"] GoodnessOfPID                                                 0.00e+00
[ DEBUG5 "MyRemoveOverlay"] Covariance p,E:  1.59e-01, -1.44e-01, 1.31e-01, 2.58e-01, -2.34e-01, 
[ DEBUG5 "MyRemoveOverlay"]                  4.17e-01, 2.00e-01, -1.82e-01, 3.25e-01, 2.53e-01
[ DEBUG5 "MyRemoveOverlay"] Particles id:    
[ DEBUG5 "MyRemoveOverlay"] Tracks id:    
[ DEBUG5 "MyRemoveOverlay"] Clusters id:  [00001511]
[ DEBUG5 "MyRemoveOverlay"] Particle ids ( [id], PDG, (type)): 
[ DEBUG5 "MyRemoveOverlay"]                  [00001880], 000000, (000000) 
[ DEBUG5 "MyRemoveOverlay"]                  [00001881], 000000, (000000) 
[ DEBUG5 "MyRemoveOverlay"]                  [00001882], 000000, (000000) 
[ DEBUG5 "MyRemoveOverlay"]                  [00001883], 000000, (000000) 
[ DEBUG5 "MyRemoveOverlay"] 
[ DEBUG5 "MyRemoveOverlay"] 
[ DEBUG0 "MyRemoveOverlay"] 	MCParticle at index: 0 has PDG: 22 and MCParticle to Cluster link weight is 1.00e+00
[ DEBUG0 "MyRemoveOverlay"] 	MCParticle at index: 0 with PDG code: 22 has highest link weight to input cluster
[ DEBUG0 "MyRemoveOverlay"] 	Cluster at index: 0 has highest link weight to MCParticle = 1.00e+00
[ DEBUG0 "MyRemoveOverlay"] 	Cluster linked to MCParticle with highest weight
[ DEBUG6 "MyRemoveOverlay"] 		Found a linked MCParticle to cluster
[ DEBUG5 "MyRemoveOverlay"] ----------------------------- MCParticle -----------------------------
[ DEBUG5 "MyRemoveOverlay"] Id                                                                 341
[ DEBUG5 "MyRemoveOverlay"] PDG                                                                 22
[ DEBUG5 "MyRemoveOverlay"] Energy [GeV]                                                  4.31e-01
[ DEBUG5 "MyRemoveOverlay"] Momentum [GeV] (x,y,z)                   0.205708, -0.184776, 0.330242
[ DEBUG5 "MyRemoveOverlay"] Momentum at Endpoint[GeV] (x,y,z)                                 0, -0, 0
[ DEBUG5 "MyRemoveOverlay"] GeneratorStatus                                                      1
[ DEBUG5 "MyRemoveOverlay"] Vertex [mm] (x,y,z)                      0.297739, -0.768762, 0.790151
[ DEBUG5 "MyRemoveOverlay"] Endpoint [mm] (x,y,z)                        1345.5, -1209.09, 2160.37
[ DEBUG5 "MyRemoveOverlay"] Mass [GeV]                                                   -5.27e-09
[ DEBUG5 "MyRemoveOverlay"] Charge                                                        0.00e+00
[ DEBUG5 "MyRemoveOverlay"] Parents                                                              1
[ DEBUG5 "MyRemoveOverlay"] Daughters                                                            0
[ DEBUG5 "MyRemoveOverlay"] simulator status bits: [sbvtcls]  s: created in simulation b: backscatter v: vertex is not endpoint of parent t: decayed in tracker c: decayed in calorimeter l: has left detector s: stopped o: overlay
[ DEBUG5 "MyRemoveOverlay"] [    c s ]
[ DEBUG5 "MyRemoveOverlay"] 
[ DEBUG7 "MyRemoveOverlay"] 		********** PFO AT INDEX 41 IS NOT OVERLAY **********
[ DEBUG8 "MyRemoveOverlay"] 
[ DEBUG8 "MyRemoveOverlay"] 		-------------------------------------------------------
[ DEBUG8 "MyRemoveOverlay"] 		Processing PFO at index 42
[ DEBUG5 "MyRemoveOverlay"] ------------------ ReconstructedParticle -----------------------------
[ DEBUG5 "MyRemoveOverlay"] Id                                                              0x1884
[ DEBUG5 "MyRemoveOverlay"] Compound                                                             0
[ DEBUG5 "MyRemoveOverlay"] Type                                                              2112
[ DEBUG5 "MyRemoveOverlay"] Momentum (x,y,z)                       -1.21e-01, -5.48e-01, +1.34e+00
[ DEBUG5 "MyRemoveOverlay"] Mass [GeV]                                                    9.40e-01
[ DEBUG5 "MyRemoveOverlay"] Charge [e]                                                    0.00e+00
[ DEBUG5 "MyRemoveOverlay"] Energy [GeV]                                                  1.46e+00
[ DEBUG5 "MyRemoveOverlay"] ReferencePoint                         -2.41e+02, -1.10e+03, +2.69e+03
[ DEBUG5 "MyRemoveOverlay"] ParticleIDUsed                                                       0
[ DEBUG5 "MyRemoveOverlay"] GoodnessOfPID                                                 0.00e+00
[ DEBUG5 "MyRemoveOverlay"] Covariance p,E:  5.27e-03, 2.30e-02, 1.06e-01, -5.70e-02, -2.59e-01, 
[ DEBUG5 "MyRemoveOverlay"]                  6.35e-01, -5.19e-02, -2.36e-01, 5.78e-01, 5.27e-01
[ DEBUG5 "MyRemoveOverlay"] Particles id:    
[ DEBUG5 "MyRemoveOverlay"] Tracks id:    
[ DEBUG5 "MyRemoveOverlay"] Clusters id:  [00001512]
[ DEBUG5 "MyRemoveOverlay"] Particle ids ( [id], PDG, (type)): 
[ DEBUG5 "MyRemoveOverlay"]                  [00001885], 000000, (000000) 
[ DEBUG5 "MyRemoveOverlay"]                  [00001886], 000000, (000000) 
[ DEBUG5 "MyRemoveOverlay"]                  [00001887], 000000, (000000) 
[ DEBUG5 "MyRemoveOverlay"]                  [00001888], 000000, (000000) 
[ DEBUG5 "MyRemoveOverlay"] 
[ DEBUG5 "MyRemoveOverlay"] 
[ DEBUG0 "MyRemoveOverlay"] 	MCParticle at index: 0 has PDG: -13 and MCParticle to Cluster link weight is 9.89e-01
[ DEBUG0 "MyRemoveOverlay"] 	MCParticle at index: 0 with PDG code: -13 has highest link weight to input cluster
[ DEBUG0 "MyRemoveOverlay"] 	Cluster at index: 0 has highest link weight to MCParticle = 1.00e+00
[ DEBUG0 "MyRemoveOverlay"] 	Cluster linked to MCParticle with highest weight
[ DEBUG6 "MyRemoveOverlay"] 		Found a linked MCParticle to cluster
[ DEBUG5 "MyRemoveOverlay"] ----------------------------- MCParticle -----------------------------
[ DEBUG5 "MyRemoveOverlay"] Id                                                                 384
[ DEBUG5 "MyRemoveOverlay"] PDG                                                                -13
[ DEBUG5 "MyRemoveOverlay"] Energy [GeV]                                                  9.58e-01
[ DEBUG5 "MyRemoveOverlay"] Momentum [GeV] (x,y,z)                  0.0878048, -0.639353, 0.699525
[ DEBUG5 "MyRemoveOverlay"] Momentum at Endpoint[GeV] (x,y,z)                                0, -0, -0
[ DEBUG5 "MyRemoveOverlay"] GeneratorStatus                                                      0
[ DEBUG5 "MyRemoveOverlay"] Vertex [mm] (x,y,z)                         484.289, -547.406, 1409.97
[ DEBUG5 "MyRemoveOverlay"] Endpoint [mm] (x,y,z)                      -310.964, -867.314, 2928.57
[ DEBUG5 "MyRemoveOverlay"] Mass [GeV]                                                    1.06e-01
[ DEBUG5 "MyRemoveOverlay"] Charge                                                        1.00e+00
[ DEBUG5 "MyRemoveOverlay"] Parents                                                              1
[ DEBUG5 "MyRemoveOverlay"] Daughters                                                            0
[ DEBUG5 "MyRemoveOverlay"] simulator status bits: [sbvtcls]  s: created in simulation b: backscatter v: vertex is not endpoint of parent t: decayed in tracker c: decayed in calorimeter l: has left detector s: stopped o: overlay
[ DEBUG5 "MyRemoveOverlay"] [s   c so]
[ DEBUG5 "MyRemoveOverlay"] 
[ DEBUG7 "MyRemoveOverlay"] 		********** PFO AT INDEX 42 IS OVERLAY **********
[ DEBUG8 "MyRemoveOverlay"] 
[ DEBUG8 "MyRemoveOverlay"] 		-------------------------------------------------------
[ DEBUG8 "MyRemoveOverlay"] 		Processing PFO at index 43
[ DEBUG5 "MyRemoveOverlay"] ------------------ ReconstructedParticle -----------------------------
[ DEBUG5 "MyRemoveOverlay"] Id                                                              0x1889
[ DEBUG5 "MyRemoveOverlay"] Compound                                                             0
[ DEBUG5 "MyRemoveOverlay"] Type                                                                22
[ DEBUG5 "MyRemoveOverlay"] Momentum (x,y,z)                       +9.89e-02, -6.30e-01, +9.81e-01
[ DEBUG5 "MyRemoveOverlay"] Mass [GeV]                                                    0.00e+00
[ DEBUG5 "MyRemoveOverlay"] Charge [e]                                                    0.00e+00
[ DEBUG5 "MyRemoveOverlay"] Energy [GeV]                                                  1.17e+00
[ DEBUG5 "MyRemoveOverlay"] ReferencePoint                         +2.47e+02, -1.57e+03, +2.45e+03
[ DEBUG5 "MyRemoveOverlay"] ParticleIDUsed                                                       0
[ DEBUG5 "MyRemoveOverlay"] GoodnessOfPID                                                 0.00e+00
[ DEBUG5 "MyRemoveOverlay"] Covariance p,E:  2.41e-04, -1.53e-03, 9.73e-03, 2.38e-03, -1.52e-02, 
[ DEBUG5 "MyRemoveOverlay"]                  2.36e-02, 2.84e-03, -1.81e-02, 2.82e-02, 3.36e-02
[ DEBUG5 "MyRemoveOverlay"] Particles id:    
[ DEBUG5 "MyRemoveOverlay"] Tracks id:    
[ DEBUG5 "MyRemoveOverlay"] Clusters id:  [00001513]
[ DEBUG5 "MyRemoveOverlay"] Particle ids ( [id], PDG, (type)): 
[ DEBUG5 "MyRemoveOverlay"]                  [00001890], 000000, (000000) 
[ DEBUG5 "MyRemoveOverlay"]                  [00001891], 000000, (000000) 
[ DEBUG5 "MyRemoveOverlay"]                  [00001892], 000000, (000000) 
[ DEBUG5 "MyRemoveOverlay"]                  [00001893], 000000, (000000) 
[ DEBUG5 "MyRemoveOverlay"] 
[ DEBUG5 "MyRemoveOverlay"] 
[ DEBUG0 "MyRemoveOverlay"] 	MCParticle at index: 0 has PDG: 22 and MCParticle to Cluster link weight is 1.00e+00
[ DEBUG0 "MyRemoveOverlay"] 	MCParticle at index: 0 with PDG code: 22 has highest link weight to input cluster
[ DEBUG0 "MyRemoveOverlay"] 	Cluster at index: 0 has highest link weight to MCParticle = 9.97e-01
[ DEBUG0 "MyRemoveOverlay"] 	Cluster linked to MCParticle with highest weight
[ DEBUG6 "MyRemoveOverlay"] 		Found a linked MCParticle to cluster
[ DEBUG5 "MyRemoveOverlay"] ----------------------------- MCParticle -----------------------------
[ DEBUG5 "MyRemoveOverlay"] Id                                                                 330
[ DEBUG5 "MyRemoveOverlay"] PDG                                                                 22
[ DEBUG5 "MyRemoveOverlay"] Energy [GeV]                                                  1.25e+00
[ DEBUG5 "MyRemoveOverlay"] Momentum [GeV] (x,y,z)                    0.106785, -0.673678, 1.04862
[ DEBUG5 "MyRemoveOverlay"] Momentum at Endpoint[GeV] (x,y,z)                                 0, -0, 0
[ DEBUG5 "MyRemoveOverlay"] GeneratorStatus                                                      1
[ DEBUG5 "MyRemoveOverlay"] Vertex [mm] (x,y,z)               2.99295e-06, -2.43692e-05, 0.0570756
[ DEBUG5 "MyRemoveOverlay"] Endpoint [mm] (x,y,z)                        245.75, -1550.37, 2413.31
[ DEBUG5 "MyRemoveOverlay"] Mass [GeV]                                                   -2.58e-08
[ DEBUG5 "MyRemoveOverlay"] Charge                                                        0.00e+00
[ DEBUG5 "MyRemoveOverlay"] Parents                                                              1
[ DEBUG5 "MyRemoveOverlay"] Daughters                                                            0
[ DEBUG5 "MyRemoveOverlay"] simulator status bits: [sbvtcls]  s: created in simulation b: backscatter v: vertex is not endpoint of parent t: decayed in tracker c: decayed in calorimeter l: has left detector s: stopped o: overlay
[ DEBUG5 "MyRemoveOverlay"] [    c s ]
[ DEBUG5 "MyRemoveOverlay"] 
[ DEBUG7 "MyRemoveOverlay"] 		********** PFO AT INDEX 43 IS NOT OVERLAY **********
[ DEBUG8 "MyRemoveOverlay"] 
[ DEBUG8 "MyRemoveOverlay"] 		-------------------------------------------------------
[ DEBUG8 "MyRemoveOverlay"] 		Processing PFO at index 44
[ DEBUG5 "MyRemoveOverlay"] ------------------ ReconstructedParticle -----------------------------
[ DEBUG5 "MyRemoveOverlay"] Id                                                              0x1894
[ DEBUG5 "MyRemoveOverlay"] Compound                                                             0
[ DEBUG5 "MyRemoveOverlay"] Type                                                                22
[ DEBUG5 "MyRemoveOverlay"] Momentum (x,y,z)                       +2.47e-02, -7.31e-02, +1.38e-01
[ DEBUG5 "MyRemoveOverlay"] Mass [GeV]                                                    0.00e+00
[ DEBUG5 "MyRemoveOverlay"] Charge [e]                                                    0.00e+00
[ DEBUG5 "MyRemoveOverlay"] Energy [GeV]                                                  1.58e-01
[ DEBUG5 "MyRemoveOverlay"] ReferencePoint                         +4.36e+02, -1.29e+03, +2.43e+03
[ DEBUG5 "MyRemoveOverlay"] ParticleIDUsed                                                       0
[ DEBUG5 "MyRemoveOverlay"] GoodnessOfPID                                                 0.00e+00
[ DEBUG5 "MyRemoveOverlay"] Covariance p,E:  1.09e-04, -3.23e-04, 9.57e-04, 6.09e-04, -1.80e-03, 
[ DEBUG5 "MyRemoveOverlay"]                  3.40e-03, 6.98e-04, -2.07e-03, 3.89e-03, 4.46e-03
[ DEBUG5 "MyRemoveOverlay"] Particles id:    
[ DEBUG5 "MyRemoveOverlay"] Tracks id:    
[ DEBUG5 "MyRemoveOverlay"] Clusters id:  [00001514]
[ DEBUG5 "MyRemoveOverlay"] Particle ids ( [id], PDG, (type)): 
[ DEBUG5 "MyRemoveOverlay"]                  [00001895], 000000, (000000) 
[ DEBUG5 "MyRemoveOverlay"]                  [00001896], 000000, (000000) 
[ DEBUG5 "MyRemoveOverlay"]                  [00001897], 000000, (000000) 
[ DEBUG5 "MyRemoveOverlay"]                  [00001898], 000000, (000000) 
[ DEBUG5 "MyRemoveOverlay"] 
[ DEBUG5 "MyRemoveOverlay"] 
[ DEBUG0 "MyRemoveOverlay"] 	MCParticle at index: 0 has PDG: -11 and MCParticle to Cluster link weight is 1.00e+00
[ DEBUG0 "MyRemoveOverlay"] 	MCParticle at index: 0 with PDG code: -11 has highest link weight to input cluster
[ DEBUG0 "MyRemoveOverlay"] 	Cluster at index: 0 has highest link weight to MCParticle = 1.00e+00
[ DEBUG0 "MyRemoveOverlay"] 	Cluster linked to MCParticle with highest weight
[ DEBUG6 "MyRemoveOverlay"] 		Found a linked MCParticle to cluster
[ DEBUG5 "MyRemoveOverlay"] ----------------------------- MCParticle -----------------------------
[ DEBUG5 "MyRemoveOverlay"] Id                                                                 350
[ DEBUG5 "MyRemoveOverlay"] PDG                                                                -11
[ DEBUG5 "MyRemoveOverlay"] Energy [GeV]                                                  1.47e-01
[ DEBUG5 "MyRemoveOverlay"] Momentum [GeV] (x,y,z)                 0.0386917, -0.0994908, 0.100351
[ DEBUG5 "MyRemoveOverlay"] Momentum at Endpoint[GeV] (x,y,z)                                  0, 0, 0
[ DEBUG5 "MyRemoveOverlay"] GeneratorStatus                                                      0
[ DEBUG5 "MyRemoveOverlay"] Vertex [mm] (x,y,z)                          510.58, -1287.23, 1313.71
[ DEBUG5 "MyRemoveOverlay"] Endpoint [mm] (x,y,z)                       423.209, -1289.67, 2431.41
[ DEBUG5 "MyRemoveOverlay"] Mass [GeV]                                                    5.11e-04
[ DEBUG5 "MyRemoveOverlay"] Charge                                                        1.00e+00
[ DEBUG5 "MyRemoveOverlay"] Parents                                                              1
[ DEBUG5 "MyRemoveOverlay"] Daughters                                                            0
[ DEBUG5 "MyRemoveOverlay"] simulator status bits: [sbvtcls]  s: created in simulation b: backscatter v: vertex is not endpoint of parent t: decayed in tracker c: decayed in calorimeter l: has left detector s: stopped o: overlay
[ DEBUG5 "MyRemoveOverlay"] [s   c s ]
[ DEBUG5 "MyRemoveOverlay"] 
[ DEBUG7 "MyRemoveOverlay"] 		********** PFO AT INDEX 44 IS NOT OVERLAY **********
[ DEBUG8 "MyRemoveOverlay"] 
[ DEBUG8 "MyRemoveOverlay"] 		-------------------------------------------------------
[ DEBUG8 "MyRemoveOverlay"] 		Processing PFO at index 45
[ DEBUG5 "MyRemoveOverlay"] ------------------ ReconstructedParticle -----------------------------
[ DEBUG5 "MyRemoveOverlay"] Id                                                              0x1899
[ DEBUG5 "MyRemoveOverlay"] Compound                                                             0
[ DEBUG5 "MyRemoveOverlay"] Type                                                                22
[ DEBUG5 "MyRemoveOverlay"] Momentum (x,y,z)                       +7.82e-02, -4.21e-02, +3.74e-01
[ DEBUG5 "MyRemoveOverlay"] Mass [GeV]                                                    0.00e+00
[ DEBUG5 "MyRemoveOverlay"] Charge [e]                                                    0.00e+00
[ DEBUG5 "MyRemoveOverlay"] Energy [GeV]                                                  3.84e-01
[ DEBUG5 "MyRemoveOverlay"] ReferencePoint                         +5.12e+02, -2.75e+02, +2.44e+03
[ DEBUG5 "MyRemoveOverlay"] ParticleIDUsed                                                       0
[ DEBUG5 "MyRemoveOverlay"] GoodnessOfPID                                                 0.00e+00
[ DEBUG5 "MyRemoveOverlay"] Covariance p,E:  4.55e-04, -2.46e-04, 1.36e-04, 2.16e-03, -1.16e-03, 
[ DEBUG5 "MyRemoveOverlay"]                  1.03e-02, 2.23e-03, -1.20e-03, 1.06e-02, 1.09e-02
[ DEBUG5 "MyRemoveOverlay"] Particles id:    
[ DEBUG5 "MyRemoveOverlay"] Tracks id:    
[ DEBUG5 "MyRemoveOverlay"] Clusters id:  [00001515]
[ DEBUG5 "MyRemoveOverlay"] Particle ids ( [id], PDG, (type)): 
[ DEBUG5 "MyRemoveOverlay"]                  [00001900], 000000, (000000) 
[ DEBUG5 "MyRemoveOverlay"]                  [00001901], 000000, (000000) 
[ DEBUG5 "MyRemoveOverlay"]                  [00001902], 000000, (000000) 
[ DEBUG5 "MyRemoveOverlay"]                  [00001903], 000000, (000000) 
[ DEBUG5 "MyRemoveOverlay"] 
[ DEBUG5 "MyRemoveOverlay"] 
[ DEBUG0 "MyRemoveOverlay"] 	MCParticle at index: 0 has PDG: 22 and MCParticle to Cluster link weight is 9.35e-01
[ DEBUG0 "MyRemoveOverlay"] 	MCParticle at index: 0 with PDG code: 22 has highest link weight to input cluster
[ DEBUG0 "MyRemoveOverlay"] 	Cluster at index: 0 has highest link weight to MCParticle = 9.89e-01
[ DEBUG0 "MyRemoveOverlay"] 	Cluster linked to MCParticle with highest weight
[ DEBUG6 "MyRemoveOverlay"] 		Found a linked MCParticle to cluster
[ DEBUG5 "MyRemoveOverlay"] ----------------------------- MCParticle -----------------------------
[ DEBUG5 "MyRemoveOverlay"] Id                                                                 392
[ DEBUG5 "MyRemoveOverlay"] PDG                                                                 22
[ DEBUG5 "MyRemoveOverlay"] Energy [GeV]                                                  3.54e-01
[ DEBUG5 "MyRemoveOverlay"] Momentum [GeV] (x,y,z)                 0.0726157, -0.0405326, 0.344016
[ DEBUG5 "MyRemoveOverlay"] Momentum at Endpoint[GeV] (x,y,z)                                 0, -0, 0
[ DEBUG5 "MyRemoveOverlay"] GeneratorStatus                                                      1
[ DEBUG5 "MyRemoveOverlay"] Vertex [mm] (x,y,z)             5.00663e-06, -2.00395e-05, -0.00167404
[ DEBUG5 "MyRemoveOverlay"] Endpoint [mm] (x,y,z)                        509.52, -284.404, 2413.85
[ DEBUG5 "MyRemoveOverlay"] Mass [GeV]                                                    0.00e+00
[ DEBUG5 "MyRemoveOverlay"] Charge                                                        0.00e+00
[ DEBUG5 "MyRemoveOverlay"] Parents                                                              1
[ DEBUG5 "MyRemoveOverlay"] Daughters                                                            0
[ DEBUG5 "MyRemoveOverlay"] simulator status bits: [sbvtcls]  s: created in simulation b: backscatter v: vertex is not endpoint of parent t: decayed in tracker c: decayed in calorimeter l: has left detector s: stopped o: overlay
[ DEBUG5 "MyRemoveOverlay"] [    c so]
[ DEBUG5 "MyRemoveOverlay"] 
[ DEBUG7 "MyRemoveOverlay"] 		********** PFO AT INDEX 45 IS OVERLAY **********
[ DEBUG8 "MyRemoveOverlay"] 
[ DEBUG8 "MyRemoveOverlay"] 		-------------------------------------------------------
[ DEBUG8 "MyRemoveOverlay"] 		Processing PFO at index 46
[ DEBUG5 "MyRemoveOverlay"] ------------------ ReconstructedParticle -----------------------------
[ DEBUG5 "MyRemoveOverlay"] Id                                                              0x1904
[ DEBUG5 "MyRemoveOverlay"] Compound                                                             0
[ DEBUG5 "MyRemoveOverlay"] Type                                                              2112
[ DEBUG5 "MyRemoveOverlay"] Momentum (x,y,z)                       +2.41e-01, -2.10e-01, +5.24e-01
[ DEBUG5 "MyRemoveOverlay"] Mass [GeV]                                                    9.40e-01
[ DEBUG5 "MyRemoveOverlay"] Charge [e]                                                    0.00e+00
[ DEBUG5 "MyRemoveOverlay"] Energy [GeV]                                                  6.14e-01
[ DEBUG5 "MyRemoveOverlay"] ReferencePoint                         +1.12e+03, -9.78e+02, +2.44e+03
[ DEBUG5 "MyRemoveOverlay"] ParticleIDUsed                                                       0
[ DEBUG5 "MyRemoveOverlay"] GoodnessOfPID                                                 0.00e+00
[ DEBUG5 "MyRemoveOverlay"] Covariance p,E:  1.14e-01, -9.93e-02, 8.68e-02, 2.47e-01, -2.16e-01, 
[ DEBUG5 "MyRemoveOverlay"]                  5.39e-01, 1.59e-01, -1.39e-01, 3.46e-01, 2.21e-01
[ DEBUG5 "MyRemoveOverlay"] Particles id:    
[ DEBUG5 "MyRemoveOverlay"] Tracks id:    
[ DEBUG5 "MyRemoveOverlay"] Clusters id:  [00001516]
[ DEBUG5 "MyRemoveOverlay"] Particle ids ( [id], PDG, (type)): 
[ DEBUG5 "MyRemoveOverlay"]                  [00001905], 000000, (000000) 
[ DEBUG5 "MyRemoveOverlay"]                  [00001906], 000000, (000000) 
[ DEBUG5 "MyRemoveOverlay"]                  [00001907], 000000, (000000) 
[ DEBUG5 "MyRemoveOverlay"]                  [00001908], 000000, (000000) 
[ DEBUG5 "MyRemoveOverlay"] 
[ DEBUG5 "MyRemoveOverlay"] 
[ DEBUG6 "MyRemoveOverlay"] 		Cluster is not linked to a MCParticle
[ DEBUG7 "MyRemoveOverlay"] 		********** PFO AT INDEX 46 IS NOT OVERLAY **********
[ DEBUG8 "MyRemoveOverlay"] 
[ DEBUG8 "MyRemoveOverlay"] 		-------------------------------------------------------
[ DEBUG8 "MyRemoveOverlay"] 		Processing PFO at index 47
[ DEBUG5 "MyRemoveOverlay"] ------------------ ReconstructedParticle -----------------------------
[ DEBUG5 "MyRemoveOverlay"] Id                                                              0x1909
[ DEBUG5 "MyRemoveOverlay"] Compound                                                             0
[ DEBUG5 "MyRemoveOverlay"] Type                                                                22
[ DEBUG5 "MyRemoveOverlay"] Momentum (x,y,z)                       -1.74e-01, -2.07e-01, -5.74e-02
[ DEBUG5 "MyRemoveOverlay"] Mass [GeV]                                                    0.00e+00
[ DEBUG5 "MyRemoveOverlay"] Charge [e]                                                    0.00e+00
[ DEBUG5 "MyRemoveOverlay"] Energy [GeV]                                                  2.77e-01
[ DEBUG5 "MyRemoveOverlay"] ReferencePoint                         -1.21e+03, -1.44e+03, -3.98e+02
[ DEBUG5 "MyRemoveOverlay"] ParticleIDUsed                                                       0
[ DEBUG5 "MyRemoveOverlay"] GoodnessOfPID                                                 0.00e+00
[ DEBUG5 "MyRemoveOverlay"] Covariance p,E:  3.11e-03, 3.70e-03, 4.40e-03, 1.03e-03, 1.22e-03, 
[ DEBUG5 "MyRemoveOverlay"]                  3.41e-04, -4.94e-03, -5.87e-03, -1.63e-03, 7.84e-03
[ DEBUG5 "MyRemoveOverlay"] Particles id:    
[ DEBUG5 "MyRemoveOverlay"] Tracks id:    
[ DEBUG5 "MyRemoveOverlay"] Clusters id:  [00001517]
[ DEBUG5 "MyRemoveOverlay"] Particle ids ( [id], PDG, (type)): 
[ DEBUG5 "MyRemoveOverlay"]                  [00001910], 000000, (000000) 
[ DEBUG5 "MyRemoveOverlay"]                  [00001911], 000000, (000000) 
[ DEBUG5 "MyRemoveOverlay"]                  [00001912], 000000, (000000) 
[ DEBUG5 "MyRemoveOverlay"]                  [00001913], 000000, (000000) 
[ DEBUG5 "MyRemoveOverlay"] 
[ DEBUG5 "MyRemoveOverlay"] 
[ DEBUG0 "MyRemoveOverlay"] 	MCParticle at index: 0 has PDG: 22 and MCParticle to Cluster link weight is 1.00e+00
[ DEBUG0 "MyRemoveOverlay"] 	MCParticle at index: 0 with PDG code: 22 has highest link weight to input cluster
[ DEBUG0 "MyRemoveOverlay"] 	Cluster at index: 0 has highest link weight to MCParticle = 9.86e-01
[ DEBUG0 "MyRemoveOverlay"] 	Cluster linked to MCParticle with highest weight
[ DEBUG6 "MyRemoveOverlay"] 		Found a linked MCParticle to cluster
[ DEBUG5 "MyRemoveOverlay"] ----------------------------- MCParticle -----------------------------
[ DEBUG5 "MyRemoveOverlay"] Id                                                                 337
[ DEBUG5 "MyRemoveOverlay"] PDG                                                                 22
[ DEBUG5 "MyRemoveOverlay"] Energy [GeV]                                                  2.87e-01
[ DEBUG5 "MyRemoveOverlay"] Momentum [GeV] (x,y,z)                -0.181989, -0.213132, -0.0631686
[ DEBUG5 "MyRemoveOverlay"] Momentum at Endpoint[GeV] (x,y,z)                               -0, -0, -0
[ DEBUG5 "MyRemoveOverlay"] GeneratorStatus                                                      1
[ DEBUG5 "MyRemoveOverlay"] Vertex [mm] (x,y,z)              -0.000122732, -0.000145737, 0.0569719
[ DEBUG5 "MyRemoveOverlay"] Endpoint [mm] (x,y,z)                      -1181.3, -1383.45, -409.974
[ DEBUG5 "MyRemoveOverlay"] Mass [GeV]                                                   -5.27e-09
[ DEBUG5 "MyRemoveOverlay"] Charge                                                        0.00e+00
[ DEBUG5 "MyRemoveOverlay"] Parents                                                              1
[ DEBUG5 "MyRemoveOverlay"] Daughters                                                            0
[ DEBUG5 "MyRemoveOverlay"] simulator status bits: [sbvtcls]  s: created in simulation b: backscatter v: vertex is not endpoint of parent t: decayed in tracker c: decayed in calorimeter l: has left detector s: stopped o: overlay
[ DEBUG5 "MyRemoveOverlay"] [    c s ]
[ DEBUG5 "MyRemoveOverlay"] 
[ DEBUG7 "MyRemoveOverlay"] 		********** PFO AT INDEX 47 IS NOT OVERLAY **********
[ DEBUG8 "MyRemoveOverlay"] 
[ DEBUG8 "MyRemoveOverlay"] 		-------------------------------------------------------
[ DEBUG8 "MyRemoveOverlay"] 		Processing PFO at index 48
[ DEBUG5 "MyRemoveOverlay"] ------------------ ReconstructedParticle -----------------------------
[ DEBUG5 "MyRemoveOverlay"] Id                                                              0x1914
[ DEBUG5 "MyRemoveOverlay"] Compound                                                             0
[ DEBUG5 "MyRemoveOverlay"] Type                                                                22
[ DEBUG5 "MyRemoveOverlay"] Momentum (x,y,z)                       +1.26e+00, -2.14e+00, +5.70e-01
[ DEBUG5 "MyRemoveOverlay"] Mass [GeV]                                                    0.00e+00
[ DEBUG5 "MyRemoveOverlay"] Charge [e]                                                    0.00e+00
[ DEBUG5 "MyRemoveOverlay"] Energy [GeV]                                                  2.54e+00
[ DEBUG5 "MyRemoveOverlay"] ReferencePoint                         +9.79e+02, -1.66e+03, +4.44e+02
[ DEBUG5 "MyRemoveOverlay"] ParticleIDUsed                                                       0
[ DEBUG5 "MyRemoveOverlay"] GoodnessOfPID                                                 0.00e+00
[ DEBUG5 "MyRemoveOverlay"] Covariance p,E:  1.74e-02, -2.96e-02, 5.02e-02, 7.90e-03, -1.34e-02, 
[ DEBUG5 "MyRemoveOverlay"]                  3.58e-03, 3.52e-02, -5.98e-02, 1.60e-02, 7.12e-02
[ DEBUG5 "MyRemoveOverlay"] Particles id:    
[ DEBUG5 "MyRemoveOverlay"] Tracks id:    
[ DEBUG5 "MyRemoveOverlay"] Clusters id:  [00001518]
[ DEBUG5 "MyRemoveOverlay"] Particle ids ( [id], PDG, (type)): 
[ DEBUG5 "MyRemoveOverlay"]                  [00001915], 000000, (000000) 
[ DEBUG5 "MyRemoveOverlay"]                  [00001916], 000000, (000000) 
[ DEBUG5 "MyRemoveOverlay"]                  [00001917], 000000, (000000) 
[ DEBUG5 "MyRemoveOverlay"]                  [00001918], 000000, (000000) 
[ DEBUG5 "MyRemoveOverlay"] 
[ DEBUG5 "MyRemoveOverlay"] 
[ DEBUG0 "MyRemoveOverlay"] 	MCParticle at index: 0 has PDG: 22 and MCParticle to Cluster link weight is 1.00e+00
[ DEBUG0 "MyRemoveOverlay"] 	MCParticle at index: 0 with PDG code: 22 has highest link weight to input cluster
[ DEBUG0 "MyRemoveOverlay"] 	Cluster at index: 0 has highest link weight to MCParticle = 9.99e-01
[ DEBUG0 "MyRemoveOverlay"] 	Cluster linked to MCParticle with highest weight
[ DEBUG6 "MyRemoveOverlay"] 		Found a linked MCParticle to cluster
[ DEBUG5 "MyRemoveOverlay"] ----------------------------- MCParticle -----------------------------
[ DEBUG5 "MyRemoveOverlay"] Id                                                                 299
[ DEBUG5 "MyRemoveOverlay"] PDG                                                                 22
[ DEBUG5 "MyRemoveOverlay"] Energy [GeV]                                                  2.44e+00
[ DEBUG5 "MyRemoveOverlay"] Momentum [GeV] (x,y,z)                     1.20743, -2.05301, 0.549192
[ DEBUG5 "MyRemoveOverlay"] Momentum at Endpoint[GeV] (x,y,z)                                 0, -0, 0
[ DEBUG5 "MyRemoveOverlay"] GeneratorStatus                                                      1
[ DEBUG5 "MyRemoveOverlay"] Vertex [mm] (x,y,z)                 0.00112888, -0.00184869, 0.0575832
[ DEBUG5 "MyRemoveOverlay"] Endpoint [mm] (x,y,z)                       949.129, -1613.81, 431.761
[ DEBUG5 "MyRemoveOverlay"] Mass [GeV]                                                   -2.98e-08
[ DEBUG5 "MyRemoveOverlay"] Charge                                                        0.00e+00
[ DEBUG5 "MyRemoveOverlay"] Parents                                                              1
[ DEBUG5 "MyRemoveOverlay"] Daughters                                                            0
[ DEBUG5 "MyRemoveOverlay"] simulator status bits: [sbvtcls]  s: created in simulation b: backscatter v: vertex is not endpoint of parent t: decayed in tracker c: decayed in calorimeter l: has left detector s: stopped o: overlay
[ DEBUG5 "MyRemoveOverlay"] [    c s ]
[ DEBUG5 "MyRemoveOverlay"] 
[ DEBUG7 "MyRemoveOverlay"] 		********** PFO AT INDEX 48 IS NOT OVERLAY **********
[ DEBUG8 "MyRemoveOverlay"] 
[ DEBUG8 "MyRemoveOverlay"] 		-------------------------------------------------------
[ DEBUG8 "MyRemoveOverlay"] 		Processing PFO at index 49
[ DEBUG5 "MyRemoveOverlay"] ------------------ ReconstructedParticle -----------------------------
[ DEBUG5 "MyRemoveOverlay"] Id                                                              0x1919
[ DEBUG5 "MyRemoveOverlay"] Compound                                                             0
[ DEBUG5 "MyRemoveOverlay"] Type                                                                22
[ DEBUG5 "MyRemoveOverlay"] Momentum (x,y,z)                       +7.23e-01, -1.10e+00, +3.97e-01
[ DEBUG5 "MyRemoveOverlay"] Mass [GeV]                                                    0.00e+00
[ DEBUG5 "MyRemoveOverlay"] Charge [e]                                                    0.00e+00
[ DEBUG5 "MyRemoveOverlay"] Energy [GeV]                                                  1.38e+00
[ DEBUG5 "MyRemoveOverlay"] ReferencePoint                         +1.05e+03, -1.60e+03, +5.75e+02
[ DEBUG5 "MyRemoveOverlay"] ParticleIDUsed                                                       0
[ DEBUG5 "MyRemoveOverlay"] GoodnessOfPID                                                 0.00e+00
[ DEBUG5 "MyRemoveOverlay"] Covariance p,E:  1.09e-02, -1.66e-02, 2.54e-02, 5.98e-03, -9.14e-03, 
[ DEBUG5 "MyRemoveOverlay"]                  3.29e-03, 2.07e-02, -3.17e-02, 1.14e-02, 3.96e-02
[ DEBUG5 "MyRemoveOverlay"] Particles id:    
[ DEBUG5 "MyRemoveOverlay"] Tracks id:    
[ DEBUG5 "MyRemoveOverlay"] Clusters id:  [00001519]
[ DEBUG5 "MyRemoveOverlay"] Particle ids ( [id], PDG, (type)): 
[ DEBUG5 "MyRemoveOverlay"]                  [00001920], 000000, (000000) 
[ DEBUG5 "MyRemoveOverlay"]                  [00001921], 000000, (000000) 
[ DEBUG5 "MyRemoveOverlay"]                  [00001922], 000000, (000000) 
[ DEBUG5 "MyRemoveOverlay"]                  [00001923], 000000, (000000) 
[ DEBUG5 "MyRemoveOverlay"] 
[ DEBUG5 "MyRemoveOverlay"] 
[ DEBUG0 "MyRemoveOverlay"] 	MCParticle at index: 0 has PDG: 22 and MCParticle to Cluster link weight is 1.00e+00
[ DEBUG0 "MyRemoveOverlay"] 	MCParticle at index: 0 with PDG code: 22 has highest link weight to input cluster
[ DEBUG0 "MyRemoveOverlay"] 	Cluster at index: 0 has highest link weight to MCParticle = 9.98e-01
[ DEBUG0 "MyRemoveOverlay"] 	Cluster linked to MCParticle with highest weight
[ DEBUG6 "MyRemoveOverlay"] 		Found a linked MCParticle to cluster
[ DEBUG5 "MyRemoveOverlay"] ----------------------------- MCParticle -----------------------------
[ DEBUG5 "MyRemoveOverlay"] Id                                                                 300
[ DEBUG5 "MyRemoveOverlay"] PDG                                                                 22
[ DEBUG5 "MyRemoveOverlay"] Energy [GeV]                                                  1.21e+00
[ DEBUG5 "MyRemoveOverlay"] Momentum [GeV] (x,y,z)                   0.638832, -0.970488, 0.344207
[ DEBUG5 "MyRemoveOverlay"] Momentum at Endpoint[GeV] (x,y,z)                                 0, -0, 0
[ DEBUG5 "MyRemoveOverlay"] GeneratorStatus                                                      1
[ DEBUG5 "MyRemoveOverlay"] Vertex [mm] (x,y,z)                 0.00112888, -0.00184869, 0.0575832
[ DEBUG5 "MyRemoveOverlay"] Endpoint [mm] (x,y,z)                       1017.48, -1545.71, 548.281
[ DEBUG5 "MyRemoveOverlay"] Mass [GeV]                                                    0.00e+00
[ DEBUG5 "MyRemoveOverlay"] Charge                                                        0.00e+00
[ DEBUG5 "MyRemoveOverlay"] Parents                                                              1
[ DEBUG5 "MyRemoveOverlay"] Daughters                                                            0
[ DEBUG5 "MyRemoveOverlay"] simulator status bits: [sbvtcls]  s: created in simulation b: backscatter v: vertex is not endpoint of parent t: decayed in tracker c: decayed in calorimeter l: has left detector s: stopped o: overlay
[ DEBUG5 "MyRemoveOverlay"] [    c s ]
[ DEBUG5 "MyRemoveOverlay"] 
[ DEBUG7 "MyRemoveOverlay"] 		********** PFO AT INDEX 49 IS NOT OVERLAY **********
[ DEBUG8 "MyRemoveOverlay"] 
[ DEBUG8 "MyRemoveOverlay"] 		-------------------------------------------------------
[ DEBUG8 "MyRemoveOverlay"] 		Processing PFO at index 50
[ DEBUG5 "MyRemoveOverlay"] ------------------ ReconstructedParticle -----------------------------
[ DEBUG5 "MyRemoveOverlay"] Id                                                              0x1924
[ DEBUG5 "MyRemoveOverlay"] Compound                                                             0
[ DEBUG5 "MyRemoveOverlay"] Type                                                                22
[ DEBUG5 "MyRemoveOverlay"] Momentum (x,y,z)                       +5.86e-02, -2.51e-01, +1.17e-01
[ DEBUG5 "MyRemoveOverlay"] Mass [GeV]                                                    0.00e+00
[ DEBUG5 "MyRemoveOverlay"] Charge [e]                                                    0.00e+00
[ DEBUG5 "MyRemoveOverlay"] Energy [GeV]                                                  2.83e-01
[ DEBUG5 "MyRemoveOverlay"] ReferencePoint                         +4.27e+02, -1.83e+03, +8.57e+02
[ DEBUG5 "MyRemoveOverlay"] ParticleIDUsed                                                       0
[ DEBUG5 "MyRemoveOverlay"] GoodnessOfPID                                                 0.00e+00
[ DEBUG5 "MyRemoveOverlay"] Covariance p,E:  3.43e-04, -1.47e-03, 6.29e-03, 6.89e-04, -2.95e-03, 
[ DEBUG5 "MyRemoveOverlay"]                  1.38e-03, 1.66e-03, -7.10e-03, 3.33e-03, 8.02e-03
[ DEBUG5 "MyRemoveOverlay"] Particles id:    
[ DEBUG5 "MyRemoveOverlay"] Tracks id:    
[ DEBUG5 "MyRemoveOverlay"] Clusters id:  [00001520]
[ DEBUG5 "MyRemoveOverlay"] Particle ids ( [id], PDG, (type)): 
[ DEBUG5 "MyRemoveOverlay"]                  [00001925], 000000, (000000) 
[ DEBUG5 "MyRemoveOverlay"]                  [00001926], 000000, (000000) 
[ DEBUG5 "MyRemoveOverlay"]                  [00001927], 000000, (000000) 
[ DEBUG5 "MyRemoveOverlay"]                  [00001928], 000000, (000000) 
[ DEBUG5 "MyRemoveOverlay"] 
[ DEBUG5 "MyRemoveOverlay"] 
[ DEBUG0 "MyRemoveOverlay"] 	MCParticle at index: 0 has PDG: 22 and MCParticle to Cluster link weight is 1.00e+00
[ DEBUG0 "MyRemoveOverlay"] 	MCParticle at index: 0 with PDG code: 22 has highest link weight to input cluster
[ DEBUG6 "MyRemoveOverlay"] 		Cluster is not linked to a MCParticle
[ DEBUG7 "MyRemoveOverlay"] 		********** PFO AT INDEX 50 IS NOT OVERLAY **********
[ DEBUG8 "MyRemoveOverlay"] 
[ DEBUG8 "MyRemoveOverlay"] 		-------------------------------------------------------
[ DEBUG8 "MyRemoveOverlay"] 		Processing PFO at index 51
[ DEBUG5 "MyRemoveOverlay"] ------------------ ReconstructedParticle -----------------------------
[ DEBUG5 "MyRemoveOverlay"] Id                                                              0x1929
[ DEBUG5 "MyRemoveOverlay"] Compound                                                             0
[ DEBUG5 "MyRemoveOverlay"] Type                                                                22
[ DEBUG5 "MyRemoveOverlay"] Momentum (x,y,z)                       -3.41e-02, -1.13e-01, +2.83e-01
[ DEBUG5 "MyRemoveOverlay"] Mass [GeV]                                                    0.00e+00
[ DEBUG5 "MyRemoveOverlay"] Charge [e]                                                    0.00e+00
[ DEBUG5 "MyRemoveOverlay"] Energy [GeV]                                                  3.07e-01
[ DEBUG5 "MyRemoveOverlay"] ReferencePoint                         -2.96e+02, -9.79e+02, +2.46e+03
[ DEBUG5 "MyRemoveOverlay"] ParticleIDUsed                                                       0
[ DEBUG5 "MyRemoveOverlay"] GoodnessOfPID                                                 0.00e+00
[ DEBUG5 "MyRemoveOverlay"] Covariance p,E:  1.07e-04, 3.54e-04, 1.17e-03, -8.85e-04, -2.93e-03, 
[ DEBUG5 "MyRemoveOverlay"]                  7.36e-03, -9.59e-04, -3.18e-03, 7.97e-03, 8.63e-03
[ DEBUG5 "MyRemoveOverlay"] Particles id:    
[ DEBUG5 "MyRemoveOverlay"] Tracks id:    
[ DEBUG5 "MyRemoveOverlay"] Clusters id:  [00001521]
[ DEBUG5 "MyRemoveOverlay"] Particle ids ( [id], PDG, (type)): 
[ DEBUG5 "MyRemoveOverlay"]                  [00001930], 000000, (000000) 
[ DEBUG5 "MyRemoveOverlay"]                  [00001931], 000000, (000000) 
[ DEBUG5 "MyRemoveOverlay"]                  [00001932], 000000, (000000) 
[ DEBUG5 "MyRemoveOverlay"]                  [00001933], 000000, (000000) 
[ DEBUG5 "MyRemoveOverlay"] 
[ DEBUG5 "MyRemoveOverlay"] 
[ DEBUG0 "MyRemoveOverlay"] 	MCParticle at index: 0 has PDG: 22 and MCParticle to Cluster link weight is 9.31e-01
[ DEBUG0 "MyRemoveOverlay"] 	MCParticle at index: 0 with PDG code: 22 has highest link weight to input cluster
[ DEBUG0 "MyRemoveOverlay"] 	Cluster at index: 1 has highest link weight to MCParticle = 9.58e-01
[ DEBUG0 "MyRemoveOverlay"] 	Cluster linked to MCParticle with highest weight
[ DEBUG6 "MyRemoveOverlay"] 		Found a linked MCParticle to cluster
[ DEBUG5 "MyRemoveOverlay"] ----------------------------- MCParticle -----------------------------
[ DEBUG5 "MyRemoveOverlay"] Id                                                                 393
[ DEBUG5 "MyRemoveOverlay"] PDG                                                                 22
[ DEBUG5 "MyRemoveOverlay"] Energy [GeV]                                                  3.03e-01
[ DEBUG5 "MyRemoveOverlay"] Momentum [GeV] (x,y,z)                 -0.0343953, -0.112448, 0.279382
[ DEBUG5 "MyRemoveOverlay"] Momentum at Endpoint[GeV] (x,y,z)                                -0, -0, 0
[ DEBUG5 "MyRemoveOverlay"] GeneratorStatus                                                      1
[ DEBUG5 "MyRemoveOverlay"] Vertex [mm] (x,y,z)             5.00663e-06, -2.00395e-05, -0.00167404
[ DEBUG5 "MyRemoveOverlay"] Endpoint [mm] (x,y,z)                      -297.859, -973.785, 2419.41
[ DEBUG5 "MyRemoveOverlay"] Mass [GeV]                                                    0.00e+00
[ DEBUG5 "MyRemoveOverlay"] Charge                                                        0.00e+00
[ DEBUG5 "MyRemoveOverlay"] Parents                                                              1
[ DEBUG5 "MyRemoveOverlay"] Daughters                                                            0
[ DEBUG5 "MyRemoveOverlay"] simulator status bits: [sbvtcls]  s: created in simulation b: backscatter v: vertex is not endpoint of parent t: decayed in tracker c: decayed in calorimeter l: has left detector s: stopped o: overlay
[ DEBUG5 "MyRemoveOverlay"] [    c so]
[ DEBUG5 "MyRemoveOverlay"] 
[ DEBUG7 "MyRemoveOverlay"] 		********** PFO AT INDEX 51 IS OVERLAY **********
[ DEBUG8 "MyRemoveOverlay"] 
[ DEBUG8 "MyRemoveOverlay"] 		-------------------------------------------------------
[ DEBUG8 "MyRemoveOverlay"] 		Processing PFO at index 52
[ DEBUG5 "MyRemoveOverlay"] ------------------ ReconstructedParticle -----------------------------
[ DEBUG5 "MyRemoveOverlay"] Id                                                              0x1934
[ DEBUG5 "MyRemoveOverlay"] Compound                                                             0
[ DEBUG5 "MyRemoveOverlay"] Type                                                                22
[ DEBUG5 "MyRemoveOverlay"] Momentum (x,y,z)                       +6.51e-03, -6.51e-02, -8.28e-02
[ DEBUG5 "MyRemoveOverlay"] Mass [GeV]                                                    0.00e+00
[ DEBUG5 "MyRemoveOverlay"] Charge [e]                                                    0.00e+00
[ DEBUG5 "MyRemoveOverlay"] Energy [GeV]                                                  1.06e-01
[ DEBUG5 "MyRemoveOverlay"] ReferencePoint                         +1.83e+02, -1.83e+03, -2.33e+03
[ DEBUG5 "MyRemoveOverlay"] ParticleIDUsed                                                       0
[ DEBUG5 "MyRemoveOverlay"] GoodnessOfPID                                                 0.00e+00
[ DEBUG5 "MyRemoveOverlay"] Covariance p,E:  1.11e-05, -1.11e-04, 1.11e-03, -1.41e-04, 1.41e-03, 
[ DEBUG5 "MyRemoveOverlay"]                  1.79e-03, 1.79e-04, -1.79e-03, -2.28e-03, 2.91e-03
[ DEBUG5 "MyRemoveOverlay"] Particles id:    
[ DEBUG5 "MyRemoveOverlay"] Tracks id:    
[ DEBUG5 "MyRemoveOverlay"] Clusters id:  [00001522]
[ DEBUG5 "MyRemoveOverlay"] Particle ids ( [id], PDG, (type)): 
[ DEBUG5 "MyRemoveOverlay"]                  [00001935], 000000, (000000) 
[ DEBUG5 "MyRemoveOverlay"]                  [00001936], 000000, (000000) 
[ DEBUG5 "MyRemoveOverlay"]                  [00001937], 000000, (000000) 
[ DEBUG5 "MyRemoveOverlay"]                  [00001938], 000000, (000000) 
[ DEBUG5 "MyRemoveOverlay"] 
[ DEBUG5 "MyRemoveOverlay"] 
[ DEBUG0 "MyRemoveOverlay"] 	MCParticle at index: 0 has PDG: 22 and MCParticle to Cluster link weight is 1.00e+00
[ DEBUG0 "MyRemoveOverlay"] 	MCParticle at index: 0 with PDG code: 22 has highest link weight to input cluster
[ DEBUG0 "MyRemoveOverlay"] 	Cluster at index: 0 has highest link weight to MCParticle = 1.00e+00
[ DEBUG0 "MyRemoveOverlay"] 	Cluster linked to MCParticle with highest weight
[ DEBUG6 "MyRemoveOverlay"] 		Found a linked MCParticle to cluster
[ DEBUG5 "MyRemoveOverlay"] ----------------------------- MCParticle -----------------------------
[ DEBUG5 "MyRemoveOverlay"] Id                                                                 312
[ DEBUG5 "MyRemoveOverlay"] PDG                                                                 22
[ DEBUG5 "MyRemoveOverlay"] Energy [GeV]                                                  1.63e-01
[ DEBUG5 "MyRemoveOverlay"] Momentum [GeV] (x,y,z)                  0.00989358, -0.100643, -0.1278
[ DEBUG5 "MyRemoveOverlay"] Momentum at Endpoint[GeV] (x,y,z)                                0, -0, -0
[ DEBUG5 "MyRemoveOverlay"] GeneratorStatus                                                      1
[ DEBUG5 "MyRemoveOverlay"] Vertex [mm] (x,y,z)               9.01994e-08, -4.04605e-07, 0.0570366
[ DEBUG5 "MyRemoveOverlay"] Endpoint [mm] (x,y,z)                      178.758, -1818.43, -2309.05
[ DEBUG5 "MyRemoveOverlay"] Mass [GeV]                                                    2.63e-09
[ DEBUG5 "MyRemoveOverlay"] Charge                                                        0.00e+00
[ DEBUG5 "MyRemoveOverlay"] Parents                                                              1
[ DEBUG5 "MyRemoveOverlay"] Daughters                                                            0
[ DEBUG5 "MyRemoveOverlay"] simulator status bits: [sbvtcls]  s: created in simulation b: backscatter v: vertex is not endpoint of parent t: decayed in tracker c: decayed in calorimeter l: has left detector s: stopped o: overlay
[ DEBUG5 "MyRemoveOverlay"] [    c s ]
[ DEBUG5 "MyRemoveOverlay"] 
[ DEBUG7 "MyRemoveOverlay"] 		********** PFO AT INDEX 52 IS NOT OVERLAY **********
[ DEBUG8 "MyRemoveOverlay"] 
[ DEBUG8 "MyRemoveOverlay"] 		-------------------------------------------------------
[ DEBUG8 "MyRemoveOverlay"] 		Processing PFO at index 53
[ DEBUG5 "MyRemoveOverlay"] ------------------ ReconstructedParticle -----------------------------
[ DEBUG5 "MyRemoveOverlay"] Id                                                              0x1939
[ DEBUG5 "MyRemoveOverlay"] Compound                                                             0
[ DEBUG5 "MyRemoveOverlay"] Type                                                                22
[ DEBUG5 "MyRemoveOverlay"] Momentum (x,y,z)                       +3.56e-02, -1.40e-01, +1.63e-02
[ DEBUG5 "MyRemoveOverlay"] Mass [GeV]                                                    0.00e+00
[ DEBUG5 "MyRemoveOverlay"] Charge [e]                                                    0.00e+00
[ DEBUG5 "MyRemoveOverlay"] Energy [GeV]                                                  1.46e-01
[ DEBUG5 "MyRemoveOverlay"] ReferencePoint                         +4.71e+02, -1.86e+03, +2.16e+02
[ DEBUG5 "MyRemoveOverlay"] ParticleIDUsed                                                       0
[ DEBUG5 "MyRemoveOverlay"] GoodnessOfPID                                                 0.00e+00
[ DEBUG5 "MyRemoveOverlay"] Covariance p,E:  2.45e-04, -9.66e-04, 3.82e-03, 1.12e-04, -4.44e-04, 
[ DEBUG5 "MyRemoveOverlay"]                  5.19e-05, 1.00e-03, -3.96e-03, 4.61e-04, 4.11e-03
[ DEBUG5 "MyRemoveOverlay"] Particles id:    
[ DEBUG5 "MyRemoveOverlay"] Tracks id:    
[ DEBUG5 "MyRemoveOverlay"] Clusters id:  [00001523]
[ DEBUG5 "MyRemoveOverlay"] Particle ids ( [id], PDG, (type)): 
[ DEBUG5 "MyRemoveOverlay"]                  [00001940], 000000, (000000) 
[ DEBUG5 "MyRemoveOverlay"]                  [00001941], 000000, (000000) 
[ DEBUG5 "MyRemoveOverlay"]                  [00001942], 000000, (000000) 
[ DEBUG5 "MyRemoveOverlay"]                  [00001943], 000000, (000000) 
[ DEBUG5 "MyRemoveOverlay"] 
[ DEBUG5 "MyRemoveOverlay"] 
[ DEBUG0 "MyRemoveOverlay"] 	MCParticle at index: 0 has PDG: 22 and MCParticle to Cluster link weight is 1.00e+00
[ DEBUG0 "MyRemoveOverlay"] 	MCParticle at index: 0 with PDG code: 22 has highest link weight to input cluster
[ DEBUG0 "MyRemoveOverlay"] 	Cluster at index: 0 has highest link weight to MCParticle = 1.00e+00
[ DEBUG0 "MyRemoveOverlay"] 	Cluster linked to MCParticle with highest weight
[ DEBUG6 "MyRemoveOverlay"] 		Found a linked MCParticle to cluster
[ DEBUG5 "MyRemoveOverlay"] ----------------------------- MCParticle -----------------------------
[ DEBUG5 "MyRemoveOverlay"] Id                                                                 319
[ DEBUG5 "MyRemoveOverlay"] PDG                                                                 22
[ DEBUG5 "MyRemoveOverlay"] Energy [GeV]                                                  2.26e-01
[ DEBUG5 "MyRemoveOverlay"] Momentum [GeV] (x,y,z)                 0.0557241, -0.217487, 0.0242461
[ DEBUG5 "MyRemoveOverlay"] Momentum at Endpoint[GeV] (x,y,z)                                 0, -0, 0
[ DEBUG5 "MyRemoveOverlay"] GeneratorStatus                                                      1
[ DEBUG5 "MyRemoveOverlay"] Vertex [mm] (x,y,z)               1.48741e-07, -8.67575e-07, 0.0570373
[ DEBUG5 "MyRemoveOverlay"] Endpoint [mm] (x,y,z)                       466.114, -1819.21, 202.868
[ DEBUG5 "MyRemoveOverlay"] Mass [GeV]                                                   -4.56e-09
[ DEBUG5 "MyRemoveOverlay"] Charge                                                        0.00e+00
[ DEBUG5 "MyRemoveOverlay"] Parents                                                              1
[ DEBUG5 "MyRemoveOverlay"] Daughters                                                            0
[ DEBUG5 "MyRemoveOverlay"] simulator status bits: [sbvtcls]  s: created in simulation b: backscatter v: vertex is not endpoint of parent t: decayed in tracker c: decayed in calorimeter l: has left detector s: stopped o: overlay
[ DEBUG5 "MyRemoveOverlay"] [    c s ]
[ DEBUG5 "MyRemoveOverlay"] 
[ DEBUG7 "MyRemoveOverlay"] 		********** PFO AT INDEX 53 IS NOT OVERLAY **********
[ DEBUG8 "MyRemoveOverlay"] 
[ DEBUG8 "MyRemoveOverlay"] 		-------------------------------------------------------
[ DEBUG8 "MyRemoveOverlay"] 		Processing PFO at index 54
[ DEBUG5 "MyRemoveOverlay"] ------------------ ReconstructedParticle -----------------------------
[ DEBUG5 "MyRemoveOverlay"] Id                                                              0x1944
[ DEBUG5 "MyRemoveOverlay"] Compound                                                             0
[ DEBUG5 "MyRemoveOverlay"] Type                                                                22
[ DEBUG5 "MyRemoveOverlay"] Momentum (x,y,z)                       +1.49e+00, -5.06e+00, +4.93e+00
[ DEBUG5 "MyRemoveOverlay"] Mass [GeV]                                                    0.00e+00
[ DEBUG5 "MyRemoveOverlay"] Charge [e]                                                    0.00e+00
[ DEBUG5 "MyRemoveOverlay"] Energy [GeV]                                                  7.22e+00
[ DEBUG5 "MyRemoveOverlay"] ReferencePoint                         +5.52e+02, -1.87e+03, +1.82e+03
[ DEBUG5 "MyRemoveOverlay"] ParticleIDUsed                                                       0
[ DEBUG5 "MyRemoveOverlay"] GoodnessOfPID                                                 0.00e+00
[ DEBUG5 "MyRemoveOverlay"] Covariance p,E:  9.17e-03, -3.10e-02, 1.05e-01, 3.02e-02, -1.02e-01, 
[ DEBUG5 "MyRemoveOverlay"]                  9.97e-02, 4.42e-02, -1.50e-01, 1.46e-01, 2.14e-01
[ DEBUG5 "MyRemoveOverlay"] Particles id:    
[ DEBUG5 "MyRemoveOverlay"] Tracks id:    
[ DEBUG5 "MyRemoveOverlay"] Clusters id:  [00001524]
[ DEBUG5 "MyRemoveOverlay"] Particle ids ( [id], PDG, (type)): 
[ DEBUG5 "MyRemoveOverlay"]                  [00001945], 000000, (000000) 
[ DEBUG5 "MyRemoveOverlay"]                  [00001946], 000000, (000000) 
[ DEBUG5 "MyRemoveOverlay"]                  [00001947], 000000, (000000) 
[ DEBUG5 "MyRemoveOverlay"]                  [00001948], 000000, (000000) 
[ DEBUG5 "MyRemoveOverlay"] 
[ DEBUG5 "MyRemoveOverlay"] 
[ DEBUG0 "MyRemoveOverlay"] 	MCParticle at index: 0 has PDG: 22 and MCParticle to Cluster link weight is 9.85e-01
[ DEBUG0 "MyRemoveOverlay"] 	MCParticle at index: 0 with PDG code: 22 has highest link weight to input cluster
[ DEBUG0 "MyRemoveOverlay"] 	Cluster at index: 1 has highest link weight to MCParticle = 9.93e-01
[ DEBUG0 "MyRemoveOverlay"] 	Cluster linked to MCParticle with highest weight
[ DEBUG6 "MyRemoveOverlay"] 		Found a linked MCParticle to cluster
[ DEBUG5 "MyRemoveOverlay"] ----------------------------- MCParticle -----------------------------
[ DEBUG5 "MyRemoveOverlay"] Id                                                                 338
[ DEBUG5 "MyRemoveOverlay"] PDG                                                                 22
[ DEBUG5 "MyRemoveOverlay"] Energy [GeV]                                                  6.40e+00
[ DEBUG5 "MyRemoveOverlay"] Momentum [GeV] (x,y,z)                      1.32447, -4.48102, 4.36672
[ DEBUG5 "MyRemoveOverlay"] Momentum at Endpoint[GeV] (x,y,z)                                 0, -0, 0
[ DEBUG5 "MyRemoveOverlay"] GeneratorStatus                                                      1
[ DEBUG5 "MyRemoveOverlay"] Vertex [mm] (x,y,z)                       0.297713, -0.76902, 0.790332
[ DEBUG5 "MyRemoveOverlay"] Endpoint [mm] (x,y,z)                       537.641, -1818.74, 1772.38
[ DEBUG5 "MyRemoveOverlay"] Mass [GeV]                                                   -1.19e-07
[ DEBUG5 "MyRemoveOverlay"] Charge                                                        0.00e+00
[ DEBUG5 "MyRemoveOverlay"] Parents                                                              1
[ DEBUG5 "MyRemoveOverlay"] Daughters                                                            0
[ DEBUG5 "MyRemoveOverlay"] simulator status bits: [sbvtcls]  s: created in simulation b: backscatter v: vertex is not endpoint of parent t: decayed in tracker c: decayed in calorimeter l: has left detector s: stopped o: overlay
[ DEBUG5 "MyRemoveOverlay"] [    c s ]
[ DEBUG5 "MyRemoveOverlay"] 
[ DEBUG7 "MyRemoveOverlay"] 		********** PFO AT INDEX 54 IS NOT OVERLAY **********
[ DEBUG8 "MyRemoveOverlay"] 
[ DEBUG8 "MyRemoveOverlay"] 		-------------------------------------------------------
[ DEBUG8 "MyRemoveOverlay"] 		Processing PFO at index 55
[ DEBUG5 "MyRemoveOverlay"] ------------------ ReconstructedParticle -----------------------------
[ DEBUG5 "MyRemoveOverlay"] Id                                                              0x1949
[ DEBUG5 "MyRemoveOverlay"] Compound                                                             0
[ DEBUG5 "MyRemoveOverlay"] Type                                                                22
[ DEBUG5 "MyRemoveOverlay"] Momentum (x,y,z)                       +1.50e-01, +5.00e-01, -1.13e-01
[ DEBUG5 "MyRemoveOverlay"] Mass [GeV]                                                    0.00e+00
[ DEBUG5 "MyRemoveOverlay"] Charge [e]                                                    0.00e+00
[ DEBUG5 "MyRemoveOverlay"] Energy [GeV]                                                  5.35e-01
[ DEBUG5 "MyRemoveOverlay"] ReferencePoint                         +5.60e+02, +1.86e+03, -4.20e+02
[ DEBUG5 "MyRemoveOverlay"] ParticleIDUsed                                                       0
[ DEBUG5 "MyRemoveOverlay"] GoodnessOfPID                                                 0.00e+00
[ DEBUG5 "MyRemoveOverlay"] Covariance p,E:  1.19e-03, 3.96e-03, 1.32e-02, -8.94e-04, -2.98e-03, 
[ DEBUG5 "MyRemoveOverlay"]                  6.72e-04, 4.23e-03, 1.41e-02, -3.18e-03, 1.50e-02
[ DEBUG5 "MyRemoveOverlay"] Particles id:    
[ DEBUG5 "MyRemoveOverlay"] Tracks id:    
[ DEBUG5 "MyRemoveOverlay"] Clusters id:  [00001525]
[ DEBUG5 "MyRemoveOverlay"] Particle ids ( [id], PDG, (type)): 
[ DEBUG5 "MyRemoveOverlay"]                  [00001950], 000000, (000000) 
[ DEBUG5 "MyRemoveOverlay"]                  [00001951], 000000, (000000) 
[ DEBUG5 "MyRemoveOverlay"]                  [00001952], 000000, (000000) 
[ DEBUG5 "MyRemoveOverlay"]                  [00001953], 000000, (000000) 
[ DEBUG5 "MyRemoveOverlay"] 
[ DEBUG5 "MyRemoveOverlay"] 
[ DEBUG0 "MyRemoveOverlay"] 	MCParticle at index: 0 has PDG: 22 and MCParticle to Cluster link weight is 1.00e+00
[ DEBUG0 "MyRemoveOverlay"] 	MCParticle at index: 0 with PDG code: 22 has highest link weight to input cluster
[ DEBUG0 "MyRemoveOverlay"] 	Cluster at index: 0 has highest link weight to MCParticle = 1.00e+00
[ DEBUG0 "MyRemoveOverlay"] 	Cluster linked to MCParticle with highest weight
[ DEBUG6 "MyRemoveOverlay"] 		Found a linked MCParticle to cluster
[ DEBUG5 "MyRemoveOverlay"] ----------------------------- MCParticle -----------------------------
[ DEBUG5 "MyRemoveOverlay"] Id                                                                 317
[ DEBUG5 "MyRemoveOverlay"] PDG                                                                 22
[ DEBUG5 "MyRemoveOverlay"] Energy [GeV]                                                  4.91e-01
[ DEBUG5 "MyRemoveOverlay"] Momentum [GeV] (x,y,z)                   0.138524, 0.459986, -0.103566
[ DEBUG5 "MyRemoveOverlay"] Momentum at Endpoint[GeV] (x,y,z)                                 0, 0, -0
[ DEBUG5 "MyRemoveOverlay"] GeneratorStatus                                                      1
[ DEBUG5 "MyRemoveOverlay"] Vertex [mm] (x,y,z)              8.28537e-310, 2.11366e-308, 0.0570369
[ DEBUG5 "MyRemoveOverlay"] Endpoint [mm] (x,y,z)                        551.39, 1830.96, -412.186
[ DEBUG5 "MyRemoveOverlay"] Mass [GeV]                                                   -9.13e-09
[ DEBUG5 "MyRemoveOverlay"] Charge                                                        0.00e+00
[ DEBUG5 "MyRemoveOverlay"] Parents                                                              1
[ DEBUG5 "MyRemoveOverlay"] Daughters                                                            0
[ DEBUG5 "MyRemoveOverlay"] simulator status bits: [sbvtcls]  s: created in simulation b: backscatter v: vertex is not endpoint of parent t: decayed in tracker c: decayed in calorimeter l: has left detector s: stopped o: overlay
[ DEBUG5 "MyRemoveOverlay"] [    c s ]
[ DEBUG5 "MyRemoveOverlay"] 
[ DEBUG7 "MyRemoveOverlay"] 		********** PFO AT INDEX 55 IS NOT OVERLAY **********
[ DEBUG8 "MyRemoveOverlay"] 
[ DEBUG8 "MyRemoveOverlay"] 		-------------------------------------------------------
[ DEBUG8 "MyRemoveOverlay"] 		Processing PFO at index 56
[ DEBUG5 "MyRemoveOverlay"] ------------------ ReconstructedParticle -----------------------------
[ DEBUG5 "MyRemoveOverlay"] Id                                                              0x1954
[ DEBUG5 "MyRemoveOverlay"] Compound                                                             0
[ DEBUG5 "MyRemoveOverlay"] Type                                                                22
[ DEBUG5 "MyRemoveOverlay"] Momentum (x,y,z)                       +9.90e-02, -5.20e-01, +5.63e-01
[ DEBUG5 "MyRemoveOverlay"] Mass [GeV]                                                    0.00e+00
[ DEBUG5 "MyRemoveOverlay"] Charge [e]                                                    0.00e+00
[ DEBUG5 "MyRemoveOverlay"] Energy [GeV]                                                  7.72e-01
[ DEBUG5 "MyRemoveOverlay"] ReferencePoint                         +3.54e+02, -1.86e+03, +2.01e+03
[ DEBUG5 "MyRemoveOverlay"] ParticleIDUsed                                                       0
[ DEBUG5 "MyRemoveOverlay"] GoodnessOfPID                                                 0.00e+00
[ DEBUG5 "MyRemoveOverlay"] Covariance p,E:  3.74e-04, -1.90e-03, 9.97e-03, 2.05e-03, -1.08e-02, 
[ DEBUG5 "MyRemoveOverlay"]                  1.17e-02, 2.83e-03, -1.48e-02, 1.61e-02, 2.20e-02
[ DEBUG5 "MyRemoveOverlay"] Particles id:    
[ DEBUG5 "MyRemoveOverlay"] Tracks id:    
[ DEBUG5 "MyRemoveOverlay"] Clusters id:  [00001526]
[ DEBUG5 "MyRemoveOverlay"] Particle ids ( [id], PDG, (type)): 
[ DEBUG5 "MyRemoveOverlay"]                  [00001955], 000000, (000000) 
[ DEBUG5 "MyRemoveOverlay"]                  [00001956], 000000, (000000) 
[ DEBUG5 "MyRemoveOverlay"]                  [00001957], 000000, (000000) 
[ DEBUG5 "MyRemoveOverlay"]                  [00001958], 000000, (000000) 
[ DEBUG5 "MyRemoveOverlay"] 
[ DEBUG5 "MyRemoveOverlay"] 
[ DEBUG6 "MyRemoveOverlay"] 		Cluster is not linked to a MCParticle
[ DEBUG7 "MyRemoveOverlay"] 		********** PFO AT INDEX 56 IS NOT OVERLAY **********
[ DEBUG8 "MyRemoveOverlay"] 
[ DEBUG8 "MyRemoveOverlay"] 		-------------------------------------------------------
[ DEBUG8 "MyRemoveOverlay"] 		Processing PFO at index 57
[ DEBUG5 "MyRemoveOverlay"] ------------------ ReconstructedParticle -----------------------------
[ DEBUG5 "MyRemoveOverlay"] Id                                                              0x1959
[ DEBUG5 "MyRemoveOverlay"] Compound                                                             0
[ DEBUG5 "MyRemoveOverlay"] Type                                                                22
[ DEBUG5 "MyRemoveOverlay"] Momentum (x,y,z)                       +5.30e-01, -1.25e+00, +5.41e-01
[ DEBUG5 "MyRemoveOverlay"] Mass [GeV]                                                    0.00e+00
[ DEBUG5 "MyRemoveOverlay"] Charge [e]                                                    0.00e+00
[ DEBUG5 "MyRemoveOverlay"] Energy [GeV]                                                  1.46e+00
[ DEBUG5 "MyRemoveOverlay"] ReferencePoint                         +7.93e+02, -1.86e+03, +8.09e+02
[ DEBUG5 "MyRemoveOverlay"] ParticleIDUsed                                                       0
[ DEBUG5 "MyRemoveOverlay"] GoodnessOfPID                                                 0.00e+00
[ DEBUG5 "MyRemoveOverlay"] Covariance p,E:  5.19e-03, -1.22e-02, 2.87e-02, 5.30e-03, -1.25e-02, 
[ DEBUG5 "MyRemoveOverlay"]                  5.40e-03, 1.43e-02, -3.36e-02, 1.46e-02, 3.93e-02
[ DEBUG5 "MyRemoveOverlay"] Particles id:    
[ DEBUG5 "MyRemoveOverlay"] Tracks id:    
[ DEBUG5 "MyRemoveOverlay"] Clusters id:  [00001527]
[ DEBUG5 "MyRemoveOverlay"] Particle ids ( [id], PDG, (type)): 
[ DEBUG5 "MyRemoveOverlay"]                  [00001960], 000000, (000000) 
[ DEBUG5 "MyRemoveOverlay"]                  [00001961], 000000, (000000) 
[ DEBUG5 "MyRemoveOverlay"]                  [00001962], 000000, (000000) 
[ DEBUG5 "MyRemoveOverlay"]                  [00001963], 000000, (000000) 
[ DEBUG5 "MyRemoveOverlay"] 
[ DEBUG5 "MyRemoveOverlay"] 
[ DEBUG0 "MyRemoveOverlay"] 	MCParticle at index: 0 has PDG: 22 and MCParticle to Cluster link weight is 9.92e-01
[ DEBUG0 "MyRemoveOverlay"] 	MCParticle at index: 0 with PDG code: 22 has highest link weight to input cluster
[ DEBUG0 "MyRemoveOverlay"] 	Cluster at index: 0 has highest link weight to MCParticle = 9.97e-01
[ DEBUG0 "MyRemoveOverlay"] 	Cluster linked to MCParticle with highest weight
[ DEBUG6 "MyRemoveOverlay"] 		Found a linked MCParticle to cluster
[ DEBUG5 "MyRemoveOverlay"] ----------------------------- MCParticle -----------------------------
[ DEBUG5 "MyRemoveOverlay"] Id                                                                 304
[ DEBUG5 "MyRemoveOverlay"] PDG                                                                 22
[ DEBUG5 "MyRemoveOverlay"] Energy [GeV]                                                  1.36e+00
[ DEBUG5 "MyRemoveOverlay"] Momentum [GeV] (x,y,z)                    0.496109, -1.16415, 0.506422
[ DEBUG5 "MyRemoveOverlay"] Momentum at Endpoint[GeV] (x,y,z)                                 0, -0, 0
[ DEBUG5 "MyRemoveOverlay"] GeneratorStatus                                                      1
[ DEBUG5 "MyRemoveOverlay"] Vertex [mm] (x,y,z)                0.000591509, -0.00157904, 0.0577377
[ DEBUG5 "MyRemoveOverlay"] Endpoint [mm] (x,y,z)                       775.687, -1820.19, 791.868
[ DEBUG5 "MyRemoveOverlay"] Mass [GeV]                                                    0.00e+00
[ DEBUG5 "MyRemoveOverlay"] Charge                                                        0.00e+00
[ DEBUG5 "MyRemoveOverlay"] Parents                                                              1
[ DEBUG5 "MyRemoveOverlay"] Daughters                                                            0
[ DEBUG5 "MyRemoveOverlay"] simulator status bits: [sbvtcls]  s: created in simulation b: backscatter v: vertex is not endpoint of parent t: decayed in tracker c: decayed in calorimeter l: has left detector s: stopped o: overlay
[ DEBUG5 "MyRemoveOverlay"] [    c s ]
[ DEBUG5 "MyRemoveOverlay"] 
[ DEBUG7 "MyRemoveOverlay"] 		********** PFO AT INDEX 57 IS NOT OVERLAY **********
[ DEBUG8 "MyRemoveOverlay"] 
[ DEBUG8 "MyRemoveOverlay"] 		-------------------------------------------------------
[ DEBUG8 "MyRemoveOverlay"] 		Processing PFO at index 58
[ DEBUG5 "MyRemoveOverlay"] ------------------ ReconstructedParticle -----------------------------
[ DEBUG5 "MyRemoveOverlay"] Id                                                              0x1964
[ DEBUG5 "MyRemoveOverlay"] Compound                                                             0
[ DEBUG5 "MyRemoveOverlay"] Type                                                                22
[ DEBUG5 "MyRemoveOverlay"] Momentum (x,y,z)                       +3.19e-02, -1.35e-01, +6.34e-02
[ DEBUG5 "MyRemoveOverlay"] Mass [GeV]                                                    0.00e+00
[ DEBUG5 "MyRemoveOverlay"] Charge [e]                                                    0.00e+00
[ DEBUG5 "MyRemoveOverlay"] Energy [GeV]                                                  1.53e-01
[ DEBUG5 "MyRemoveOverlay"] ReferencePoint                         +4.44e+02, -1.88e+03, +8.84e+02
[ DEBUG5 "MyRemoveOverlay"] ParticleIDUsed                                                       0
[ DEBUG5 "MyRemoveOverlay"] GoodnessOfPID                                                 0.00e+00
[ DEBUG5 "MyRemoveOverlay"] Covariance p,E:  1.88e-04, -7.96e-04, 3.38e-03, 3.73e-04, -1.58e-03, 
[ DEBUG5 "MyRemoveOverlay"]                  7.43e-04, 8.99e-04, -3.81e-03, 1.79e-03, 4.31e-03
[ DEBUG5 "MyRemoveOverlay"] Particles id:    
[ DEBUG5 "MyRemoveOverlay"] Tracks id:    
[ DEBUG5 "MyRemoveOverlay"] Clusters id:  [00001528]
[ DEBUG5 "MyRemoveOverlay"] Particle ids ( [id], PDG, (type)): 
[ DEBUG5 "MyRemoveOverlay"]                  [00001965], 000000, (000000) 
[ DEBUG5 "MyRemoveOverlay"]                  [00001966], 000000, (000000) 
[ DEBUG5 "MyRemoveOverlay"]                  [00001967], 000000, (000000) 
[ DEBUG5 "MyRemoveOverlay"]                  [00001968], 000000, (000000) 
[ DEBUG5 "MyRemoveOverlay"] 
[ DEBUG5 "MyRemoveOverlay"] 
[ DEBUG0 "MyRemoveOverlay"] 	MCParticle at index: 0 has PDG: 22 and MCParticle to Cluster link weight is 1.00e+00
[ DEBUG0 "MyRemoveOverlay"] 	MCParticle at index: 0 with PDG code: 22 has highest link weight to input cluster
[ DEBUG6 "MyRemoveOverlay"] 		Cluster is not linked to a MCParticle
[ DEBUG7 "MyRemoveOverlay"] 		********** PFO AT INDEX 58 IS NOT OVERLAY **********
[ DEBUG8 "MyRemoveOverlay"] 
[ DEBUG8 "MyRemoveOverlay"] 		-------------------------------------------------------
[ DEBUG8 "MyRemoveOverlay"] 		Processing PFO at index 59
[ DEBUG5 "MyRemoveOverlay"] ------------------ ReconstructedParticle -----------------------------
[ DEBUG5 "MyRemoveOverlay"] Id                                                              0x1969
[ DEBUG5 "MyRemoveOverlay"] Compound                                                             0
[ DEBUG5 "MyRemoveOverlay"] Type                                                              2112
[ DEBUG5 "MyRemoveOverlay"] Momentum (x,y,z)                       -4.27e-02, -8.66e-02, -3.82e-01
[ DEBUG5 "MyRemoveOverlay"] Mass [GeV]                                                    9.40e-01
[ DEBUG5 "MyRemoveOverlay"] Charge [e]                                                    0.00e+00
[ DEBUG5 "MyRemoveOverlay"] Energy [GeV]                                                  3.94e-01
[ DEBUG5 "MyRemoveOverlay"] ReferencePoint                         -2.79e+02, -5.66e+02, -2.50e+03
[ DEBUG5 "MyRemoveOverlay"] ParticleIDUsed                                                       0
[ DEBUG5 "MyRemoveOverlay"] GoodnessOfPID                                                 0.00e+00
[ DEBUG5 "MyRemoveOverlay"] Covariance p,E:  1.11e-02, 2.26e-02, 4.57e-02, 9.97e-02, 2.02e-01, 
[ DEBUG5 "MyRemoveOverlay"]                  8.92e-01, -3.98e-02, -8.06e-02, -3.56e-01, 1.42e-01
[ DEBUG5 "MyRemoveOverlay"] Particles id:    
[ DEBUG5 "MyRemoveOverlay"] Tracks id:    
[ DEBUG5 "MyRemoveOverlay"] Clusters id:  [00001529]
[ DEBUG5 "MyRemoveOverlay"] Particle ids ( [id], PDG, (type)): 
[ DEBUG5 "MyRemoveOverlay"] 
[ DEBUG5 "MyRemoveOverlay"] 
[ DEBUG0 "MyRemoveOverlay"] 	MCParticle at index: 0 has PDG: -211 and MCParticle to Cluster link weight is 1.00e+00
[ DEBUG0 "MyRemoveOverlay"] 	MCParticle at index: 0 with PDG code: -211 has highest link weight to input cluster
[ DEBUG6 "MyRemoveOverlay"] 		Cluster is not linked to a MCParticle
[ DEBUG7 "MyRemoveOverlay"] 		********** PFO AT INDEX 59 IS NOT OVERLAY **********
[ DEBUG8 "MyRemoveOverlay"] 
[ DEBUG8 "MyRemoveOverlay"] 		-------------------------------------------------------
[ DEBUG8 "MyRemoveOverlay"] 		Processing PFO at index 60
[ DEBUG5 "MyRemoveOverlay"] ------------------ ReconstructedParticle -----------------------------
[ DEBUG5 "MyRemoveOverlay"] Id                                                              0x1970
[ DEBUG5 "MyRemoveOverlay"] Compound                                                             0
[ DEBUG5 "MyRemoveOverlay"] Type                                                              2112
[ DEBUG5 "MyRemoveOverlay"] Momentum (x,y,z)                       -1.05e-01, -3.56e-02, +3.52e-01
[ DEBUG5 "MyRemoveOverlay"] Mass [GeV]                                                    9.40e-01
[ DEBUG5 "MyRemoveOverlay"] Charge [e]                                                    0.00e+00
[ DEBUG5 "MyRemoveOverlay"] Energy [GeV]                                                  3.69e-01
[ DEBUG5 "MyRemoveOverlay"] ReferencePoint                         -7.47e+02, -2.53e+02, +2.50e+03
[ DEBUG5 "MyRemoveOverlay"] ParticleIDUsed                                                       0
[ DEBUG5 "MyRemoveOverlay"] GoodnessOfPID                                                 0.00e+00
[ DEBUG5 "MyRemoveOverlay"] Covariance p,E:  8.10e-02, 2.74e-02, 9.29e-03, -2.71e-01, -9.16e-02, 
[ DEBUG5 "MyRemoveOverlay"]                  9.05e-01, -1.04e-01, -3.51e-02, 3.47e-01, 1.33e-01
[ DEBUG5 "MyRemoveOverlay"] Particles id:    
[ DEBUG5 "MyRemoveOverlay"] Tracks id:    
[ DEBUG5 "MyRemoveOverlay"] Clusters id:  [00001530]
[ DEBUG5 "MyRemoveOverlay"] Particle ids ( [id], PDG, (type)): 
[ DEBUG5 "MyRemoveOverlay"]                  [00001971], 000000, (000000) 
[ DEBUG5 "MyRemoveOverlay"]                  [00001972], 000000, (000000) 
[ DEBUG5 "MyRemoveOverlay"]                  [00001973], 000000, (000000) 
[ DEBUG5 "MyRemoveOverlay"]                  [00001974], 000000, (000000) 
[ DEBUG5 "MyRemoveOverlay"] 
[ DEBUG5 "MyRemoveOverlay"] 
[ DEBUG0 "MyRemoveOverlay"] 	MCParticle at index: 0 has PDG: 211 and MCParticle to Cluster link weight is 1.00e+00
[ DEBUG0 "MyRemoveOverlay"] 	MCParticle at index: 0 with PDG code: 211 has highest link weight to input cluster
[ DEBUG0 "MyRemoveOverlay"] 	Cluster at index: 0 has highest link weight to MCParticle = 9.27e-01
[ DEBUG0 "MyRemoveOverlay"] 	Cluster linked to MCParticle with highest weight
[ DEBUG6 "MyRemoveOverlay"] 		Found a linked MCParticle to cluster
[ DEBUG5 "MyRemoveOverlay"] ----------------------------- MCParticle -----------------------------
[ DEBUG5 "MyRemoveOverlay"] Id                                                                 302
[ DEBUG5 "MyRemoveOverlay"] PDG                                                                211
[ DEBUG5 "MyRemoveOverlay"] Energy [GeV]                                                  5.16e-01
[ DEBUG5 "MyRemoveOverlay"] Momentum [GeV] (x,y,z)                   0.230432, -0.410073, 0.160073
[ DEBUG5 "MyRemoveOverlay"] Momentum at Endpoint[GeV] (x,y,z)                                 -0, 0, 0
[ DEBUG5 "MyRemoveOverlay"] GeneratorStatus                                                      1
[ DEBUG5 "MyRemoveOverlay"] Vertex [mm] (x,y,z)             1.41389e-308, -2.69494e-308, 0.0570369
[ DEBUG5 "MyRemoveOverlay"] Endpoint [mm] (x,y,z)                      -719.353, -189.144, 2532.39
[ DEBUG5 "MyRemoveOverlay"] Mass [GeV]                                                    1.40e-01
[ DEBUG5 "MyRemoveOverlay"] Charge                                                        1.00e+00
[ DEBUG5 "MyRemoveOverlay"] Parents                                                              1
[ DEBUG5 "MyRemoveOverlay"] Daughters                                                            0
[ DEBUG5 "MyRemoveOverlay"] simulator status bits: [sbvtcls]  s: created in simulation b: backscatter v: vertex is not endpoint of parent t: decayed in tracker c: decayed in calorimeter l: has left detector s: stopped o: overlay
[ DEBUG5 "MyRemoveOverlay"] [    c s ]
[ DEBUG5 "MyRemoveOverlay"] 
[ DEBUG7 "MyRemoveOverlay"] 		********** PFO AT INDEX 60 IS NOT OVERLAY **********
[ DEBUG8 "MyRemoveOverlay"] 
[ DEBUG8 "MyRemoveOverlay"] 		-------------------------------------------------------
[ DEBUG8 "MyRemoveOverlay"] 		Processing PFO at index 61
[ DEBUG5 "MyRemoveOverlay"] ------------------ ReconstructedParticle -----------------------------
[ DEBUG5 "MyRemoveOverlay"] Id                                                              0x1975
[ DEBUG5 "MyRemoveOverlay"] Compound                                                             0
[ DEBUG5 "MyRemoveOverlay"] Type                                                              2112
[ DEBUG5 "MyRemoveOverlay"] Momentum (x,y,z)                       -2.59e-02, -8.71e-01, +6.19e-01
[ DEBUG5 "MyRemoveOverlay"] Mass [GeV]                                                    9.40e-01
[ DEBUG5 "MyRemoveOverlay"] Charge [e]                                                    0.00e+00
[ DEBUG5 "MyRemoveOverlay"] Energy [GeV]                                                  1.07e+00
[ DEBUG5 "MyRemoveOverlay"] ReferencePoint                         -5.71e+01, -1.92e+03, +1.37e+03
[ DEBUG5 "MyRemoveOverlay"] ParticleIDUsed                                                       0
[ DEBUG5 "MyRemoveOverlay"] GoodnessOfPID                                                 0.00e+00
[ DEBUG5 "MyRemoveOverlay"] Covariance p,E:  4.61e-04, 1.35e-02, 4.54e-01, -9.60e-03, -3.23e-01, 
[ DEBUG5 "MyRemoveOverlay"]                  2.30e-01, -1.24e-02, -4.18e-01, 2.98e-01, 3.86e-01
[ DEBUG5 "MyRemoveOverlay"] Particles id:    
[ DEBUG5 "MyRemoveOverlay"] Tracks id:    
[ DEBUG5 "MyRemoveOverlay"] Clusters id:  [00001531]
[ DEBUG5 "MyRemoveOverlay"] Particle ids ( [id], PDG, (type)): 
[ DEBUG5 "MyRemoveOverlay"] 
[ DEBUG5 "MyRemoveOverlay"] 
[ DEBUG0 "MyRemoveOverlay"] 	MCParticle at index: 0 has PDG: -2212 and MCParticle to Cluster link weight is 1.00e+00
[ DEBUG0 "MyRemoveOverlay"] 	MCParticle at index: 0 with PDG code: -2212 has highest link weight to input cluster
[ DEBUG6 "MyRemoveOverlay"] 		Cluster is not linked to a MCParticle
[ DEBUG7 "MyRemoveOverlay"] 		********** PFO AT INDEX 61 IS NOT OVERLAY **********
[ DEBUG8 "MyRemoveOverlay"] 
[ DEBUG8 "MyRemoveOverlay"] 		-------------------------------------------------------
[ DEBUG8 "MyRemoveOverlay"] 		Processing PFO at index 62
[ DEBUG5 "MyRemoveOverlay"] ------------------ ReconstructedParticle -----------------------------
[ DEBUG5 "MyRemoveOverlay"] Id                                                              0x1976
[ DEBUG5 "MyRemoveOverlay"] Compound                                                             0
[ DEBUG5 "MyRemoveOverlay"] Type                                                              2112
[ DEBUG5 "MyRemoveOverlay"] Momentum (x,y,z)                       -1.11e-02, +1.28e-01, +1.15e+00
[ DEBUG5 "MyRemoveOverlay"] Mass [GeV]                                                    9.40e-01
[ DEBUG5 "MyRemoveOverlay"] Charge [e]                                                    0.00e+00
[ DEBUG5 "MyRemoveOverlay"] Energy [GeV]                                                  1.15e+00
[ DEBUG5 "MyRemoveOverlay"] ReferencePoint                         -2.50e+01, +2.89e+02, +2.59e+03
[ DEBUG5 "MyRemoveOverlay"] ParticleIDUsed                                                       0
[ DEBUG5 "MyRemoveOverlay"] GoodnessOfPID                                                 0.00e+00
[ DEBUG5 "MyRemoveOverlay"] Covariance p,E:  2.90e-04, -5.41e-04, 8.69e-03, -6.62e-03, 7.62e-02, 
[ DEBUG5 "MyRemoveOverlay"]                  6.84e-01, -5.15e-03, 5.95e-02, 5.34e-01, 4.17e-01
[ DEBUG5 "MyRemoveOverlay"] Particles id:    
[ DEBUG5 "MyRemoveOverlay"] Tracks id:    
[ DEBUG5 "MyRemoveOverlay"] Clusters id:  [00001532]
[ DEBUG5 "MyRemoveOverlay"] Particle ids ( [id], PDG, (type)): 
[ DEBUG5 "MyRemoveOverlay"] 
[ DEBUG5 "MyRemoveOverlay"] 
[ DEBUG0 "MyRemoveOverlay"] 	MCParticle at index: 0 has PDG: 130 and MCParticle to Cluster link weight is 1.00e+00
[ DEBUG0 "MyRemoveOverlay"] 	MCParticle at index: 0 with PDG code: 130 has highest link weight to input cluster
[ DEBUG6 "MyRemoveOverlay"] 		Cluster is not linked to a MCParticle
[ DEBUG7 "MyRemoveOverlay"] 		********** PFO AT INDEX 62 IS NOT OVERLAY **********
[ DEBUG8 "MyRemoveOverlay"] 
[ DEBUG8 "MyRemoveOverlay"] 		-------------------------------------------------------
[ DEBUG8 "MyRemoveOverlay"] 		Processing PFO at index 63
[ DEBUG5 "MyRemoveOverlay"] ------------------ ReconstructedParticle -----------------------------
[ DEBUG5 "MyRemoveOverlay"] Id                                                              0x1977
[ DEBUG5 "MyRemoveOverlay"] Compound                                                             0
[ DEBUG5 "MyRemoveOverlay"] Type                                                               -13
[ DEBUG5 "MyRemoveOverlay"] Momentum (x,y,z)                       +1.88e+01, +1.66e+00, -4.45e+00
[ DEBUG5 "MyRemoveOverlay"] Mass [GeV]                                                    1.06e-01
[ DEBUG5 "MyRemoveOverlay"] Charge [e]                                                    1.00e+00
[ DEBUG5 "MyRemoveOverlay"] Energy [GeV]                                                  1.94e+01
[ DEBUG5 "MyRemoveOverlay"] ReferencePoint                         +1.63e+01, +1.58e+00, -3.57e+00
[ DEBUG5 "MyRemoveOverlay"] ParticleIDUsed                                                       0
[ DEBUG5 "MyRemoveOverlay"] GoodnessOfPID                                                 0.00e+00
[ DEBUG5 "MyRemoveOverlay"] Covariance p,E:  3.09e-04, 2.61e-05, 3.45e-06, -7.27e-05, -6.18e-06, 
[ DEBUG5 "MyRemoveOverlay"]                  1.84e-05, 3.18e-04, 2.70e-05, -7.52e-05, 3.28e-04
[ DEBUG5 "MyRemoveOverlay"] Particles id:    
[ DEBUG5 "MyRemoveOverlay"] Tracks id:    [00000762]
[ DEBUG5 "MyRemoveOverlay"] Clusters id:  [00001533]
[ DEBUG5 "MyRemoveOverlay"] Particle ids ( [id], PDG, (type)): 
[ DEBUG5 "MyRemoveOverlay"]                  [00001978], 000211, (000000) 
[ DEBUG5 "MyRemoveOverlay"]                  [00001979], 000000, (000000) 
[ DEBUG5 "MyRemoveOverlay"]                  [00001980], 000000, (000000) 
[ DEBUG5 "MyRemoveOverlay"]                  [00001981], 000000, (000000) 
[ DEBUG5 "MyRemoveOverlay"]                  [00001982], 000000, (000000) 
[ DEBUG5 "MyRemoveOverlay"]                  [00001983], 000000, (000000) 
[ DEBUG5 "MyRemoveOverlay"]                  [00001984], 000013, (000000) 
[ DEBUG5 "MyRemoveOverlay"]                  [00001985], 000013, (000000) 
[ DEBUG5 "MyRemoveOverlay"]                  [00001986], 000013, (000000) 
[ DEBUG5 "MyRemoveOverlay"] 
[ DEBUG5 "MyRemoveOverlay"] 
[ DEBUG0 "MyRemoveOverlay"] 	MCParticle at index: 0 has PDG: -13 and MCParticle to Track link weight is 1.00e+00
[ DEBUG0 "MyRemoveOverlay"] 	MCParticle at index: 0 with PDG code: -13 has highest link weight to input track
[ DEBUG0 "MyRemoveOverlay"] 	Track at index: 0 has highest link weight to MCParticle = 1.00e+00
[ DEBUG0 "MyRemoveOverlay"] 	Track linked to MCParticle with highest weight
[ DEBUG6 "MyRemoveOverlay"] 		Found a linked MCParticle to track
[ DEBUG5 "MyRemoveOverlay"] ----------------------------- MCParticle -----------------------------
[ DEBUG5 "MyRemoveOverlay"] Id                                                                 242
[ DEBUG5 "MyRemoveOverlay"] PDG                                                                -13
[ DEBUG5 "MyRemoveOverlay"] Energy [GeV]                                                  1.94e+01
[ DEBUG5 "MyRemoveOverlay"] Momentum [GeV] (x,y,z)                      18.8253, 1.65325, -4.45266
[ DEBUG5 "MyRemoveOverlay"] Momentum at Endpoint[GeV] (x,y,z)               11.9738, 3.92789, -2.47207
[ DEBUG5 "MyRemoveOverlay"] GeneratorStatus                                                      1
[ DEBUG5 "MyRemoveOverlay"] Vertex [mm] (x,y,z)                         7.5864, 0.818634, -1.51347
[ DEBUG5 "MyRemoveOverlay"] Endpoint [mm] (x,y,z)                         15000, 1196.83, -3163.93
[ DEBUG5 "MyRemoveOverlay"] Mass [GeV]                                                    1.06e-01
[ DEBUG5 "MyRemoveOverlay"] Charge                                                        1.00e+00
[ DEBUG5 "MyRemoveOverlay"] Parents                                                              1
[ DEBUG5 "MyRemoveOverlay"] Daughters                                                            0
[ DEBUG5 "MyRemoveOverlay"] simulator status bits: [sbvtcls]  s: created in simulation b: backscatter v: vertex is not endpoint of parent t: decayed in tracker c: decayed in calorimeter l: has left detector s: stopped o: overlay
[ DEBUG5 "MyRemoveOverlay"] [     l  ]
[ DEBUG5 "MyRemoveOverlay"] 
[ DEBUG0 "MyRemoveOverlay"] 	MCParticle at index: 0 has PDG: -13 and MCParticle to Cluster link weight is 1.00e+00
[ DEBUG0 "MyRemoveOverlay"] 	MCParticle at index: 0 with PDG code: -13 has highest link weight to input cluster
[ DEBUG0 "MyRemoveOverlay"] 	Cluster at index: 0 has highest link weight to MCParticle = 9.47e-01
[ DEBUG0 "MyRemoveOverlay"] 	Cluster linked to MCParticle with highest weight
[ DEBUG6 "MyRemoveOverlay"] 		Found a linked MCParticle to cluster
[ DEBUG5 "MyRemoveOverlay"] ----------------------------- MCParticle -----------------------------
[ DEBUG5 "MyRemoveOverlay"] Id                                                                 242
[ DEBUG5 "MyRemoveOverlay"] PDG                                                                -13
[ DEBUG5 "MyRemoveOverlay"] Energy [GeV]                                                  1.94e+01
[ DEBUG5 "MyRemoveOverlay"] Momentum [GeV] (x,y,z)                      18.8253, 1.65325, -4.45266
[ DEBUG5 "MyRemoveOverlay"] Momentum at Endpoint[GeV] (x,y,z)               11.9738, 3.92789, -2.47207
[ DEBUG5 "MyRemoveOverlay"] GeneratorStatus                                                      1
[ DEBUG5 "MyRemoveOverlay"] Vertex [mm] (x,y,z)                         7.5864, 0.818634, -1.51347
[ DEBUG5 "MyRemoveOverlay"] Endpoint [mm] (x,y,z)                         15000, 1196.83, -3163.93
[ DEBUG5 "MyRemoveOverlay"] Mass [GeV]                                                    1.06e-01
[ DEBUG5 "MyRemoveOverlay"] Charge                                                        1.00e+00
[ DEBUG5 "MyRemoveOverlay"] Parents                                                              1
[ DEBUG5 "MyRemoveOverlay"] Daughters                                                            0
[ DEBUG5 "MyRemoveOverlay"] simulator status bits: [sbvtcls]  s: created in simulation b: backscatter v: vertex is not endpoint of parent t: decayed in tracker c: decayed in calorimeter l: has left detector s: stopped o: overlay
[ DEBUG5 "MyRemoveOverlay"] [     l  ]
[ DEBUG5 "MyRemoveOverlay"] 
[ DEBUG7 "MyRemoveOverlay"] 		********** PFO AT INDEX 63 IS NOT OVERLAY **********
[ DEBUG9 "MyRemoveOverlay"] 	CHECK : processed event: 182401 (Number of inputPFOS: 64 , Number of outputPFOs: 60)
[ WARNING "mytruejet"]  processing event: 182402   in run:  500076
[ MESSAGE4 "mytruejet"]  =====================================
[ MESSAGE "MyChargedPFOCorrection"] 
[ MESSAGE "MyChargedPFOCorrection"] 	////////////////////////////////////////////////////////////////////////////
[ MESSAGE "MyChargedPFOCorrection"] 	////////////////////	Processing event 	182402	////////////////////
[ MESSAGE "MyChargedPFOCorrection"] 	////////////////////////////////////////////////////////////////////////////
[ MESSAGE "MyAddNeutralPFOCovMat"] 
[ MESSAGE "MyAddNeutralPFOCovMat"] 	////////////////////////////////////////////////////////////////////////////
[ MESSAGE "MyAddNeutralPFOCovMat"] 	////////////////////	Processing event 	182402	////////////////////
[ MESSAGE "MyAddNeutralPFOCovMat"] 	////////////////////////////////////////////////////////////////////////////
[ MESSAGE "MyRemoveOverlay"] 
[ MESSAGE "MyRemoveOverlay"] 		////////////////////////////////////////////////////////////////////////////
[ MESSAGE "MyRemoveOverlay"] 		////////////////////	Processing event 	182402	////////////////////
[ MESSAGE "MyRemoveOverlay"] 		////////////////////////////////////////////////////////////////////////////
[ DEBUG9 "MyRemoveOverlay"] 		Total Number of PFOs: 61
[ DEBUG8 "MyRemoveOverlay"] 
[ DEBUG8 "MyRemoveOverlay"] 		-------------------------------------------------------
[ DEBUG8 "MyRemoveOverlay"] 		Processing PFO at index 0
[ DEBUG5 "MyRemoveOverlay"] ------------------ ReconstructedParticle -----------------------------
[ DEBUG5 "MyRemoveOverlay"] Id                                                              0x4223
[ DEBUG5 "MyRemoveOverlay"] Compound                                                             0
[ DEBUG5 "MyRemoveOverlay"] Type                                                              -211
[ DEBUG5 "MyRemoveOverlay"] Momentum (x,y,z)                       -6.52e-01, +6.73e-01, -2.58e-01
[ DEBUG5 "MyRemoveOverlay"] Mass [GeV]                                                    1.40e-01
[ DEBUG5 "MyRemoveOverlay"] Charge [e]                                                   -1.00e+00
[ DEBUG5 "MyRemoveOverlay"] Energy [GeV]                                                  9.82e-01
[ DEBUG5 "MyRemoveOverlay"] ReferencePoint                         -1.13e+01, +1.15e+01, -4.74e+00
[ DEBUG5 "MyRemoveOverlay"] ParticleIDUsed                                                       0
[ DEBUG5 "MyRemoveOverlay"] GoodnessOfPID                                                 0.00e+00
[ DEBUG5 "MyRemoveOverlay"] Covariance p,E:  4.63e-07, 4.55e-08, 4.36e-07, -1.71e-08, 1.81e-08, 
[ DEBUG5 "MyRemoveOverlay"]                  4.87e-07, -2.72e-07, 2.64e-07, -1.04e-07, 3.88e-07
[ DEBUG5 "MyRemoveOverlay"] Particles id:    
[ DEBUG5 "MyRemoveOverlay"] Tracks id:    [00003609]
[ DEBUG5 "MyRemoveOverlay"] Clusters id:  
[ DEBUG5 "MyRemoveOverlay"] Particle ids ( [id], PDG, (type)): 
[ DEBUG5 "MyRemoveOverlay"]                  [00004224], 000211, (000000) 
[ DEBUG5 "MyRemoveOverlay"]                  [00004225], 000211, (000000) 
[ DEBUG5 "MyRemoveOverlay"]                  [00004226], 000011, (000000) 
[ DEBUG5 "MyRemoveOverlay"]                  [00004227], 000011, (000000) 
[ DEBUG5 "MyRemoveOverlay"]                  [00004228], 000000, (000000) 
[ DEBUG5 "MyRemoveOverlay"] 
[ DEBUG5 "MyRemoveOverlay"] 
[ DEBUG0 "MyRemoveOverlay"] 	MCParticle at index: 0 has PDG: -211 and MCParticle to Track link weight is 1.00e+00
[ DEBUG0 "MyRemoveOverlay"] 	MCParticle at index: 0 with PDG code: -211 has highest link weight to input track
[ DEBUG6 "MyRemoveOverlay"] 		Track is not linked to a MCParticle
[ DEBUG7 "MyRemoveOverlay"] 		********** PFO AT INDEX 0 IS NOT OVERLAY **********
[ DEBUG8 "MyRemoveOverlay"] 
[ DEBUG8 "MyRemoveOverlay"] 		-------------------------------------------------------
[ DEBUG8 "MyRemoveOverlay"] 		Processing PFO at index 1
[ DEBUG5 "MyRemoveOverlay"] ------------------ ReconstructedParticle -----------------------------
[ DEBUG5 "MyRemoveOverlay"] Id                                                              0x4229
[ DEBUG5 "MyRemoveOverlay"] Compound                                                             0
[ DEBUG5 "MyRemoveOverlay"] Type                                                               211
[ DEBUG5 "MyRemoveOverlay"] Momentum (x,y,z)                       -1.46e-02, -2.23e-01, -2.53e-01
[ DEBUG5 "MyRemoveOverlay"] Mass [GeV]                                                    1.40e-01
[ DEBUG5 "MyRemoveOverlay"] Charge [e]                                                    1.00e+00
[ DEBUG5 "MyRemoveOverlay"] Energy [GeV]                                                  3.66e-01
[ DEBUG5 "MyRemoveOverlay"] ReferencePoint                         -1.74e+00, -1.60e+01, -1.80e+01
[ DEBUG5 "MyRemoveOverlay"] ParticleIDUsed                                                       0
[ DEBUG5 "MyRemoveOverlay"] GoodnessOfPID                                                 0.00e+00
[ DEBUG5 "MyRemoveOverlay"] Covariance p,E:  7.52e-07, 3.91e-07, 2.64e-06, 3.85e-07, 2.30e-06, 
[ DEBUG5 "MyRemoveOverlay"]                  3.26e-06, -5.36e-07, -3.22e-06, -3.68e-06, 4.53e-06
[ DEBUG5 "MyRemoveOverlay"] Particles id:    
[ DEBUG5 "MyRemoveOverlay"] Tracks id:    [00003684]
[ DEBUG5 "MyRemoveOverlay"] Clusters id:  
[ DEBUG5 "MyRemoveOverlay"] Particle ids ( [id], PDG, (type)): 
[ DEBUG5 "MyRemoveOverlay"]                  [00004230], 000011, (000000) 
[ DEBUG5 "MyRemoveOverlay"]                  [00004231], 000011, (000000) 
[ DEBUG5 "MyRemoveOverlay"]                  [00004232], 000000, (000000) 
[ DEBUG5 "MyRemoveOverlay"]                  [00004233], 000211, (000000) 
[ DEBUG5 "MyRemoveOverlay"]                  [00004234], 000211, (000000) 
[ DEBUG5 "MyRemoveOverlay"] 
[ DEBUG5 "MyRemoveOverlay"] 
[ DEBUG0 "MyRemoveOverlay"] 	MCParticle at index: 0 has PDG: 211 and MCParticle to Track link weight is 1.00e+00
[ DEBUG0 "MyRemoveOverlay"] 	MCParticle at index: 0 with PDG code: 211 has highest link weight to input track
[ DEBUG6 "MyRemoveOverlay"] 		Track is not linked to a MCParticle
[ DEBUG7 "MyRemoveOverlay"] 		********** PFO AT INDEX 1 IS NOT OVERLAY **********
[ DEBUG8 "MyRemoveOverlay"] 
[ DEBUG8 "MyRemoveOverlay"] 		-------------------------------------------------------
[ DEBUG8 "MyRemoveOverlay"] 		Processing PFO at index 2
[ DEBUG5 "MyRemoveOverlay"] ------------------ ReconstructedParticle -----------------------------
[ DEBUG5 "MyRemoveOverlay"] Id                                                              0x4235
[ DEBUG5 "MyRemoveOverlay"] Compound                                                             0
[ DEBUG5 "MyRemoveOverlay"] Type                                                              -211
[ DEBUG5 "MyRemoveOverlay"] Momentum (x,y,z)                       -6.46e-02, +1.90e-01, -1.91e-02
[ DEBUG5 "MyRemoveOverlay"] Mass [GeV]                                                    1.40e-01
[ DEBUG5 "MyRemoveOverlay"] Charge [e]                                                   -1.00e+00
[ DEBUG5 "MyRemoveOverlay"] Energy [GeV]                                                  2.45e-01
[ DEBUG5 "MyRemoveOverlay"] ReferencePoint                         -2.84e+02, +1.05e+02, -1.27e+00
[ DEBUG5 "MyRemoveOverlay"] ParticleIDUsed                                                       0
[ DEBUG5 "MyRemoveOverlay"] GoodnessOfPID                                                 0.00e+00
[ DEBUG5 "MyRemoveOverlay"] Covariance p,E:  4.38e-06, -1.29e-06, 1.34e-06, -2.18e-07, 2.67e-07, 
[ DEBUG5 "MyRemoveOverlay"]                  5.84e-06, -2.14e-06, 1.36e-06, -1.92e-07, 1.63e-06
[ DEBUG5 "MyRemoveOverlay"] Particles id:    
[ DEBUG5 "MyRemoveOverlay"] Tracks id:    [00003714]
[ DEBUG5 "MyRemoveOverlay"] Clusters id:  
[ DEBUG5 "MyRemoveOverlay"] Particle ids ( [id], PDG, (type)): 
[ DEBUG5 "MyRemoveOverlay"]                  [00004236], 000011, (000000) 
[ DEBUG5 "MyRemoveOverlay"]                  [00004237], 000011, (000000) 
[ DEBUG5 "MyRemoveOverlay"]                  [00004238], 000000, (000000) 
[ DEBUG5 "MyRemoveOverlay"]                  [00004239], 000211, (000000) 
[ DEBUG5 "MyRemoveOverlay"]                  [00004240], 000211, (000000) 
[ DEBUG5 "MyRemoveOverlay"] 
[ DEBUG5 "MyRemoveOverlay"] 
[ DEBUG0 "MyRemoveOverlay"] 	MCParticle at index: 0 has PDG: 13 and MCParticle to Track link weight is 1.00e+00
[ DEBUG0 "MyRemoveOverlay"] 	MCParticle at index: 0 with PDG code: 13 has highest link weight to input track
[ DEBUG6 "MyRemoveOverlay"] 		Track is not linked to a MCParticle
[ DEBUG7 "MyRemoveOverlay"] 		********** PFO AT INDEX 2 IS NOT OVERLAY **********
[ DEBUG8 "MyRemoveOverlay"] 
[ DEBUG8 "MyRemoveOverlay"] 		-------------------------------------------------------
[ DEBUG8 "MyRemoveOverlay"] 		Processing PFO at index 3
[ DEBUG5 "MyRemoveOverlay"] ------------------ ReconstructedParticle -----------------------------
[ DEBUG5 "MyRemoveOverlay"] Id                                                              0x4241
[ DEBUG5 "MyRemoveOverlay"] Compound                                                             0
[ DEBUG5 "MyRemoveOverlay"] Type                                                              -211
[ DEBUG5 "MyRemoveOverlay"] Momentum (x,y,z)                       +2.07e-01, -2.00e-01, -4.92e-01
[ DEBUG5 "MyRemoveOverlay"] Mass [GeV]                                                    1.40e-01
[ DEBUG5 "MyRemoveOverlay"] Charge [e]                                                   -1.00e+00
[ DEBUG5 "MyRemoveOverlay"] Energy [GeV]                                                  5.87e-01
[ DEBUG5 "MyRemoveOverlay"] ReferencePoint                         +1.21e+01, -1.10e+01, -2.76e+01
[ DEBUG5 "MyRemoveOverlay"] ParticleIDUsed                                                       0
[ DEBUG5 "MyRemoveOverlay"] GoodnessOfPID                                                 0.00e+00
[ DEBUG5 "MyRemoveOverlay"] Covariance p,E:  1.22e-06, -1.48e-07, 1.03e-06, -5.36e-07, 4.13e-07, 
[ DEBUG5 "MyRemoveOverlay"]                  2.03e-06, 9.29e-07, -7.51e-07, -2.03e-06, 2.29e-06
[ DEBUG5 "MyRemoveOverlay"] Particles id:    
[ DEBUG5 "MyRemoveOverlay"] Tracks id:    [00003574]
[ DEBUG5 "MyRemoveOverlay"] Clusters id:  [00004172]
[ DEBUG5 "MyRemoveOverlay"] Particle ids ( [id], PDG, (type)): 
[ DEBUG5 "MyRemoveOverlay"]                  [00004242], 000211, (000000) 
[ DEBUG5 "MyRemoveOverlay"]                  [00004243], 000211, (000000) 
[ DEBUG5 "MyRemoveOverlay"]                  [00004244], 000000, (000000) 
[ DEBUG5 "MyRemoveOverlay"]                  [00004245], 000000, (000000) 
[ DEBUG5 "MyRemoveOverlay"]                  [00004246], 000000, (000000) 
[ DEBUG5 "MyRemoveOverlay"]                  [00004247], 000000, (000000) 
[ DEBUG5 "MyRemoveOverlay"]                  [00004248], 000211, (000000) 
[ DEBUG5 "MyRemoveOverlay"]                  [00004249], 000211, (000000) 
[ DEBUG5 "MyRemoveOverlay"]                  [00004250], 000211, (000000) 
[ DEBUG5 "MyRemoveOverlay"] 
[ DEBUG5 "MyRemoveOverlay"] 
[ DEBUG0 "MyRemoveOverlay"] 	MCParticle at index: 0 has PDG: -211 and MCParticle to Track link weight is 1.00e+00
[ DEBUG0 "MyRemoveOverlay"] 	MCParticle at index: 0 with PDG code: -211 has highest link weight to input track
[ DEBUG6 "MyRemoveOverlay"] 		Track is not linked to a MCParticle
[ DEBUG0 "MyRemoveOverlay"] 	MCParticle at index: 0 has PDG: -211 and MCParticle to Cluster link weight is 9.95e-01
[ DEBUG0 "MyRemoveOverlay"] 	MCParticle at index: 0 with PDG code: -211 has highest link weight to input cluster
[ DEBUG0 "MyRemoveOverlay"] 	Cluster at index: 0 has highest link weight to MCParticle = 1.00e+00
[ DEBUG0 "MyRemoveOverlay"] 	Cluster linked to MCParticle with highest weight
[ DEBUG6 "MyRemoveOverlay"] 		Found a linked MCParticle to cluster
[ DEBUG5 "MyRemoveOverlay"] ----------------------------- MCParticle -----------------------------
[ DEBUG5 "MyRemoveOverlay"] Id                                                                3271
[ DEBUG5 "MyRemoveOverlay"] PDG                                                               -211
[ DEBUG5 "MyRemoveOverlay"] Energy [GeV]                                                  5.88e-01
[ DEBUG5 "MyRemoveOverlay"] Momentum [GeV] (x,y,z)                  0.208733, -0.200462, -0.492758
[ DEBUG5 "MyRemoveOverlay"] Momentum at Endpoint[GeV] (x,y,z)                               -0, -0, -0
[ DEBUG5 "MyRemoveOverlay"] GeneratorStatus                                                      1
[ DEBUG5 "MyRemoveOverlay"] Vertex [mm] (x,y,z)              6.90338e-309, -1.51563e-308, 0.181372
[ DEBUG5 "MyRemoveOverlay"] Endpoint [mm] (x,y,z)                       -87.8454, 265.06, -2477.36
[ DEBUG5 "MyRemoveOverlay"] Mass [GeV]                                                    1.40e-01
[ DEBUG5 "MyRemoveOverlay"] Charge                                                       -1.00e+00
[ DEBUG5 "MyRemoveOverlay"] Parents                                                              1
[ DEBUG5 "MyRemoveOverlay"] Daughters                                                            0
[ DEBUG5 "MyRemoveOverlay"] simulator status bits: [sbvtcls]  s: created in simulation b: backscatter v: vertex is not endpoint of parent t: decayed in tracker c: decayed in calorimeter l: has left detector s: stopped o: overlay
[ DEBUG5 "MyRemoveOverlay"] [    c so]
[ DEBUG5 "MyRemoveOverlay"] 
[ DEBUG7 "MyRemoveOverlay"] 		********** PFO AT INDEX 3 IS OVERLAY **********
[ DEBUG8 "MyRemoveOverlay"] 
[ DEBUG8 "MyRemoveOverlay"] 		-------------------------------------------------------
[ DEBUG8 "MyRemoveOverlay"] 		Processing PFO at index 4
[ DEBUG5 "MyRemoveOverlay"] ------------------ ReconstructedParticle -----------------------------
[ DEBUG5 "MyRemoveOverlay"] Id                                                              0x4251
[ DEBUG5 "MyRemoveOverlay"] Compound                                                             0
[ DEBUG5 "MyRemoveOverlay"] Type                                                              -211
[ DEBUG5 "MyRemoveOverlay"] Momentum (x,y,z)                       -2.85e-01, -2.15e-02, -1.74e-01
[ DEBUG5 "MyRemoveOverlay"] Mass [GeV]                                                    1.40e-01
[ DEBUG5 "MyRemoveOverlay"] Charge [e]                                                   -1.00e+00
[ DEBUG5 "MyRemoveOverlay"] Energy [GeV]                                                  3.63e-01
[ DEBUG5 "MyRemoveOverlay"] ReferencePoint                         -1.62e+01, -1.70e+00, -1.03e+01
[ DEBUG5 "MyRemoveOverlay"] ParticleIDUsed                                                       0
[ DEBUG5 "MyRemoveOverlay"] GoodnessOfPID                                                 0.00e+00
[ DEBUG5 "MyRemoveOverlay"] Covariance p,E:  6.96e-07, 6.39e-08, 5.72e-07, 9.54e-08, 2.72e-08, 
[ DEBUG5 "MyRemoveOverlay"]                  6.07e-07, -5.96e-07, -9.72e-08, -3.68e-07, 6.51e-07
[ DEBUG5 "MyRemoveOverlay"] Particles id:    
[ DEBUG5 "MyRemoveOverlay"] Tracks id:    [00003654]
[ DEBUG5 "MyRemoveOverlay"] Clusters id:  
[ DEBUG5 "MyRemoveOverlay"] Particle ids ( [id], PDG, (type)): 
[ DEBUG5 "MyRemoveOverlay"]                  [00004252], 000211, (000000) 
[ DEBUG5 "MyRemoveOverlay"]                  [00004253], 000211, (000000) 
[ DEBUG5 "MyRemoveOverlay"]                  [00004254], 000011, (000000) 
[ DEBUG5 "MyRemoveOverlay"]                  [00004255], 000011, (000000) 
[ DEBUG5 "MyRemoveOverlay"]                  [00004256], 000000, (000000) 
[ DEBUG5 "MyRemoveOverlay"] 
[ DEBUG5 "MyRemoveOverlay"] 
[ DEBUG0 "MyRemoveOverlay"] 	MCParticle at index: 0 has PDG: -211 and MCParticle to Track link weight is 1.00e+00
[ DEBUG0 "MyRemoveOverlay"] 	MCParticle at index: 0 with PDG code: -211 has highest link weight to input track
[ DEBUG6 "MyRemoveOverlay"] 		Track is not linked to a MCParticle
[ DEBUG7 "MyRemoveOverlay"] 		********** PFO AT INDEX 4 IS NOT OVERLAY **********
[ DEBUG8 "MyRemoveOverlay"] 
[ DEBUG8 "MyRemoveOverlay"] 		-------------------------------------------------------
[ DEBUG8 "MyRemoveOverlay"] 		Processing PFO at index 5
[ DEBUG5 "MyRemoveOverlay"] ------------------ ReconstructedParticle -----------------------------
[ DEBUG5 "MyRemoveOverlay"] Id                                                              0x4257
[ DEBUG5 "MyRemoveOverlay"] Compound                                                             0
[ DEBUG5 "MyRemoveOverlay"] Type                                                                11
[ DEBUG5 "MyRemoveOverlay"] Momentum (x,y,z)                       -1.38e-01, -2.64e-01, -1.89e-01
[ DEBUG5 "MyRemoveOverlay"] Mass [GeV]                                                    5.11e-04
[ DEBUG5 "MyRemoveOverlay"] Charge [e]                                                   -1.00e+00
[ DEBUG5 "MyRemoveOverlay"] Energy [GeV]                                                  3.53e-01
[ DEBUG5 "MyRemoveOverlay"] ReferencePoint                         -7.05e+00, -1.46e+01, -1.06e+01
[ DEBUG5 "MyRemoveOverlay"] ParticleIDUsed                                                       0
[ DEBUG5 "MyRemoveOverlay"] GoodnessOfPID                                                 0.00e+00
[ DEBUG5 "MyRemoveOverlay"] Covariance p,E:  5.69e-07, 7.28e-08, 8.36e-07, 7.04e-08, 1.70e-07, 
[ DEBUG5 "MyRemoveOverlay"]                  6.65e-07, -3.15e-07, -7.45e-07, -5.10e-07, 9.54e-07
[ DEBUG5 "MyRemoveOverlay"] Particles id:    
[ DEBUG5 "MyRemoveOverlay"] Tracks id:    [00003644]
[ DEBUG5 "MyRemoveOverlay"] Clusters id:  [00004173]
[ DEBUG5 "MyRemoveOverlay"] Particle ids ( [id], PDG, (type)): 
[ DEBUG5 "MyRemoveOverlay"]                  [00004258], 000011, (000000) 
[ DEBUG5 "MyRemoveOverlay"]                  [00004259], 000000, (000000) 
[ DEBUG5 "MyRemoveOverlay"]                  [00004260], 000000, (000000) 
[ DEBUG5 "MyRemoveOverlay"]                  [00004261], 000000, (000000) 
[ DEBUG5 "MyRemoveOverlay"]                  [00004262], 000000, (000000) 
[ DEBUG5 "MyRemoveOverlay"]                  [00004263], 000000, (000000) 
[ DEBUG5 "MyRemoveOverlay"]                  [00004264], 000011, (000000) 
[ DEBUG5 "MyRemoveOverlay"]                  [00004265], 000011, (000000) 
[ DEBUG5 "MyRemoveOverlay"]                  [00004266], 000011, (000000) 
[ DEBUG5 "MyRemoveOverlay"] 
[ DEBUG5 "MyRemoveOverlay"] 
[ DEBUG0 "MyRemoveOverlay"] 	MCParticle at index: 0 has PDG: 11 and MCParticle to Track link weight is 1.00e+00
[ DEBUG0 "MyRemoveOverlay"] 	MCParticle at index: 0 with PDG code: 11 has highest link weight to input track
[ DEBUG6 "MyRemoveOverlay"] 		Track is not linked to a MCParticle
[ DEBUG0 "MyRemoveOverlay"] 	MCParticle at index: 0 has PDG: 11 and MCParticle to Cluster link weight is 1.00e+00
[ DEBUG0 "MyRemoveOverlay"] 	MCParticle at index: 0 with PDG code: 11 has highest link weight to input cluster
[ DEBUG0 "MyRemoveOverlay"] 	Cluster at index: 0 has highest link weight to MCParticle = 9.90e-01
[ DEBUG0 "MyRemoveOverlay"] 	Cluster linked to MCParticle with highest weight
[ DEBUG6 "MyRemoveOverlay"] 		Found a linked MCParticle to cluster
[ DEBUG5 "MyRemoveOverlay"] ----------------------------- MCParticle -----------------------------
[ DEBUG5 "MyRemoveOverlay"] Id                                                                3301
[ DEBUG5 "MyRemoveOverlay"] PDG                                                                 11
[ DEBUG5 "MyRemoveOverlay"] Energy [GeV]                                                  3.58e-01
[ DEBUG5 "MyRemoveOverlay"] Momentum [GeV] (x,y,z)                 -0.138597, -0.269239, -0.191477
[ DEBUG5 "MyRemoveOverlay"] Momentum at Endpoint[GeV] (x,y,z)                                -0, 0, -0
[ DEBUG5 "MyRemoveOverlay"] GeneratorStatus                                                      1
[ DEBUG5 "MyRemoveOverlay"] Vertex [mm] (x,y,z)                    -0.291696, -0.556438, -0.722431
[ DEBUG5 "MyRemoveOverlay"] Endpoint [mm] (x,y,z)                      16.5416, -282.935, -2420.52
[ DEBUG5 "MyRemoveOverlay"] Mass [GeV]                                                    5.11e-04
[ DEBUG5 "MyRemoveOverlay"] Charge                                                       -1.00e+00
[ DEBUG5 "MyRemoveOverlay"] Parents                                                              0
[ DEBUG5 "MyRemoveOverlay"] Daughters                                                            0
[ DEBUG5 "MyRemoveOverlay"] simulator status bits: [sbvtcls]  s: created in simulation b: backscatter v: vertex is not endpoint of parent t: decayed in tracker c: decayed in calorimeter l: has left detector s: stopped o: overlay
[ DEBUG5 "MyRemoveOverlay"] [    c so]
[ DEBUG5 "MyRemoveOverlay"] 
[ DEBUG7 "MyRemoveOverlay"] 		********** PFO AT INDEX 5 IS OVERLAY **********
[ DEBUG8 "MyRemoveOverlay"] 
[ DEBUG8 "MyRemoveOverlay"] 		-------------------------------------------------------
[ DEBUG8 "MyRemoveOverlay"] 		Processing PFO at index 6
[ DEBUG5 "MyRemoveOverlay"] ------------------ ReconstructedParticle -----------------------------
[ DEBUG5 "MyRemoveOverlay"] Id                                                              0x4267
[ DEBUG5 "MyRemoveOverlay"] Compound                                                             0
[ DEBUG5 "MyRemoveOverlay"] Type                                                               211
[ DEBUG5 "MyRemoveOverlay"] Momentum (x,y,z)                       +3.24e-02, -1.46e-01, -3.69e-01
[ DEBUG5 "MyRemoveOverlay"] Mass [GeV]                                                    1.40e-01
[ DEBUG5 "MyRemoveOverlay"] Charge [e]                                                    1.00e+00
[ DEBUG5 "MyRemoveOverlay"] Energy [GeV]                                                  4.22e-01
[ DEBUG5 "MyRemoveOverlay"] ReferencePoint                         +2.60e+00, -1.60e+01, -3.97e+01
[ DEBUG5 "MyRemoveOverlay"] ParticleIDUsed                                                       0
[ DEBUG5 "MyRemoveOverlay"] GoodnessOfPID                                                 0.00e+00
[ DEBUG5 "MyRemoveOverlay"] Covariance p,E:  1.20e-06, -1.61e-06, 2.06e-05, -4.20e-06, 4.78e-05, 
[ DEBUG5 "MyRemoveOverlay"]                  1.18e-04, 4.32e-06, -4.91e-05, -1.21e-04, 1.23e-04
[ DEBUG5 "MyRemoveOverlay"] Particles id:    
[ DEBUG5 "MyRemoveOverlay"] Tracks id:    [00003749]
[ DEBUG5 "MyRemoveOverlay"] Clusters id:  [00004174]
[ DEBUG5 "MyRemoveOverlay"] Particle ids ( [id], PDG, (type)): 
[ DEBUG5 "MyRemoveOverlay"]                  [00004268], 000211, (000000) 
[ DEBUG5 "MyRemoveOverlay"]                  [00004269], 000011, (000000) 
[ DEBUG5 "MyRemoveOverlay"]                  [00004270], 000011, (000000) 
[ DEBUG5 "MyRemoveOverlay"]                  [00004271], 000011, (000000) 
[ DEBUG5 "MyRemoveOverlay"]                  [00004272], 000011, (000000) 
[ DEBUG5 "MyRemoveOverlay"] 
[ DEBUG5 "MyRemoveOverlay"] 
[ DEBUG0 "MyRemoveOverlay"] 	MCParticle at index: 0 has PDG: -11 and MCParticle to Track link weight is 1.00e+00
[ DEBUG0 "MyRemoveOverlay"] 	MCParticle at index: 0 with PDG code: -11 has highest link weight to input track
[ DEBUG6 "MyRemoveOverlay"] 		Track is not linked to a MCParticle
[ DEBUG0 "MyRemoveOverlay"] 	MCParticle at index: 0 has PDG: -11 and MCParticle to Cluster link weight is 1.00e+00
[ DEBUG0 "MyRemoveOverlay"] 	MCParticle at index: 0 with PDG code: -11 has highest link weight to input cluster
[ DEBUG0 "MyRemoveOverlay"] 	Cluster at index: 0 has highest link weight to MCParticle = 1.00e+00
[ DEBUG0 "MyRemoveOverlay"] 	Cluster linked to MCParticle with highest weight
[ DEBUG6 "MyRemoveOverlay"] 		Found a linked MCParticle to cluster
[ DEBUG5 "MyRemoveOverlay"] ----------------------------- MCParticle -----------------------------
[ DEBUG5 "MyRemoveOverlay"] Id                                                                3286
[ DEBUG5 "MyRemoveOverlay"] PDG                                                                -11
[ DEBUG5 "MyRemoveOverlay"] Energy [GeV]                                                  4.12e-01
[ DEBUG5 "MyRemoveOverlay"] Momentum [GeV] (x,y,z)                  0.032998, -0.151222, -0.381511
[ DEBUG5 "MyRemoveOverlay"] Momentum at Endpoint[GeV] (x,y,z)                                 -0, 0, 0
[ DEBUG5 "MyRemoveOverlay"] GeneratorStatus                                                      1
[ DEBUG5 "MyRemoveOverlay"] Vertex [mm] (x,y,z)                    0.0440634, -0.221304, -0.376256
[ DEBUG5 "MyRemoveOverlay"] Endpoint [mm] (x,y,z)                     -21.5058, -78.7073, -2478.58
[ DEBUG5 "MyRemoveOverlay"] Mass [GeV]                                                    5.11e-04
[ DEBUG5 "MyRemoveOverlay"] Charge                                                        1.00e+00
[ DEBUG5 "MyRemoveOverlay"] Parents                                                              0
[ DEBUG5 "MyRemoveOverlay"] Daughters                                                            0
[ DEBUG5 "MyRemoveOverlay"] simulator status bits: [sbvtcls]  s: created in simulation b: backscatter v: vertex is not endpoint of parent t: decayed in tracker c: decayed in calorimeter l: has left detector s: stopped o: overlay
[ DEBUG5 "MyRemoveOverlay"] [    c so]
[ DEBUG5 "MyRemoveOverlay"] 
[ DEBUG7 "MyRemoveOverlay"] 		********** PFO AT INDEX 6 IS OVERLAY **********
[ DEBUG8 "MyRemoveOverlay"] 
[ DEBUG8 "MyRemoveOverlay"] 		-------------------------------------------------------
[ DEBUG8 "MyRemoveOverlay"] 		Processing PFO at index 7
[ DEBUG5 "MyRemoveOverlay"] ------------------ ReconstructedParticle -----------------------------
[ DEBUG5 "MyRemoveOverlay"] Id                                                              0x4273
[ DEBUG5 "MyRemoveOverlay"] Compound                                                             0
[ DEBUG5 "MyRemoveOverlay"] Type                                                               211
[ DEBUG5 "MyRemoveOverlay"] Momentum (x,y,z)                       -6.66e-02, +8.00e-02, -2.43e-02
[ DEBUG5 "MyRemoveOverlay"] Mass [GeV]                                                    1.40e-01
[ DEBUG5 "MyRemoveOverlay"] Charge [e]                                                    1.00e+00
[ DEBUG5 "MyRemoveOverlay"] Energy [GeV]                                                  1.76e-01
[ DEBUG5 "MyRemoveOverlay"] ReferencePoint                         -9.49e+00, +1.29e+01, -3.92e+00
[ DEBUG5 "MyRemoveOverlay"] ParticleIDUsed                                                       0
[ DEBUG5 "MyRemoveOverlay"] GoodnessOfPID                                                 0.00e+00
[ DEBUG5 "MyRemoveOverlay"] Covariance p,E:  2.91e-06, -3.79e-06, 7.83e-06, 1.00e-06, -1.78e-06, 
[ DEBUG5 "MyRemoveOverlay"]                  1.36e-06, -2.97e-06, 5.24e-06, -1.38e-06, 3.70e-06
[ DEBUG5 "MyRemoveOverlay"] Particles id:    
[ DEBUG5 "MyRemoveOverlay"] Tracks id:    [00003734]
[ DEBUG5 "MyRemoveOverlay"] Clusters id:  
[ DEBUG5 "MyRemoveOverlay"] Particle ids ( [id], PDG, (type)): 
[ DEBUG5 "MyRemoveOverlay"]                  [00004274], 000011, (000000) 
[ DEBUG5 "MyRemoveOverlay"]                  [00004275], 000011, (000000) 
[ DEBUG5 "MyRemoveOverlay"]                  [00004276], 000011, (000000) 
[ DEBUG5 "MyRemoveOverlay"]                  [00004277], 000011, (000000) 
[ DEBUG5 "MyRemoveOverlay"]                  [00004278], 000000, (000000) 
[ DEBUG5 "MyRemoveOverlay"] 
[ DEBUG5 "MyRemoveOverlay"] 
[ DEBUG0 "MyRemoveOverlay"] 	MCParticle at index: 0 has PDG: -11 and MCParticle to Track link weight is 1.00e+00
[ DEBUG0 "MyRemoveOverlay"] 	MCParticle at index: 0 with PDG code: -11 has highest link weight to input track
[ DEBUG6 "MyRemoveOverlay"] 		Track is not linked to a MCParticle
[ DEBUG7 "MyRemoveOverlay"] 		********** PFO AT INDEX 7 IS NOT OVERLAY **********
[ DEBUG8 "MyRemoveOverlay"] 
[ DEBUG8 "MyRemoveOverlay"] 		-------------------------------------------------------
[ DEBUG8 "MyRemoveOverlay"] 		Processing PFO at index 8
[ DEBUG5 "MyRemoveOverlay"] ------------------ ReconstructedParticle -----------------------------
[ DEBUG5 "MyRemoveOverlay"] Id                                                              0x4279
[ DEBUG5 "MyRemoveOverlay"] Compound                                                             0
[ DEBUG5 "MyRemoveOverlay"] Type                                                              -211
[ DEBUG5 "MyRemoveOverlay"] Momentum (x,y,z)                       +2.95e-01, -1.77e-01, -6.88e-01
[ DEBUG5 "MyRemoveOverlay"] Mass [GeV]                                                    1.40e-01
[ DEBUG5 "MyRemoveOverlay"] Charge [e]                                                   -1.00e+00
[ DEBUG5 "MyRemoveOverlay"] Energy [GeV]                                                  7.81e-01
[ DEBUG5 "MyRemoveOverlay"] ReferencePoint                         +1.41e+01, -8.16e+00, -3.25e+01
[ DEBUG5 "MyRemoveOverlay"] ParticleIDUsed                                                       0
[ DEBUG5 "MyRemoveOverlay"] GoodnessOfPID                                                 0.00e+00
[ DEBUG5 "MyRemoveOverlay"] Covariance p,E:  1.21e-06, -9.16e-08, 1.01e-06, -6.96e-07, 3.33e-07, 
[ DEBUG5 "MyRemoveOverlay"]                  2.40e-06, 1.09e-06, -5.56e-07, -2.45e-06, 2.69e-06
[ DEBUG5 "MyRemoveOverlay"] Particles id:    
[ DEBUG5 "MyRemoveOverlay"] Tracks id:    [00003679]
[ DEBUG5 "MyRemoveOverlay"] Clusters id:  
[ DEBUG5 "MyRemoveOverlay"] Particle ids ( [id], PDG, (type)): 
[ DEBUG5 "MyRemoveOverlay"]                  [00004280], 000211, (000000) 
[ DEBUG5 "MyRemoveOverlay"]                  [00004281], 000211, (000000) 
[ DEBUG5 "MyRemoveOverlay"]                  [00004282], 000011, (000000) 
[ DEBUG5 "MyRemoveOverlay"]                  [00004283], 000011, (000000) 
[ DEBUG5 "MyRemoveOverlay"]                  [00004284], 000000, (000000) 
[ DEBUG5 "MyRemoveOverlay"] 
[ DEBUG5 "MyRemoveOverlay"] 
[ DEBUG0 "MyRemoveOverlay"] 	MCParticle at index: 0 has PDG: -211 and MCParticle to Track link weight is 1.00e+00
[ DEBUG0 "MyRemoveOverlay"] 	MCParticle at index: 0 with PDG code: -211 has highest link weight to input track
[ DEBUG0 "MyRemoveOverlay"] 	Track at index: 0 has highest link weight to MCParticle = 9.48e-01
[ DEBUG0 "MyRemoveOverlay"] 	Track linked to MCParticle with highest weight
[ DEBUG6 "MyRemoveOverlay"] 		Found a linked MCParticle to track
[ DEBUG5 "MyRemoveOverlay"] ----------------------------- MCParticle -----------------------------
[ DEBUG5 "MyRemoveOverlay"] Id                                                                3270
[ DEBUG5 "MyRemoveOverlay"] PDG                                                               -211
[ DEBUG5 "MyRemoveOverlay"] Energy [GeV]                                                  7.79e-01
[ DEBUG5 "MyRemoveOverlay"] Momentum [GeV] (x,y,z)                  0.292391, -0.178559, -0.686024
[ DEBUG5 "MyRemoveOverlay"] Momentum at Endpoint[GeV] (x,y,z)                                -0, 0, -0
[ DEBUG5 "MyRemoveOverlay"] GeneratorStatus                                                      1
[ DEBUG5 "MyRemoveOverlay"] Vertex [mm] (x,y,z)              -1.06214e-310, 2.70621e-310, 0.181372
[ DEBUG5 "MyRemoveOverlay"] Endpoint [mm] (x,y,z)                       216.042, 602.571, -2304.04
[ DEBUG5 "MyRemoveOverlay"] Mass [GeV]                                                    1.40e-01
[ DEBUG5 "MyRemoveOverlay"] Charge                                                       -1.00e+00
[ DEBUG5 "MyRemoveOverlay"] Parents                                                              1
[ DEBUG5 "MyRemoveOverlay"] Daughters                                                           10
[ DEBUG5 "MyRemoveOverlay"] simulator status bits: [sbvtcls]  s: created in simulation b: backscatter v: vertex is not endpoint of parent t: decayed in tracker c: decayed in calorimeter l: has left detector s: stopped o: overlay
[ DEBUG5 "MyRemoveOverlay"] [   t  so]
[ DEBUG5 "MyRemoveOverlay"] 
[ DEBUG7 "MyRemoveOverlay"] 		********** PFO AT INDEX 8 IS OVERLAY **********
[ DEBUG8 "MyRemoveOverlay"] 
[ DEBUG8 "MyRemoveOverlay"] 		-------------------------------------------------------
[ DEBUG8 "MyRemoveOverlay"] 		Processing PFO at index 9
[ DEBUG5 "MyRemoveOverlay"] ------------------ ReconstructedParticle -----------------------------
[ DEBUG5 "MyRemoveOverlay"] Id                                                              0x4285
[ DEBUG5 "MyRemoveOverlay"] Compound                                                             0
[ DEBUG5 "MyRemoveOverlay"] Type                                                               211
[ DEBUG5 "MyRemoveOverlay"] Momentum (x,y,z)                       -2.84e-01, +8.98e-02, -7.46e-01
[ DEBUG5 "MyRemoveOverlay"] Mass [GeV]                                                    1.40e-01
[ DEBUG5 "MyRemoveOverlay"] Charge [e]                                                    1.00e+00
[ DEBUG5 "MyRemoveOverlay"] Energy [GeV]                                                  8.15e-01
[ DEBUG5 "MyRemoveOverlay"] ReferencePoint                         -1.51e+01, +5.38e+00, -3.97e+01
[ DEBUG5 "MyRemoveOverlay"] ParticleIDUsed                                                       0
[ DEBUG5 "MyRemoveOverlay"] GoodnessOfPID                                                 0.00e+00
[ DEBUG5 "MyRemoveOverlay"] Covariance p,E:  1.30e-06, -1.41e-07, 1.22e-06, 9.00e-07, -3.67e-07, 
[ DEBUG5 "MyRemoveOverlay"]                  3.42e-06, -1.29e-06, 5.20e-07, -3.48e-06, 3.69e-06
[ DEBUG5 "MyRemoveOverlay"] Particles id:    
[ DEBUG5 "MyRemoveOverlay"] Tracks id:    [00003674]
[ DEBUG5 "MyRemoveOverlay"] Clusters id:  [00004175]
[ DEBUG5 "MyRemoveOverlay"] Particle ids ( [id], PDG, (type)): 
[ DEBUG5 "MyRemoveOverlay"]                  [00004286], 000211, (000000) 
[ DEBUG5 "MyRemoveOverlay"]                  [00004287], 000211, (000000) 
[ DEBUG5 "MyRemoveOverlay"]                  [00004288], 000000, (000000) 
[ DEBUG5 "MyRemoveOverlay"]                  [00004289], 000000, (000000) 
[ DEBUG5 "MyRemoveOverlay"]                  [00004290], 000000, (000000) 
[ DEBUG5 "MyRemoveOverlay"]                  [00004291], 000000, (000000) 
[ DEBUG5 "MyRemoveOverlay"]                  [00004292], 000211, (000000) 
[ DEBUG5 "MyRemoveOverlay"]                  [00004293], 000211, (000000) 
[ DEBUG5 "MyRemoveOverlay"]                  [00004294], 000211, (000000) 
[ DEBUG5 "MyRemoveOverlay"] 
[ DEBUG5 "MyRemoveOverlay"] 
[ DEBUG0 "MyRemoveOverlay"] 	MCParticle at index: 0 has PDG: 211 and MCParticle to Track link weight is 1.00e+00
[ DEBUG0 "MyRemoveOverlay"] 	MCParticle at index: 0 with PDG code: 211 has highest link weight to input track
[ DEBUG0 "MyRemoveOverlay"] 	Track at index: 0 has highest link weight to MCParticle = 9.29e-01
[ DEBUG0 "MyRemoveOverlay"] 	Track linked to MCParticle with highest weight
[ DEBUG6 "MyRemoveOverlay"] 		Found a linked MCParticle to track
[ DEBUG5 "MyRemoveOverlay"] ----------------------------- MCParticle -----------------------------
[ DEBUG5 "MyRemoveOverlay"] Id                                                                3269
[ DEBUG5 "MyRemoveOverlay"] PDG                                                                211
[ DEBUG5 "MyRemoveOverlay"] Energy [GeV]                                                  8.17e-01
[ DEBUG5 "MyRemoveOverlay"] Momentum [GeV] (x,y,z)                 -0.284633, 0.0927646, -0.746926
[ DEBUG5 "MyRemoveOverlay"] Momentum at Endpoint[GeV] (x,y,z)                                0, -0, -0
[ DEBUG5 "MyRemoveOverlay"] GeneratorStatus                                                      1
[ DEBUG5 "MyRemoveOverlay"] Vertex [mm] (x,y,z)              -1.06214e-310, 2.70621e-310, 0.181372
[ DEBUG5 "MyRemoveOverlay"] Endpoint [mm] (x,y,z)                       268.868, 484.137, -2526.17
[ DEBUG5 "MyRemoveOverlay"] Mass [GeV]                                                    1.40e-01
[ DEBUG5 "MyRemoveOverlay"] Charge                                                        1.00e+00
[ DEBUG5 "MyRemoveOverlay"] Parents                                                              1
[ DEBUG5 "MyRemoveOverlay"] Daughters                                                            0
[ DEBUG5 "MyRemoveOverlay"] simulator status bits: [sbvtcls]  s: created in simulation b: backscatter v: vertex is not endpoint of parent t: decayed in tracker c: decayed in calorimeter l: has left detector s: stopped o: overlay
[ DEBUG5 "MyRemoveOverlay"] [    c so]
[ DEBUG5 "MyRemoveOverlay"] 
[ DEBUG0 "MyRemoveOverlay"] 	MCParticle at index: 1 has PDG: 211 and MCParticle to Cluster link weight is 9.72e-01
[ DEBUG0 "MyRemoveOverlay"] 	MCParticle at index: 1 with PDG code: 211 has highest link weight to input cluster
[ DEBUG0 "MyRemoveOverlay"] 	Cluster at index: 0 has highest link weight to MCParticle = 1.00e+00
[ DEBUG0 "MyRemoveOverlay"] 	Cluster linked to MCParticle with highest weight
[ DEBUG6 "MyRemoveOverlay"] 		Found a linked MCParticle to cluster
[ DEBUG5 "MyRemoveOverlay"] ----------------------------- MCParticle -----------------------------
[ DEBUG5 "MyRemoveOverlay"] Id                                                                3269
[ DEBUG5 "MyRemoveOverlay"] PDG                                                                211
[ DEBUG5 "MyRemoveOverlay"] Energy [GeV]                                                  8.17e-01
[ DEBUG5 "MyRemoveOverlay"] Momentum [GeV] (x,y,z)                 -0.284633, 0.0927646, -0.746926
[ DEBUG5 "MyRemoveOverlay"] Momentum at Endpoint[GeV] (x,y,z)                                0, -0, -0
[ DEBUG5 "MyRemoveOverlay"] GeneratorStatus                                                      1
[ DEBUG5 "MyRemoveOverlay"] Vertex [mm] (x,y,z)              -1.06214e-310, 2.70621e-310, 0.181372
[ DEBUG5 "MyRemoveOverlay"] Endpoint [mm] (x,y,z)                       268.868, 484.137, -2526.17
[ DEBUG5 "MyRemoveOverlay"] Mass [GeV]                                                    1.40e-01
[ DEBUG5 "MyRemoveOverlay"] Charge                                                        1.00e+00
[ DEBUG5 "MyRemoveOverlay"] Parents                                                              1
[ DEBUG5 "MyRemoveOverlay"] Daughters                                                            0
[ DEBUG5 "MyRemoveOverlay"] simulator status bits: [sbvtcls]  s: created in simulation b: backscatter v: vertex is not endpoint of parent t: decayed in tracker c: decayed in calorimeter l: has left detector s: stopped o: overlay
[ DEBUG5 "MyRemoveOverlay"] [    c so]
[ DEBUG5 "MyRemoveOverlay"] 
[ DEBUG7 "MyRemoveOverlay"] 		********** PFO AT INDEX 9 IS OVERLAY **********
[ DEBUG8 "MyRemoveOverlay"] 
[ DEBUG8 "MyRemoveOverlay"] 		-------------------------------------------------------
[ DEBUG8 "MyRemoveOverlay"] 		Processing PFO at index 10
[ DEBUG5 "MyRemoveOverlay"] ------------------ ReconstructedParticle -----------------------------
[ DEBUG5 "MyRemoveOverlay"] Id                                                              0x4295
[ DEBUG5 "MyRemoveOverlay"] Compound                                                             0
[ DEBUG5 "MyRemoveOverlay"] Type                                                               211
[ DEBUG5 "MyRemoveOverlay"] Momentum (x,y,z)                       -6.14e-01, +2.37e-01, -5.80e-01
[ DEBUG5 "MyRemoveOverlay"] Mass [GeV]                                                    1.40e-01
[ DEBUG5 "MyRemoveOverlay"] Charge [e]                                                    1.00e+00
[ DEBUG5 "MyRemoveOverlay"] Energy [GeV]                                                  8.89e-01
[ DEBUG5 "MyRemoveOverlay"] ReferencePoint                         -1.49e+01, +5.94e+00, -1.44e+01
[ DEBUG5 "MyRemoveOverlay"] ParticleIDUsed                                                       0
[ DEBUG5 "MyRemoveOverlay"] GoodnessOfPID                                                 0.00e+00
[ DEBUG5 "MyRemoveOverlay"] Covariance p,E:  5.74e-07, -1.76e-09, 6.34e-07, -2.21e-08, 5.91e-09, 
[ DEBUG5 "MyRemoveOverlay"]                  5.88e-07, -3.83e-07, 1.66e-07, -3.67e-07, 5.49e-07
[ DEBUG5 "MyRemoveOverlay"] Particles id:    
[ DEBUG5 "MyRemoveOverlay"] Tracks id:    [00003659]
[ DEBUG5 "MyRemoveOverlay"] Clusters id:  [00004176]
[ DEBUG5 "MyRemoveOverlay"] Particle ids ( [id], PDG, (type)): 
[ DEBUG5 "MyRemoveOverlay"]                  [00004296], 000211, (000000) 
[ DEBUG5 "MyRemoveOverlay"]                  [00004297], 000000, (000000) 
[ DEBUG5 "MyRemoveOverlay"]                  [00004298], 000000, (000000) 
[ DEBUG5 "MyRemoveOverlay"]                  [00004299], 000000, (000000) 
[ DEBUG5 "MyRemoveOverlay"]                  [00004300], 000000, (000000) 
[ DEBUG5 "MyRemoveOverlay"]                  [00004301], 000211, (000000) 
[ DEBUG5 "MyRemoveOverlay"]                  [00004302], 000211, (000000) 
[ DEBUG5 "MyRemoveOverlay"]                  [00004303], 000011, (000000) 
[ DEBUG5 "MyRemoveOverlay"]                  [00004304], 000211, (000000) 
[ DEBUG5 "MyRemoveOverlay"] 
[ DEBUG5 "MyRemoveOverlay"] 
[ DEBUG0 "MyRemoveOverlay"] 	MCParticle at index: 0 has PDG: 211 and MCParticle to Track link weight is 1.00e+00
[ DEBUG0 "MyRemoveOverlay"] 	MCParticle at index: 0 with PDG code: 211 has highest link weight to input track
[ DEBUG6 "MyRemoveOverlay"] 		Track is not linked to a MCParticle
[ DEBUG0 "MyRemoveOverlay"] 	MCParticle at index: 0 has PDG: 211 and MCParticle to Cluster link weight is 1.00e+00
[ DEBUG0 "MyRemoveOverlay"] 	MCParticle at index: 0 with PDG code: 211 has highest link weight to input cluster
[ DEBUG0 "MyRemoveOverlay"] 	Cluster at index: 0 has highest link weight to MCParticle = 9.97e-01
[ DEBUG0 "MyRemoveOverlay"] 	Cluster linked to MCParticle with highest weight
[ DEBUG6 "MyRemoveOverlay"] 		Found a linked MCParticle to cluster
[ DEBUG5 "MyRemoveOverlay"] ----------------------------- MCParticle -----------------------------
[ DEBUG5 "MyRemoveOverlay"] Id                                                                3218
[ DEBUG5 "MyRemoveOverlay"] PDG                                                                211
[ DEBUG5 "MyRemoveOverlay"] Energy [GeV]                                                  8.87e-01
[ DEBUG5 "MyRemoveOverlay"] Momentum [GeV] (x,y,z)                  -0.613272, 0.236403, -0.579163
[ DEBUG5 "MyRemoveOverlay"] Momentum at Endpoint[GeV] (x,y,z)                               -0, -0, -0
[ DEBUG5 "MyRemoveOverlay"] GeneratorStatus                                                      1
[ DEBUG5 "MyRemoveOverlay"] Vertex [mm] (x,y,z)             -2.15331e-309, 9.88776e-310, -0.258612
[ DEBUG5 "MyRemoveOverlay"] Endpoint [mm] (x,y,z)                       835.421, 505.801, -2476.07
[ DEBUG5 "MyRemoveOverlay"] Mass [GeV]                                                    1.40e-01
[ DEBUG5 "MyRemoveOverlay"] Charge                                                        1.00e+00
[ DEBUG5 "MyRemoveOverlay"] Parents                                                              1
[ DEBUG5 "MyRemoveOverlay"] Daughters                                                            0
[ DEBUG5 "MyRemoveOverlay"] simulator status bits: [sbvtcls]  s: created in simulation b: backscatter v: vertex is not endpoint of parent t: decayed in tracker c: decayed in calorimeter l: has left detector s: stopped o: overlay
[ DEBUG5 "MyRemoveOverlay"] [    c s ]
[ DEBUG5 "MyRemoveOverlay"] 
[ DEBUG7 "MyRemoveOverlay"] 		********** PFO AT INDEX 10 IS NOT OVERLAY **********
[ DEBUG8 "MyRemoveOverlay"] 
[ DEBUG8 "MyRemoveOverlay"] 		-------------------------------------------------------
[ DEBUG8 "MyRemoveOverlay"] 		Processing PFO at index 11
[ DEBUG5 "MyRemoveOverlay"] ------------------ ReconstructedParticle -----------------------------
[ DEBUG5 "MyRemoveOverlay"] Id                                                              0x4305
[ DEBUG5 "MyRemoveOverlay"] Compound                                                             0
[ DEBUG5 "MyRemoveOverlay"] Type                                                               211
[ DEBUG5 "MyRemoveOverlay"] Momentum (x,y,z)                       -1.39e+00, +7.85e-01, -1.20e+00
[ DEBUG5 "MyRemoveOverlay"] Mass [GeV]                                                    1.40e-01
[ DEBUG5 "MyRemoveOverlay"] Charge [e]                                                    1.00e+00
[ DEBUG5 "MyRemoveOverlay"] Energy [GeV]                                                  2.00e+00
[ DEBUG5 "MyRemoveOverlay"] ReferencePoint                         -1.42e+01, +8.08e+00, -1.24e+01
[ DEBUG5 "MyRemoveOverlay"] ParticleIDUsed                                                       0
[ DEBUG5 "MyRemoveOverlay"] GoodnessOfPID                                                 0.00e+00
[ DEBUG5 "MyRemoveOverlay"] Covariance p,E:  1.48e-06, -5.14e-07, 9.37e-07, 7.58e-07, -4.47e-07, 
[ DEBUG5 "MyRemoveOverlay"]                  1.27e-06, -1.69e-06, 9.93e-07, -1.46e-06, 2.44e-06
[ DEBUG5 "MyRemoveOverlay"] Particles id:    
[ DEBUG5 "MyRemoveOverlay"] Tracks id:    [00003664]
[ DEBUG5 "MyRemoveOverlay"] Clusters id:  [00004177]
[ DEBUG5 "MyRemoveOverlay"] Particle ids ( [id], PDG, (type)): 
[ DEBUG5 "MyRemoveOverlay"]                  [00004306], 000211, (000000) 
[ DEBUG5 "MyRemoveOverlay"]                  [00004307], 000000, (000000) 
[ DEBUG5 "MyRemoveOverlay"]                  [00004308], 000000, (000000) 
[ DEBUG5 "MyRemoveOverlay"]                  [00004309], 000000, (000000) 
[ DEBUG5 "MyRemoveOverlay"]                  [00004310], 000000, (000000) 
[ DEBUG5 "MyRemoveOverlay"]                  [00004311], 000000, (000000) 
[ DEBUG5 "MyRemoveOverlay"]                  [00004312], 000211, (000000) 
[ DEBUG5 "MyRemoveOverlay"]                  [00004313], 000211, (000000) 
[ DEBUG5 "MyRemoveOverlay"]                  [00004314], 000011, (000000) 
[ DEBUG5 "MyRemoveOverlay"] 
[ DEBUG5 "MyRemoveOverlay"] 
[ DEBUG0 "MyRemoveOverlay"] 	MCParticle at index: 0 has PDG: 211 and MCParticle to Track link weight is 1.00e+00
[ DEBUG0 "MyRemoveOverlay"] 	MCParticle at index: 0 with PDG code: 211 has highest link weight to input track
[ DEBUG0 "MyRemoveOverlay"] 	Track at index: 0 has highest link weight to MCParticle = 9.87e-01
[ DEBUG0 "MyRemoveOverlay"] 	Track linked to MCParticle with highest weight
[ DEBUG6 "MyRemoveOverlay"] 		Found a linked MCParticle to track
[ DEBUG5 "MyRemoveOverlay"] ----------------------------- MCParticle -----------------------------
[ DEBUG5 "MyRemoveOverlay"] Id                                                                3198
[ DEBUG5 "MyRemoveOverlay"] PDG                                                                211
[ DEBUG5 "MyRemoveOverlay"] Energy [GeV]                                                  2.00e+00
[ DEBUG5 "MyRemoveOverlay"] Momentum [GeV] (x,y,z)                    -1.39393, 0.785099, -1.19373
[ DEBUG5 "MyRemoveOverlay"] Momentum at Endpoint[GeV] (x,y,z)                                 0, 0, -0
[ DEBUG5 "MyRemoveOverlay"] GeneratorStatus                                                      1
[ DEBUG5 "MyRemoveOverlay"] Vertex [mm] (x,y,z)                                    0, 0, -0.258612
[ DEBUG5 "MyRemoveOverlay"] Endpoint [mm] (x,y,z)                       -643.69, 1959.14, -1699.29
[ DEBUG5 "MyRemoveOverlay"] Mass [GeV]                                                    1.40e-01
[ DEBUG5 "MyRemoveOverlay"] Charge                                                        1.00e+00
[ DEBUG5 "MyRemoveOverlay"] Parents                                                              1
[ DEBUG5 "MyRemoveOverlay"] Daughters                                                            0
[ DEBUG5 "MyRemoveOverlay"] simulator status bits: [sbvtcls]  s: created in simulation b: backscatter v: vertex is not endpoint of parent t: decayed in tracker c: decayed in calorimeter l: has left detector s: stopped o: overlay
[ DEBUG5 "MyRemoveOverlay"] [    c s ]
[ DEBUG5 "MyRemoveOverlay"] 
[ DEBUG0 "MyRemoveOverlay"] 	MCParticle at index: 1 has PDG: 211 and MCParticle to Cluster link weight is 9.96e-01
[ DEBUG0 "MyRemoveOverlay"] 	MCParticle at index: 1 with PDG code: 211 has highest link weight to input cluster
[ DEBUG0 "MyRemoveOverlay"] 	Cluster at index: 0 has highest link weight to MCParticle = 1.00e+00
[ DEBUG0 "MyRemoveOverlay"] 	Cluster linked to MCParticle with highest weight
[ DEBUG6 "MyRemoveOverlay"] 		Found a linked MCParticle to cluster
[ DEBUG5 "MyRemoveOverlay"] ----------------------------- MCParticle -----------------------------
[ DEBUG5 "MyRemoveOverlay"] Id                                                                3198
[ DEBUG5 "MyRemoveOverlay"] PDG                                                                211
[ DEBUG5 "MyRemoveOverlay"] Energy [GeV]                                                  2.00e+00
[ DEBUG5 "MyRemoveOverlay"] Momentum [GeV] (x,y,z)                    -1.39393, 0.785099, -1.19373
[ DEBUG5 "MyRemoveOverlay"] Momentum at Endpoint[GeV] (x,y,z)                                 0, 0, -0
[ DEBUG5 "MyRemoveOverlay"] GeneratorStatus                                                      1
[ DEBUG5 "MyRemoveOverlay"] Vertex [mm] (x,y,z)                                    0, 0, -0.258612
[ DEBUG5 "MyRemoveOverlay"] Endpoint [mm] (x,y,z)                       -643.69, 1959.14, -1699.29
[ DEBUG5 "MyRemoveOverlay"] Mass [GeV]                                                    1.40e-01
[ DEBUG5 "MyRemoveOverlay"] Charge                                                        1.00e+00
[ DEBUG5 "MyRemoveOverlay"] Parents                                                              1
[ DEBUG5 "MyRemoveOverlay"] Daughters                                                            0
[ DEBUG5 "MyRemoveOverlay"] simulator status bits: [sbvtcls]  s: created in simulation b: backscatter v: vertex is not endpoint of parent t: decayed in tracker c: decayed in calorimeter l: has left detector s: stopped o: overlay
[ DEBUG5 "MyRemoveOverlay"] [    c s ]
[ DEBUG5 "MyRemoveOverlay"] 
[ DEBUG7 "MyRemoveOverlay"] 		********** PFO AT INDEX 11 IS NOT OVERLAY **********
[ DEBUG8 "MyRemoveOverlay"] 
[ DEBUG8 "MyRemoveOverlay"] 		-------------------------------------------------------
[ DEBUG8 "MyRemoveOverlay"] 		Processing PFO at index 12
[ DEBUG5 "MyRemoveOverlay"] ------------------ ReconstructedParticle -----------------------------
[ DEBUG5 "MyRemoveOverlay"] Id                                                              0x4315
[ DEBUG5 "MyRemoveOverlay"] Compound                                                             0
[ DEBUG5 "MyRemoveOverlay"] Type                                                               211
[ DEBUG5 "MyRemoveOverlay"] Momentum (x,y,z)                       -3.26e+00, +2.90e+00, -3.26e+00
[ DEBUG5 "MyRemoveOverlay"] Mass [GeV]                                                    1.40e-01
[ DEBUG5 "MyRemoveOverlay"] Charge [e]                                                    1.00e+00
[ DEBUG5 "MyRemoveOverlay"] Energy [GeV]                                                  5.45e+00
[ DEBUG5 "MyRemoveOverlay"] ReferencePoint                         -1.22e+01, +1.09e+01, -1.25e+01
[ DEBUG5 "MyRemoveOverlay"] ParticleIDUsed                                                       0
[ DEBUG5 "MyRemoveOverlay"] GoodnessOfPID                                                 0.00e+00
[ DEBUG5 "MyRemoveOverlay"] Covariance p,E:  7.55e-06, -6.14e-06, 6.35e-06, 6.84e-06, -6.19e-06, 
[ DEBUG5 "MyRemoveOverlay"]                  7.63e-06, -1.19e-05, 1.08e-05, -1.20e-05, 2.00e-05
[ DEBUG5 "MyRemoveOverlay"] Particles id:    
[ DEBUG5 "MyRemoveOverlay"] Tracks id:    [00003639]
[ DEBUG5 "MyRemoveOverlay"] Clusters id:  [00004178]
[ DEBUG5 "MyRemoveOverlay"] Particle ids ( [id], PDG, (type)): 
[ DEBUG5 "MyRemoveOverlay"]                  [00004316], 000211, (000000) 
[ DEBUG5 "MyRemoveOverlay"]                  [00004317], 000000, (000000) 
[ DEBUG5 "MyRemoveOverlay"]                  [00004318], 000000, (000000) 
[ DEBUG5 "MyRemoveOverlay"]                  [00004319], 000000, (000000) 
[ DEBUG5 "MyRemoveOverlay"]                  [00004320], 000000, (000000) 
[ DEBUG5 "MyRemoveOverlay"]                  [00004321], 000000, (000000) 
[ DEBUG5 "MyRemoveOverlay"]                  [00004322], 000011, (000000) 
[ DEBUG5 "MyRemoveOverlay"]                  [00004323], 000211, (000000) 
[ DEBUG5 "MyRemoveOverlay"]                  [00004324], 000211, (000000) 
[ DEBUG5 "MyRemoveOverlay"] 
[ DEBUG5 "MyRemoveOverlay"] 
[ DEBUG0 "MyRemoveOverlay"] 	MCParticle at index: 0 has PDG: 211 and MCParticle to Track link weight is 1.00e+00
[ DEBUG0 "MyRemoveOverlay"] 	MCParticle at index: 0 with PDG code: 211 has highest link weight to input track
[ DEBUG0 "MyRemoveOverlay"] 	Track at index: 0 has highest link weight to MCParticle = 9.59e-01
[ DEBUG0 "MyRemoveOverlay"] 	Track linked to MCParticle with highest weight
[ DEBUG6 "MyRemoveOverlay"] 		Found a linked MCParticle to track
[ DEBUG5 "MyRemoveOverlay"] ----------------------------- MCParticle -----------------------------
[ DEBUG5 "MyRemoveOverlay"] Id                                                                3223
[ DEBUG5 "MyRemoveOverlay"] PDG                                                                211
[ DEBUG5 "MyRemoveOverlay"] Energy [GeV]                                                  5.46e+00
[ DEBUG5 "MyRemoveOverlay"] Momentum [GeV] (x,y,z)                       -3.26868, 2.90861, -3.264
[ DEBUG5 "MyRemoveOverlay"] Momentum at Endpoint[GeV] (x,y,z)                                -0, 0, -0
[ DEBUG5 "MyRemoveOverlay"] GeneratorStatus                                                      1
[ DEBUG5 "MyRemoveOverlay"] Vertex [mm] (x,y,z)              -4.06566e-308, 4.3414e-308, -0.258612
[ DEBUG5 "MyRemoveOverlay"] Endpoint [mm] (x,y,z)                       -1093.21, 1542.86, -1418.7
[ DEBUG5 "MyRemoveOverlay"] Mass [GeV]                                                    1.40e-01
[ DEBUG5 "MyRemoveOverlay"] Charge                                                        1.00e+00
[ DEBUG5 "MyRemoveOverlay"] Parents                                                              1
[ DEBUG5 "MyRemoveOverlay"] Daughters                                                            0
[ DEBUG5 "MyRemoveOverlay"] simulator status bits: [sbvtcls]  s: created in simulation b: backscatter v: vertex is not endpoint of parent t: decayed in tracker c: decayed in calorimeter l: has left detector s: stopped o: overlay
[ DEBUG5 "MyRemoveOverlay"] [    c s ]
[ DEBUG5 "MyRemoveOverlay"] 
[ DEBUG0 "MyRemoveOverlay"] 	MCParticle at index: 0 has PDG: 211 and MCParticle to Cluster link weight is 1.00e+00
[ DEBUG0 "MyRemoveOverlay"] 	MCParticle at index: 0 with PDG code: 211 has highest link weight to input cluster
[ DEBUG6 "MyRemoveOverlay"] 		Cluster is not linked to a MCParticle
[ DEBUG7 "MyRemoveOverlay"] 		********** PFO AT INDEX 12 IS NOT OVERLAY **********
[ DEBUG8 "MyRemoveOverlay"] 
[ DEBUG8 "MyRemoveOverlay"] 		-------------------------------------------------------
[ DEBUG8 "MyRemoveOverlay"] 		Processing PFO at index 13
[ DEBUG5 "MyRemoveOverlay"] ------------------ ReconstructedParticle -----------------------------
[ DEBUG5 "MyRemoveOverlay"] Id                                                              0x4325
[ DEBUG5 "MyRemoveOverlay"] Compound                                                             0
[ DEBUG5 "MyRemoveOverlay"] Type                                                              -211
[ DEBUG5 "MyRemoveOverlay"] Momentum (x,y,z)                       -1.90e+00, +2.20e+00, -2.00e+00
[ DEBUG5 "MyRemoveOverlay"] Mass [GeV]                                                    1.40e-01
[ DEBUG5 "MyRemoveOverlay"] Charge [e]                                                   -1.00e+00
[ DEBUG5 "MyRemoveOverlay"] Energy [GeV]                                                  3.53e+00
[ DEBUG5 "MyRemoveOverlay"] ReferencePoint                         -1.05e+01, +1.21e+01, -1.13e+01
[ DEBUG5 "MyRemoveOverlay"] ParticleIDUsed                                                       0
[ DEBUG5 "MyRemoveOverlay"] GoodnessOfPID                                                 0.00e+00
[ DEBUG5 "MyRemoveOverlay"] Covariance p,E:  2.80e-06, -2.40e-06, 3.37e-06, 2.23e-06, -2.51e-06, 
[ DEBUG5 "MyRemoveOverlay"]                  2.96e-06, -4.27e-06, 4.81e-06, -4.44e-06, 7.80e-06
[ DEBUG5 "MyRemoveOverlay"] Particles id:    
[ DEBUG5 "MyRemoveOverlay"] Tracks id:    [00003594]
[ DEBUG5 "MyRemoveOverlay"] Clusters id:  [00004179]
[ DEBUG5 "MyRemoveOverlay"] Particle ids ( [id], PDG, (type)): 
[ DEBUG5 "MyRemoveOverlay"]                  [00004326], 000321, (000000) 
[ DEBUG5 "MyRemoveOverlay"]                  [00004327], 000000, (000000) 
[ DEBUG5 "MyRemoveOverlay"]                  [00004328], 000000, (000000) 
[ DEBUG5 "MyRemoveOverlay"]                  [00004329], 000000, (000000) 
[ DEBUG5 "MyRemoveOverlay"]                  [00004330], 000000, (000000) 
[ DEBUG5 "MyRemoveOverlay"]                  [00004331], 000000, (000000) 
[ DEBUG5 "MyRemoveOverlay"]                  [00004332], 000211, (000000) 
[ DEBUG5 "MyRemoveOverlay"]                  [00004333], 000011, (000000) 
[ DEBUG5 "MyRemoveOverlay"]                  [00004334], 000321, (000000) 
[ DEBUG5 "MyRemoveOverlay"] 
[ DEBUG5 "MyRemoveOverlay"] 
[ DEBUG0 "MyRemoveOverlay"] 	MCParticle at index: 0 has PDG: -211 and MCParticle to Track link weight is 1.00e+00
[ DEBUG0 "MyRemoveOverlay"] 	MCParticle at index: 0 with PDG code: -211 has highest link weight to input track
[ DEBUG0 "MyRemoveOverlay"] 	Track at index: 0 has highest link weight to MCParticle = 9.87e-01
[ DEBUG0 "MyRemoveOverlay"] 	Track linked to MCParticle with highest weight
[ DEBUG6 "MyRemoveOverlay"] 		Found a linked MCParticle to track
[ DEBUG5 "MyRemoveOverlay"] ----------------------------- MCParticle -----------------------------
[ DEBUG5 "MyRemoveOverlay"] Id                                                                3200
[ DEBUG5 "MyRemoveOverlay"] PDG                                                               -211
[ DEBUG5 "MyRemoveOverlay"] Energy [GeV]                                                  3.53e+00
[ DEBUG5 "MyRemoveOverlay"] Momentum [GeV] (x,y,z)                      -1.8991, 2.19456, -2.00145
[ DEBUG5 "MyRemoveOverlay"] Momentum at Endpoint[GeV] (x,y,z)                                -0, 0, -0
[ DEBUG5 "MyRemoveOverlay"] GeneratorStatus                                                      1
[ DEBUG5 "MyRemoveOverlay"] Vertex [mm] (x,y,z)              -4.06566e-308, 4.3414e-308, -0.258612
[ DEBUG5 "MyRemoveOverlay"] Endpoint [mm] (x,y,z)                      -1667.91, 923.311, -1343.46
[ DEBUG5 "MyRemoveOverlay"] Mass [GeV]                                                    1.40e-01
[ DEBUG5 "MyRemoveOverlay"] Charge                                                       -1.00e+00
[ DEBUG5 "MyRemoveOverlay"] Parents                                                              1
[ DEBUG5 "MyRemoveOverlay"] Daughters                                                            0
[ DEBUG5 "MyRemoveOverlay"] simulator status bits: [sbvtcls]  s: created in simulation b: backscatter v: vertex is not endpoint of parent t: decayed in tracker c: decayed in calorimeter l: has left detector s: stopped o: overlay
[ DEBUG5 "MyRemoveOverlay"] [    c s ]
[ DEBUG5 "MyRemoveOverlay"] 
[ DEBUG0 "MyRemoveOverlay"] 	MCParticle at index: 0 has PDG: -211 and MCParticle to Cluster link weight is 1.00e+00
[ DEBUG0 "MyRemoveOverlay"] 	MCParticle at index: 0 with PDG code: -211 has highest link weight to input cluster
[ DEBUG0 "MyRemoveOverlay"] 	Cluster at index: 0 has highest link weight to MCParticle = 9.18e-01
[ DEBUG0 "MyRemoveOverlay"] 	Cluster linked to MCParticle with highest weight
[ DEBUG6 "MyRemoveOverlay"] 		Found a linked MCParticle to cluster
[ DEBUG5 "MyRemoveOverlay"] ----------------------------- MCParticle -----------------------------
[ DEBUG5 "MyRemoveOverlay"] Id                                                                3200
[ DEBUG5 "MyRemoveOverlay"] PDG                                                               -211
[ DEBUG5 "MyRemoveOverlay"] Energy [GeV]                                                  3.53e+00
[ DEBUG5 "MyRemoveOverlay"] Momentum [GeV] (x,y,z)                      -1.8991, 2.19456, -2.00145
[ DEBUG5 "MyRemoveOverlay"] Momentum at Endpoint[GeV] (x,y,z)                                -0, 0, -0
[ DEBUG5 "MyRemoveOverlay"] GeneratorStatus                                                      1
[ DEBUG5 "MyRemoveOverlay"] Vertex [mm] (x,y,z)              -4.06566e-308, 4.3414e-308, -0.258612
[ DEBUG5 "MyRemoveOverlay"] Endpoint [mm] (x,y,z)                      -1667.91, 923.311, -1343.46
[ DEBUG5 "MyRemoveOverlay"] Mass [GeV]                                                    1.40e-01
[ DEBUG5 "MyRemoveOverlay"] Charge                                                       -1.00e+00
[ DEBUG5 "MyRemoveOverlay"] Parents                                                              1
[ DEBUG5 "MyRemoveOverlay"] Daughters                                                            0
[ DEBUG5 "MyRemoveOverlay"] simulator status bits: [sbvtcls]  s: created in simulation b: backscatter v: vertex is not endpoint of parent t: decayed in tracker c: decayed in calorimeter l: has left detector s: stopped o: overlay
[ DEBUG5 "MyRemoveOverlay"] [    c s ]
[ DEBUG5 "MyRemoveOverlay"] 
[ DEBUG7 "MyRemoveOverlay"] 		********** PFO AT INDEX 13 IS NOT OVERLAY **********
[ DEBUG8 "MyRemoveOverlay"] 
[ DEBUG8 "MyRemoveOverlay"] 		-------------------------------------------------------
[ DEBUG8 "MyRemoveOverlay"] 		Processing PFO at index 14
[ DEBUG5 "MyRemoveOverlay"] ------------------ ReconstructedParticle -----------------------------
[ DEBUG5 "MyRemoveOverlay"] Id                                                              0x4335
[ DEBUG5 "MyRemoveOverlay"] Compound                                                             0
[ DEBUG5 "MyRemoveOverlay"] Type                                                              -211
[ DEBUG5 "MyRemoveOverlay"] Momentum (x,y,z)                       -1.27e+00, +1.64e+00, -7.30e-01
[ DEBUG5 "MyRemoveOverlay"] Mass [GeV]                                                    1.40e-01
[ DEBUG5 "MyRemoveOverlay"] Charge [e]                                                   -1.00e+00
[ DEBUG5 "MyRemoveOverlay"] Energy [GeV]                                                  2.20e+00
[ DEBUG5 "MyRemoveOverlay"] ReferencePoint                         -9.85e+00, +1.26e+01, -5.88e+00
[ DEBUG5 "MyRemoveOverlay"] ParticleIDUsed                                                       0
[ DEBUG5 "MyRemoveOverlay"] GoodnessOfPID                                                 0.00e+00
[ DEBUG5 "MyRemoveOverlay"] Covariance p,E:  1.48e-06, -1.16e-06, 1.98e-06, 5.23e-07, -6.52e-07, 
[ DEBUG5 "MyRemoveOverlay"]                  8.33e-07, -1.89e-06, 2.36e-06, -1.06e-06, 3.19e-06
[ DEBUG5 "MyRemoveOverlay"] Particles id:    
[ DEBUG5 "MyRemoveOverlay"] Tracks id:    [00003589]
[ DEBUG5 "MyRemoveOverlay"] Clusters id:  [00004180]
[ DEBUG5 "MyRemoveOverlay"] Particle ids ( [id], PDG, (type)): 
[ DEBUG5 "MyRemoveOverlay"]                  [00004336], 002212, (000000) 
[ DEBUG5 "MyRemoveOverlay"]                  [00004337], 000000, (000000) 
[ DEBUG5 "MyRemoveOverlay"]                  [00004338], 000000, (000000) 
[ DEBUG5 "MyRemoveOverlay"]                  [00004339], 000000, (000000) 
[ DEBUG5 "MyRemoveOverlay"]                  [00004340], 000000, (000000) 
[ DEBUG5 "MyRemoveOverlay"]                  [00004341], 000000, (000000) 
[ DEBUG5 "MyRemoveOverlay"]                  [00004342], 000011, (000000) 
[ DEBUG5 "MyRemoveOverlay"]                  [00004343], 000211, (000000) 
[ DEBUG5 "MyRemoveOverlay"]                  [00004344], 002212, (000000) 
[ DEBUG5 "MyRemoveOverlay"] 
[ DEBUG5 "MyRemoveOverlay"] 
[ DEBUG0 "MyRemoveOverlay"] 	MCParticle at index: 0 has PDG: -211 and MCParticle to Track link weight is 1.00e+00
[ DEBUG0 "MyRemoveOverlay"] 	MCParticle at index: 0 with PDG code: -211 has highest link weight to input track
[ DEBUG0 "MyRemoveOverlay"] 	Track at index: 0 has highest link weight to MCParticle = 9.83e-01
[ DEBUG0 "MyRemoveOverlay"] 	Track linked to MCParticle with highest weight
[ DEBUG6 "MyRemoveOverlay"] 		Found a linked MCParticle to track
[ DEBUG5 "MyRemoveOverlay"] ----------------------------- MCParticle -----------------------------
[ DEBUG5 "MyRemoveOverlay"] Id                                                                3213
[ DEBUG5 "MyRemoveOverlay"] PDG                                                               -211
[ DEBUG5 "MyRemoveOverlay"] Energy [GeV]                                                  2.20e+00
[ DEBUG5 "MyRemoveOverlay"] Momentum [GeV] (x,y,z)                     -1.2703, 1.63853, -0.729877
[ DEBUG5 "MyRemoveOverlay"] Momentum at Endpoint[GeV] (x,y,z)                               -0, -0, -0
[ DEBUG5 "MyRemoveOverlay"] GeneratorStatus                                                      1
[ DEBUG5 "MyRemoveOverlay"] Vertex [mm] (x,y,z)             -7.45816e-308, 7.46812e-308, -0.258612
[ DEBUG5 "MyRemoveOverlay"] Endpoint [mm] (x,y,z)                      -1818.39, 746.747, -722.624
[ DEBUG5 "MyRemoveOverlay"] Mass [GeV]                                                    1.40e-01
[ DEBUG5 "MyRemoveOverlay"] Charge                                                       -1.00e+00
[ DEBUG5 "MyRemoveOverlay"] Parents                                                              1
[ DEBUG5 "MyRemoveOverlay"] Daughters                                                            0
[ DEBUG5 "MyRemoveOverlay"] simulator status bits: [sbvtcls]  s: created in simulation b: backscatter v: vertex is not endpoint of parent t: decayed in tracker c: decayed in calorimeter l: has left detector s: stopped o: overlay
[ DEBUG5 "MyRemoveOverlay"] [    c s ]
[ DEBUG5 "MyRemoveOverlay"] 
[ DEBUG0 "MyRemoveOverlay"] 	MCParticle at index: 0 has PDG: -211 and MCParticle to Cluster link weight is 1.00e+00
[ DEBUG0 "MyRemoveOverlay"] 	MCParticle at index: 0 with PDG code: -211 has highest link weight to input cluster
[ DEBUG6 "MyRemoveOverlay"] 		Cluster is not linked to a MCParticle
[ DEBUG7 "MyRemoveOverlay"] 		********** PFO AT INDEX 14 IS NOT OVERLAY **********
[ DEBUG8 "MyRemoveOverlay"] 
[ DEBUG8 "MyRemoveOverlay"] 		-------------------------------------------------------
[ DEBUG8 "MyRemoveOverlay"] 		Processing PFO at index 15
[ DEBUG5 "MyRemoveOverlay"] ------------------ ReconstructedParticle -----------------------------
[ DEBUG5 "MyRemoveOverlay"] Id                                                              0x4345
[ DEBUG5 "MyRemoveOverlay"] Compound                                                             0
[ DEBUG5 "MyRemoveOverlay"] Type                                                               -11
[ DEBUG5 "MyRemoveOverlay"] Momentum (x,y,z)                       -1.13e+00, +6.96e-01, -2.98e-02
[ DEBUG5 "MyRemoveOverlay"] Mass [GeV]                                                    5.11e-04
[ DEBUG5 "MyRemoveOverlay"] Charge [e]                                                    1.00e+00
[ DEBUG5 "MyRemoveOverlay"] Energy [GeV]                                                  1.33e+00
[ DEBUG5 "MyRemoveOverlay"] ReferencePoint                         -1.40e+01, +8.73e+00, -6.20e-01
[ DEBUG5 "MyRemoveOverlay"] ParticleIDUsed                                                       0
[ DEBUG5 "MyRemoveOverlay"] GoodnessOfPID                                                 0.00e+00
[ DEBUG5 "MyRemoveOverlay"] Covariance p,E:  7.09e-07, -1.50e-07, 5.99e-07, 5.95e-09, -3.90e-09, 
[ DEBUG5 "MyRemoveOverlay"]                  4.96e-07, -6.82e-07, 4.42e-07, -1.83e-08, 8.13e-07
[ DEBUG5 "MyRemoveOverlay"] Particles id:    
[ DEBUG5 "MyRemoveOverlay"] Tracks id:    [00003624]
[ DEBUG5 "MyRemoveOverlay"] Clusters id:  [00004181]
[ DEBUG5 "MyRemoveOverlay"] Particle ids ( [id], PDG, (type)): 
[ DEBUG5 "MyRemoveOverlay"]                  [00004346], 000211, (000000) 
[ DEBUG5 "MyRemoveOverlay"]                  [00004347], 000000, (000000) 
[ DEBUG5 "MyRemoveOverlay"]                  [00004348], 000000, (000000) 
[ DEBUG5 "MyRemoveOverlay"]                  [00004349], 000000, (000000) 
[ DEBUG5 "MyRemoveOverlay"]                  [00004350], 000000, (000000) 
[ DEBUG5 "MyRemoveOverlay"]                  [00004351], 000000, (000000) 
[ DEBUG5 "MyRemoveOverlay"]                  [00004352], 000011, (000000) 
[ DEBUG5 "MyRemoveOverlay"]                  [00004353], 000211, (000000) 
[ DEBUG5 "MyRemoveOverlay"]                  [00004354], 000011, (000000) 
[ DEBUG5 "MyRemoveOverlay"] 
[ DEBUG5 "MyRemoveOverlay"] 
[ DEBUG0 "MyRemoveOverlay"] 	MCParticle at index: 0 has PDG: 211 and MCParticle to Track link weight is 1.00e+00
[ DEBUG0 "MyRemoveOverlay"] 	MCParticle at index: 0 with PDG code: 211 has highest link weight to input track
[ DEBUG6 "MyRemoveOverlay"] 		Track is not linked to a MCParticle
[ DEBUG0 "MyRemoveOverlay"] 	MCParticle at index: 0 has PDG: 211 and MCParticle to Cluster link weight is 1.00e+00
[ DEBUG0 "MyRemoveOverlay"] 	MCParticle at index: 0 with PDG code: 211 has highest link weight to input cluster
[ DEBUG6 "MyRemoveOverlay"] 		Cluster is not linked to a MCParticle
[ DEBUG7 "MyRemoveOverlay"] 		********** PFO AT INDEX 15 IS NOT OVERLAY **********
[ DEBUG8 "MyRemoveOverlay"] 
[ DEBUG8 "MyRemoveOverlay"] 		-------------------------------------------------------
[ DEBUG8 "MyRemoveOverlay"] 		Processing PFO at index 16
[ DEBUG5 "MyRemoveOverlay"] ------------------ ReconstructedParticle -----------------------------
[ DEBUG5 "MyRemoveOverlay"] Id                                                              0x4355
[ DEBUG5 "MyRemoveOverlay"] Compound                                                             0
[ DEBUG5 "MyRemoveOverlay"] Type                                                              -211
[ DEBUG5 "MyRemoveOverlay"] Momentum (x,y,z)                       +7.66e-02, +1.19e+00, +8.00e-01
[ DEBUG5 "MyRemoveOverlay"] Mass [GeV]                                                    1.40e-01
[ DEBUG5 "MyRemoveOverlay"] Charge [e]                                                   -1.00e+00
[ DEBUG5 "MyRemoveOverlay"] Energy [GeV]                                                  1.44e+00
[ DEBUG5 "MyRemoveOverlay"] ReferencePoint                         +9.25e-01, +1.60e+01, +1.05e+01
[ DEBUG5 "MyRemoveOverlay"] ParticleIDUsed                                                       0
[ DEBUG5 "MyRemoveOverlay"] GoodnessOfPID                                                 0.00e+00
[ DEBUG5 "MyRemoveOverlay"] Covariance p,E:  5.79e-07, 4.09e-09, 9.83e-07, 7.60e-09, 2.76e-07, 
[ DEBUG5 "MyRemoveOverlay"]                  7.56e-07, 3.83e-08, 9.63e-07, 6.47e-07, 1.16e-06
[ DEBUG5 "MyRemoveOverlay"] Particles id:    
[ DEBUG5 "MyRemoveOverlay"] Tracks id:    [00003614]
[ DEBUG5 "MyRemoveOverlay"] Clusters id:  [00004182]
[ DEBUG5 "MyRemoveOverlay"] Particle ids ( [id], PDG, (type)): 
[ DEBUG5 "MyRemoveOverlay"]                  [00004356], 000321, (000000) 
[ DEBUG5 "MyRemoveOverlay"]                  [00004357], 000000, (000000) 
[ DEBUG5 "MyRemoveOverlay"]                  [00004358], 000000, (000000) 
[ DEBUG5 "MyRemoveOverlay"]                  [00004359], 000000, (000000) 
[ DEBUG5 "MyRemoveOverlay"]                  [00004360], 000000, (000000) 
[ DEBUG5 "MyRemoveOverlay"]                  [00004361], 000000, (000000) 
[ DEBUG5 "MyRemoveOverlay"]                  [00004362], 000011, (000000) 
[ DEBUG5 "MyRemoveOverlay"]                  [00004363], 000011, (000000) 
[ DEBUG5 "MyRemoveOverlay"]                  [00004364], 000321, (000000) 
[ DEBUG5 "MyRemoveOverlay"] 
[ DEBUG5 "MyRemoveOverlay"] 
[ DEBUG0 "MyRemoveOverlay"] 	MCParticle at index: 0 has PDG: -211 and MCParticle to Track link weight is 1.00e+00
[ DEBUG0 "MyRemoveOverlay"] 	MCParticle at index: 0 with PDG code: -211 has highest link weight to input track
[ DEBUG0 "MyRemoveOverlay"] 	Track at index: 0 has highest link weight to MCParticle = 9.58e-01
[ DEBUG0 "MyRemoveOverlay"] 	Track linked to MCParticle with highest weight
[ DEBUG6 "MyRemoveOverlay"] 		Found a linked MCParticle to track
[ DEBUG5 "MyRemoveOverlay"] ----------------------------- MCParticle -----------------------------
[ DEBUG5 "MyRemoveOverlay"] Id                                                                3187
[ DEBUG5 "MyRemoveOverlay"] PDG                                                               -211
[ DEBUG5 "MyRemoveOverlay"] Energy [GeV]                                                  1.44e+00
[ DEBUG5 "MyRemoveOverlay"] Momentum [GeV] (x,y,z)                    0.0769027, 1.18623, 0.798313
[ DEBUG5 "MyRemoveOverlay"] Momentum at Endpoint[GeV] (x,y,z)                                -0, -0, 0
[ DEBUG5 "MyRemoveOverlay"] GeneratorStatus                                                      1
[ DEBUG5 "MyRemoveOverlay"] Vertex [mm] (x,y,z)                                    0, 0, -0.258612
[ DEBUG5 "MyRemoveOverlay"] Endpoint [mm] (x,y,z)                       -1559.71, 1120.16, 1557.66
[ DEBUG5 "MyRemoveOverlay"] Mass [GeV]                                                    1.40e-01
[ DEBUG5 "MyRemoveOverlay"] Charge                                                       -1.00e+00
[ DEBUG5 "MyRemoveOverlay"] Parents                                                              1
[ DEBUG5 "MyRemoveOverlay"] Daughters                                                            0
[ DEBUG5 "MyRemoveOverlay"] simulator status bits: [sbvtcls]  s: created in simulation b: backscatter v: vertex is not endpoint of parent t: decayed in tracker c: decayed in calorimeter l: has left detector s: stopped o: overlay
[ DEBUG5 "MyRemoveOverlay"] [    c s ]
[ DEBUG5 "MyRemoveOverlay"] 
[ DEBUG0 "MyRemoveOverlay"] 	MCParticle at index: 0 has PDG: -211 and MCParticle to Cluster link weight is 1.00e+00
[ DEBUG0 "MyRemoveOverlay"] 	MCParticle at index: 0 with PDG code: -211 has highest link weight to input cluster
[ DEBUG0 "MyRemoveOverlay"] 	Cluster at index: 0 has highest link weight to MCParticle = 1.00e+00
[ DEBUG0 "MyRemoveOverlay"] 	Cluster linked to MCParticle with highest weight
[ DEBUG6 "MyRemoveOverlay"] 		Found a linked MCParticle to cluster
[ DEBUG5 "MyRemoveOverlay"] ----------------------------- MCParticle -----------------------------
[ DEBUG5 "MyRemoveOverlay"] Id                                                                3187
[ DEBUG5 "MyRemoveOverlay"] PDG                                                               -211
[ DEBUG5 "MyRemoveOverlay"] Energy [GeV]                                                  1.44e+00
[ DEBUG5 "MyRemoveOverlay"] Momentum [GeV] (x,y,z)                    0.0769027, 1.18623, 0.798313
[ DEBUG5 "MyRemoveOverlay"] Momentum at Endpoint[GeV] (x,y,z)                                -0, -0, 0
[ DEBUG5 "MyRemoveOverlay"] GeneratorStatus                                                      1
[ DEBUG5 "MyRemoveOverlay"] Vertex [mm] (x,y,z)                                    0, 0, -0.258612
[ DEBUG5 "MyRemoveOverlay"] Endpoint [mm] (x,y,z)                       -1559.71, 1120.16, 1557.66
[ DEBUG5 "MyRemoveOverlay"] Mass [GeV]                                                    1.40e-01
[ DEBUG5 "MyRemoveOverlay"] Charge                                                       -1.00e+00
[ DEBUG5 "MyRemoveOverlay"] Parents                                                              1
[ DEBUG5 "MyRemoveOverlay"] Daughters                                                            0
[ DEBUG5 "MyRemoveOverlay"] simulator status bits: [sbvtcls]  s: created in simulation b: backscatter v: vertex is not endpoint of parent t: decayed in tracker c: decayed in calorimeter l: has left detector s: stopped o: overlay
[ DEBUG5 "MyRemoveOverlay"] [    c s ]
[ DEBUG5 "MyRemoveOverlay"] 
[ DEBUG7 "MyRemoveOverlay"] 		********** PFO AT INDEX 16 IS NOT OVERLAY **********
[ DEBUG8 "MyRemoveOverlay"] 
[ DEBUG8 "MyRemoveOverlay"] 		-------------------------------------------------------
[ DEBUG8 "MyRemoveOverlay"] 		Processing PFO at index 17
[ DEBUG5 "MyRemoveOverlay"] ------------------ ReconstructedParticle -----------------------------
[ DEBUG5 "MyRemoveOverlay"] Id                                                              0x4365
[ DEBUG5 "MyRemoveOverlay"] Compound                                                             0
[ DEBUG5 "MyRemoveOverlay"] Type                                                              -211
[ DEBUG5 "MyRemoveOverlay"] Momentum (x,y,z)                       +1.76e-01, +2.25e+00, +1.80e+00
[ DEBUG5 "MyRemoveOverlay"] Mass [GeV]                                                    1.40e-01
[ DEBUG5 "MyRemoveOverlay"] Charge [e]                                                   -1.00e+00
[ DEBUG5 "MyRemoveOverlay"] Energy [GeV]                                                  2.89e+00
[ DEBUG5 "MyRemoveOverlay"] ReferencePoint                         +1.19e+00, +1.60e+01, +1.25e+01
[ DEBUG5 "MyRemoveOverlay"] ParticleIDUsed                                                       0
[ DEBUG5 "MyRemoveOverlay"] GoodnessOfPID                                                 0.00e+00
[ DEBUG5 "MyRemoveOverlay"] Covariance p,E:  6.75e-07, 1.80e-07, 3.61e-06, 1.50e-07, 2.36e-06, 
[ DEBUG5 "MyRemoveOverlay"]                  2.53e-06, 2.75e-07, 4.30e-06, 3.42e-06, 5.49e-06
[ DEBUG5 "MyRemoveOverlay"] Particles id:    
[ DEBUG5 "MyRemoveOverlay"] Tracks id:    [00003634]
[ DEBUG5 "MyRemoveOverlay"] Clusters id:  [00004183]
[ DEBUG5 "MyRemoveOverlay"] Particle ids ( [id], PDG, (type)): 
[ DEBUG5 "MyRemoveOverlay"]                  [00004366], 000211, (000000) 
[ DEBUG5 "MyRemoveOverlay"]                  [00004367], 000000, (000000) 
[ DEBUG5 "MyRemoveOverlay"]                  [00004368], 000000, (000000) 
[ DEBUG5 "MyRemoveOverlay"]                  [00004369], 000000, (000000) 
[ DEBUG5 "MyRemoveOverlay"]                  [00004370], 000000, (000000) 
[ DEBUG5 "MyRemoveOverlay"]                  [00004371], 000000, (000000) 
[ DEBUG5 "MyRemoveOverlay"]                  [00004372], 000013, (000000) 
[ DEBUG5 "MyRemoveOverlay"]                  [00004373], 000011, (000000) 
[ DEBUG5 "MyRemoveOverlay"]                  [00004374], 000211, (000000) 
[ DEBUG5 "MyRemoveOverlay"] 
[ DEBUG5 "MyRemoveOverlay"] 
[ DEBUG0 "MyRemoveOverlay"] 	MCParticle at index: 0 has PDG: -211 and MCParticle to Track link weight is 1.00e+00
[ DEBUG0 "MyRemoveOverlay"] 	MCParticle at index: 0 with PDG code: -211 has highest link weight to input track
[ DEBUG0 "MyRemoveOverlay"] 	Track at index: 0 has highest link weight to MCParticle = 9.62e-01
[ DEBUG0 "MyRemoveOverlay"] 	Track linked to MCParticle with highest weight
[ DEBUG6 "MyRemoveOverlay"] 		Found a linked MCParticle to track
[ DEBUG5 "MyRemoveOverlay"] ----------------------------- MCParticle -----------------------------
[ DEBUG5 "MyRemoveOverlay"] Id                                                                3188
[ DEBUG5 "MyRemoveOverlay"] PDG                                                               -211
[ DEBUG5 "MyRemoveOverlay"] Energy [GeV]                                                  2.90e+00
[ DEBUG5 "MyRemoveOverlay"] Momentum [GeV] (x,y,z)                      0.175734, 2.25617, 1.80023
[ DEBUG5 "MyRemoveOverlay"] Momentum at Endpoint[GeV] (x,y,z)                                 -0, 0, 0
[ DEBUG5 "MyRemoveOverlay"] GeneratorStatus                                                      1
[ DEBUG5 "MyRemoveOverlay"] Vertex [mm] (x,y,z)              8.27684e-310, 1.38781e-308, -0.258612
[ DEBUG5 "MyRemoveOverlay"] Endpoint [mm] (x,y,z)                       -771.119, 1825.15, 1638.02
[ DEBUG5 "MyRemoveOverlay"] Mass [GeV]                                                    1.40e-01
[ DEBUG5 "MyRemoveOverlay"] Charge                                                       -1.00e+00
[ DEBUG5 "MyRemoveOverlay"] Parents                                                              1
[ DEBUG5 "MyRemoveOverlay"] Daughters                                                            1
[ DEBUG5 "MyRemoveOverlay"] simulator status bits: [sbvtcls]  s: created in simulation b: backscatter v: vertex is not endpoint of parent t: decayed in tracker c: decayed in calorimeter l: has left detector s: stopped o: overlay
[ DEBUG5 "MyRemoveOverlay"] [    c s ]
[ DEBUG5 "MyRemoveOverlay"] 
[ DEBUG0 "MyRemoveOverlay"] 	MCParticle at index: 1 has PDG: -211 and MCParticle to Cluster link weight is 9.62e-01
[ DEBUG0 "MyRemoveOverlay"] 	MCParticle at index: 1 with PDG code: -211 has highest link weight to input cluster
[ DEBUG6 "MyRemoveOverlay"] 		Cluster is not linked to a MCParticle
[ DEBUG7 "MyRemoveOverlay"] 		********** PFO AT INDEX 17 IS NOT OVERLAY **********
[ DEBUG8 "MyRemoveOverlay"] 
[ DEBUG8 "MyRemoveOverlay"] 		-------------------------------------------------------
[ DEBUG8 "MyRemoveOverlay"] 		Processing PFO at index 18
[ DEBUG5 "MyRemoveOverlay"] ------------------ ReconstructedParticle -----------------------------
[ DEBUG5 "MyRemoveOverlay"] Id                                                              0x4375
[ DEBUG5 "MyRemoveOverlay"] Compound                                                             0
[ DEBUG5 "MyRemoveOverlay"] Type                                                               211
[ DEBUG5 "MyRemoveOverlay"] Momentum (x,y,z)                       +3.50e-01, +1.70e+00, +1.71e+00
[ DEBUG5 "MyRemoveOverlay"] Mass [GeV]                                                    1.40e-01
[ DEBUG5 "MyRemoveOverlay"] Charge [e]                                                    1.00e+00
[ DEBUG5 "MyRemoveOverlay"] Energy [GeV]                                                  2.45e+00
[ DEBUG5 "MyRemoveOverlay"] ReferencePoint                         +3.37e+00, +1.60e+01, +1.58e+01
[ DEBUG5 "MyRemoveOverlay"] ParticleIDUsed                                                       0
[ DEBUG5 "MyRemoveOverlay"] GoodnessOfPID                                                 0.00e+00
[ DEBUG5 "MyRemoveOverlay"] Covariance p,E:  8.06e-07, 3.85e-07, 2.38e-06, 3.81e-07, 1.71e-06, 
[ DEBUG5 "MyRemoveOverlay"]                  2.41e-06, 6.51e-07, 2.91e-06, 2.93e-06, 4.17e-06
[ DEBUG5 "MyRemoveOverlay"] Particles id:    
[ DEBUG5 "MyRemoveOverlay"] Tracks id:    [00003649]
[ DEBUG5 "MyRemoveOverlay"] Clusters id:  [00004184]
[ DEBUG5 "MyRemoveOverlay"] Particle ids ( [id], PDG, (type)): 
[ DEBUG5 "MyRemoveOverlay"]                  [00004376], 002212, (000000) 
[ DEBUG5 "MyRemoveOverlay"]                  [00004377], 000000, (000000) 
[ DEBUG5 "MyRemoveOverlay"]                  [00004378], 000000, (000000) 
[ DEBUG5 "MyRemoveOverlay"]                  [00004379], 000000, (000000) 
[ DEBUG5 "MyRemoveOverlay"]                  [00004380], 000000, (000000) 
[ DEBUG5 "MyRemoveOverlay"]                  [00004381], 000000, (000000) 
[ DEBUG5 "MyRemoveOverlay"]                  [00004382], 000011, (000000) 
[ DEBUG5 "MyRemoveOverlay"]                  [00004383], 002212, (000000) 
[ DEBUG5 "MyRemoveOverlay"]                  [00004384], 000011, (000000) 
[ DEBUG5 "MyRemoveOverlay"] 
[ DEBUG5 "MyRemoveOverlay"] 
[ DEBUG0 "MyRemoveOverlay"] 	MCParticle at index: 0 has PDG: 211 and MCParticle to Track link weight is 1.00e+00
[ DEBUG0 "MyRemoveOverlay"] 	MCParticle at index: 0 with PDG code: 211 has highest link weight to input track
[ DEBUG0 "MyRemoveOverlay"] 	Track at index: 0 has highest link weight to MCParticle = 9.91e-01
[ DEBUG0 "MyRemoveOverlay"] 	Track linked to MCParticle with highest weight
[ DEBUG6 "MyRemoveOverlay"] 		Found a linked MCParticle to track
[ DEBUG5 "MyRemoveOverlay"] ----------------------------- MCParticle -----------------------------
[ DEBUG5 "MyRemoveOverlay"] Id                                                                3207
[ DEBUG5 "MyRemoveOverlay"] PDG                                                                211
[ DEBUG5 "MyRemoveOverlay"] Energy [GeV]                                                  2.44e+00
[ DEBUG5 "MyRemoveOverlay"] Momentum [GeV] (x,y,z)                      0.350074, 1.70155, 1.71247
[ DEBUG5 "MyRemoveOverlay"] Momentum at Endpoint[GeV] (x,y,z)                                  0, 0, 0
[ DEBUG5 "MyRemoveOverlay"] GeneratorStatus                                                      1
[ DEBUG5 "MyRemoveOverlay"] Vertex [mm] (x,y,z)              1.15715e-309, 1.62395e-308, -0.258612
[ DEBUG5 "MyRemoveOverlay"] Endpoint [mm] (x,y,z)                         1423.69, 1306.97, 2038.1
[ DEBUG5 "MyRemoveOverlay"] Mass [GeV]                                                    1.40e-01
[ DEBUG5 "MyRemoveOverlay"] Charge                                                        1.00e+00
[ DEBUG5 "MyRemoveOverlay"] Parents                                                              1
[ DEBUG5 "MyRemoveOverlay"] Daughters                                                            0
[ DEBUG5 "MyRemoveOverlay"] simulator status bits: [sbvtcls]  s: created in simulation b: backscatter v: vertex is not endpoint of parent t: decayed in tracker c: decayed in calorimeter l: has left detector s: stopped o: overlay
[ DEBUG5 "MyRemoveOverlay"] [    c s ]
[ DEBUG5 "MyRemoveOverlay"] 
[ DEBUG0 "MyRemoveOverlay"] 	MCParticle at index: 0 has PDG: 211 and MCParticle to Cluster link weight is 9.46e-01
[ DEBUG0 "MyRemoveOverlay"] 	MCParticle at index: 0 with PDG code: 211 has highest link weight to input cluster
[ DEBUG6 "MyRemoveOverlay"] 		Cluster is not linked to a MCParticle
[ DEBUG7 "MyRemoveOverlay"] 		********** PFO AT INDEX 18 IS NOT OVERLAY **********
[ DEBUG8 "MyRemoveOverlay"] 
[ DEBUG8 "MyRemoveOverlay"] 		-------------------------------------------------------
[ DEBUG8 "MyRemoveOverlay"] 		Processing PFO at index 19
[ DEBUG5 "MyRemoveOverlay"] ------------------ ReconstructedParticle -----------------------------
[ DEBUG5 "MyRemoveOverlay"] Id                                                              0x4385
[ DEBUG5 "MyRemoveOverlay"] Compound                                                             0
[ DEBUG5 "MyRemoveOverlay"] Type                                                               321
[ DEBUG5 "MyRemoveOverlay"] Momentum (x,y,z)                       -5.83e-03, +3.11e+00, +3.12e+00
[ DEBUG5 "MyRemoveOverlay"] Mass [GeV]                                                    4.94e-01
[ DEBUG5 "MyRemoveOverlay"] Charge [e]                                                    1.00e+00
[ DEBUG5 "MyRemoveOverlay"] Energy [GeV]                                                  4.43e+00
[ DEBUG5 "MyRemoveOverlay"] ReferencePoint                         +5.47e+01, +4.03e+02, +4.09e+02
[ DEBUG5 "MyRemoveOverlay"] ParticleIDUsed                                                       0
[ DEBUG5 "MyRemoveOverlay"] GoodnessOfPID                                                 0.00e+00
[ DEBUG5 "MyRemoveOverlay"] Covariance p,E:  7.87e-07, 7.66e-07, 8.55e-05, 7.54e-07, 8.49e-05, 
[ DEBUG5 "MyRemoveOverlay"]                  8.57e-05, 1.07e-06, 1.20e-04, 1.20e-04, 1.68e-04
[ DEBUG5 "MyRemoveOverlay"] Particles id:    
[ DEBUG5 "MyRemoveOverlay"] Tracks id:    [00003669], [00003724]
[ DEBUG5 "MyRemoveOverlay"] Clusters id:  [00004185]
[ DEBUG5 "MyRemoveOverlay"] Particle ids ( [id], PDG, (type)): 
[ DEBUG5 "MyRemoveOverlay"]                  [00004386], 002212, (000000) 
[ DEBUG5 "MyRemoveOverlay"]                  [00004387], 000000, (000000) 
[ DEBUG5 "MyRemoveOverlay"]                  [00004388], 000013, (000000) 
[ DEBUG5 "MyRemoveOverlay"]                  [00004389], 000321, (000000) 
[ DEBUG5 "MyRemoveOverlay"]                  [00004390], 000013, (000000) 
[ DEBUG5 "MyRemoveOverlay"] 
[ DEBUG5 "MyRemoveOverlay"] 
[ DEBUG0 "MyRemoveOverlay"] 	MCParticle at index: 0 has PDG: 321 and MCParticle to Track link weight is 1.00e+00
[ DEBUG0 "MyRemoveOverlay"] 	MCParticle at index: 0 with PDG code: 321 has highest link weight to input track
[ DEBUG0 "MyRemoveOverlay"] 	Track at index: 0 has highest link weight to MCParticle = 9.45e-01
[ DEBUG0 "MyRemoveOverlay"] 	Track linked to MCParticle with highest weight
[ DEBUG6 "MyRemoveOverlay"] 		Found a linked MCParticle to track
[ DEBUG5 "MyRemoveOverlay"] ----------------------------- MCParticle -----------------------------
[ DEBUG5 "MyRemoveOverlay"] Id                                                                3184
[ DEBUG5 "MyRemoveOverlay"] PDG                                                                321
[ DEBUG5 "MyRemoveOverlay"] Energy [GeV]                                                  4.47e+00
[ DEBUG5 "MyRemoveOverlay"] Momentum [GeV] (x,y,z)                   -0.00574103, 3.13705, 3.14182
[ DEBUG5 "MyRemoveOverlay"] Momentum at Endpoint[GeV] (x,y,z)                 0.89161, 3.0029, 3.14098
[ DEBUG5 "MyRemoveOverlay"] GeneratorStatus                                                      1
[ DEBUG5 "MyRemoveOverlay"] Vertex [mm] (x,y,z)                                    0, 0, -0.258612
[ DEBUG5 "MyRemoveOverlay"] Endpoint [mm] (x,y,z)                        122.876, 849.927, 863.457
[ DEBUG5 "MyRemoveOverlay"] Mass [GeV]                                                    4.94e-01
[ DEBUG5 "MyRemoveOverlay"] Charge                                                        1.00e+00
[ DEBUG5 "MyRemoveOverlay"] Parents                                                              1
[ DEBUG5 "MyRemoveOverlay"] Daughters                                                            2
[ DEBUG5 "MyRemoveOverlay"] simulator status bits: [sbvtcls]  s: created in simulation b: backscatter v: vertex is not endpoint of parent t: decayed in tracker c: decayed in calorimeter l: has left detector s: stopped o: overlay
[ DEBUG5 "MyRemoveOverlay"] [   t    ]
[ DEBUG5 "MyRemoveOverlay"] 
[ DEBUG0 "MyRemoveOverlay"] 	MCParticle at index: 1 has PDG: -13 and MCParticle to Track link weight is 9.66e-01
[ DEBUG0 "MyRemoveOverlay"] 	MCParticle at index: 1 with PDG code: -13 has highest link weight to input track
[ DEBUG0 "MyRemoveOverlay"] 	Track at index: 0 has highest link weight to MCParticle = 9.93e-01
[ DEBUG0 "MyRemoveOverlay"] 	Track linked to MCParticle with highest weight
[ DEBUG6 "MyRemoveOverlay"] 		Found a linked MCParticle to track
[ DEBUG5 "MyRemoveOverlay"] ----------------------------- MCParticle -----------------------------
[ DEBUG5 "MyRemoveOverlay"] Id                                                                3243
[ DEBUG5 "MyRemoveOverlay"] PDG                                                                -13
[ DEBUG5 "MyRemoveOverlay"] Energy [GeV]                                                  4.14e+00
[ DEBUG5 "MyRemoveOverlay"] Momentum [GeV] (x,y,z)                        0.942461, 2.82185, 2.883
[ DEBUG5 "MyRemoveOverlay"] Momentum at Endpoint[GeV] (x,y,z)                                 -0, 0, 0
[ DEBUG5 "MyRemoveOverlay"] GeneratorStatus                                                      0
[ DEBUG5 "MyRemoveOverlay"] Vertex [mm] (x,y,z)                          122.876, 849.927, 863.457
[ DEBUG5 "MyRemoveOverlay"] Endpoint [mm] (x,y,z)                        3967.41, 2226.08, 5286.22
[ DEBUG5 "MyRemoveOverlay"] Mass [GeV]                                                    1.06e-01
[ DEBUG5 "MyRemoveOverlay"] Charge                                                        1.00e+00
[ DEBUG5 "MyRemoveOverlay"] Parents                                                              1
[ DEBUG5 "MyRemoveOverlay"] Daughters                                                            0
[ DEBUG5 "MyRemoveOverlay"] simulator status bits: [sbvtcls]  s: created in simulation b: backscatter v: vertex is not endpoint of parent t: decayed in tracker c: decayed in calorimeter l: has left detector s: stopped o: overlay
[ DEBUG5 "MyRemoveOverlay"] [s   c s ]
[ DEBUG5 "MyRemoveOverlay"] 
[ DEBUG0 "MyRemoveOverlay"] 	MCParticle at index: 0 has PDG: -13 and MCParticle to Cluster link weight is 1.00e+00
[ DEBUG0 "MyRemoveOverlay"] 	MCParticle at index: 0 with PDG code: -13 has highest link weight to input cluster
[ DEBUG6 "MyRemoveOverlay"] 		Cluster is not linked to a MCParticle
[ DEBUG7 "MyRemoveOverlay"] 		********** PFO AT INDEX 19 IS NOT OVERLAY **********
[ DEBUG8 "MyRemoveOverlay"] 
[ DEBUG8 "MyRemoveOverlay"] 		-------------------------------------------------------
[ DEBUG8 "MyRemoveOverlay"] 		Processing PFO at index 20
[ DEBUG5 "MyRemoveOverlay"] ------------------ ReconstructedParticle -----------------------------
[ DEBUG5 "MyRemoveOverlay"] Id                                                              0x4391
[ DEBUG5 "MyRemoveOverlay"] Compound                                                             0
[ DEBUG5 "MyRemoveOverlay"] Type                                                               211
[ DEBUG5 "MyRemoveOverlay"] Momentum (x,y,z)                       +2.20e-02, +1.28e+00, +1.27e+00
[ DEBUG5 "MyRemoveOverlay"] Mass [GeV]                                                    1.40e-01
[ DEBUG5 "MyRemoveOverlay"] Charge [e]                                                    1.00e+00
[ DEBUG5 "MyRemoveOverlay"] Energy [GeV]                                                  1.81e+00
[ DEBUG5 "MyRemoveOverlay"] ReferencePoint                         +3.82e-01, +1.60e+01, +1.55e+01
[ DEBUG5 "MyRemoveOverlay"] ParticleIDUsed                                                       0
[ DEBUG5 "MyRemoveOverlay"] GoodnessOfPID                                                 0.00e+00
[ DEBUG5 "MyRemoveOverlay"] Covariance p,E:  6.89e-07, 4.64e-08, 1.43e-06, 3.24e-08, 7.50e-07, 
[ DEBUG5 "MyRemoveOverlay"]                  1.41e-06, 6.40e-08, 1.54e-06, 1.52e-06, 2.16e-06
[ DEBUG5 "MyRemoveOverlay"] Particles id:    
[ DEBUG5 "MyRemoveOverlay"] Tracks id:    [00003584]
[ DEBUG5 "MyRemoveOverlay"] Clusters id:  [00004186]
[ DEBUG5 "MyRemoveOverlay"] Particle ids ( [id], PDG, (type)): 
[ DEBUG5 "MyRemoveOverlay"]                  [00004392], 002212, (000000) 
[ DEBUG5 "MyRemoveOverlay"]                  [00004393], 000000, (000000) 
[ DEBUG5 "MyRemoveOverlay"]                  [00004394], 000000, (000000) 
[ DEBUG5 "MyRemoveOverlay"]                  [00004395], 000000, (000000) 
[ DEBUG5 "MyRemoveOverlay"]                  [00004396], 000000, (000000) 
[ DEBUG5 "MyRemoveOverlay"]                  [00004397], 000000, (000000) 
[ DEBUG5 "MyRemoveOverlay"]                  [00004398], 000011, (000000) 
[ DEBUG5 "MyRemoveOverlay"]                  [00004399], 002212, (000000) 
[ DEBUG5 "MyRemoveOverlay"]                  [00004400], 000011, (000000) 
[ DEBUG5 "MyRemoveOverlay"] 
[ DEBUG5 "MyRemoveOverlay"] 
[ DEBUG0 "MyRemoveOverlay"] 	MCParticle at index: 0 has PDG: 211 and MCParticle to Track link weight is 1.00e+00
[ DEBUG0 "MyRemoveOverlay"] 	MCParticle at index: 0 with PDG code: 211 has highest link weight to input track
[ DEBUG0 "MyRemoveOverlay"] 	Track at index: 0 has highest link weight to MCParticle = 1.00e+00
[ DEBUG0 "MyRemoveOverlay"] 	Track linked to MCParticle with highest weight
[ DEBUG6 "MyRemoveOverlay"] 		Found a linked MCParticle to track
[ DEBUG5 "MyRemoveOverlay"] ----------------------------- MCParticle -----------------------------
[ DEBUG5 "MyRemoveOverlay"] Id                                                                3189
[ DEBUG5 "MyRemoveOverlay"] PDG                                                                211
[ DEBUG5 "MyRemoveOverlay"] Energy [GeV]                                                  1.81e+00
[ DEBUG5 "MyRemoveOverlay"] Momentum [GeV] (x,y,z)                     0.0226382, 1.28491, 1.27054
[ DEBUG5 "MyRemoveOverlay"] Momentum at Endpoint[GeV] (x,y,z)                                 0, -0, 0
[ DEBUG5 "MyRemoveOverlay"] GeneratorStatus                                                      1
[ DEBUG5 "MyRemoveOverlay"] Vertex [mm] (x,y,z)              8.27684e-310, 1.38781e-308, -0.258612
[ DEBUG5 "MyRemoveOverlay"] Endpoint [mm] (x,y,z)                        1419.18, 1181.26, 2064.94
[ DEBUG5 "MyRemoveOverlay"] Mass [GeV]                                                    1.40e-01
[ DEBUG5 "MyRemoveOverlay"] Charge                                                        1.00e+00
[ DEBUG5 "MyRemoveOverlay"] Parents                                                              1
[ DEBUG5 "MyRemoveOverlay"] Daughters                                                            0
[ DEBUG5 "MyRemoveOverlay"] simulator status bits: [sbvtcls]  s: created in simulation b: backscatter v: vertex is not endpoint of parent t: decayed in tracker c: decayed in calorimeter l: has left detector s: stopped o: overlay
[ DEBUG5 "MyRemoveOverlay"] [    c s ]
[ DEBUG5 "MyRemoveOverlay"] 
[ DEBUG6 "MyRemoveOverlay"] 		Cluster is not linked to a MCParticle
[ DEBUG7 "MyRemoveOverlay"] 		********** PFO AT INDEX 20 IS NOT OVERLAY **********
[ DEBUG8 "MyRemoveOverlay"] 
[ DEBUG8 "MyRemoveOverlay"] 		-------------------------------------------------------
[ DEBUG8 "MyRemoveOverlay"] 		Processing PFO at index 21
[ DEBUG5 "MyRemoveOverlay"] ------------------ ReconstructedParticle -----------------------------
[ DEBUG5 "MyRemoveOverlay"] Id                                                              0x4401
[ DEBUG5 "MyRemoveOverlay"] Compound                                                             0
[ DEBUG5 "MyRemoveOverlay"] Type                                                              -211
[ DEBUG5 "MyRemoveOverlay"] Momentum (x,y,z)                       -1.78e-01, +7.09e-01, +1.28e+00
[ DEBUG5 "MyRemoveOverlay"] Mass [GeV]                                                    1.40e-01
[ DEBUG5 "MyRemoveOverlay"] Charge [e]                                                   -1.00e+00
[ DEBUG5 "MyRemoveOverlay"] Energy [GeV]                                                  1.48e+00
[ DEBUG5 "MyRemoveOverlay"] ReferencePoint                         -4.39e+00, +1.66e+01, +2.97e+01
[ DEBUG5 "MyRemoveOverlay"] ParticleIDUsed                                                       0
[ DEBUG5 "MyRemoveOverlay"] GoodnessOfPID                                                 0.00e+00
[ DEBUG5 "MyRemoveOverlay"] Covariance p,E:  1.04e-06, -2.16e-07, 1.74e-06, -4.61e-07, 1.50e-06, 
[ DEBUG5 "MyRemoveOverlay"]                  3.64e-06, -6.27e-07, 2.15e-06, 3.92e-06, 4.50e-06
[ DEBUG5 "MyRemoveOverlay"] Particles id:    
[ DEBUG5 "MyRemoveOverlay"] Tracks id:    [00003604]
[ DEBUG5 "MyRemoveOverlay"] Clusters id:  
[ DEBUG5 "MyRemoveOverlay"] Particle ids ( [id], PDG, (type)): 
[ DEBUG5 "MyRemoveOverlay"]                  [00004402], 000321, (000000) 
[ DEBUG5 "MyRemoveOverlay"]                  [00004403], 000321, (000000) 
[ DEBUG5 "MyRemoveOverlay"]                  [00004404], 000011, (000000) 
[ DEBUG5 "MyRemoveOverlay"]                  [00004405], 000011, (000000) 
[ DEBUG5 "MyRemoveOverlay"]                  [00004406], 000000, (000000) 
[ DEBUG5 "MyRemoveOverlay"] 
[ DEBUG5 "MyRemoveOverlay"] 
[ DEBUG0 "MyRemoveOverlay"] 	MCParticle at index: 0 has PDG: -211 and MCParticle to Track link weight is 1.00e+00
[ DEBUG0 "MyRemoveOverlay"] 	MCParticle at index: 0 with PDG code: -211 has highest link weight to input track
[ DEBUG0 "MyRemoveOverlay"] 	Track at index: 0 has highest link weight to MCParticle = 9.92e-01
[ DEBUG0 "MyRemoveOverlay"] 	Track linked to MCParticle with highest weight
[ DEBUG6 "MyRemoveOverlay"] 		Found a linked MCParticle to track
[ DEBUG5 "MyRemoveOverlay"] ----------------------------- MCParticle -----------------------------
[ DEBUG5 "MyRemoveOverlay"] Id                                                                3206
[ DEBUG5 "MyRemoveOverlay"] PDG                                                               -211
[ DEBUG5 "MyRemoveOverlay"] Energy [GeV]                                                  1.48e+00
[ DEBUG5 "MyRemoveOverlay"] Momentum [GeV] (x,y,z)                    -0.178353, 0.708414, 1.27545
[ DEBUG5 "MyRemoveOverlay"] Momentum at Endpoint[GeV] (x,y,z)                                -0, -0, 0
[ DEBUG5 "MyRemoveOverlay"] GeneratorStatus                                                      1
[ DEBUG5 "MyRemoveOverlay"] Vertex [mm] (x,y,z)              1.15715e-309, 1.62395e-308, -0.258612
[ DEBUG5 "MyRemoveOverlay"] Endpoint [mm] (x,y,z)                       -1104.11, 379.362, 2413.08
[ DEBUG5 "MyRemoveOverlay"] Mass [GeV]                                                    1.40e-01
[ DEBUG5 "MyRemoveOverlay"] Charge                                                       -1.00e+00
[ DEBUG5 "MyRemoveOverlay"] Parents                                                              1
[ DEBUG5 "MyRemoveOverlay"] Daughters                                                            0
[ DEBUG5 "MyRemoveOverlay"] simulator status bits: [sbvtcls]  s: created in simulation b: backscatter v: vertex is not endpoint of parent t: decayed in tracker c: decayed in calorimeter l: has left detector s: stopped o: overlay
[ DEBUG5 "MyRemoveOverlay"] [    c s ]
[ DEBUG5 "MyRemoveOverlay"] 
[ DEBUG7 "MyRemoveOverlay"] 		********** PFO AT INDEX 21 IS NOT OVERLAY **********
[ DEBUG8 "MyRemoveOverlay"] 
[ DEBUG8 "MyRemoveOverlay"] 		-------------------------------------------------------
[ DEBUG8 "MyRemoveOverlay"] 		Processing PFO at index 22
[ DEBUG5 "MyRemoveOverlay"] ------------------ ReconstructedParticle -----------------------------
[ DEBUG5 "MyRemoveOverlay"] Id                                                              0x4407
[ DEBUG5 "MyRemoveOverlay"] Compound                                                             0
[ DEBUG5 "MyRemoveOverlay"] Type                                                              -211
[ DEBUG5 "MyRemoveOverlay"] Momentum (x,y,z)                       -5.09e-01, +4.66e+00, +9.22e+00
[ DEBUG5 "MyRemoveOverlay"] Mass [GeV]                                                    1.40e-01
[ DEBUG5 "MyRemoveOverlay"] Charge [e]                                                   -1.00e+00
[ DEBUG5 "MyRemoveOverlay"] Energy [GeV]                                                  1.03e+01
[ DEBUG5 "MyRemoveOverlay"] ReferencePoint                         -1.77e+00, +1.60e+01, +3.14e+01
[ DEBUG5 "MyRemoveOverlay"] ParticleIDUsed                                                       0
[ DEBUG5 "MyRemoveOverlay"] GoodnessOfPID                                                 0.00e+00
[ DEBUG5 "MyRemoveOverlay"] Covariance p,E:  2.35e-06, -8.84e-06, 7.70e-05, -1.75e-05, 1.50e-04, 
[ DEBUG5 "MyRemoveOverlay"]                  2.99e-04, -1.97e-05, 1.69e-04, 3.35e-04, 3.76e-04
[ DEBUG5 "MyRemoveOverlay"] Particles id:    
[ DEBUG5 "MyRemoveOverlay"] Tracks id:    [00003579]
[ DEBUG5 "MyRemoveOverlay"] Clusters id:  [00004187]
[ DEBUG5 "MyRemoveOverlay"] Particle ids ( [id], PDG, (type)): 
[ DEBUG5 "MyRemoveOverlay"]                  [00004408], 000211, (000000) 
[ DEBUG5 "MyRemoveOverlay"]                  [00004409], 000000, (000000) 
[ DEBUG5 "MyRemoveOverlay"]                  [00004410], 000000, (000000) 
[ DEBUG5 "MyRemoveOverlay"]                  [00004411], 000000, (000000) 
[ DEBUG5 "MyRemoveOverlay"]                  [00004412], 000000, (000000) 
[ DEBUG5 "MyRemoveOverlay"]                  [00004413], 000000, (000000) 
[ DEBUG5 "MyRemoveOverlay"]                  [00004414], 000011, (000000) 
[ DEBUG5 "MyRemoveOverlay"]                  [00004415], 000211, (000000) 
[ DEBUG5 "MyRemoveOverlay"]                  [00004416], 000011, (000000) 
[ DEBUG5 "MyRemoveOverlay"] 
[ DEBUG5 "MyRemoveOverlay"] 
[ DEBUG0 "MyRemoveOverlay"] 	MCParticle at index: 0 has PDG: -211 and MCParticle to Track link weight is 1.00e+00
[ DEBUG0 "MyRemoveOverlay"] 	MCParticle at index: 0 with PDG code: -211 has highest link weight to input track
[ DEBUG6 "MyRemoveOverlay"] 		Track is not linked to a MCParticle
[ DEBUG6 "MyRemoveOverlay"] 		Cluster is not linked to a MCParticle
[ DEBUG7 "MyRemoveOverlay"] 		********** PFO AT INDEX 22 IS NOT OVERLAY **********
[ DEBUG8 "MyRemoveOverlay"] 
[ DEBUG8 "MyRemoveOverlay"] 		-------------------------------------------------------
[ DEBUG8 "MyRemoveOverlay"] 		Processing PFO at index 23
[ DEBUG5 "MyRemoveOverlay"] ------------------ ReconstructedParticle -----------------------------
[ DEBUG5 "MyRemoveOverlay"] Id                                                              0x4417
[ DEBUG5 "MyRemoveOverlay"] Compound                                                             0
[ DEBUG5 "MyRemoveOverlay"] Type                                                              -211
[ DEBUG5 "MyRemoveOverlay"] Momentum (x,y,z)                       -2.88e-02, +1.55e-01, +3.53e-02
[ DEBUG5 "MyRemoveOverlay"] Mass [GeV]                                                    1.40e-01
[ DEBUG5 "MyRemoveOverlay"] Charge [e]                                                   -1.00e+00
[ DEBUG5 "MyRemoveOverlay"] Energy [GeV]                                                  2.13e-01
[ DEBUG5 "MyRemoveOverlay"] ReferencePoint                         -4.13e+00, +1.67e+01, +4.09e+00
[ DEBUG5 "MyRemoveOverlay"] ParticleIDUsed                                                       0
[ DEBUG5 "MyRemoveOverlay"] GoodnessOfPID                                                 0.00e+00
[ DEBUG5 "MyRemoveOverlay"] Covariance p,E:  1.07e-06, -1.28e-06, 4.26e-06, -2.92e-07, 8.61e-07, 
[ DEBUG5 "MyRemoveOverlay"]                  8.43e-07, -1.12e-06, 3.40e-06, 8.03e-07, 2.75e-06
[ DEBUG5 "MyRemoveOverlay"] Particles id:    
[ DEBUG5 "MyRemoveOverlay"] Tracks id:    [00003729]
[ DEBUG5 "MyRemoveOverlay"] Clusters id:  
[ DEBUG5 "MyRemoveOverlay"] Particle ids ( [id], PDG, (type)): 
[ DEBUG5 "MyRemoveOverlay"]                  [00004418], 000011, (000000) 
[ DEBUG5 "MyRemoveOverlay"]                  [00004419], 000011, (000000) 
[ DEBUG5 "MyRemoveOverlay"]                  [00004420], 000011, (000000) 
[ DEBUG5 "MyRemoveOverlay"]                  [00004421], 000011, (000000) 
[ DEBUG5 "MyRemoveOverlay"]                  [00004422], 000000, (000000) 
[ DEBUG5 "MyRemoveOverlay"] 
[ DEBUG5 "MyRemoveOverlay"] 
[ DEBUG0 "MyRemoveOverlay"] 	MCParticle at index: 0 has PDG: 11 and MCParticle to Track link weight is 1.00e+00
[ DEBUG0 "MyRemoveOverlay"] 	MCParticle at index: 0 with PDG code: 11 has highest link weight to input track
[ DEBUG6 "MyRemoveOverlay"] 		Track is not linked to a MCParticle
[ DEBUG7 "MyRemoveOverlay"] 		********** PFO AT INDEX 23 IS NOT OVERLAY **********
[ DEBUG8 "MyRemoveOverlay"] 
[ DEBUG8 "MyRemoveOverlay"] 		-------------------------------------------------------
[ DEBUG8 "MyRemoveOverlay"] 		Processing PFO at index 24
[ DEBUG5 "MyRemoveOverlay"] ------------------ ReconstructedParticle -----------------------------
[ DEBUG5 "MyRemoveOverlay"] Id                                                              0x4423
[ DEBUG5 "MyRemoveOverlay"] Compound                                                             0
[ DEBUG5 "MyRemoveOverlay"] Type                                                             -2212
[ DEBUG5 "MyRemoveOverlay"] Momentum (x,y,z)                       -3.19e+00, +1.94e+01, +4.05e+01
[ DEBUG5 "MyRemoveOverlay"] Mass [GeV]                                                    9.38e-01
[ DEBUG5 "MyRemoveOverlay"] Charge [e]                                                   -1.00e+00
[ DEBUG5 "MyRemoveOverlay"] Energy [GeV]                                                  4.50e+01
[ DEBUG5 "MyRemoveOverlay"] ReferencePoint                         -2.63e+00, +1.60e+01, +3.30e+01
[ DEBUG5 "MyRemoveOverlay"] ParticleIDUsed                                                       0
[ DEBUG5 "MyRemoveOverlay"] GoodnessOfPID                                                 0.00e+00
[ DEBUG5 "MyRemoveOverlay"] Covariance p,E:  1.13e-04, -6.60e-04, 3.95e-03, -1.38e-03, 8.23e-03, 
[ DEBUG5 "MyRemoveOverlay"]                  1.71e-02, -1.53e-03, 9.15e-03, 1.91e-02, 2.12e-02
[ DEBUG5 "MyRemoveOverlay"] Particles id:    
[ DEBUG5 "MyRemoveOverlay"] Tracks id:    [00003619]
[ DEBUG5 "MyRemoveOverlay"] Clusters id:  [00004188]
[ DEBUG5 "MyRemoveOverlay"] Particle ids ( [id], PDG, (type)): 
[ DEBUG5 "MyRemoveOverlay"]                  [00004424], 002212, (000000) 
[ DEBUG5 "MyRemoveOverlay"]                  [00004425], 000000, (000000) 
[ DEBUG5 "MyRemoveOverlay"]                  [00004426], 000000, (000000) 
[ DEBUG5 "MyRemoveOverlay"]                  [00004427], 000000, (000000) 
[ DEBUG5 "MyRemoveOverlay"]                  [00004428], 000000, (000000) 
[ DEBUG5 "MyRemoveOverlay"]                  [00004429], 000000, (000000) 
[ DEBUG5 "MyRemoveOverlay"]                  [00004430], 000011, (000000) 
[ DEBUG5 "MyRemoveOverlay"]                  [00004431], 002212, (000000) 
[ DEBUG5 "MyRemoveOverlay"]                  [00004432], 000011, (000000) 
[ DEBUG5 "MyRemoveOverlay"] 
[ DEBUG5 "MyRemoveOverlay"] 
[ DEBUG0 "MyRemoveOverlay"] 	MCParticle at index: 0 has PDG: -2212 and MCParticle to Track link weight is 1.00e+00
[ DEBUG0 "MyRemoveOverlay"] 	MCParticle at index: 0 with PDG code: -2212 has highest link weight to input track
[ DEBUG0 "MyRemoveOverlay"] 	Track at index: 0 has highest link weight to MCParticle = 9.77e-01
[ DEBUG0 "MyRemoveOverlay"] 	Track linked to MCParticle with highest weight
[ DEBUG6 "MyRemoveOverlay"] 		Found a linked MCParticle to track
[ DEBUG5 "MyRemoveOverlay"] ----------------------------- MCParticle -----------------------------
[ DEBUG5 "MyRemoveOverlay"] Id                                                                3176
[ DEBUG5 "MyRemoveOverlay"] PDG                                                              -2212
[ DEBUG5 "MyRemoveOverlay"] Energy [GeV]                                                  4.48e+01
[ DEBUG5 "MyRemoveOverlay"] Momentum [GeV] (x,y,z)                      -3.17474, 19.3402, 40.2832
[ DEBUG5 "MyRemoveOverlay"] Momentum at Endpoint[GeV] (x,y,z)                                 -0, 0, 0
[ DEBUG5 "MyRemoveOverlay"] GeneratorStatus                                                      1
[ DEBUG5 "MyRemoveOverlay"] Vertex [mm] (x,y,z)                                    0, 0, -0.258612
[ DEBUG5 "MyRemoveOverlay"] Endpoint [mm] (x,y,z)                       -234.864, 1188.39, 2489.76
[ DEBUG5 "MyRemoveOverlay"] Mass [GeV]                                                    9.38e-01
[ DEBUG5 "MyRemoveOverlay"] Charge                                                       -1.00e+00
[ DEBUG5 "MyRemoveOverlay"] Parents                                                              1
[ DEBUG5 "MyRemoveOverlay"] Daughters                                                            0
[ DEBUG5 "MyRemoveOverlay"] simulator status bits: [sbvtcls]  s: created in simulation b: backscatter v: vertex is not endpoint of parent t: decayed in tracker c: decayed in calorimeter l: has left detector s: stopped o: overlay
[ DEBUG5 "MyRemoveOverlay"] [    c s ]
[ DEBUG5 "MyRemoveOverlay"] 
[ DEBUG0 "MyRemoveOverlay"] 	MCParticle at index: 0 has PDG: -2212 and MCParticle to Cluster link weight is 9.23e-01
[ DEBUG0 "MyRemoveOverlay"] 	MCParticle at index: 0 with PDG code: -2212 has highest link weight to input cluster
[ DEBUG6 "MyRemoveOverlay"] 		Cluster is not linked to a MCParticle
[ DEBUG7 "MyRemoveOverlay"] 		********** PFO AT INDEX 24 IS NOT OVERLAY **********
[ DEBUG8 "MyRemoveOverlay"] 
[ DEBUG8 "MyRemoveOverlay"] 		-------------------------------------------------------
[ DEBUG8 "MyRemoveOverlay"] 		Processing PFO at index 25
[ DEBUG5 "MyRemoveOverlay"] ------------------ ReconstructedParticle -----------------------------
[ DEBUG5 "MyRemoveOverlay"] Id                                                              0x4433
[ DEBUG5 "MyRemoveOverlay"] Compound                                                             0
[ DEBUG5 "MyRemoveOverlay"] Type                                                                11
[ DEBUG5 "MyRemoveOverlay"] Momentum (x,y,z)                       +1.45e-01, +1.44e-01, +2.83e-01
[ DEBUG5 "MyRemoveOverlay"] Mass [GeV]                                                    5.11e-04
[ DEBUG5 "MyRemoveOverlay"] Charge [e]                                                   -1.00e+00
[ DEBUG5 "MyRemoveOverlay"] Energy [GeV]                                                  3.49e-01
[ DEBUG5 "MyRemoveOverlay"] ReferencePoint                         +1.63e+01, +1.58e+02, +2.22e+02
[ DEBUG5 "MyRemoveOverlay"] ParticleIDUsed                                                       0
[ DEBUG5 "MyRemoveOverlay"] GoodnessOfPID                                                 0.00e+00
[ DEBUG5 "MyRemoveOverlay"] Covariance p,E:  2.01e-06, 5.05e-07, 6.14e-06, -9.62e-07, -1.27e-06, 
[ DEBUG5 "MyRemoveOverlay"]                  3.69e-06, 2.60e-07, 1.72e-06, 2.07e-06, 2.50e-06
[ DEBUG5 "MyRemoveOverlay"] Particles id:    
[ DEBUG5 "MyRemoveOverlay"] Tracks id:    [00003694]
[ DEBUG5 "MyRemoveOverlay"] Clusters id:  [00004189]
[ DEBUG5 "MyRemoveOverlay"] Particle ids ( [id], PDG, (type)): 
[ DEBUG5 "MyRemoveOverlay"]                  [00004434], 000011, (000000) 
[ DEBUG5 "MyRemoveOverlay"]                  [00004435], 000000, (000000) 
[ DEBUG5 "MyRemoveOverlay"]                  [00004436], 000000, (000000) 
[ DEBUG5 "MyRemoveOverlay"]                  [00004437], 000000, (000000) 
[ DEBUG5 "MyRemoveOverlay"]                  [00004438], 000000, (000000) 
[ DEBUG5 "MyRemoveOverlay"]                  [00004439], 000000, (000000) 
[ DEBUG5 "MyRemoveOverlay"]                  [00004440], 000011, (000000) 
[ DEBUG5 "MyRemoveOverlay"]                  [00004441], 000011, (000000) 
[ DEBUG5 "MyRemoveOverlay"]                  [00004442], 000011, (000000) 
[ DEBUG5 "MyRemoveOverlay"] 
[ DEBUG5 "MyRemoveOverlay"] 
[ DEBUG0 "MyRemoveOverlay"] 	MCParticle at index: 0 has PDG: 11 and MCParticle to Track link weight is 9.38e-01
[ DEBUG0 "MyRemoveOverlay"] 	MCParticle at index: 0 with PDG code: 11 has highest link weight to input track
[ DEBUG6 "MyRemoveOverlay"] 		Track is not linked to a MCParticle
[ DEBUG0 "MyRemoveOverlay"] 	MCParticle at index: 0 has PDG: 11 and MCParticle to Cluster link weight is 1.00e+00
[ DEBUG0 "MyRemoveOverlay"] 	MCParticle at index: 0 with PDG code: 11 has highest link weight to input cluster
[ DEBUG0 "MyRemoveOverlay"] 	Cluster at index: 0 has highest link weight to MCParticle = 1.00e+00
[ DEBUG0 "MyRemoveOverlay"] 	Cluster linked to MCParticle with highest weight
[ DEBUG6 "MyRemoveOverlay"] 		Found a linked MCParticle to cluster
[ DEBUG5 "MyRemoveOverlay"] ----------------------------- MCParticle -----------------------------
[ DEBUG5 "MyRemoveOverlay"] Id                                                                3244
[ DEBUG5 "MyRemoveOverlay"] PDG                                                                 11
[ DEBUG5 "MyRemoveOverlay"] Energy [GeV]                                                  3.52e-01
[ DEBUG5 "MyRemoveOverlay"] Momentum [GeV] (x,y,z)                   0.0208695, 0.203593, 0.286882
[ DEBUG5 "MyRemoveOverlay"] Momentum at Endpoint[GeV] (x,y,z)                                  0, 0, 0
[ DEBUG5 "MyRemoveOverlay"] GeneratorStatus                                                      0
[ DEBUG5 "MyRemoveOverlay"] Vertex [mm] (x,y,z)                           16.0521, 155.644, 218.69
[ DEBUG5 "MyRemoveOverlay"] Endpoint [mm] (x,y,z)                       -253.623, 334.571, 2438.76
[ DEBUG5 "MyRemoveOverlay"] Mass [GeV]                                                    5.11e-04
[ DEBUG5 "MyRemoveOverlay"] Charge                                                       -1.00e+00
[ DEBUG5 "MyRemoveOverlay"] Parents                                                              1
[ DEBUG5 "MyRemoveOverlay"] Daughters                                                            1
[ DEBUG5 "MyRemoveOverlay"] simulator status bits: [sbvtcls]  s: created in simulation b: backscatter v: vertex is not endpoint of parent t: decayed in tracker c: decayed in calorimeter l: has left detector s: stopped o: overlay
[ DEBUG5 "MyRemoveOverlay"] [s   c s ]
[ DEBUG5 "MyRemoveOverlay"] 
[ DEBUG7 "MyRemoveOverlay"] 		********** PFO AT INDEX 25 IS NOT OVERLAY **********
[ DEBUG8 "MyRemoveOverlay"] 
[ DEBUG8 "MyRemoveOverlay"] 		-------------------------------------------------------
[ DEBUG8 "MyRemoveOverlay"] 		Processing PFO at index 26
[ DEBUG5 "MyRemoveOverlay"] ------------------ ReconstructedParticle -----------------------------
[ DEBUG5 "MyRemoveOverlay"] Id                                                              0x4443
[ DEBUG5 "MyRemoveOverlay"] Compound                                                             0
[ DEBUG5 "MyRemoveOverlay"] Type                                                               211
[ DEBUG5 "MyRemoveOverlay"] Momentum (x,y,z)                       -5.58e-01, +3.02e+00, +6.47e+00
[ DEBUG5 "MyRemoveOverlay"] Mass [GeV]                                                    1.40e-01
[ DEBUG5 "MyRemoveOverlay"] Charge [e]                                                    1.00e+00
[ DEBUG5 "MyRemoveOverlay"] Energy [GeV]                                                  7.17e+00
[ DEBUG5 "MyRemoveOverlay"] ReferencePoint                         -2.90e+00, +1.60e+01, +3.39e+01
[ DEBUG5 "MyRemoveOverlay"] ParticleIDUsed                                                       0
[ DEBUG5 "MyRemoveOverlay"] GoodnessOfPID                                                 0.00e+00
[ DEBUG5 "MyRemoveOverlay"] Covariance p,E:  2.45e-06, -6.61e-06, 3.93e-05, -1.42e-05, 8.14e-05, 
[ DEBUG5 "MyRemoveOverlay"]                  1.75e-04, -1.58e-05, 9.06e-05, 1.94e-04, 2.14e-04
[ DEBUG5 "MyRemoveOverlay"] Particles id:    
[ DEBUG5 "MyRemoveOverlay"] Tracks id:    [00003569]
[ DEBUG5 "MyRemoveOverlay"] Clusters id:  [00004190]
[ DEBUG5 "MyRemoveOverlay"] Particle ids ( [id], PDG, (type)): 
[ DEBUG5 "MyRemoveOverlay"]                  [00004444], 000211, (000000) 
[ DEBUG5 "MyRemoveOverlay"]                  [00004445], 000000, (000000) 
[ DEBUG5 "MyRemoveOverlay"]                  [00004446], 000000, (000000) 
[ DEBUG5 "MyRemoveOverlay"]                  [00004447], 000000, (000000) 
[ DEBUG5 "MyRemoveOverlay"]                  [00004448], 000000, (000000) 
[ DEBUG5 "MyRemoveOverlay"]                  [00004449], 000000, (000000) 
[ DEBUG5 "MyRemoveOverlay"]                  [00004450], 000013, (000000) 
[ DEBUG5 "MyRemoveOverlay"]                  [00004451], 000011, (000000) 
[ DEBUG5 "MyRemoveOverlay"]                  [00004452], 000321, (000000) 
[ DEBUG5 "MyRemoveOverlay"] 
[ DEBUG5 "MyRemoveOverlay"] 
[ DEBUG0 "MyRemoveOverlay"] 	MCParticle at index: 0 has PDG: 211 and MCParticle to Track link weight is 1.00e+00
[ DEBUG0 "MyRemoveOverlay"] 	MCParticle at index: 0 with PDG code: 211 has highest link weight to input track
[ DEBUG0 "MyRemoveOverlay"] 	Track at index: 0 has highest link weight to MCParticle = 1.00e+00
[ DEBUG0 "MyRemoveOverlay"] 	Track linked to MCParticle with highest weight
[ DEBUG6 "MyRemoveOverlay"] 		Found a linked MCParticle to track
[ DEBUG5 "MyRemoveOverlay"] ----------------------------- MCParticle -----------------------------
[ DEBUG5 "MyRemoveOverlay"] Id                                                                3179
[ DEBUG5 "MyRemoveOverlay"] PDG                                                                211
[ DEBUG5 "MyRemoveOverlay"] Energy [GeV]                                                  7.17e+00
[ DEBUG5 "MyRemoveOverlay"] Momentum [GeV] (x,y,z)                     -0.558364, 3.02603, 6.47777
[ DEBUG5 "MyRemoveOverlay"] Momentum at Endpoint[GeV] (x,y,z)                                  0, 0, 0
[ DEBUG5 "MyRemoveOverlay"] GeneratorStatus                                                      1
[ DEBUG5 "MyRemoveOverlay"] Vertex [mm] (x,y,z)                                    0, 0, -0.258612
[ DEBUG5 "MyRemoveOverlay"] Endpoint [mm] (x,y,z)                         34.4547, 1230.98, 2614.8
[ DEBUG5 "MyRemoveOverlay"] Mass [GeV]                                                    1.40e-01
[ DEBUG5 "MyRemoveOverlay"] Charge                                                        1.00e+00
[ DEBUG5 "MyRemoveOverlay"] Parents                                                              1
[ DEBUG5 "MyRemoveOverlay"] Daughters                                                            0
[ DEBUG5 "MyRemoveOverlay"] simulator status bits: [sbvtcls]  s: created in simulation b: backscatter v: vertex is not endpoint of parent t: decayed in tracker c: decayed in calorimeter l: has left detector s: stopped o: overlay
[ DEBUG5 "MyRemoveOverlay"] [    c s ]
[ DEBUG5 "MyRemoveOverlay"] 
[ DEBUG6 "MyRemoveOverlay"] 		Cluster is not linked to a MCParticle
[ DEBUG7 "MyRemoveOverlay"] 		********** PFO AT INDEX 26 IS NOT OVERLAY **********
[ DEBUG8 "MyRemoveOverlay"] 
[ DEBUG8 "MyRemoveOverlay"] 		-------------------------------------------------------
[ DEBUG8 "MyRemoveOverlay"] 		Processing PFO at index 27
[ DEBUG5 "MyRemoveOverlay"] ------------------ ReconstructedParticle -----------------------------
[ DEBUG5 "MyRemoveOverlay"] Id                                                              0x4453
[ DEBUG5 "MyRemoveOverlay"] Compound                                                             0
[ DEBUG5 "MyRemoveOverlay"] Type                                                              -211
[ DEBUG5 "MyRemoveOverlay"] Momentum (x,y,z)                       -1.26e-01, +2.14e-01, +2.66e-03
[ DEBUG5 "MyRemoveOverlay"] Mass [GeV]                                                    1.40e-01
[ DEBUG5 "MyRemoveOverlay"] Charge [e]                                                   -1.00e+00
[ DEBUG5 "MyRemoveOverlay"] Energy [GeV]                                                  2.85e-01
[ DEBUG5 "MyRemoveOverlay"] ReferencePoint                         -8.60e+00, +1.35e+01, -1.12e-01
[ DEBUG5 "MyRemoveOverlay"] ParticleIDUsed                                                       0
[ DEBUG5 "MyRemoveOverlay"] GoodnessOfPID                                                 0.00e+00
[ DEBUG5 "MyRemoveOverlay"] Covariance p,E:  1.35e-05, -1.78e-05, 2.49e-05, -2.34e-07, 3.21e-07, 
[ DEBUG5 "MyRemoveOverlay"]                  5.19e-07, -1.93e-05, 2.65e-05, 3.49e-07, 2.85e-05
[ DEBUG5 "MyRemoveOverlay"] Particles id:    
[ DEBUG5 "MyRemoveOverlay"] Tracks id:    [00003744]
[ DEBUG5 "MyRemoveOverlay"] Clusters id:  
[ DEBUG5 "MyRemoveOverlay"] Particle ids ( [id], PDG, (type)): 
[ DEBUG5 "MyRemoveOverlay"]                  [00004454], 000011, (000000) 
[ DEBUG5 "MyRemoveOverlay"]                  [00004455], 000011, (000000) 
[ DEBUG5 "MyRemoveOverlay"]                  [00004456], 000011, (000000) 
[ DEBUG5 "MyRemoveOverlay"]                  [00004457], 000011, (000000) 
[ DEBUG5 "MyRemoveOverlay"]                  [00004458], 000000, (000000) 
[ DEBUG5 "MyRemoveOverlay"] 
[ DEBUG5 "MyRemoveOverlay"] 
[ DEBUG0 "MyRemoveOverlay"] 	MCParticle at index: 0 has PDG: -211 and MCParticle to Track link weight is 1.00e+00
[ DEBUG0 "MyRemoveOverlay"] 	MCParticle at index: 0 with PDG code: -211 has highest link weight to input track
[ DEBUG6 "MyRemoveOverlay"] 		Track is not linked to a MCParticle
[ DEBUG7 "MyRemoveOverlay"] 		********** PFO AT INDEX 27 IS NOT OVERLAY **********
[ DEBUG8 "MyRemoveOverlay"] 
[ DEBUG8 "MyRemoveOverlay"] 		-------------------------------------------------------
[ DEBUG8 "MyRemoveOverlay"] 		Processing PFO at index 28
[ DEBUG5 "MyRemoveOverlay"] ------------------ ReconstructedParticle -----------------------------
[ DEBUG5 "MyRemoveOverlay"] Id                                                              0x4459
[ DEBUG5 "MyRemoveOverlay"] Compound                                                             0
[ DEBUG5 "MyRemoveOverlay"] Type                                                               211
[ DEBUG5 "MyRemoveOverlay"] Momentum (x,y,z)                       +6.52e-02, +1.98e-01, +2.39e-01
[ DEBUG5 "MyRemoveOverlay"] Mass [GeV]                                                    1.40e-01
[ DEBUG5 "MyRemoveOverlay"] Charge [e]                                                    1.00e+00
[ DEBUG5 "MyRemoveOverlay"] Energy [GeV]                                                  3.47e-01
[ DEBUG5 "MyRemoveOverlay"] ReferencePoint                         +6.01e+00, +1.60e+01, +1.93e+01
[ DEBUG5 "MyRemoveOverlay"] ParticleIDUsed                                                       0
[ DEBUG5 "MyRemoveOverlay"] GoodnessOfPID                                                 0.00e+00
[ DEBUG5 "MyRemoveOverlay"] Covariance p,E:  6.64e-06, 1.32e-05, 2.98e-05, 1.63e-05, 3.63e-05, 
[ DEBUG5 "MyRemoveOverlay"]                  4.58e-05, 2.00e-05, 4.45e-05, 5.54e-05, 6.74e-05
[ DEBUG5 "MyRemoveOverlay"] Particles id:    
[ DEBUG5 "MyRemoveOverlay"] Tracks id:    [00003739]
[ DEBUG5 "MyRemoveOverlay"] Clusters id:  
[ DEBUG5 "MyRemoveOverlay"] Particle ids ( [id], PDG, (type)): 
[ DEBUG5 "MyRemoveOverlay"]                  [00004460], 000011, (000000) 
[ DEBUG5 "MyRemoveOverlay"]                  [00004461], 000011, (000000) 
[ DEBUG5 "MyRemoveOverlay"]                  [00004462], 000011, (000000) 
[ DEBUG5 "MyRemoveOverlay"]                  [00004463], 000011, (000000) 
[ DEBUG5 "MyRemoveOverlay"]                  [00004464], 000000, (000000) 
[ DEBUG5 "MyRemoveOverlay"] 
[ DEBUG5 "MyRemoveOverlay"] 
[ DEBUG0 "MyRemoveOverlay"] 	MCParticle at index: 0 has PDG: 211 and MCParticle to Track link weight is 1.00e+00
[ DEBUG0 "MyRemoveOverlay"] 	MCParticle at index: 0 with PDG code: 211 has highest link weight to input track
[ DEBUG6 "MyRemoveOverlay"] 		Track is not linked to a MCParticle
[ DEBUG7 "MyRemoveOverlay"] 		********** PFO AT INDEX 28 IS NOT OVERLAY **********
[ DEBUG8 "MyRemoveOverlay"] 
[ DEBUG8 "MyRemoveOverlay"] 		-------------------------------------------------------
[ DEBUG8 "MyRemoveOverlay"] 		Processing PFO at index 29
[ DEBUG5 "MyRemoveOverlay"] ------------------ ReconstructedParticle -----------------------------
[ DEBUG5 "MyRemoveOverlay"] Id                                                              0x4465
[ DEBUG5 "MyRemoveOverlay"] Compound                                                             0
[ DEBUG5 "MyRemoveOverlay"] Type                                                               -11
[ DEBUG5 "MyRemoveOverlay"] Momentum (x,y,z)                       -2.57e-01, +1.51e-01, +5.45e-01
[ DEBUG5 "MyRemoveOverlay"] Mass [GeV]                                                    5.11e-04
[ DEBUG5 "MyRemoveOverlay"] Charge [e]                                                    1.00e+00
[ DEBUG5 "MyRemoveOverlay"] Energy [GeV]                                                  6.21e-01
[ DEBUG5 "MyRemoveOverlay"] ReferencePoint                         -1.06e+02, +2.81e+02, +5.50e+02
[ DEBUG5 "MyRemoveOverlay"] ParticleIDUsed                                                       0
[ DEBUG5 "MyRemoveOverlay"] GoodnessOfPID                                                 0.00e+00
[ DEBUG5 "MyRemoveOverlay"] Covariance p,E:  2.99e-06, -1.82e-06, 7.04e-06, 1.40e-06, -1.77e-06, 
[ DEBUG5 "MyRemoveOverlay"]                  3.02e-06, -4.52e-07, 9.17e-07, 1.63e-06, 1.84e-06
[ DEBUG5 "MyRemoveOverlay"] Particles id:    
[ DEBUG5 "MyRemoveOverlay"] Tracks id:    [00003699]
[ DEBUG5 "MyRemoveOverlay"] Clusters id:  [00004191]
[ DEBUG5 "MyRemoveOverlay"] Particle ids ( [id], PDG, (type)): 
[ DEBUG5 "MyRemoveOverlay"]                  [00004466], 000011, (000000) 
[ DEBUG5 "MyRemoveOverlay"]                  [00004467], 000000, (000000) 
[ DEBUG5 "MyRemoveOverlay"]                  [00004468], 000000, (000000) 
[ DEBUG5 "MyRemoveOverlay"]                  [00004469], 000000, (000000) 
[ DEBUG5 "MyRemoveOverlay"]                  [00004470], 000000, (000000) 
[ DEBUG5 "MyRemoveOverlay"]                  [00004471], 000000, (000000) 
[ DEBUG5 "MyRemoveOverlay"]                  [00004472], 000011, (000000) 
[ DEBUG5 "MyRemoveOverlay"]                  [00004473], 000011, (000000) 
[ DEBUG5 "MyRemoveOverlay"]                  [00004474], 000011, (000000) 
[ DEBUG5 "MyRemoveOverlay"] 
[ DEBUG5 "MyRemoveOverlay"] 
[ DEBUG0 "MyRemoveOverlay"] 	MCParticle at index: 0 has PDG: -11 and MCParticle to Track link weight is 1.00e+00
[ DEBUG0 "MyRemoveOverlay"] 	MCParticle at index: 0 with PDG code: -11 has highest link weight to input track
[ DEBUG6 "MyRemoveOverlay"] 		Track is not linked to a MCParticle
[ DEBUG0 "MyRemoveOverlay"] 	MCParticle at index: 1 has PDG: -11 and MCParticle to Cluster link weight is 9.86e-01
[ DEBUG0 "MyRemoveOverlay"] 	MCParticle at index: 1 with PDG code: -11 has highest link weight to input cluster
[ DEBUG0 "MyRemoveOverlay"] 	Cluster at index: 0 has highest link weight to MCParticle = 9.92e-01
[ DEBUG0 "MyRemoveOverlay"] 	Cluster linked to MCParticle with highest weight
[ DEBUG6 "MyRemoveOverlay"] 		Found a linked MCParticle to cluster
[ DEBUG5 "MyRemoveOverlay"] ----------------------------- MCParticle -----------------------------
[ DEBUG5 "MyRemoveOverlay"] Id                                                                3249
[ DEBUG5 "MyRemoveOverlay"] PDG                                                                -11
[ DEBUG5 "MyRemoveOverlay"] Energy [GeV]                                                  8.28e-01
[ DEBUG5 "MyRemoveOverlay"] Momentum [GeV] (x,y,z)                   -0.174429, 0.359288, 0.725298
[ DEBUG5 "MyRemoveOverlay"] Momentum at Endpoint[GeV] (x,y,z)                                  0, 0, 0
[ DEBUG5 "MyRemoveOverlay"] GeneratorStatus                                                      0
[ DEBUG5 "MyRemoveOverlay"] Vertex [mm] (x,y,z)                         -68.6859, 141.186, 284.975
[ DEBUG5 "MyRemoveOverlay"] Endpoint [mm] (x,y,z)                        432.727, 192.592, 2436.64
[ DEBUG5 "MyRemoveOverlay"] Mass [GeV]                                                    5.11e-04
[ DEBUG5 "MyRemoveOverlay"] Charge                                                        1.00e+00
[ DEBUG5 "MyRemoveOverlay"] Parents                                                              1
[ DEBUG5 "MyRemoveOverlay"] Daughters                                                            2
[ DEBUG5 "MyRemoveOverlay"] simulator status bits: [sbvtcls]  s: created in simulation b: backscatter v: vertex is not endpoint of parent t: decayed in tracker c: decayed in calorimeter l: has left detector s: stopped o: overlay
[ DEBUG5 "MyRemoveOverlay"] [s   c s ]
[ DEBUG5 "MyRemoveOverlay"] 
[ DEBUG7 "MyRemoveOverlay"] 		********** PFO AT INDEX 29 IS NOT OVERLAY **********
[ DEBUG8 "MyRemoveOverlay"] 
[ DEBUG8 "MyRemoveOverlay"] 		-------------------------------------------------------
[ DEBUG8 "MyRemoveOverlay"] 		Processing PFO at index 30
[ DEBUG5 "MyRemoveOverlay"] ------------------ ReconstructedParticle -----------------------------
[ DEBUG5 "MyRemoveOverlay"] Id                                                              0x4475
[ DEBUG5 "MyRemoveOverlay"] Compound                                                             0
[ DEBUG5 "MyRemoveOverlay"] Type                                                               -11
[ DEBUG5 "MyRemoveOverlay"] Momentum (x,y,z)                       +1.23e-01, +2.59e-01, +1.14e+00
[ DEBUG5 "MyRemoveOverlay"] Mass [GeV]                                                    5.11e-04
[ DEBUG5 "MyRemoveOverlay"] Charge [e]                                                    1.00e+00
[ DEBUG5 "MyRemoveOverlay"] Energy [GeV]                                                  1.17e+00
[ DEBUG5 "MyRemoveOverlay"] ReferencePoint                         +1.10e+02, +1.11e+02, +6.42e+02
[ DEBUG5 "MyRemoveOverlay"] ParticleIDUsed                                                       0
[ DEBUG5 "MyRemoveOverlay"] GoodnessOfPID                                                 0.00e+00
[ DEBUG5 "MyRemoveOverlay"] Covariance p,E:  1.78e-05, 4.80e-06, 9.30e-06, 2.43e-05, 1.11e-05, 
[ DEBUG5 "MyRemoveOverlay"]                  8.76e-05, 2.65e-05, 1.33e-05, 9.00e-05, 9.29e-05
[ DEBUG5 "MyRemoveOverlay"] Particles id:    
[ DEBUG5 "MyRemoveOverlay"] Tracks id:    [00003689]
[ DEBUG5 "MyRemoveOverlay"] Clusters id:  [00004192]
[ DEBUG5 "MyRemoveOverlay"] Particle ids ( [id], PDG, (type)): 
[ DEBUG5 "MyRemoveOverlay"]                  [00004476], 000211, (000000) 
[ DEBUG5 "MyRemoveOverlay"]                  [00004477], 000011, (000000) 
[ DEBUG5 "MyRemoveOverlay"]                  [00004478], 000000, (000000) 
[ DEBUG5 "MyRemoveOverlay"]                  [00004479], 000000, (000000) 
[ DEBUG5 "MyRemoveOverlay"]                  [00004480], 000000, (000000) 
[ DEBUG5 "MyRemoveOverlay"]                  [00004481], 000000, (000000) 
[ DEBUG5 "MyRemoveOverlay"]                  [00004482], 000011, (000000) 
[ DEBUG5 "MyRemoveOverlay"]                  [00004483], 000211, (000000) 
[ DEBUG5 "MyRemoveOverlay"]                  [00004484], 000011, (000000) 
[ DEBUG5 "MyRemoveOverlay"] 
[ DEBUG5 "MyRemoveOverlay"] 
[ DEBUG0 "MyRemoveOverlay"] 	MCParticle at index: 0 has PDG: -11 and MCParticle to Track link weight is 1.00e+00
[ DEBUG0 "MyRemoveOverlay"] 	MCParticle at index: 0 with PDG code: -11 has highest link weight to input track
[ DEBUG6 "MyRemoveOverlay"] 		Track is not linked to a MCParticle
[ DEBUG0 "MyRemoveOverlay"] 	MCParticle at index: 0 has PDG: -11 and MCParticle to Cluster link weight is 1.00e+00
[ DEBUG0 "MyRemoveOverlay"] 	MCParticle at index: 0 with PDG code: -11 has highest link weight to input cluster
[ DEBUG0 "MyRemoveOverlay"] 	Cluster at index: 0 has highest link weight to MCParticle = 9.95e-01
[ DEBUG0 "MyRemoveOverlay"] 	Cluster linked to MCParticle with highest weight
[ DEBUG6 "MyRemoveOverlay"] 		Found a linked MCParticle to cluster
[ DEBUG5 "MyRemoveOverlay"] ----------------------------- MCParticle -----------------------------
[ DEBUG5 "MyRemoveOverlay"] Id                                                                3285
[ DEBUG5 "MyRemoveOverlay"] PDG                                                                -11
[ DEBUG5 "MyRemoveOverlay"] Energy [GeV]                                                  1.27e+00
[ DEBUG5 "MyRemoveOverlay"] Momentum [GeV] (x,y,z)                      0.15127, 0.271874, 1.23003
[ DEBUG5 "MyRemoveOverlay"] Momentum at Endpoint[GeV] (x,y,z)                                 -0, 0, 0
[ DEBUG5 "MyRemoveOverlay"] GeneratorStatus                                                      1
[ DEBUG5 "MyRemoveOverlay"] Vertex [mm] (x,y,z)                      0.0832927, 0.159114, 0.376318
[ DEBUG5 "MyRemoveOverlay"] Endpoint [mm] (x,y,z)                       499.079, 0.201024, 2438.76
[ DEBUG5 "MyRemoveOverlay"] Mass [GeV]                                                    5.11e-04
[ DEBUG5 "MyRemoveOverlay"] Charge                                                        1.00e+00
[ DEBUG5 "MyRemoveOverlay"] Parents                                                              0
[ DEBUG5 "MyRemoveOverlay"] Daughters                                                            1
[ DEBUG5 "MyRemoveOverlay"] simulator status bits: [sbvtcls]  s: created in simulation b: backscatter v: vertex is not endpoint of parent t: decayed in tracker c: decayed in calorimeter l: has left detector s: stopped o: overlay
[ DEBUG5 "MyRemoveOverlay"] [    c so]
[ DEBUG5 "MyRemoveOverlay"] 
[ DEBUG7 "MyRemoveOverlay"] 		********** PFO AT INDEX 30 IS OVERLAY **********
[ DEBUG8 "MyRemoveOverlay"] 
[ DEBUG8 "MyRemoveOverlay"] 		-------------------------------------------------------
[ DEBUG8 "MyRemoveOverlay"] 		Processing PFO at index 31
[ DEBUG5 "MyRemoveOverlay"] ------------------ ReconstructedParticle -----------------------------
[ DEBUG5 "MyRemoveOverlay"] Id                                                              0x4485
[ DEBUG5 "MyRemoveOverlay"] Compound                                                             0
[ DEBUG5 "MyRemoveOverlay"] Type                                                               -11
[ DEBUG5 "MyRemoveOverlay"] Momentum (x,y,z)                       -2.12e-01, +6.50e-01, +9.57e-01
[ DEBUG5 "MyRemoveOverlay"] Mass [GeV]                                                    5.11e-04
[ DEBUG5 "MyRemoveOverlay"] Charge [e]                                                    1.00e+00
[ DEBUG5 "MyRemoveOverlay"] Energy [GeV]                                                  1.18e+00
[ DEBUG5 "MyRemoveOverlay"] ReferencePoint                         +5.66e+01, +2.93e+02, +4.21e+02
[ DEBUG5 "MyRemoveOverlay"] ParticleIDUsed                                                       0
[ DEBUG5 "MyRemoveOverlay"] GoodnessOfPID                                                 0.00e+00
[ DEBUG5 "MyRemoveOverlay"] Covariance p,E:  9.48e-06, 1.79e-05, 1.15e-04, 2.42e-05, 1.50e-04, 
[ DEBUG5 "MyRemoveOverlay"]                  2.15e-04, 2.97e-05, 1.88e-04, 2.61e-04, 3.19e-04
[ DEBUG5 "MyRemoveOverlay"] Particles id:    
[ DEBUG5 "MyRemoveOverlay"] Tracks id:    [00003704], [00003709]
[ DEBUG5 "MyRemoveOverlay"] Clusters id:  [00004193]
[ DEBUG5 "MyRemoveOverlay"] Particle ids ( [id], PDG, (type)): 
[ DEBUG5 "MyRemoveOverlay"]                  [00004486], 000211, (000000) 
[ DEBUG5 "MyRemoveOverlay"]                  [00004487], 000011, (000000) 
[ DEBUG5 "MyRemoveOverlay"]                  [00004488], 000011, (000000) 
[ DEBUG5 "MyRemoveOverlay"]                  [00004489], 000011, (000000) 
[ DEBUG5 "MyRemoveOverlay"]                  [00004490], 000011, (000000) 
[ DEBUG5 "MyRemoveOverlay"] 
[ DEBUG5 "MyRemoveOverlay"] 
[ DEBUG0 "MyRemoveOverlay"] 	MCParticle at index: 1 has PDG: -11 and MCParticle to Track link weight is 9.64e-01
[ DEBUG0 "MyRemoveOverlay"] 	MCParticle at index: 1 with PDG code: -11 has highest link weight to input track
[ DEBUG6 "MyRemoveOverlay"] 		Track is not linked to a MCParticle
[ DEBUG0 "MyRemoveOverlay"] 	MCParticle at index: 0 has PDG: -11 and MCParticle to Track link weight is 1.00e+00
[ DEBUG0 "MyRemoveOverlay"] 	MCParticle at index: 0 with PDG code: -11 has highest link weight to input track
[ DEBUG6 "MyRemoveOverlay"] 		Track is not linked to a MCParticle
[ DEBUG0 "MyRemoveOverlay"] 	MCParticle at index: 0 has PDG: -11 and MCParticle to Cluster link weight is 1.00e+00
[ DEBUG0 "MyRemoveOverlay"] 	MCParticle at index: 0 with PDG code: -11 has highest link weight to input cluster
[ DEBUG0 "MyRemoveOverlay"] 	Cluster at index: 0 has highest link weight to MCParticle = 1.00e+00
[ DEBUG0 "MyRemoveOverlay"] 	Cluster linked to MCParticle with highest weight
[ DEBUG6 "MyRemoveOverlay"] 		Found a linked MCParticle to cluster
[ DEBUG5 "MyRemoveOverlay"] ----------------------------- MCParticle -----------------------------
[ DEBUG5 "MyRemoveOverlay"] Id                                                                3245
[ DEBUG5 "MyRemoveOverlay"] PDG                                                                -11
[ DEBUG5 "MyRemoveOverlay"] Energy [GeV]                                                  1.80e+00
[ DEBUG5 "MyRemoveOverlay"] Momentum [GeV] (x,y,z)                      0.107365, 1.03979, 1.46223
[ DEBUG5 "MyRemoveOverlay"] Momentum at Endpoint[GeV] (x,y,z)                                  0, 0, 0
[ DEBUG5 "MyRemoveOverlay"] GeneratorStatus                                                      0
[ DEBUG5 "MyRemoveOverlay"] Vertex [mm] (x,y,z)                           16.0521, 155.644, 218.69
[ DEBUG5 "MyRemoveOverlay"] Endpoint [mm] (x,y,z)                        1132.31, 715.675, 2420.83
[ DEBUG5 "MyRemoveOverlay"] Mass [GeV]                                                    5.11e-04
[ DEBUG5 "MyRemoveOverlay"] Charge                                                        1.00e+00
[ DEBUG5 "MyRemoveOverlay"] Parents                                                              1
[ DEBUG5 "MyRemoveOverlay"] Daughters                                                            1
[ DEBUG5 "MyRemoveOverlay"] simulator status bits: [sbvtcls]  s: created in simulation b: backscatter v: vertex is not endpoint of parent t: decayed in tracker c: decayed in calorimeter l: has left detector s: stopped o: overlay
[ DEBUG5 "MyRemoveOverlay"] [s   c s ]
[ DEBUG5 "MyRemoveOverlay"] 
[ DEBUG7 "MyRemoveOverlay"] 		********** PFO AT INDEX 31 IS NOT OVERLAY **********
[ DEBUG8 "MyRemoveOverlay"] 
[ DEBUG8 "MyRemoveOverlay"] 		-------------------------------------------------------
[ DEBUG8 "MyRemoveOverlay"] 		Processing PFO at index 32
[ DEBUG5 "MyRemoveOverlay"] ------------------ ReconstructedParticle -----------------------------
[ DEBUG5 "MyRemoveOverlay"] Id                                                              0x4491
[ DEBUG5 "MyRemoveOverlay"] Compound                                                             0
[ DEBUG5 "MyRemoveOverlay"] Type                                                                22
[ DEBUG5 "MyRemoveOverlay"] Momentum (x,y,z)                       -2.28e-01, +2.09e-01, -2.98e-01
[ DEBUG5 "MyRemoveOverlay"] Mass [GeV]                                                    0.00e+00
[ DEBUG5 "MyRemoveOverlay"] Charge [e]                                                    0.00e+00
[ DEBUG5 "MyRemoveOverlay"] Energy [GeV]                                                  4.30e-01
[ DEBUG5 "MyRemoveOverlay"] ReferencePoint                         -1.36e+03, +1.24e+03, -1.77e+03
[ DEBUG5 "MyRemoveOverlay"] ParticleIDUsed                                                       0
[ DEBUG5 "MyRemoveOverlay"] GoodnessOfPID                                                 0.00e+00
[ DEBUG5 "MyRemoveOverlay"] Covariance p,E:  3.45e-03, -3.15e-03, 2.89e-03, 4.50e-03, -4.13e-03, 
[ DEBUG5 "MyRemoveOverlay"]                  5.88e-03, -6.49e-03, 5.94e-03, -8.48e-03, 1.22e-02
[ DEBUG5 "MyRemoveOverlay"] Particles id:    
[ DEBUG5 "MyRemoveOverlay"] Tracks id:    
[ DEBUG5 "MyRemoveOverlay"] Clusters id:  [00004194]
[ DEBUG5 "MyRemoveOverlay"] Particle ids ( [id], PDG, (type)): 
[ DEBUG5 "MyRemoveOverlay"]                  [00004492], 000000, (000000) 
[ DEBUG5 "MyRemoveOverlay"]                  [00004493], 000000, (000000) 
[ DEBUG5 "MyRemoveOverlay"]                  [00004494], 000000, (000000) 
[ DEBUG5 "MyRemoveOverlay"]                  [00004495], 000000, (000000) 
[ DEBUG5 "MyRemoveOverlay"] 
[ DEBUG5 "MyRemoveOverlay"] 
[ DEBUG6 "MyRemoveOverlay"] 		Cluster is not linked to a MCParticle
[ DEBUG7 "MyRemoveOverlay"] 		********** PFO AT INDEX 32 IS NOT OVERLAY **********
[ DEBUG8 "MyRemoveOverlay"] 
[ DEBUG8 "MyRemoveOverlay"] 		-------------------------------------------------------
[ DEBUG8 "MyRemoveOverlay"] 		Processing PFO at index 33
[ DEBUG5 "MyRemoveOverlay"] ------------------ ReconstructedParticle -----------------------------
[ DEBUG5 "MyRemoveOverlay"] Id                                                              0x4496
[ DEBUG5 "MyRemoveOverlay"] Compound                                                             0
[ DEBUG5 "MyRemoveOverlay"] Type                                                                22
[ DEBUG5 "MyRemoveOverlay"] Momentum (x,y,z)                       -2.65e+00, +3.19e+00, -3.57e+00
[ DEBUG5 "MyRemoveOverlay"] Mass [GeV]                                                    0.00e+00
[ DEBUG5 "MyRemoveOverlay"] Charge [e]                                                    0.00e+00
[ DEBUG5 "MyRemoveOverlay"] Energy [GeV]                                                  5.47e+00
[ DEBUG5 "MyRemoveOverlay"] ReferencePoint                         -1.19e+03, +1.43e+03, -1.60e+03
[ DEBUG5 "MyRemoveOverlay"] ParticleIDUsed                                                       0
[ DEBUG5 "MyRemoveOverlay"] GoodnessOfPID                                                 0.00e+00
[ DEBUG5 "MyRemoveOverlay"] Covariance p,E:  3.77e-02, -4.53e-02, 5.45e-02, 5.08e-02, -6.11e-02, 
[ DEBUG5 "MyRemoveOverlay"]                  6.84e-02, -7.78e-02, 9.36e-02, -1.05e-01, 1.61e-01
[ DEBUG5 "MyRemoveOverlay"] Particles id:    
[ DEBUG5 "MyRemoveOverlay"] Tracks id:    
[ DEBUG5 "MyRemoveOverlay"] Clusters id:  [00004195]
[ DEBUG5 "MyRemoveOverlay"] Particle ids ( [id], PDG, (type)): 
[ DEBUG5 "MyRemoveOverlay"]                  [00004497], 000000, (000000) 
[ DEBUG5 "MyRemoveOverlay"]                  [00004498], 000000, (000000) 
[ DEBUG5 "MyRemoveOverlay"]                  [00004499], 000000, (000000) 
[ DEBUG5 "MyRemoveOverlay"]                  [00004500], 000000, (000000) 
[ DEBUG5 "MyRemoveOverlay"] 
[ DEBUG5 "MyRemoveOverlay"] 
[ DEBUG0 "MyRemoveOverlay"] 	MCParticle at index: 0 has PDG: 22 and MCParticle to Cluster link weight is 9.79e-01
[ DEBUG0 "MyRemoveOverlay"] 	MCParticle at index: 0 with PDG code: 22 has highest link weight to input cluster
[ DEBUG0 "MyRemoveOverlay"] 	Cluster at index: 0 has highest link weight to MCParticle = 9.99e-01
[ DEBUG0 "MyRemoveOverlay"] 	Cluster linked to MCParticle with highest weight
[ DEBUG6 "MyRemoveOverlay"] 		Found a linked MCParticle to cluster
[ DEBUG5 "MyRemoveOverlay"] ----------------------------- MCParticle -----------------------------
[ DEBUG5 "MyRemoveOverlay"] Id                                                                3235
[ DEBUG5 "MyRemoveOverlay"] PDG                                                                 22
[ DEBUG5 "MyRemoveOverlay"] Energy [GeV]                                                  5.55e+00
[ DEBUG5 "MyRemoveOverlay"] Momentum [GeV] (x,y,z)                      -2.69059, 3.2366, -3.62259
[ DEBUG5 "MyRemoveOverlay"] Momentum at Endpoint[GeV] (x,y,z)                                -0, 0, -0
[ DEBUG5 "MyRemoveOverlay"] GeneratorStatus                                                      1
[ DEBUG5 "MyRemoveOverlay"] Vertex [mm] (x,y,z)                -0.000864871, 0.00104096, -0.259759
[ DEBUG5 "MyRemoveOverlay"] Endpoint [mm] (x,y,z)                      -1160.11, 1395.53, -1562.22
[ DEBUG5 "MyRemoveOverlay"] Mass [GeV]                                                    1.46e-07
[ DEBUG5 "MyRemoveOverlay"] Charge                                                        0.00e+00
[ DEBUG5 "MyRemoveOverlay"] Parents                                                              1
[ DEBUG5 "MyRemoveOverlay"] Daughters                                                            0
[ DEBUG5 "MyRemoveOverlay"] simulator status bits: [sbvtcls]  s: created in simulation b: backscatter v: vertex is not endpoint of parent t: decayed in tracker c: decayed in calorimeter l: has left detector s: stopped o: overlay
[ DEBUG5 "MyRemoveOverlay"] [    c s ]
[ DEBUG5 "MyRemoveOverlay"] 
[ DEBUG7 "MyRemoveOverlay"] 		********** PFO AT INDEX 33 IS NOT OVERLAY **********
[ DEBUG8 "MyRemoveOverlay"] 
[ DEBUG8 "MyRemoveOverlay"] 		-------------------------------------------------------
[ DEBUG8 "MyRemoveOverlay"] 		Processing PFO at index 34
[ DEBUG5 "MyRemoveOverlay"] ------------------ ReconstructedParticle -----------------------------
[ DEBUG5 "MyRemoveOverlay"] Id                                                              0x4501
[ DEBUG5 "MyRemoveOverlay"] Compound                                                             0
[ DEBUG5 "MyRemoveOverlay"] Type                                                                22
[ DEBUG5 "MyRemoveOverlay"] Momentum (x,y,z)                       -2.66e-01, +2.78e-01, -2.96e-01
[ DEBUG5 "MyRemoveOverlay"] Mass [GeV]                                                    0.00e+00
[ DEBUG5 "MyRemoveOverlay"] Charge [e]                                                    0.00e+00
[ DEBUG5 "MyRemoveOverlay"] Energy [GeV]                                                  4.85e-01
[ DEBUG5 "MyRemoveOverlay"] ReferencePoint                         -1.26e+03, +1.32e+03, -1.40e+03
[ DEBUG5 "MyRemoveOverlay"] ParticleIDUsed                                                       0
[ DEBUG5 "MyRemoveOverlay"] GoodnessOfPID                                                 0.00e+00
[ DEBUG5 "MyRemoveOverlay"] Covariance p,E:  4.10e-03, -4.29e-03, 4.50e-03, 4.58e-03, -4.79e-03, 
[ DEBUG5 "MyRemoveOverlay"]                  5.11e-03, -7.50e-03, 7.85e-03, -8.37e-03, 1.37e-02
[ DEBUG5 "MyRemoveOverlay"] Particles id:    
[ DEBUG5 "MyRemoveOverlay"] Tracks id:    
[ DEBUG5 "MyRemoveOverlay"] Clusters id:  [00004196]
[ DEBUG5 "MyRemoveOverlay"] Particle ids ( [id], PDG, (type)): 
[ DEBUG5 "MyRemoveOverlay"]                  [00004502], 000000, (000000) 
[ DEBUG5 "MyRemoveOverlay"]                  [00004503], 000000, (000000) 
[ DEBUG5 "MyRemoveOverlay"]                  [00004504], 000000, (000000) 
[ DEBUG5 "MyRemoveOverlay"]                  [00004505], 000000, (000000) 
[ DEBUG5 "MyRemoveOverlay"] 
[ DEBUG5 "MyRemoveOverlay"] 
[ DEBUG0 "MyRemoveOverlay"] 	MCParticle at index: 0 has PDG: 22 and MCParticle to Cluster link weight is 9.78e-01
[ DEBUG0 "MyRemoveOverlay"] 	MCParticle at index: 0 with PDG code: 22 has highest link weight to input cluster
[ DEBUG0 "MyRemoveOverlay"] 	Cluster at index: 0 has highest link weight to MCParticle = 1.00e+00
[ DEBUG0 "MyRemoveOverlay"] 	Cluster linked to MCParticle with highest weight
[ DEBUG6 "MyRemoveOverlay"] 		Found a linked MCParticle to cluster
[ DEBUG5 "MyRemoveOverlay"] ----------------------------- MCParticle -----------------------------
[ DEBUG5 "MyRemoveOverlay"] Id                                                                3216
[ DEBUG5 "MyRemoveOverlay"] PDG                                                                 22
[ DEBUG5 "MyRemoveOverlay"] Energy [GeV]                                                  4.86e-01
[ DEBUG5 "MyRemoveOverlay"] Momentum [GeV] (x,y,z)                  -0.266317, 0.278459, -0.296557
[ DEBUG5 "MyRemoveOverlay"] Momentum at Endpoint[GeV] (x,y,z)                                -0, 0, -0
[ DEBUG5 "MyRemoveOverlay"] GeneratorStatus                                                      1
[ DEBUG5 "MyRemoveOverlay"] Vertex [mm] (x,y,z)               -0.000101781, 0.000141528, -0.258725
[ DEBUG5 "MyRemoveOverlay"] Endpoint [mm] (x,y,z)                      -1248.81, 1305.75, -1390.87
[ DEBUG5 "MyRemoveOverlay"] Mass [GeV]                                                   -5.27e-09
[ DEBUG5 "MyRemoveOverlay"] Charge                                                        0.00e+00
[ DEBUG5 "MyRemoveOverlay"] Parents                                                              1
[ DEBUG5 "MyRemoveOverlay"] Daughters                                                            0
[ DEBUG5 "MyRemoveOverlay"] simulator status bits: [sbvtcls]  s: created in simulation b: backscatter v: vertex is not endpoint of parent t: decayed in tracker c: decayed in calorimeter l: has left detector s: stopped o: overlay
[ DEBUG5 "MyRemoveOverlay"] [    c s ]
[ DEBUG5 "MyRemoveOverlay"] 
[ DEBUG7 "MyRemoveOverlay"] 		********** PFO AT INDEX 34 IS NOT OVERLAY **********
[ DEBUG8 "MyRemoveOverlay"] 
[ DEBUG8 "MyRemoveOverlay"] 		-------------------------------------------------------
[ DEBUG8 "MyRemoveOverlay"] 		Processing PFO at index 35
[ DEBUG5 "MyRemoveOverlay"] ------------------ ReconstructedParticle -----------------------------
[ DEBUG5 "MyRemoveOverlay"] Id                                                              0x4506
[ DEBUG5 "MyRemoveOverlay"] Compound                                                             0
[ DEBUG5 "MyRemoveOverlay"] Type                                                                22
[ DEBUG5 "MyRemoveOverlay"] Momentum (x,y,z)                       +4.52e-02, +1.40e-01, +7.82e-02
[ DEBUG5 "MyRemoveOverlay"] Mass [GeV]                                                    0.00e+00
[ DEBUG5 "MyRemoveOverlay"] Charge [e]                                                    0.00e+00
[ DEBUG5 "MyRemoveOverlay"] Energy [GeV]                                                  1.66e-01
[ DEBUG5 "MyRemoveOverlay"] ReferencePoint                         +5.89e+02, +1.83e+03, +1.02e+03
[ DEBUG5 "MyRemoveOverlay"] ParticleIDUsed                                                       0
[ DEBUG5 "MyRemoveOverlay"] GoodnessOfPID                                                 0.00e+00
[ DEBUG5 "MyRemoveOverlay"] Covariance p,E:  3.39e-04, 1.05e-03, 3.25e-03, 5.87e-04, 1.82e-03, 
[ DEBUG5 "MyRemoveOverlay"]                  1.02e-03, 1.25e-03, 3.87e-03, 2.16e-03, 4.61e-03
[ DEBUG5 "MyRemoveOverlay"] Particles id:    
[ DEBUG5 "MyRemoveOverlay"] Tracks id:    
[ DEBUG5 "MyRemoveOverlay"] Clusters id:  [00004197]
[ DEBUG5 "MyRemoveOverlay"] Particle ids ( [id], PDG, (type)): 
[ DEBUG5 "MyRemoveOverlay"]                  [00004507], 000000, (000000) 
[ DEBUG5 "MyRemoveOverlay"]                  [00004508], 000000, (000000) 
[ DEBUG5 "MyRemoveOverlay"]                  [00004509], 000000, (000000) 
[ DEBUG5 "MyRemoveOverlay"]                  [00004510], 000000, (000000) 
[ DEBUG5 "MyRemoveOverlay"] 
[ DEBUG5 "MyRemoveOverlay"] 
[ DEBUG0 "MyRemoveOverlay"] 	MCParticle at index: 0 has PDG: 22 and MCParticle to Cluster link weight is 1.00e+00
[ DEBUG0 "MyRemoveOverlay"] 	MCParticle at index: 0 with PDG code: 22 has highest link weight to input cluster
[ DEBUG0 "MyRemoveOverlay"] 	Cluster at index: 0 has highest link weight to MCParticle = 1.00e+00
[ DEBUG0 "MyRemoveOverlay"] 	Cluster linked to MCParticle with highest weight
[ DEBUG6 "MyRemoveOverlay"] 		Found a linked MCParticle to cluster
[ DEBUG5 "MyRemoveOverlay"] ----------------------------- MCParticle -----------------------------
[ DEBUG5 "MyRemoveOverlay"] Id                                                                3208
[ DEBUG5 "MyRemoveOverlay"] PDG                                                                 22
[ DEBUG5 "MyRemoveOverlay"] Energy [GeV]                                                  3.01e-01
[ DEBUG5 "MyRemoveOverlay"] Momentum [GeV] (x,y,z)                   0.0813022, 0.252507, 0.141655
[ DEBUG5 "MyRemoveOverlay"] Momentum at Endpoint[GeV] (x,y,z)                                  0, 0, 0
[ DEBUG5 "MyRemoveOverlay"] GeneratorStatus                                                      1
[ DEBUG5 "MyRemoveOverlay"] Vertex [mm] (x,y,z)                1.55215e-05, 0.000182934, -0.258535
[ DEBUG5 "MyRemoveOverlay"] Endpoint [mm] (x,y,z)                         581.669, 1806.54, 1013.2
[ DEBUG5 "MyRemoveOverlay"] Mass [GeV]                                                    7.45e-09
[ DEBUG5 "MyRemoveOverlay"] Charge                                                        0.00e+00
[ DEBUG5 "MyRemoveOverlay"] Parents                                                              1
[ DEBUG5 "MyRemoveOverlay"] Daughters                                                            0
[ DEBUG5 "MyRemoveOverlay"] simulator status bits: [sbvtcls]  s: created in simulation b: backscatter v: vertex is not endpoint of parent t: decayed in tracker c: decayed in calorimeter l: has left detector s: stopped o: overlay
[ DEBUG5 "MyRemoveOverlay"] [    c s ]
[ DEBUG5 "MyRemoveOverlay"] 
[ DEBUG7 "MyRemoveOverlay"] 		********** PFO AT INDEX 35 IS NOT OVERLAY **********
[ DEBUG8 "MyRemoveOverlay"] 
[ DEBUG8 "MyRemoveOverlay"] 		-------------------------------------------------------
[ DEBUG8 "MyRemoveOverlay"] 		Processing PFO at index 36
[ DEBUG5 "MyRemoveOverlay"] ------------------ ReconstructedParticle -----------------------------
[ DEBUG5 "MyRemoveOverlay"] Id                                                              0x4511
[ DEBUG5 "MyRemoveOverlay"] Compound                                                             0
[ DEBUG5 "MyRemoveOverlay"] Type                                                                22
[ DEBUG5 "MyRemoveOverlay"] Momentum (x,y,z)                       +5.75e-02, +7.42e-01, +5.91e-01
[ DEBUG5 "MyRemoveOverlay"] Mass [GeV]                                                    0.00e+00
[ DEBUG5 "MyRemoveOverlay"] Charge [e]                                                    0.00e+00
[ DEBUG5 "MyRemoveOverlay"] Energy [GeV]                                                  9.50e-01
[ DEBUG5 "MyRemoveOverlay"] ReferencePoint                         +1.44e+02, +1.86e+03, +1.48e+03
[ DEBUG5 "MyRemoveOverlay"] ParticleIDUsed                                                       0
[ DEBUG5 "MyRemoveOverlay"] GoodnessOfPID                                                 0.00e+00
[ DEBUG5 "MyRemoveOverlay"] Covariance p,E:  1.00e-04, 1.28e-03, 1.66e-02, 1.02e-03, 1.32e-02, 
[ DEBUG5 "MyRemoveOverlay"]                  1.05e-02, 1.64e-03, 2.12e-02, 1.69e-02, 2.72e-02
[ DEBUG5 "MyRemoveOverlay"] Particles id:    
[ DEBUG5 "MyRemoveOverlay"] Tracks id:    
[ DEBUG5 "MyRemoveOverlay"] Clusters id:  [00004198]
[ DEBUG5 "MyRemoveOverlay"] Particle ids ( [id], PDG, (type)): 
[ DEBUG5 "MyRemoveOverlay"]                  [00004512], 000000, (000000) 
[ DEBUG5 "MyRemoveOverlay"]                  [00004513], 000000, (000000) 
[ DEBUG5 "MyRemoveOverlay"]                  [00004514], 000000, (000000) 
[ DEBUG5 "MyRemoveOverlay"]                  [00004515], 000000, (000000) 
[ DEBUG5 "MyRemoveOverlay"] 
[ DEBUG5 "MyRemoveOverlay"] 
[ DEBUG0 "MyRemoveOverlay"] 	MCParticle at index: 0 has PDG: 22 and MCParticle to Cluster link weight is 9.81e-01
[ DEBUG0 "MyRemoveOverlay"] 	MCParticle at index: 0 with PDG code: 22 has highest link weight to input cluster
[ DEBUG0 "MyRemoveOverlay"] 	Cluster at index: 0 has highest link weight to MCParticle = 9.96e-01
[ DEBUG0 "MyRemoveOverlay"] 	Cluster linked to MCParticle with highest weight
[ DEBUG6 "MyRemoveOverlay"] 		Found a linked MCParticle to cluster
[ DEBUG5 "MyRemoveOverlay"] ----------------------------- MCParticle -----------------------------
[ DEBUG5 "MyRemoveOverlay"] Id                                                                3225
[ DEBUG5 "MyRemoveOverlay"] PDG                                                                 22
[ DEBUG5 "MyRemoveOverlay"] Energy [GeV]                                                  7.67e-01
[ DEBUG5 "MyRemoveOverlay"] Momentum [GeV] (x,y,z)                    0.046246, 0.598562, 0.477831
[ DEBUG5 "MyRemoveOverlay"] Momentum at Endpoint[GeV] (x,y,z)                                  0, 0, 0
[ DEBUG5 "MyRemoveOverlay"] GeneratorStatus                                                      1
[ DEBUG5 "MyRemoveOverlay"] Vertex [mm] (x,y,z)               -1.12783e-05, 0.000406565, -0.258266
[ DEBUG5 "MyRemoveOverlay"] Endpoint [mm] (x,y,z)                          139.62, 1807.1, 1442.34
[ DEBUG5 "MyRemoveOverlay"] Mass [GeV]                                                   -1.49e-08
[ DEBUG5 "MyRemoveOverlay"] Charge                                                        0.00e+00
[ DEBUG5 "MyRemoveOverlay"] Parents                                                              1
[ DEBUG5 "MyRemoveOverlay"] Daughters                                                            0
[ DEBUG5 "MyRemoveOverlay"] simulator status bits: [sbvtcls]  s: created in simulation b: backscatter v: vertex is not endpoint of parent t: decayed in tracker c: decayed in calorimeter l: has left detector s: stopped o: overlay
[ DEBUG5 "MyRemoveOverlay"] [    c s ]
[ DEBUG5 "MyRemoveOverlay"] 
[ DEBUG7 "MyRemoveOverlay"] 		********** PFO AT INDEX 36 IS NOT OVERLAY **********
[ DEBUG8 "MyRemoveOverlay"] 
[ DEBUG8 "MyRemoveOverlay"] 		-------------------------------------------------------
[ DEBUG8 "MyRemoveOverlay"] 		Processing PFO at index 37
[ DEBUG5 "MyRemoveOverlay"] ------------------ ReconstructedParticle -----------------------------
[ DEBUG5 "MyRemoveOverlay"] Id                                                              0x4516
[ DEBUG5 "MyRemoveOverlay"] Compound                                                             0
[ DEBUG5 "MyRemoveOverlay"] Type                                                                22
[ DEBUG5 "MyRemoveOverlay"] Momentum (x,y,z)                       -6.90e-02, +3.84e-01, +3.57e-01
[ DEBUG5 "MyRemoveOverlay"] Mass [GeV]                                                    0.00e+00
[ DEBUG5 "MyRemoveOverlay"] Charge [e]                                                    0.00e+00
[ DEBUG5 "MyRemoveOverlay"] Energy [GeV]                                                  5.29e-01
[ DEBUG5 "MyRemoveOverlay"] ReferencePoint                         -3.30e+02, +1.84e+03, +1.71e+03
[ DEBUG5 "MyRemoveOverlay"] ParticleIDUsed                                                       0
[ DEBUG5 "MyRemoveOverlay"] GoodnessOfPID                                                 0.00e+00
[ DEBUG5 "MyRemoveOverlay"] Covariance p,E:  2.57e-04, -1.42e-03, 7.92e-03, -1.33e-03, 7.38e-03, 
[ DEBUG5 "MyRemoveOverlay"]                  6.87e-03, -1.96e-03, 1.09e-02, 1.02e-02, 1.50e-02
[ DEBUG5 "MyRemoveOverlay"] Particles id:    
[ DEBUG5 "MyRemoveOverlay"] Tracks id:    
[ DEBUG5 "MyRemoveOverlay"] Clusters id:  [00004199]
[ DEBUG5 "MyRemoveOverlay"] Particle ids ( [id], PDG, (type)): 
[ DEBUG5 "MyRemoveOverlay"]                  [00004517], 000000, (000000) 
[ DEBUG5 "MyRemoveOverlay"]                  [00004518], 000000, (000000) 
[ DEBUG5 "MyRemoveOverlay"]                  [00004519], 000000, (000000) 
[ DEBUG5 "MyRemoveOverlay"]                  [00004520], 000000, (000000) 
[ DEBUG5 "MyRemoveOverlay"] 
[ DEBUG5 "MyRemoveOverlay"] 
[ DEBUG0 "MyRemoveOverlay"] 	MCParticle at index: 0 has PDG: 22 and MCParticle to Cluster link weight is 1.00e+00
[ DEBUG0 "MyRemoveOverlay"] 	MCParticle at index: 0 with PDG code: 22 has highest link weight to input cluster
[ DEBUG0 "MyRemoveOverlay"] 	Cluster at index: 0 has highest link weight to MCParticle = 9.90e-01
[ DEBUG0 "MyRemoveOverlay"] 	Cluster linked to MCParticle with highest weight
[ DEBUG6 "MyRemoveOverlay"] 		Found a linked MCParticle to cluster
[ DEBUG5 "MyRemoveOverlay"] ----------------------------- MCParticle -----------------------------
[ DEBUG5 "MyRemoveOverlay"] Id                                                                3226
[ DEBUG5 "MyRemoveOverlay"] PDG                                                                 22
[ DEBUG5 "MyRemoveOverlay"] Energy [GeV]                                                  5.70e-01
[ DEBUG5 "MyRemoveOverlay"] Momentum [GeV] (x,y,z)                  -0.0743543, 0.414701, 0.383602
[ DEBUG5 "MyRemoveOverlay"] Momentum at Endpoint[GeV] (x,y,z)                                 -0, 0, 0
[ DEBUG5 "MyRemoveOverlay"] GeneratorStatus                                                      1
[ DEBUG5 "MyRemoveOverlay"] Vertex [mm] (x,y,z)               -1.12783e-05, 0.000406565, -0.258266
[ DEBUG5 "MyRemoveOverlay"] Endpoint [mm] (x,y,z)                        -324.098, 1807.61, 1671.8
[ DEBUG5 "MyRemoveOverlay"] Mass [GeV]                                                    0.00e+00
[ DEBUG5 "MyRemoveOverlay"] Charge                                                        0.00e+00
[ DEBUG5 "MyRemoveOverlay"] Parents                                                              1
[ DEBUG5 "MyRemoveOverlay"] Daughters                                                            0
[ DEBUG5 "MyRemoveOverlay"] simulator status bits: [sbvtcls]  s: created in simulation b: backscatter v: vertex is not endpoint of parent t: decayed in tracker c: decayed in calorimeter l: has left detector s: stopped o: overlay
[ DEBUG5 "MyRemoveOverlay"] [    c s ]
[ DEBUG5 "MyRemoveOverlay"] 
[ DEBUG7 "MyRemoveOverlay"] 		********** PFO AT INDEX 37 IS NOT OVERLAY **********
[ DEBUG8 "MyRemoveOverlay"] 
[ DEBUG8 "MyRemoveOverlay"] 		-------------------------------------------------------
[ DEBUG8 "MyRemoveOverlay"] 		Processing PFO at index 38
[ DEBUG5 "MyRemoveOverlay"] ------------------ ReconstructedParticle -----------------------------
[ DEBUG5 "MyRemoveOverlay"] Id                                                              0x4521
[ DEBUG5 "MyRemoveOverlay"] Compound                                                             0
[ DEBUG5 "MyRemoveOverlay"] Type                                                                22
[ DEBUG5 "MyRemoveOverlay"] Momentum (x,y,z)                       -2.50e-01, +8.45e-02, +3.66e-01
[ DEBUG5 "MyRemoveOverlay"] Mass [GeV]                                                    0.00e+00
[ DEBUG5 "MyRemoveOverlay"] Charge [e]                                                    0.00e+00
[ DEBUG5 "MyRemoveOverlay"] Energy [GeV]                                                  4.52e-01
[ DEBUG5 "MyRemoveOverlay"] ReferencePoint                         -1.67e+03, +5.63e+02, +2.44e+03
[ DEBUG5 "MyRemoveOverlay"] ParticleIDUsed                                                       0
[ DEBUG5 "MyRemoveOverlay"] GoodnessOfPID                                                 0.00e+00
[ DEBUG5 "MyRemoveOverlay"] Covariance p,E:  3.95e-03, -1.33e-03, 4.52e-04, -5.78e-03, 1.95e-03, 
[ DEBUG5 "MyRemoveOverlay"]                  8.46e-03, -7.13e-03, 2.41e-03, 1.04e-02, 1.29e-02
[ DEBUG5 "MyRemoveOverlay"] Particles id:    
[ DEBUG5 "MyRemoveOverlay"] Tracks id:    
[ DEBUG5 "MyRemoveOverlay"] Clusters id:  [00004200]
[ DEBUG5 "MyRemoveOverlay"] Particle ids ( [id], PDG, (type)): 
[ DEBUG5 "MyRemoveOverlay"]                  [00004522], 000000, (000000) 
[ DEBUG5 "MyRemoveOverlay"]                  [00004523], 000000, (000000) 
[ DEBUG5 "MyRemoveOverlay"]                  [00004524], 000000, (000000) 
[ DEBUG5 "MyRemoveOverlay"]                  [00004525], 000000, (000000) 
[ DEBUG5 "MyRemoveOverlay"] 
[ DEBUG5 "MyRemoveOverlay"] 
[ DEBUG6 "MyRemoveOverlay"] 		Cluster is not linked to a MCParticle
[ DEBUG7 "MyRemoveOverlay"] 		********** PFO AT INDEX 38 IS NOT OVERLAY **********
[ DEBUG8 "MyRemoveOverlay"] 
[ DEBUG8 "MyRemoveOverlay"] 		-------------------------------------------------------
[ DEBUG8 "MyRemoveOverlay"] 		Processing PFO at index 39
[ DEBUG5 "MyRemoveOverlay"] ------------------ ReconstructedParticle -----------------------------
[ DEBUG5 "MyRemoveOverlay"] Id                                                              0x4526
[ DEBUG5 "MyRemoveOverlay"] Compound                                                             0
[ DEBUG5 "MyRemoveOverlay"] Type                                                              2112
[ DEBUG5 "MyRemoveOverlay"] Momentum (x,y,z)                       -7.83e-01, +7.75e+00, +1.55e+01
[ DEBUG5 "MyRemoveOverlay"] Mass [GeV]                                                    9.40e-01
[ DEBUG5 "MyRemoveOverlay"] Charge [e]                                                    0.00e+00
[ DEBUG5 "MyRemoveOverlay"] Energy [GeV]                                                  1.73e+01
[ DEBUG5 "MyRemoveOverlay"] ReferencePoint                         -1.43e+02, +1.42e+03, +2.83e+03
[ DEBUG5 "MyRemoveOverlay"] ParticleIDUsed                                                       0
[ DEBUG5 "MyRemoveOverlay"] GoodnessOfPID                                                 0.00e+00
[ DEBUG5 "MyRemoveOverlay"] Covariance p,E:  1.44e-02, -1.32e-01, 1.31e+00, -2.64e-01, 2.61e+00, 
[ DEBUG5 "MyRemoveOverlay"]                  5.22e+00, -2.95e-01, 2.92e+00, 5.83e+00, 6.51e+00
[ DEBUG5 "MyRemoveOverlay"] Particles id:    
[ DEBUG5 "MyRemoveOverlay"] Tracks id:    
[ DEBUG5 "MyRemoveOverlay"] Clusters id:  [00004201]
[ DEBUG5 "MyRemoveOverlay"] Particle ids ( [id], PDG, (type)): 
[ DEBUG5 "MyRemoveOverlay"]                  [00004527], 000000, (000000) 
[ DEBUG5 "MyRemoveOverlay"]                  [00004528], 000000, (000000) 
[ DEBUG5 "MyRemoveOverlay"]                  [00004529], 000000, (000000) 
[ DEBUG5 "MyRemoveOverlay"]                  [00004530], 000000, (000000) 
[ DEBUG5 "MyRemoveOverlay"] 
[ DEBUG5 "MyRemoveOverlay"] 
[ DEBUG6 "MyRemoveOverlay"] 		Cluster is not linked to a MCParticle
[ DEBUG7 "MyRemoveOverlay"] 		********** PFO AT INDEX 39 IS NOT OVERLAY **********
[ DEBUG8 "MyRemoveOverlay"] 
[ DEBUG8 "MyRemoveOverlay"] 		-------------------------------------------------------
[ DEBUG8 "MyRemoveOverlay"] 		Processing PFO at index 40
[ DEBUG5 "MyRemoveOverlay"] ------------------ ReconstructedParticle -----------------------------
[ DEBUG5 "MyRemoveOverlay"] Id                                                              0x4531
[ DEBUG5 "MyRemoveOverlay"] Compound                                                             0
[ DEBUG5 "MyRemoveOverlay"] Type                                                                22
[ DEBUG5 "MyRemoveOverlay"] Momentum (x,y,z)                       -5.93e-03, +8.03e-02, +1.49e-01
[ DEBUG5 "MyRemoveOverlay"] Mass [GeV]                                                    0.00e+00
[ DEBUG5 "MyRemoveOverlay"] Charge [e]                                                    0.00e+00
[ DEBUG5 "MyRemoveOverlay"] Energy [GeV]                                                  1.69e-01
[ DEBUG5 "MyRemoveOverlay"] ReferencePoint                         -9.72e+01, +1.31e+03, +2.44e+03
[ DEBUG5 "MyRemoveOverlay"] ParticleIDUsed                                                       0
[ DEBUG5 "MyRemoveOverlay"] GoodnessOfPID                                                 0.00e+00
[ DEBUG5 "MyRemoveOverlay"] Covariance p,E:  5.93e-06, -7.95e-05, 1.08e-03, -1.48e-04, 2.00e-03, 
[ DEBUG5 "MyRemoveOverlay"]                  3.71e-03, -1.68e-04, 2.27e-03, 4.21e-03, 4.79e-03
[ DEBUG5 "MyRemoveOverlay"] Particles id:    
[ DEBUG5 "MyRemoveOverlay"] Tracks id:    
[ DEBUG5 "MyRemoveOverlay"] Clusters id:  [00004202]
[ DEBUG5 "MyRemoveOverlay"] Particle ids ( [id], PDG, (type)): 
[ DEBUG5 "MyRemoveOverlay"]                  [00004532], 000000, (000000) 
[ DEBUG5 "MyRemoveOverlay"]                  [00004533], 000000, (000000) 
[ DEBUG5 "MyRemoveOverlay"]                  [00004534], 000000, (000000) 
[ DEBUG5 "MyRemoveOverlay"]                  [00004535], 000000, (000000) 
[ DEBUG5 "MyRemoveOverlay"] 
[ DEBUG5 "MyRemoveOverlay"] 
[ DEBUG0 "MyRemoveOverlay"] 	MCParticle at index: 1 has PDG: 22 and MCParticle to Cluster link weight is 9.68e-01
[ DEBUG0 "MyRemoveOverlay"] 	MCParticle at index: 1 with PDG code: 22 has highest link weight to input cluster
[ DEBUG0 "MyRemoveOverlay"] 	Cluster at index: 0 has highest link weight to MCParticle = 1.00e+00
[ DEBUG0 "MyRemoveOverlay"] 	Cluster linked to MCParticle with highest weight
[ DEBUG6 "MyRemoveOverlay"] 		Found a linked MCParticle to cluster
[ DEBUG5 "MyRemoveOverlay"] ----------------------------- MCParticle -----------------------------
[ DEBUG5 "MyRemoveOverlay"] Id                                                                3251
[ DEBUG5 "MyRemoveOverlay"] PDG                                                                 22
[ DEBUG5 "MyRemoveOverlay"] Energy [GeV]                                                  1.47e-01
[ DEBUG5 "MyRemoveOverlay"] Momentum [GeV] (x,y,z)                 0.000861407, 0.070446, 0.128768
[ DEBUG5 "MyRemoveOverlay"] Momentum at Endpoint[GeV] (x,y,z)                                  0, 0, 0
[ DEBUG5 "MyRemoveOverlay"] GeneratorStatus                                                      0
[ DEBUG5 "MyRemoveOverlay"] Vertex [mm] (x,y,z)                         -106.683, 311.228, 604.983
[ DEBUG5 "MyRemoveOverlay"] Endpoint [mm] (x,y,z)                       -94.5863, 1300.51, 2413.28
[ DEBUG5 "MyRemoveOverlay"] Mass [GeV]                                                    0.00e+00
[ DEBUG5 "MyRemoveOverlay"] Charge                                                        0.00e+00
[ DEBUG5 "MyRemoveOverlay"] Parents                                                              1
[ DEBUG5 "MyRemoveOverlay"] Daughters                                                            0
[ DEBUG5 "MyRemoveOverlay"] simulator status bits: [sbvtcls]  s: created in simulation b: backscatter v: vertex is not endpoint of parent t: decayed in tracker c: decayed in calorimeter l: has left detector s: stopped o: overlay
[ DEBUG5 "MyRemoveOverlay"] [s v c s ]
[ DEBUG5 "MyRemoveOverlay"] 
[ DEBUG7 "MyRemoveOverlay"] 		********** PFO AT INDEX 40 IS NOT OVERLAY **********
[ DEBUG8 "MyRemoveOverlay"] 
[ DEBUG8 "MyRemoveOverlay"] 		-------------------------------------------------------
[ DEBUG8 "MyRemoveOverlay"] 		Processing PFO at index 41
[ DEBUG5 "MyRemoveOverlay"] ------------------ ReconstructedParticle -----------------------------
[ DEBUG5 "MyRemoveOverlay"] Id                                                              0x4536
[ DEBUG5 "MyRemoveOverlay"] Compound                                                             0
[ DEBUG5 "MyRemoveOverlay"] Type                                                                22
[ DEBUG5 "MyRemoveOverlay"] Momentum (x,y,z)                       +1.59e-02, +3.25e-03, +7.12e-02
[ DEBUG5 "MyRemoveOverlay"] Mass [GeV]                                                    0.00e+00
[ DEBUG5 "MyRemoveOverlay"] Charge [e]                                                    0.00e+00
[ DEBUG5 "MyRemoveOverlay"] Energy [GeV]                                                  7.30e-02
[ DEBUG5 "MyRemoveOverlay"] ReferencePoint                         +5.43e+02, +1.11e+02, +2.43e+03
[ DEBUG5 "MyRemoveOverlay"] ParticleIDUsed                                                       0
[ DEBUG5 "MyRemoveOverlay"] GoodnessOfPID                                                 0.00e+00
[ DEBUG5 "MyRemoveOverlay"] Covariance p,E:  9.73e-05, 1.99e-05, 4.11e-06, 4.36e-04, 8.92e-05, 
[ DEBUG5 "MyRemoveOverlay"]                  1.95e-03, 4.47e-04, 9.15e-05, 2.00e-03, 2.05e-03
[ DEBUG5 "MyRemoveOverlay"] Particles id:    
[ DEBUG5 "MyRemoveOverlay"] Tracks id:    
[ DEBUG5 "MyRemoveOverlay"] Clusters id:  [00004203]
[ DEBUG5 "MyRemoveOverlay"] Particle ids ( [id], PDG, (type)): 
[ DEBUG5 "MyRemoveOverlay"]                  [00004537], 000000, (000000) 
[ DEBUG5 "MyRemoveOverlay"]                  [00004538], 000000, (000000) 
[ DEBUG5 "MyRemoveOverlay"]                  [00004539], 000000, (000000) 
[ DEBUG5 "MyRemoveOverlay"]                  [00004540], 000000, (000000) 
[ DEBUG5 "MyRemoveOverlay"] 
[ DEBUG5 "MyRemoveOverlay"] 
[ DEBUG6 "MyRemoveOverlay"] 		Cluster is not linked to a MCParticle
[ DEBUG7 "MyRemoveOverlay"] 		********** PFO AT INDEX 41 IS NOT OVERLAY **********
[ DEBUG8 "MyRemoveOverlay"] 
[ DEBUG8 "MyRemoveOverlay"] 		-------------------------------------------------------
[ DEBUG8 "MyRemoveOverlay"] 		Processing PFO at index 42
[ DEBUG5 "MyRemoveOverlay"] ------------------ ReconstructedParticle -----------------------------
[ DEBUG5 "MyRemoveOverlay"] Id                                                              0x4541
[ DEBUG5 "MyRemoveOverlay"] Compound                                                             0
[ DEBUG5 "MyRemoveOverlay"] Type                                                                22
[ DEBUG5 "MyRemoveOverlay"] Momentum (x,y,z)                       -2.27e-01, +6.29e-01, -1.44e+00
[ DEBUG5 "MyRemoveOverlay"] Mass [GeV]                                                    0.00e+00
[ DEBUG5 "MyRemoveOverlay"] Charge [e]                                                    0.00e+00
[ DEBUG5 "MyRemoveOverlay"] Energy [GeV]                                                  1.59e+00
[ DEBUG5 "MyRemoveOverlay"] ReferencePoint                         -3.89e+02, +1.08e+03, -2.47e+03
[ DEBUG5 "MyRemoveOverlay"] ParticleIDUsed                                                       0
[ DEBUG5 "MyRemoveOverlay"] GoodnessOfPID                                                 0.00e+00
[ DEBUG5 "MyRemoveOverlay"] Covariance p,E:  9.87e-04, -2.66e-03, 7.25e-03, 5.91e-03, -1.64e-02, 
[ DEBUG5 "MyRemoveOverlay"]                  3.78e-02, -6.56e-03, 1.81e-02, -4.16e-02, 4.59e-02
[ DEBUG5 "MyRemoveOverlay"] Particles id:    
[ DEBUG5 "MyRemoveOverlay"] Tracks id:    
[ DEBUG5 "MyRemoveOverlay"] Clusters id:  [00004204]
[ DEBUG5 "MyRemoveOverlay"] Particle ids ( [id], PDG, (type)): 
[ DEBUG5 "MyRemoveOverlay"]                  [00004542], 000000, (000000) 
[ DEBUG5 "MyRemoveOverlay"]                  [00004543], 000000, (000000) 
[ DEBUG5 "MyRemoveOverlay"]                  [00004544], 000000, (000000) 
[ DEBUG5 "MyRemoveOverlay"]                  [00004545], 000000, (000000) 
[ DEBUG5 "MyRemoveOverlay"] 
[ DEBUG5 "MyRemoveOverlay"] 
[ DEBUG6 "MyRemoveOverlay"] 		Cluster is not linked to a MCParticle
[ DEBUG7 "MyRemoveOverlay"] 		********** PFO AT INDEX 42 IS NOT OVERLAY **********
[ DEBUG8 "MyRemoveOverlay"] 
[ DEBUG8 "MyRemoveOverlay"] 		-------------------------------------------------------
[ DEBUG8 "MyRemoveOverlay"] 		Processing PFO at index 43
[ DEBUG5 "MyRemoveOverlay"] ------------------ ReconstructedParticle -----------------------------
[ DEBUG5 "MyRemoveOverlay"] Id                                                              0x4546
[ DEBUG5 "MyRemoveOverlay"] Compound                                                             0
[ DEBUG5 "MyRemoveOverlay"] Type                                                                22
[ DEBUG5 "MyRemoveOverlay"] Momentum (x,y,z)                       -7.32e-02, +7.56e-02, -1.03e-01
[ DEBUG5 "MyRemoveOverlay"] Mass [GeV]                                                    0.00e+00
[ DEBUG5 "MyRemoveOverlay"] Charge [e]                                                    0.00e+00
[ DEBUG5 "MyRemoveOverlay"] Energy [GeV]                                                  1.47e-01
[ DEBUG5 "MyRemoveOverlay"] ReferencePoint                         -1.27e+03, +1.32e+03, -1.79e+03
[ DEBUG5 "MyRemoveOverlay"] ParticleIDUsed                                                       0
[ DEBUG5 "MyRemoveOverlay"] GoodnessOfPID                                                 0.00e+00
[ DEBUG5 "MyRemoveOverlay"] Covariance p,E:  1.03e-03, -1.06e-03, 1.09e-03, 1.44e-03, -1.49e-03, 
[ DEBUG5 "MyRemoveOverlay"]                  2.03e-03, -2.06e-03, 2.13e-03, -2.90e-03, 4.15e-03
[ DEBUG5 "MyRemoveOverlay"] Particles id:    
[ DEBUG5 "MyRemoveOverlay"] Tracks id:    
[ DEBUG5 "MyRemoveOverlay"] Clusters id:  [00004205]
[ DEBUG5 "MyRemoveOverlay"] Particle ids ( [id], PDG, (type)): 
[ DEBUG5 "MyRemoveOverlay"]                  [00004547], 000000, (000000) 
[ DEBUG5 "MyRemoveOverlay"]                  [00004548], 000000, (000000) 
[ DEBUG5 "MyRemoveOverlay"]                  [00004549], 000000, (000000) 
[ DEBUG5 "MyRemoveOverlay"]                  [00004550], 000000, (000000) 
[ DEBUG5 "MyRemoveOverlay"] 
[ DEBUG5 "MyRemoveOverlay"] 
[ DEBUG0 "MyRemoveOverlay"] 	MCParticle at index: 0 has PDG: 211 and MCParticle to Cluster link weight is 1.00e+00
[ DEBUG0 "MyRemoveOverlay"] 	MCParticle at index: 0 with PDG code: 211 has highest link weight to input cluster
[ DEBUG6 "MyRemoveOverlay"] 		Cluster is not linked to a MCParticle
[ DEBUG7 "MyRemoveOverlay"] 		********** PFO AT INDEX 43 IS NOT OVERLAY **********
[ DEBUG8 "MyRemoveOverlay"] 
[ DEBUG8 "MyRemoveOverlay"] 		-------------------------------------------------------
[ DEBUG8 "MyRemoveOverlay"] 		Processing PFO at index 44
[ DEBUG5 "MyRemoveOverlay"] ------------------ ReconstructedParticle -----------------------------
[ DEBUG5 "MyRemoveOverlay"] Id                                                              0x4551
[ DEBUG5 "MyRemoveOverlay"] Compound                                                             0
[ DEBUG5 "MyRemoveOverlay"] Type                                                                22
[ DEBUG5 "MyRemoveOverlay"] Momentum (x,y,z)                       +1.40e-02, +1.42e-04, +5.31e-02
[ DEBUG5 "MyRemoveOverlay"] Mass [GeV]                                                    0.00e+00
[ DEBUG5 "MyRemoveOverlay"] Charge [e]                                                    0.00e+00
[ DEBUG5 "MyRemoveOverlay"] Energy [GeV]                                                  5.49e-02
[ DEBUG5 "MyRemoveOverlay"] ReferencePoint                         +6.43e+02, +6.48e+00, +2.43e+03
[ DEBUG5 "MyRemoveOverlay"] ParticleIDUsed                                                       0
[ DEBUG5 "MyRemoveOverlay"] GoodnessOfPID                                                 0.00e+00
[ DEBUG5 "MyRemoveOverlay"] Covariance p,E:  1.01e-04, 1.02e-06, 1.20e-08, 3.81e-04, 3.84e-06, 
[ DEBUG5 "MyRemoveOverlay"]                  1.44e-03, 3.94e-04, 3.97e-06, 1.49e-03, 1.54e-03
[ DEBUG5 "MyRemoveOverlay"] Particles id:    
[ DEBUG5 "MyRemoveOverlay"] Tracks id:    
[ DEBUG5 "MyRemoveOverlay"] Clusters id:  [00004206]
[ DEBUG5 "MyRemoveOverlay"] Particle ids ( [id], PDG, (type)): 
[ DEBUG5 "MyRemoveOverlay"]                  [00004552], 000000, (000000) 
[ DEBUG5 "MyRemoveOverlay"]                  [00004553], 000000, (000000) 
[ DEBUG5 "MyRemoveOverlay"]                  [00004554], 000000, (000000) 
[ DEBUG5 "MyRemoveOverlay"]                  [00004555], 000000, (000000) 
[ DEBUG5 "MyRemoveOverlay"] 
[ DEBUG5 "MyRemoveOverlay"] 
[ DEBUG0 "MyRemoveOverlay"] 	MCParticle at index: 0 has PDG: 22 and MCParticle to Cluster link weight is 1.00e+00
[ DEBUG0 "MyRemoveOverlay"] 	MCParticle at index: 0 with PDG code: 22 has highest link weight to input cluster
[ DEBUG0 "MyRemoveOverlay"] 	Cluster at index: 0 has highest link weight to MCParticle = 1.00e+00
[ DEBUG0 "MyRemoveOverlay"] 	Cluster linked to MCParticle with highest weight
[ DEBUG6 "MyRemoveOverlay"] 		Found a linked MCParticle to cluster
[ DEBUG5 "MyRemoveOverlay"] ----------------------------- MCParticle -----------------------------
[ DEBUG5 "MyRemoveOverlay"] Id                                                                3281
[ DEBUG5 "MyRemoveOverlay"] PDG                                                                 22
[ DEBUG5 "MyRemoveOverlay"] Energy [GeV]                                                  5.08e-02
[ DEBUG5 "MyRemoveOverlay"] Momentum [GeV] (x,y,z)              0.0178836, -0.000769728, 0.0475117
[ DEBUG5 "MyRemoveOverlay"] Momentum at Endpoint[GeV] (x,y,z)                                 0, -0, 0
[ DEBUG5 "MyRemoveOverlay"] GeneratorStatus                                                      0
[ DEBUG5 "MyRemoveOverlay"] Vertex [mm] (x,y,z)                          -42.3163, 34.163, 606.253
[ DEBUG5 "MyRemoveOverlay"] Endpoint [mm] (x,y,z)                         640.84, 4.75927, 2421.21
[ DEBUG5 "MyRemoveOverlay"] Mass [GeV]                                                    0.00e+00
[ DEBUG5 "MyRemoveOverlay"] Charge                                                        0.00e+00
[ DEBUG5 "MyRemoveOverlay"] Parents                                                              1
[ DEBUG5 "MyRemoveOverlay"] Daughters                                                            0
[ DEBUG5 "MyRemoveOverlay"] simulator status bits: [sbvtcls]  s: created in simulation b: backscatter v: vertex is not endpoint of parent t: decayed in tracker c: decayed in calorimeter l: has left detector s: stopped o: overlay
[ DEBUG5 "MyRemoveOverlay"] [s v c so]
[ DEBUG5 "MyRemoveOverlay"] 
[ DEBUG7 "MyRemoveOverlay"] 		********** PFO AT INDEX 44 IS OVERLAY **********
[ DEBUG8 "MyRemoveOverlay"] 
[ DEBUG8 "MyRemoveOverlay"] 		-------------------------------------------------------
[ DEBUG8 "MyRemoveOverlay"] 		Processing PFO at index 45
[ DEBUG5 "MyRemoveOverlay"] ------------------ ReconstructedParticle -----------------------------
[ DEBUG5 "MyRemoveOverlay"] Id                                                              0x4556
[ DEBUG5 "MyRemoveOverlay"] Compound                                                             0
[ DEBUG5 "MyRemoveOverlay"] Type                                                                22
[ DEBUG5 "MyRemoveOverlay"] Momentum (x,y,z)                       -8.49e-03, +1.47e-02, +1.57e-01
[ DEBUG5 "MyRemoveOverlay"] Mass [GeV]                                                    0.00e+00
[ DEBUG5 "MyRemoveOverlay"] Charge [e]                                                    0.00e+00
[ DEBUG5 "MyRemoveOverlay"] Energy [GeV]                                                  1.58e-01
[ DEBUG5 "MyRemoveOverlay"] ReferencePoint                         -1.33e+02, +2.29e+02, +2.45e+03
[ DEBUG5 "MyRemoveOverlay"] ParticleIDUsed                                                       0
[ DEBUG5 "MyRemoveOverlay"] GoodnessOfPID                                                 0.00e+00
[ DEBUG5 "MyRemoveOverlay"] Covariance p,E:  1.34e-05, -2.15e-05, 4.00e-05, -2.38e-04, 4.12e-04, 
[ DEBUG5 "MyRemoveOverlay"]                  4.40e-03, -2.40e-04, 4.15e-04, 4.43e-03, 4.46e-03
[ DEBUG5 "MyRemoveOverlay"] Particles id:    
[ DEBUG5 "MyRemoveOverlay"] Tracks id:    
[ DEBUG5 "MyRemoveOverlay"] Clusters id:  [00004207]
[ DEBUG5 "MyRemoveOverlay"] Particle ids ( [id], PDG, (type)): 
[ DEBUG5 "MyRemoveOverlay"]                  [00004557], 000000, (000000) 
[ DEBUG5 "MyRemoveOverlay"]                  [00004558], 000000, (000000) 
[ DEBUG5 "MyRemoveOverlay"]                  [00004559], 000000, (000000) 
[ DEBUG5 "MyRemoveOverlay"]                  [00004560], 000000, (000000) 
[ DEBUG5 "MyRemoveOverlay"] 
[ DEBUG5 "MyRemoveOverlay"] 
[ DEBUG6 "MyRemoveOverlay"] 		Cluster is not linked to a MCParticle
[ DEBUG7 "MyRemoveOverlay"] 		********** PFO AT INDEX 45 IS NOT OVERLAY **********
[ DEBUG8 "MyRemoveOverlay"] 
[ DEBUG8 "MyRemoveOverlay"] 		-------------------------------------------------------
[ DEBUG8 "MyRemoveOverlay"] 		Processing PFO at index 46
[ DEBUG5 "MyRemoveOverlay"] ------------------ ReconstructedParticle -----------------------------
[ DEBUG5 "MyRemoveOverlay"] Id                                                              0x4561
[ DEBUG5 "MyRemoveOverlay"] Compound                                                             0
[ DEBUG5 "MyRemoveOverlay"] Type                                                                22
[ DEBUG5 "MyRemoveOverlay"] Momentum (x,y,z)                       -5.91e-01, +5.68e-01, -6.65e-01
[ DEBUG5 "MyRemoveOverlay"] Mass [GeV]                                                    0.00e+00
[ DEBUG5 "MyRemoveOverlay"] Charge [e]                                                    0.00e+00
[ DEBUG5 "MyRemoveOverlay"] Energy [GeV]                                                  1.06e+00
[ DEBUG5 "MyRemoveOverlay"] ReferencePoint                         -1.33e+03, +1.28e+03, -1.50e+03
[ DEBUG5 "MyRemoveOverlay"] ParticleIDUsed                                                       0
[ DEBUG5 "MyRemoveOverlay"] GoodnessOfPID                                                 0.00e+00
[ DEBUG5 "MyRemoveOverlay"] Covariance p,E:  9.47e-03, -9.10e-03, 8.75e-03, 1.07e-02, -1.03e-02, 
[ DEBUG5 "MyRemoveOverlay"]                  1.20e-02, -1.69e-02, 1.63e-02, -1.90e-02, 3.02e-02
[ DEBUG5 "MyRemoveOverlay"] Particles id:    
[ DEBUG5 "MyRemoveOverlay"] Tracks id:    
[ DEBUG5 "MyRemoveOverlay"] Clusters id:  [00004208]
[ DEBUG5 "MyRemoveOverlay"] Particle ids ( [id], PDG, (type)): 
[ DEBUG5 "MyRemoveOverlay"]                  [00004562], 000000, (000000) 
[ DEBUG5 "MyRemoveOverlay"]                  [00004563], 000000, (000000) 
[ DEBUG5 "MyRemoveOverlay"]                  [00004564], 000000, (000000) 
[ DEBUG5 "MyRemoveOverlay"]                  [00004565], 000000, (000000) 
[ DEBUG5 "MyRemoveOverlay"] 
[ DEBUG5 "MyRemoveOverlay"] 
[ DEBUG0 "MyRemoveOverlay"] 	MCParticle at index: 0 has PDG: 22 and MCParticle to Cluster link weight is 9.85e-01
[ DEBUG0 "MyRemoveOverlay"] 	MCParticle at index: 0 with PDG code: 22 has highest link weight to input cluster
[ DEBUG0 "MyRemoveOverlay"] 	Cluster at index: 0 has highest link weight to MCParticle = 1.00e+00
[ DEBUG0 "MyRemoveOverlay"] 	Cluster linked to MCParticle with highest weight
[ DEBUG6 "MyRemoveOverlay"] 		Found a linked MCParticle to cluster
[ DEBUG5 "MyRemoveOverlay"] ----------------------------- MCParticle -----------------------------
[ DEBUG5 "MyRemoveOverlay"] Id                                                                3234
[ DEBUG5 "MyRemoveOverlay"] PDG                                                                 22
[ DEBUG5 "MyRemoveOverlay"] Energy [GeV]                                                  6.78e-01
[ DEBUG5 "MyRemoveOverlay"] Momentum [GeV] (x,y,z)                  -0.379249, 0.365702, -0.426417
[ DEBUG5 "MyRemoveOverlay"] Momentum at Endpoint[GeV] (x,y,z)                                -0, 0, -0
[ DEBUG5 "MyRemoveOverlay"] GeneratorStatus                                                      1
[ DEBUG5 "MyRemoveOverlay"] Vertex [mm] (x,y,z)               -3.68033e-05, 3.42755e-05, -0.258658
[ DEBUG5 "MyRemoveOverlay"] Endpoint [mm] (x,y,z)                      -1310.65, 1263.83, -1473.92
[ DEBUG5 "MyRemoveOverlay"] Mass [GeV]                                                    1.49e-08
[ DEBUG5 "MyRemoveOverlay"] Charge                                                        0.00e+00
[ DEBUG5 "MyRemoveOverlay"] Parents                                                              1
[ DEBUG5 "MyRemoveOverlay"] Daughters                                                            0
[ DEBUG5 "MyRemoveOverlay"] simulator status bits: [sbvtcls]  s: created in simulation b: backscatter v: vertex is not endpoint of parent t: decayed in tracker c: decayed in calorimeter l: has left detector s: stopped o: overlay
[ DEBUG5 "MyRemoveOverlay"] [    c s ]
[ DEBUG5 "MyRemoveOverlay"] 
[ DEBUG7 "MyRemoveOverlay"] 		********** PFO AT INDEX 46 IS NOT OVERLAY **********
[ DEBUG8 "MyRemoveOverlay"] 
[ DEBUG8 "MyRemoveOverlay"] 		-------------------------------------------------------
[ DEBUG8 "MyRemoveOverlay"] 		Processing PFO at index 47
[ DEBUG5 "MyRemoveOverlay"] ------------------ ReconstructedParticle -----------------------------
[ DEBUG5 "MyRemoveOverlay"] Id                                                              0x4566
[ DEBUG5 "MyRemoveOverlay"] Compound                                                             0
[ DEBUG5 "MyRemoveOverlay"] Type                                                                22
[ DEBUG5 "MyRemoveOverlay"] Momentum (x,y,z)                       -4.86e-02, +3.18e-01, +8.80e-02
[ DEBUG5 "MyRemoveOverlay"] Mass [GeV]                                                    0.00e+00
[ DEBUG5 "MyRemoveOverlay"] Charge [e]                                                    0.00e+00
[ DEBUG5 "MyRemoveOverlay"] Energy [GeV]                                                  3.34e-01
[ DEBUG5 "MyRemoveOverlay"] ReferencePoint                         -2.84e+02, +1.86e+03, +5.14e+02
[ DEBUG5 "MyRemoveOverlay"] ParticleIDUsed                                                       0
[ DEBUG5 "MyRemoveOverlay"] GoodnessOfPID                                                 0.00e+00
[ DEBUG5 "MyRemoveOverlay"] Covariance p,E:  2.02e-04, -1.31e-03, 8.60e-03, -3.64e-04, 2.38e-03, 
[ DEBUG5 "MyRemoveOverlay"]                  6.60e-04, -1.38e-03, 9.02e-03, 2.50e-03, 9.46e-03
[ DEBUG5 "MyRemoveOverlay"] Particles id:    
[ DEBUG5 "MyRemoveOverlay"] Tracks id:    
[ DEBUG5 "MyRemoveOverlay"] Clusters id:  [00004209]
[ DEBUG5 "MyRemoveOverlay"] Particle ids ( [id], PDG, (type)): 
[ DEBUG5 "MyRemoveOverlay"]                  [00004567], 000000, (000000) 
[ DEBUG5 "MyRemoveOverlay"]                  [00004568], 000000, (000000) 
[ DEBUG5 "MyRemoveOverlay"]                  [00004569], 000000, (000000) 
[ DEBUG5 "MyRemoveOverlay"]                  [00004570], 000000, (000000) 
[ DEBUG5 "MyRemoveOverlay"] 
[ DEBUG5 "MyRemoveOverlay"] 
[ DEBUG0 "MyRemoveOverlay"] 	MCParticle at index: 0 has PDG: 22 and MCParticle to Cluster link weight is 1.00e+00
[ DEBUG0 "MyRemoveOverlay"] 	MCParticle at index: 0 with PDG code: 22 has highest link weight to input cluster
[ DEBUG0 "MyRemoveOverlay"] 	Cluster at index: 0 has highest link weight to MCParticle = 1.00e+00
[ DEBUG0 "MyRemoveOverlay"] 	Cluster linked to MCParticle with highest weight
[ DEBUG6 "MyRemoveOverlay"] 		Found a linked MCParticle to cluster
[ DEBUG5 "MyRemoveOverlay"] ----------------------------- MCParticle -----------------------------
[ DEBUG5 "MyRemoveOverlay"] Id                                                                3209
[ DEBUG5 "MyRemoveOverlay"] PDG                                                                 22
[ DEBUG5 "MyRemoveOverlay"] Energy [GeV]                                                  2.68e-01
[ DEBUG5 "MyRemoveOverlay"] Momentum [GeV] (x,y,z)                  -0.0381669, 0.25588, 0.0710304
[ DEBUG5 "MyRemoveOverlay"] Momentum at Endpoint[GeV] (x,y,z)                                 -0, 0, 0
[ DEBUG5 "MyRemoveOverlay"] GeneratorStatus                                                      1
[ DEBUG5 "MyRemoveOverlay"] Vertex [mm] (x,y,z)                1.55215e-05, 0.000182934, -0.258535
[ DEBUG5 "MyRemoveOverlay"] Endpoint [mm] (x,y,z)                        -271.723, 1821.7, 505.431
[ DEBUG5 "MyRemoveOverlay"] Mass [GeV]                                                   -3.73e-09
[ DEBUG5 "MyRemoveOverlay"] Charge                                                        0.00e+00
[ DEBUG5 "MyRemoveOverlay"] Parents                                                              1
[ DEBUG5 "MyRemoveOverlay"] Daughters                                                            0
[ DEBUG5 "MyRemoveOverlay"] simulator status bits: [sbvtcls]  s: created in simulation b: backscatter v: vertex is not endpoint of parent t: decayed in tracker c: decayed in calorimeter l: has left detector s: stopped o: overlay
[ DEBUG5 "MyRemoveOverlay"] [    c s ]
[ DEBUG5 "MyRemoveOverlay"] 
[ DEBUG7 "MyRemoveOverlay"] 		********** PFO AT INDEX 47 IS NOT OVERLAY **********
[ DEBUG8 "MyRemoveOverlay"] 
[ DEBUG8 "MyRemoveOverlay"] 		-------------------------------------------------------
[ DEBUG8 "MyRemoveOverlay"] 		Processing PFO at index 48
[ DEBUG5 "MyRemoveOverlay"] ------------------ ReconstructedParticle -----------------------------
[ DEBUG5 "MyRemoveOverlay"] Id                                                              0x4571
[ DEBUG5 "MyRemoveOverlay"] Compound                                                             0
[ DEBUG5 "MyRemoveOverlay"] Type                                                              2112
[ DEBUG5 "MyRemoveOverlay"] Momentum (x,y,z)                       +2.14e-01, +8.43e-01, +1.85e+00
[ DEBUG5 "MyRemoveOverlay"] Mass [GeV]                                                    9.40e-01
[ DEBUG5 "MyRemoveOverlay"] Charge [e]                                                    0.00e+00
[ DEBUG5 "MyRemoveOverlay"] Energy [GeV]                                                  2.04e+00
[ DEBUG5 "MyRemoveOverlay"] ReferencePoint                         +2.84e+02, +1.11e+03, +2.44e+03
[ DEBUG5 "MyRemoveOverlay"] ParticleIDUsed                                                       0
[ DEBUG5 "MyRemoveOverlay"] GoodnessOfPID                                                 0.00e+00
[ DEBUG5 "MyRemoveOverlay"] Covariance p,E:  1.00e-02, 3.89e-02, 1.53e-01, 8.50e-02, 3.34e-01, 
[ DEBUG5 "MyRemoveOverlay"]                  7.33e-01, 8.54e-02, 3.36e-01, 7.36e-01, 7.39e-01
[ DEBUG5 "MyRemoveOverlay"] Particles id:    
[ DEBUG5 "MyRemoveOverlay"] Tracks id:    
[ DEBUG5 "MyRemoveOverlay"] Clusters id:  [00004210]
[ DEBUG5 "MyRemoveOverlay"] Particle ids ( [id], PDG, (type)): 
[ DEBUG5 "MyRemoveOverlay"]                  [00004572], 000000, (000000) 
[ DEBUG5 "MyRemoveOverlay"]                  [00004573], 000000, (000000) 
[ DEBUG5 "MyRemoveOverlay"]                  [00004574], 000000, (000000) 
[ DEBUG5 "MyRemoveOverlay"]                  [00004575], 000000, (000000) 
[ DEBUG5 "MyRemoveOverlay"] 
[ DEBUG5 "MyRemoveOverlay"] 
[ DEBUG0 "MyRemoveOverlay"] 	MCParticle at index: 0 has PDG: 130 and MCParticle to Cluster link weight is 9.49e-01
[ DEBUG0 "MyRemoveOverlay"] 	MCParticle at index: 0 with PDG code: 130 has highest link weight to input cluster
[ DEBUG0 "MyRemoveOverlay"] 	Cluster at index: 0 has highest link weight to MCParticle = 9.66e-01
[ DEBUG0 "MyRemoveOverlay"] 	Cluster linked to MCParticle with highest weight
[ DEBUG6 "MyRemoveOverlay"] 		Found a linked MCParticle to cluster
[ DEBUG5 "MyRemoveOverlay"] ----------------------------- MCParticle -----------------------------
[ DEBUG5 "MyRemoveOverlay"] Id                                                                3201
[ DEBUG5 "MyRemoveOverlay"] PDG                                                                130
[ DEBUG5 "MyRemoveOverlay"] Energy [GeV]                                                  1.75e+00
[ DEBUG5 "MyRemoveOverlay"] Momentum [GeV] (x,y,z)                     0.171615, 0.672903, 1.52388
[ DEBUG5 "MyRemoveOverlay"] Momentum at Endpoint[GeV] (x,y,z)                                  0, 0, 0
[ DEBUG5 "MyRemoveOverlay"] GeneratorStatus                                                      1
[ DEBUG5 "MyRemoveOverlay"] Vertex [mm] (x,y,z)              3.23883e-311, 2.89858e-309, -0.258612
[ DEBUG5 "MyRemoveOverlay"] Endpoint [mm] (x,y,z)                          273.89, 1073.92, 2431.8
[ DEBUG5 "MyRemoveOverlay"] Mass [GeV]                                                    4.98e-01
[ DEBUG5 "MyRemoveOverlay"] Charge                                                        0.00e+00
[ DEBUG5 "MyRemoveOverlay"] Parents                                                              1
[ DEBUG5 "MyRemoveOverlay"] Daughters                                                            0
[ DEBUG5 "MyRemoveOverlay"] simulator status bits: [sbvtcls]  s: created in simulation b: backscatter v: vertex is not endpoint of parent t: decayed in tracker c: decayed in calorimeter l: has left detector s: stopped o: overlay
[ DEBUG5 "MyRemoveOverlay"] [    c s ]
[ DEBUG5 "MyRemoveOverlay"] 
[ DEBUG7 "MyRemoveOverlay"] 		********** PFO AT INDEX 48 IS NOT OVERLAY **********
[ DEBUG8 "MyRemoveOverlay"] 
[ DEBUG8 "MyRemoveOverlay"] 		-------------------------------------------------------
[ DEBUG8 "MyRemoveOverlay"] 		Processing PFO at index 49
[ DEBUG5 "MyRemoveOverlay"] ------------------ ReconstructedParticle -----------------------------
[ DEBUG5 "MyRemoveOverlay"] Id                                                              0x4576
[ DEBUG5 "MyRemoveOverlay"] Compound                                                             0
[ DEBUG5 "MyRemoveOverlay"] Type                                                                22
[ DEBUG5 "MyRemoveOverlay"] Momentum (x,y,z)                       -1.23e-01, +2.27e-01, -1.35e-01
[ DEBUG5 "MyRemoveOverlay"] Mass [GeV]                                                    0.00e+00
[ DEBUG5 "MyRemoveOverlay"] Charge [e]                                                    0.00e+00
[ DEBUG5 "MyRemoveOverlay"] Energy [GeV]                                                  2.91e-01
[ DEBUG5 "MyRemoveOverlay"] ReferencePoint                         -9.25e+02, +1.71e+03, -1.02e+03
[ DEBUG5 "MyRemoveOverlay"] ParticleIDUsed                                                       0
[ DEBUG5 "MyRemoveOverlay"] GoodnessOfPID                                                 0.00e+00
[ DEBUG5 "MyRemoveOverlay"] Covariance p,E:  1.46e-03, -2.69e-03, 4.96e-03, 1.61e-03, -2.96e-03, 
[ DEBUG5 "MyRemoveOverlay"]                  1.77e-03, -3.46e-03, 6.38e-03, -3.81e-03, 8.19e-03
[ DEBUG5 "MyRemoveOverlay"] Particles id:    
[ DEBUG5 "MyRemoveOverlay"] Tracks id:    
[ DEBUG5 "MyRemoveOverlay"] Clusters id:  [00004211]
[ DEBUG5 "MyRemoveOverlay"] Particle ids ( [id], PDG, (type)): 
[ DEBUG5 "MyRemoveOverlay"]                  [00004577], 000000, (000000) 
[ DEBUG5 "MyRemoveOverlay"]                  [00004578], 000000, (000000) 
[ DEBUG5 "MyRemoveOverlay"]                  [00004579], 000000, (000000) 
[ DEBUG5 "MyRemoveOverlay"]                  [00004580], 000000, (000000) 
[ DEBUG5 "MyRemoveOverlay"] 
[ DEBUG5 "MyRemoveOverlay"] 
[ DEBUG0 "MyRemoveOverlay"] 	MCParticle at index: 0 has PDG: 22 and MCParticle to Cluster link weight is 9.86e-01
[ DEBUG0 "MyRemoveOverlay"] 	MCParticle at index: 0 with PDG code: 22 has highest link weight to input cluster
[ DEBUG0 "MyRemoveOverlay"] 	Cluster at index: 0 has highest link weight to MCParticle = 1.00e+00
[ DEBUG0 "MyRemoveOverlay"] 	Cluster linked to MCParticle with highest weight
[ DEBUG6 "MyRemoveOverlay"] 		Found a linked MCParticle to cluster
[ DEBUG5 "MyRemoveOverlay"] ----------------------------- MCParticle -----------------------------
[ DEBUG5 "MyRemoveOverlay"] Id                                                                3215
[ DEBUG5 "MyRemoveOverlay"] PDG                                                                 22
[ DEBUG5 "MyRemoveOverlay"] Energy [GeV]                                                  4.53e-01
[ DEBUG5 "MyRemoveOverlay"] Momentum [GeV] (x,y,z)                  -0.188695, 0.354238, -0.209546
[ DEBUG5 "MyRemoveOverlay"] Momentum at Endpoint[GeV] (x,y,z)                                -0, 0, -0
[ DEBUG5 "MyRemoveOverlay"] GeneratorStatus                                                      1
[ DEBUG5 "MyRemoveOverlay"] Vertex [mm] (x,y,z)               -0.000101781, 0.000141528, -0.258725
[ DEBUG5 "MyRemoveOverlay"] Endpoint [mm] (x,y,z)                      -897.118, 1684.17, -996.508
[ DEBUG5 "MyRemoveOverlay"] Mass [GeV]                                                    1.18e-08
[ DEBUG5 "MyRemoveOverlay"] Charge                                                        0.00e+00
[ DEBUG5 "MyRemoveOverlay"] Parents                                                              1
[ DEBUG5 "MyRemoveOverlay"] Daughters                                                            0
[ DEBUG5 "MyRemoveOverlay"] simulator status bits: [sbvtcls]  s: created in simulation b: backscatter v: vertex is not endpoint of parent t: decayed in tracker c: decayed in calorimeter l: has left detector s: stopped o: overlay
[ DEBUG5 "MyRemoveOverlay"] [    c s ]
[ DEBUG5 "MyRemoveOverlay"] 
[ DEBUG7 "MyRemoveOverlay"] 		********** PFO AT INDEX 49 IS NOT OVERLAY **********
[ DEBUG8 "MyRemoveOverlay"] 
[ DEBUG8 "MyRemoveOverlay"] 		-------------------------------------------------------
[ DEBUG8 "MyRemoveOverlay"] 		Processing PFO at index 50
[ DEBUG5 "MyRemoveOverlay"] ------------------ ReconstructedParticle -----------------------------
[ DEBUG5 "MyRemoveOverlay"] Id                                                              0x4581
[ DEBUG5 "MyRemoveOverlay"] Compound                                                             0
[ DEBUG5 "MyRemoveOverlay"] Type                                                                22
[ DEBUG5 "MyRemoveOverlay"] Momentum (x,y,z)                       -6.44e-01, +6.61e-01, -4.79e-01
[ DEBUG5 "MyRemoveOverlay"] Mass [GeV]                                                    0.00e+00
[ DEBUG5 "MyRemoveOverlay"] Charge [e]                                                    0.00e+00
[ DEBUG5 "MyRemoveOverlay"] Energy [GeV]                                                  1.04e+00
[ DEBUG5 "MyRemoveOverlay"] ReferencePoint                         -1.31e+03, +1.34e+03, -9.73e+02
[ DEBUG5 "MyRemoveOverlay"] ParticleIDUsed                                                       0
[ DEBUG5 "MyRemoveOverlay"] GoodnessOfPID                                                 0.00e+00
[ DEBUG5 "MyRemoveOverlay"] Covariance p,E:  1.14e-02, -1.17e-02, 1.20e-02, 8.50e-03, -8.72e-03, 
[ DEBUG5 "MyRemoveOverlay"]                  6.34e-03, -1.84e-02, 1.89e-02, -1.37e-02, 2.98e-02
[ DEBUG5 "MyRemoveOverlay"] Particles id:    
[ DEBUG5 "MyRemoveOverlay"] Tracks id:    
[ DEBUG5 "MyRemoveOverlay"] Clusters id:  [00004212]
[ DEBUG5 "MyRemoveOverlay"] Particle ids ( [id], PDG, (type)): 
[ DEBUG5 "MyRemoveOverlay"]                  [00004582], 000000, (000000) 
[ DEBUG5 "MyRemoveOverlay"]                  [00004583], 000000, (000000) 
[ DEBUG5 "MyRemoveOverlay"]                  [00004584], 000000, (000000) 
[ DEBUG5 "MyRemoveOverlay"]                  [00004585], 000000, (000000) 
[ DEBUG5 "MyRemoveOverlay"] 
[ DEBUG5 "MyRemoveOverlay"] 
[ DEBUG0 "MyRemoveOverlay"] 	MCParticle at index: 0 has PDG: 22 and MCParticle to Cluster link weight is 1.00e+00
[ DEBUG0 "MyRemoveOverlay"] 	MCParticle at index: 0 with PDG code: 22 has highest link weight to input cluster
[ DEBUG0 "MyRemoveOverlay"] 	Cluster at index: 0 has highest link weight to MCParticle = 9.96e-01
[ DEBUG0 "MyRemoveOverlay"] 	Cluster linked to MCParticle with highest weight
[ DEBUG6 "MyRemoveOverlay"] 		Found a linked MCParticle to cluster
[ DEBUG5 "MyRemoveOverlay"] ----------------------------- MCParticle -----------------------------
[ DEBUG5 "MyRemoveOverlay"] Id                                                                3231
[ DEBUG5 "MyRemoveOverlay"] PDG                                                                 22
[ DEBUG5 "MyRemoveOverlay"] Energy [GeV]                                                  8.02e-01
[ DEBUG5 "MyRemoveOverlay"] Momentum [GeV] (x,y,z)                   -0.495108, 0.51173, -0.369155
[ DEBUG5 "MyRemoveOverlay"] Momentum at Endpoint[GeV] (x,y,z)                                -0, 0, -0
[ DEBUG5 "MyRemoveOverlay"] GeneratorStatus                                                      1
[ DEBUG5 "MyRemoveOverlay"] Vertex [mm] (x,y,z)                 -0.0007714, 0.000834199, -0.259321
[ DEBUG5 "MyRemoveOverlay"] Endpoint [mm] (x,y,z)                      -1270.21, 1312.86, -947.337
[ DEBUG5 "MyRemoveOverlay"] Mass [GeV]                                                    1.05e-08
[ DEBUG5 "MyRemoveOverlay"] Charge                                                        0.00e+00
[ DEBUG5 "MyRemoveOverlay"] Parents                                                              1
[ DEBUG5 "MyRemoveOverlay"] Daughters                                                            0
[ DEBUG5 "MyRemoveOverlay"] simulator status bits: [sbvtcls]  s: created in simulation b: backscatter v: vertex is not endpoint of parent t: decayed in tracker c: decayed in calorimeter l: has left detector s: stopped o: overlay
[ DEBUG5 "MyRemoveOverlay"] [    c s ]
[ DEBUG5 "MyRemoveOverlay"] 
[ DEBUG7 "MyRemoveOverlay"] 		********** PFO AT INDEX 50 IS NOT OVERLAY **********
[ DEBUG8 "MyRemoveOverlay"] 
[ DEBUG8 "MyRemoveOverlay"] 		-------------------------------------------------------
[ DEBUG8 "MyRemoveOverlay"] 		Processing PFO at index 51
[ DEBUG5 "MyRemoveOverlay"] ------------------ ReconstructedParticle -----------------------------
[ DEBUG5 "MyRemoveOverlay"] Id                                                              0x4586
[ DEBUG5 "MyRemoveOverlay"] Compound                                                             0
[ DEBUG5 "MyRemoveOverlay"] Type                                                                22
[ DEBUG5 "MyRemoveOverlay"] Momentum (x,y,z)                       -3.07e-02, +1.49e-01, +2.12e-01
[ DEBUG5 "MyRemoveOverlay"] Mass [GeV]                                                    0.00e+00
[ DEBUG5 "MyRemoveOverlay"] Charge [e]                                                    0.00e+00
[ DEBUG5 "MyRemoveOverlay"] Energy [GeV]                                                  2.61e-01
[ DEBUG5 "MyRemoveOverlay"] ReferencePoint                         -3.60e+02, +1.75e+03, +2.49e+03
[ DEBUG5 "MyRemoveOverlay"] ParticleIDUsed                                                       0
[ DEBUG5 "MyRemoveOverlay"] GoodnessOfPID                                                 0.00e+00
[ DEBUG5 "MyRemoveOverlay"] Covariance p,E:  1.03e-04, -4.98e-04, 2.42e-03, -7.08e-04, 3.44e-03, 
[ DEBUG5 "MyRemoveOverlay"]                  4.90e-03, -8.72e-04, 4.23e-03, 6.03e-03, 7.42e-03
[ DEBUG5 "MyRemoveOverlay"] Particles id:    
[ DEBUG5 "MyRemoveOverlay"] Tracks id:    
[ DEBUG5 "MyRemoveOverlay"] Clusters id:  [00004213]
[ DEBUG5 "MyRemoveOverlay"] Particle ids ( [id], PDG, (type)): 
[ DEBUG5 "MyRemoveOverlay"]                  [00004587], 000000, (000000) 
[ DEBUG5 "MyRemoveOverlay"]                  [00004588], 000000, (000000) 
[ DEBUG5 "MyRemoveOverlay"]                  [00004589], 000000, (000000) 
[ DEBUG5 "MyRemoveOverlay"]                  [00004590], 000000, (000000) 
[ DEBUG5 "MyRemoveOverlay"] 
[ DEBUG5 "MyRemoveOverlay"] 
[ DEBUG0 "MyRemoveOverlay"] 	MCParticle at index: 0 has PDG: 22 and MCParticle to Cluster link weight is 9.57e-01
[ DEBUG0 "MyRemoveOverlay"] 	MCParticle at index: 0 with PDG code: 22 has highest link weight to input cluster
[ DEBUG0 "MyRemoveOverlay"] 	Cluster at index: 0 has highest link weight to MCParticle = 1.00e+00
[ DEBUG0 "MyRemoveOverlay"] 	Cluster linked to MCParticle with highest weight
[ DEBUG6 "MyRemoveOverlay"] 		Found a linked MCParticle to cluster
[ DEBUG5 "MyRemoveOverlay"] ----------------------------- MCParticle -----------------------------
[ DEBUG5 "MyRemoveOverlay"] Id                                                                3204
[ DEBUG5 "MyRemoveOverlay"] PDG                                                                 22
[ DEBUG5 "MyRemoveOverlay"] Energy [GeV]                                                  2.70e-01
[ DEBUG5 "MyRemoveOverlay"] Momentum [GeV] (x,y,z)                   -0.0316988, 0.154448, 0.21936
[ DEBUG5 "MyRemoveOverlay"] Momentum at Endpoint[GeV] (x,y,z)                                 -0, 0, 0
[ DEBUG5 "MyRemoveOverlay"] GeneratorStatus                                                      1
[ DEBUG5 "MyRemoveOverlay"] Vertex [mm] (x,y,z)                1.00809e-05, 0.000145971, -0.258406
[ DEBUG5 "MyRemoveOverlay"] Endpoint [mm] (x,y,z)                       -352.505, 1717.53, 2439.12
[ DEBUG5 "MyRemoveOverlay"] Mass [GeV]                                                    0.00e+00
[ DEBUG5 "MyRemoveOverlay"] Charge                                                        0.00e+00
[ DEBUG5 "MyRemoveOverlay"] Parents                                                              1
[ DEBUG5 "MyRemoveOverlay"] Daughters                                                            0
[ DEBUG5 "MyRemoveOverlay"] simulator status bits: [sbvtcls]  s: created in simulation b: backscatter v: vertex is not endpoint of parent t: decayed in tracker c: decayed in calorimeter l: has left detector s: stopped o: overlay
[ DEBUG5 "MyRemoveOverlay"] [    c s ]
[ DEBUG5 "MyRemoveOverlay"] 
[ DEBUG7 "MyRemoveOverlay"] 		********** PFO AT INDEX 51 IS NOT OVERLAY **********
[ DEBUG8 "MyRemoveOverlay"] 
[ DEBUG8 "MyRemoveOverlay"] 		-------------------------------------------------------
[ DEBUG8 "MyRemoveOverlay"] 		Processing PFO at index 52
[ DEBUG5 "MyRemoveOverlay"] ------------------ ReconstructedParticle -----------------------------
[ DEBUG5 "MyRemoveOverlay"] Id                                                              0x4591
[ DEBUG5 "MyRemoveOverlay"] Compound                                                             0
[ DEBUG5 "MyRemoveOverlay"] Type                                                              2112
[ DEBUG5 "MyRemoveOverlay"] Momentum (x,y,z)                       +1.50e-01, -4.80e-02, -2.17e-01
[ DEBUG5 "MyRemoveOverlay"] Mass [GeV]                                                    9.40e-01
[ DEBUG5 "MyRemoveOverlay"] Charge [e]                                                    0.00e+00
[ DEBUG5 "MyRemoveOverlay"] Energy [GeV]                                                  2.68e-01
[ DEBUG5 "MyRemoveOverlay"] ReferencePoint                         +1.70e+03, -5.43e+02, -2.46e+03
[ DEBUG5 "MyRemoveOverlay"] ParticleIDUsed                                                       0
[ DEBUG5 "MyRemoveOverlay"] GoodnessOfPID                                                 0.00e+00
[ DEBUG5 "MyRemoveOverlay"] Covariance p,E:  4.00e-01, -1.28e-01, 4.11e-02, -5.80e-01, 1.86e-01, 
[ DEBUG5 "MyRemoveOverlay"]                  8.41e-01, 1.97e-01, -6.30e-02, -2.85e-01, 9.66e-02
[ DEBUG5 "MyRemoveOverlay"] Particles id:    
[ DEBUG5 "MyRemoveOverlay"] Tracks id:    
[ DEBUG5 "MyRemoveOverlay"] Clusters id:  [00004214]
[ DEBUG5 "MyRemoveOverlay"] Particle ids ( [id], PDG, (type)): 
[ DEBUG5 "MyRemoveOverlay"]                  [00004592], 000000, (000000) 
[ DEBUG5 "MyRemoveOverlay"]                  [00004593], 000000, (000000) 
[ DEBUG5 "MyRemoveOverlay"]                  [00004594], 000000, (000000) 
[ DEBUG5 "MyRemoveOverlay"]                  [00004595], 000000, (000000) 
[ DEBUG5 "MyRemoveOverlay"] 
[ DEBUG5 "MyRemoveOverlay"] 
[ DEBUG6 "MyRemoveOverlay"] 		Cluster is not linked to a MCParticle
[ DEBUG7 "MyRemoveOverlay"] 		********** PFO AT INDEX 52 IS NOT OVERLAY **********
[ DEBUG8 "MyRemoveOverlay"] 
[ DEBUG8 "MyRemoveOverlay"] 		-------------------------------------------------------
[ DEBUG8 "MyRemoveOverlay"] 		Processing PFO at index 53
[ DEBUG5 "MyRemoveOverlay"] ------------------ ReconstructedParticle -----------------------------
[ DEBUG5 "MyRemoveOverlay"] Id                                                              0x4596
[ DEBUG5 "MyRemoveOverlay"] Compound                                                             0
[ DEBUG5 "MyRemoveOverlay"] Type                                                                22
[ DEBUG5 "MyRemoveOverlay"] Momentum (x,y,z)                       +1.75e-01, +3.50e-01, +5.56e-01
[ DEBUG5 "MyRemoveOverlay"] Mass [GeV]                                                    0.00e+00
[ DEBUG5 "MyRemoveOverlay"] Charge [e]                                                    0.00e+00
[ DEBUG5 "MyRemoveOverlay"] Energy [GeV]                                                  6.80e-01
[ DEBUG5 "MyRemoveOverlay"] ReferencePoint                         +7.77e+02, +1.56e+03, +2.47e+03
[ DEBUG5 "MyRemoveOverlay"] ParticleIDUsed                                                       0
[ DEBUG5 "MyRemoveOverlay"] GoodnessOfPID                                                 0.00e+00
[ DEBUG5 "MyRemoveOverlay"] Covariance p,E:  1.28e-03, 2.57e-03, 5.16e-03, 4.08e-03, 8.19e-03, 
[ DEBUG5 "MyRemoveOverlay"]                  1.30e-02, 4.99e-03, 1.00e-02, 1.59e-02, 1.94e-02
[ DEBUG5 "MyRemoveOverlay"] Particles id:    
[ DEBUG5 "MyRemoveOverlay"] Tracks id:    
[ DEBUG5 "MyRemoveOverlay"] Clusters id:  [00004215]
[ DEBUG5 "MyRemoveOverlay"] Particle ids ( [id], PDG, (type)): 
[ DEBUG5 "MyRemoveOverlay"]                  [00004597], 000000, (000000) 
[ DEBUG5 "MyRemoveOverlay"]                  [00004598], 000000, (000000) 
[ DEBUG5 "MyRemoveOverlay"]                  [00004599], 000000, (000000) 
[ DEBUG5 "MyRemoveOverlay"]                  [00004600], 000000, (000000) 
[ DEBUG5 "MyRemoveOverlay"] 
[ DEBUG5 "MyRemoveOverlay"] 
[ DEBUG0 "MyRemoveOverlay"] 	MCParticle at index: 0 has PDG: 22 and MCParticle to Cluster link weight is 1.00e+00
[ DEBUG0 "MyRemoveOverlay"] 	MCParticle at index: 0 with PDG code: 22 has highest link weight to input cluster
[ DEBUG0 "MyRemoveOverlay"] 	Cluster at index: 0 has highest link weight to MCParticle = 1.00e+00
[ DEBUG0 "MyRemoveOverlay"] 	Cluster linked to MCParticle with highest weight
[ DEBUG6 "MyRemoveOverlay"] 		Found a linked MCParticle to cluster
[ DEBUG5 "MyRemoveOverlay"] ----------------------------- MCParticle -----------------------------
[ DEBUG5 "MyRemoveOverlay"] Id                                                                3246
[ DEBUG5 "MyRemoveOverlay"] PDG                                                                 22
[ DEBUG5 "MyRemoveOverlay"] Energy [GeV]                                                  6.23e-01
[ DEBUG5 "MyRemoveOverlay"] Momentum [GeV] (x,y,z)                    0.191978, 0.306535, 0.507631
[ DEBUG5 "MyRemoveOverlay"] Momentum at Endpoint[GeV] (x,y,z)                                  0, 0, 0
[ DEBUG5 "MyRemoveOverlay"] GeneratorStatus                                                      0
[ DEBUG5 "MyRemoveOverlay"] Vertex [mm] (x,y,z)                            162.1, 580.535, 854.148
[ DEBUG5 "MyRemoveOverlay"] Endpoint [mm] (x,y,z)                        763.457, 1540.73, 2444.26
[ DEBUG5 "MyRemoveOverlay"] Mass [GeV]                                                    0.00e+00
[ DEBUG5 "MyRemoveOverlay"] Charge                                                        0.00e+00
[ DEBUG5 "MyRemoveOverlay"] Parents                                                              1
[ DEBUG5 "MyRemoveOverlay"] Daughters                                                            0
[ DEBUG5 "MyRemoveOverlay"] simulator status bits: [sbvtcls]  s: created in simulation b: backscatter v: vertex is not endpoint of parent t: decayed in tracker c: decayed in calorimeter l: has left detector s: stopped o: overlay
[ DEBUG5 "MyRemoveOverlay"] [s v c s ]
[ DEBUG5 "MyRemoveOverlay"] 
[ DEBUG7 "MyRemoveOverlay"] 		********** PFO AT INDEX 53 IS NOT OVERLAY **********
[ DEBUG8 "MyRemoveOverlay"] 
[ DEBUG8 "MyRemoveOverlay"] 		-------------------------------------------------------
[ DEBUG8 "MyRemoveOverlay"] 		Processing PFO at index 54
[ DEBUG5 "MyRemoveOverlay"] ------------------ ReconstructedParticle -----------------------------
[ DEBUG5 "MyRemoveOverlay"] Id                                                              0x4601
[ DEBUG5 "MyRemoveOverlay"] Compound                                                             0
[ DEBUG5 "MyRemoveOverlay"] Type                                                                22
[ DEBUG5 "MyRemoveOverlay"] Momentum (x,y,z)                       -1.01e-01, +1.95e-01, +6.01e-01
[ DEBUG5 "MyRemoveOverlay"] Mass [GeV]                                                    0.00e+00
[ DEBUG5 "MyRemoveOverlay"] Charge [e]                                                    0.00e+00
[ DEBUG5 "MyRemoveOverlay"] Energy [GeV]                                                  6.40e-01
[ DEBUG5 "MyRemoveOverlay"] ReferencePoint                         -4.19e+02, +8.14e+02, +2.51e+03
[ DEBUG5 "MyRemoveOverlay"] ParticleIDUsed                                                       0
[ DEBUG5 "MyRemoveOverlay"] GoodnessOfPID                                                 0.00e+00
[ DEBUG5 "MyRemoveOverlay"] Covariance p,E:  4.54e-04, -8.73e-04, 1.70e-03, -2.70e-03, 5.23e-03, 
[ DEBUG5 "MyRemoveOverlay"]                  1.61e-02, -2.87e-03, 5.57e-03, 1.72e-02, 1.83e-02
[ DEBUG5 "MyRemoveOverlay"] Particles id:    
[ DEBUG5 "MyRemoveOverlay"] Tracks id:    
[ DEBUG5 "MyRemoveOverlay"] Clusters id:  [00004216]
[ DEBUG5 "MyRemoveOverlay"] Particle ids ( [id], PDG, (type)): 
[ DEBUG5 "MyRemoveOverlay"]                  [00004602], 000000, (000000) 
[ DEBUG5 "MyRemoveOverlay"]                  [00004603], 000000, (000000) 
[ DEBUG5 "MyRemoveOverlay"]                  [00004604], 000000, (000000) 
[ DEBUG5 "MyRemoveOverlay"]                  [00004605], 000000, (000000) 
[ DEBUG5 "MyRemoveOverlay"] 
[ DEBUG5 "MyRemoveOverlay"] 
[ DEBUG6 "MyRemoveOverlay"] 		Cluster is not linked to a MCParticle
[ DEBUG7 "MyRemoveOverlay"] 		********** PFO AT INDEX 54 IS NOT OVERLAY **********
[ DEBUG8 "MyRemoveOverlay"] 
[ DEBUG8 "MyRemoveOverlay"] 		-------------------------------------------------------
[ DEBUG8 "MyRemoveOverlay"] 		Processing PFO at index 55
[ DEBUG5 "MyRemoveOverlay"] ------------------ ReconstructedParticle -----------------------------
[ DEBUG5 "MyRemoveOverlay"] Id                                                              0x4606
[ DEBUG5 "MyRemoveOverlay"] Compound                                                             0
[ DEBUG5 "MyRemoveOverlay"] Type                                                                22
[ DEBUG5 "MyRemoveOverlay"] Momentum (x,y,z)                       +6.64e-02, +2.35e-01, -4.76e-02
[ DEBUG5 "MyRemoveOverlay"] Mass [GeV]                                                    0.00e+00
[ DEBUG5 "MyRemoveOverlay"] Charge [e]                                                    0.00e+00
[ DEBUG5 "MyRemoveOverlay"] Energy [GeV]                                                  2.49e-01
[ DEBUG5 "MyRemoveOverlay"] ReferencePoint                         +5.43e+02, +1.92e+03, -3.90e+02
[ DEBUG5 "MyRemoveOverlay"] ParticleIDUsed                                                       0
[ DEBUG5 "MyRemoveOverlay"] GoodnessOfPID                                                 0.00e+00
[ DEBUG5 "MyRemoveOverlay"] Covariance p,E:  5.00e-04, 1.77e-03, 6.26e-03, -3.59e-04, -1.27e-03, 
[ DEBUG5 "MyRemoveOverlay"]                  2.58e-04, 1.87e-03, 6.63e-03, -1.34e-03, 7.02e-03
[ DEBUG5 "MyRemoveOverlay"] Particles id:    
[ DEBUG5 "MyRemoveOverlay"] Tracks id:    
[ DEBUG5 "MyRemoveOverlay"] Clusters id:  [00004217]
[ DEBUG5 "MyRemoveOverlay"] Particle ids ( [id], PDG, (type)): 
[ DEBUG5 "MyRemoveOverlay"]                  [00004607], 000000, (000000) 
[ DEBUG5 "MyRemoveOverlay"]                  [00004608], 000000, (000000) 
[ DEBUG5 "MyRemoveOverlay"]                  [00004609], 000000, (000000) 
[ DEBUG5 "MyRemoveOverlay"]                  [00004610], 000000, (000000) 
[ DEBUG5 "MyRemoveOverlay"] 
[ DEBUG5 "MyRemoveOverlay"] 
[ DEBUG0 "MyRemoveOverlay"] 	MCParticle at index: 0 has PDG: 22 and MCParticle to Cluster link weight is 1.00e+00
[ DEBUG0 "MyRemoveOverlay"] 	MCParticle at index: 0 with PDG code: 22 has highest link weight to input cluster
[ DEBUG0 "MyRemoveOverlay"] 	Cluster at index: 0 has highest link weight to MCParticle = 1.00e+00
[ DEBUG0 "MyRemoveOverlay"] 	Cluster linked to MCParticle with highest weight
[ DEBUG6 "MyRemoveOverlay"] 		Found a linked MCParticle to cluster
[ DEBUG5 "MyRemoveOverlay"] ----------------------------- MCParticle -----------------------------
[ DEBUG5 "MyRemoveOverlay"] Id                                                                3228
[ DEBUG5 "MyRemoveOverlay"] PDG                                                                 22
[ DEBUG5 "MyRemoveOverlay"] Energy [GeV]                                                  1.97e-01
[ DEBUG5 "MyRemoveOverlay"] Momentum [GeV] (x,y,z)                 0.0530802, 0.185655, -0.0376263
[ DEBUG5 "MyRemoveOverlay"] Momentum at Endpoint[GeV] (x,y,z)                                 0, 0, -0
[ DEBUG5 "MyRemoveOverlay"] GeneratorStatus                                                      1
[ DEBUG5 "MyRemoveOverlay"] Vertex [mm] (x,y,z)                2.10672e-06, 2.95039e-05, -0.258621
[ DEBUG5 "MyRemoveOverlay"] Endpoint [mm] (x,y,z)                       532.665, 1863.06, -377.843
[ DEBUG5 "MyRemoveOverlay"] Mass [GeV]                                                    4.56e-09
[ DEBUG5 "MyRemoveOverlay"] Charge                                                        0.00e+00
[ DEBUG5 "MyRemoveOverlay"] Parents                                                              1
[ DEBUG5 "MyRemoveOverlay"] Daughters                                                            0
[ DEBUG5 "MyRemoveOverlay"] simulator status bits: [sbvtcls]  s: created in simulation b: backscatter v: vertex is not endpoint of parent t: decayed in tracker c: decayed in calorimeter l: has left detector s: stopped o: overlay
[ DEBUG5 "MyRemoveOverlay"] [    c s ]
[ DEBUG5 "MyRemoveOverlay"] 
[ DEBUG7 "MyRemoveOverlay"] 		********** PFO AT INDEX 55 IS NOT OVERLAY **********
[ DEBUG8 "MyRemoveOverlay"] 
[ DEBUG8 "MyRemoveOverlay"] 		-------------------------------------------------------
[ DEBUG8 "MyRemoveOverlay"] 		Processing PFO at index 56
[ DEBUG5 "MyRemoveOverlay"] ------------------ ReconstructedParticle -----------------------------
[ DEBUG5 "MyRemoveOverlay"] Id                                                              0x4611
[ DEBUG5 "MyRemoveOverlay"] Compound                                                             0
[ DEBUG5 "MyRemoveOverlay"] Type                                                                22
[ DEBUG5 "MyRemoveOverlay"] Momentum (x,y,z)                       -3.41e-01, +4.14e-01, -4.02e-01
[ DEBUG5 "MyRemoveOverlay"] Mass [GeV]                                                    0.00e+00
[ DEBUG5 "MyRemoveOverlay"] Charge [e]                                                    0.00e+00
[ DEBUG5 "MyRemoveOverlay"] Energy [GeV]                                                  6.70e-01
[ DEBUG5 "MyRemoveOverlay"] ReferencePoint                         -1.18e+03, +1.43e+03, -1.38e+03
[ DEBUG5 "MyRemoveOverlay"] ParticleIDUsed                                                       0
[ DEBUG5 "MyRemoveOverlay"] GoodnessOfPID                                                 0.00e+00
[ DEBUG5 "MyRemoveOverlay"] Covariance p,E:  4.84e-03, -5.87e-03, 7.12e-03, 5.70e-03, -6.91e-03, 
[ DEBUG5 "MyRemoveOverlay"]                  6.71e-03, -9.50e-03, 1.15e-02, -1.12e-02, 1.87e-02
[ DEBUG5 "MyRemoveOverlay"] Particles id:    
[ DEBUG5 "MyRemoveOverlay"] Tracks id:    
[ DEBUG5 "MyRemoveOverlay"] Clusters id:  [00004218]
[ DEBUG5 "MyRemoveOverlay"] Particle ids ( [id], PDG, (type)): 
[ DEBUG5 "MyRemoveOverlay"]                  [00004612], 000000, (000000) 
[ DEBUG5 "MyRemoveOverlay"]                  [00004613], 000000, (000000) 
[ DEBUG5 "MyRemoveOverlay"]                  [00004614], 000000, (000000) 
[ DEBUG5 "MyRemoveOverlay"]                  [00004615], 000000, (000000) 
[ DEBUG5 "MyRemoveOverlay"] 
[ DEBUG5 "MyRemoveOverlay"] 
[ DEBUG0 "MyRemoveOverlay"] 	MCParticle at index: 0 has PDG: 22 and MCParticle to Cluster link weight is 9.78e-01
[ DEBUG0 "MyRemoveOverlay"] 	MCParticle at index: 0 with PDG code: 22 has highest link weight to input cluster
[ DEBUG0 "MyRemoveOverlay"] 	Cluster at index: 0 has highest link weight to MCParticle = 1.00e+00
[ DEBUG0 "MyRemoveOverlay"] 	Cluster linked to MCParticle with highest weight
[ DEBUG6 "MyRemoveOverlay"] 		Found a linked MCParticle to cluster
[ DEBUG5 "MyRemoveOverlay"] ----------------------------- MCParticle -----------------------------
[ DEBUG5 "MyRemoveOverlay"] Id                                                                3236
[ DEBUG5 "MyRemoveOverlay"] PDG                                                                 22
[ DEBUG5 "MyRemoveOverlay"] Energy [GeV]                                                  7.19e-01
[ DEBUG5 "MyRemoveOverlay"] Momentum [GeV] (x,y,z)                   -0.366718, 0.443175, -0.43108
[ DEBUG5 "MyRemoveOverlay"] Momentum at Endpoint[GeV] (x,y,z)                                -0, 0, -0
[ DEBUG5 "MyRemoveOverlay"] GeneratorStatus                                                      1
[ DEBUG5 "MyRemoveOverlay"] Vertex [mm] (x,y,z)                -0.000864871, 0.00104096, -0.259759
[ DEBUG5 "MyRemoveOverlay"] Endpoint [mm] (x,y,z)                         -1158.42, 1399.94, -1362
[ DEBUG5 "MyRemoveOverlay"] Mass [GeV]                                                    2.98e-08
[ DEBUG5 "MyRemoveOverlay"] Charge                                                        0.00e+00
[ DEBUG5 "MyRemoveOverlay"] Parents                                                              1
[ DEBUG5 "MyRemoveOverlay"] Daughters                                                            0
[ DEBUG5 "MyRemoveOverlay"] simulator status bits: [sbvtcls]  s: created in simulation b: backscatter v: vertex is not endpoint of parent t: decayed in tracker c: decayed in calorimeter l: has left detector s: stopped o: overlay
[ DEBUG5 "MyRemoveOverlay"] [    c s ]
[ DEBUG5 "MyRemoveOverlay"] 
[ DEBUG7 "MyRemoveOverlay"] 		********** PFO AT INDEX 56 IS NOT OVERLAY **********
[ DEBUG8 "MyRemoveOverlay"] 
[ DEBUG8 "MyRemoveOverlay"] 		-------------------------------------------------------
[ DEBUG8 "MyRemoveOverlay"] 		Processing PFO at index 57
[ DEBUG5 "MyRemoveOverlay"] ------------------ ReconstructedParticle -----------------------------
[ DEBUG5 "MyRemoveOverlay"] Id                                                              0x4616
[ DEBUG5 "MyRemoveOverlay"] Compound                                                             0
[ DEBUG5 "MyRemoveOverlay"] Type                                                                22
[ DEBUG5 "MyRemoveOverlay"] Momentum (x,y,z)                       -9.27e-01, +1.03e+00, -9.63e-01
[ DEBUG5 "MyRemoveOverlay"] Mass [GeV]                                                    0.00e+00
[ DEBUG5 "MyRemoveOverlay"] Charge [e]                                                    0.00e+00
[ DEBUG5 "MyRemoveOverlay"] Energy [GeV]                                                  1.69e+00
[ DEBUG5 "MyRemoveOverlay"] ReferencePoint                         -1.26e+03, +1.40e+03, -1.31e+03
[ DEBUG5 "MyRemoveOverlay"] ParticleIDUsed                                                       0
[ DEBUG5 "MyRemoveOverlay"] GoodnessOfPID                                                 0.00e+00
[ DEBUG5 "MyRemoveOverlay"] Covariance p,E:  1.44e-02, -1.60e-02, 1.78e-02, 1.50e-02, -1.67e-02, 
[ DEBUG5 "MyRemoveOverlay"]                  1.56e-02, -2.63e-02, 2.92e-02, -2.73e-02, 4.79e-02
[ DEBUG5 "MyRemoveOverlay"] Particles id:    
[ DEBUG5 "MyRemoveOverlay"] Tracks id:    
[ DEBUG5 "MyRemoveOverlay"] Clusters id:  [00004219]
[ DEBUG5 "MyRemoveOverlay"] Particle ids ( [id], PDG, (type)): 
[ DEBUG5 "MyRemoveOverlay"]                  [00004617], 000000, (000000) 
[ DEBUG5 "MyRemoveOverlay"]                  [00004618], 000000, (000000) 
[ DEBUG5 "MyRemoveOverlay"]                  [00004619], 000000, (000000) 
[ DEBUG5 "MyRemoveOverlay"]                  [00004620], 000000, (000000) 
[ DEBUG5 "MyRemoveOverlay"] 
[ DEBUG5 "MyRemoveOverlay"] 
[ DEBUG0 "MyRemoveOverlay"] 	MCParticle at index: 1 has PDG: 22 and MCParticle to Cluster link weight is 9.97e-01
[ DEBUG0 "MyRemoveOverlay"] 	MCParticle at index: 1 with PDG code: 22 has highest link weight to input cluster
[ DEBUG0 "MyRemoveOverlay"] 	Cluster at index: 1 has highest link weight to MCParticle = 9.80e-01
[ DEBUG0 "MyRemoveOverlay"] 	Cluster linked to MCParticle with highest weight
[ DEBUG6 "MyRemoveOverlay"] 		Found a linked MCParticle to cluster
[ DEBUG5 "MyRemoveOverlay"] ----------------------------- MCParticle -----------------------------
[ DEBUG5 "MyRemoveOverlay"] Id                                                                3232
[ DEBUG5 "MyRemoveOverlay"] PDG                                                                 22
[ DEBUG5 "MyRemoveOverlay"] Energy [GeV]                                                  1.30e+00
[ DEBUG5 "MyRemoveOverlay"] Momentum [GeV] (x,y,z)                  -0.713552, 0.795326, -0.741372
[ DEBUG5 "MyRemoveOverlay"] Momentum at Endpoint[GeV] (x,y,z)                                -0, 0, -0
[ DEBUG5 "MyRemoveOverlay"] GeneratorStatus                                                      1
[ DEBUG5 "MyRemoveOverlay"] Vertex [mm] (x,y,z)                 -0.0007714, 0.000834199, -0.259321
[ DEBUG5 "MyRemoveOverlay"] Endpoint [mm] (x,y,z)                        -1225.37, 1365.8, -1273.4
[ DEBUG5 "MyRemoveOverlay"] Mass [GeV]                                                    2.98e-08
[ DEBUG5 "MyRemoveOverlay"] Charge                                                        0.00e+00
[ DEBUG5 "MyRemoveOverlay"] Parents                                                              1
[ DEBUG5 "MyRemoveOverlay"] Daughters                                                            0
[ DEBUG5 "MyRemoveOverlay"] simulator status bits: [sbvtcls]  s: created in simulation b: backscatter v: vertex is not endpoint of parent t: decayed in tracker c: decayed in calorimeter l: has left detector s: stopped o: overlay
[ DEBUG5 "MyRemoveOverlay"] [    c s ]
[ DEBUG5 "MyRemoveOverlay"] 
[ DEBUG7 "MyRemoveOverlay"] 		********** PFO AT INDEX 57 IS NOT OVERLAY **********
[ DEBUG8 "MyRemoveOverlay"] 
[ DEBUG8 "MyRemoveOverlay"] 		-------------------------------------------------------
[ DEBUG8 "MyRemoveOverlay"] 		Processing PFO at index 58
[ DEBUG5 "MyRemoveOverlay"] ------------------ ReconstructedParticle -----------------------------
[ DEBUG5 "MyRemoveOverlay"] Id                                                              0x4621
[ DEBUG5 "MyRemoveOverlay"] Compound                                                             0
[ DEBUG5 "MyRemoveOverlay"] Type                                                                22
[ DEBUG5 "MyRemoveOverlay"] Momentum (x,y,z)                       -3.81e-01, +3.93e-01, -3.65e-01
[ DEBUG5 "MyRemoveOverlay"] Mass [GeV]                                                    0.00e+00
[ DEBUG5 "MyRemoveOverlay"] Charge [e]                                                    0.00e+00
[ DEBUG5 "MyRemoveOverlay"] Energy [GeV]                                                  6.58e-01
[ DEBUG5 "MyRemoveOverlay"] ReferencePoint                         -1.29e+03, +1.33e+03, -1.24e+03
[ DEBUG5 "MyRemoveOverlay"] ParticleIDUsed                                                       0
[ DEBUG5 "MyRemoveOverlay"] GoodnessOfPID                                                 0.00e+00
[ DEBUG5 "MyRemoveOverlay"] Covariance p,E:  6.29e-03, -6.48e-03, 6.68e-03, 6.03e-03, -6.21e-03, 
[ DEBUG5 "MyRemoveOverlay"]                  5.78e-03, -1.09e-02, 1.12e-02, -1.04e-02, 1.87e-02
[ DEBUG5 "MyRemoveOverlay"] Particles id:    
[ DEBUG5 "MyRemoveOverlay"] Tracks id:    
[ DEBUG5 "MyRemoveOverlay"] Clusters id:  [00004220]
[ DEBUG5 "MyRemoveOverlay"] Particle ids ( [id], PDG, (type)): 
[ DEBUG5 "MyRemoveOverlay"]                  [00004622], 000000, (000000) 
[ DEBUG5 "MyRemoveOverlay"]                  [00004623], 000000, (000000) 
[ DEBUG5 "MyRemoveOverlay"]                  [00004624], 000000, (000000) 
[ DEBUG5 "MyRemoveOverlay"]                  [00004625], 000000, (000000) 
[ DEBUG5 "MyRemoveOverlay"] 
[ DEBUG5 "MyRemoveOverlay"] 
[ DEBUG0 "MyRemoveOverlay"] 	MCParticle at index: 0 has PDG: 22 and MCParticle to Cluster link weight is 9.38e-01
[ DEBUG0 "MyRemoveOverlay"] 	MCParticle at index: 0 with PDG code: 22 has highest link weight to input cluster
[ DEBUG0 "MyRemoveOverlay"] 	Cluster at index: 1 has highest link weight to MCParticle = 9.60e-01
[ DEBUG0 "MyRemoveOverlay"] 	Cluster linked to MCParticle with highest weight
[ DEBUG6 "MyRemoveOverlay"] 		Found a linked MCParticle to cluster
[ DEBUG5 "MyRemoveOverlay"] ----------------------------- MCParticle -----------------------------
[ DEBUG5 "MyRemoveOverlay"] Id                                                                3230
[ DEBUG5 "MyRemoveOverlay"] PDG                                                                 22
[ DEBUG5 "MyRemoveOverlay"] Energy [GeV]                                                  8.75e-01
[ DEBUG5 "MyRemoveOverlay"] Momentum [GeV] (x,y,z)                   -0.507175, 0.521253, -0.48716
[ DEBUG5 "MyRemoveOverlay"] Momentum at Endpoint[GeV] (x,y,z)                                -0, 0, -0
[ DEBUG5 "MyRemoveOverlay"] GeneratorStatus                                                      1
[ DEBUG5 "MyRemoveOverlay"] Vertex [mm] (x,y,z)                -0.000154973, 0.00015382, -0.258783
[ DEBUG5 "MyRemoveOverlay"] Endpoint [mm] (x,y,z)                      -1260.76, 1295.75, -1211.26
[ DEBUG5 "MyRemoveOverlay"] Mass [GeV]                                                   -1.83e-08
[ DEBUG5 "MyRemoveOverlay"] Charge                                                        0.00e+00
[ DEBUG5 "MyRemoveOverlay"] Parents                                                              1
[ DEBUG5 "MyRemoveOverlay"] Daughters                                                            0
[ DEBUG5 "MyRemoveOverlay"] simulator status bits: [sbvtcls]  s: created in simulation b: backscatter v: vertex is not endpoint of parent t: decayed in tracker c: decayed in calorimeter l: has left detector s: stopped o: overlay
[ DEBUG5 "MyRemoveOverlay"] [    c s ]
[ DEBUG5 "MyRemoveOverlay"] 
[ DEBUG7 "MyRemoveOverlay"] 		********** PFO AT INDEX 58 IS NOT OVERLAY **********
[ DEBUG8 "MyRemoveOverlay"] 
[ DEBUG8 "MyRemoveOverlay"] 		-------------------------------------------------------
[ DEBUG8 "MyRemoveOverlay"] 		Processing PFO at index 59
[ DEBUG5 "MyRemoveOverlay"] ------------------ ReconstructedParticle -----------------------------
[ DEBUG5 "MyRemoveOverlay"] Id                                                              0x4626
[ DEBUG5 "MyRemoveOverlay"] Compound                                                             0
[ DEBUG5 "MyRemoveOverlay"] Type                                                               -13
[ DEBUG5 "MyRemoveOverlay"] Momentum (x,y,z)                       +3.16e+01, -9.80e+00, -4.69e+01
[ DEBUG5 "MyRemoveOverlay"] Mass [GeV]                                                    1.06e-01
[ DEBUG5 "MyRemoveOverlay"] Charge [e]                                                    1.00e+00
[ DEBUG5 "MyRemoveOverlay"] Energy [GeV]                                                  5.74e+01
[ DEBUG5 "MyRemoveOverlay"] ReferencePoint                         +1.53e+01, -4.73e+00, -2.29e+01
[ DEBUG5 "MyRemoveOverlay"] ParticleIDUsed                                                       0
[ DEBUG5 "MyRemoveOverlay"] GoodnessOfPID                                                 0.00e+00
[ DEBUG5 "MyRemoveOverlay"] Covariance p,E:  3.28e-03, -1.02e-03, 3.22e-04, -4.87e-03, 1.52e-03, 
[ DEBUG5 "MyRemoveOverlay"]                  7.24e-03, 5.96e-03, -1.86e-03, -8.86e-03, 1.08e-02
[ DEBUG5 "MyRemoveOverlay"] Particles id:    
[ DEBUG5 "MyRemoveOverlay"] Tracks id:    [00003629]
[ DEBUG5 "MyRemoveOverlay"] Clusters id:  [00004221]
[ DEBUG5 "MyRemoveOverlay"] Particle ids ( [id], PDG, (type)): 
[ DEBUG5 "MyRemoveOverlay"]                  [00004627], 000211, (000000) 
[ DEBUG5 "MyRemoveOverlay"]                  [00004628], 000000, (000000) 
[ DEBUG5 "MyRemoveOverlay"]                  [00004629], 000000, (000000) 
[ DEBUG5 "MyRemoveOverlay"]                  [00004630], 000000, (000000) 
[ DEBUG5 "MyRemoveOverlay"]                  [00004631], 000000, (000000) 
[ DEBUG5 "MyRemoveOverlay"]                  [00004632], 000000, (000000) 
[ DEBUG5 "MyRemoveOverlay"]                  [00004633], 000013, (000000) 
[ DEBUG5 "MyRemoveOverlay"]                  [00004634], 000013, (000000) 
[ DEBUG5 "MyRemoveOverlay"]                  [00004635], 000013, (000000) 
[ DEBUG5 "MyRemoveOverlay"] 
[ DEBUG5 "MyRemoveOverlay"] 
[ DEBUG0 "MyRemoveOverlay"] 	MCParticle at index: 0 has PDG: -13 and MCParticle to Track link weight is 1.00e+00
[ DEBUG0 "MyRemoveOverlay"] 	MCParticle at index: 0 with PDG code: -13 has highest link weight to input track
[ DEBUG0 "MyRemoveOverlay"] 	Track at index: 0 has highest link weight to MCParticle = 9.91e-01
[ DEBUG0 "MyRemoveOverlay"] 	Track linked to MCParticle with highest weight
[ DEBUG6 "MyRemoveOverlay"] 		Found a linked MCParticle to track
[ DEBUG5 "MyRemoveOverlay"] ----------------------------- MCParticle -----------------------------
[ DEBUG5 "MyRemoveOverlay"] Id                                                                3155
[ DEBUG5 "MyRemoveOverlay"] PDG                                                                -13
[ DEBUG5 "MyRemoveOverlay"] Energy [GeV]                                                  5.75e+01
[ DEBUG5 "MyRemoveOverlay"] Momentum [GeV] (x,y,z)                     31.6202, -9.80386, -46.9617
[ DEBUG5 "MyRemoveOverlay"] Momentum at Endpoint[GeV] (x,y,z)              25.6241, -10.6612, -38.6712
[ DEBUG5 "MyRemoveOverlay"] GeneratorStatus                                                      1
[ DEBUG5 "MyRemoveOverlay"] Vertex [mm] (x,y,z)                                    0, 0, -0.258612
[ DEBUG5 "MyRemoveOverlay"] Endpoint [mm] (x,y,z)                         9935.32, -3992.6, -15000
[ DEBUG5 "MyRemoveOverlay"] Mass [GeV]                                                    1.06e-01
[ DEBUG5 "MyRemoveOverlay"] Charge                                                        1.00e+00
[ DEBUG5 "MyRemoveOverlay"] Parents                                                              1
[ DEBUG5 "MyRemoveOverlay"] Daughters                                                            0
[ DEBUG5 "MyRemoveOverlay"] simulator status bits: [sbvtcls]  s: created in simulation b: backscatter v: vertex is not endpoint of parent t: decayed in tracker c: decayed in calorimeter l: has left detector s: stopped o: overlay
[ DEBUG5 "MyRemoveOverlay"] [     l  ]
[ DEBUG5 "MyRemoveOverlay"] 
[ DEBUG0 "MyRemoveOverlay"] 	MCParticle at index: 0 has PDG: -13 and MCParticle to Cluster link weight is 1.00e+00
[ DEBUG0 "MyRemoveOverlay"] 	MCParticle at index: 0 with PDG code: -13 has highest link weight to input cluster
[ DEBUG0 "MyRemoveOverlay"] 	Cluster at index: 1 has highest link weight to MCParticle = 9.57e-01
[ DEBUG0 "MyRemoveOverlay"] 	Cluster linked to MCParticle with highest weight
[ DEBUG6 "MyRemoveOverlay"] 		Found a linked MCParticle to cluster
[ DEBUG5 "MyRemoveOverlay"] ----------------------------- MCParticle -----------------------------
[ DEBUG5 "MyRemoveOverlay"] Id                                                                3155
[ DEBUG5 "MyRemoveOverlay"] PDG                                                                -13
[ DEBUG5 "MyRemoveOverlay"] Energy [GeV]                                                  5.75e+01
[ DEBUG5 "MyRemoveOverlay"] Momentum [GeV] (x,y,z)                     31.6202, -9.80386, -46.9617
[ DEBUG5 "MyRemoveOverlay"] Momentum at Endpoint[GeV] (x,y,z)              25.6241, -10.6612, -38.6712
[ DEBUG5 "MyRemoveOverlay"] GeneratorStatus                                                      1
[ DEBUG5 "MyRemoveOverlay"] Vertex [mm] (x,y,z)                                    0, 0, -0.258612
[ DEBUG5 "MyRemoveOverlay"] Endpoint [mm] (x,y,z)                         9935.32, -3992.6, -15000
[ DEBUG5 "MyRemoveOverlay"] Mass [GeV]                                                    1.06e-01
[ DEBUG5 "MyRemoveOverlay"] Charge                                                        1.00e+00
[ DEBUG5 "MyRemoveOverlay"] Parents                                                              1
[ DEBUG5 "MyRemoveOverlay"] Daughters                                                            0
[ DEBUG5 "MyRemoveOverlay"] simulator status bits: [sbvtcls]  s: created in simulation b: backscatter v: vertex is not endpoint of parent t: decayed in tracker c: decayed in calorimeter l: has left detector s: stopped o: overlay
[ DEBUG5 "MyRemoveOverlay"] [     l  ]
[ DEBUG5 "MyRemoveOverlay"] 
[ DEBUG7 "MyRemoveOverlay"] 		********** PFO AT INDEX 59 IS NOT OVERLAY **********
[ DEBUG8 "MyRemoveOverlay"] 
[ DEBUG8 "MyRemoveOverlay"] 		-------------------------------------------------------
[ DEBUG8 "MyRemoveOverlay"] 		Processing PFO at index 60
[ DEBUG5 "MyRemoveOverlay"] ------------------ ReconstructedParticle -----------------------------
[ DEBUG5 "MyRemoveOverlay"] Id                                                              0x4636
[ DEBUG5 "MyRemoveOverlay"] Compound                                                             0
[ DEBUG5 "MyRemoveOverlay"] Type                                                                13
[ DEBUG5 "MyRemoveOverlay"] Momentum (x,y,z)                       -8.60e+00, -5.57e+01, -2.54e+01
[ DEBUG5 "MyRemoveOverlay"] Mass [GeV]                                                    1.06e-01
[ DEBUG5 "MyRemoveOverlay"] Charge [e]                                                   -1.00e+00
[ DEBUG5 "MyRemoveOverlay"] Energy [GeV]                                                  6.18e+01
[ DEBUG5 "MyRemoveOverlay"] ReferencePoint                         -2.47e+00, -1.60e+01, -7.54e+00
[ DEBUG5 "MyRemoveOverlay"] ParticleIDUsed                                                       0
[ DEBUG5 "MyRemoveOverlay"] GoodnessOfPID                                                 0.00e+00
[ DEBUG5 "MyRemoveOverlay"] Covariance p,E:  3.53e-04, 2.30e-03, 1.51e-02, 1.05e-03, 6.90e-03, 
[ DEBUG5 "MyRemoveOverlay"]                  3.15e-03, -2.55e-03, -1.68e-02, -7.65e-03, 1.86e-02
[ DEBUG5 "MyRemoveOverlay"] Particles id:    
[ DEBUG5 "MyRemoveOverlay"] Tracks id:    [00003599]
[ DEBUG5 "MyRemoveOverlay"] Clusters id:  [00004222]
[ DEBUG5 "MyRemoveOverlay"] Particle ids ( [id], PDG, (type)): 
[ DEBUG5 "MyRemoveOverlay"]                  [00004637], 002212, (000000) 
[ DEBUG5 "MyRemoveOverlay"]                  [00004638], 000000, (000000) 
[ DEBUG5 "MyRemoveOverlay"]                  [00004639], 000000, (000000) 
[ DEBUG5 "MyRemoveOverlay"]                  [00004640], 000000, (000000) 
[ DEBUG5 "MyRemoveOverlay"]                  [00004641], 000000, (000000) 
[ DEBUG5 "MyRemoveOverlay"]                  [00004642], 000000, (000000) 
[ DEBUG5 "MyRemoveOverlay"]                  [00004643], 000013, (000000) 
[ DEBUG5 "MyRemoveOverlay"]                  [00004644], 000011, (000000) 
[ DEBUG5 "MyRemoveOverlay"]                  [00004645], 000013, (000000) 
[ DEBUG5 "MyRemoveOverlay"] 
[ DEBUG5 "MyRemoveOverlay"] 
[ DEBUG0 "MyRemoveOverlay"] 	MCParticle at index: 0 has PDG: 13 and MCParticle to Track link weight is 1.00e+00
[ DEBUG0 "MyRemoveOverlay"] 	MCParticle at index: 0 with PDG code: 13 has highest link weight to input track
[ DEBUG0 "MyRemoveOverlay"] 	Track at index: 0 has highest link weight to MCParticle = 9.83e-01
[ DEBUG0 "MyRemoveOverlay"] 	Track linked to MCParticle with highest weight
[ DEBUG6 "MyRemoveOverlay"] 		Found a linked MCParticle to track
[ DEBUG5 "MyRemoveOverlay"] ----------------------------- MCParticle -----------------------------
[ DEBUG5 "MyRemoveOverlay"] Id                                                                3149
[ DEBUG5 "MyRemoveOverlay"] PDG                                                                 13
[ DEBUG5 "MyRemoveOverlay"] Energy [GeV]                                                  6.14e+01
[ DEBUG5 "MyRemoveOverlay"] Momentum [GeV] (x,y,z)                     -8.5493, -55.3197, -25.2366
[ DEBUG5 "MyRemoveOverlay"] Momentum at Endpoint[GeV] (x,y,z)             -6.35688, -48.6756, -21.8557
[ DEBUG5 "MyRemoveOverlay"] GeneratorStatus                                                      1
[ DEBUG5 "MyRemoveOverlay"] Vertex [mm] (x,y,z)                                    0, 0, -0.258612
[ DEBUG5 "MyRemoveOverlay"] Endpoint [mm] (x,y,z)                       -1832.85, -15000, -6757.52
[ DEBUG5 "MyRemoveOverlay"] Mass [GeV]                                                    1.06e-01
[ DEBUG5 "MyRemoveOverlay"] Charge                                                       -1.00e+00
[ DEBUG5 "MyRemoveOverlay"] Parents                                                              1
[ DEBUG5 "MyRemoveOverlay"] Daughters                                                            0
[ DEBUG5 "MyRemoveOverlay"] simulator status bits: [sbvtcls]  s: created in simulation b: backscatter v: vertex is not endpoint of parent t: decayed in tracker c: decayed in calorimeter l: has left detector s: stopped o: overlay
[ DEBUG5 "MyRemoveOverlay"] [     l  ]
[ DEBUG5 "MyRemoveOverlay"] 
[ DEBUG0 "MyRemoveOverlay"] 	MCParticle at index: 0 has PDG: 13 and MCParticle to Cluster link weight is 1.00e+00
[ DEBUG0 "MyRemoveOverlay"] 	MCParticle at index: 0 with PDG code: 13 has highest link weight to input cluster
[ DEBUG0 "MyRemoveOverlay"] 	Cluster at index: 0 has highest link weight to MCParticle = 1.00e+00
[ DEBUG0 "MyRemoveOverlay"] 	Cluster linked to MCParticle with highest weight
[ DEBUG6 "MyRemoveOverlay"] 		Found a linked MCParticle to cluster
[ DEBUG5 "MyRemoveOverlay"] ----------------------------- MCParticle -----------------------------
[ DEBUG5 "MyRemoveOverlay"] Id                                                                3149
[ DEBUG5 "MyRemoveOverlay"] PDG                                                                 13
[ DEBUG5 "MyRemoveOverlay"] Energy [GeV]                                                  6.14e+01
[ DEBUG5 "MyRemoveOverlay"] Momentum [GeV] (x,y,z)                     -8.5493, -55.3197, -25.2366
[ DEBUG5 "MyRemoveOverlay"] Momentum at Endpoint[GeV] (x,y,z)             -6.35688, -48.6756, -21.8557
[ DEBUG5 "MyRemoveOverlay"] GeneratorStatus                                                      1
[ DEBUG5 "MyRemoveOverlay"] Vertex [mm] (x,y,z)                                    0, 0, -0.258612
[ DEBUG5 "MyRemoveOverlay"] Endpoint [mm] (x,y,z)                       -1832.85, -15000, -6757.52
[ DEBUG5 "MyRemoveOverlay"] Mass [GeV]                                                    1.06e-01
[ DEBUG5 "MyRemoveOverlay"] Charge                                                       -1.00e+00
[ DEBUG5 "MyRemoveOverlay"] Parents                                                              1
[ DEBUG5 "MyRemoveOverlay"] Daughters                                                            0
[ DEBUG5 "MyRemoveOverlay"] simulator status bits: [sbvtcls]  s: created in simulation b: backscatter v: vertex is not endpoint of parent t: decayed in tracker c: decayed in calorimeter l: has left detector s: stopped o: overlay
[ DEBUG5 "MyRemoveOverlay"] [     l  ]
[ DEBUG5 "MyRemoveOverlay"] 
[ DEBUG7 "MyRemoveOverlay"] 		********** PFO AT INDEX 60 IS NOT OVERLAY **********
[ DEBUG9 "MyRemoveOverlay"] 	CHECK : processed event: 182402 (Number of inputPFOS: 61 , Number of outputPFOs: 54)
[ WARNING "mytruejet"]  processing event: 182403   in run:  500076
[ MESSAGE4 "mytruejet"]  =====================================
[ MESSAGE "MyChargedPFOCorrection"] 
[ MESSAGE "MyChargedPFOCorrection"] 	////////////////////////////////////////////////////////////////////////////
[ MESSAGE "MyChargedPFOCorrection"] 	////////////////////	Processing event 	182403	////////////////////
[ MESSAGE "MyChargedPFOCorrection"] 	////////////////////////////////////////////////////////////////////////////
[ MESSAGE "MyAddNeutralPFOCovMat"] 
[ MESSAGE "MyAddNeutralPFOCovMat"] 	////////////////////////////////////////////////////////////////////////////
[ MESSAGE "MyAddNeutralPFOCovMat"] 	////////////////////	Processing event 	182403	////////////////////
[ MESSAGE "MyAddNeutralPFOCovMat"] 	////////////////////////////////////////////////////////////////////////////
[ MESSAGE "MyRemoveOverlay"] 
[ MESSAGE "MyRemoveOverlay"] 		////////////////////////////////////////////////////////////////////////////
[ MESSAGE "MyRemoveOverlay"] 		////////////////////	Processing event 	182403	////////////////////
[ MESSAGE "MyRemoveOverlay"] 		////////////////////////////////////////////////////////////////////////////
[ DEBUG9 "MyRemoveOverlay"] 		Total Number of PFOs: 72
[ DEBUG8 "MyRemoveOverlay"] 
[ DEBUG8 "MyRemoveOverlay"] 		-------------------------------------------------------
[ DEBUG8 "MyRemoveOverlay"] 		Processing PFO at index 0
[ DEBUG5 "MyRemoveOverlay"] ------------------ ReconstructedParticle -----------------------------
[ DEBUG5 "MyRemoveOverlay"] Id                                                              0x7308
[ DEBUG5 "MyRemoveOverlay"] Compound                                                             0
[ DEBUG5 "MyRemoveOverlay"] Type                                                                 0
[ DEBUG5 "MyRemoveOverlay"] Momentum (x,y,z)                       -9.68e-01, +6.46e-01, -1.32e+00
[ DEBUG5 "MyRemoveOverlay"] Mass [GeV]                                                    1.40e-01
[ DEBUG5 "MyRemoveOverlay"] Charge [e]                                                   -1.00e+00
[ DEBUG5 "MyRemoveOverlay"] Energy [GeV]                                                  1.76e+00
[ DEBUG5 "MyRemoveOverlay"] ReferencePoint                         -1.41e+02, +6.95e+01, -1.79e+02
[ DEBUG5 "MyRemoveOverlay"] ParticleIDUsed                                                       0
[ DEBUG5 "MyRemoveOverlay"] GoodnessOfPID                                                 0.00e+00
[ DEBUG5 "MyRemoveOverlay"] Covariance p,E:  1.07e-04, -6.69e-05, 4.30e-05, 1.42e-04, -8.97e-05, 
[ DEBUG5 "MyRemoveOverlay"]                  1.91e-04, -1.89e-04, 1.19e-04, -2.54e-04, 3.37e-04
[ DEBUG5 "MyRemoveOverlay"] Particles id:    
[ DEBUG5 "MyRemoveOverlay"] Tracks id:    [00006647], [00006552]
[ DEBUG5 "MyRemoveOverlay"] Clusters id:  [00007239]
[ DEBUG5 "MyRemoveOverlay"] Particle ids ( [id], PDG, (type)): 
[ DEBUG5 "MyRemoveOverlay"]                  [00007309], 000211, (000000) 
[ DEBUG5 "MyRemoveOverlay"]                  [00007310], 000011, (000000) 
[ DEBUG5 "MyRemoveOverlay"]                  [00007311], 000211, (000000) 
[ DEBUG5 "MyRemoveOverlay"]                  [00007312], 000211, (000000) 
[ DEBUG5 "MyRemoveOverlay"]                  [00007313], 000011, (000000) 
[ DEBUG5 "MyRemoveOverlay"] 
[ DEBUG5 "MyRemoveOverlay"] 
[ DEBUG0 "MyRemoveOverlay"] 	MCParticle at index: 0 has PDG: -2212 and MCParticle to Track link weight is 1.00e+00
[ DEBUG0 "MyRemoveOverlay"] 	MCParticle at index: 0 with PDG code: -2212 has highest link weight to input track
[ DEBUG0 "MyRemoveOverlay"] 	Track at index: 0 has highest link weight to MCParticle = 9.53e-01
[ DEBUG6 "MyRemoveOverlay"] 		Track is not linked to a MCParticle
[ DEBUG0 "MyRemoveOverlay"] 	MCParticle at index: 0 has PDG: -2212 and MCParticle to Track link weight is 1.00e+00
[ DEBUG0 "MyRemoveOverlay"] 	MCParticle at index: 0 with PDG code: -2212 has highest link weight to input track
[ DEBUG0 "MyRemoveOverlay"] 	Track at index: 0 has highest link weight to MCParticle = 9.53e-01
[ DEBUG0 "MyRemoveOverlay"] 	Track linked to MCParticle with highest weight
[ DEBUG6 "MyRemoveOverlay"] 		Found a linked MCParticle to track
[ DEBUG5 "MyRemoveOverlay"] ----------------------------- MCParticle -----------------------------
[ DEBUG5 "MyRemoveOverlay"] Id                                                                5811
[ DEBUG5 "MyRemoveOverlay"] PDG                                                              -2212
[ DEBUG5 "MyRemoveOverlay"] Energy [GeV]                                                  1.97e+00
[ DEBUG5 "MyRemoveOverlay"] Momentum [GeV] (x,y,z)                    -0.953062, 0.63525, -1.29618
[ DEBUG5 "MyRemoveOverlay"] Momentum at Endpoint[GeV] (x,y,z)                               -0, -0, -0
[ DEBUG5 "MyRemoveOverlay"] GeneratorStatus                                                      1
[ DEBUG5 "MyRemoveOverlay"] Vertex [mm] (x,y,z)                                    0, 0, -0.218376
[ DEBUG5 "MyRemoveOverlay"] Endpoint [mm] (x,y,z)                     -1619.81, -519.495, -2475.06
[ DEBUG5 "MyRemoveOverlay"] Mass [GeV]                                                    9.38e-01
[ DEBUG5 "MyRemoveOverlay"] Charge                                                       -1.00e+00
[ DEBUG5 "MyRemoveOverlay"] Parents                                                              1
[ DEBUG5 "MyRemoveOverlay"] Daughters                                                            0
[ DEBUG5 "MyRemoveOverlay"] simulator status bits: [sbvtcls]  s: created in simulation b: backscatter v: vertex is not endpoint of parent t: decayed in tracker c: decayed in calorimeter l: has left detector s: stopped o: overlay
[ DEBUG5 "MyRemoveOverlay"] [    c s ]
[ DEBUG5 "MyRemoveOverlay"] 
[ DEBUG0 "MyRemoveOverlay"] 	MCParticle at index: 0 has PDG: -2212 and MCParticle to Cluster link weight is 1.00e+00
[ DEBUG0 "MyRemoveOverlay"] 	MCParticle at index: 0 with PDG code: -2212 has highest link weight to input cluster
[ DEBUG0 "MyRemoveOverlay"] 	Cluster at index: 0 has highest link weight to MCParticle = 9.66e-01
[ DEBUG0 "MyRemoveOverlay"] 	Cluster linked to MCParticle with highest weight
[ DEBUG6 "MyRemoveOverlay"] 		Found a linked MCParticle to cluster
[ DEBUG5 "MyRemoveOverlay"] ----------------------------- MCParticle -----------------------------
[ DEBUG5 "MyRemoveOverlay"] Id                                                                5811
[ DEBUG5 "MyRemoveOverlay"] PDG                                                              -2212
[ DEBUG5 "MyRemoveOverlay"] Energy [GeV]                                                  1.97e+00
[ DEBUG5 "MyRemoveOverlay"] Momentum [GeV] (x,y,z)                    -0.953062, 0.63525, -1.29618
[ DEBUG5 "MyRemoveOverlay"] Momentum at Endpoint[GeV] (x,y,z)                               -0, -0, -0
[ DEBUG5 "MyRemoveOverlay"] GeneratorStatus                                                      1
[ DEBUG5 "MyRemoveOverlay"] Vertex [mm] (x,y,z)                                    0, 0, -0.218376
[ DEBUG5 "MyRemoveOverlay"] Endpoint [mm] (x,y,z)                     -1619.81, -519.495, -2475.06
[ DEBUG5 "MyRemoveOverlay"] Mass [GeV]                                                    9.38e-01
[ DEBUG5 "MyRemoveOverlay"] Charge                                                       -1.00e+00
[ DEBUG5 "MyRemoveOverlay"] Parents                                                              1
[ DEBUG5 "MyRemoveOverlay"] Daughters                                                            0
[ DEBUG5 "MyRemoveOverlay"] simulator status bits: [sbvtcls]  s: created in simulation b: backscatter v: vertex is not endpoint of parent t: decayed in tracker c: decayed in calorimeter l: has left detector s: stopped o: overlay
[ DEBUG5 "MyRemoveOverlay"] [    c s ]
[ DEBUG5 "MyRemoveOverlay"] 
[ DEBUG7 "MyRemoveOverlay"] 		********** PFO AT INDEX 0 IS NOT OVERLAY **********
[ DEBUG8 "MyRemoveOverlay"] 
[ DEBUG8 "MyRemoveOverlay"] 		-------------------------------------------------------
[ DEBUG8 "MyRemoveOverlay"] 		Processing PFO at index 1
[ DEBUG5 "MyRemoveOverlay"] ------------------ ReconstructedParticle -----------------------------
[ DEBUG5 "MyRemoveOverlay"] Id                                                              0x7314
[ DEBUG5 "MyRemoveOverlay"] Compound                                                             0
[ DEBUG5 "MyRemoveOverlay"] Type                                                              -211
[ DEBUG5 "MyRemoveOverlay"] Momentum (x,y,z)                       -8.39e-01, +6.09e-01, -1.27e+00
[ DEBUG5 "MyRemoveOverlay"] Mass [GeV]                                                    1.40e-01
[ DEBUG5 "MyRemoveOverlay"] Charge [e]                                                   -1.00e+00
[ DEBUG5 "MyRemoveOverlay"] Energy [GeV]                                                  1.64e+00
[ DEBUG5 "MyRemoveOverlay"] ReferencePoint                         -1.36e+01, +9.72e+00, -2.06e+01
[ DEBUG5 "MyRemoveOverlay"] ParticleIDUsed                                                       0
[ DEBUG5 "MyRemoveOverlay"] GoodnessOfPID                                                 0.00e+00
[ DEBUG5 "MyRemoveOverlay"] Covariance p,E:  1.19e-06, -2.76e-07, 9.60e-07, 6.35e-07, -4.23e-07, 
[ DEBUG5 "MyRemoveOverlay"]                  1.68e-06, -1.20e-06, 8.24e-07, -1.78e-06, 2.29e-06
[ DEBUG5 "MyRemoveOverlay"] Particles id:    
[ DEBUG5 "MyRemoveOverlay"] Tracks id:    [00006532]
[ DEBUG5 "MyRemoveOverlay"] Clusters id:  [00007240]
[ DEBUG5 "MyRemoveOverlay"] Particle ids ( [id], PDG, (type)): 
[ DEBUG5 "MyRemoveOverlay"]                  [00007315], 000211, (000000) 
[ DEBUG5 "MyRemoveOverlay"]                  [00007316], 000000, (000000) 
[ DEBUG5 "MyRemoveOverlay"]                  [00007317], 000000, (000000) 
[ DEBUG5 "MyRemoveOverlay"]                  [00007318], 000000, (000000) 
[ DEBUG5 "MyRemoveOverlay"]                  [00007319], 000000, (000000) 
[ DEBUG5 "MyRemoveOverlay"]                  [00007320], 000211, (000000) 
[ DEBUG5 "MyRemoveOverlay"]                  [00007321], 000011, (000000) 
[ DEBUG5 "MyRemoveOverlay"]                  [00007322], 002212, (000000) 
[ DEBUG5 "MyRemoveOverlay"]                  [00007323], 000011, (000000) 
[ DEBUG5 "MyRemoveOverlay"] 
[ DEBUG5 "MyRemoveOverlay"] 
[ DEBUG0 "MyRemoveOverlay"] 	MCParticle at index: 0 has PDG: -211 and MCParticle to Track link weight is 1.00e+00
[ DEBUG0 "MyRemoveOverlay"] 	MCParticle at index: 0 with PDG code: -211 has highest link weight to input track
[ DEBUG0 "MyRemoveOverlay"] 	Track at index: 0 has highest link weight to MCParticle = 9.81e-01
[ DEBUG0 "MyRemoveOverlay"] 	Track linked to MCParticle with highest weight
[ DEBUG6 "MyRemoveOverlay"] 		Found a linked MCParticle to track
[ DEBUG5 "MyRemoveOverlay"] ----------------------------- MCParticle -----------------------------
[ DEBUG5 "MyRemoveOverlay"] Id                                                                5855
[ DEBUG5 "MyRemoveOverlay"] PDG                                                               -211
[ DEBUG5 "MyRemoveOverlay"] Energy [GeV]                                                  1.64e+00
[ DEBUG5 "MyRemoveOverlay"] Momentum [GeV] (x,y,z)                   -0.839379, 0.609407, -1.26496
[ DEBUG5 "MyRemoveOverlay"] Momentum at Endpoint[GeV] (x,y,z)                               -0, -0, -0
[ DEBUG5 "MyRemoveOverlay"] GeneratorStatus                                                      1
[ DEBUG5 "MyRemoveOverlay"] Vertex [mm] (x,y,z)             -6.70863e-309, 4.67709e-309, -0.218376
[ DEBUG5 "MyRemoveOverlay"] Endpoint [mm] (x,y,z)                     -1552.83, -637.772, -2435.61
[ DEBUG5 "MyRemoveOverlay"] Mass [GeV]                                                    1.40e-01
[ DEBUG5 "MyRemoveOverlay"] Charge                                                       -1.00e+00
[ DEBUG5 "MyRemoveOverlay"] Parents                                                              1
[ DEBUG5 "MyRemoveOverlay"] Daughters                                                            0
[ DEBUG5 "MyRemoveOverlay"] simulator status bits: [sbvtcls]  s: created in simulation b: backscatter v: vertex is not endpoint of parent t: decayed in tracker c: decayed in calorimeter l: has left detector s: stopped o: overlay
[ DEBUG5 "MyRemoveOverlay"] [    c s ]
[ DEBUG5 "MyRemoveOverlay"] 
[ DEBUG0 "MyRemoveOverlay"] 	MCParticle at index: 0 has PDG: -211 and MCParticle to Cluster link weight is 1.00e+00
[ DEBUG0 "MyRemoveOverlay"] 	MCParticle at index: 0 with PDG code: -211 has highest link weight to input cluster
[ DEBUG0 "MyRemoveOverlay"] 	Cluster at index: 0 has highest link weight to MCParticle = 9.75e-01
[ DEBUG0 "MyRemoveOverlay"] 	Cluster linked to MCParticle with highest weight
[ DEBUG6 "MyRemoveOverlay"] 		Found a linked MCParticle to cluster
[ DEBUG5 "MyRemoveOverlay"] ----------------------------- MCParticle -----------------------------
[ DEBUG5 "MyRemoveOverlay"] Id                                                                5855
[ DEBUG5 "MyRemoveOverlay"] PDG                                                               -211
[ DEBUG5 "MyRemoveOverlay"] Energy [GeV]                                                  1.64e+00
[ DEBUG5 "MyRemoveOverlay"] Momentum [GeV] (x,y,z)                   -0.839379, 0.609407, -1.26496
[ DEBUG5 "MyRemoveOverlay"] Momentum at Endpoint[GeV] (x,y,z)                               -0, -0, -0
[ DEBUG5 "MyRemoveOverlay"] GeneratorStatus                                                      1
[ DEBUG5 "MyRemoveOverlay"] Vertex [mm] (x,y,z)             -6.70863e-309, 4.67709e-309, -0.218376
[ DEBUG5 "MyRemoveOverlay"] Endpoint [mm] (x,y,z)                     -1552.83, -637.772, -2435.61
[ DEBUG5 "MyRemoveOverlay"] Mass [GeV]                                                    1.40e-01
[ DEBUG5 "MyRemoveOverlay"] Charge                                                       -1.00e+00
[ DEBUG5 "MyRemoveOverlay"] Parents                                                              1
[ DEBUG5 "MyRemoveOverlay"] Daughters                                                            0
[ DEBUG5 "MyRemoveOverlay"] simulator status bits: [sbvtcls]  s: created in simulation b: backscatter v: vertex is not endpoint of parent t: decayed in tracker c: decayed in calorimeter l: has left detector s: stopped o: overlay
[ DEBUG5 "MyRemoveOverlay"] [    c s ]
[ DEBUG5 "MyRemoveOverlay"] 
[ DEBUG7 "MyRemoveOverlay"] 		********** PFO AT INDEX 1 IS NOT OVERLAY **********
[ DEBUG8 "MyRemoveOverlay"] 
[ DEBUG8 "MyRemoveOverlay"] 		-------------------------------------------------------
[ DEBUG8 "MyRemoveOverlay"] 		Processing PFO at index 2
[ DEBUG5 "MyRemoveOverlay"] ------------------ ReconstructedParticle -----------------------------
[ DEBUG5 "MyRemoveOverlay"] Id                                                              0x7324
[ DEBUG5 "MyRemoveOverlay"] Compound                                                             0
[ DEBUG5 "MyRemoveOverlay"] Type                                                              -211
[ DEBUG5 "MyRemoveOverlay"] Momentum (x,y,z)                       -4.20e-01, +7.45e-01, -9.03e-01
[ DEBUG5 "MyRemoveOverlay"] Mass [GeV]                                                    1.40e-01
[ DEBUG5 "MyRemoveOverlay"] Charge [e]                                                   -1.00e+00
[ DEBUG5 "MyRemoveOverlay"] Energy [GeV]                                                  1.25e+00
[ DEBUG5 "MyRemoveOverlay"] ReferencePoint                         -8.01e+00, +1.39e+01, -1.72e+01
[ DEBUG5 "MyRemoveOverlay"] ParticleIDUsed                                                       0
[ DEBUG5 "MyRemoveOverlay"] GoodnessOfPID                                                 0.00e+00
[ DEBUG5 "MyRemoveOverlay"] Covariance p,E:  7.41e-07, -6.07e-08, 7.68e-07, 8.43e-08, -1.23e-07, 
[ DEBUG5 "MyRemoveOverlay"]                  8.31e-07, -3.45e-07, 5.66e-07, -7.01e-07, 9.59e-07
[ DEBUG5 "MyRemoveOverlay"] Particles id:    
[ DEBUG5 "MyRemoveOverlay"] Tracks id:    [00006512]
[ DEBUG5 "MyRemoveOverlay"] Clusters id:  [00007241]
[ DEBUG5 "MyRemoveOverlay"] Particle ids ( [id], PDG, (type)): 
[ DEBUG5 "MyRemoveOverlay"]                  [00007325], 000211, (000000) 
[ DEBUG5 "MyRemoveOverlay"]                  [00007326], 000321, (000000) 
[ DEBUG5 "MyRemoveOverlay"]                  [00007327], 000000, (000000) 
[ DEBUG5 "MyRemoveOverlay"]                  [00007328], 000000, (000000) 
[ DEBUG5 "MyRemoveOverlay"]                  [00007329], 000000, (000000) 
[ DEBUG5 "MyRemoveOverlay"]                  [00007330], 000000, (000000) 
[ DEBUG5 "MyRemoveOverlay"]                  [00007331], 000211, (000000) 
[ DEBUG5 "MyRemoveOverlay"]                  [00007332], 000011, (000000) 
[ DEBUG5 "MyRemoveOverlay"]                  [00007333], 000321, (000000) 
[ DEBUG5 "MyRemoveOverlay"] 
[ DEBUG5 "MyRemoveOverlay"] 
[ DEBUG0 "MyRemoveOverlay"] 	MCParticle at index: 0 has PDG: -211 and MCParticle to Track link weight is 1.00e+00
[ DEBUG0 "MyRemoveOverlay"] 	MCParticle at index: 0 with PDG code: -211 has highest link weight to input track
[ DEBUG0 "MyRemoveOverlay"] 	Track at index: 0 has highest link weight to MCParticle = 9.90e-01
[ DEBUG0 "MyRemoveOverlay"] 	Track linked to MCParticle with highest weight
[ DEBUG6 "MyRemoveOverlay"] 		Found a linked MCParticle to track
[ DEBUG5 "MyRemoveOverlay"] ----------------------------- MCParticle -----------------------------
[ DEBUG5 "MyRemoveOverlay"] Id                                                                5860
[ DEBUG5 "MyRemoveOverlay"] PDG                                                               -211
[ DEBUG5 "MyRemoveOverlay"] Energy [GeV]                                                  1.25e+00
[ DEBUG5 "MyRemoveOverlay"] Momentum [GeV] (x,y,z)                   -0.41809, 0.744151, -0.902268
[ DEBUG5 "MyRemoveOverlay"] Momentum at Endpoint[GeV] (x,y,z)                                0, -0, -0
[ DEBUG5 "MyRemoveOverlay"] GeneratorStatus                                                      1
[ DEBUG5 "MyRemoveOverlay"] Vertex [mm] (x,y,z)             -1.70251e-308, 5.39637e-308, -0.218376
[ DEBUG5 "MyRemoveOverlay"] Endpoint [mm] (x,y,z)                     -1329.19, -917.461, -2827.41
[ DEBUG5 "MyRemoveOverlay"] Mass [GeV]                                                    1.40e-01
[ DEBUG5 "MyRemoveOverlay"] Charge                                                       -1.00e+00
[ DEBUG5 "MyRemoveOverlay"] Parents                                                              1
[ DEBUG5 "MyRemoveOverlay"] Daughters                                                            0
[ DEBUG5 "MyRemoveOverlay"] simulator status bits: [sbvtcls]  s: created in simulation b: backscatter v: vertex is not endpoint of parent t: decayed in tracker c: decayed in calorimeter l: has left detector s: stopped o: overlay
[ DEBUG5 "MyRemoveOverlay"] [    c s ]
[ DEBUG5 "MyRemoveOverlay"] 
[ DEBUG0 "MyRemoveOverlay"] 	MCParticle at index: 2 has PDG: -211 and MCParticle to Cluster link weight is 9.64e-01
[ DEBUG0 "MyRemoveOverlay"] 	MCParticle at index: 2 with PDG code: -211 has highest link weight to input cluster
[ DEBUG0 "MyRemoveOverlay"] 	Cluster at index: 0 has highest link weight to MCParticle = 1.00e+00
[ DEBUG0 "MyRemoveOverlay"] 	Cluster linked to MCParticle with highest weight
[ DEBUG6 "MyRemoveOverlay"] 		Found a linked MCParticle to cluster
[ DEBUG5 "MyRemoveOverlay"] ----------------------------- MCParticle -----------------------------
[ DEBUG5 "MyRemoveOverlay"] Id                                                                5860
[ DEBUG5 "MyRemoveOverlay"] PDG                                                               -211
[ DEBUG5 "MyRemoveOverlay"] Energy [GeV]                                                  1.25e+00
[ DEBUG5 "MyRemoveOverlay"] Momentum [GeV] (x,y,z)                   -0.41809, 0.744151, -0.902268
[ DEBUG5 "MyRemoveOverlay"] Momentum at Endpoint[GeV] (x,y,z)                                0, -0, -0
[ DEBUG5 "MyRemoveOverlay"] GeneratorStatus                                                      1
[ DEBUG5 "MyRemoveOverlay"] Vertex [mm] (x,y,z)             -1.70251e-308, 5.39637e-308, -0.218376
[ DEBUG5 "MyRemoveOverlay"] Endpoint [mm] (x,y,z)                     -1329.19, -917.461, -2827.41
[ DEBUG5 "MyRemoveOverlay"] Mass [GeV]                                                    1.40e-01
[ DEBUG5 "MyRemoveOverlay"] Charge                                                       -1.00e+00
[ DEBUG5 "MyRemoveOverlay"] Parents                                                              1
[ DEBUG5 "MyRemoveOverlay"] Daughters                                                            0
[ DEBUG5 "MyRemoveOverlay"] simulator status bits: [sbvtcls]  s: created in simulation b: backscatter v: vertex is not endpoint of parent t: decayed in tracker c: decayed in calorimeter l: has left detector s: stopped o: overlay
[ DEBUG5 "MyRemoveOverlay"] [    c s ]
[ DEBUG5 "MyRemoveOverlay"] 
[ DEBUG7 "MyRemoveOverlay"] 		********** PFO AT INDEX 2 IS NOT OVERLAY **********
[ DEBUG8 "MyRemoveOverlay"] 
[ DEBUG8 "MyRemoveOverlay"] 		-------------------------------------------------------
[ DEBUG8 "MyRemoveOverlay"] 		Processing PFO at index 3
[ DEBUG5 "MyRemoveOverlay"] ------------------ ReconstructedParticle -----------------------------
[ DEBUG5 "MyRemoveOverlay"] Id                                                              0x7334
[ DEBUG5 "MyRemoveOverlay"] Compound                                                             0
[ DEBUG5 "MyRemoveOverlay"] Type                                                               211
[ DEBUG5 "MyRemoveOverlay"] Momentum (x,y,z)                       -1.70e+00, +1.08e+00, -3.21e+00
[ DEBUG5 "MyRemoveOverlay"] Mass [GeV]                                                    1.40e-01
[ DEBUG5 "MyRemoveOverlay"] Charge [e]                                                    1.00e+00
[ DEBUG5 "MyRemoveOverlay"] Energy [GeV]                                                  3.79e+00
[ DEBUG5 "MyRemoveOverlay"] ReferencePoint                         -1.39e+01, +8.90e+00, -2.65e+01
[ DEBUG5 "MyRemoveOverlay"] ParticleIDUsed                                                       0
[ DEBUG5 "MyRemoveOverlay"] GoodnessOfPID                                                 0.00e+00
[ DEBUG5 "MyRemoveOverlay"] Covariance p,E:  5.66e-06, -3.08e-06, 3.02e-06, 8.99e-06, -5.89e-06, 
[ DEBUG5 "MyRemoveOverlay"]                  1.80e-05, -1.10e-05, 7.23e-06, -2.10e-05, 2.48e-05
[ DEBUG5 "MyRemoveOverlay"] Particles id:    
[ DEBUG5 "MyRemoveOverlay"] Tracks id:    [00006467]
[ DEBUG5 "MyRemoveOverlay"] Clusters id:  [00007242]
[ DEBUG5 "MyRemoveOverlay"] Particle ids ( [id], PDG, (type)): 
[ DEBUG5 "MyRemoveOverlay"]                  [00007335], 000211, (000000) 
[ DEBUG5 "MyRemoveOverlay"]                  [00007336], 000000, (000000) 
[ DEBUG5 "MyRemoveOverlay"]                  [00007337], 000000, (000000) 
[ DEBUG5 "MyRemoveOverlay"]                  [00007338], 000000, (000000) 
[ DEBUG5 "MyRemoveOverlay"]                  [00007339], 000000, (000000) 
[ DEBUG5 "MyRemoveOverlay"]                  [00007340], 000000, (000000) 
[ DEBUG5 "MyRemoveOverlay"]                  [00007341], 000011, (000000) 
[ DEBUG5 "MyRemoveOverlay"]                  [00007342], 000211, (000000) 
[ DEBUG5 "MyRemoveOverlay"]                  [00007343], 000011, (000000) 
[ DEBUG5 "MyRemoveOverlay"] 
[ DEBUG5 "MyRemoveOverlay"] 
[ DEBUG0 "MyRemoveOverlay"] 	MCParticle at index: 0 has PDG: 211 and MCParticle to Track link weight is 1.00e+00
[ DEBUG0 "MyRemoveOverlay"] 	MCParticle at index: 0 with PDG code: 211 has highest link weight to input track
[ DEBUG0 "MyRemoveOverlay"] 	Track at index: 0 has highest link weight to MCParticle = 9.62e-01
[ DEBUG0 "MyRemoveOverlay"] 	Track linked to MCParticle with highest weight
[ DEBUG6 "MyRemoveOverlay"] 		Found a linked MCParticle to track
[ DEBUG5 "MyRemoveOverlay"] ----------------------------- MCParticle -----------------------------
[ DEBUG5 "MyRemoveOverlay"] Id                                                                5831
[ DEBUG5 "MyRemoveOverlay"] PDG                                                                211
[ DEBUG5 "MyRemoveOverlay"] Energy [GeV]                                                  3.79e+00
[ DEBUG5 "MyRemoveOverlay"] Momentum [GeV] (x,y,z)                      -1.70193, 1.0793, -3.20807
[ DEBUG5 "MyRemoveOverlay"] Momentum at Endpoint[GeV] (x,y,z)                                -0, 0, -0
[ DEBUG5 "MyRemoveOverlay"] GeneratorStatus                                                      1
[ DEBUG5 "MyRemoveOverlay"] Vertex [mm] (x,y,z)                                    0, 0, -0.218376
[ DEBUG5 "MyRemoveOverlay"] Endpoint [mm] (x,y,z)                      -847.346, 1221.51, -2428.45
[ DEBUG5 "MyRemoveOverlay"] Mass [GeV]                                                    1.40e-01
[ DEBUG5 "MyRemoveOverlay"] Charge                                                        1.00e+00
[ DEBUG5 "MyRemoveOverlay"] Parents                                                              1
[ DEBUG5 "MyRemoveOverlay"] Daughters                                                            1
[ DEBUG5 "MyRemoveOverlay"] simulator status bits: [sbvtcls]  s: created in simulation b: backscatter v: vertex is not endpoint of parent t: decayed in tracker c: decayed in calorimeter l: has left detector s: stopped o: overlay
[ DEBUG5 "MyRemoveOverlay"] [    c s ]
[ DEBUG5 "MyRemoveOverlay"] 
[ DEBUG0 "MyRemoveOverlay"] 	MCParticle at index: 0 has PDG: 211 and MCParticle to Cluster link weight is 9.79e-01
[ DEBUG0 "MyRemoveOverlay"] 	MCParticle at index: 0 with PDG code: 211 has highest link weight to input cluster
[ DEBUG6 "MyRemoveOverlay"] 		Cluster is not linked to a MCParticle
[ DEBUG7 "MyRemoveOverlay"] 		********** PFO AT INDEX 3 IS NOT OVERLAY **********
[ DEBUG8 "MyRemoveOverlay"] 
[ DEBUG8 "MyRemoveOverlay"] 		-------------------------------------------------------
[ DEBUG8 "MyRemoveOverlay"] 		Processing PFO at index 4
[ DEBUG5 "MyRemoveOverlay"] ------------------ ReconstructedParticle -----------------------------
[ DEBUG5 "MyRemoveOverlay"] Id                                                              0x7344
[ DEBUG5 "MyRemoveOverlay"] Compound                                                             0
[ DEBUG5 "MyRemoveOverlay"] Type                                                               211
[ DEBUG5 "MyRemoveOverlay"] Momentum (x,y,z)                       -1.98e-01, -9.00e-02, -1.50e+00
[ DEBUG5 "MyRemoveOverlay"] Mass [GeV]                                                    1.40e-01
[ DEBUG5 "MyRemoveOverlay"] Charge [e]                                                    1.00e+00
[ DEBUG5 "MyRemoveOverlay"] Energy [GeV]                                                  1.52e+00
[ DEBUG5 "MyRemoveOverlay"] ReferencePoint                         -8.25e+01, -1.82e+01, -6.42e+02
[ DEBUG5 "MyRemoveOverlay"] ParticleIDUsed                                                       0
[ DEBUG5 "MyRemoveOverlay"] GoodnessOfPID                                                 0.00e+00
[ DEBUG5 "MyRemoveOverlay"] Covariance p,E:  9.12e-05, -1.14e-05, 6.01e-05, 3.80e-05, -5.04e-06, 
[ DEBUG5 "MyRemoveOverlay"]                  3.00e-04, -4.86e-05, 2.89e-06, -3.01e-04, 3.02e-04
[ DEBUG5 "MyRemoveOverlay"] Particles id:    
[ DEBUG5 "MyRemoveOverlay"] Tracks id:    [00006692]
[ DEBUG5 "MyRemoveOverlay"] Clusters id:  [00007243]
[ DEBUG5 "MyRemoveOverlay"] Particle ids ( [id], PDG, (type)): 
[ DEBUG5 "MyRemoveOverlay"]                  [00007345], 000211, (000000) 
[ DEBUG5 "MyRemoveOverlay"]                  [00007346], 000011, (000000) 
[ DEBUG5 "MyRemoveOverlay"]                  [00007347], 000000, (000000) 
[ DEBUG5 "MyRemoveOverlay"]                  [00007348], 000000, (000000) 
[ DEBUG5 "MyRemoveOverlay"]                  [00007349], 000000, (000000) 
[ DEBUG5 "MyRemoveOverlay"]                  [00007350], 000000, (000000) 
[ DEBUG5 "MyRemoveOverlay"]                  [00007351], 000011, (000000) 
[ DEBUG5 "MyRemoveOverlay"]                  [00007352], 000211, (000000) 
[ DEBUG5 "MyRemoveOverlay"]                  [00007353], 000211, (000000) 
[ DEBUG5 "MyRemoveOverlay"] 
[ DEBUG5 "MyRemoveOverlay"] 
[ DEBUG0 "MyRemoveOverlay"] 	MCParticle at index: 0 has PDG: 211 and MCParticle to Track link weight is 1.00e+00
[ DEBUG0 "MyRemoveOverlay"] 	MCParticle at index: 0 with PDG code: 211 has highest link weight to input track
[ DEBUG6 "MyRemoveOverlay"] 		Track is not linked to a MCParticle
[ DEBUG0 "MyRemoveOverlay"] 	MCParticle at index: 1 has PDG: 211 and MCParticle to Cluster link weight is 9.20e-01
[ DEBUG0 "MyRemoveOverlay"] 	MCParticle at index: 1 with PDG code: 211 has highest link weight to input cluster
[ DEBUG6 "MyRemoveOverlay"] 		Cluster is not linked to a MCParticle
[ DEBUG7 "MyRemoveOverlay"] 		********** PFO AT INDEX 4 IS NOT OVERLAY **********
[ DEBUG8 "MyRemoveOverlay"] 
[ DEBUG8 "MyRemoveOverlay"] 		-------------------------------------------------------
[ DEBUG8 "MyRemoveOverlay"] 		Processing PFO at index 5
[ DEBUG5 "MyRemoveOverlay"] ------------------ ReconstructedParticle -----------------------------
[ DEBUG5 "MyRemoveOverlay"] Id                                                              0x7354
[ DEBUG5 "MyRemoveOverlay"] Compound                                                             0
[ DEBUG5 "MyRemoveOverlay"] Type                                                              -211
[ DEBUG5 "MyRemoveOverlay"] Momentum (x,y,z)                       -1.95e-01, +1.64e-01, -4.96e-02
[ DEBUG5 "MyRemoveOverlay"] Mass [GeV]                                                    1.40e-01
[ DEBUG5 "MyRemoveOverlay"] Charge [e]                                                   -1.00e+00
[ DEBUG5 "MyRemoveOverlay"] Energy [GeV]                                                  2.95e-01
[ DEBUG5 "MyRemoveOverlay"] ReferencePoint                         -1.34e+01, +1.05e+01, -3.48e+00
[ DEBUG5 "MyRemoveOverlay"] ParticleIDUsed                                                       0
[ DEBUG5 "MyRemoveOverlay"] GoodnessOfPID                                                 0.00e+00
[ DEBUG5 "MyRemoveOverlay"] Covariance p,E:  9.54e-07, -2.55e-07, 6.60e-07, 9.37e-08, -5.80e-08, 
[ DEBUG5 "MyRemoveOverlay"]                  5.48e-07, -7.89e-07, 5.46e-07, -1.86e-07, 8.57e-07
[ DEBUG5 "MyRemoveOverlay"] Particles id:    
[ DEBUG5 "MyRemoveOverlay"] Tracks id:    [00006537]
[ DEBUG5 "MyRemoveOverlay"] Clusters id:  [00007244]
[ DEBUG5 "MyRemoveOverlay"] Particle ids ( [id], PDG, (type)): 
[ DEBUG5 "MyRemoveOverlay"]                  [00007355], 000013, (000000) 
[ DEBUG5 "MyRemoveOverlay"]                  [00007356], 000013, (000000) 
[ DEBUG5 "MyRemoveOverlay"]                  [00007357], 000000, (000000) 
[ DEBUG5 "MyRemoveOverlay"]                  [00007358], 000000, (000000) 
[ DEBUG5 "MyRemoveOverlay"]                  [00007359], 000000, (000000) 
[ DEBUG5 "MyRemoveOverlay"]                  [00007360], 000000, (000000) 
[ DEBUG5 "MyRemoveOverlay"]                  [00007361], 000211, (000000) 
[ DEBUG5 "MyRemoveOverlay"]                  [00007362], 000211, (000000) 
[ DEBUG5 "MyRemoveOverlay"]                  [00007363], 000013, (000000) 
[ DEBUG5 "MyRemoveOverlay"] 
[ DEBUG5 "MyRemoveOverlay"] 
[ DEBUG0 "MyRemoveOverlay"] 	MCParticle at index: 0 has PDG: -211 and MCParticle to Track link weight is 1.00e+00
[ DEBUG0 "MyRemoveOverlay"] 	MCParticle at index: 0 with PDG code: -211 has highest link weight to input track
[ DEBUG6 "MyRemoveOverlay"] 		Track is not linked to a MCParticle
[ DEBUG6 "MyRemoveOverlay"] 		Cluster is not linked to a MCParticle
[ DEBUG7 "MyRemoveOverlay"] 		********** PFO AT INDEX 5 IS NOT OVERLAY **********
[ DEBUG8 "MyRemoveOverlay"] 
[ DEBUG8 "MyRemoveOverlay"] 		-------------------------------------------------------
[ DEBUG8 "MyRemoveOverlay"] 		Processing PFO at index 6
[ DEBUG5 "MyRemoveOverlay"] ------------------ ReconstructedParticle -----------------------------
[ DEBUG5 "MyRemoveOverlay"] Id                                                              0x7364
[ DEBUG5 "MyRemoveOverlay"] Compound                                                             0
[ DEBUG5 "MyRemoveOverlay"] Type                                                               -11
[ DEBUG5 "MyRemoveOverlay"] Momentum (x,y,z)                       -5.00e-01, +3.42e-01, -2.00e+00
[ DEBUG5 "MyRemoveOverlay"] Mass [GeV]                                                    5.11e-04
[ DEBUG5 "MyRemoveOverlay"] Charge [e]                                                    1.00e+00
[ DEBUG5 "MyRemoveOverlay"] Energy [GeV]                                                  2.09e+00
[ DEBUG5 "MyRemoveOverlay"] ReferencePoint                         -1.37e+01, +9.60e+00, -5.55e+01
[ DEBUG5 "MyRemoveOverlay"] ParticleIDUsed                                                       0
[ DEBUG5 "MyRemoveOverlay"] GoodnessOfPID                                                 0.00e+00
[ DEBUG5 "MyRemoveOverlay"] Covariance p,E:  7.33e-06, -3.69e-06, 5.28e-06, 2.03e-05, -1.52e-05, 
[ DEBUG5 "MyRemoveOverlay"]                  8.63e-05, -2.18e-05, 1.62e-05, -8.99e-05, 9.39e-05
[ DEBUG5 "MyRemoveOverlay"] Particles id:    
[ DEBUG5 "MyRemoveOverlay"] Tracks id:    [00006487]
[ DEBUG5 "MyRemoveOverlay"] Clusters id:  [00007245]
[ DEBUG5 "MyRemoveOverlay"] Particle ids ( [id], PDG, (type)): 
[ DEBUG5 "MyRemoveOverlay"]                  [00007365], 000211, (000000) 
[ DEBUG5 "MyRemoveOverlay"]                  [00007366], 000000, (000000) 
[ DEBUG5 "MyRemoveOverlay"]                  [00007367], 000000, (000000) 
[ DEBUG5 "MyRemoveOverlay"]                  [00007368], 000000, (000000) 
[ DEBUG5 "MyRemoveOverlay"]                  [00007369], 000000, (000000) 
[ DEBUG5 "MyRemoveOverlay"]                  [00007370], 000000, (000000) 
[ DEBUG5 "MyRemoveOverlay"]                  [00007371], 000011, (000000) 
[ DEBUG5 "MyRemoveOverlay"]                  [00007372], 000013, (000000) 
[ DEBUG5 "MyRemoveOverlay"]                  [00007373], 000013, (000000) 
[ DEBUG5 "MyRemoveOverlay"] 
[ DEBUG5 "MyRemoveOverlay"] 
[ DEBUG0 "MyRemoveOverlay"] 	MCParticle at index: 0 has PDG: 211 and MCParticle to Track link weight is 1.00e+00
[ DEBUG0 "MyRemoveOverlay"] 	MCParticle at index: 0 with PDG code: 211 has highest link weight to input track
[ DEBUG0 "MyRemoveOverlay"] 	Track at index: 0 has highest link weight to MCParticle = 1.00e+00
[ DEBUG0 "MyRemoveOverlay"] 	Track linked to MCParticle with highest weight
[ DEBUG6 "MyRemoveOverlay"] 		Found a linked MCParticle to track
[ DEBUG5 "MyRemoveOverlay"] ----------------------------- MCParticle -----------------------------
[ DEBUG5 "MyRemoveOverlay"] Id                                                                5854
[ DEBUG5 "MyRemoveOverlay"] PDG                                                                211
[ DEBUG5 "MyRemoveOverlay"] Energy [GeV]                                                  2.08e+00
[ DEBUG5 "MyRemoveOverlay"] Momentum [GeV] (x,y,z)                   -0.495779, 0.336817, -1.98457
[ DEBUG5 "MyRemoveOverlay"] Momentum at Endpoint[GeV] (x,y,z)                                 0, 0, -0
[ DEBUG5 "MyRemoveOverlay"] GeneratorStatus                                                      1
[ DEBUG5 "MyRemoveOverlay"] Vertex [mm] (x,y,z)             -6.70863e-309, 4.67709e-309, -0.218376
[ DEBUG5 "MyRemoveOverlay"] Endpoint [mm] (x,y,z)                      -229.732, 618.391, -2321.39
[ DEBUG5 "MyRemoveOverlay"] Mass [GeV]                                                    1.40e-01
[ DEBUG5 "MyRemoveOverlay"] Charge                                                        1.00e+00
[ DEBUG5 "MyRemoveOverlay"] Parents                                                              1
[ DEBUG5 "MyRemoveOverlay"] Daughters                                                            4
[ DEBUG5 "MyRemoveOverlay"] simulator status bits: [sbvtcls]  s: created in simulation b: backscatter v: vertex is not endpoint of parent t: decayed in tracker c: decayed in calorimeter l: has left detector s: stopped o: overlay
[ DEBUG5 "MyRemoveOverlay"] [   t  s ]
[ DEBUG5 "MyRemoveOverlay"] 
[ DEBUG6 "MyRemoveOverlay"] 		Cluster is not linked to a MCParticle
[ DEBUG7 "MyRemoveOverlay"] 		********** PFO AT INDEX 6 IS NOT OVERLAY **********
[ DEBUG8 "MyRemoveOverlay"] 
[ DEBUG8 "MyRemoveOverlay"] 		-------------------------------------------------------
[ DEBUG8 "MyRemoveOverlay"] 		Processing PFO at index 7
[ DEBUG5 "MyRemoveOverlay"] ------------------ ReconstructedParticle -----------------------------
[ DEBUG5 "MyRemoveOverlay"] Id                                                              0x7374
[ DEBUG5 "MyRemoveOverlay"] Compound                                                             0
[ DEBUG5 "MyRemoveOverlay"] Type                                                              -211
[ DEBUG5 "MyRemoveOverlay"] Momentum (x,y,z)                       +2.52e-01, +1.49e-01, -9.32e-01
[ DEBUG5 "MyRemoveOverlay"] Mass [GeV]                                                    1.40e-01
[ DEBUG5 "MyRemoveOverlay"] Charge [e]                                                   -1.00e+00
[ DEBUG5 "MyRemoveOverlay"] Energy [GeV]                                                  9.87e-01
[ DEBUG5 "MyRemoveOverlay"] ReferencePoint                         +1.47e+01, +9.10e+00, -5.52e+01
[ DEBUG5 "MyRemoveOverlay"] ParticleIDUsed                                                       0
[ DEBUG5 "MyRemoveOverlay"] GoodnessOfPID                                                 0.00e+00
[ DEBUG5 "MyRemoveOverlay"] Covariance p,E:  5.16e-06, 2.96e-06, 3.44e-06, -1.57e-05, -1.15e-05, 
[ DEBUG5 "MyRemoveOverlay"]                  6.31e-05, 1.66e-05, 1.22e-05, -6.54e-05, 6.78e-05
[ DEBUG5 "MyRemoveOverlay"] Particles id:    
[ DEBUG5 "MyRemoveOverlay"] Tracks id:    [00006672]
[ DEBUG5 "MyRemoveOverlay"] Clusters id:  [00007246]
[ DEBUG5 "MyRemoveOverlay"] Particle ids ( [id], PDG, (type)): 
[ DEBUG5 "MyRemoveOverlay"]                  [00007375], 000011, (000000) 
[ DEBUG5 "MyRemoveOverlay"]                  [00007376], 000000, (000000) 
[ DEBUG5 "MyRemoveOverlay"]                  [00007377], 000000, (000000) 
[ DEBUG5 "MyRemoveOverlay"]                  [00007378], 000000, (000000) 
[ DEBUG5 "MyRemoveOverlay"]                  [00007379], 000000, (000000) 
[ DEBUG5 "MyRemoveOverlay"]                  [00007380], 000000, (000000) 
[ DEBUG5 "MyRemoveOverlay"]                  [00007381], 000011, (000000) 
[ DEBUG5 "MyRemoveOverlay"]                  [00007382], 000011, (000000) 
[ DEBUG5 "MyRemoveOverlay"]                  [00007383], 000011, (000000) 
[ DEBUG5 "MyRemoveOverlay"] 
[ DEBUG5 "MyRemoveOverlay"] 
[ DEBUG0 "MyRemoveOverlay"] 	MCParticle at index: 0 has PDG: -211 and MCParticle to Track link weight is 1.00e+00
[ DEBUG0 "MyRemoveOverlay"] 	MCParticle at index: 0 with PDG code: -211 has highest link weight to input track
[ DEBUG6 "MyRemoveOverlay"] 		Track is not linked to a MCParticle
[ DEBUG6 "MyRemoveOverlay"] 		Cluster is not linked to a MCParticle
[ DEBUG7 "MyRemoveOverlay"] 		********** PFO AT INDEX 7 IS NOT OVERLAY **********
[ DEBUG8 "MyRemoveOverlay"] 
[ DEBUG8 "MyRemoveOverlay"] 		-------------------------------------------------------
[ DEBUG8 "MyRemoveOverlay"] 		Processing PFO at index 8
[ DEBUG5 "MyRemoveOverlay"] ------------------ ReconstructedParticle -----------------------------
[ DEBUG5 "MyRemoveOverlay"] Id                                                              0x7384
[ DEBUG5 "MyRemoveOverlay"] Compound                                                             0
[ DEBUG5 "MyRemoveOverlay"] Type                                                              -211
[ DEBUG5 "MyRemoveOverlay"] Momentum (x,y,z)                       -1.76e-01, +1.93e-01, -2.32e-01
[ DEBUG5 "MyRemoveOverlay"] Mass [GeV]                                                    1.40e-01
[ DEBUG5 "MyRemoveOverlay"] Charge [e]                                                   -1.00e+00
[ DEBUG5 "MyRemoveOverlay"] Energy [GeV]                                                  3.76e-01
[ DEBUG5 "MyRemoveOverlay"] ReferencePoint                         -1.12e+01, +1.16e+01, -1.46e+01
[ DEBUG5 "MyRemoveOverlay"] ParticleIDUsed                                                       0
[ DEBUG5 "MyRemoveOverlay"] GoodnessOfPID                                                 0.00e+00
[ DEBUG5 "MyRemoveOverlay"] Covariance p,E:  1.06e-06, -3.56e-07, 8.93e-07, 4.80e-07, -4.40e-07, 
[ DEBUG5 "MyRemoveOverlay"]                  1.17e-06, -9.74e-07, 8.96e-07, -1.17e-06, 1.64e-06
[ DEBUG5 "MyRemoveOverlay"] Particles id:    
[ DEBUG5 "MyRemoveOverlay"] Tracks id:    [00006527]
[ DEBUG5 "MyRemoveOverlay"] Clusters id:  [00007247]
[ DEBUG5 "MyRemoveOverlay"] Particle ids ( [id], PDG, (type)): 
[ DEBUG5 "MyRemoveOverlay"]                  [00007385], 000211, (000000) 
[ DEBUG5 "MyRemoveOverlay"]                  [00007386], 000211, (000000) 
[ DEBUG5 "MyRemoveOverlay"]                  [00007387], 000011, (000000) 
[ DEBUG5 "MyRemoveOverlay"]                  [00007388], 000211, (000000) 
[ DEBUG5 "MyRemoveOverlay"]                  [00007389], 000211, (000000) 
[ DEBUG5 "MyRemoveOverlay"] 
[ DEBUG5 "MyRemoveOverlay"] 
[ DEBUG0 "MyRemoveOverlay"] 	MCParticle at index: 0 has PDG: -211 and MCParticle to Track link weight is 1.00e+00
[ DEBUG0 "MyRemoveOverlay"] 	MCParticle at index: 0 with PDG code: -211 has highest link weight to input track
[ DEBUG6 "MyRemoveOverlay"] 		Track is not linked to a MCParticle
[ DEBUG0 "MyRemoveOverlay"] 	MCParticle at index: 0 has PDG: 22 and MCParticle to Cluster link weight is 9.73e-01
[ DEBUG0 "MyRemoveOverlay"] 	MCParticle at index: 0 with PDG code: 22 has highest link weight to input cluster
[ DEBUG0 "MyRemoveOverlay"] 	Cluster at index: 0 has highest link weight to MCParticle = 1.00e+00
[ DEBUG0 "MyRemoveOverlay"] 	Cluster linked to MCParticle with highest weight
[ DEBUG6 "MyRemoveOverlay"] 		Found a linked MCParticle to cluster
[ DEBUG5 "MyRemoveOverlay"] ----------------------------- MCParticle -----------------------------
[ DEBUG5 "MyRemoveOverlay"] Id                                                                5869
[ DEBUG5 "MyRemoveOverlay"] PDG                                                                 22
[ DEBUG5 "MyRemoveOverlay"] Energy [GeV]                                                  7.57e-01
[ DEBUG5 "MyRemoveOverlay"] Momentum [GeV] (x,y,z)                 0.0204238, -0.120318, -0.746699
[ DEBUG5 "MyRemoveOverlay"] Momentum at Endpoint[GeV] (x,y,z)                                0, -0, -0
[ DEBUG5 "MyRemoveOverlay"] GeneratorStatus                                                      1
[ DEBUG5 "MyRemoveOverlay"] Vertex [mm] (x,y,z)                2.06441e-05, -2.56382e-05, -0.21866
[ DEBUG5 "MyRemoveOverlay"] Endpoint [mm] (x,y,z)                      67.4517, -397.362, -2466.27
[ DEBUG5 "MyRemoveOverlay"] Mass [GeV]                                                    1.05e-08
[ DEBUG5 "MyRemoveOverlay"] Charge                                                        0.00e+00
[ DEBUG5 "MyRemoveOverlay"] Parents                                                              1
[ DEBUG5 "MyRemoveOverlay"] Daughters                                                            0
[ DEBUG5 "MyRemoveOverlay"] simulator status bits: [sbvtcls]  s: created in simulation b: backscatter v: vertex is not endpoint of parent t: decayed in tracker c: decayed in calorimeter l: has left detector s: stopped o: overlay
[ DEBUG5 "MyRemoveOverlay"] [    c s ]
[ DEBUG5 "MyRemoveOverlay"] 
[ DEBUG7 "MyRemoveOverlay"] 		********** PFO AT INDEX 8 IS NOT OVERLAY **********
[ DEBUG8 "MyRemoveOverlay"] 
[ DEBUG8 "MyRemoveOverlay"] 		-------------------------------------------------------
[ DEBUG8 "MyRemoveOverlay"] 		Processing PFO at index 9
[ DEBUG5 "MyRemoveOverlay"] ------------------ ReconstructedParticle -----------------------------
[ DEBUG5 "MyRemoveOverlay"] Id                                                              0x7390
[ DEBUG5 "MyRemoveOverlay"] Compound                                                             0
[ DEBUG5 "MyRemoveOverlay"] Type                                                               211
[ DEBUG5 "MyRemoveOverlay"] Momentum (x,y,z)                       +1.39e-01, +3.50e-02, -2.83e-01
[ DEBUG5 "MyRemoveOverlay"] Mass [GeV]                                                    1.40e-01
[ DEBUG5 "MyRemoveOverlay"] Charge [e]                                                    1.00e+00
[ DEBUG5 "MyRemoveOverlay"] Energy [GeV]                                                  3.47e-01
[ DEBUG5 "MyRemoveOverlay"] ReferencePoint                         +1.59e+01, +2.79e+00, -3.22e+01
[ DEBUG5 "MyRemoveOverlay"] ParticleIDUsed                                                       0
[ DEBUG5 "MyRemoveOverlay"] GoodnessOfPID                                                 0.00e+00
[ DEBUG5 "MyRemoveOverlay"] Covariance p,E:  1.02e-05, 9.18e-07, 1.02e-06, -1.82e-05, -2.03e-06, 
[ DEBUG5 "MyRemoveOverlay"]                  3.68e-05, 1.91e-05, 2.13e-06, -3.76e-05, 3.86e-05
[ DEBUG5 "MyRemoveOverlay"] Particles id:    
[ DEBUG5 "MyRemoveOverlay"] Tracks id:    [00006657]
[ DEBUG5 "MyRemoveOverlay"] Clusters id:  [00007248]
[ DEBUG5 "MyRemoveOverlay"] Particle ids ( [id], PDG, (type)): 
[ DEBUG5 "MyRemoveOverlay"]                  [00007391], 000013, (000000) 
[ DEBUG5 "MyRemoveOverlay"]                  [00007392], 000011, (000000) 
[ DEBUG5 "MyRemoveOverlay"]                  [00007393], 000000, (000000) 
[ DEBUG5 "MyRemoveOverlay"]                  [00007394], 000000, (000000) 
[ DEBUG5 "MyRemoveOverlay"]                  [00007395], 000000, (000000) 
[ DEBUG5 "MyRemoveOverlay"]                  [00007396], 000000, (000000) 
[ DEBUG5 "MyRemoveOverlay"]                  [00007397], 000011, (000000) 
[ DEBUG5 "MyRemoveOverlay"]                  [00007398], 000013, (000000) 
[ DEBUG5 "MyRemoveOverlay"]                  [00007399], 000013, (000000) 
[ DEBUG5 "MyRemoveOverlay"] 
[ DEBUG5 "MyRemoveOverlay"] 
[ DEBUG0 "MyRemoveOverlay"] 	MCParticle at index: 0 has PDG: 211 and MCParticle to Track link weight is 1.00e+00
[ DEBUG0 "MyRemoveOverlay"] 	MCParticle at index: 0 with PDG code: 211 has highest link weight to input track
[ DEBUG6 "MyRemoveOverlay"] 		Track is not linked to a MCParticle
[ DEBUG0 "MyRemoveOverlay"] 	MCParticle at index: 0 has PDG: 13 and MCParticle to Cluster link weight is 1.00e+00
[ DEBUG0 "MyRemoveOverlay"] 	MCParticle at index: 0 with PDG code: 13 has highest link weight to input cluster
[ DEBUG6 "MyRemoveOverlay"] 		Cluster is not linked to a MCParticle
[ DEBUG7 "MyRemoveOverlay"] 		********** PFO AT INDEX 9 IS NOT OVERLAY **********
[ DEBUG8 "MyRemoveOverlay"] 
[ DEBUG8 "MyRemoveOverlay"] 		-------------------------------------------------------
[ DEBUG8 "MyRemoveOverlay"] 		Processing PFO at index 10
[ DEBUG5 "MyRemoveOverlay"] ------------------ ReconstructedParticle -----------------------------
[ DEBUG5 "MyRemoveOverlay"] Id                                                              0x7400
[ DEBUG5 "MyRemoveOverlay"] Compound                                                             0
[ DEBUG5 "MyRemoveOverlay"] Type                                                               211
[ DEBUG5 "MyRemoveOverlay"] Momentum (x,y,z)                       -4.99e-01, +1.41e+00, -1.62e+00
[ DEBUG5 "MyRemoveOverlay"] Mass [GeV]                                                    1.40e-01
[ DEBUG5 "MyRemoveOverlay"] Charge [e]                                                    1.00e+00
[ DEBUG5 "MyRemoveOverlay"] Energy [GeV]                                                  2.21e+00
[ DEBUG5 "MyRemoveOverlay"] ReferencePoint                         -5.46e+00, +1.58e+01, -1.83e+01
[ DEBUG5 "MyRemoveOverlay"] ParticleIDUsed                                                       0
[ DEBUG5 "MyRemoveOverlay"] GoodnessOfPID                                                 0.00e+00
[ DEBUG5 "MyRemoveOverlay"] Covariance p,E:  8.67e-07, -3.67e-07, 1.91e-06, 4.43e-07, -1.33e-06, 
[ DEBUG5 "MyRemoveOverlay"]                  2.24e-06, -7.55e-07, 2.28e-06, -2.59e-06, 3.53e-06
[ DEBUG5 "MyRemoveOverlay"] Particles id:    
[ DEBUG5 "MyRemoveOverlay"] Tracks id:    [00006517]
[ DEBUG5 "MyRemoveOverlay"] Clusters id:  [00007249]
[ DEBUG5 "MyRemoveOverlay"] Particle ids ( [id], PDG, (type)): 
[ DEBUG5 "MyRemoveOverlay"]                  [00007401], 000211, (000000) 
[ DEBUG5 "MyRemoveOverlay"]                  [00007402], 000000, (000000) 
[ DEBUG5 "MyRemoveOverlay"]                  [00007403], 000000, (000000) 
[ DEBUG5 "MyRemoveOverlay"]                  [00007404], 000000, (000000) 
[ DEBUG5 "MyRemoveOverlay"]                  [00007405], 000000, (000000) 
[ DEBUG5 "MyRemoveOverlay"]                  [00007406], 000000, (000000) 
[ DEBUG5 "MyRemoveOverlay"]                  [00007407], 000211, (000000) 
[ DEBUG5 "MyRemoveOverlay"]                  [00007408], 000011, (000000) 
[ DEBUG5 "MyRemoveOverlay"]                  [00007409], 000211, (000000) 
[ DEBUG5 "MyRemoveOverlay"] 
[ DEBUG5 "MyRemoveOverlay"] 
[ DEBUG0 "MyRemoveOverlay"] 	MCParticle at index: 0 has PDG: 211 and MCParticle to Track link weight is 1.00e+00
[ DEBUG0 "MyRemoveOverlay"] 	MCParticle at index: 0 with PDG code: 211 has highest link weight to input track
[ DEBUG0 "MyRemoveOverlay"] 	Track at index: 0 has highest link weight to MCParticle = 9.96e-01
[ DEBUG0 "MyRemoveOverlay"] 	Track linked to MCParticle with highest weight
[ DEBUG6 "MyRemoveOverlay"] 		Found a linked MCParticle to track
[ DEBUG5 "MyRemoveOverlay"] ----------------------------- MCParticle -----------------------------
[ DEBUG5 "MyRemoveOverlay"] Id                                                                5861
[ DEBUG5 "MyRemoveOverlay"] PDG                                                                211
[ DEBUG5 "MyRemoveOverlay"] Energy [GeV]                                                  2.21e+00
[ DEBUG5 "MyRemoveOverlay"] Momentum [GeV] (x,y,z)                      -0.497072, 1.4097, -1.6172
[ DEBUG5 "MyRemoveOverlay"] Momentum at Endpoint[GeV] (x,y,z)                                 0, 0, -0
[ DEBUG5 "MyRemoveOverlay"] GeneratorStatus                                                      1
[ DEBUG5 "MyRemoveOverlay"] Vertex [mm] (x,y,z)             -1.70251e-308, 5.39637e-308, -0.218376
[ DEBUG5 "MyRemoveOverlay"] Endpoint [mm] (x,y,z)                        955.995, 1840.7, -2513.78
[ DEBUG5 "MyRemoveOverlay"] Mass [GeV]                                                    1.40e-01
[ DEBUG5 "MyRemoveOverlay"] Charge                                                        1.00e+00
[ DEBUG5 "MyRemoveOverlay"] Parents                                                              1
[ DEBUG5 "MyRemoveOverlay"] Daughters                                                            0
[ DEBUG5 "MyRemoveOverlay"] simulator status bits: [sbvtcls]  s: created in simulation b: backscatter v: vertex is not endpoint of parent t: decayed in tracker c: decayed in calorimeter l: has left detector s: stopped o: overlay
[ DEBUG5 "MyRemoveOverlay"] [    c s ]
[ DEBUG5 "MyRemoveOverlay"] 
[ DEBUG0 "MyRemoveOverlay"] 	MCParticle at index: 1 has PDG: 211 and MCParticle to Cluster link weight is 9.50e-01
[ DEBUG0 "MyRemoveOverlay"] 	MCParticle at index: 1 with PDG code: 211 has highest link weight to input cluster
[ DEBUG0 "MyRemoveOverlay"] 	Cluster at index: 0 has highest link weight to MCParticle = 9.36e-01
[ DEBUG0 "MyRemoveOverlay"] 	Cluster linked to MCParticle with highest weight
[ DEBUG6 "MyRemoveOverlay"] 		Found a linked MCParticle to cluster
[ DEBUG5 "MyRemoveOverlay"] ----------------------------- MCParticle -----------------------------
[ DEBUG5 "MyRemoveOverlay"] Id                                                                5861
[ DEBUG5 "MyRemoveOverlay"] PDG                                                                211
[ DEBUG5 "MyRemoveOverlay"] Energy [GeV]                                                  2.21e+00
[ DEBUG5 "MyRemoveOverlay"] Momentum [GeV] (x,y,z)                      -0.497072, 1.4097, -1.6172
[ DEBUG5 "MyRemoveOverlay"] Momentum at Endpoint[GeV] (x,y,z)                                 0, 0, -0
[ DEBUG5 "MyRemoveOverlay"] GeneratorStatus                                                      1
[ DEBUG5 "MyRemoveOverlay"] Vertex [mm] (x,y,z)             -1.70251e-308, 5.39637e-308, -0.218376
[ DEBUG5 "MyRemoveOverlay"] Endpoint [mm] (x,y,z)                        955.995, 1840.7, -2513.78
[ DEBUG5 "MyRemoveOverlay"] Mass [GeV]                                                    1.40e-01
[ DEBUG5 "MyRemoveOverlay"] Charge                                                        1.00e+00
[ DEBUG5 "MyRemoveOverlay"] Parents                                                              1
[ DEBUG5 "MyRemoveOverlay"] Daughters                                                            0
[ DEBUG5 "MyRemoveOverlay"] simulator status bits: [sbvtcls]  s: created in simulation b: backscatter v: vertex is not endpoint of parent t: decayed in tracker c: decayed in calorimeter l: has left detector s: stopped o: overlay
[ DEBUG5 "MyRemoveOverlay"] [    c s ]
[ DEBUG5 "MyRemoveOverlay"] 
[ DEBUG7 "MyRemoveOverlay"] 		********** PFO AT INDEX 10 IS NOT OVERLAY **********
[ DEBUG8 "MyRemoveOverlay"] 
[ DEBUG8 "MyRemoveOverlay"] 		-------------------------------------------------------
[ DEBUG8 "MyRemoveOverlay"] 		Processing PFO at index 11
[ DEBUG5 "MyRemoveOverlay"] ------------------ ReconstructedParticle -----------------------------
[ DEBUG5 "MyRemoveOverlay"] Id                                                              0x7410
[ DEBUG5 "MyRemoveOverlay"] Compound                                                             0
[ DEBUG5 "MyRemoveOverlay"] Type                                                              -211
[ DEBUG5 "MyRemoveOverlay"] Momentum (x,y,z)                       +2.12e-01, +1.48e+00, -1.31e+00
[ DEBUG5 "MyRemoveOverlay"] Mass [GeV]                                                    1.40e-01
[ DEBUG5 "MyRemoveOverlay"] Charge [e]                                                   -1.00e+00
[ DEBUG5 "MyRemoveOverlay"] Energy [GeV]                                                  2.00e+00
[ DEBUG5 "MyRemoveOverlay"] ReferencePoint                         +2.19e+00, +1.60e+01, -1.44e+01
[ DEBUG5 "MyRemoveOverlay"] ParticleIDUsed                                                       0
[ DEBUG5 "MyRemoveOverlay"] GoodnessOfPID                                                 0.00e+00
[ DEBUG5 "MyRemoveOverlay"] Covariance p,E:  6.74e-07, 1.19e-07, 1.71e-06, -1.13e-07, -9.45e-07, 
[ DEBUG5 "MyRemoveOverlay"]                  1.48e-06, 2.35e-07, 1.90e-06, -1.69e-06, 2.55e-06
[ DEBUG5 "MyRemoveOverlay"] Particles id:    
[ DEBUG5 "MyRemoveOverlay"] Tracks id:    [00006547]
[ DEBUG5 "MyRemoveOverlay"] Clusters id:  [00007250]
[ DEBUG5 "MyRemoveOverlay"] Particle ids ( [id], PDG, (type)): 
[ DEBUG5 "MyRemoveOverlay"]                  [00007411], 000211, (000000) 
[ DEBUG5 "MyRemoveOverlay"]                  [00007412], 000000, (000000) 
[ DEBUG5 "MyRemoveOverlay"]                  [00007413], 000000, (000000) 
[ DEBUG5 "MyRemoveOverlay"]                  [00007414], 000000, (000000) 
[ DEBUG5 "MyRemoveOverlay"]                  [00007415], 000000, (000000) 
[ DEBUG5 "MyRemoveOverlay"]                  [00007416], 000000, (000000) 
[ DEBUG5 "MyRemoveOverlay"]                  [00007417], 000211, (000000) 
[ DEBUG5 "MyRemoveOverlay"]                  [00007418], 000211, (000000) 
[ DEBUG5 "MyRemoveOverlay"]                  [00007419], 000211, (000000) 
[ DEBUG5 "MyRemoveOverlay"] 
[ DEBUG5 "MyRemoveOverlay"] 
[ DEBUG0 "MyRemoveOverlay"] 	MCParticle at index: 0 has PDG: -211 and MCParticle to Track link weight is 1.00e+00
[ DEBUG0 "MyRemoveOverlay"] 	MCParticle at index: 0 with PDG code: -211 has highest link weight to input track
[ DEBUG0 "MyRemoveOverlay"] 	Track at index: 0 has highest link weight to MCParticle = 9.79e-01
[ DEBUG0 "MyRemoveOverlay"] 	Track linked to MCParticle with highest weight
[ DEBUG6 "MyRemoveOverlay"] 		Found a linked MCParticle to track
[ DEBUG5 "MyRemoveOverlay"] ----------------------------- MCParticle -----------------------------
[ DEBUG5 "MyRemoveOverlay"] Id                                                                5836
[ DEBUG5 "MyRemoveOverlay"] PDG                                                               -211
[ DEBUG5 "MyRemoveOverlay"] Energy [GeV]                                                  2.01e+00
[ DEBUG5 "MyRemoveOverlay"] Momentum [GeV] (x,y,z)                     0.213026, 1.48918, -1.31981
[ DEBUG5 "MyRemoveOverlay"] Momentum at Endpoint[GeV] (x,y,z)                                -0, 0, -0
[ DEBUG5 "MyRemoveOverlay"] GeneratorStatus                                                      1
[ DEBUG5 "MyRemoveOverlay"] Vertex [mm] (x,y,z)             -9.46628e-310, 9.64607e-309, -0.218376
[ DEBUG5 "MyRemoveOverlay"] Endpoint [mm] (x,y,z)                       -1063.3, 1581.65, -1840.52
[ DEBUG5 "MyRemoveOverlay"] Mass [GeV]                                                    1.40e-01
[ DEBUG5 "MyRemoveOverlay"] Charge                                                       -1.00e+00
[ DEBUG5 "MyRemoveOverlay"] Parents                                                              1
[ DEBUG5 "MyRemoveOverlay"] Daughters                                                            0
[ DEBUG5 "MyRemoveOverlay"] simulator status bits: [sbvtcls]  s: created in simulation b: backscatter v: vertex is not endpoint of parent t: decayed in tracker c: decayed in calorimeter l: has left detector s: stopped o: overlay
[ DEBUG5 "MyRemoveOverlay"] [    c s ]
[ DEBUG5 "MyRemoveOverlay"] 
[ DEBUG0 "MyRemoveOverlay"] 	MCParticle at index: 1 has PDG: -211 and MCParticle to Cluster link weight is 9.63e-01
[ DEBUG0 "MyRemoveOverlay"] 	MCParticle at index: 1 with PDG code: -211 has highest link weight to input cluster
[ DEBUG0 "MyRemoveOverlay"] 	Cluster at index: 0 has highest link weight to MCParticle = 9.54e-01
[ DEBUG0 "MyRemoveOverlay"] 	Cluster linked to MCParticle with highest weight
[ DEBUG6 "MyRemoveOverlay"] 		Found a linked MCParticle to cluster
[ DEBUG5 "MyRemoveOverlay"] ----------------------------- MCParticle -----------------------------
[ DEBUG5 "MyRemoveOverlay"] Id                                                                5836
[ DEBUG5 "MyRemoveOverlay"] PDG                                                               -211
[ DEBUG5 "MyRemoveOverlay"] Energy [GeV]                                                  2.01e+00
[ DEBUG5 "MyRemoveOverlay"] Momentum [GeV] (x,y,z)                     0.213026, 1.48918, -1.31981
[ DEBUG5 "MyRemoveOverlay"] Momentum at Endpoint[GeV] (x,y,z)                                -0, 0, -0
[ DEBUG5 "MyRemoveOverlay"] GeneratorStatus                                                      1
[ DEBUG5 "MyRemoveOverlay"] Vertex [mm] (x,y,z)             -9.46628e-310, 9.64607e-309, -0.218376
[ DEBUG5 "MyRemoveOverlay"] Endpoint [mm] (x,y,z)                       -1063.3, 1581.65, -1840.52
[ DEBUG5 "MyRemoveOverlay"] Mass [GeV]                                                    1.40e-01
[ DEBUG5 "MyRemoveOverlay"] Charge                                                       -1.00e+00
[ DEBUG5 "MyRemoveOverlay"] Parents                                                              1
[ DEBUG5 "MyRemoveOverlay"] Daughters                                                            0
[ DEBUG5 "MyRemoveOverlay"] simulator status bits: [sbvtcls]  s: created in simulation b: backscatter v: vertex is not endpoint of parent t: decayed in tracker c: decayed in calorimeter l: has left detector s: stopped o: overlay
[ DEBUG5 "MyRemoveOverlay"] [    c s ]
[ DEBUG5 "MyRemoveOverlay"] 
[ DEBUG7 "MyRemoveOverlay"] 		********** PFO AT INDEX 11 IS NOT OVERLAY **********
[ DEBUG8 "MyRemoveOverlay"] 
[ DEBUG8 "MyRemoveOverlay"] 		-------------------------------------------------------
[ DEBUG8 "MyRemoveOverlay"] 		Processing PFO at index 12
[ DEBUG5 "MyRemoveOverlay"] ------------------ ReconstructedParticle -----------------------------
[ DEBUG5 "MyRemoveOverlay"] Id                                                              0x7420
[ DEBUG5 "MyRemoveOverlay"] Compound                                                             0
[ DEBUG5 "MyRemoveOverlay"] Type                                                               211
[ DEBUG5 "MyRemoveOverlay"] Momentum (x,y,z)                       -5.55e-01, +1.99e+00, -1.52e+00
[ DEBUG5 "MyRemoveOverlay"] Mass [GeV]                                                    1.40e-01
[ DEBUG5 "MyRemoveOverlay"] Charge [e]                                                    1.00e+00
[ DEBUG5 "MyRemoveOverlay"] Energy [GeV]                                                  2.57e+00
[ DEBUG5 "MyRemoveOverlay"] ReferencePoint                         -4.51e+00, +1.65e+01, -1.28e+01
[ DEBUG5 "MyRemoveOverlay"] ParticleIDUsed                                                       0
[ DEBUG5 "MyRemoveOverlay"] GoodnessOfPID                                                 0.00e+00
[ DEBUG5 "MyRemoveOverlay"] Covariance p,E:  8.06e-07, -5.42e-07, 2.79e-06, 4.28e-07, -1.61e-06, 
[ DEBUG5 "MyRemoveOverlay"]                  1.88e-06, -8.47e-07, 3.23e-06, -2.45e-06, 4.14e-06
[ DEBUG5 "MyRemoveOverlay"] Particles id:    
[ DEBUG5 "MyRemoveOverlay"] Tracks id:    [00006462]
[ DEBUG5 "MyRemoveOverlay"] Clusters id:  [00007251]
[ DEBUG5 "MyRemoveOverlay"] Particle ids ( [id], PDG, (type)): 
[ DEBUG5 "MyRemoveOverlay"]                  [00007421], 000000, (000000) 
[ DEBUG5 "MyRemoveOverlay"]                  [00007422], 000000, (000000) 
[ DEBUG5 "MyRemoveOverlay"]                  [00007423], 000000, (000000) 
[ DEBUG5 "MyRemoveOverlay"]                  [00007424], 000000, (000000) 
[ DEBUG5 "MyRemoveOverlay"]                  [00007425], 000000, (000000) 
[ DEBUG5 "MyRemoveOverlay"]                  [00007426], 000211, (000000) 
[ DEBUG5 "MyRemoveOverlay"]                  [00007427], 000211, (000000) 
[ DEBUG5 "MyRemoveOverlay"]                  [00007428], 000011, (000000) 
[ DEBUG5 "MyRemoveOverlay"]                  [00007429], 000211, (000000) 
[ DEBUG5 "MyRemoveOverlay"] 
[ DEBUG5 "MyRemoveOverlay"] 
[ DEBUG0 "MyRemoveOverlay"] 	MCParticle at index: 0 has PDG: 211 and MCParticle to Track link weight is 1.00e+00
[ DEBUG0 "MyRemoveOverlay"] 	MCParticle at index: 0 with PDG code: 211 has highest link weight to input track
[ DEBUG0 "MyRemoveOverlay"] 	Track at index: 0 has highest link weight to MCParticle = 9.91e-01
[ DEBUG0 "MyRemoveOverlay"] 	Track linked to MCParticle with highest weight
[ DEBUG6 "MyRemoveOverlay"] 		Found a linked MCParticle to track
[ DEBUG5 "MyRemoveOverlay"] ----------------------------- MCParticle -----------------------------
[ DEBUG5 "MyRemoveOverlay"] Id                                                                5837
[ DEBUG5 "MyRemoveOverlay"] PDG                                                                211
[ DEBUG5 "MyRemoveOverlay"] Energy [GeV]                                                  2.57e+00
[ DEBUG5 "MyRemoveOverlay"] Momentum [GeV] (x,y,z)                    -0.554864, 1.99412, -1.52024
[ DEBUG5 "MyRemoveOverlay"] Momentum at Endpoint[GeV] (x,y,z)                                 0, 0, -0
[ DEBUG5 "MyRemoveOverlay"] GeneratorStatus                                                      1
[ DEBUG5 "MyRemoveOverlay"] Vertex [mm] (x,y,z)             -9.46628e-310, 9.64607e-309, -0.218376
[ DEBUG5 "MyRemoveOverlay"] Endpoint [mm] (x,y,z)                       549.375, 1957.88, -1581.07
[ DEBUG5 "MyRemoveOverlay"] Mass [GeV]                                                    1.40e-01
[ DEBUG5 "MyRemoveOverlay"] Charge                                                        1.00e+00
[ DEBUG5 "MyRemoveOverlay"] Parents                                                              1
[ DEBUG5 "MyRemoveOverlay"] Daughters                                                            0
[ DEBUG5 "MyRemoveOverlay"] simulator status bits: [sbvtcls]  s: created in simulation b: backscatter v: vertex is not endpoint of parent t: decayed in tracker c: decayed in calorimeter l: has left detector s: stopped o: overlay
[ DEBUG5 "MyRemoveOverlay"] [    c s ]
[ DEBUG5 "MyRemoveOverlay"] 
[ DEBUG0 "MyRemoveOverlay"] 	MCParticle at index: 0 has PDG: 211 and MCParticle to Cluster link weight is 9.62e-01
[ DEBUG0 "MyRemoveOverlay"] 	MCParticle at index: 0 with PDG code: 211 has highest link weight to input cluster
[ DEBUG0 "MyRemoveOverlay"] 	Cluster at index: 0 has highest link weight to MCParticle = 9.03e-01
[ DEBUG0 "MyRemoveOverlay"] 	Cluster linked to MCParticle with highest weight
[ DEBUG6 "MyRemoveOverlay"] 		Found a linked MCParticle to cluster
[ DEBUG5 "MyRemoveOverlay"] ----------------------------- MCParticle -----------------------------
[ DEBUG5 "MyRemoveOverlay"] Id                                                                5837
[ DEBUG5 "MyRemoveOverlay"] PDG                                                                211
[ DEBUG5 "MyRemoveOverlay"] Energy [GeV]                                                  2.57e+00
[ DEBUG5 "MyRemoveOverlay"] Momentum [GeV] (x,y,z)                    -0.554864, 1.99412, -1.52024
[ DEBUG5 "MyRemoveOverlay"] Momentum at Endpoint[GeV] (x,y,z)                                 0, 0, -0
[ DEBUG5 "MyRemoveOverlay"] GeneratorStatus                                                      1
[ DEBUG5 "MyRemoveOverlay"] Vertex [mm] (x,y,z)             -9.46628e-310, 9.64607e-309, -0.218376
[ DEBUG5 "MyRemoveOverlay"] Endpoint [mm] (x,y,z)                       549.375, 1957.88, -1581.07
[ DEBUG5 "MyRemoveOverlay"] Mass [GeV]                                                    1.40e-01
[ DEBUG5 "MyRemoveOverlay"] Charge                                                        1.00e+00
[ DEBUG5 "MyRemoveOverlay"] Parents                                                              1
[ DEBUG5 "MyRemoveOverlay"] Daughters                                                            0
[ DEBUG5 "MyRemoveOverlay"] simulator status bits: [sbvtcls]  s: created in simulation b: backscatter v: vertex is not endpoint of parent t: decayed in tracker c: decayed in calorimeter l: has left detector s: stopped o: overlay
[ DEBUG5 "MyRemoveOverlay"] [    c s ]
[ DEBUG5 "MyRemoveOverlay"] 
[ DEBUG7 "MyRemoveOverlay"] 		********** PFO AT INDEX 12 IS NOT OVERLAY **********
[ DEBUG8 "MyRemoveOverlay"] 
[ DEBUG8 "MyRemoveOverlay"] 		-------------------------------------------------------
[ DEBUG8 "MyRemoveOverlay"] 		Processing PFO at index 13
[ DEBUG5 "MyRemoveOverlay"] ------------------ ReconstructedParticle -----------------------------
[ DEBUG5 "MyRemoveOverlay"] Id                                                              0x7430
[ DEBUG5 "MyRemoveOverlay"] Compound                                                             0
[ DEBUG5 "MyRemoveOverlay"] Type                                                               211
[ DEBUG5 "MyRemoveOverlay"] Momentum (x,y,z)                       -6.06e-01, +1.42e+00, -1.05e+00
[ DEBUG5 "MyRemoveOverlay"] Mass [GeV]                                                    1.40e-01
[ DEBUG5 "MyRemoveOverlay"] Charge [e]                                                    1.00e+00
[ DEBUG5 "MyRemoveOverlay"] Energy [GeV]                                                  1.87e+00
[ DEBUG5 "MyRemoveOverlay"] ReferencePoint                         -6.38e+00, +1.51e+01, -1.14e+01
[ DEBUG5 "MyRemoveOverlay"] ParticleIDUsed                                                       0
[ DEBUG5 "MyRemoveOverlay"] GoodnessOfPID                                                 0.00e+00
[ DEBUG5 "MyRemoveOverlay"] Covariance p,E:  7.39e-07, -3.29e-07, 1.45e-06, 2.52e-07, -6.22e-07, 
[ DEBUG5 "MyRemoveOverlay"]                  1.06e-06, -6.30e-07, 1.55e-06, -1.15e-06, 2.03e-06
[ DEBUG5 "MyRemoveOverlay"] Particles id:    
[ DEBUG5 "MyRemoveOverlay"] Tracks id:    [00006522]
[ DEBUG5 "MyRemoveOverlay"] Clusters id:  [00007252]
[ DEBUG5 "MyRemoveOverlay"] Particle ids ( [id], PDG, (type)): 
[ DEBUG5 "MyRemoveOverlay"]                  [00007431], 000211, (000000) 
[ DEBUG5 "MyRemoveOverlay"]                  [00007432], 000000, (000000) 
[ DEBUG5 "MyRemoveOverlay"]                  [00007433], 000000, (000000) 
[ DEBUG5 "MyRemoveOverlay"]                  [00007434], 000000, (000000) 
[ DEBUG5 "MyRemoveOverlay"]                  [00007435], 000000, (000000) 
[ DEBUG5 "MyRemoveOverlay"]                  [00007436], 000000, (000000) 
[ DEBUG5 "MyRemoveOverlay"]                  [00007437], 000013, (000000) 
[ DEBUG5 "MyRemoveOverlay"]                  [00007438], 000211, (000000) 
[ DEBUG5 "MyRemoveOverlay"]                  [00007439], 000211, (000000) 
[ DEBUG5 "MyRemoveOverlay"] 
[ DEBUG5 "MyRemoveOverlay"] 
[ DEBUG0 "MyRemoveOverlay"] 	MCParticle at index: 0 has PDG: 211 and MCParticle to Track link weight is 1.00e+00
[ DEBUG0 "MyRemoveOverlay"] 	MCParticle at index: 0 with PDG code: 211 has highest link weight to input track
[ DEBUG0 "MyRemoveOverlay"] 	Track at index: 0 has highest link weight to MCParticle = 9.87e-01
[ DEBUG0 "MyRemoveOverlay"] 	Track linked to MCParticle with highest weight
[ DEBUG6 "MyRemoveOverlay"] 		Found a linked MCParticle to track
[ DEBUG5 "MyRemoveOverlay"] ----------------------------- MCParticle -----------------------------
[ DEBUG5 "MyRemoveOverlay"] Id                                                                5841
[ DEBUG5 "MyRemoveOverlay"] PDG                                                                211
[ DEBUG5 "MyRemoveOverlay"] Energy [GeV]                                                  1.86e+00
[ DEBUG5 "MyRemoveOverlay"] Momentum [GeV] (x,y,z)                     -0.604859, 1.4107, -1.05003
[ DEBUG5 "MyRemoveOverlay"] Momentum at Endpoint[GeV] (x,y,z)                                 0, 0, -0
[ DEBUG5 "MyRemoveOverlay"] GeneratorStatus                                                      1
[ DEBUG5 "MyRemoveOverlay"] Vertex [mm] (x,y,z)                                    0, 0, -0.218376
[ DEBUG5 "MyRemoveOverlay"] Endpoint [mm] (x,y,z)                        648.48, 1862.47, -1484.95
[ DEBUG5 "MyRemoveOverlay"] Mass [GeV]                                                    1.40e-01
[ DEBUG5 "MyRemoveOverlay"] Charge                                                        1.00e+00
[ DEBUG5 "MyRemoveOverlay"] Parents                                                              1
[ DEBUG5 "MyRemoveOverlay"] Daughters                                                            0
[ DEBUG5 "MyRemoveOverlay"] simulator status bits: [sbvtcls]  s: created in simulation b: backscatter v: vertex is not endpoint of parent t: decayed in tracker c: decayed in calorimeter l: has left detector s: stopped o: overlay
[ DEBUG5 "MyRemoveOverlay"] [    c s ]
[ DEBUG5 "MyRemoveOverlay"] 
[ DEBUG0 "MyRemoveOverlay"] 	MCParticle at index: 1 has PDG: 211 and MCParticle to Cluster link weight is 9.03e-01
[ DEBUG0 "MyRemoveOverlay"] 	MCParticle at index: 1 with PDG code: 211 has highest link weight to input cluster
[ DEBUG6 "MyRemoveOverlay"] 		Cluster is not linked to a MCParticle
[ DEBUG7 "MyRemoveOverlay"] 		********** PFO AT INDEX 13 IS NOT OVERLAY **********
[ DEBUG8 "MyRemoveOverlay"] 
[ DEBUG8 "MyRemoveOverlay"] 		-------------------------------------------------------
[ DEBUG8 "MyRemoveOverlay"] 		Processing PFO at index 14
[ DEBUG5 "MyRemoveOverlay"] ------------------ ReconstructedParticle -----------------------------
[ DEBUG5 "MyRemoveOverlay"] Id                                                              0x7440
[ DEBUG5 "MyRemoveOverlay"] Compound                                                             0
[ DEBUG5 "MyRemoveOverlay"] Type                                                               211
[ DEBUG5 "MyRemoveOverlay"] Momentum (x,y,z)                       +5.54e-01, +1.63e+00, -8.54e-01
[ DEBUG5 "MyRemoveOverlay"] Mass [GeV]                                                    1.40e-01
[ DEBUG5 "MyRemoveOverlay"] Charge [e]                                                    1.00e+00
[ DEBUG5 "MyRemoveOverlay"] Energy [GeV]                                                  1.93e+00
[ DEBUG5 "MyRemoveOverlay"] ReferencePoint                         -3.95e+00, +1.40e+02, -8.92e+01
[ DEBUG5 "MyRemoveOverlay"] ParticleIDUsed                                                       0
[ DEBUG5 "MyRemoveOverlay"] GoodnessOfPID                                                 0.00e+00
[ DEBUG5 "MyRemoveOverlay"] Covariance p,E:  3.69e-06, -3.61e-05, 4.23e-04, 2.29e-05, -2.68e-04, 
[ DEBUG5 "MyRemoveOverlay"]                  1.71e-04, -4.28e-05, 5.01e-04, -3.18e-04, 5.94e-04
[ DEBUG5 "MyRemoveOverlay"] Particles id:    
[ DEBUG5 "MyRemoveOverlay"] Tracks id:    [00006652], [00006562]
[ DEBUG5 "MyRemoveOverlay"] Clusters id:  [00007253]
[ DEBUG5 "MyRemoveOverlay"] Particle ids ( [id], PDG, (type)): 
[ DEBUG5 "MyRemoveOverlay"]                  [00007441], 000011, (000000) 
[ DEBUG5 "MyRemoveOverlay"]                  [00007442], 000000, (000000) 
[ DEBUG5 "MyRemoveOverlay"]                  [00007443], 000211, (000000) 
[ DEBUG5 "MyRemoveOverlay"]                  [00007444], 000211, (000000) 
[ DEBUG5 "MyRemoveOverlay"]                  [00007445], 000211, (000000) 
[ DEBUG5 "MyRemoveOverlay"] 
[ DEBUG5 "MyRemoveOverlay"] 
[ DEBUG0 "MyRemoveOverlay"] 	MCParticle at index: 0 has PDG: 211 and MCParticle to Track link weight is 1.00e+00
[ DEBUG0 "MyRemoveOverlay"] 	MCParticle at index: 0 with PDG code: 211 has highest link weight to input track
[ DEBUG0 "MyRemoveOverlay"] 	Track at index: 0 has highest link weight to MCParticle = 1.00e+00
[ DEBUG0 "MyRemoveOverlay"] 	Track linked to MCParticle with highest weight
[ DEBUG6 "MyRemoveOverlay"] 		Found a linked MCParticle to track
[ DEBUG5 "MyRemoveOverlay"] ----------------------------- MCParticle -----------------------------
[ DEBUG5 "MyRemoveOverlay"] Id                                                                5839
[ DEBUG5 "MyRemoveOverlay"] PDG                                                                211
[ DEBUG5 "MyRemoveOverlay"] Energy [GeV]                                                  2.53e+00
[ DEBUG5 "MyRemoveOverlay"] Momentum [GeV] (x,y,z)                    -0.213508, 2.12489, -1.35151
[ DEBUG5 "MyRemoveOverlay"] Momentum at Endpoint[GeV] (x,y,z)                                 0, 0, -0
[ DEBUG5 "MyRemoveOverlay"] GeneratorStatus                                                      1
[ DEBUG5 "MyRemoveOverlay"] Vertex [mm] (x,y,z)              -1.9341e-309, 1.15295e-308, -0.218376
[ DEBUG5 "MyRemoveOverlay"] Endpoint [mm] (x,y,z)                      -7.65995, 301.939, -191.491
[ DEBUG5 "MyRemoveOverlay"] Mass [GeV]                                                    1.40e-01
[ DEBUG5 "MyRemoveOverlay"] Charge                                                        1.00e+00
[ DEBUG5 "MyRemoveOverlay"] Parents                                                              1
[ DEBUG5 "MyRemoveOverlay"] Daughters                                                           10
[ DEBUG5 "MyRemoveOverlay"] simulator status bits: [sbvtcls]  s: created in simulation b: backscatter v: vertex is not endpoint of parent t: decayed in tracker c: decayed in calorimeter l: has left detector s: stopped o: overlay
[ DEBUG5 "MyRemoveOverlay"] [   t  s ]
[ DEBUG5 "MyRemoveOverlay"] 
[ DEBUG0 "MyRemoveOverlay"] 	MCParticle at index: 0 has PDG: 211 and MCParticle to Track link weight is 1.00e+00
[ DEBUG0 "MyRemoveOverlay"] 	MCParticle at index: 0 with PDG code: 211 has highest link weight to input track
[ DEBUG0 "MyRemoveOverlay"] 	Track at index: 0 has highest link weight to MCParticle = 9.65e-01
[ DEBUG0 "MyRemoveOverlay"] 	Track linked to MCParticle with highest weight
[ DEBUG6 "MyRemoveOverlay"] 		Found a linked MCParticle to track
[ DEBUG5 "MyRemoveOverlay"] ----------------------------- MCParticle -----------------------------
[ DEBUG5 "MyRemoveOverlay"] Id                                                                5951
[ DEBUG5 "MyRemoveOverlay"] PDG                                                                211
[ DEBUG5 "MyRemoveOverlay"] Energy [GeV]                                                  1.93e+00
[ DEBUG5 "MyRemoveOverlay"] Momentum [GeV] (x,y,z)                    0.828283, 1.51004, -0.853286
[ DEBUG5 "MyRemoveOverlay"] Momentum at Endpoint[GeV] (x,y,z)                                0, -0, -0
[ DEBUG5 "MyRemoveOverlay"] GeneratorStatus                                                      0
[ DEBUG5 "MyRemoveOverlay"] Vertex [mm] (x,y,z)                        -7.65995, 301.939, -191.491
[ DEBUG5 "MyRemoveOverlay"] Endpoint [mm] (x,y,z)                       1478.52, 1154.97, -1084.87
[ DEBUG5 "MyRemoveOverlay"] Mass [GeV]                                                    1.40e-01
[ DEBUG5 "MyRemoveOverlay"] Charge                                                        1.00e+00
[ DEBUG5 "MyRemoveOverlay"] Parents                                                              1
[ DEBUG5 "MyRemoveOverlay"] Daughters                                                            0
[ DEBUG5 "MyRemoveOverlay"] simulator status bits: [sbvtcls]  s: created in simulation b: backscatter v: vertex is not endpoint of parent t: decayed in tracker c: decayed in calorimeter l: has left detector s: stopped o: overlay
[ DEBUG5 "MyRemoveOverlay"] [s   c s ]
[ DEBUG5 "MyRemoveOverlay"] 
[ DEBUG0 "MyRemoveOverlay"] 	MCParticle at index: 0 has PDG: 211 and MCParticle to Cluster link weight is 9.91e-01
[ DEBUG0 "MyRemoveOverlay"] 	MCParticle at index: 0 with PDG code: 211 has highest link weight to input cluster
[ DEBUG0 "MyRemoveOverlay"] 	Cluster at index: 0 has highest link weight to MCParticle = 9.88e-01
[ DEBUG0 "MyRemoveOverlay"] 	Cluster linked to MCParticle with highest weight
[ DEBUG6 "MyRemoveOverlay"] 		Found a linked MCParticle to cluster
[ DEBUG5 "MyRemoveOverlay"] ----------------------------- MCParticle -----------------------------
[ DEBUG5 "MyRemoveOverlay"] Id                                                                5951
[ DEBUG5 "MyRemoveOverlay"] PDG                                                                211
[ DEBUG5 "MyRemoveOverlay"] Energy [GeV]                                                  1.93e+00
[ DEBUG5 "MyRemoveOverlay"] Momentum [GeV] (x,y,z)                    0.828283, 1.51004, -0.853286
[ DEBUG5 "MyRemoveOverlay"] Momentum at Endpoint[GeV] (x,y,z)                                0, -0, -0
[ DEBUG5 "MyRemoveOverlay"] GeneratorStatus                                                      0
[ DEBUG5 "MyRemoveOverlay"] Vertex [mm] (x,y,z)                        -7.65995, 301.939, -191.491
[ DEBUG5 "MyRemoveOverlay"] Endpoint [mm] (x,y,z)                       1478.52, 1154.97, -1084.87
[ DEBUG5 "MyRemoveOverlay"] Mass [GeV]                                                    1.40e-01
[ DEBUG5 "MyRemoveOverlay"] Charge                                                        1.00e+00
[ DEBUG5 "MyRemoveOverlay"] Parents                                                              1
[ DEBUG5 "MyRemoveOverlay"] Daughters                                                            0
[ DEBUG5 "MyRemoveOverlay"] simulator status bits: [sbvtcls]  s: created in simulation b: backscatter v: vertex is not endpoint of parent t: decayed in tracker c: decayed in calorimeter l: has left detector s: stopped o: overlay
[ DEBUG5 "MyRemoveOverlay"] [s   c s ]
[ DEBUG5 "MyRemoveOverlay"] 
[ DEBUG7 "MyRemoveOverlay"] 		********** PFO AT INDEX 14 IS NOT OVERLAY **********
[ DEBUG8 "MyRemoveOverlay"] 
[ DEBUG8 "MyRemoveOverlay"] 		-------------------------------------------------------
[ DEBUG8 "MyRemoveOverlay"] 		Processing PFO at index 15
[ DEBUG5 "MyRemoveOverlay"] ------------------ ReconstructedParticle -----------------------------
[ DEBUG5 "MyRemoveOverlay"] Id                                                              0x7446
[ DEBUG5 "MyRemoveOverlay"] Compound                                                             0
[ DEBUG5 "MyRemoveOverlay"] Type                                                              -211
[ DEBUG5 "MyRemoveOverlay"] Momentum (x,y,z)                       -3.93e+00, +9.46e+00, -5.98e+00
[ DEBUG5 "MyRemoveOverlay"] Mass [GeV]                                                    1.40e-01
[ DEBUG5 "MyRemoveOverlay"] Charge [e]                                                   -1.00e+00
[ DEBUG5 "MyRemoveOverlay"] Energy [GeV]                                                  1.19e+01
[ DEBUG5 "MyRemoveOverlay"] ReferencePoint                         -6.32e+00, +1.52e+01, -9.80e+00
[ DEBUG5 "MyRemoveOverlay"] ParticleIDUsed                                                       0
[ DEBUG5 "MyRemoveOverlay"] GoodnessOfPID                                                 0.00e+00
[ DEBUG5 "MyRemoveOverlay"] Covariance p,E:  1.21e-05, -2.62e-05, 6.32e-05, 1.67e-05, -3.95e-05, 
[ DEBUG5 "MyRemoveOverlay"]                  2.60e-05, -3.33e-05, 7.90e-05, -5.01e-05, 9.93e-05
[ DEBUG5 "MyRemoveOverlay"] Particles id:    
[ DEBUG5 "MyRemoveOverlay"] Tracks id:    [00006477]
[ DEBUG5 "MyRemoveOverlay"] Clusters id:  [00007254]
[ DEBUG5 "MyRemoveOverlay"] Particle ids ( [id], PDG, (type)): 
[ DEBUG5 "MyRemoveOverlay"]                  [00007447], 000321, (000000) 
[ DEBUG5 "MyRemoveOverlay"]                  [00007448], 000000, (000000) 
[ DEBUG5 "MyRemoveOverlay"]                  [00007449], 000000, (000000) 
[ DEBUG5 "MyRemoveOverlay"]                  [00007450], 000000, (000000) 
[ DEBUG5 "MyRemoveOverlay"]                  [00007451], 000000, (000000) 
[ DEBUG5 "MyRemoveOverlay"]                  [00007452], 000000, (000000) 
[ DEBUG5 "MyRemoveOverlay"]                  [00007453], 000211, (000000) 
[ DEBUG5 "MyRemoveOverlay"]                  [00007454], 000211, (000000) 
[ DEBUG5 "MyRemoveOverlay"]                  [00007455], 000321, (000000) 
[ DEBUG5 "MyRemoveOverlay"] 
[ DEBUG5 "MyRemoveOverlay"] 
[ DEBUG0 "MyRemoveOverlay"] 	MCParticle at index: 0 has PDG: -211 and MCParticle to Track link weight is 1.00e+00
[ DEBUG0 "MyRemoveOverlay"] 	MCParticle at index: 0 with PDG code: -211 has highest link weight to input track
[ DEBUG0 "MyRemoveOverlay"] 	Track at index: 0 has highest link weight to MCParticle = 9.87e-01
[ DEBUG0 "MyRemoveOverlay"] 	Track linked to MCParticle with highest weight
[ DEBUG6 "MyRemoveOverlay"] 		Found a linked MCParticle to track
[ DEBUG5 "MyRemoveOverlay"] ----------------------------- MCParticle -----------------------------
[ DEBUG5 "MyRemoveOverlay"] Id                                                                5818
[ DEBUG5 "MyRemoveOverlay"] PDG                                                               -211
[ DEBUG5 "MyRemoveOverlay"] Energy [GeV]                                                  1.19e+01
[ DEBUG5 "MyRemoveOverlay"] Momentum [GeV] (x,y,z)                      -3.92748, 9.45271, -5.9734
[ DEBUG5 "MyRemoveOverlay"] Momentum at Endpoint[GeV] (x,y,z)                                -0, 0, -0
[ DEBUG5 "MyRemoveOverlay"] GeneratorStatus                                                      1
[ DEBUG5 "MyRemoveOverlay"] Vertex [mm] (x,y,z)                                    0, 0, -0.218376
[ DEBUG5 "MyRemoveOverlay"] Endpoint [mm] (x,y,z)                      -1179.28, 2085.15, -1402.18
[ DEBUG5 "MyRemoveOverlay"] Mass [GeV]                                                    1.40e-01
[ DEBUG5 "MyRemoveOverlay"] Charge                                                       -1.00e+00
[ DEBUG5 "MyRemoveOverlay"] Parents                                                              1
[ DEBUG5 "MyRemoveOverlay"] Daughters                                                            0
[ DEBUG5 "MyRemoveOverlay"] simulator status bits: [sbvtcls]  s: created in simulation b: backscatter v: vertex is not endpoint of parent t: decayed in tracker c: decayed in calorimeter l: has left detector s: stopped o: overlay
[ DEBUG5 "MyRemoveOverlay"] [    c s ]
[ DEBUG5 "MyRemoveOverlay"] 
[ DEBUG0 "MyRemoveOverlay"] 	MCParticle at index: 0 has PDG: -211 and MCParticle to Cluster link weight is 9.78e-01
[ DEBUG0 "MyRemoveOverlay"] 	MCParticle at index: 0 with PDG code: -211 has highest link weight to input cluster
[ DEBUG0 "MyRemoveOverlay"] 	Cluster at index: 0 has highest link weight to MCParticle = 9.62e-01
[ DEBUG0 "MyRemoveOverlay"] 	Cluster linked to MCParticle with highest weight
[ DEBUG6 "MyRemoveOverlay"] 		Found a linked MCParticle to cluster
[ DEBUG5 "MyRemoveOverlay"] ----------------------------- MCParticle -----------------------------
[ DEBUG5 "MyRemoveOverlay"] Id                                                                5818
[ DEBUG5 "MyRemoveOverlay"] PDG                                                               -211
[ DEBUG5 "MyRemoveOverlay"] Energy [GeV]                                                  1.19e+01
[ DEBUG5 "MyRemoveOverlay"] Momentum [GeV] (x,y,z)                      -3.92748, 9.45271, -5.9734
[ DEBUG5 "MyRemoveOverlay"] Momentum at Endpoint[GeV] (x,y,z)                                -0, 0, -0
[ DEBUG5 "MyRemoveOverlay"] GeneratorStatus                                                      1
[ DEBUG5 "MyRemoveOverlay"] Vertex [mm] (x,y,z)                                    0, 0, -0.218376
[ DEBUG5 "MyRemoveOverlay"] Endpoint [mm] (x,y,z)                      -1179.28, 2085.15, -1402.18
[ DEBUG5 "MyRemoveOverlay"] Mass [GeV]                                                    1.40e-01
[ DEBUG5 "MyRemoveOverlay"] Charge                                                       -1.00e+00
[ DEBUG5 "MyRemoveOverlay"] Parents                                                              1
[ DEBUG5 "MyRemoveOverlay"] Daughters                                                            0
[ DEBUG5 "MyRemoveOverlay"] simulator status bits: [sbvtcls]  s: created in simulation b: backscatter v: vertex is not endpoint of parent t: decayed in tracker c: decayed in calorimeter l: has left detector s: stopped o: overlay
[ DEBUG5 "MyRemoveOverlay"] [    c s ]
[ DEBUG5 "MyRemoveOverlay"] 
[ DEBUG7 "MyRemoveOverlay"] 		********** PFO AT INDEX 15 IS NOT OVERLAY **********
[ DEBUG8 "MyRemoveOverlay"] 
[ DEBUG8 "MyRemoveOverlay"] 		-------------------------------------------------------
[ DEBUG8 "MyRemoveOverlay"] 		Processing PFO at index 16
[ DEBUG5 "MyRemoveOverlay"] ------------------ ReconstructedParticle -----------------------------
[ DEBUG5 "MyRemoveOverlay"] Id                                                              0x7456
[ DEBUG5 "MyRemoveOverlay"] Compound                                                             0
[ DEBUG5 "MyRemoveOverlay"] Type                                                               211
[ DEBUG5 "MyRemoveOverlay"] Momentum (x,y,z)                       -1.40e+00, +2.89e+00, -1.78e+00
[ DEBUG5 "MyRemoveOverlay"] Mass [GeV]                                                    1.40e-01
[ DEBUG5 "MyRemoveOverlay"] Charge [e]                                                    1.00e+00
[ DEBUG5 "MyRemoveOverlay"] Energy [GeV]                                                  3.67e+00
[ DEBUG5 "MyRemoveOverlay"] ReferencePoint                         -7.04e+00, +1.46e+01, -9.20e+00
[ DEBUG5 "MyRemoveOverlay"] ParticleIDUsed                                                       0
[ DEBUG5 "MyRemoveOverlay"] GoodnessOfPID                                                 0.00e+00
[ DEBUG5 "MyRemoveOverlay"] Covariance p,E:  1.98e-06, -2.85e-06, 6.70e-06, 1.75e-06, -3.71e-06, 
[ DEBUG5 "MyRemoveOverlay"]                  2.90e-06, -3.84e-06, 8.15e-06, -4.99e-06, 1.03e-05
[ DEBUG5 "MyRemoveOverlay"] Particles id:    
[ DEBUG5 "MyRemoveOverlay"] Tracks id:    [00006507]
[ DEBUG5 "MyRemoveOverlay"] Clusters id:  [00007255]
[ DEBUG5 "MyRemoveOverlay"] Particle ids ( [id], PDG, (type)): 
[ DEBUG5 "MyRemoveOverlay"]                  [00007457], 000211, (000000) 
[ DEBUG5 "MyRemoveOverlay"]                  [00007458], 000000, (000000) 
[ DEBUG5 "MyRemoveOverlay"]                  [00007459], 000000, (000000) 
[ DEBUG5 "MyRemoveOverlay"]                  [00007460], 000000, (000000) 
[ DEBUG5 "MyRemoveOverlay"]                  [00007461], 000000, (000000) 
[ DEBUG5 "MyRemoveOverlay"]                  [00007462], 000000, (000000) 
[ DEBUG5 "MyRemoveOverlay"]                  [00007463], 000011, (000000) 
[ DEBUG5 "MyRemoveOverlay"]                  [00007464], 000211, (000000) 
[ DEBUG5 "MyRemoveOverlay"]                  [00007465], 000211, (000000) 
[ DEBUG5 "MyRemoveOverlay"] 
[ DEBUG5 "MyRemoveOverlay"] 
[ DEBUG0 "MyRemoveOverlay"] 	MCParticle at index: 0 has PDG: 211 and MCParticle to Track link weight is 1.00e+00
[ DEBUG0 "MyRemoveOverlay"] 	MCParticle at index: 0 with PDG code: 211 has highest link weight to input track
[ DEBUG0 "MyRemoveOverlay"] 	Track at index: 0 has highest link weight to MCParticle = 9.87e-01
[ DEBUG0 "MyRemoveOverlay"] 	Track linked to MCParticle with highest weight
[ DEBUG6 "MyRemoveOverlay"] 		Found a linked MCParticle to track
[ DEBUG5 "MyRemoveOverlay"] ----------------------------- MCParticle -----------------------------
[ DEBUG5 "MyRemoveOverlay"] Id                                                                5845
[ DEBUG5 "MyRemoveOverlay"] PDG                                                                211
[ DEBUG5 "MyRemoveOverlay"] Energy [GeV]                                                  3.67e+00
[ DEBUG5 "MyRemoveOverlay"] Momentum [GeV] (x,y,z)                     -1.39928, 2.88858, -1.77624
[ DEBUG5 "MyRemoveOverlay"] Momentum at Endpoint[GeV] (x,y,z)                                 0, 0, -0
[ DEBUG5 "MyRemoveOverlay"] GeneratorStatus                                                      1
[ DEBUG5 "MyRemoveOverlay"] Vertex [mm] (x,y,z)                                    0, 0, -0.218376
[ DEBUG5 "MyRemoveOverlay"] Endpoint [mm] (x,y,z)                      -256.899, 1881.63, -1070.32
[ DEBUG5 "MyRemoveOverlay"] Mass [GeV]                                                    1.40e-01
[ DEBUG5 "MyRemoveOverlay"] Charge                                                        1.00e+00
[ DEBUG5 "MyRemoveOverlay"] Parents                                                              1
[ DEBUG5 "MyRemoveOverlay"] Daughters                                                            0
[ DEBUG5 "MyRemoveOverlay"] simulator status bits: [sbvtcls]  s: created in simulation b: backscatter v: vertex is not endpoint of parent t: decayed in tracker c: decayed in calorimeter l: has left detector s: stopped o: overlay
[ DEBUG5 "MyRemoveOverlay"] [    c s ]
[ DEBUG5 "MyRemoveOverlay"] 
[ DEBUG0 "MyRemoveOverlay"] 	MCParticle at index: 0 has PDG: 211 and MCParticle to Cluster link weight is 1.00e+00
[ DEBUG0 "MyRemoveOverlay"] 	MCParticle at index: 0 with PDG code: 211 has highest link weight to input cluster
[ DEBUG0 "MyRemoveOverlay"] 	Cluster at index: 0 has highest link weight to MCParticle = 9.28e-01
[ DEBUG0 "MyRemoveOverlay"] 	Cluster linked to MCParticle with highest weight
[ DEBUG6 "MyRemoveOverlay"] 		Found a linked MCParticle to cluster
[ DEBUG5 "MyRemoveOverlay"] ----------------------------- MCParticle -----------------------------
[ DEBUG5 "MyRemoveOverlay"] Id                                                                5845
[ DEBUG5 "MyRemoveOverlay"] PDG                                                                211
[ DEBUG5 "MyRemoveOverlay"] Energy [GeV]                                                  3.67e+00
[ DEBUG5 "MyRemoveOverlay"] Momentum [GeV] (x,y,z)                     -1.39928, 2.88858, -1.77624
[ DEBUG5 "MyRemoveOverlay"] Momentum at Endpoint[GeV] (x,y,z)                                 0, 0, -0
[ DEBUG5 "MyRemoveOverlay"] GeneratorStatus                                                      1
[ DEBUG5 "MyRemoveOverlay"] Vertex [mm] (x,y,z)                                    0, 0, -0.218376
[ DEBUG5 "MyRemoveOverlay"] Endpoint [mm] (x,y,z)                      -256.899, 1881.63, -1070.32
[ DEBUG5 "MyRemoveOverlay"] Mass [GeV]                                                    1.40e-01
[ DEBUG5 "MyRemoveOverlay"] Charge                                                        1.00e+00
[ DEBUG5 "MyRemoveOverlay"] Parents                                                              1
[ DEBUG5 "MyRemoveOverlay"] Daughters                                                            0
[ DEBUG5 "MyRemoveOverlay"] simulator status bits: [sbvtcls]  s: created in simulation b: backscatter v: vertex is not endpoint of parent t: decayed in tracker c: decayed in calorimeter l: has left detector s: stopped o: overlay
[ DEBUG5 "MyRemoveOverlay"] [    c s ]
[ DEBUG5 "MyRemoveOverlay"] 
[ DEBUG7 "MyRemoveOverlay"] 		********** PFO AT INDEX 16 IS NOT OVERLAY **********
[ DEBUG8 "MyRemoveOverlay"] 
[ DEBUG8 "MyRemoveOverlay"] 		-------------------------------------------------------
[ DEBUG8 "MyRemoveOverlay"] 		Processing PFO at index 17
[ DEBUG5 "MyRemoveOverlay"] ------------------ ReconstructedParticle -----------------------------
[ DEBUG5 "MyRemoveOverlay"] Id                                                              0x7466
[ DEBUG5 "MyRemoveOverlay"] Compound                                                             0
[ DEBUG5 "MyRemoveOverlay"] Type                                                              -321
[ DEBUG5 "MyRemoveOverlay"] Momentum (x,y,z)                       -6.71e+00, +1.07e+01, -6.80e+00
[ DEBUG5 "MyRemoveOverlay"] Mass [GeV]                                                    4.94e-01
[ DEBUG5 "MyRemoveOverlay"] Charge [e]                                                   -1.00e+00
[ DEBUG5 "MyRemoveOverlay"] Energy [GeV]                                                  1.44e+01
[ DEBUG5 "MyRemoveOverlay"] ReferencePoint                         -8.52e+00, +1.36e+01, -8.85e+00
[ DEBUG5 "MyRemoveOverlay"] ParticleIDUsed                                                       0
[ DEBUG5 "MyRemoveOverlay"] GoodnessOfPID                                                 0.00e+00
[ DEBUG5 "MyRemoveOverlay"] Covariance p,E:  3.53e-05, -5.40e-05, 8.63e-05, 3.44e-05, -5.43e-05, 
[ DEBUG5 "MyRemoveOverlay"]                  3.56e-05, -7.30e-05, 1.15e-04, -7.34e-05, 1.55e-04
[ DEBUG5 "MyRemoveOverlay"] Particles id:    
[ DEBUG5 "MyRemoveOverlay"] Tracks id:    [00006482]
[ DEBUG5 "MyRemoveOverlay"] Clusters id:  [00007256]
[ DEBUG5 "MyRemoveOverlay"] Particle ids ( [id], PDG, (type)): 
[ DEBUG5 "MyRemoveOverlay"]                  [00007467], 002212, (000000) 
[ DEBUG5 "MyRemoveOverlay"]                  [00007468], 000000, (000000) 
[ DEBUG5 "MyRemoveOverlay"]                  [00007469], 000000, (000000) 
[ DEBUG5 "MyRemoveOverlay"]                  [00007470], 000000, (000000) 
[ DEBUG5 "MyRemoveOverlay"]                  [00007471], 000000, (000000) 
[ DEBUG5 "MyRemoveOverlay"]                  [00007472], 000000, (000000) 
[ DEBUG5 "MyRemoveOverlay"]                  [00007473], 000013, (000000) 
[ DEBUG5 "MyRemoveOverlay"]                  [00007474], 000211, (000000) 
[ DEBUG5 "MyRemoveOverlay"]                  [00007475], 000321, (000000) 
[ DEBUG5 "MyRemoveOverlay"] 
[ DEBUG5 "MyRemoveOverlay"] 
[ DEBUG0 "MyRemoveOverlay"] 	MCParticle at index: 0 has PDG: -321 and MCParticle to Track link weight is 1.00e+00
[ DEBUG0 "MyRemoveOverlay"] 	MCParticle at index: 0 with PDG code: -321 has highest link weight to input track
[ DEBUG0 "MyRemoveOverlay"] 	Track at index: 0 has highest link weight to MCParticle = 1.00e+00
[ DEBUG0 "MyRemoveOverlay"] 	Track linked to MCParticle with highest weight
[ DEBUG6 "MyRemoveOverlay"] 		Found a linked MCParticle to track
[ DEBUG5 "MyRemoveOverlay"] ----------------------------- MCParticle -----------------------------
[ DEBUG5 "MyRemoveOverlay"] Id                                                                5865
[ DEBUG5 "MyRemoveOverlay"] PDG                                                               -321
[ DEBUG5 "MyRemoveOverlay"] Energy [GeV]                                                  1.44e+01
[ DEBUG5 "MyRemoveOverlay"] Momentum [GeV] (x,y,z)                     -6.71279, 10.7067, -6.79523
[ DEBUG5 "MyRemoveOverlay"] Momentum at Endpoint[GeV] (x,y,z)                                -0, 0, -0
[ DEBUG5 "MyRemoveOverlay"] GeneratorStatus                                                      1
[ DEBUG5 "MyRemoveOverlay"] Vertex [mm] (x,y,z)                          -1.251, 1.97726, -1.50192
[ DEBUG5 "MyRemoveOverlay"] Endpoint [mm] (x,y,z)                      -1201.11, 1604.41, -1079.81
[ DEBUG5 "MyRemoveOverlay"] Mass [GeV]                                                    4.94e-01
[ DEBUG5 "MyRemoveOverlay"] Charge                                                       -1.00e+00
[ DEBUG5 "MyRemoveOverlay"] Parents                                                              1
[ DEBUG5 "MyRemoveOverlay"] Daughters                                                            0
[ DEBUG5 "MyRemoveOverlay"] simulator status bits: [sbvtcls]  s: created in simulation b: backscatter v: vertex is not endpoint of parent t: decayed in tracker c: decayed in calorimeter l: has left detector s: stopped o: overlay
[ DEBUG5 "MyRemoveOverlay"] [    c s ]
[ DEBUG5 "MyRemoveOverlay"] 
[ DEBUG0 "MyRemoveOverlay"] 	MCParticle at index: 1 has PDG: -321 and MCParticle to Cluster link weight is 9.98e-01
[ DEBUG0 "MyRemoveOverlay"] 	MCParticle at index: 1 with PDG code: -321 has highest link weight to input cluster
[ DEBUG0 "MyRemoveOverlay"] 	Cluster at index: 2 has highest link weight to MCParticle = 9.50e-01
[ DEBUG0 "MyRemoveOverlay"] 	Cluster linked to MCParticle with highest weight
[ DEBUG6 "MyRemoveOverlay"] 		Found a linked MCParticle to cluster
[ DEBUG5 "MyRemoveOverlay"] ----------------------------- MCParticle -----------------------------
[ DEBUG5 "MyRemoveOverlay"] Id                                                                5865
[ DEBUG5 "MyRemoveOverlay"] PDG                                                               -321
[ DEBUG5 "MyRemoveOverlay"] Energy [GeV]                                                  1.44e+01
[ DEBUG5 "MyRemoveOverlay"] Momentum [GeV] (x,y,z)                     -6.71279, 10.7067, -6.79523
[ DEBUG5 "MyRemoveOverlay"] Momentum at Endpoint[GeV] (x,y,z)                                -0, 0, -0
[ DEBUG5 "MyRemoveOverlay"] GeneratorStatus                                                      1
[ DEBUG5 "MyRemoveOverlay"] Vertex [mm] (x,y,z)                          -1.251, 1.97726, -1.50192
[ DEBUG5 "MyRemoveOverlay"] Endpoint [mm] (x,y,z)                      -1201.11, 1604.41, -1079.81
[ DEBUG5 "MyRemoveOverlay"] Mass [GeV]                                                    4.94e-01
[ DEBUG5 "MyRemoveOverlay"] Charge                                                       -1.00e+00
[ DEBUG5 "MyRemoveOverlay"] Parents                                                              1
[ DEBUG5 "MyRemoveOverlay"] Daughters                                                            0
[ DEBUG5 "MyRemoveOverlay"] simulator status bits: [sbvtcls]  s: created in simulation b: backscatter v: vertex is not endpoint of parent t: decayed in tracker c: decayed in calorimeter l: has left detector s: stopped o: overlay
[ DEBUG5 "MyRemoveOverlay"] [    c s ]
[ DEBUG5 "MyRemoveOverlay"] 
[ DEBUG7 "MyRemoveOverlay"] 		********** PFO AT INDEX 17 IS NOT OVERLAY **********
[ DEBUG8 "MyRemoveOverlay"] 
[ DEBUG8 "MyRemoveOverlay"] 		-------------------------------------------------------
[ DEBUG8 "MyRemoveOverlay"] 		Processing PFO at index 18
[ DEBUG5 "MyRemoveOverlay"] ------------------ ReconstructedParticle -----------------------------
[ DEBUG5 "MyRemoveOverlay"] Id                                                              0x7476
[ DEBUG5 "MyRemoveOverlay"] Compound                                                             0
[ DEBUG5 "MyRemoveOverlay"] Type                                                               211
[ DEBUG5 "MyRemoveOverlay"] Momentum (x,y,z)                       -3.16e+00, +5.14e+00, -2.90e+00
[ DEBUG5 "MyRemoveOverlay"] Mass [GeV]                                                    1.40e-01
[ DEBUG5 "MyRemoveOverlay"] Charge [e]                                                    1.00e+00
[ DEBUG5 "MyRemoveOverlay"] Energy [GeV]                                                  6.70e+00
[ DEBUG5 "MyRemoveOverlay"] ReferencePoint                         -8.38e+00, +1.37e+01, -7.92e+00
[ DEBUG5 "MyRemoveOverlay"] ParticleIDUsed                                                       0
[ DEBUG5 "MyRemoveOverlay"] GoodnessOfPID                                                 0.00e+00
[ DEBUG5 "MyRemoveOverlay"] Covariance p,E:  6.57e-06, -9.62e-06, 1.66e-05, 5.43e-06, -8.95e-06, 
[ DEBUG5 "MyRemoveOverlay"]                  5.76e-06, -1.28e-05, 2.12e-05, -1.19e-05, 2.75e-05
[ DEBUG5 "MyRemoveOverlay"] Particles id:    
[ DEBUG5 "MyRemoveOverlay"] Tracks id:    [00006472]
[ DEBUG5 "MyRemoveOverlay"] Clusters id:  [00007257]
[ DEBUG5 "MyRemoveOverlay"] Particle ids ( [id], PDG, (type)): 
[ DEBUG5 "MyRemoveOverlay"]                  [00007477], 000321, (000000) 
[ DEBUG5 "MyRemoveOverlay"]                  [00007478], 000000, (000000) 
[ DEBUG5 "MyRemoveOverlay"]                  [00007479], 000000, (000000) 
[ DEBUG5 "MyRemoveOverlay"]                  [00007480], 000000, (000000) 
[ DEBUG5 "MyRemoveOverlay"]                  [00007481], 000000, (000000) 
[ DEBUG5 "MyRemoveOverlay"]                  [00007482], 000000, (000000) 
[ DEBUG5 "MyRemoveOverlay"]                  [00007483], 000211, (000000) 
[ DEBUG5 "MyRemoveOverlay"]                  [00007484], 000321, (000000) 
[ DEBUG5 "MyRemoveOverlay"]                  [00007485], 000011, (000000) 
[ DEBUG5 "MyRemoveOverlay"] 
[ DEBUG5 "MyRemoveOverlay"] 
[ DEBUG0 "MyRemoveOverlay"] 	MCParticle at index: 0 has PDG: 211 and MCParticle to Track link weight is 1.00e+00
[ DEBUG0 "MyRemoveOverlay"] 	MCParticle at index: 0 with PDG code: 211 has highest link weight to input track
[ DEBUG0 "MyRemoveOverlay"] 	Track at index: 0 has highest link weight to MCParticle = 9.87e-01
[ DEBUG0 "MyRemoveOverlay"] 	Track linked to MCParticle with highest weight
[ DEBUG6 "MyRemoveOverlay"] 		Found a linked MCParticle to track
[ DEBUG5 "MyRemoveOverlay"] ----------------------------- MCParticle -----------------------------
[ DEBUG5 "MyRemoveOverlay"] Id                                                                5843
[ DEBUG5 "MyRemoveOverlay"] PDG                                                                211
[ DEBUG5 "MyRemoveOverlay"] Energy [GeV]                                                  6.70e+00
[ DEBUG5 "MyRemoveOverlay"] Momentum [GeV] (x,y,z)                     -3.16496, 5.14092, -2.90434
[ DEBUG5 "MyRemoveOverlay"] Momentum at Endpoint[GeV] (x,y,z)                                -0, 0, -0
[ DEBUG5 "MyRemoveOverlay"] GeneratorStatus                                                      1
[ DEBUG5 "MyRemoveOverlay"] Vertex [mm] (x,y,z)             -9.53992e-309, 1.50666e-308, -0.218376
[ DEBUG5 "MyRemoveOverlay"] Endpoint [mm] (x,y,z)                      -724.516, 1812.63, -944.326
[ DEBUG5 "MyRemoveOverlay"] Mass [GeV]                                                    1.40e-01
[ DEBUG5 "MyRemoveOverlay"] Charge                                                        1.00e+00
[ DEBUG5 "MyRemoveOverlay"] Parents                                                              1
[ DEBUG5 "MyRemoveOverlay"] Daughters                                                            0
[ DEBUG5 "MyRemoveOverlay"] simulator status bits: [sbvtcls]  s: created in simulation b: backscatter v: vertex is not endpoint of parent t: decayed in tracker c: decayed in calorimeter l: has left detector s: stopped o: overlay
[ DEBUG5 "MyRemoveOverlay"] [    c s ]
[ DEBUG5 "MyRemoveOverlay"] 
[ DEBUG0 "MyRemoveOverlay"] 	MCParticle at index: 1 has PDG: 211 and MCParticle to Cluster link weight is 9.98e-01
[ DEBUG0 "MyRemoveOverlay"] 	MCParticle at index: 1 with PDG code: 211 has highest link weight to input cluster
[ DEBUG0 "MyRemoveOverlay"] 	Cluster at index: 0 has highest link weight to MCParticle = 9.76e-01
[ DEBUG0 "MyRemoveOverlay"] 	Cluster linked to MCParticle with highest weight
[ DEBUG6 "MyRemoveOverlay"] 		Found a linked MCParticle to cluster
[ DEBUG5 "MyRemoveOverlay"] ----------------------------- MCParticle -----------------------------
[ DEBUG5 "MyRemoveOverlay"] Id                                                                5843
[ DEBUG5 "MyRemoveOverlay"] PDG                                                                211
[ DEBUG5 "MyRemoveOverlay"] Energy [GeV]                                                  6.70e+00
[ DEBUG5 "MyRemoveOverlay"] Momentum [GeV] (x,y,z)                     -3.16496, 5.14092, -2.90434
[ DEBUG5 "MyRemoveOverlay"] Momentum at Endpoint[GeV] (x,y,z)                                -0, 0, -0
[ DEBUG5 "MyRemoveOverlay"] GeneratorStatus                                                      1
[ DEBUG5 "MyRemoveOverlay"] Vertex [mm] (x,y,z)             -9.53992e-309, 1.50666e-308, -0.218376
[ DEBUG5 "MyRemoveOverlay"] Endpoint [mm] (x,y,z)                      -724.516, 1812.63, -944.326
[ DEBUG5 "MyRemoveOverlay"] Mass [GeV]                                                    1.40e-01
[ DEBUG5 "MyRemoveOverlay"] Charge                                                        1.00e+00
[ DEBUG5 "MyRemoveOverlay"] Parents                                                              1
[ DEBUG5 "MyRemoveOverlay"] Daughters                                                            0
[ DEBUG5 "MyRemoveOverlay"] simulator status bits: [sbvtcls]  s: created in simulation b: backscatter v: vertex is not endpoint of parent t: decayed in tracker c: decayed in calorimeter l: has left detector s: stopped o: overlay
[ DEBUG5 "MyRemoveOverlay"] [    c s ]
[ DEBUG5 "MyRemoveOverlay"] 
[ DEBUG7 "MyRemoveOverlay"] 		********** PFO AT INDEX 18 IS NOT OVERLAY **********
[ DEBUG8 "MyRemoveOverlay"] 
[ DEBUG8 "MyRemoveOverlay"] 		-------------------------------------------------------
[ DEBUG8 "MyRemoveOverlay"] 		Processing PFO at index 19
[ DEBUG5 "MyRemoveOverlay"] ------------------ ReconstructedParticle -----------------------------
[ DEBUG5 "MyRemoveOverlay"] Id                                                              0x7486
[ DEBUG5 "MyRemoveOverlay"] Compound                                                             0
[ DEBUG5 "MyRemoveOverlay"] Type                                                               211
[ DEBUG5 "MyRemoveOverlay"] Momentum (x,y,z)                       -2.75e+00, +9.03e-01, +1.81e+00
[ DEBUG5 "MyRemoveOverlay"] Mass [GeV]                                                    1.40e-01
[ DEBUG5 "MyRemoveOverlay"] Charge [e]                                                    1.00e+00
[ DEBUG5 "MyRemoveOverlay"] Energy [GeV]                                                  3.42e+00
[ DEBUG5 "MyRemoveOverlay"] ReferencePoint                         -1.52e+01, +5.02e+00, +9.86e+00
[ DEBUG5 "MyRemoveOverlay"] ParticleIDUsed                                                       0
[ DEBUG5 "MyRemoveOverlay"] GoodnessOfPID                                                 0.00e+00
[ DEBUG5 "MyRemoveOverlay"] Covariance p,E:  4.82e-06, -1.43e-06, 1.13e-06, -2.78e-06, 9.47e-07, 
[ DEBUG5 "MyRemoveOverlay"]                  2.46e-06, -5.73e-06, 1.95e-06, 3.79e-06, 7.13e-06
[ DEBUG5 "MyRemoveOverlay"] Particles id:    
[ DEBUG5 "MyRemoveOverlay"] Tracks id:    [00006502]
[ DEBUG5 "MyRemoveOverlay"] Clusters id:  [00007258]
[ DEBUG5 "MyRemoveOverlay"] Particle ids ( [id], PDG, (type)): 
[ DEBUG5 "MyRemoveOverlay"]                  [00007487], 002212, (000000) 
[ DEBUG5 "MyRemoveOverlay"]                  [00007488], 000000, (000000) 
[ DEBUG5 "MyRemoveOverlay"]                  [00007489], 000000, (000000) 
[ DEBUG5 "MyRemoveOverlay"]                  [00007490], 000000, (000000) 
[ DEBUG5 "MyRemoveOverlay"]                  [00007491], 000000, (000000) 
[ DEBUG5 "MyRemoveOverlay"]                  [00007492], 000000, (000000) 
[ DEBUG5 "MyRemoveOverlay"]                  [00007493], 000013, (000000) 
[ DEBUG5 "MyRemoveOverlay"]                  [00007494], 002212, (000000) 
[ DEBUG5 "MyRemoveOverlay"]                  [00007495], 000013, (000000) 
[ DEBUG5 "MyRemoveOverlay"] 
[ DEBUG5 "MyRemoveOverlay"] 
[ DEBUG0 "MyRemoveOverlay"] 	MCParticle at index: 0 has PDG: 211 and MCParticle to Track link weight is 1.00e+00
[ DEBUG0 "MyRemoveOverlay"] 	MCParticle at index: 0 with PDG code: 211 has highest link weight to input track
[ DEBUG0 "MyRemoveOverlay"] 	Track at index: 0 has highest link weight to MCParticle = 9.79e-01
[ DEBUG0 "MyRemoveOverlay"] 	Track linked to MCParticle with highest weight
[ DEBUG6 "MyRemoveOverlay"] 		Found a linked MCParticle to track
[ DEBUG5 "MyRemoveOverlay"] ----------------------------- MCParticle -----------------------------
[ DEBUG5 "MyRemoveOverlay"] Id                                                                5796
[ DEBUG5 "MyRemoveOverlay"] PDG                                                                211
[ DEBUG5 "MyRemoveOverlay"] Energy [GeV]                                                  3.42e+00
[ DEBUG5 "MyRemoveOverlay"] Momentum [GeV] (x,y,z)                     -2.74803, 0.901568, 1.81076
[ DEBUG5 "MyRemoveOverlay"] Momentum at Endpoint[GeV] (x,y,z)                                 -0, 0, 0
[ DEBUG5 "MyRemoveOverlay"] GeneratorStatus                                                      1
[ DEBUG5 "MyRemoveOverlay"] Vertex [mm] (x,y,z)                    -0.259639, 0.0733265, 0.0328563
[ DEBUG5 "MyRemoveOverlay"] Endpoint [mm] (x,y,z)                       -1497.51, 1190.33, 1222.66
[ DEBUG5 "MyRemoveOverlay"] Mass [GeV]                                                    1.40e-01
[ DEBUG5 "MyRemoveOverlay"] Charge                                                        1.00e+00
[ DEBUG5 "MyRemoveOverlay"] Parents                                                              1
[ DEBUG5 "MyRemoveOverlay"] Daughters                                                            0
[ DEBUG5 "MyRemoveOverlay"] simulator status bits: [sbvtcls]  s: created in simulation b: backscatter v: vertex is not endpoint of parent t: decayed in tracker c: decayed in calorimeter l: has left detector s: stopped o: overlay
[ DEBUG5 "MyRemoveOverlay"] [    c s ]
[ DEBUG5 "MyRemoveOverlay"] 
[ DEBUG0 "MyRemoveOverlay"] 	MCParticle at index: 0 has PDG: 211 and MCParticle to Cluster link weight is 1.00e+00
[ DEBUG0 "MyRemoveOverlay"] 	MCParticle at index: 0 with PDG code: 211 has highest link weight to input cluster
[ DEBUG6 "MyRemoveOverlay"] 		Cluster is not linked to a MCParticle
[ DEBUG7 "MyRemoveOverlay"] 		********** PFO AT INDEX 19 IS NOT OVERLAY **********
[ DEBUG8 "MyRemoveOverlay"] 
[ DEBUG8 "MyRemoveOverlay"] 		-------------------------------------------------------
[ DEBUG8 "MyRemoveOverlay"] 		Processing PFO at index 20
[ DEBUG5 "MyRemoveOverlay"] ------------------ ReconstructedParticle -----------------------------
[ DEBUG5 "MyRemoveOverlay"] Id                                                              0x7496
[ DEBUG5 "MyRemoveOverlay"] Compound                                                             0
[ DEBUG5 "MyRemoveOverlay"] Type                                                             -3122
[ DEBUG5 "MyRemoveOverlay"] Momentum (x,y,z)                       +4.09e+00, -5.64e+00, +8.18e+00
[ DEBUG5 "MyRemoveOverlay"] Mass [GeV]                                                    1.75e+00
[ DEBUG5 "MyRemoveOverlay"] Charge [e]                                                    0.00e+00
[ DEBUG5 "MyRemoveOverlay"] Energy [GeV]                                                  1.09e+01
[ DEBUG5 "MyRemoveOverlay"] ReferencePoint                         +3.16e+02, -4.44e+02, +6.18e+02
[ DEBUG5 "MyRemoveOverlay"] ParticleIDUsed                                                       0
[ DEBUG5 "MyRemoveOverlay"] GoodnessOfPID                                                 0.00e+00
[ DEBUG5 "MyRemoveOverlay"] Covariance p,E:  3.71e-05, -2.63e-05, 4.59e-05, 3.49e-05, -4.16e-05, 
[ DEBUG5 "MyRemoveOverlay"]                  8.03e-05, 5.43e-05, -6.40e-05, 9.54e-05, 1.26e-04
[ DEBUG5 "MyRemoveOverlay"] Particles id:    
[ DEBUG5 "MyRemoveOverlay"] Tracks id:    [00006622], [00006612]
[ DEBUG5 "MyRemoveOverlay"] Clusters id:  [00007259]
[ DEBUG5 "MyRemoveOverlay"] Particle ids ( [id], PDG, (type)): 
[ DEBUG5 "MyRemoveOverlay"] 
[ DEBUG5 "MyRemoveOverlay"] 
[ DEBUG0 "MyRemoveOverlay"] 	MCParticle at index: 1 has PDG: -2212 and MCParticle to Track link weight is 1.00e+00
[ DEBUG0 "MyRemoveOverlay"] 	MCParticle at index: 1 with PDG code: -2212 has highest link weight to input track
[ DEBUG0 "MyRemoveOverlay"] 	Track at index: 0 has highest link weight to MCParticle = 9.95e-01
[ DEBUG0 "MyRemoveOverlay"] 	Track linked to MCParticle with highest weight
[ DEBUG6 "MyRemoveOverlay"] 		Found a linked MCParticle to track
[ DEBUG5 "MyRemoveOverlay"] ----------------------------- MCParticle -----------------------------
[ DEBUG5 "MyRemoveOverlay"] Id                                                                5927
[ DEBUG5 "MyRemoveOverlay"] PDG                                                              -2212
[ DEBUG5 "MyRemoveOverlay"] Energy [GeV]                                                  9.63e+00
[ DEBUG5 "MyRemoveOverlay"] Momentum [GeV] (x,y,z)                      3.82745, -5.01627, 7.21345
[ DEBUG5 "MyRemoveOverlay"] Momentum at Endpoint[GeV] (x,y,z)                                 0, -0, 0
[ DEBUG5 "MyRemoveOverlay"] GeneratorStatus                                                      0
[ DEBUG5 "MyRemoveOverlay"] Vertex [mm] (x,y,z)                         314.336, -440.843, 619.453
[ DEBUG5 "MyRemoveOverlay"] Endpoint [mm] (x,y,z)                       1291.98, -1451.86, 2229.48
[ DEBUG5 "MyRemoveOverlay"] Mass [GeV]                                                    9.38e-01
[ DEBUG5 "MyRemoveOverlay"] Charge                                                       -1.00e+00
[ DEBUG5 "MyRemoveOverlay"] Parents                                                              1
[ DEBUG5 "MyRemoveOverlay"] Daughters                                                            0
[ DEBUG5 "MyRemoveOverlay"] simulator status bits: [sbvtcls]  s: created in simulation b: backscatter v: vertex is not endpoint of parent t: decayed in tracker c: decayed in calorimeter l: has left detector s: stopped o: overlay
[ DEBUG5 "MyRemoveOverlay"] [s   c s ]
[ DEBUG5 "MyRemoveOverlay"] 
[ DEBUG0 "MyRemoveOverlay"] 	MCParticle at index: 0 has PDG: 211 and MCParticle to Track link weight is 1.00e+00
[ DEBUG0 "MyRemoveOverlay"] 	MCParticle at index: 0 with PDG code: 211 has highest link weight to input track
[ DEBUG6 "MyRemoveOverlay"] 		Track is not linked to a MCParticle
[ DEBUG6 "MyRemoveOverlay"] 		Cluster is not linked to a MCParticle
[ DEBUG7 "MyRemoveOverlay"] 		********** PFO AT INDEX 20 IS NOT OVERLAY **********
[ DEBUG8 "MyRemoveOverlay"] 
[ DEBUG8 "MyRemoveOverlay"] 		-------------------------------------------------------
[ DEBUG8 "MyRemoveOverlay"] 		Processing PFO at index 21
[ DEBUG5 "MyRemoveOverlay"] ------------------ ReconstructedParticle -----------------------------
[ DEBUG5 "MyRemoveOverlay"] Id                                                              0x7497
[ DEBUG5 "MyRemoveOverlay"] Compound                                                             0
[ DEBUG5 "MyRemoveOverlay"] Type                                                               211
[ DEBUG5 "MyRemoveOverlay"] Momentum (x,y,z)                       +7.39e+00, -1.22e+01, +1.59e+01
[ DEBUG5 "MyRemoveOverlay"] Mass [GeV]                                                    1.40e-01
[ DEBUG5 "MyRemoveOverlay"] Charge [e]                                                    1.00e+00
[ DEBUG5 "MyRemoveOverlay"] Energy [GeV]                                                  2.13e+01
[ DEBUG5 "MyRemoveOverlay"] ReferencePoint                         +8.36e+00, -1.37e+01, +1.76e+01
[ DEBUG5 "MyRemoveOverlay"] ParticleIDUsed                                                       0
[ DEBUG5 "MyRemoveOverlay"] GoodnessOfPID                                                 0.00e+00
[ DEBUG5 "MyRemoveOverlay"] Covariance p,E:  5.15e-05, -8.37e-05, 1.41e-04, 1.08e-04, -1.81e-04, 
[ DEBUG5 "MyRemoveOverlay"]                  2.35e-04, 1.46e-04, -2.45e-04, 3.16e-04, 4.26e-04
[ DEBUG5 "MyRemoveOverlay"] Particles id:    
[ DEBUG5 "MyRemoveOverlay"] Tracks id:    [00006492]
[ DEBUG5 "MyRemoveOverlay"] Clusters id:  [00007260]
[ DEBUG5 "MyRemoveOverlay"] Particle ids ( [id], PDG, (type)): 
[ DEBUG5 "MyRemoveOverlay"]                  [00007498], 000321, (000000) 
[ DEBUG5 "MyRemoveOverlay"]                  [00007499], 000000, (000000) 
[ DEBUG5 "MyRemoveOverlay"]                  [00007500], 000000, (000000) 
[ DEBUG5 "MyRemoveOverlay"]                  [00007501], 000000, (000000) 
[ DEBUG5 "MyRemoveOverlay"]                  [00007502], 000000, (000000) 
[ DEBUG5 "MyRemoveOverlay"]                  [00007503], 000000, (000000) 
[ DEBUG5 "MyRemoveOverlay"]                  [00007504], 000013, (000000) 
[ DEBUG5 "MyRemoveOverlay"]                  [00007505], 000211, (000000) 
[ DEBUG5 "MyRemoveOverlay"]                  [00007506], 000321, (000000) 
[ DEBUG5 "MyRemoveOverlay"] 
[ DEBUG5 "MyRemoveOverlay"] 
[ DEBUG0 "MyRemoveOverlay"] 	MCParticle at index: 0 has PDG: 211 and MCParticle to Track link weight is 1.00e+00
[ DEBUG0 "MyRemoveOverlay"] 	MCParticle at index: 0 with PDG code: 211 has highest link weight to input track
[ DEBUG0 "MyRemoveOverlay"] 	Track at index: 0 has highest link weight to MCParticle = 1.00e+00
[ DEBUG0 "MyRemoveOverlay"] 	Track linked to MCParticle with highest weight
[ DEBUG6 "MyRemoveOverlay"] 		Found a linked MCParticle to track
[ DEBUG5 "MyRemoveOverlay"] ----------------------------- MCParticle -----------------------------
[ DEBUG5 "MyRemoveOverlay"] Id                                                                5802
[ DEBUG5 "MyRemoveOverlay"] PDG                                                                211
[ DEBUG5 "MyRemoveOverlay"] Energy [GeV]                                                  2.13e+01
[ DEBUG5 "MyRemoveOverlay"] Momentum [GeV] (x,y,z)                      7.38092, -12.2291, 15.8503
[ DEBUG5 "MyRemoveOverlay"] Momentum at Endpoint[GeV] (x,y,z)                                 0, -0, 0
[ DEBUG5 "MyRemoveOverlay"] GeneratorStatus                                                      1
[ DEBUG5 "MyRemoveOverlay"] Vertex [mm] (x,y,z)                         2.57047, -4.07346, 5.16353
[ DEBUG5 "MyRemoveOverlay"] Endpoint [mm] (x,y,z)                        866.59, -1691.23, 2110.89
[ DEBUG5 "MyRemoveOverlay"] Mass [GeV]                                                    1.40e-01
[ DEBUG5 "MyRemoveOverlay"] Charge                                                        1.00e+00
[ DEBUG5 "MyRemoveOverlay"] Parents                                                              1
[ DEBUG5 "MyRemoveOverlay"] Daughters                                                            0
[ DEBUG5 "MyRemoveOverlay"] simulator status bits: [sbvtcls]  s: created in simulation b: backscatter v: vertex is not endpoint of parent t: decayed in tracker c: decayed in calorimeter l: has left detector s: stopped o: overlay
[ DEBUG5 "MyRemoveOverlay"] [    c s ]
[ DEBUG5 "MyRemoveOverlay"] 
[ DEBUG0 "MyRemoveOverlay"] 	MCParticle at index: 7 has PDG: 211 and MCParticle to Cluster link weight is 9.02e-01
[ DEBUG0 "MyRemoveOverlay"] 	MCParticle at index: 7 with PDG code: 211 has highest link weight to input cluster
[ DEBUG6 "MyRemoveOverlay"] 		Cluster is not linked to a MCParticle
[ DEBUG7 "MyRemoveOverlay"] 		********** PFO AT INDEX 21 IS NOT OVERLAY **********
[ DEBUG8 "MyRemoveOverlay"] 
[ DEBUG8 "MyRemoveOverlay"] 		-------------------------------------------------------
[ DEBUG8 "MyRemoveOverlay"] 		Processing PFO at index 22
[ DEBUG5 "MyRemoveOverlay"] ------------------ ReconstructedParticle -----------------------------
[ DEBUG5 "MyRemoveOverlay"] Id                                                              0x7507
[ DEBUG5 "MyRemoveOverlay"] Compound                                                             0
[ DEBUG5 "MyRemoveOverlay"] Type                                                              -211
[ DEBUG5 "MyRemoveOverlay"] Momentum (x,y,z)                       +6.67e+00, -1.05e+01, +1.45e+01
[ DEBUG5 "MyRemoveOverlay"] Mass [GeV]                                                    1.40e-01
[ DEBUG5 "MyRemoveOverlay"] Charge [e]                                                   -1.00e+00
[ DEBUG5 "MyRemoveOverlay"] Energy [GeV]                                                  1.91e+01
[ DEBUG5 "MyRemoveOverlay"] ReferencePoint                         +8.57e+00, -1.35e+01, +1.82e+01
[ DEBUG5 "MyRemoveOverlay"] ParticleIDUsed                                                       0
[ DEBUG5 "MyRemoveOverlay"] GoodnessOfPID                                                 0.00e+00
[ DEBUG5 "MyRemoveOverlay"] Covariance p,E:  4.31e-05, -6.51e-05, 1.03e-04, 9.01e-05, -1.41e-04, 
[ DEBUG5 "MyRemoveOverlay"]                  1.95e-04, 1.19e-04, -1.86e-04, 2.57e-04, 3.39e-04
[ DEBUG5 "MyRemoveOverlay"] Particles id:    
[ DEBUG5 "MyRemoveOverlay"] Tracks id:    [00006497]
[ DEBUG5 "MyRemoveOverlay"] Clusters id:  [00007261]
[ DEBUG5 "MyRemoveOverlay"] Particle ids ( [id], PDG, (type)): 
[ DEBUG5 "MyRemoveOverlay"]                  [00007508], 000321, (000000) 
[ DEBUG5 "MyRemoveOverlay"]                  [00007509], 000000, (000000) 
[ DEBUG5 "MyRemoveOverlay"]                  [00007510], 000000, (000000) 
[ DEBUG5 "MyRemoveOverlay"]                  [00007511], 000000, (000000) 
[ DEBUG5 "MyRemoveOverlay"]                  [00007512], 000000, (000000) 
[ DEBUG5 "MyRemoveOverlay"]                  [00007513], 000000, (000000) 
[ DEBUG5 "MyRemoveOverlay"]                  [00007514], 000013, (000000) 
[ DEBUG5 "MyRemoveOverlay"]                  [00007515], 000321, (000000) 
[ DEBUG5 "MyRemoveOverlay"]                  [00007516], 000011, (000000) 
[ DEBUG5 "MyRemoveOverlay"] 
[ DEBUG5 "MyRemoveOverlay"] 
[ DEBUG0 "MyRemoveOverlay"] 	MCParticle at index: 1 has PDG: -211 and MCParticle to Track link weight is 1.00e+00
[ DEBUG0 "MyRemoveOverlay"] 	MCParticle at index: 1 with PDG code: -211 has highest link weight to input track
[ DEBUG0 "MyRemoveOverlay"] 	Track at index: 0 has highest link weight to MCParticle = 9.79e-01
[ DEBUG0 "MyRemoveOverlay"] 	Track linked to MCParticle with highest weight
[ DEBUG6 "MyRemoveOverlay"] 		Found a linked MCParticle to track
[ DEBUG5 "MyRemoveOverlay"] ----------------------------- MCParticle -----------------------------
[ DEBUG5 "MyRemoveOverlay"] Id                                                                5801
[ DEBUG5 "MyRemoveOverlay"] PDG                                                               -211
[ DEBUG5 "MyRemoveOverlay"] Energy [GeV]                                                  1.91e+01
[ DEBUG5 "MyRemoveOverlay"] Momentum [GeV] (x,y,z)                      6.66063, -10.4899, 14.4546
[ DEBUG5 "MyRemoveOverlay"] Momentum at Endpoint[GeV] (x,y,z)                                 0, -0, 0
[ DEBUG5 "MyRemoveOverlay"] GeneratorStatus                                                      1
[ DEBUG5 "MyRemoveOverlay"] Vertex [mm] (x,y,z)                         2.57047, -4.07346, 5.16353
[ DEBUG5 "MyRemoveOverlay"] Endpoint [mm] (x,y,z)                       1121.24, -1493.25, 2174.75
[ DEBUG5 "MyRemoveOverlay"] Mass [GeV]                                                    1.40e-01
[ DEBUG5 "MyRemoveOverlay"] Charge                                                       -1.00e+00
[ DEBUG5 "MyRemoveOverlay"] Parents                                                              1
[ DEBUG5 "MyRemoveOverlay"] Daughters                                                            0
[ DEBUG5 "MyRemoveOverlay"] simulator status bits: [sbvtcls]  s: created in simulation b: backscatter v: vertex is not endpoint of parent t: decayed in tracker c: decayed in calorimeter l: has left detector s: stopped o: overlay
[ DEBUG5 "MyRemoveOverlay"] [    c s ]
[ DEBUG5 "MyRemoveOverlay"] 
[ DEBUG6 "MyRemoveOverlay"] 		Cluster is not linked to a MCParticle
[ DEBUG7 "MyRemoveOverlay"] 		********** PFO AT INDEX 22 IS NOT OVERLAY **********
[ DEBUG8 "MyRemoveOverlay"] 
[ DEBUG8 "MyRemoveOverlay"] 		-------------------------------------------------------
[ DEBUG8 "MyRemoveOverlay"] 		Processing PFO at index 23
[ DEBUG5 "MyRemoveOverlay"] ------------------ ReconstructedParticle -----------------------------
[ DEBUG5 "MyRemoveOverlay"] Id                                                              0x7517
[ DEBUG5 "MyRemoveOverlay"] Compound                                                             0
[ DEBUG5 "MyRemoveOverlay"] Type                                                              -211
[ DEBUG5 "MyRemoveOverlay"] Momentum (x,y,z)                       +6.92e-01, -1.26e+00, +1.60e+00
[ DEBUG5 "MyRemoveOverlay"] Mass [GeV]                                                    1.40e-01
[ DEBUG5 "MyRemoveOverlay"] Charge [e]                                                   -1.00e+00
[ DEBUG5 "MyRemoveOverlay"] Energy [GeV]                                                  2.15e+00
[ DEBUG5 "MyRemoveOverlay"] ReferencePoint                         +1.08e+01, -1.45e+01, +2.20e+01
[ DEBUG5 "MyRemoveOverlay"] ParticleIDUsed                                                       0
[ DEBUG5 "MyRemoveOverlay"] GoodnessOfPID                                                 0.00e+00
[ DEBUG5 "MyRemoveOverlay"] Covariance p,E:  1.90e-06, -4.89e-07, 2.30e-06, 6.31e-07, -9.78e-07, 
[ DEBUG5 "MyRemoveOverlay"]                  2.86e-06, 1.36e-06, -2.23e-06, 2.90e-06, 3.89e-06
[ DEBUG5 "MyRemoveOverlay"] Particles id:    
[ DEBUG5 "MyRemoveOverlay"] Tracks id:    [00006567]
[ DEBUG5 "MyRemoveOverlay"] Clusters id:  [00007262]
[ DEBUG5 "MyRemoveOverlay"] Particle ids ( [id], PDG, (type)): 
[ DEBUG5 "MyRemoveOverlay"]                  [00007518], 000211, (000000) 
[ DEBUG5 "MyRemoveOverlay"]                  [00007519], 000000, (000000) 
[ DEBUG5 "MyRemoveOverlay"]                  [00007520], 000000, (000000) 
[ DEBUG5 "MyRemoveOverlay"]                  [00007521], 000000, (000000) 
[ DEBUG5 "MyRemoveOverlay"]                  [00007522], 000000, (000000) 
[ DEBUG5 "MyRemoveOverlay"]                  [00007523], 000000, (000000) 
[ DEBUG5 "MyRemoveOverlay"]                  [00007524], 000211, (000000) 
[ DEBUG5 "MyRemoveOverlay"]                  [00007525], 000011, (000000) 
[ DEBUG5 "MyRemoveOverlay"]                  [00007526], 000211, (000000) 
[ DEBUG5 "MyRemoveOverlay"] 
[ DEBUG5 "MyRemoveOverlay"] 
[ DEBUG0 "MyRemoveOverlay"] 	MCParticle at index: 0 has PDG: -211 and MCParticle to Track link weight is 9.91e-01
[ DEBUG0 "MyRemoveOverlay"] 	MCParticle at index: 0 with PDG code: -211 has highest link weight to input track
[ DEBUG0 "MyRemoveOverlay"] 	Track at index: 0 has highest link weight to MCParticle = 9.78e-01
[ DEBUG0 "MyRemoveOverlay"] 	Track linked to MCParticle with highest weight
[ DEBUG6 "MyRemoveOverlay"] 		Found a linked MCParticle to track
[ DEBUG5 "MyRemoveOverlay"] ----------------------------- MCParticle -----------------------------
[ DEBUG5 "MyRemoveOverlay"] Id                                                                5882
[ DEBUG5 "MyRemoveOverlay"] PDG                                                               -211
[ DEBUG5 "MyRemoveOverlay"] Energy [GeV]                                                  2.15e+00
[ DEBUG5 "MyRemoveOverlay"] Momentum [GeV] (x,y,z)                     0.837256, -1.17675, 1.58679
[ DEBUG5 "MyRemoveOverlay"] Momentum at Endpoint[GeV] (x,y,z)                                  0, 0, 0
[ DEBUG5 "MyRemoveOverlay"] GeneratorStatus                                                      0
[ DEBUG5 "MyRemoveOverlay"] Vertex [mm] (x,y,z)                         87.1802, -134.928, 180.304
[ DEBUG5 "MyRemoveOverlay"] Endpoint [mm] (x,y,z)                       2036.37, -413.446, 2597.36
[ DEBUG5 "MyRemoveOverlay"] Mass [GeV]                                                    1.40e-01
[ DEBUG5 "MyRemoveOverlay"] Charge                                                       -1.00e+00
[ DEBUG5 "MyRemoveOverlay"] Parents                                                              1
[ DEBUG5 "MyRemoveOverlay"] Daughters                                                            0
[ DEBUG5 "MyRemoveOverlay"] simulator status bits: [sbvtcls]  s: created in simulation b: backscatter v: vertex is not endpoint of parent t: decayed in tracker c: decayed in calorimeter l: has left detector s: stopped o: overlay
[ DEBUG5 "MyRemoveOverlay"] [s   c s ]
[ DEBUG5 "MyRemoveOverlay"] 
[ DEBUG0 "MyRemoveOverlay"] 	MCParticle at index: 0 has PDG: -211 and MCParticle to Cluster link weight is 1.00e+00
[ DEBUG0 "MyRemoveOverlay"] 	MCParticle at index: 0 with PDG code: -211 has highest link weight to input cluster
[ DEBUG6 "MyRemoveOverlay"] 		Cluster is not linked to a MCParticle
[ DEBUG7 "MyRemoveOverlay"] 		********** PFO AT INDEX 23 IS NOT OVERLAY **********
[ DEBUG8 "MyRemoveOverlay"] 
[ DEBUG8 "MyRemoveOverlay"] 		-------------------------------------------------------
[ DEBUG8 "MyRemoveOverlay"] 		Processing PFO at index 24
[ DEBUG5 "MyRemoveOverlay"] ------------------ ReconstructedParticle -----------------------------
[ DEBUG5 "MyRemoveOverlay"] Id                                                              0x7527
[ DEBUG5 "MyRemoveOverlay"] Compound                                                             0
[ DEBUG5 "MyRemoveOverlay"] Type                                                              2212
[ DEBUG5 "MyRemoveOverlay"] Momentum (x,y,z)                       +2.19e+00, -2.54e+00, +3.98e+00
[ DEBUG5 "MyRemoveOverlay"] Mass [GeV]                                                    9.38e-01
[ DEBUG5 "MyRemoveOverlay"] Charge [e]                                                    1.00e+00
[ DEBUG5 "MyRemoveOverlay"] Energy [GeV]                                                  5.29e+00
[ DEBUG5 "MyRemoveOverlay"] ReferencePoint                         +1.48e+02, -2.65e+02, +3.57e+02
[ DEBUG5 "MyRemoveOverlay"] ParticleIDUsed                                                       0
[ DEBUG5 "MyRemoveOverlay"] GoodnessOfPID                                                 0.00e+00
[ DEBUG5 "MyRemoveOverlay"] Covariance p,E:  1.13e-05, -4.07e-06, 1.48e-05, 5.38e-06, -7.17e-06, 
[ DEBUG5 "MyRemoveOverlay"]                  2.02e-05, 1.07e-05, -1.42e-05, 2.09e-05, 2.70e-05
[ DEBUG5 "MyRemoveOverlay"] Particles id:    
[ DEBUG5 "MyRemoveOverlay"] Tracks id:    [00006557]
[ DEBUG5 "MyRemoveOverlay"] Clusters id:  [00007263]
[ DEBUG5 "MyRemoveOverlay"] Particle ids ( [id], PDG, (type)): 
[ DEBUG5 "MyRemoveOverlay"]                  [00007528], 000000, (000000) 
[ DEBUG5 "MyRemoveOverlay"]                  [00007529], 000000, (000000) 
[ DEBUG5 "MyRemoveOverlay"]                  [00007530], 000000, (000000) 
[ DEBUG5 "MyRemoveOverlay"]                  [00007531], 000000, (000000) 
[ DEBUG5 "MyRemoveOverlay"]                  [00007532], 000000, (000000) 
[ DEBUG5 "MyRemoveOverlay"]                  [00007533], 002212, (000000) 
[ DEBUG5 "MyRemoveOverlay"]                  [00007534], 000011, (000000) 
[ DEBUG5 "MyRemoveOverlay"]                  [00007535], 000011, (000000) 
[ DEBUG5 "MyRemoveOverlay"]                  [00007536], 002212, (000000) 
[ DEBUG5 "MyRemoveOverlay"] 
[ DEBUG5 "MyRemoveOverlay"] 
[ DEBUG0 "MyRemoveOverlay"] 	MCParticle at index: 1 has PDG: 2212 and MCParticle to Track link weight is 1.00e+00
[ DEBUG0 "MyRemoveOverlay"] 	MCParticle at index: 1 with PDG code: 2212 has highest link weight to input track
[ DEBUG0 "MyRemoveOverlay"] 	Track at index: 0 has highest link weight to MCParticle = 1.00e+00
[ DEBUG0 "MyRemoveOverlay"] 	Track linked to MCParticle with highest weight
[ DEBUG6 "MyRemoveOverlay"] 		Found a linked MCParticle to track
[ DEBUG5 "MyRemoveOverlay"] ----------------------------- MCParticle -----------------------------
[ DEBUG5 "MyRemoveOverlay"] Id                                                                5914
[ DEBUG5 "MyRemoveOverlay"] PDG                                                               2212
[ DEBUG5 "MyRemoveOverlay"] Energy [GeV]                                                  5.29e+00
[ DEBUG5 "MyRemoveOverlay"] Momentum [GeV] (x,y,z)                       1.94423, -2.73195, 3.9784
[ DEBUG5 "MyRemoveOverlay"] Momentum at Endpoint[GeV] (x,y,z)                                 0, -0, 0
[ DEBUG5 "MyRemoveOverlay"] GeneratorStatus                                                      0
[ DEBUG5 "MyRemoveOverlay"] Vertex [mm] (x,y,z)                         146.649, -263.195, 354.234
[ DEBUG5 "MyRemoveOverlay"] Endpoint [mm] (x,y,z)                       700.406, -1624.79, 2113.54
[ DEBUG5 "MyRemoveOverlay"] Mass [GeV]                                                    9.38e-01
[ DEBUG5 "MyRemoveOverlay"] Charge                                                        1.00e+00
[ DEBUG5 "MyRemoveOverlay"] Parents                                                              1
[ DEBUG5 "MyRemoveOverlay"] Daughters                                                            4
[ DEBUG5 "MyRemoveOverlay"] simulator status bits: [sbvtcls]  s: created in simulation b: backscatter v: vertex is not endpoint of parent t: decayed in tracker c: decayed in calorimeter l: has left detector s: stopped o: overlay
[ DEBUG5 "MyRemoveOverlay"] [s  t  s ]
[ DEBUG5 "MyRemoveOverlay"] 
[ DEBUG6 "MyRemoveOverlay"] 		Cluster is not linked to a MCParticle
[ DEBUG7 "MyRemoveOverlay"] 		********** PFO AT INDEX 24 IS NOT OVERLAY **********
[ DEBUG8 "MyRemoveOverlay"] 
[ DEBUG8 "MyRemoveOverlay"] 		-------------------------------------------------------
[ DEBUG8 "MyRemoveOverlay"] 		Processing PFO at index 25
[ DEBUG5 "MyRemoveOverlay"] ------------------ ReconstructedParticle -----------------------------
[ DEBUG5 "MyRemoveOverlay"] Id                                                              0x7537
[ DEBUG5 "MyRemoveOverlay"] Compound                                                             0
[ DEBUG5 "MyRemoveOverlay"] Type                                                               211
[ DEBUG5 "MyRemoveOverlay"] Momentum (x,y,z)                       +3.44e-01, -4.08e-01, +7.37e-01
[ DEBUG5 "MyRemoveOverlay"] Mass [GeV]                                                    1.40e-01
[ DEBUG5 "MyRemoveOverlay"] Charge [e]                                                    1.00e+00
[ DEBUG5 "MyRemoveOverlay"] Energy [GeV]                                                  9.20e-01
[ DEBUG5 "MyRemoveOverlay"] ReferencePoint                         +8.74e+01, -1.35e+02, +1.81e+02
[ DEBUG5 "MyRemoveOverlay"] ParticleIDUsed                                                       0
[ DEBUG5 "MyRemoveOverlay"] GoodnessOfPID                                                 0.00e+00
[ DEBUG5 "MyRemoveOverlay"] Covariance p,E:  5.02e-06, 1.23e-06, 6.80e-06, -1.46e-06, 2.43e-06, 
[ DEBUG5 "MyRemoveOverlay"]                  3.05e-06, 1.65e-07, -6.06e-07, 8.15e-07, 9.82e-07
[ DEBUG5 "MyRemoveOverlay"] Particles id:    
[ DEBUG5 "MyRemoveOverlay"] Tracks id:    [00006637]
[ DEBUG5 "MyRemoveOverlay"] Clusters id:  [00007264]
[ DEBUG5 "MyRemoveOverlay"] Particle ids ( [id], PDG, (type)): 
[ DEBUG5 "MyRemoveOverlay"]                  [00007538], 000013, (000000) 
[ DEBUG5 "MyRemoveOverlay"]                  [00007539], 000000, (000000) 
[ DEBUG5 "MyRemoveOverlay"]                  [00007540], 000000, (000000) 
[ DEBUG5 "MyRemoveOverlay"]                  [00007541], 000000, (000000) 
[ DEBUG5 "MyRemoveOverlay"]                  [00007542], 000000, (000000) 
[ DEBUG5 "MyRemoveOverlay"]                  [00007543], 000013, (000000) 
[ DEBUG5 "MyRemoveOverlay"]                  [00007544], 000011, (000000) 
[ DEBUG5 "MyRemoveOverlay"]                  [00007545], 000013, (000000) 
[ DEBUG5 "MyRemoveOverlay"]                  [00007546], 000013, (000000) 
[ DEBUG5 "MyRemoveOverlay"] 
[ DEBUG5 "MyRemoveOverlay"] 
[ DEBUG0 "MyRemoveOverlay"] 	MCParticle at index: 0 has PDG: 211 and MCParticle to Track link weight is 9.91e-01
[ DEBUG0 "MyRemoveOverlay"] 	MCParticle at index: 0 with PDG code: 211 has highest link weight to input track
[ DEBUG0 "MyRemoveOverlay"] 	Track at index: 1 has highest link weight to MCParticle = 9.64e-01
[ DEBUG0 "MyRemoveOverlay"] 	Track linked to MCParticle with highest weight
[ DEBUG6 "MyRemoveOverlay"] 		Found a linked MCParticle to track
[ DEBUG5 "MyRemoveOverlay"] ----------------------------- MCParticle -----------------------------
[ DEBUG5 "MyRemoveOverlay"] Id                                                                5888
[ DEBUG5 "MyRemoveOverlay"] PDG                                                                211
[ DEBUG5 "MyRemoveOverlay"] Energy [GeV]                                                  9.21e-01
[ DEBUG5 "MyRemoveOverlay"] Momentum [GeV] (x,y,z)                    0.199292, -0.494466, 0.73812
[ DEBUG5 "MyRemoveOverlay"] Momentum at Endpoint[GeV] (x,y,z)                                  0, 0, 0
[ DEBUG5 "MyRemoveOverlay"] GeneratorStatus                                                      0
[ DEBUG5 "MyRemoveOverlay"] Vertex [mm] (x,y,z)                         87.1802, -134.928, 180.304
[ DEBUG5 "MyRemoveOverlay"] Endpoint [mm] (x,y,z)                      -846.633, -190.764, 2785.39
[ DEBUG5 "MyRemoveOverlay"] Mass [GeV]                                                    1.40e-01
[ DEBUG5 "MyRemoveOverlay"] Charge                                                        1.00e+00
[ DEBUG5 "MyRemoveOverlay"] Parents                                                              1
[ DEBUG5 "MyRemoveOverlay"] Daughters                                                            0
[ DEBUG5 "MyRemoveOverlay"] simulator status bits: [sbvtcls]  s: created in simulation b: backscatter v: vertex is not endpoint of parent t: decayed in tracker c: decayed in calorimeter l: has left detector s: stopped o: overlay
[ DEBUG5 "MyRemoveOverlay"] [s   c s ]
[ DEBUG5 "MyRemoveOverlay"] 
[ DEBUG0 "MyRemoveOverlay"] 	MCParticle at index: 0 has PDG: 211 and MCParticle to Cluster link weight is 1.00e+00
[ DEBUG0 "MyRemoveOverlay"] 	MCParticle at index: 0 with PDG code: 211 has highest link weight to input cluster
[ DEBUG0 "MyRemoveOverlay"] 	Cluster at index: 0 has highest link weight to MCParticle = 1.00e+00
[ DEBUG0 "MyRemoveOverlay"] 	Cluster linked to MCParticle with highest weight
[ DEBUG6 "MyRemoveOverlay"] 		Found a linked MCParticle to cluster
[ DEBUG5 "MyRemoveOverlay"] ----------------------------- MCParticle -----------------------------
[ DEBUG5 "MyRemoveOverlay"] Id                                                                5888
[ DEBUG5 "MyRemoveOverlay"] PDG                                                                211
[ DEBUG5 "MyRemoveOverlay"] Energy [GeV]                                                  9.21e-01
[ DEBUG5 "MyRemoveOverlay"] Momentum [GeV] (x,y,z)                    0.199292, -0.494466, 0.73812
[ DEBUG5 "MyRemoveOverlay"] Momentum at Endpoint[GeV] (x,y,z)                                  0, 0, 0
[ DEBUG5 "MyRemoveOverlay"] GeneratorStatus                                                      0
[ DEBUG5 "MyRemoveOverlay"] Vertex [mm] (x,y,z)                         87.1802, -134.928, 180.304
[ DEBUG5 "MyRemoveOverlay"] Endpoint [mm] (x,y,z)                      -846.633, -190.764, 2785.39
[ DEBUG5 "MyRemoveOverlay"] Mass [GeV]                                                    1.40e-01
[ DEBUG5 "MyRemoveOverlay"] Charge                                                        1.00e+00
[ DEBUG5 "MyRemoveOverlay"] Parents                                                              1
[ DEBUG5 "MyRemoveOverlay"] Daughters                                                            0
[ DEBUG5 "MyRemoveOverlay"] simulator status bits: [sbvtcls]  s: created in simulation b: backscatter v: vertex is not endpoint of parent t: decayed in tracker c: decayed in calorimeter l: has left detector s: stopped o: overlay
[ DEBUG5 "MyRemoveOverlay"] [s   c s ]
[ DEBUG5 "MyRemoveOverlay"] 
[ DEBUG7 "MyRemoveOverlay"] 		********** PFO AT INDEX 25 IS NOT OVERLAY **********
[ DEBUG8 "MyRemoveOverlay"] 
[ DEBUG8 "MyRemoveOverlay"] 		-------------------------------------------------------
[ DEBUG8 "MyRemoveOverlay"] 		Processing PFO at index 26
[ DEBUG5 "MyRemoveOverlay"] ------------------ ReconstructedParticle -----------------------------
[ DEBUG5 "MyRemoveOverlay"] Id                                                              0x7547
[ DEBUG5 "MyRemoveOverlay"] Compound                                                             0
[ DEBUG5 "MyRemoveOverlay"] Type                                                              2212
[ DEBUG5 "MyRemoveOverlay"] Momentum (x,y,z)                       +5.25e-01, -2.62e-01, +6.78e-01
[ DEBUG5 "MyRemoveOverlay"] Mass [GeV]                                                    9.38e-01
[ DEBUG5 "MyRemoveOverlay"] Charge [e]                                                    1.00e+00
[ DEBUG5 "MyRemoveOverlay"] Energy [GeV]                                                  1.30e+00
[ DEBUG5 "MyRemoveOverlay"] ReferencePoint                         +1.69e+02, -3.35e+02, +5.57e+02
[ DEBUG5 "MyRemoveOverlay"] ParticleIDUsed                                                       0
[ DEBUG5 "MyRemoveOverlay"] GoodnessOfPID                                                 0.00e+00
[ DEBUG5 "MyRemoveOverlay"] Covariance p,E:  6.07e-06, -1.59e-06, 1.02e-05, -4.52e-06, 4.05e-06, 
[ DEBUG5 "MyRemoveOverlay"]                  6.57e-06, 4.13e-07, -5.83e-07, 7.83e-07, 6.94e-07
[ DEBUG5 "MyRemoveOverlay"] Particles id:    
[ DEBUG5 "MyRemoveOverlay"] Tracks id:    [00006617]
[ DEBUG5 "MyRemoveOverlay"] Clusters id:  [00007265]
[ DEBUG5 "MyRemoveOverlay"] Particle ids ( [id], PDG, (type)): 
[ DEBUG5 "MyRemoveOverlay"]                  [00007548], 000211, (000000) 
[ DEBUG5 "MyRemoveOverlay"]                  [00007549], 002212, (000000) 
[ DEBUG5 "MyRemoveOverlay"]                  [00007550], 000000, (000000) 
[ DEBUG5 "MyRemoveOverlay"]                  [00007551], 000000, (000000) 
[ DEBUG5 "MyRemoveOverlay"]                  [00007552], 000000, (000000) 
[ DEBUG5 "MyRemoveOverlay"]                  [00007553], 000000, (000000) 
[ DEBUG5 "MyRemoveOverlay"]                  [00007554], 000211, (000000) 
[ DEBUG5 "MyRemoveOverlay"]                  [00007555], 002212, (000000) 
[ DEBUG5 "MyRemoveOverlay"]                  [00007556], 000211, (000000) 
[ DEBUG5 "MyRemoveOverlay"] 
[ DEBUG5 "MyRemoveOverlay"] 
[ DEBUG0 "MyRemoveOverlay"] 	MCParticle at index: 0 has PDG: 2212 and MCParticle to Track link weight is 1.00e+00
[ DEBUG0 "MyRemoveOverlay"] 	MCParticle at index: 0 with PDG code: 2212 has highest link weight to input track
[ DEBUG0 "MyRemoveOverlay"] 	Track at index: 0 has highest link weight to MCParticle = 9.86e-01
[ DEBUG0 "MyRemoveOverlay"] 	Track linked to MCParticle with highest weight
[ DEBUG6 "MyRemoveOverlay"] 		Found a linked MCParticle to track
[ DEBUG5 "MyRemoveOverlay"] ----------------------------- MCParticle -----------------------------
[ DEBUG5 "MyRemoveOverlay"] Id                                                                5919
[ DEBUG5 "MyRemoveOverlay"] PDG                                                               2212
[ DEBUG5 "MyRemoveOverlay"] Energy [GeV]                                                  1.30e+00
[ DEBUG5 "MyRemoveOverlay"] Momentum [GeV] (x,y,z)                   0.319629, -0.491152, 0.677326
[ DEBUG5 "MyRemoveOverlay"] Momentum at Endpoint[GeV] (x,y,z)                                 -0, 0, 0
[ DEBUG5 "MyRemoveOverlay"] GeneratorStatus                                                      0
[ DEBUG5 "MyRemoveOverlay"] Vertex [mm] (x,y,z)                          158.03, -316.729, 533.165
[ DEBUG5 "MyRemoveOverlay"] Endpoint [mm] (x,y,z)                         -750.098, -962.556, 2516
[ DEBUG5 "MyRemoveOverlay"] Mass [GeV]                                                    9.38e-01
[ DEBUG5 "MyRemoveOverlay"] Charge                                                        1.00e+00
[ DEBUG5 "MyRemoveOverlay"] Parents                                                              1
[ DEBUG5 "MyRemoveOverlay"] Daughters                                                            0
[ DEBUG5 "MyRemoveOverlay"] simulator status bits: [sbvtcls]  s: created in simulation b: backscatter v: vertex is not endpoint of parent t: decayed in tracker c: decayed in calorimeter l: has left detector s: stopped o: overlay
[ DEBUG5 "MyRemoveOverlay"] [s   c s ]
[ DEBUG5 "MyRemoveOverlay"] 
[ DEBUG0 "MyRemoveOverlay"] 	MCParticle at index: 0 has PDG: 2212 and MCParticle to Cluster link weight is 1.00e+00
[ DEBUG0 "MyRemoveOverlay"] 	MCParticle at index: 0 with PDG code: 2212 has highest link weight to input cluster
[ DEBUG0 "MyRemoveOverlay"] 	Cluster at index: 0 has highest link weight to MCParticle = 1.00e+00
[ DEBUG0 "MyRemoveOverlay"] 	Cluster linked to MCParticle with highest weight
[ DEBUG6 "MyRemoveOverlay"] 		Found a linked MCParticle to cluster
[ DEBUG5 "MyRemoveOverlay"] ----------------------------- MCParticle -----------------------------
[ DEBUG5 "MyRemoveOverlay"] Id                                                                5919
[ DEBUG5 "MyRemoveOverlay"] PDG                                                               2212
[ DEBUG5 "MyRemoveOverlay"] Energy [GeV]                                                  1.30e+00
[ DEBUG5 "MyRemoveOverlay"] Momentum [GeV] (x,y,z)                   0.319629, -0.491152, 0.677326
[ DEBUG5 "MyRemoveOverlay"] Momentum at Endpoint[GeV] (x,y,z)                                 -0, 0, 0
[ DEBUG5 "MyRemoveOverlay"] GeneratorStatus                                                      0
[ DEBUG5 "MyRemoveOverlay"] Vertex [mm] (x,y,z)                          158.03, -316.729, 533.165
[ DEBUG5 "MyRemoveOverlay"] Endpoint [mm] (x,y,z)                         -750.098, -962.556, 2516
[ DEBUG5 "MyRemoveOverlay"] Mass [GeV]                                                    9.38e-01
[ DEBUG5 "MyRemoveOverlay"] Charge                                                        1.00e+00
[ DEBUG5 "MyRemoveOverlay"] Parents                                                              1
[ DEBUG5 "MyRemoveOverlay"] Daughters                                                            0
[ DEBUG5 "MyRemoveOverlay"] simulator status bits: [sbvtcls]  s: created in simulation b: backscatter v: vertex is not endpoint of parent t: decayed in tracker c: decayed in calorimeter l: has left detector s: stopped o: overlay
[ DEBUG5 "MyRemoveOverlay"] [s   c s ]
[ DEBUG5 "MyRemoveOverlay"] 
[ DEBUG7 "MyRemoveOverlay"] 		********** PFO AT INDEX 26 IS NOT OVERLAY **********
[ DEBUG8 "MyRemoveOverlay"] 
[ DEBUG8 "MyRemoveOverlay"] 		-------------------------------------------------------
[ DEBUG8 "MyRemoveOverlay"] 		Processing PFO at index 27
[ DEBUG5 "MyRemoveOverlay"] ------------------ ReconstructedParticle -----------------------------
[ DEBUG5 "MyRemoveOverlay"] Id                                                              0x7557
[ DEBUG5 "MyRemoveOverlay"] Compound                                                             0
[ DEBUG5 "MyRemoveOverlay"] Type                                                              3122
[ DEBUG5 "MyRemoveOverlay"] Momentum (x,y,z)                       +3.62e-01, -1.04e-01, +6.42e-01
[ DEBUG5 "MyRemoveOverlay"] Mass [GeV]                                                    1.18e+00
[ DEBUG5 "MyRemoveOverlay"] Charge [e]                                                    0.00e+00
[ DEBUG5 "MyRemoveOverlay"] Energy [GeV]                                                  1.39e+00
[ DEBUG5 "MyRemoveOverlay"] ReferencePoint                         +2.19e+02, -2.10e+02, +3.68e+02
[ DEBUG5 "MyRemoveOverlay"] ParticleIDUsed                                                       0
[ DEBUG5 "MyRemoveOverlay"] GoodnessOfPID                                                 0.00e+00
[ DEBUG5 "MyRemoveOverlay"] Covariance p,E:  2.12e-05, -2.45e-06, 1.48e-05, -1.27e-05, 8.31e-07, 
[ DEBUG5 "MyRemoveOverlay"]                  1.28e-05, 8.00e-07, -9.67e-07, 1.43e-06, 1.42e-06
[ DEBUG5 "MyRemoveOverlay"] Particles id:    
[ DEBUG5 "MyRemoveOverlay"] Tracks id:    [00006642], [00006572]
[ DEBUG5 "MyRemoveOverlay"] Clusters id:  [00007266]
[ DEBUG5 "MyRemoveOverlay"] Particle ids ( [id], PDG, (type)): 
[ DEBUG5 "MyRemoveOverlay"] 
[ DEBUG5 "MyRemoveOverlay"] 
[ DEBUG0 "MyRemoveOverlay"] 	MCParticle at index: 0 has PDG: 2212 and MCParticle to Track link weight is 1.00e+00
[ DEBUG0 "MyRemoveOverlay"] 	MCParticle at index: 0 with PDG code: 2212 has highest link weight to input track
[ DEBUG0 "MyRemoveOverlay"] 	Track at index: 0 has highest link weight to MCParticle = 9.13e-01
[ DEBUG0 "MyRemoveOverlay"] 	Track linked to MCParticle with highest weight
[ DEBUG6 "MyRemoveOverlay"] 		Found a linked MCParticle to track
[ DEBUG5 "MyRemoveOverlay"] ----------------------------- MCParticle -----------------------------
[ DEBUG5 "MyRemoveOverlay"] Id                                                                5902
[ DEBUG5 "MyRemoveOverlay"] PDG                                                               2212
[ DEBUG5 "MyRemoveOverlay"] Energy [GeV]                                                  1.20e+00
[ DEBUG5 "MyRemoveOverlay"] Momentum [GeV] (x,y,z)                   0.384875, -0.152922, 0.614349
[ DEBUG5 "MyRemoveOverlay"] Momentum at Endpoint[GeV] (x,y,z)                                 -0, 0, 0
[ DEBUG5 "MyRemoveOverlay"] GeneratorStatus                                                      0
[ DEBUG5 "MyRemoveOverlay"] Vertex [mm] (x,y,z)                         180.011, -188.843, 309.397
[ DEBUG5 "MyRemoveOverlay"] Endpoint [mm] (x,y,z)                      -273.021, -780.309, 2470.91
[ DEBUG5 "MyRemoveOverlay"] Mass [GeV]                                                    9.38e-01
[ DEBUG5 "MyRemoveOverlay"] Charge                                                        1.00e+00
[ DEBUG5 "MyRemoveOverlay"] Parents                                                              1
[ DEBUG5 "MyRemoveOverlay"] Daughters                                                            0
[ DEBUG5 "MyRemoveOverlay"] simulator status bits: [sbvtcls]  s: created in simulation b: backscatter v: vertex is not endpoint of parent t: decayed in tracker c: decayed in calorimeter l: has left detector s: stopped o: overlay
[ DEBUG5 "MyRemoveOverlay"] [s   c s ]
[ DEBUG5 "MyRemoveOverlay"] 
[ DEBUG0 "MyRemoveOverlay"] 	MCParticle at index: 0 has PDG: -211 and MCParticle to Track link weight is 1.00e+00
[ DEBUG0 "MyRemoveOverlay"] 	MCParticle at index: 0 with PDG code: -211 has highest link weight to input track
[ DEBUG6 "MyRemoveOverlay"] 		Track is not linked to a MCParticle
[ DEBUG0 "MyRemoveOverlay"] 	MCParticle at index: 0 has PDG: 2212 and MCParticle to Cluster link weight is 1.00e+00
[ DEBUG0 "MyRemoveOverlay"] 	MCParticle at index: 0 with PDG code: 2212 has highest link weight to input cluster
[ DEBUG0 "MyRemoveOverlay"] 	Cluster at index: 0 has highest link weight to MCParticle = 1.00e+00
[ DEBUG0 "MyRemoveOverlay"] 	Cluster linked to MCParticle with highest weight
[ DEBUG6 "MyRemoveOverlay"] 		Found a linked MCParticle to cluster
[ DEBUG5 "MyRemoveOverlay"] ----------------------------- MCParticle -----------------------------
[ DEBUG5 "MyRemoveOverlay"] Id                                                                5902
[ DEBUG5 "MyRemoveOverlay"] PDG                                                               2212
[ DEBUG5 "MyRemoveOverlay"] Energy [GeV]                                                  1.20e+00
[ DEBUG5 "MyRemoveOverlay"] Momentum [GeV] (x,y,z)                   0.384875, -0.152922, 0.614349
[ DEBUG5 "MyRemoveOverlay"] Momentum at Endpoint[GeV] (x,y,z)                                 -0, 0, 0
[ DEBUG5 "MyRemoveOverlay"] GeneratorStatus                                                      0
[ DEBUG5 "MyRemoveOverlay"] Vertex [mm] (x,y,z)                         180.011, -188.843, 309.397
[ DEBUG5 "MyRemoveOverlay"] Endpoint [mm] (x,y,z)                      -273.021, -780.309, 2470.91
[ DEBUG5 "MyRemoveOverlay"] Mass [GeV]                                                    9.38e-01
[ DEBUG5 "MyRemoveOverlay"] Charge                                                        1.00e+00
[ DEBUG5 "MyRemoveOverlay"] Parents                                                              1
[ DEBUG5 "MyRemoveOverlay"] Daughters                                                            0
[ DEBUG5 "MyRemoveOverlay"] simulator status bits: [sbvtcls]  s: created in simulation b: backscatter v: vertex is not endpoint of parent t: decayed in tracker c: decayed in calorimeter l: has left detector s: stopped o: overlay
[ DEBUG5 "MyRemoveOverlay"] [s   c s ]
[ DEBUG5 "MyRemoveOverlay"] 
[ DEBUG7 "MyRemoveOverlay"] 		********** PFO AT INDEX 27 IS NOT OVERLAY **********
[ DEBUG8 "MyRemoveOverlay"] 
[ DEBUG8 "MyRemoveOverlay"] 		-------------------------------------------------------
[ DEBUG8 "MyRemoveOverlay"] 		Processing PFO at index 28
[ DEBUG5 "MyRemoveOverlay"] ------------------ ReconstructedParticle -----------------------------
[ DEBUG5 "MyRemoveOverlay"] Id                                                              0x7558
[ DEBUG5 "MyRemoveOverlay"] Compound                                                             0
[ DEBUG5 "MyRemoveOverlay"] Type                                                              -211
[ DEBUG5 "MyRemoveOverlay"] Momentum (x,y,z)                       +3.81e-02, +1.44e-01, +2.86e-02
[ DEBUG5 "MyRemoveOverlay"] Mass [GeV]                                                    1.40e-01
[ DEBUG5 "MyRemoveOverlay"] Charge [e]                                                   -1.00e+00
[ DEBUG5 "MyRemoveOverlay"] Energy [GeV]                                                  2.06e-01
[ DEBUG5 "MyRemoveOverlay"] ReferencePoint                         +3.16e+00, +1.60e+01, +3.28e+00
[ DEBUG5 "MyRemoveOverlay"] ParticleIDUsed                                                       0
[ DEBUG5 "MyRemoveOverlay"] GoodnessOfPID                                                 0.00e+00
[ DEBUG5 "MyRemoveOverlay"] Covariance p,E:  8.77e-07, 2.12e-06, 1.87e-05, 4.18e-07, 3.47e-06, 
[ DEBUG5 "MyRemoveOverlay"]                  1.32e-06, 1.70e-06, 1.40e-05, 2.68e-06, 1.05e-05
[ DEBUG5 "MyRemoveOverlay"] Particles id:    
[ DEBUG5 "MyRemoveOverlay"] Tracks id:    [00006677]
[ DEBUG5 "MyRemoveOverlay"] Clusters id:  
[ DEBUG5 "MyRemoveOverlay"] Particle ids ( [id], PDG, (type)): 
[ DEBUG5 "MyRemoveOverlay"]                  [00007559], 000011, (000000) 
[ DEBUG5 "MyRemoveOverlay"]                  [00007560], 000011, (000000) 
[ DEBUG5 "MyRemoveOverlay"]                  [00007561], 000011, (000000) 
[ DEBUG5 "MyRemoveOverlay"]                  [00007562], 000011, (000000) 
[ DEBUG5 "MyRemoveOverlay"]                  [00007563], 000000, (000000) 
[ DEBUG5 "MyRemoveOverlay"] 
[ DEBUG5 "MyRemoveOverlay"] 
[ DEBUG0 "MyRemoveOverlay"] 	MCParticle at index: 0 has PDG: 11 and MCParticle to Track link weight is 1.00e+00
[ DEBUG0 "MyRemoveOverlay"] 	MCParticle at index: 0 with PDG code: 11 has highest link weight to input track
[ DEBUG6 "MyRemoveOverlay"] 		Track is not linked to a MCParticle
[ DEBUG7 "MyRemoveOverlay"] 		********** PFO AT INDEX 28 IS NOT OVERLAY **********
[ DEBUG8 "MyRemoveOverlay"] 
[ DEBUG8 "MyRemoveOverlay"] 		-------------------------------------------------------
[ DEBUG8 "MyRemoveOverlay"] 		Processing PFO at index 29
[ DEBUG5 "MyRemoveOverlay"] ------------------ ReconstructedParticle -----------------------------
[ DEBUG5 "MyRemoveOverlay"] Id                                                              0x7564
[ DEBUG5 "MyRemoveOverlay"] Compound                                                             0
[ DEBUG5 "MyRemoveOverlay"] Type                                                               211
[ DEBUG5 "MyRemoveOverlay"] Momentum (x,y,z)                       +8.37e-02, -1.01e-01, +1.28e-02
[ DEBUG5 "MyRemoveOverlay"] Mass [GeV]                                                    1.40e-01
[ DEBUG5 "MyRemoveOverlay"] Charge [e]                                                    1.00e+00
[ DEBUG5 "MyRemoveOverlay"] Energy [GeV]                                                  1.92e-01
[ DEBUG5 "MyRemoveOverlay"] ReferencePoint                         +9.48e+00, -1.29e+01, +1.36e+00
[ DEBUG5 "MyRemoveOverlay"] ParticleIDUsed                                                       0
[ DEBUG5 "MyRemoveOverlay"] GoodnessOfPID                                                 0.00e+00
[ DEBUG5 "MyRemoveOverlay"] Covariance p,E:  1.29e-06, -1.10e-06, 2.67e-06, 1.25e-07, -2.10e-07, 
[ DEBUG5 "MyRemoveOverlay"]                  7.41e-07, 1.15e-06, -1.89e-06, 2.14e-07, 1.51e-06
[ DEBUG5 "MyRemoveOverlay"] Particles id:    
[ DEBUG5 "MyRemoveOverlay"] Tracks id:    [00006662]
[ DEBUG5 "MyRemoveOverlay"] Clusters id:  
[ DEBUG5 "MyRemoveOverlay"] Particle ids ( [id], PDG, (type)): 
[ DEBUG5 "MyRemoveOverlay"]                  [00007565], 000011, (000000) 
[ DEBUG5 "MyRemoveOverlay"]                  [00007566], 000011, (000000) 
[ DEBUG5 "MyRemoveOverlay"]                  [00007567], 000011, (000000) 
[ DEBUG5 "MyRemoveOverlay"]                  [00007568], 000011, (000000) 
[ DEBUG5 "MyRemoveOverlay"]                  [00007569], 000000, (000000) 
[ DEBUG5 "MyRemoveOverlay"] 
[ DEBUG5 "MyRemoveOverlay"] 
[ DEBUG0 "MyRemoveOverlay"] 	MCParticle at index: 0 has PDG: -11 and MCParticle to Track link weight is 1.00e+00
[ DEBUG0 "MyRemoveOverlay"] 	MCParticle at index: 0 with PDG code: -11 has highest link weight to input track
[ DEBUG6 "MyRemoveOverlay"] 		Track is not linked to a MCParticle
[ DEBUG7 "MyRemoveOverlay"] 		********** PFO AT INDEX 29 IS NOT OVERLAY **********
[ DEBUG8 "MyRemoveOverlay"] 
[ DEBUG8 "MyRemoveOverlay"] 		-------------------------------------------------------
[ DEBUG8 "MyRemoveOverlay"] 		Processing PFO at index 30
[ DEBUG5 "MyRemoveOverlay"] ------------------ ReconstructedParticle -----------------------------
[ DEBUG5 "MyRemoveOverlay"] Id                                                              0x7570
[ DEBUG5 "MyRemoveOverlay"] Compound                                                             0
[ DEBUG5 "MyRemoveOverlay"] Type                                                               211
[ DEBUG5 "MyRemoveOverlay"] Momentum (x,y,z)                       +3.18e-01, -4.97e-01, +3.45e-01
[ DEBUG5 "MyRemoveOverlay"] Mass [GeV]                                                    1.40e-01
[ DEBUG5 "MyRemoveOverlay"] Charge [e]                                                    1.00e+00
[ DEBUG5 "MyRemoveOverlay"] Energy [GeV]                                                  6.97e-01
[ DEBUG5 "MyRemoveOverlay"] ReferencePoint                         +1.10e+02, -2.82e+02, +2.66e+02
[ DEBUG5 "MyRemoveOverlay"] ParticleIDUsed                                                       0
[ DEBUG5 "MyRemoveOverlay"] GoodnessOfPID                                                 0.00e+00
[ DEBUG5 "MyRemoveOverlay"] Covariance p,E:  4.02e-06, 2.13e-06, 3.52e-06, -5.49e-07, 2.47e-06, 
[ DEBUG5 "MyRemoveOverlay"]                  4.39e-06, 4.46e-08, -3.21e-07, 1.64e-07, 3.30e-07
[ DEBUG5 "MyRemoveOverlay"] Particles id:    
[ DEBUG5 "MyRemoveOverlay"] Tracks id:    [00006587]
[ DEBUG5 "MyRemoveOverlay"] Clusters id:  [00007267]
[ DEBUG5 "MyRemoveOverlay"] Particle ids ( [id], PDG, (type)): 
[ DEBUG5 "MyRemoveOverlay"]                  [00007571], 000013, (000000) 
[ DEBUG5 "MyRemoveOverlay"]                  [00007572], 000013, (000000) 
[ DEBUG5 "MyRemoveOverlay"]                  [00007573], 000000, (000000) 
[ DEBUG5 "MyRemoveOverlay"]                  [00007574], 000000, (000000) 
[ DEBUG5 "MyRemoveOverlay"]                  [00007575], 000000, (000000) 
[ DEBUG5 "MyRemoveOverlay"]                  [00007576], 000000, (000000) 
[ DEBUG5 "MyRemoveOverlay"]                  [00007577], 000013, (000000) 
[ DEBUG5 "MyRemoveOverlay"]                  [00007578], 000013, (000000) 
[ DEBUG5 "MyRemoveOverlay"]                  [00007579], 000013, (000000) 
[ DEBUG5 "MyRemoveOverlay"] 
[ DEBUG5 "MyRemoveOverlay"] 
[ DEBUG0 "MyRemoveOverlay"] 	MCParticle at index: 0 has PDG: 211 and MCParticle to Track link weight is 1.00e+00
[ DEBUG0 "MyRemoveOverlay"] 	MCParticle at index: 0 with PDG code: 211 has highest link weight to input track
[ DEBUG6 "MyRemoveOverlay"] 		Track is not linked to a MCParticle
[ DEBUG6 "MyRemoveOverlay"] 		Cluster is not linked to a MCParticle
[ DEBUG7 "MyRemoveOverlay"] 		********** PFO AT INDEX 30 IS NOT OVERLAY **********
[ DEBUG8 "MyRemoveOverlay"] 
[ DEBUG8 "MyRemoveOverlay"] 		-------------------------------------------------------
[ DEBUG8 "MyRemoveOverlay"] 		Processing PFO at index 31
[ DEBUG5 "MyRemoveOverlay"] ------------------ ReconstructedParticle -----------------------------
[ DEBUG5 "MyRemoveOverlay"] Id                                                              0x7580
[ DEBUG5 "MyRemoveOverlay"] Compound                                                             0
[ DEBUG5 "MyRemoveOverlay"] Type                                                               211
[ DEBUG5 "MyRemoveOverlay"] Momentum (x,y,z)                       +1.31e-01, +1.56e-02, +9.23e-02
[ DEBUG5 "MyRemoveOverlay"] Mass [GeV]                                                    1.40e-01
[ DEBUG5 "MyRemoveOverlay"] Charge [e]                                                    1.00e+00
[ DEBUG5 "MyRemoveOverlay"] Energy [GeV]                                                  2.13e-01
[ DEBUG5 "MyRemoveOverlay"] ReferencePoint                         +1.65e+01, +9.46e-01, +1.12e+01
[ DEBUG5 "MyRemoveOverlay"] ParticleIDUsed                                                       0
[ DEBUG5 "MyRemoveOverlay"] GoodnessOfPID                                                 0.00e+00
[ DEBUG5 "MyRemoveOverlay"] Covariance p,E:  1.45e-05, -5.32e-07, 7.35e-07, 9.48e-06, -2.96e-07, 
[ DEBUG5 "MyRemoveOverlay"]                  7.27e-06, 1.30e-05, -4.01e-07, 8.96e-06, 1.18e-05
[ DEBUG5 "MyRemoveOverlay"] Particles id:    
[ DEBUG5 "MyRemoveOverlay"] Tracks id:    [00006667]
[ DEBUG5 "MyRemoveOverlay"] Clusters id:  
[ DEBUG5 "MyRemoveOverlay"] Particle ids ( [id], PDG, (type)): 
[ DEBUG5 "MyRemoveOverlay"]                  [00007581], 000011, (000000) 
[ DEBUG5 "MyRemoveOverlay"]                  [00007582], 000011, (000000) 
[ DEBUG5 "MyRemoveOverlay"]                  [00007583], 000011, (000000) 
[ DEBUG5 "MyRemoveOverlay"]                  [00007584], 000011, (000000) 
[ DEBUG5 "MyRemoveOverlay"]                  [00007585], 000000, (000000) 
[ DEBUG5 "MyRemoveOverlay"] 
[ DEBUG5 "MyRemoveOverlay"] 
[ DEBUG0 "MyRemoveOverlay"] 	MCParticle at index: 0 has PDG: -11 and MCParticle to Track link weight is 1.00e+00
[ DEBUG0 "MyRemoveOverlay"] 	MCParticle at index: 0 with PDG code: -11 has highest link weight to input track
[ DEBUG6 "MyRemoveOverlay"] 		Track is not linked to a MCParticle
[ DEBUG7 "MyRemoveOverlay"] 		********** PFO AT INDEX 31 IS NOT OVERLAY **********
[ DEBUG8 "MyRemoveOverlay"] 
[ DEBUG8 "MyRemoveOverlay"] 		-------------------------------------------------------
[ DEBUG8 "MyRemoveOverlay"] 		Processing PFO at index 32
[ DEBUG5 "MyRemoveOverlay"] ------------------ ReconstructedParticle -----------------------------
[ DEBUG5 "MyRemoveOverlay"] Id                                                              0x7586
[ DEBUG5 "MyRemoveOverlay"] Compound                                                             0
[ DEBUG5 "MyRemoveOverlay"] Type                                                              -211
[ DEBUG5 "MyRemoveOverlay"] Momentum (x,y,z)                       +2.28e-01, -2.33e-01, +5.97e-01
[ DEBUG5 "MyRemoveOverlay"] Mass [GeV]                                                    1.40e-01
[ DEBUG5 "MyRemoveOverlay"] Charge [e]                                                   -1.00e+00
[ DEBUG5 "MyRemoveOverlay"] Energy [GeV]                                                  6.95e-01
[ DEBUG5 "MyRemoveOverlay"] ReferencePoint                         +1.17e+01, -1.13e+01, +2.96e+01
[ DEBUG5 "MyRemoveOverlay"] ParticleIDUsed                                                       0
[ DEBUG5 "MyRemoveOverlay"] GoodnessOfPID                                                 0.00e+00
[ DEBUG5 "MyRemoveOverlay"] Covariance p,E:  1.17e-06, -1.58e-07, 9.83e-07, 5.78e-07, -5.16e-07, 
[ DEBUG5 "MyRemoveOverlay"]                  2.22e-06, 9.34e-07, -8.25e-07, 2.27e-06, 2.54e-06
[ DEBUG5 "MyRemoveOverlay"] Particles id:    
[ DEBUG5 "MyRemoveOverlay"] Tracks id:    [00006542]
[ DEBUG5 "MyRemoveOverlay"] Clusters id:  [00007268]
[ DEBUG5 "MyRemoveOverlay"] Particle ids ( [id], PDG, (type)): 
[ DEBUG5 "MyRemoveOverlay"]                  [00007587], 000211, (000000) 
[ DEBUG5 "MyRemoveOverlay"]                  [00007588], 000211, (000000) 
[ DEBUG5 "MyRemoveOverlay"]                  [00007589], 000000, (000000) 
[ DEBUG5 "MyRemoveOverlay"]                  [00007590], 000000, (000000) 
[ DEBUG5 "MyRemoveOverlay"]                  [00007591], 000000, (000000) 
[ DEBUG5 "MyRemoveOverlay"]                  [00007592], 000000, (000000) 
[ DEBUG5 "MyRemoveOverlay"]                  [00007593], 000211, (000000) 
[ DEBUG5 "MyRemoveOverlay"]                  [00007594], 000211, (000000) 
[ DEBUG5 "MyRemoveOverlay"]                  [00007595], 000211, (000000) 
[ DEBUG5 "MyRemoveOverlay"] 
[ DEBUG5 "MyRemoveOverlay"] 
[ DEBUG0 "MyRemoveOverlay"] 	MCParticle at index: 0 has PDG: -211 and MCParticle to Track link weight is 1.00e+00
[ DEBUG0 "MyRemoveOverlay"] 	MCParticle at index: 0 with PDG code: -211 has highest link weight to input track
[ DEBUG6 "MyRemoveOverlay"] 		Track is not linked to a MCParticle
[ DEBUG0 "MyRemoveOverlay"] 	MCParticle at index: 0 has PDG: -211 and MCParticle to Cluster link weight is 1.00e+00
[ DEBUG0 "MyRemoveOverlay"] 	MCParticle at index: 0 with PDG code: -211 has highest link weight to input cluster
[ DEBUG6 "MyRemoveOverlay"] 		Cluster is not linked to a MCParticle
[ DEBUG7 "MyRemoveOverlay"] 		********** PFO AT INDEX 32 IS NOT OVERLAY **********
[ DEBUG8 "MyRemoveOverlay"] 
[ DEBUG8 "MyRemoveOverlay"] 		-------------------------------------------------------
[ DEBUG8 "MyRemoveOverlay"] 		Processing PFO at index 33
[ DEBUG5 "MyRemoveOverlay"] ------------------ ReconstructedParticle -----------------------------
[ DEBUG5 "MyRemoveOverlay"] Id                                                              0x7596
[ DEBUG5 "MyRemoveOverlay"] Compound                                                             0
[ DEBUG5 "MyRemoveOverlay"] Type                                                              -211
[ DEBUG5 "MyRemoveOverlay"] Momentum (x,y,z)                       +2.30e-01, -4.14e-01, +5.67e-01
[ DEBUG5 "MyRemoveOverlay"] Mass [GeV]                                                    1.40e-01
[ DEBUG5 "MyRemoveOverlay"] Charge [e]                                                   -1.00e+00
[ DEBUG5 "MyRemoveOverlay"] Energy [GeV]                                                  7.52e-01
[ DEBUG5 "MyRemoveOverlay"] ReferencePoint                         +8.73e+01, -1.35e+02, +1.81e+02
[ DEBUG5 "MyRemoveOverlay"] ParticleIDUsed                                                       0
[ DEBUG5 "MyRemoveOverlay"] GoodnessOfPID                                                 0.00e+00
[ DEBUG5 "MyRemoveOverlay"] Covariance p,E:  6.59e-06, 4.27e-07, 3.33e-06, -1.72e-06, 1.85e-06, 
[ DEBUG5 "MyRemoveOverlay"]                  2.87e-06, 4.78e-07, -3.06e-07, 6.18e-07, 7.81e-07
[ DEBUG5 "MyRemoveOverlay"] Particles id:    
[ DEBUG5 "MyRemoveOverlay"] Tracks id:    [00006602]
[ DEBUG5 "MyRemoveOverlay"] Clusters id:  [00007269]
[ DEBUG5 "MyRemoveOverlay"] Particle ids ( [id], PDG, (type)): 
[ DEBUG5 "MyRemoveOverlay"]                  [00007597], 000013, (000000) 
[ DEBUG5 "MyRemoveOverlay"]                  [00007598], 000013, (000000) 
[ DEBUG5 "MyRemoveOverlay"]                  [00007599], 000000, (000000) 
[ DEBUG5 "MyRemoveOverlay"]                  [00007600], 000000, (000000) 
[ DEBUG5 "MyRemoveOverlay"]                  [00007601], 000000, (000000) 
[ DEBUG5 "MyRemoveOverlay"]                  [00007602], 000000, (000000) 
[ DEBUG5 "MyRemoveOverlay"]                  [00007603], 000011, (000000) 
[ DEBUG5 "MyRemoveOverlay"]                  [00007604], 000013, (000000) 
[ DEBUG5 "MyRemoveOverlay"]                  [00007605], 000013, (000000) 
[ DEBUG5 "MyRemoveOverlay"] 
[ DEBUG5 "MyRemoveOverlay"] 
[ DEBUG0 "MyRemoveOverlay"] 	MCParticle at index: 1 has PDG: -211 and MCParticle to Track link weight is 9.89e-01
[ DEBUG0 "MyRemoveOverlay"] 	MCParticle at index: 1 with PDG code: -211 has highest link weight to input track
[ DEBUG6 "MyRemoveOverlay"] 		Track is not linked to a MCParticle
[ DEBUG0 "MyRemoveOverlay"] 	MCParticle at index: 0 has PDG: -211 and MCParticle to Cluster link weight is 1.00e+00
[ DEBUG0 "MyRemoveOverlay"] 	MCParticle at index: 0 with PDG code: -211 has highest link weight to input cluster
[ DEBUG0 "MyRemoveOverlay"] 	Cluster at index: 0 has highest link weight to MCParticle = 1.00e+00
[ DEBUG0 "MyRemoveOverlay"] 	Cluster linked to MCParticle with highest weight
[ DEBUG6 "MyRemoveOverlay"] 		Found a linked MCParticle to cluster
[ DEBUG5 "MyRemoveOverlay"] ----------------------------- MCParticle -----------------------------
[ DEBUG5 "MyRemoveOverlay"] Id                                                                5890
[ DEBUG5 "MyRemoveOverlay"] PDG                                                               -211
[ DEBUG5 "MyRemoveOverlay"] Energy [GeV]                                                  7.50e-01
[ DEBUG5 "MyRemoveOverlay"] Momentum [GeV] (x,y,z)                    0.360426, -0.30384, 0.566138
[ DEBUG5 "MyRemoveOverlay"] Momentum at Endpoint[GeV] (x,y,z)                                  0, 0, 0
[ DEBUG5 "MyRemoveOverlay"] GeneratorStatus                                                      0
[ DEBUG5 "MyRemoveOverlay"] Vertex [mm] (x,y,z)                         87.1802, -134.928, 180.304
[ DEBUG5 "MyRemoveOverlay"] Endpoint [mm] (x,y,z)                        108.991, 501.115, 2846.22
[ DEBUG5 "MyRemoveOverlay"] Mass [GeV]                                                    1.40e-01
[ DEBUG5 "MyRemoveOverlay"] Charge                                                       -1.00e+00
[ DEBUG5 "MyRemoveOverlay"] Parents                                                              1
[ DEBUG5 "MyRemoveOverlay"] Daughters                                                            0
[ DEBUG5 "MyRemoveOverlay"] simulator status bits: [sbvtcls]  s: created in simulation b: backscatter v: vertex is not endpoint of parent t: decayed in tracker c: decayed in calorimeter l: has left detector s: stopped o: overlay
[ DEBUG5 "MyRemoveOverlay"] [s   c s ]
[ DEBUG5 "MyRemoveOverlay"] 
[ DEBUG7 "MyRemoveOverlay"] 		********** PFO AT INDEX 33 IS NOT OVERLAY **********
[ DEBUG8 "MyRemoveOverlay"] 
[ DEBUG8 "MyRemoveOverlay"] 		-------------------------------------------------------
[ DEBUG8 "MyRemoveOverlay"] 		Processing PFO at index 34
[ DEBUG5 "MyRemoveOverlay"] ------------------ ReconstructedParticle -----------------------------
[ DEBUG5 "MyRemoveOverlay"] Id                                                              0x7606
[ DEBUG5 "MyRemoveOverlay"] Compound                                                             0
[ DEBUG5 "MyRemoveOverlay"] Type                                                               211
[ DEBUG5 "MyRemoveOverlay"] Momentum (x,y,z)                       -2.21e-01, +2.35e-01, +2.48e-01
[ DEBUG5 "MyRemoveOverlay"] Mass [GeV]                                                    1.40e-01
[ DEBUG5 "MyRemoveOverlay"] Charge [e]                                                    1.00e+00
[ DEBUG5 "MyRemoveOverlay"] Energy [GeV]                                                  4.30e-01
[ DEBUG5 "MyRemoveOverlay"] ReferencePoint                         -1.07e+01, +1.19e+01, +1.23e+01
[ DEBUG5 "MyRemoveOverlay"] ParticleIDUsed                                                       0
[ DEBUG5 "MyRemoveOverlay"] GoodnessOfPID                                                 0.00e+00
[ DEBUG5 "MyRemoveOverlay"] Covariance p,E:  5.74e-07, -2.70e-08, 6.63e-07, -3.35e-08, 5.68e-08, 
[ DEBUG5 "MyRemoveOverlay"]                  6.14e-07, -3.30e-07, 4.08e-07, 4.02e-07, 6.24e-07
[ DEBUG5 "MyRemoveOverlay"] Particles id:    
[ DEBUG5 "MyRemoveOverlay"] Tracks id:    [00006452]
[ DEBUG5 "MyRemoveOverlay"] Clusters id:  [00007270]
[ DEBUG5 "MyRemoveOverlay"] Particle ids ( [id], PDG, (type)): 
[ DEBUG5 "MyRemoveOverlay"]                  [00007607], 000211, (000000) 
[ DEBUG5 "MyRemoveOverlay"]                  [00007608], 000211, (000000) 
[ DEBUG5 "MyRemoveOverlay"]                  [00007609], 000000, (000000) 
[ DEBUG5 "MyRemoveOverlay"]                  [00007610], 000000, (000000) 
[ DEBUG5 "MyRemoveOverlay"]                  [00007611], 000000, (000000) 
[ DEBUG5 "MyRemoveOverlay"]                  [00007612], 000000, (000000) 
[ DEBUG5 "MyRemoveOverlay"]                  [00007613], 000011, (000000) 
[ DEBUG5 "MyRemoveOverlay"]                  [00007614], 000011, (000000) 
[ DEBUG5 "MyRemoveOverlay"]                  [00007615], 000211, (000000) 
[ DEBUG5 "MyRemoveOverlay"] 
[ DEBUG5 "MyRemoveOverlay"] 
[ DEBUG0 "MyRemoveOverlay"] 	MCParticle at index: 0 has PDG: 211 and MCParticle to Track link weight is 1.00e+00
[ DEBUG0 "MyRemoveOverlay"] 	MCParticle at index: 0 with PDG code: 211 has highest link weight to input track
[ DEBUG6 "MyRemoveOverlay"] 		Track is not linked to a MCParticle
[ DEBUG0 "MyRemoveOverlay"] 	MCParticle at index: 0 has PDG: 211 and MCParticle to Cluster link weight is 1.00e+00
[ DEBUG0 "MyRemoveOverlay"] 	MCParticle at index: 0 with PDG code: 211 has highest link weight to input cluster
[ DEBUG6 "MyRemoveOverlay"] 		Cluster is not linked to a MCParticle
[ DEBUG7 "MyRemoveOverlay"] 		********** PFO AT INDEX 34 IS NOT OVERLAY **********
[ DEBUG8 "MyRemoveOverlay"] 
[ DEBUG8 "MyRemoveOverlay"] 		-------------------------------------------------------
[ DEBUG8 "MyRemoveOverlay"] 		Processing PFO at index 35
[ DEBUG5 "MyRemoveOverlay"] ------------------ ReconstructedParticle -----------------------------
[ DEBUG5 "MyRemoveOverlay"] Id                                                              0x7616
[ DEBUG5 "MyRemoveOverlay"] Compound                                                             0
[ DEBUG5 "MyRemoveOverlay"] Type                                                                22
[ DEBUG5 "MyRemoveOverlay"] Momentum (x,y,z)                       -5.12e-01, +6.06e-01, -2.16e+00
[ DEBUG5 "MyRemoveOverlay"] Mass [GeV]                                                    0.00e+00
[ DEBUG5 "MyRemoveOverlay"] Charge [e]                                                    0.00e+00
[ DEBUG5 "MyRemoveOverlay"] Energy [GeV]                                                  2.30e+00
[ DEBUG5 "MyRemoveOverlay"] ReferencePoint                         -5.89e+02, +6.98e+02, -2.48e+03
[ DEBUG5 "MyRemoveOverlay"] ParticleIDUsed                                                       0
[ DEBUG5 "MyRemoveOverlay"] GoodnessOfPID                                                 0.00e+00
[ DEBUG5 "MyRemoveOverlay"] Covariance p,E:  3.30e-03, -3.91e-03, 4.63e-03, 1.39e-02, -1.65e-02, 
[ DEBUG5 "MyRemoveOverlay"]                  5.86e-02, -1.48e-02, 1.75e-02, -6.24e-02, 6.65e-02
[ DEBUG5 "MyRemoveOverlay"] Particles id:    
[ DEBUG5 "MyRemoveOverlay"] Tracks id:    
[ DEBUG5 "MyRemoveOverlay"] Clusters id:  [00007271]
[ DEBUG5 "MyRemoveOverlay"] Particle ids ( [id], PDG, (type)): 
[ DEBUG5 "MyRemoveOverlay"]                  [00007617], 000000, (000000) 
[ DEBUG5 "MyRemoveOverlay"]                  [00007618], 000000, (000000) 
[ DEBUG5 "MyRemoveOverlay"]                  [00007619], 000000, (000000) 
[ DEBUG5 "MyRemoveOverlay"]                  [00007620], 000000, (000000) 
[ DEBUG5 "MyRemoveOverlay"] 
[ DEBUG5 "MyRemoveOverlay"] 
[ DEBUG0 "MyRemoveOverlay"] 	MCParticle at index: 0 has PDG: 22 and MCParticle to Cluster link weight is 9.94e-01
[ DEBUG0 "MyRemoveOverlay"] 	MCParticle at index: 0 with PDG code: 22 has highest link weight to input cluster
[ DEBUG0 "MyRemoveOverlay"] 	Cluster at index: 0 has highest link weight to MCParticle = 1.00e+00
[ DEBUG0 "MyRemoveOverlay"] 	Cluster linked to MCParticle with highest weight
[ DEBUG6 "MyRemoveOverlay"] 		Found a linked MCParticle to cluster
[ DEBUG5 "MyRemoveOverlay"] ----------------------------- MCParticle -----------------------------
[ DEBUG5 "MyRemoveOverlay"] Id                                                                5829
[ DEBUG5 "MyRemoveOverlay"] PDG                                                                 22
[ DEBUG5 "MyRemoveOverlay"] Energy [GeV]                                                  2.06e+00
[ DEBUG5 "MyRemoveOverlay"] Momentum [GeV] (x,y,z)                   -0.459442, 0.546323, -1.93749
[ DEBUG5 "MyRemoveOverlay"] Momentum at Endpoint[GeV] (x,y,z)                                -0, 0, -0
[ DEBUG5 "MyRemoveOverlay"] GeneratorStatus                                                      1
[ DEBUG5 "MyRemoveOverlay"] Vertex [mm] (x,y,z)             -3.34619e-310, 2.41783e-310, -0.218376
[ DEBUG5 "MyRemoveOverlay"] Endpoint [mm] (x,y,z)                      -572.503, 680.764, -2414.49
[ DEBUG5 "MyRemoveOverlay"] Mass [GeV]                                                    0.00e+00
[ DEBUG5 "MyRemoveOverlay"] Charge                                                        0.00e+00
[ DEBUG5 "MyRemoveOverlay"] Parents                                                              1
[ DEBUG5 "MyRemoveOverlay"] Daughters                                                            0
[ DEBUG5 "MyRemoveOverlay"] simulator status bits: [sbvtcls]  s: created in simulation b: backscatter v: vertex is not endpoint of parent t: decayed in tracker c: decayed in calorimeter l: has left detector s: stopped o: overlay
[ DEBUG5 "MyRemoveOverlay"] [    c s ]
[ DEBUG5 "MyRemoveOverlay"] 
[ DEBUG7 "MyRemoveOverlay"] 		********** PFO AT INDEX 35 IS NOT OVERLAY **********
[ DEBUG8 "MyRemoveOverlay"] 
[ DEBUG8 "MyRemoveOverlay"] 		-------------------------------------------------------
[ DEBUG8 "MyRemoveOverlay"] 		Processing PFO at index 36
[ DEBUG5 "MyRemoveOverlay"] ------------------ ReconstructedParticle -----------------------------
[ DEBUG5 "MyRemoveOverlay"] Id                                                              0x7621
[ DEBUG5 "MyRemoveOverlay"] Compound                                                             0
[ DEBUG5 "MyRemoveOverlay"] Type                                                                22
[ DEBUG5 "MyRemoveOverlay"] Momentum (x,y,z)                       +1.07e-01, +2.92e-01, -8.78e-01
[ DEBUG5 "MyRemoveOverlay"] Mass [GeV]                                                    0.00e+00
[ DEBUG5 "MyRemoveOverlay"] Charge [e]                                                    0.00e+00
[ DEBUG5 "MyRemoveOverlay"] Energy [GeV]                                                  9.31e-01
[ DEBUG5 "MyRemoveOverlay"] ReferencePoint                         +2.98e+02, +8.12e+02, -2.44e+03
[ DEBUG5 "MyRemoveOverlay"] ParticleIDUsed                                                       0
[ DEBUG5 "MyRemoveOverlay"] GoodnessOfPID                                                 0.00e+00
[ DEBUG5 "MyRemoveOverlay"] Covariance p,E:  3.54e-04, 9.61e-04, 2.62e-03, -2.89e-03, -7.88e-03, 
[ DEBUG5 "MyRemoveOverlay"]                  2.37e-02, 3.07e-03, 8.35e-03, -2.52e-02, 2.67e-02
[ DEBUG5 "MyRemoveOverlay"] Particles id:    
[ DEBUG5 "MyRemoveOverlay"] Tracks id:    
[ DEBUG5 "MyRemoveOverlay"] Clusters id:  [00007272]
[ DEBUG5 "MyRemoveOverlay"] Particle ids ( [id], PDG, (type)): 
[ DEBUG5 "MyRemoveOverlay"]                  [00007622], 000000, (000000) 
[ DEBUG5 "MyRemoveOverlay"]                  [00007623], 000000, (000000) 
[ DEBUG5 "MyRemoveOverlay"]                  [00007624], 000000, (000000) 
[ DEBUG5 "MyRemoveOverlay"]                  [00007625], 000000, (000000) 
[ DEBUG5 "MyRemoveOverlay"] 
[ DEBUG5 "MyRemoveOverlay"] 
[ DEBUG0 "MyRemoveOverlay"] 	MCParticle at index: 0 has PDG: 130 and MCParticle to Cluster link weight is 1.00e+00
[ DEBUG0 "MyRemoveOverlay"] 	MCParticle at index: 0 with PDG code: 130 has highest link weight to input cluster
[ DEBUG6 "MyRemoveOverlay"] 		Cluster is not linked to a MCParticle
[ DEBUG7 "MyRemoveOverlay"] 		********** PFO AT INDEX 36 IS NOT OVERLAY **********
[ DEBUG8 "MyRemoveOverlay"] 
[ DEBUG8 "MyRemoveOverlay"] 		-------------------------------------------------------
[ DEBUG8 "MyRemoveOverlay"] 		Processing PFO at index 37
[ DEBUG5 "MyRemoveOverlay"] ------------------ ReconstructedParticle -----------------------------
[ DEBUG5 "MyRemoveOverlay"] Id                                                              0x7626
[ DEBUG5 "MyRemoveOverlay"] Compound                                                             0
[ DEBUG5 "MyRemoveOverlay"] Type                                                              2112
[ DEBUG5 "MyRemoveOverlay"] Momentum (x,y,z)                       +2.86e-02, +9.73e-03, -2.63e-01
[ DEBUG5 "MyRemoveOverlay"] Mass [GeV]                                                    9.40e-01
[ DEBUG5 "MyRemoveOverlay"] Charge [e]                                                    0.00e+00
[ DEBUG5 "MyRemoveOverlay"] Energy [GeV]                                                  2.65e-01
[ DEBUG5 "MyRemoveOverlay"] ReferencePoint                         +2.71e+02, +9.21e+01, -2.49e+03
[ DEBUG5 "MyRemoveOverlay"] ParticleIDUsed                                                       0
[ DEBUG5 "MyRemoveOverlay"] GoodnessOfPID                                                 0.00e+00
[ DEBUG5 "MyRemoveOverlay"] Covariance p,E:  1.51e-02, 5.15e-03, 1.75e-03, -1.39e-01, -4.74e-02, 
[ DEBUG5 "MyRemoveOverlay"]                  1.28e+00, 3.80e-02, 1.29e-02, -3.49e-01, 9.54e-02
[ DEBUG5 "MyRemoveOverlay"] Particles id:    
[ DEBUG5 "MyRemoveOverlay"] Tracks id:    
[ DEBUG5 "MyRemoveOverlay"] Clusters id:  [00007273]
[ DEBUG5 "MyRemoveOverlay"] Particle ids ( [id], PDG, (type)): 
[ DEBUG5 "MyRemoveOverlay"]                  [00007627], 000000, (000000) 
[ DEBUG5 "MyRemoveOverlay"]                  [00007628], 000000, (000000) 
[ DEBUG5 "MyRemoveOverlay"]                  [00007629], 000000, (000000) 
[ DEBUG5 "MyRemoveOverlay"]                  [00007630], 000000, (000000) 
[ DEBUG5 "MyRemoveOverlay"] 
[ DEBUG5 "MyRemoveOverlay"] 
[ DEBUG6 "MyRemoveOverlay"] 		Cluster is not linked to a MCParticle
[ DEBUG7 "MyRemoveOverlay"] 		********** PFO AT INDEX 37 IS NOT OVERLAY **********
[ DEBUG8 "MyRemoveOverlay"] 
[ DEBUG8 "MyRemoveOverlay"] 		-------------------------------------------------------
[ DEBUG8 "MyRemoveOverlay"] 		Processing PFO at index 38
[ DEBUG5 "MyRemoveOverlay"] ------------------ ReconstructedParticle -----------------------------
[ DEBUG5 "MyRemoveOverlay"] Id                                                              0x7631
[ DEBUG5 "MyRemoveOverlay"] Compound                                                             0
[ DEBUG5 "MyRemoveOverlay"] Type                                                              2112
[ DEBUG5 "MyRemoveOverlay"] Momentum (x,y,z)                       -6.11e-03, +3.11e-02, -5.38e-01
[ DEBUG5 "MyRemoveOverlay"] Mass [GeV]                                                    9.40e-01
[ DEBUG5 "MyRemoveOverlay"] Charge [e]                                                    0.00e+00
[ DEBUG5 "MyRemoveOverlay"] Energy [GeV]                                                  5.39e-01
[ DEBUG5 "MyRemoveOverlay"] ReferencePoint                         -2.83e+01, +1.44e+02, -2.49e+03
[ DEBUG5 "MyRemoveOverlay"] ParticleIDUsed                                                       0
[ DEBUG5 "MyRemoveOverlay"] GoodnessOfPID                                                 0.00e+00
[ DEBUG5 "MyRemoveOverlay"] Covariance p,E:  1.03e-04, -5.13e-04, 2.61e-03, 8.87e-03, -4.51e-02, 
[ DEBUG5 "MyRemoveOverlay"]                  7.82e-01, -4.43e-03, 2.25e-02, -3.90e-01, 1.94e-01
[ DEBUG5 "MyRemoveOverlay"] Particles id:    
[ DEBUG5 "MyRemoveOverlay"] Tracks id:    
[ DEBUG5 "MyRemoveOverlay"] Clusters id:  [00007274]
[ DEBUG5 "MyRemoveOverlay"] Particle ids ( [id], PDG, (type)): 
[ DEBUG5 "MyRemoveOverlay"]                  [00007632], 000000, (000000) 
[ DEBUG5 "MyRemoveOverlay"]                  [00007633], 000000, (000000) 
[ DEBUG5 "MyRemoveOverlay"]                  [00007634], 000000, (000000) 
[ DEBUG5 "MyRemoveOverlay"]                  [00007635], 000000, (000000) 
[ DEBUG5 "MyRemoveOverlay"] 
[ DEBUG5 "MyRemoveOverlay"] 
[ DEBUG6 "MyRemoveOverlay"] 		Cluster is not linked to a MCParticle
[ DEBUG7 "MyRemoveOverlay"] 		********** PFO AT INDEX 38 IS NOT OVERLAY **********
[ DEBUG8 "MyRemoveOverlay"] 
[ DEBUG8 "MyRemoveOverlay"] 		-------------------------------------------------------
[ DEBUG8 "MyRemoveOverlay"] 		Processing PFO at index 39
[ DEBUG5 "MyRemoveOverlay"] ------------------ ReconstructedParticle -----------------------------
[ DEBUG5 "MyRemoveOverlay"] Id                                                              0x7636
[ DEBUG5 "MyRemoveOverlay"] Compound                                                             0
[ DEBUG5 "MyRemoveOverlay"] Type                                                                22
[ DEBUG5 "MyRemoveOverlay"] Momentum (x,y,z)                       -4.68e-02, +5.80e-01, -3.55e-01
[ DEBUG5 "MyRemoveOverlay"] Mass [GeV]                                                    0.00e+00
[ DEBUG5 "MyRemoveOverlay"] Charge [e]                                                    0.00e+00
[ DEBUG5 "MyRemoveOverlay"] Energy [GeV]                                                  6.81e-01
[ DEBUG5 "MyRemoveOverlay"] ReferencePoint                         -1.51e+02, +1.88e+03, -1.15e+03
[ DEBUG5 "MyRemoveOverlay"] ParticleIDUsed                                                       0
[ DEBUG5 "MyRemoveOverlay"] GoodnessOfPID                                                 0.00e+00
[ DEBUG5 "MyRemoveOverlay"] Covariance p,E:  9.84e-05, -1.13e-03, 1.41e-02, 6.95e-04, -8.61e-03, 
[ DEBUG5 "MyRemoveOverlay"]                  5.28e-03, -1.33e-03, 1.65e-02, -1.01e-02, 1.94e-02
[ DEBUG5 "MyRemoveOverlay"] Particles id:    
[ DEBUG5 "MyRemoveOverlay"] Tracks id:    
[ DEBUG5 "MyRemoveOverlay"] Clusters id:  [00007275]
[ DEBUG5 "MyRemoveOverlay"] Particle ids ( [id], PDG, (type)): 
[ DEBUG5 "MyRemoveOverlay"]                  [00007637], 000000, (000000) 
[ DEBUG5 "MyRemoveOverlay"]                  [00007638], 000000, (000000) 
[ DEBUG5 "MyRemoveOverlay"]                  [00007639], 000000, (000000) 
[ DEBUG5 "MyRemoveOverlay"]                  [00007640], 000000, (000000) 
[ DEBUG5 "MyRemoveOverlay"] 
[ DEBUG5 "MyRemoveOverlay"] 
[ DEBUG6 "MyRemoveOverlay"] 		Cluster is not linked to a MCParticle
[ DEBUG7 "MyRemoveOverlay"] 		********** PFO AT INDEX 39 IS NOT OVERLAY **********
[ DEBUG8 "MyRemoveOverlay"] 
[ DEBUG8 "MyRemoveOverlay"] 		-------------------------------------------------------
[ DEBUG8 "MyRemoveOverlay"] 		Processing PFO at index 40
[ DEBUG5 "MyRemoveOverlay"] ------------------ ReconstructedParticle -----------------------------
[ DEBUG5 "MyRemoveOverlay"] Id                                                              0x7641
[ DEBUG5 "MyRemoveOverlay"] Compound                                                             0
[ DEBUG5 "MyRemoveOverlay"] Type                                                                22
[ DEBUG5 "MyRemoveOverlay"] Momentum (x,y,z)                       +5.75e-02, -3.64e-01, +3.71e-01
[ DEBUG5 "MyRemoveOverlay"] Mass [GeV]                                                    0.00e+00
[ DEBUG5 "MyRemoveOverlay"] Charge [e]                                                    0.00e+00
[ DEBUG5 "MyRemoveOverlay"] Energy [GeV]                                                  5.23e-01
[ DEBUG5 "MyRemoveOverlay"] ReferencePoint                         +2.91e+02, -1.84e+03, +1.88e+03
[ DEBUG5 "MyRemoveOverlay"] ParticleIDUsed                                                       0
[ DEBUG5 "MyRemoveOverlay"] GoodnessOfPID                                                 0.00e+00
[ DEBUG5 "MyRemoveOverlay"] Covariance p,E:  1.80e-04, -1.14e-03, 7.22e-03, 1.16e-03, -7.35e-03, 
[ DEBUG5 "MyRemoveOverlay"]                  7.49e-03, 1.64e-03, -1.04e-02, 1.06e-02, 1.49e-02
[ DEBUG5 "MyRemoveOverlay"] Particles id:    
[ DEBUG5 "MyRemoveOverlay"] Tracks id:    
[ DEBUG5 "MyRemoveOverlay"] Clusters id:  [00007276]
[ DEBUG5 "MyRemoveOverlay"] Particle ids ( [id], PDG, (type)): 
[ DEBUG5 "MyRemoveOverlay"]                  [00007642], 000000, (000000) 
[ DEBUG5 "MyRemoveOverlay"]                  [00007643], 000000, (000000) 
[ DEBUG5 "MyRemoveOverlay"]                  [00007644], 000000, (000000) 
[ DEBUG5 "MyRemoveOverlay"]                  [00007645], 000000, (000000) 
[ DEBUG5 "MyRemoveOverlay"] 
[ DEBUG5 "MyRemoveOverlay"] 
[ DEBUG0 "MyRemoveOverlay"] 	MCParticle at index: 0 has PDG: 22 and MCParticle to Cluster link weight is 1.00e+00
[ DEBUG0 "MyRemoveOverlay"] 	MCParticle at index: 0 with PDG code: 22 has highest link weight to input cluster
[ DEBUG0 "MyRemoveOverlay"] 	Cluster at index: 1 has highest link weight to MCParticle = 9.94e-01
[ DEBUG0 "MyRemoveOverlay"] 	Cluster linked to MCParticle with highest weight
[ DEBUG6 "MyRemoveOverlay"] 		Found a linked MCParticle to cluster
[ DEBUG5 "MyRemoveOverlay"] ----------------------------- MCParticle -----------------------------
[ DEBUG5 "MyRemoveOverlay"] Id                                                                5934
[ DEBUG5 "MyRemoveOverlay"] PDG                                                                 22
[ DEBUG5 "MyRemoveOverlay"] Energy [GeV]                                                  6.16e-01
[ DEBUG5 "MyRemoveOverlay"] Momentum [GeV] (x,y,z)                  0.0519889, -0.435632, 0.433047
[ DEBUG5 "MyRemoveOverlay"] Momentum at Endpoint[GeV] (x,y,z)                                 0, -0, 0
[ DEBUG5 "MyRemoveOverlay"] GeneratorStatus                                                      0
[ DEBUG5 "MyRemoveOverlay"] Vertex [mm] (x,y,z)                         87.1802, -134.928, 180.304
[ DEBUG5 "MyRemoveOverlay"] Endpoint [mm] (x,y,z)                       286.975, -1809.07, 1844.52
[ DEBUG5 "MyRemoveOverlay"] Mass [GeV]                                                    0.00e+00
[ DEBUG5 "MyRemoveOverlay"] Charge                                                        0.00e+00
[ DEBUG5 "MyRemoveOverlay"] Parents                                                              1
[ DEBUG5 "MyRemoveOverlay"] Daughters                                                            0
[ DEBUG5 "MyRemoveOverlay"] simulator status bits: [sbvtcls]  s: created in simulation b: backscatter v: vertex is not endpoint of parent t: decayed in tracker c: decayed in calorimeter l: has left detector s: stopped o: overlay
[ DEBUG5 "MyRemoveOverlay"] [s   c s ]
[ DEBUG5 "MyRemoveOverlay"] 
[ DEBUG7 "MyRemoveOverlay"] 		********** PFO AT INDEX 40 IS NOT OVERLAY **********
[ DEBUG8 "MyRemoveOverlay"] 
[ DEBUG8 "MyRemoveOverlay"] 		-------------------------------------------------------
[ DEBUG8 "MyRemoveOverlay"] 		Processing PFO at index 41
[ DEBUG5 "MyRemoveOverlay"] ------------------ ReconstructedParticle -----------------------------
[ DEBUG5 "MyRemoveOverlay"] Id                                                              0x7646
[ DEBUG5 "MyRemoveOverlay"] Compound                                                             0
[ DEBUG5 "MyRemoveOverlay"] Type                                                              2112
[ DEBUG5 "MyRemoveOverlay"] Momentum (x,y,z)                       +4.12e-01, -7.42e-01, +1.16e+00
[ DEBUG5 "MyRemoveOverlay"] Mass [GeV]                                                    9.40e-01
[ DEBUG5 "MyRemoveOverlay"] Charge [e]                                                    0.00e+00
[ DEBUG5 "MyRemoveOverlay"] Energy [GeV]                                                  1.43e+00
[ DEBUG5 "MyRemoveOverlay"] ReferencePoint                         +9.11e+02, -1.64e+03, +2.56e+03
[ DEBUG5 "MyRemoveOverlay"] ParticleIDUsed                                                       0
[ DEBUG5 "MyRemoveOverlay"] GoodnessOfPID                                                 0.00e+00
[ DEBUG5 "MyRemoveOverlay"] Covariance p,E:  6.12e-02, -1.10e-01, 1.98e-01, 1.72e-01, -3.09e-01, 
[ DEBUG5 "MyRemoveOverlay"]                  4.81e-01, 1.78e-01, -3.20e-01, 4.99e-01, 5.18e-01
[ DEBUG5 "MyRemoveOverlay"] Particles id:    
[ DEBUG5 "MyRemoveOverlay"] Tracks id:    
[ DEBUG5 "MyRemoveOverlay"] Clusters id:  [00007277]
[ DEBUG5 "MyRemoveOverlay"] Particle ids ( [id], PDG, (type)): 
[ DEBUG5 "MyRemoveOverlay"]                  [00007647], 000000, (000000) 
[ DEBUG5 "MyRemoveOverlay"]                  [00007648], 000000, (000000) 
[ DEBUG5 "MyRemoveOverlay"]                  [00007649], 000000, (000000) 
[ DEBUG5 "MyRemoveOverlay"]                  [00007650], 000000, (000000) 
[ DEBUG5 "MyRemoveOverlay"] 
[ DEBUG5 "MyRemoveOverlay"] 
[ DEBUG6 "MyRemoveOverlay"] 		Cluster is not linked to a MCParticle
[ DEBUG7 "MyRemoveOverlay"] 		********** PFO AT INDEX 41 IS NOT OVERLAY **********
[ DEBUG8 "MyRemoveOverlay"] 
[ DEBUG8 "MyRemoveOverlay"] 		-------------------------------------------------------
[ DEBUG8 "MyRemoveOverlay"] 		Processing PFO at index 42
[ DEBUG5 "MyRemoveOverlay"] ------------------ ReconstructedParticle -----------------------------
[ DEBUG5 "MyRemoveOverlay"] Id                                                              0x7651
[ DEBUG5 "MyRemoveOverlay"] Compound                                                             0
[ DEBUG5 "MyRemoveOverlay"] Type                                                                22
[ DEBUG5 "MyRemoveOverlay"] Momentum (x,y,z)                       -8.36e-02, +5.44e-01, -4.79e-01
[ DEBUG5 "MyRemoveOverlay"] Mass [GeV]                                                    0.00e+00
[ DEBUG5 "MyRemoveOverlay"] Charge [e]                                                    0.00e+00
[ DEBUG5 "MyRemoveOverlay"] Energy [GeV]                                                  7.30e-01
[ DEBUG5 "MyRemoveOverlay"] ReferencePoint                         -2.85e+02, +1.86e+03, -1.64e+03
[ DEBUG5 "MyRemoveOverlay"] ParticleIDUsed                                                       0
[ DEBUG5 "MyRemoveOverlay"] GoodnessOfPID                                                 0.00e+00
[ DEBUG5 "MyRemoveOverlay"] Covariance p,E:  2.74e-04, -1.78e-03, 1.16e-02, 1.57e-03, -1.02e-02, 
[ DEBUG5 "MyRemoveOverlay"]                  8.98e-03, -2.39e-03, 1.55e-02, -1.37e-02, 2.08e-02
[ DEBUG5 "MyRemoveOverlay"] Particles id:    
[ DEBUG5 "MyRemoveOverlay"] Tracks id:    
[ DEBUG5 "MyRemoveOverlay"] Clusters id:  [00007278]
[ DEBUG5 "MyRemoveOverlay"] Particle ids ( [id], PDG, (type)): 
[ DEBUG5 "MyRemoveOverlay"]                  [00007652], 000000, (000000) 
[ DEBUG5 "MyRemoveOverlay"]                  [00007653], 000000, (000000) 
[ DEBUG5 "MyRemoveOverlay"]                  [00007654], 000000, (000000) 
[ DEBUG5 "MyRemoveOverlay"]                  [00007655], 000000, (000000) 
[ DEBUG5 "MyRemoveOverlay"] 
[ DEBUG5 "MyRemoveOverlay"] 
[ DEBUG0 "MyRemoveOverlay"] 	MCParticle at index: 1 has PDG: 22 and MCParticle to Cluster link weight is 9.67e-01
[ DEBUG0 "MyRemoveOverlay"] 	MCParticle at index: 1 with PDG code: 22 has highest link weight to input cluster
[ DEBUG0 "MyRemoveOverlay"] 	Cluster at index: 0 has highest link weight to MCParticle = 9.90e-01
[ DEBUG0 "MyRemoveOverlay"] 	Cluster linked to MCParticle with highest weight
[ DEBUG6 "MyRemoveOverlay"] 		Found a linked MCParticle to cluster
[ DEBUG5 "MyRemoveOverlay"] ----------------------------- MCParticle -----------------------------
[ DEBUG5 "MyRemoveOverlay"] Id                                                                5872
[ DEBUG5 "MyRemoveOverlay"] PDG                                                                 22
[ DEBUG5 "MyRemoveOverlay"] Energy [GeV]                                                  9.26e-01
[ DEBUG5 "MyRemoveOverlay"] Momentum [GeV] (x,y,z)                  -0.103938, 0.689418, -0.609158
[ DEBUG5 "MyRemoveOverlay"] Momentum at Endpoint[GeV] (x,y,z)                                -0, 0, -0
[ DEBUG5 "MyRemoveOverlay"] GeneratorStatus                                                      1
[ DEBUG5 "MyRemoveOverlay"] Vertex [mm] (x,y,z)               -6.66322e-05, 0.000545178, -0.218793
[ DEBUG5 "MyRemoveOverlay"] Endpoint [mm] (x,y,z)                      -273.397, 1813.44, -1602.54
[ DEBUG5 "MyRemoveOverlay"] Mass [GeV]                                                   -1.05e-08
[ DEBUG5 "MyRemoveOverlay"] Charge                                                        0.00e+00
[ DEBUG5 "MyRemoveOverlay"] Parents                                                              1
[ DEBUG5 "MyRemoveOverlay"] Daughters                                                            0
[ DEBUG5 "MyRemoveOverlay"] simulator status bits: [sbvtcls]  s: created in simulation b: backscatter v: vertex is not endpoint of parent t: decayed in tracker c: decayed in calorimeter l: has left detector s: stopped o: overlay
[ DEBUG5 "MyRemoveOverlay"] [    c s ]
[ DEBUG5 "MyRemoveOverlay"] 
[ DEBUG7 "MyRemoveOverlay"] 		********** PFO AT INDEX 42 IS NOT OVERLAY **********
[ DEBUG8 "MyRemoveOverlay"] 
[ DEBUG8 "MyRemoveOverlay"] 		-------------------------------------------------------
[ DEBUG8 "MyRemoveOverlay"] 		Processing PFO at index 43
[ DEBUG5 "MyRemoveOverlay"] ------------------ ReconstructedParticle -----------------------------
[ DEBUG5 "MyRemoveOverlay"] Id                                                              0x7656
[ DEBUG5 "MyRemoveOverlay"] Compound                                                             0
[ DEBUG5 "MyRemoveOverlay"] Type                                                                22
[ DEBUG5 "MyRemoveOverlay"] Momentum (x,y,z)                       -2.85e-01, -7.29e-02, +2.08e-01
[ DEBUG5 "MyRemoveOverlay"] Mass [GeV]                                                    0.00e+00
[ DEBUG5 "MyRemoveOverlay"] Charge [e]                                                    0.00e+00
[ DEBUG5 "MyRemoveOverlay"] Energy [GeV]                                                  3.60e-01
[ DEBUG5 "MyRemoveOverlay"] ReferencePoint                         -1.86e+03, -4.77e+02, +1.36e+03
[ DEBUG5 "MyRemoveOverlay"] ParticleIDUsed                                                       0
[ DEBUG5 "MyRemoveOverlay"] GoodnessOfPID                                                 0.00e+00
[ DEBUG5 "MyRemoveOverlay"] Covariance p,E:  6.23e-03, 1.60e-03, 4.09e-04, -4.54e-03, -1.16e-03, 
[ DEBUG5 "MyRemoveOverlay"]                  3.32e-03, -7.87e-03, -2.02e-03, 5.75e-03, 9.95e-03
[ DEBUG5 "MyRemoveOverlay"] Particles id:    
[ DEBUG5 "MyRemoveOverlay"] Tracks id:    
[ DEBUG5 "MyRemoveOverlay"] Clusters id:  [00007279]
[ DEBUG5 "MyRemoveOverlay"] Particle ids ( [id], PDG, (type)): 
[ DEBUG5 "MyRemoveOverlay"]                  [00007657], 000000, (000000) 
[ DEBUG5 "MyRemoveOverlay"]                  [00007658], 000000, (000000) 
[ DEBUG5 "MyRemoveOverlay"]                  [00007659], 000000, (000000) 
[ DEBUG5 "MyRemoveOverlay"]                  [00007660], 000000, (000000) 
[ DEBUG5 "MyRemoveOverlay"] 
[ DEBUG5 "MyRemoveOverlay"] 
[ DEBUG0 "MyRemoveOverlay"] 	MCParticle at index: 0 has PDG: 22 and MCParticle to Cluster link weight is 1.00e+00
[ DEBUG0 "MyRemoveOverlay"] 	MCParticle at index: 0 with PDG code: 22 has highest link weight to input cluster
[ DEBUG0 "MyRemoveOverlay"] 	Cluster at index: 0 has highest link weight to MCParticle = 1.00e+00
[ DEBUG0 "MyRemoveOverlay"] 	Cluster linked to MCParticle with highest weight
[ DEBUG6 "MyRemoveOverlay"] 		Found a linked MCParticle to cluster
[ DEBUG5 "MyRemoveOverlay"] ----------------------------- MCParticle -----------------------------
[ DEBUG5 "MyRemoveOverlay"] Id                                                                5803
[ DEBUG5 "MyRemoveOverlay"] PDG                                                                 22
[ DEBUG5 "MyRemoveOverlay"] Energy [GeV]                                                  3.78e-01
[ DEBUG5 "MyRemoveOverlay"] Momentum [GeV] (x,y,z)                  -0.298639, -0.076016, 0.218626
[ DEBUG5 "MyRemoveOverlay"] Momentum at Endpoint[GeV] (x,y,z)                                -0, -0, 0
[ DEBUG5 "MyRemoveOverlay"] GeneratorStatus                                                      1
[ DEBUG5 "MyRemoveOverlay"] Vertex [mm] (x,y,z)                    -0.259789, 0.0732661, 0.0329678
[ DEBUG5 "MyRemoveOverlay"] Endpoint [mm] (x,y,z)                      -1812.86, -461.307, 1326.99
[ DEBUG5 "MyRemoveOverlay"] Mass [GeV]                                                    1.05e-08
[ DEBUG5 "MyRemoveOverlay"] Charge                                                        0.00e+00
[ DEBUG5 "MyRemoveOverlay"] Parents                                                              1
[ DEBUG5 "MyRemoveOverlay"] Daughters                                                            0
[ DEBUG5 "MyRemoveOverlay"] simulator status bits: [sbvtcls]  s: created in simulation b: backscatter v: vertex is not endpoint of parent t: decayed in tracker c: decayed in calorimeter l: has left detector s: stopped o: overlay
[ DEBUG5 "MyRemoveOverlay"] [    c s ]
[ DEBUG5 "MyRemoveOverlay"] 
[ DEBUG7 "MyRemoveOverlay"] 		********** PFO AT INDEX 43 IS NOT OVERLAY **********
[ DEBUG8 "MyRemoveOverlay"] 
[ DEBUG8 "MyRemoveOverlay"] 		-------------------------------------------------------
[ DEBUG8 "MyRemoveOverlay"] 		Processing PFO at index 44
[ DEBUG5 "MyRemoveOverlay"] ------------------ ReconstructedParticle -----------------------------
[ DEBUG5 "MyRemoveOverlay"] Id                                                              0x7661
[ DEBUG5 "MyRemoveOverlay"] Compound                                                             0
[ DEBUG5 "MyRemoveOverlay"] Type                                                                22
[ DEBUG5 "MyRemoveOverlay"] Momentum (x,y,z)                       +5.13e-01, -4.17e-01, +5.61e-01
[ DEBUG5 "MyRemoveOverlay"] Mass [GeV]                                                    0.00e+00
[ DEBUG5 "MyRemoveOverlay"] Charge [e]                                                    0.00e+00
[ DEBUG5 "MyRemoveOverlay"] Energy [GeV]                                                  8.67e-01
[ DEBUG5 "MyRemoveOverlay"] ReferencePoint                         +1.44e+03, -1.17e+03, +1.58e+03
[ DEBUG5 "MyRemoveOverlay"] ParticleIDUsed                                                       0
[ DEBUG5 "MyRemoveOverlay"] GoodnessOfPID                                                 0.00e+00
[ DEBUG5 "MyRemoveOverlay"] Covariance p,E:  8.72e-03, -7.01e-03, 5.75e-03, 9.48e-03, -7.71e-03, 
[ DEBUG5 "MyRemoveOverlay"]                  1.04e-02, 1.47e-02, -1.19e-02, 1.60e-02, 2.48e-02
[ DEBUG5 "MyRemoveOverlay"] Particles id:    
[ DEBUG5 "MyRemoveOverlay"] Tracks id:    
[ DEBUG5 "MyRemoveOverlay"] Clusters id:  [00007280]
[ DEBUG5 "MyRemoveOverlay"] Particle ids ( [id], PDG, (type)): 
[ DEBUG5 "MyRemoveOverlay"]                  [00007662], 000000, (000000) 
[ DEBUG5 "MyRemoveOverlay"]                  [00007663], 000000, (000000) 
[ DEBUG5 "MyRemoveOverlay"]                  [00007664], 000000, (000000) 
[ DEBUG5 "MyRemoveOverlay"]                  [00007665], 000000, (000000) 
[ DEBUG5 "MyRemoveOverlay"] 
[ DEBUG5 "MyRemoveOverlay"] 
[ DEBUG6 "MyRemoveOverlay"] 		Cluster is not linked to a MCParticle
[ DEBUG7 "MyRemoveOverlay"] 		********** PFO AT INDEX 44 IS NOT OVERLAY **********
[ DEBUG8 "MyRemoveOverlay"] 
[ DEBUG8 "MyRemoveOverlay"] 		-------------------------------------------------------
[ DEBUG8 "MyRemoveOverlay"] 		Processing PFO at index 45
[ DEBUG5 "MyRemoveOverlay"] ------------------ ReconstructedParticle -----------------------------
[ DEBUG5 "MyRemoveOverlay"] Id                                                              0x7666
[ DEBUG5 "MyRemoveOverlay"] Compound                                                             0
[ DEBUG5 "MyRemoveOverlay"] Type                                                                22
[ DEBUG5 "MyRemoveOverlay"] Momentum (x,y,z)                       +2.74e-02, +6.84e-02, -5.85e-01
[ DEBUG5 "MyRemoveOverlay"] Mass [GeV]                                                    0.00e+00
[ DEBUG5 "MyRemoveOverlay"] Charge [e]                                                    0.00e+00
[ DEBUG5 "MyRemoveOverlay"] Energy [GeV]                                                  5.89e-01
[ DEBUG5 "MyRemoveOverlay"] ReferencePoint                         +1.15e+02, +2.87e+02, -2.45e+03
[ DEBUG5 "MyRemoveOverlay"] ParticleIDUsed                                                       0
[ DEBUG5 "MyRemoveOverlay"] GoodnessOfPID                                                 0.00e+00
[ DEBUG5 "MyRemoveOverlay"] Covariance p,E:  3.66e-05, 9.08e-05, 2.27e-04, -7.77e-04, -1.94e-03, 
[ DEBUG5 "MyRemoveOverlay"]                  1.66e-02, 7.83e-04, 1.95e-03, -1.67e-02, 1.68e-02
[ DEBUG5 "MyRemoveOverlay"] Particles id:    
[ DEBUG5 "MyRemoveOverlay"] Tracks id:    
[ DEBUG5 "MyRemoveOverlay"] Clusters id:  [00007281]
[ DEBUG5 "MyRemoveOverlay"] Particle ids ( [id], PDG, (type)): 
[ DEBUG5 "MyRemoveOverlay"]                  [00007667], 000000, (000000) 
[ DEBUG5 "MyRemoveOverlay"]                  [00007668], 000000, (000000) 
[ DEBUG5 "MyRemoveOverlay"]                  [00007669], 000000, (000000) 
[ DEBUG5 "MyRemoveOverlay"]                  [00007670], 000000, (000000) 
[ DEBUG5 "MyRemoveOverlay"] 
[ DEBUG5 "MyRemoveOverlay"] 
[ DEBUG0 "MyRemoveOverlay"] 	MCParticle at index: 0 has PDG: 22 and MCParticle to Cluster link weight is 1.00e+00
[ DEBUG0 "MyRemoveOverlay"] 	MCParticle at index: 0 with PDG code: 22 has highest link weight to input cluster
[ DEBUG0 "MyRemoveOverlay"] 	Cluster at index: 1 has highest link weight to MCParticle = 9.58e-01
[ DEBUG0 "MyRemoveOverlay"] 	Cluster linked to MCParticle with highest weight
[ DEBUG6 "MyRemoveOverlay"] 		Found a linked MCParticle to cluster
[ DEBUG5 "MyRemoveOverlay"] ----------------------------- MCParticle -----------------------------
[ DEBUG5 "MyRemoveOverlay"] Id                                                                5848
[ DEBUG5 "MyRemoveOverlay"] PDG                                                                 22
[ DEBUG5 "MyRemoveOverlay"] Energy [GeV]                                                  7.43e-01
[ DEBUG5 "MyRemoveOverlay"] Momentum [GeV] (x,y,z)                 0.0353615, 0.0858784, -0.737486
[ DEBUG5 "MyRemoveOverlay"] Momentum at Endpoint[GeV] (x,y,z)                                 0, 0, -0
[ DEBUG5 "MyRemoveOverlay"] GeneratorStatus                                                      1
[ DEBUG5 "MyRemoveOverlay"] Vertex [mm] (x,y,z)                1.91353e-06, 1.49746e-05, -0.218752
[ DEBUG5 "MyRemoveOverlay"] Endpoint [mm] (x,y,z)                         116.3, 282.444, -2425.73
[ DEBUG5 "MyRemoveOverlay"] Mass [GeV]                                                   -1.83e-08
[ DEBUG5 "MyRemoveOverlay"] Charge                                                        0.00e+00
[ DEBUG5 "MyRemoveOverlay"] Parents                                                              1
[ DEBUG5 "MyRemoveOverlay"] Daughters                                                            0
[ DEBUG5 "MyRemoveOverlay"] simulator status bits: [sbvtcls]  s: created in simulation b: backscatter v: vertex is not endpoint of parent t: decayed in tracker c: decayed in calorimeter l: has left detector s: stopped o: overlay
[ DEBUG5 "MyRemoveOverlay"] [    c s ]
[ DEBUG5 "MyRemoveOverlay"] 
[ DEBUG7 "MyRemoveOverlay"] 		********** PFO AT INDEX 45 IS NOT OVERLAY **********
[ DEBUG8 "MyRemoveOverlay"] 
[ DEBUG8 "MyRemoveOverlay"] 		-------------------------------------------------------
[ DEBUG8 "MyRemoveOverlay"] 		Processing PFO at index 46
[ DEBUG5 "MyRemoveOverlay"] ------------------ ReconstructedParticle -----------------------------
[ DEBUG5 "MyRemoveOverlay"] Id                                                              0x7671
[ DEBUG5 "MyRemoveOverlay"] Compound                                                             0
[ DEBUG5 "MyRemoveOverlay"] Type                                                                22
[ DEBUG5 "MyRemoveOverlay"] Momentum (x,y,z)                       -4.71e-01, +1.23e-01, -5.88e-01
[ DEBUG5 "MyRemoveOverlay"] Mass [GeV]                                                    0.00e+00
[ DEBUG5 "MyRemoveOverlay"] Charge [e]                                                    0.00e+00
[ DEBUG5 "MyRemoveOverlay"] Energy [GeV]                                                  7.63e-01
[ DEBUG5 "MyRemoveOverlay"] ReferencePoint                         -1.88e+03, +4.91e+02, -2.35e+03
[ DEBUG5 "MyRemoveOverlay"] ParticleIDUsed                                                       0
[ DEBUG5 "MyRemoveOverlay"] GoodnessOfPID                                                 0.00e+00
[ DEBUG5 "MyRemoveOverlay"] Covariance p,E:  7.96e-03, -2.07e-03, 5.40e-04, 9.93e-03, -2.59e-03, 
[ DEBUG5 "MyRemoveOverlay"]                  1.24e-02, -1.29e-02, 3.36e-03, -1.61e-02, 2.09e-02
[ DEBUG5 "MyRemoveOverlay"] Particles id:    
[ DEBUG5 "MyRemoveOverlay"] Tracks id:    
[ DEBUG5 "MyRemoveOverlay"] Clusters id:  [00007282]
[ DEBUG5 "MyRemoveOverlay"] Particle ids ( [id], PDG, (type)): 
[ DEBUG5 "MyRemoveOverlay"]                  [00007672], 000000, (000000) 
[ DEBUG5 "MyRemoveOverlay"]                  [00007673], 000000, (000000) 
[ DEBUG5 "MyRemoveOverlay"]                  [00007674], 000000, (000000) 
[ DEBUG5 "MyRemoveOverlay"]                  [00007675], 000000, (000000) 
[ DEBUG5 "MyRemoveOverlay"] 
[ DEBUG5 "MyRemoveOverlay"] 
[ DEBUG0 "MyRemoveOverlay"] 	MCParticle at index: 0 has PDG: 22 and MCParticle to Cluster link weight is 1.00e+00
[ DEBUG0 "MyRemoveOverlay"] 	MCParticle at index: 0 with PDG code: 22 has highest link weight to input cluster
[ DEBUG0 "MyRemoveOverlay"] 	Cluster at index: 0 has highest link weight to MCParticle = 1.00e+00
[ DEBUG0 "MyRemoveOverlay"] 	Cluster linked to MCParticle with highest weight
[ DEBUG6 "MyRemoveOverlay"] 		Found a linked MCParticle to cluster
[ DEBUG5 "MyRemoveOverlay"] ----------------------------- MCParticle -----------------------------
[ DEBUG5 "MyRemoveOverlay"] Id                                                                5830
[ DEBUG5 "MyRemoveOverlay"] PDG                                                                 22
[ DEBUG5 "MyRemoveOverlay"] Energy [GeV]                                                  7.56e-01
[ DEBUG5 "MyRemoveOverlay"] Momentum [GeV] (x,y,z)                  -0.464418, 0.121223, -0.583739
[ DEBUG5 "MyRemoveOverlay"] Momentum at Endpoint[GeV] (x,y,z)                                -0, 0, -0
[ DEBUG5 "MyRemoveOverlay"] GeneratorStatus                                                      1
[ DEBUG5 "MyRemoveOverlay"] Vertex [mm] (x,y,z)             -3.34619e-310, 2.41783e-310, -0.218376
[ DEBUG5 "MyRemoveOverlay"] Endpoint [mm] (x,y,z)                      -1819.78, 475.003, -2287.55
[ DEBUG5 "MyRemoveOverlay"] Mass [GeV]                                                    0.00e+00
[ DEBUG5 "MyRemoveOverlay"] Charge                                                        0.00e+00
[ DEBUG5 "MyRemoveOverlay"] Parents                                                              1
[ DEBUG5 "MyRemoveOverlay"] Daughters                                                            0
[ DEBUG5 "MyRemoveOverlay"] simulator status bits: [sbvtcls]  s: created in simulation b: backscatter v: vertex is not endpoint of parent t: decayed in tracker c: decayed in calorimeter l: has left detector s: stopped o: overlay
[ DEBUG5 "MyRemoveOverlay"] [    c s ]
[ DEBUG5 "MyRemoveOverlay"] 
[ DEBUG7 "MyRemoveOverlay"] 		********** PFO AT INDEX 46 IS NOT OVERLAY **********
[ DEBUG8 "MyRemoveOverlay"] 
[ DEBUG8 "MyRemoveOverlay"] 		-------------------------------------------------------
[ DEBUG8 "MyRemoveOverlay"] 		Processing PFO at index 47
[ DEBUG5 "MyRemoveOverlay"] ------------------ ReconstructedParticle -----------------------------
[ DEBUG5 "MyRemoveOverlay"] Id                                                              0x7676
[ DEBUG5 "MyRemoveOverlay"] Compound                                                             0
[ DEBUG5 "MyRemoveOverlay"] Type                                                                22
[ DEBUG5 "MyRemoveOverlay"] Momentum (x,y,z)                       +1.61e-01, -3.91e-01, +3.82e-01
[ DEBUG5 "MyRemoveOverlay"] Mass [GeV]                                                    0.00e+00
[ DEBUG5 "MyRemoveOverlay"] Charge [e]                                                    0.00e+00
[ DEBUG5 "MyRemoveOverlay"] Energy [GeV]                                                  5.70e-01
[ DEBUG5 "MyRemoveOverlay"] ReferencePoint                         +7.63e+02, -1.85e+03, +1.81e+03
[ DEBUG5 "MyRemoveOverlay"] ParticleIDUsed                                                       0
[ DEBUG5 "MyRemoveOverlay"] GoodnessOfPID                                                 0.00e+00
[ DEBUG5 "MyRemoveOverlay"] Covariance p,E:  1.24e-03, -3.01e-03, 7.30e-03, 2.95e-03, -7.14e-03, 
[ DEBUG5 "MyRemoveOverlay"]                  6.99e-03, 4.40e-03, -1.06e-02, 1.04e-02, 1.55e-02
[ DEBUG5 "MyRemoveOverlay"] Particles id:    
[ DEBUG5 "MyRemoveOverlay"] Tracks id:    
[ DEBUG5 "MyRemoveOverlay"] Clusters id:  [00007283]
[ DEBUG5 "MyRemoveOverlay"] Particle ids ( [id], PDG, (type)): 
[ DEBUG5 "MyRemoveOverlay"]                  [00007677], 000000, (000000) 
[ DEBUG5 "MyRemoveOverlay"]                  [00007678], 000000, (000000) 
[ DEBUG5 "MyRemoveOverlay"]                  [00007679], 000000, (000000) 
[ DEBUG5 "MyRemoveOverlay"]                  [00007680], 000000, (000000) 
[ DEBUG5 "MyRemoveOverlay"] 
[ DEBUG5 "MyRemoveOverlay"] 
[ DEBUG0 "MyRemoveOverlay"] 	MCParticle at index: 0 has PDG: 22 and MCParticle to Cluster link weight is 1.00e+00
[ DEBUG0 "MyRemoveOverlay"] 	MCParticle at index: 0 with PDG code: 22 has highest link weight to input cluster
[ DEBUG0 "MyRemoveOverlay"] 	Cluster at index: 0 has highest link weight to MCParticle = 9.93e-01
[ DEBUG0 "MyRemoveOverlay"] 	Cluster linked to MCParticle with highest weight
[ DEBUG6 "MyRemoveOverlay"] 		Found a linked MCParticle to cluster
[ DEBUG5 "MyRemoveOverlay"] ----------------------------- MCParticle -----------------------------
[ DEBUG5 "MyRemoveOverlay"] Id                                                                5931
[ DEBUG5 "MyRemoveOverlay"] PDG                                                                 22
[ DEBUG5 "MyRemoveOverlay"] Energy [GeV]                                                  5.63e-01
[ DEBUG5 "MyRemoveOverlay"] Momentum [GeV] (x,y,z)                   0.155016, -0.393461, 0.371425
[ DEBUG5 "MyRemoveOverlay"] Momentum at Endpoint[GeV] (x,y,z)                                 0, -0, 0
[ DEBUG5 "MyRemoveOverlay"] GeneratorStatus                                                      0
[ DEBUG5 "MyRemoveOverlay"] Vertex [mm] (x,y,z)                         87.1802, -134.928, 180.304
[ DEBUG5 "MyRemoveOverlay"] Endpoint [mm] (x,y,z)                       752.934, -1824.74, 1775.48
[ DEBUG5 "MyRemoveOverlay"] Mass [GeV]                                                    0.00e+00
[ DEBUG5 "MyRemoveOverlay"] Charge                                                        0.00e+00
[ DEBUG5 "MyRemoveOverlay"] Parents                                                              1
[ DEBUG5 "MyRemoveOverlay"] Daughters                                                            0
[ DEBUG5 "MyRemoveOverlay"] simulator status bits: [sbvtcls]  s: created in simulation b: backscatter v: vertex is not endpoint of parent t: decayed in tracker c: decayed in calorimeter l: has left detector s: stopped o: overlay
[ DEBUG5 "MyRemoveOverlay"] [s   c s ]
[ DEBUG5 "MyRemoveOverlay"] 
[ DEBUG7 "MyRemoveOverlay"] 		********** PFO AT INDEX 47 IS NOT OVERLAY **********
[ DEBUG8 "MyRemoveOverlay"] 
[ DEBUG8 "MyRemoveOverlay"] 		-------------------------------------------------------
[ DEBUG8 "MyRemoveOverlay"] 		Processing PFO at index 48
[ DEBUG5 "MyRemoveOverlay"] ------------------ ReconstructedParticle -----------------------------
[ DEBUG5 "MyRemoveOverlay"] Id                                                              0x7681
[ DEBUG5 "MyRemoveOverlay"] Compound                                                             0
[ DEBUG5 "MyRemoveOverlay"] Type                                                              2112
[ DEBUG5 "MyRemoveOverlay"] Momentum (x,y,z)                       +4.70e-01, -7.24e-01, +1.20e+00
[ DEBUG5 "MyRemoveOverlay"] Mass [GeV]                                                    9.40e-01
[ DEBUG5 "MyRemoveOverlay"] Charge [e]                                                    0.00e+00
[ DEBUG5 "MyRemoveOverlay"] Energy [GeV]                                                  1.48e+00
[ DEBUG5 "MyRemoveOverlay"] ReferencePoint                         +9.70e+02, -1.49e+03, +2.48e+03
[ DEBUG5 "MyRemoveOverlay"] ParticleIDUsed                                                       0
[ DEBUG5 "MyRemoveOverlay"] GoodnessOfPID                                                 0.00e+00
[ DEBUG5 "MyRemoveOverlay"] Covariance p,E:  7.59e-02, -1.17e-01, 1.80e-01, 1.94e-01, -2.98e-01, 
[ DEBUG5 "MyRemoveOverlay"]                  4.94e-01, 2.01e-01, -3.10e-01, 5.14e-01, 5.34e-01
[ DEBUG5 "MyRemoveOverlay"] Particles id:    
[ DEBUG5 "MyRemoveOverlay"] Tracks id:    
[ DEBUG5 "MyRemoveOverlay"] Clusters id:  [00007284]
[ DEBUG5 "MyRemoveOverlay"] Particle ids ( [id], PDG, (type)): 
[ DEBUG5 "MyRemoveOverlay"]                  [00007682], 000000, (000000) 
[ DEBUG5 "MyRemoveOverlay"]                  [00007683], 000000, (000000) 
[ DEBUG5 "MyRemoveOverlay"]                  [00007684], 000000, (000000) 
[ DEBUG5 "MyRemoveOverlay"]                  [00007685], 000000, (000000) 
[ DEBUG5 "MyRemoveOverlay"] 
[ DEBUG5 "MyRemoveOverlay"] 
[ DEBUG6 "MyRemoveOverlay"] 		Cluster is not linked to a MCParticle
[ DEBUG7 "MyRemoveOverlay"] 		********** PFO AT INDEX 48 IS NOT OVERLAY **********
[ DEBUG8 "MyRemoveOverlay"] 
[ DEBUG8 "MyRemoveOverlay"] 		-------------------------------------------------------
[ DEBUG8 "MyRemoveOverlay"] 		Processing PFO at index 49
[ DEBUG5 "MyRemoveOverlay"] ------------------ ReconstructedParticle -----------------------------
[ DEBUG5 "MyRemoveOverlay"] Id                                                              0x7686
[ DEBUG5 "MyRemoveOverlay"] Compound                                                             0
[ DEBUG5 "MyRemoveOverlay"] Type                                                              2112
[ DEBUG5 "MyRemoveOverlay"] Momentum (x,y,z)                       -5.96e-01, +2.97e-01, -1.35e+00
[ DEBUG5 "MyRemoveOverlay"] Mass [GeV]                                                    9.40e-01
[ DEBUG5 "MyRemoveOverlay"] Charge [e]                                                    0.00e+00
[ DEBUG5 "MyRemoveOverlay"] Energy [GeV]                                                  1.51e+00
[ DEBUG5 "MyRemoveOverlay"] ReferencePoint                         -1.09e+03, +5.44e+02, -2.48e+03
[ DEBUG5 "MyRemoveOverlay"] ParticleIDUsed                                                       0
[ DEBUG5 "MyRemoveOverlay"] GoodnessOfPID                                                 0.00e+00
[ DEBUG5 "MyRemoveOverlay"] Covariance p,E:  1.18e-01, -5.87e-02, 3.05e-02, 2.68e-01, -1.34e-01, 
[ DEBUG5 "MyRemoveOverlay"]                  6.09e-01, -2.54e-01, 1.26e-01, -5.76e-01, 5.45e-01
[ DEBUG5 "MyRemoveOverlay"] Particles id:    
[ DEBUG5 "MyRemoveOverlay"] Tracks id:    
[ DEBUG5 "MyRemoveOverlay"] Clusters id:  [00007285]
[ DEBUG5 "MyRemoveOverlay"] Particle ids ( [id], PDG, (type)): 
[ DEBUG5 "MyRemoveOverlay"]                  [00007687], 000000, (000000) 
[ DEBUG5 "MyRemoveOverlay"]                  [00007688], 000000, (000000) 
[ DEBUG5 "MyRemoveOverlay"]                  [00007689], 000000, (000000) 
[ DEBUG5 "MyRemoveOverlay"]                  [00007690], 000000, (000000) 
[ DEBUG5 "MyRemoveOverlay"] 
[ DEBUG5 "MyRemoveOverlay"] 
[ DEBUG6 "MyRemoveOverlay"] 		Cluster is not linked to a MCParticle
[ DEBUG7 "MyRemoveOverlay"] 		********** PFO AT INDEX 49 IS NOT OVERLAY **********
[ DEBUG8 "MyRemoveOverlay"] 
[ DEBUG8 "MyRemoveOverlay"] 		-------------------------------------------------------
[ DEBUG8 "MyRemoveOverlay"] 		Processing PFO at index 50
[ DEBUG5 "MyRemoveOverlay"] ------------------ ReconstructedParticle -----------------------------
[ DEBUG5 "MyRemoveOverlay"] Id                                                              0x7691
[ DEBUG5 "MyRemoveOverlay"] Compound                                                             0
[ DEBUG5 "MyRemoveOverlay"] Type                                                                22
[ DEBUG5 "MyRemoveOverlay"] Momentum (x,y,z)                       +6.12e-01, -9.35e-01, +1.34e+00
[ DEBUG5 "MyRemoveOverlay"] Mass [GeV]                                                    0.00e+00
[ DEBUG5 "MyRemoveOverlay"] Charge [e]                                                    0.00e+00
[ DEBUG5 "MyRemoveOverlay"] Energy [GeV]                                                  1.75e+00
[ DEBUG5 "MyRemoveOverlay"] ReferencePoint                         +1.07e+03, -1.63e+03, +2.34e+03
[ DEBUG5 "MyRemoveOverlay"] ParticleIDUsed                                                       0
[ DEBUG5 "MyRemoveOverlay"] GoodnessOfPID                                                 0.00e+00
[ DEBUG5 "MyRemoveOverlay"] Covariance p,E:  5.95e-03, -9.09e-03, 1.39e-02, 1.31e-02, -1.99e-02, 
[ DEBUG5 "MyRemoveOverlay"]                  2.87e-02, 1.70e-02, -2.60e-02, 3.73e-02, 4.85e-02
[ DEBUG5 "MyRemoveOverlay"] Particles id:    
[ DEBUG5 "MyRemoveOverlay"] Tracks id:    
[ DEBUG5 "MyRemoveOverlay"] Clusters id:  [00007286]
[ DEBUG5 "MyRemoveOverlay"] Particle ids ( [id], PDG, (type)): 
[ DEBUG5 "MyRemoveOverlay"]                  [00007692], 000000, (000000) 
[ DEBUG5 "MyRemoveOverlay"]                  [00007693], 000000, (000000) 
[ DEBUG5 "MyRemoveOverlay"]                  [00007694], 000000, (000000) 
[ DEBUG5 "MyRemoveOverlay"]                  [00007695], 000000, (000000) 
[ DEBUG5 "MyRemoveOverlay"] 
[ DEBUG5 "MyRemoveOverlay"] 
[ DEBUG0 "MyRemoveOverlay"] 	MCParticle at index: 0 has PDG: 22 and MCParticle to Cluster link weight is 9.09e-01
[ DEBUG0 "MyRemoveOverlay"] 	MCParticle at index: 0 with PDG code: 22 has highest link weight to input cluster
[ DEBUG0 "MyRemoveOverlay"] 	Cluster at index: 3 has highest link weight to MCParticle = 9.59e-01
[ DEBUG0 "MyRemoveOverlay"] 	Cluster linked to MCParticle with highest weight
[ DEBUG6 "MyRemoveOverlay"] 		Found a linked MCParticle to cluster
[ DEBUG5 "MyRemoveOverlay"] ----------------------------- MCParticle -----------------------------
[ DEBUG5 "MyRemoveOverlay"] Id                                                                5933
[ DEBUG5 "MyRemoveOverlay"] PDG                                                                 22
[ DEBUG5 "MyRemoveOverlay"] Energy [GeV]                                                  1.80e+00
[ DEBUG5 "MyRemoveOverlay"] Momentum [GeV] (x,y,z)                     0.626997, -0.957514, 1.3841
[ DEBUG5 "MyRemoveOverlay"] Momentum at Endpoint[GeV] (x,y,z)                                 0, -0, 0
[ DEBUG5 "MyRemoveOverlay"] GeneratorStatus                                                      0
[ DEBUG5 "MyRemoveOverlay"] Vertex [mm] (x,y,z)                         87.1802, -134.928, 180.304
[ DEBUG5 "MyRemoveOverlay"] Endpoint [mm] (x,y,z)                       1038.49, -1587.71, 2280.33
[ DEBUG5 "MyRemoveOverlay"] Mass [GeV]                                                    0.00e+00
[ DEBUG5 "MyRemoveOverlay"] Charge                                                        0.00e+00
[ DEBUG5 "MyRemoveOverlay"] Parents                                                              1
[ DEBUG5 "MyRemoveOverlay"] Daughters                                                            0
[ DEBUG5 "MyRemoveOverlay"] simulator status bits: [sbvtcls]  s: created in simulation b: backscatter v: vertex is not endpoint of parent t: decayed in tracker c: decayed in calorimeter l: has left detector s: stopped o: overlay
[ DEBUG5 "MyRemoveOverlay"] [s   c s ]
[ DEBUG5 "MyRemoveOverlay"] 
[ DEBUG7 "MyRemoveOverlay"] 		********** PFO AT INDEX 50 IS NOT OVERLAY **********
[ DEBUG8 "MyRemoveOverlay"] 
[ DEBUG8 "MyRemoveOverlay"] 		-------------------------------------------------------
[ DEBUG8 "MyRemoveOverlay"] 		Processing PFO at index 51
[ DEBUG5 "MyRemoveOverlay"] ------------------ ReconstructedParticle -----------------------------
[ DEBUG5 "MyRemoveOverlay"] Id                                                              0x7696
[ DEBUG5 "MyRemoveOverlay"] Compound                                                             0
[ DEBUG5 "MyRemoveOverlay"] Type                                                              2112
[ DEBUG5 "MyRemoveOverlay"] Momentum (x,y,z)                       +5.48e-01, -1.14e+00, +1.58e+00
[ DEBUG5 "MyRemoveOverlay"] Mass [GeV]                                                    9.40e-01
[ DEBUG5 "MyRemoveOverlay"] Charge [e]                                                    0.00e+00
[ DEBUG5 "MyRemoveOverlay"] Energy [GeV]                                                  2.02e+00
[ DEBUG5 "MyRemoveOverlay"] ReferencePoint                         +8.73e+02, -1.82e+03, +2.52e+03
[ DEBUG5 "MyRemoveOverlay"] ParticleIDUsed                                                       0
[ DEBUG5 "MyRemoveOverlay"] GoodnessOfPID                                                 0.00e+00
[ DEBUG5 "MyRemoveOverlay"] Covariance p,E:  6.52e-02, -1.36e-01, 2.84e-01, 1.88e-01, -3.92e-01, 
[ DEBUG5 "MyRemoveOverlay"]                  5.41e-01, 2.19e-01, -4.56e-01, 6.30e-01, 7.33e-01
[ DEBUG5 "MyRemoveOverlay"] Particles id:    
[ DEBUG5 "MyRemoveOverlay"] Tracks id:    
[ DEBUG5 "MyRemoveOverlay"] Clusters id:  [00007287]
[ DEBUG5 "MyRemoveOverlay"] Particle ids ( [id], PDG, (type)): 
[ DEBUG5 "MyRemoveOverlay"]                  [00007697], 000000, (000000) 
[ DEBUG5 "MyRemoveOverlay"]                  [00007698], 000000, (000000) 
[ DEBUG5 "MyRemoveOverlay"]                  [00007699], 000000, (000000) 
[ DEBUG5 "MyRemoveOverlay"]                  [00007700], 000000, (000000) 
[ DEBUG5 "MyRemoveOverlay"] 
[ DEBUG5 "MyRemoveOverlay"] 
[ DEBUG0 "MyRemoveOverlay"] 	MCParticle at index: 0 has PDG: 2112 and MCParticle to Cluster link weight is 9.68e-01
[ DEBUG0 "MyRemoveOverlay"] 	MCParticle at index: 0 with PDG code: 2112 has highest link weight to input cluster
[ DEBUG6 "MyRemoveOverlay"] 		Cluster is not linked to a MCParticle
[ DEBUG7 "MyRemoveOverlay"] 		********** PFO AT INDEX 51 IS NOT OVERLAY **********
[ DEBUG8 "MyRemoveOverlay"] 
[ DEBUG8 "MyRemoveOverlay"] 		-------------------------------------------------------
[ DEBUG8 "MyRemoveOverlay"] 		Processing PFO at index 52
[ DEBUG5 "MyRemoveOverlay"] ------------------ ReconstructedParticle -----------------------------
[ DEBUG5 "MyRemoveOverlay"] Id                                                              0x7701
[ DEBUG5 "MyRemoveOverlay"] Compound                                                             0
[ DEBUG5 "MyRemoveOverlay"] Type                                                              2112
[ DEBUG5 "MyRemoveOverlay"] Momentum (x,y,z)                       -5.39e-01, +4.45e-01, -1.27e+00
[ DEBUG5 "MyRemoveOverlay"] Mass [GeV]                                                    9.40e-01
[ DEBUG5 "MyRemoveOverlay"] Charge [e]                                                    0.00e+00
[ DEBUG5 "MyRemoveOverlay"] Energy [GeV]                                                  1.45e+00
[ DEBUG5 "MyRemoveOverlay"] ReferencePoint                         -1.09e+03, +9.04e+02, -2.58e+03
[ DEBUG5 "MyRemoveOverlay"] ParticleIDUsed                                                       0
[ DEBUG5 "MyRemoveOverlay"] GoodnessOfPID                                                 0.00e+00
[ DEBUG5 "MyRemoveOverlay"] Covariance p,E:  1.03e-01, -8.47e-02, 7.00e-02, 2.42e-01, -2.00e-01, 
[ DEBUG5 "MyRemoveOverlay"]                  5.72e-01, -2.32e-01, 1.92e-01, -5.48e-01, 5.25e-01
[ DEBUG5 "MyRemoveOverlay"] Particles id:    
[ DEBUG5 "MyRemoveOverlay"] Tracks id:    
[ DEBUG5 "MyRemoveOverlay"] Clusters id:  [00007288]
[ DEBUG5 "MyRemoveOverlay"] Particle ids ( [id], PDG, (type)): 
[ DEBUG5 "MyRemoveOverlay"]                  [00007702], 000000, (000000) 
[ DEBUG5 "MyRemoveOverlay"]                  [00007703], 000000, (000000) 
[ DEBUG5 "MyRemoveOverlay"]                  [00007704], 000000, (000000) 
[ DEBUG5 "MyRemoveOverlay"]                  [00007705], 000000, (000000) 
[ DEBUG5 "MyRemoveOverlay"] 
[ DEBUG5 "MyRemoveOverlay"] 
[ DEBUG0 "MyRemoveOverlay"] 	MCParticle at index: 1 has PDG: 2112 and MCParticle to Cluster link weight is 9.90e-01
[ DEBUG0 "MyRemoveOverlay"] 	MCParticle at index: 1 with PDG code: 2112 has highest link weight to input cluster
[ DEBUG6 "MyRemoveOverlay"] 		Cluster is not linked to a MCParticle
[ DEBUG7 "MyRemoveOverlay"] 		********** PFO AT INDEX 52 IS NOT OVERLAY **********
[ DEBUG8 "MyRemoveOverlay"] 
[ DEBUG8 "MyRemoveOverlay"] 		-------------------------------------------------------
[ DEBUG8 "MyRemoveOverlay"] 		Processing PFO at index 53
[ DEBUG5 "MyRemoveOverlay"] ------------------ ReconstructedParticle -----------------------------
[ DEBUG5 "MyRemoveOverlay"] Id                                                              0x7706
[ DEBUG5 "MyRemoveOverlay"] Compound                                                             0
[ DEBUG5 "MyRemoveOverlay"] Type                                                              2112
[ DEBUG5 "MyRemoveOverlay"] Momentum (x,y,z)                       -4.70e-01, +4.37e-01, +4.94e-01
[ DEBUG5 "MyRemoveOverlay"] Mass [GeV]                                                    9.40e-01
[ DEBUG5 "MyRemoveOverlay"] Charge [e]                                                    0.00e+00
[ DEBUG5 "MyRemoveOverlay"] Energy [GeV]                                                  8.10e-01
[ DEBUG5 "MyRemoveOverlay"] ReferencePoint                         -1.45e+03, +1.35e+03, +1.52e+03
[ DEBUG5 "MyRemoveOverlay"] ParticleIDUsed                                                       0
[ DEBUG5 "MyRemoveOverlay"] GoodnessOfPID                                                 0.00e+00
[ DEBUG5 "MyRemoveOverlay"] Covariance p,E:  2.31e-01, -2.15e-01, 1.99e-01, -2.43e-01, 2.25e-01, 
[ DEBUG5 "MyRemoveOverlay"]                  2.55e-01, -2.60e-01, 2.41e-01, 2.73e-01, 2.92e-01
[ DEBUG5 "MyRemoveOverlay"] Particles id:    
[ DEBUG5 "MyRemoveOverlay"] Tracks id:    
[ DEBUG5 "MyRemoveOverlay"] Clusters id:  [00007289]
[ DEBUG5 "MyRemoveOverlay"] Particle ids ( [id], PDG, (type)): 
[ DEBUG5 "MyRemoveOverlay"] 
[ DEBUG5 "MyRemoveOverlay"] 
[ DEBUG0 "MyRemoveOverlay"] 	MCParticle at index: 0 has PDG: 211 and MCParticle to Cluster link weight is 1.00e+00
[ DEBUG0 "MyRemoveOverlay"] 	MCParticle at index: 0 with PDG code: 211 has highest link weight to input cluster
[ DEBUG6 "MyRemoveOverlay"] 		Cluster is not linked to a MCParticle
[ DEBUG7 "MyRemoveOverlay"] 		********** PFO AT INDEX 53 IS NOT OVERLAY **********
[ DEBUG8 "MyRemoveOverlay"] 
[ DEBUG8 "MyRemoveOverlay"] 		-------------------------------------------------------
[ DEBUG8 "MyRemoveOverlay"] 		Processing PFO at index 54
[ DEBUG5 "MyRemoveOverlay"] ------------------ ReconstructedParticle -----------------------------
[ DEBUG5 "MyRemoveOverlay"] Id                                                              0x7707
[ DEBUG5 "MyRemoveOverlay"] Compound                                                             0
[ DEBUG5 "MyRemoveOverlay"] Type                                                              2112
[ DEBUG5 "MyRemoveOverlay"] Momentum (x,y,z)                       -3.66e-01, +1.24e-01, -6.97e-01
[ DEBUG5 "MyRemoveOverlay"] Mass [GeV]                                                    9.40e-01
[ DEBUG5 "MyRemoveOverlay"] Charge [e]                                                    0.00e+00
[ DEBUG5 "MyRemoveOverlay"] Energy [GeV]                                                  7.96e-01
[ DEBUG5 "MyRemoveOverlay"] ReferencePoint                         -1.39e+03, +4.68e+02, -2.64e+03
[ DEBUG5 "MyRemoveOverlay"] ParticleIDUsed                                                       0
[ DEBUG5 "MyRemoveOverlay"] GoodnessOfPID                                                 0.00e+00
[ DEBUG5 "MyRemoveOverlay"] Covariance p,E:  1.45e-01, -4.90e-02, 1.66e-02, 2.76e-01, -9.33e-02, 
[ DEBUG5 "MyRemoveOverlay"]                  5.26e-01, -2.04e-01, 6.90e-02, -3.89e-01, 2.87e-01
[ DEBUG5 "MyRemoveOverlay"] Particles id:    
[ DEBUG5 "MyRemoveOverlay"] Tracks id:    
[ DEBUG5 "MyRemoveOverlay"] Clusters id:  [00007290]
[ DEBUG5 "MyRemoveOverlay"] Particle ids ( [id], PDG, (type)): 
[ DEBUG5 "MyRemoveOverlay"] 
[ DEBUG5 "MyRemoveOverlay"] 
[ DEBUG0 "MyRemoveOverlay"] 	MCParticle at index: 0 has PDG: 2112 and MCParticle to Cluster link weight is 1.00e+00
[ DEBUG0 "MyRemoveOverlay"] 	MCParticle at index: 0 with PDG code: 2112 has highest link weight to input cluster
[ DEBUG0 "MyRemoveOverlay"] 	Cluster at index: 0 has highest link weight to MCParticle = 1.00e+00
[ DEBUG0 "MyRemoveOverlay"] 	Cluster linked to MCParticle with highest weight
[ DEBUG6 "MyRemoveOverlay"] 		Found a linked MCParticle to cluster
[ DEBUG5 "MyRemoveOverlay"] ----------------------------- MCParticle -----------------------------
[ DEBUG5 "MyRemoveOverlay"] Id                                                                5995
[ DEBUG5 "MyRemoveOverlay"] PDG                                                               2112
[ DEBUG5 "MyRemoveOverlay"] Energy [GeV]                                                  1.47e+00
[ DEBUG5 "MyRemoveOverlay"] Momentum [GeV] (x,y,z)                  -0.677644, 0.199277, -0.876747
[ DEBUG5 "MyRemoveOverlay"] Momentum at Endpoint[GeV] (x,y,z)                                -0, 0, -0
[ DEBUG5 "MyRemoveOverlay"] GeneratorStatus                                                      0
[ DEBUG5 "MyRemoveOverlay"] Vertex [mm] (x,y,z)                           55.505, 24.2193, -690.33
[ DEBUG5 "MyRemoveOverlay"] Endpoint [mm] (x,y,z)                       -1382.9, 446.414, -2591.21
[ DEBUG5 "MyRemoveOverlay"] Mass [GeV]                                                    9.40e-01
[ DEBUG5 "MyRemoveOverlay"] Charge                                                        0.00e+00
[ DEBUG5 "MyRemoveOverlay"] Parents                                                              1
[ DEBUG5 "MyRemoveOverlay"] Daughters                                                            0
[ DEBUG5 "MyRemoveOverlay"] simulator status bits: [sbvtcls]  s: created in simulation b: backscatter v: vertex is not endpoint of parent t: decayed in tracker c: decayed in calorimeter l: has left detector s: stopped o: overlay
[ DEBUG5 "MyRemoveOverlay"] [s   c s ]
[ DEBUG5 "MyRemoveOverlay"] 
[ DEBUG7 "MyRemoveOverlay"] 		********** PFO AT INDEX 54 IS NOT OVERLAY **********
[ DEBUG8 "MyRemoveOverlay"] 
[ DEBUG8 "MyRemoveOverlay"] 		-------------------------------------------------------
[ DEBUG8 "MyRemoveOverlay"] 		Processing PFO at index 55
[ DEBUG5 "MyRemoveOverlay"] ------------------ ReconstructedParticle -----------------------------
[ DEBUG5 "MyRemoveOverlay"] Id                                                              0x7708
[ DEBUG5 "MyRemoveOverlay"] Compound                                                             0
[ DEBUG5 "MyRemoveOverlay"] Type                                                              2112
[ DEBUG5 "MyRemoveOverlay"] Momentum (x,y,z)                       -4.68e-01, +1.90e+00, -2.38e+00
[ DEBUG5 "MyRemoveOverlay"] Mass [GeV]                                                    9.40e-01
[ DEBUG5 "MyRemoveOverlay"] Charge [e]                                                    0.00e+00
[ DEBUG5 "MyRemoveOverlay"] Energy [GeV]                                                  3.08e+00
[ DEBUG5 "MyRemoveOverlay"] ReferencePoint                         -5.27e+02, +2.13e+03, -2.68e+03
[ DEBUG5 "MyRemoveOverlay"] ParticleIDUsed                                                       0
[ DEBUG5 "MyRemoveOverlay"] GoodnessOfPID                                                 0.00e+00
[ DEBUG5 "MyRemoveOverlay"] Covariance p,E:  2.83e-02, -1.14e-01, 4.63e-01, 1.44e-01, -5.81e-01, 
[ DEBUG5 "MyRemoveOverlay"]                  7.30e-01, -1.78e-01, 7.19e-01, -9.03e-01, 1.12e+00
[ DEBUG5 "MyRemoveOverlay"] Particles id:    
[ DEBUG5 "MyRemoveOverlay"] Tracks id:    
[ DEBUG5 "MyRemoveOverlay"] Clusters id:  [00007291]
[ DEBUG5 "MyRemoveOverlay"] Particle ids ( [id], PDG, (type)): 
[ DEBUG5 "MyRemoveOverlay"] 
[ DEBUG5 "MyRemoveOverlay"] 
[ DEBUG0 "MyRemoveOverlay"] 	MCParticle at index: 0 has PDG: 130 and MCParticle to Cluster link weight is 1.00e+00
[ DEBUG0 "MyRemoveOverlay"] 	MCParticle at index: 0 with PDG code: 130 has highest link weight to input cluster
[ DEBUG0 "MyRemoveOverlay"] 	Cluster at index: 1 has highest link weight to MCParticle = 9.74e-01
[ DEBUG0 "MyRemoveOverlay"] 	Cluster linked to MCParticle with highest weight
[ DEBUG6 "MyRemoveOverlay"] 		Found a linked MCParticle to cluster
[ DEBUG5 "MyRemoveOverlay"] ----------------------------- MCParticle -----------------------------
[ DEBUG5 "MyRemoveOverlay"] Id                                                                5835
[ DEBUG5 "MyRemoveOverlay"] PDG                                                                130
[ DEBUG5 "MyRemoveOverlay"] Energy [GeV]                                                  3.20e+00
[ DEBUG5 "MyRemoveOverlay"] Momentum [GeV] (x,y,z)                     -0.476332, 1.96901, -2.4231
[ DEBUG5 "MyRemoveOverlay"] Momentum at Endpoint[GeV] (x,y,z)                                -0, 0, -0
[ DEBUG5 "MyRemoveOverlay"] GeneratorStatus                                                      1
[ DEBUG5 "MyRemoveOverlay"] Vertex [mm] (x,y,z)             -7.70438e-309, 3.18476e-308, -0.218376
[ DEBUG5 "MyRemoveOverlay"] Endpoint [mm] (x,y,z)                      -498.982, 2062.64, -2538.54
[ DEBUG5 "MyRemoveOverlay"] Mass [GeV]                                                    4.98e-01
[ DEBUG5 "MyRemoveOverlay"] Charge                                                        0.00e+00
[ DEBUG5 "MyRemoveOverlay"] Parents                                                              1
[ DEBUG5 "MyRemoveOverlay"] Daughters                                                            0
[ DEBUG5 "MyRemoveOverlay"] simulator status bits: [sbvtcls]  s: created in simulation b: backscatter v: vertex is not endpoint of parent t: decayed in tracker c: decayed in calorimeter l: has left detector s: stopped o: overlay
[ DEBUG5 "MyRemoveOverlay"] [    c s ]
[ DEBUG5 "MyRemoveOverlay"] 
[ DEBUG7 "MyRemoveOverlay"] 		********** PFO AT INDEX 55 IS NOT OVERLAY **********
[ DEBUG8 "MyRemoveOverlay"] 
[ DEBUG8 "MyRemoveOverlay"] 		-------------------------------------------------------
[ DEBUG8 "MyRemoveOverlay"] 		Processing PFO at index 56
[ DEBUG5 "MyRemoveOverlay"] ------------------ ReconstructedParticle -----------------------------
[ DEBUG5 "MyRemoveOverlay"] Id                                                              0x7709
[ DEBUG5 "MyRemoveOverlay"] Compound                                                             0
[ DEBUG5 "MyRemoveOverlay"] Type                                                              2112
[ DEBUG5 "MyRemoveOverlay"] Momentum (x,y,z)                       -2.24e-01, +2.20e-01, -6.31e-01
[ DEBUG5 "MyRemoveOverlay"] Mass [GeV]                                                    9.40e-01
[ DEBUG5 "MyRemoveOverlay"] Charge [e]                                                    0.00e+00
[ DEBUG5 "MyRemoveOverlay"] Energy [GeV]                                                  7.05e-01
[ DEBUG5 "MyRemoveOverlay"] ReferencePoint                         -1.00e+03, +9.86e+02, -2.82e+03
[ DEBUG5 "MyRemoveOverlay"] ParticleIDUsed                                                       0
[ DEBUG5 "MyRemoveOverlay"] GoodnessOfPID                                                 0.00e+00
[ DEBUG5 "MyRemoveOverlay"] Covariance p,E:  7.13e-02, -7.01e-02, 6.90e-02, 2.01e-01, -1.98e-01, 
[ DEBUG5 "MyRemoveOverlay"]                  5.66e-01, -1.35e-01, 1.32e-01, -3.79e-01, 2.54e-01
[ DEBUG5 "MyRemoveOverlay"] Particles id:    
[ DEBUG5 "MyRemoveOverlay"] Tracks id:    
[ DEBUG5 "MyRemoveOverlay"] Clusters id:  [00007292]
[ DEBUG5 "MyRemoveOverlay"] Particle ids ( [id], PDG, (type)): 
[ DEBUG5 "MyRemoveOverlay"] 
[ DEBUG5 "MyRemoveOverlay"] 
[ DEBUG0 "MyRemoveOverlay"] 	MCParticle at index: 0 has PDG: 2112 and MCParticle to Cluster link weight is 1.00e+00
[ DEBUG0 "MyRemoveOverlay"] 	MCParticle at index: 0 with PDG code: 2112 has highest link weight to input cluster
[ DEBUG6 "MyRemoveOverlay"] 		Cluster is not linked to a MCParticle
[ DEBUG7 "MyRemoveOverlay"] 		********** PFO AT INDEX 56 IS NOT OVERLAY **********
[ DEBUG8 "MyRemoveOverlay"] 
[ DEBUG8 "MyRemoveOverlay"] 		-------------------------------------------------------
[ DEBUG8 "MyRemoveOverlay"] 		Processing PFO at index 57
[ DEBUG5 "MyRemoveOverlay"] ------------------ ReconstructedParticle -----------------------------
[ DEBUG5 "MyRemoveOverlay"] Id                                                              0x7710
[ DEBUG5 "MyRemoveOverlay"] Compound                                                             0
[ DEBUG5 "MyRemoveOverlay"] Type                                                              2112
[ DEBUG5 "MyRemoveOverlay"] Momentum (x,y,z)                       -4.60e-01, +3.30e-01, -1.15e+00
[ DEBUG5 "MyRemoveOverlay"] Mass [GeV]                                                    9.40e-01
[ DEBUG5 "MyRemoveOverlay"] Charge [e]                                                    0.00e+00
[ DEBUG5 "MyRemoveOverlay"] Energy [GeV]                                                  1.28e+00
[ DEBUG5 "MyRemoveOverlay"] ReferencePoint                         -1.15e+03, +8.27e+02, -2.88e+03
[ DEBUG5 "MyRemoveOverlay"] ParticleIDUsed                                                       0
[ DEBUG5 "MyRemoveOverlay"] GoodnessOfPID                                                 0.00e+00
[ DEBUG5 "MyRemoveOverlay"] Covariance p,E:  9.22e-02, -6.59e-02, 4.73e-02, 2.29e-01, -1.64e-01, 
[ DEBUG5 "MyRemoveOverlay"]                  5.72e-01, -2.06e-01, 1.48e-01, -5.14e-01, 4.62e-01
[ DEBUG5 "MyRemoveOverlay"] Particles id:    
[ DEBUG5 "MyRemoveOverlay"] Tracks id:    
[ DEBUG5 "MyRemoveOverlay"] Clusters id:  [00007293]
[ DEBUG5 "MyRemoveOverlay"] Particle ids ( [id], PDG, (type)): 
[ DEBUG5 "MyRemoveOverlay"] 
[ DEBUG5 "MyRemoveOverlay"] 
[ DEBUG6 "MyRemoveOverlay"] 		Cluster is not linked to a MCParticle
[ DEBUG7 "MyRemoveOverlay"] 		********** PFO AT INDEX 57 IS NOT OVERLAY **********
[ DEBUG8 "MyRemoveOverlay"] 
[ DEBUG8 "MyRemoveOverlay"] 		-------------------------------------------------------
[ DEBUG8 "MyRemoveOverlay"] 		Processing PFO at index 58
[ DEBUG5 "MyRemoveOverlay"] ------------------ ReconstructedParticle -----------------------------
[ DEBUG5 "MyRemoveOverlay"] Id                                                              0x7711
[ DEBUG5 "MyRemoveOverlay"] Compound                                                             0
[ DEBUG5 "MyRemoveOverlay"] Type                                                              2112
[ DEBUG5 "MyRemoveOverlay"] Momentum (x,y,z)                       +1.44e+00, -1.87e+00, +2.79e+00
[ DEBUG5 "MyRemoveOverlay"] Mass [GeV]                                                    9.40e-01
[ DEBUG5 "MyRemoveOverlay"] Charge [e]                                                    0.00e+00
[ DEBUG5 "MyRemoveOverlay"] Energy [GeV]                                                  3.66e+00
[ DEBUG5 "MyRemoveOverlay"] ReferencePoint                         +1.53e+03, -2.00e+03, +2.98e+03
[ DEBUG5 "MyRemoveOverlay"] ParticleIDUsed                                                       0
[ DEBUG5 "MyRemoveOverlay"] GoodnessOfPID                                                 0.00e+00
[ DEBUG5 "MyRemoveOverlay"] Covariance p,E:  2.18e-01, -2.85e-01, 3.71e-01, 4.25e-01, -5.54e-01, 
[ DEBUG5 "MyRemoveOverlay"]                  8.26e-01, 5.38e-01, -7.02e-01, 1.05e+00, 1.33e+00
[ DEBUG5 "MyRemoveOverlay"] Particles id:    
[ DEBUG5 "MyRemoveOverlay"] Tracks id:    
[ DEBUG5 "MyRemoveOverlay"] Clusters id:  [00007294]
[ DEBUG5 "MyRemoveOverlay"] Particle ids ( [id], PDG, (type)): 
[ DEBUG5 "MyRemoveOverlay"] 
[ DEBUG5 "MyRemoveOverlay"] 
[ DEBUG0 "MyRemoveOverlay"] 	MCParticle at index: 0 has PDG: -211 and MCParticle to Cluster link weight is 1.00e+00
[ DEBUG0 "MyRemoveOverlay"] 	MCParticle at index: 0 with PDG code: -211 has highest link weight to input cluster
[ DEBUG6 "MyRemoveOverlay"] 		Cluster is not linked to a MCParticle
[ DEBUG7 "MyRemoveOverlay"] 		********** PFO AT INDEX 58 IS NOT OVERLAY **********
[ DEBUG8 "MyRemoveOverlay"] 
[ DEBUG8 "MyRemoveOverlay"] 		-------------------------------------------------------
[ DEBUG8 "MyRemoveOverlay"] 		Processing PFO at index 59
[ DEBUG5 "MyRemoveOverlay"] ------------------ ReconstructedParticle -----------------------------
[ DEBUG5 "MyRemoveOverlay"] Id                                                              0x7712
[ DEBUG5 "MyRemoveOverlay"] Compound                                                             0
[ DEBUG5 "MyRemoveOverlay"] Type                                                                22
[ DEBUG5 "MyRemoveOverlay"] Momentum (x,y,z)                       +1.29e-01, +3.59e-02, +4.56e-01
[ DEBUG5 "MyRemoveOverlay"] Mass [GeV]                                                    0.00e+00
[ DEBUG5 "MyRemoveOverlay"] Charge [e]                                                    0.00e+00
[ DEBUG5 "MyRemoveOverlay"] Energy [GeV]                                                  4.76e-01
[ DEBUG5 "MyRemoveOverlay"] ReferencePoint                         +6.93e+02, +1.93e+02, +2.45e+03
[ DEBUG5 "MyRemoveOverlay"] ParticleIDUsed                                                       0
[ DEBUG5 "MyRemoveOverlay"] GoodnessOfPID                                                 0.00e+00
[ DEBUG5 "MyRemoveOverlay"] Covariance p,E:  9.97e-04, 2.78e-04, 7.83e-05, 3.53e-03, 9.82e-04, 
[ DEBUG5 "MyRemoveOverlay"]                  1.25e-02, 3.67e-03, 1.02e-03, 1.30e-02, 1.35e-02
[ DEBUG5 "MyRemoveOverlay"] Particles id:    
[ DEBUG5 "MyRemoveOverlay"] Tracks id:    
[ DEBUG5 "MyRemoveOverlay"] Clusters id:  [00007295]
[ DEBUG5 "MyRemoveOverlay"] Particle ids ( [id], PDG, (type)): 
[ DEBUG5 "MyRemoveOverlay"]                  [00007713], 000000, (000000) 
[ DEBUG5 "MyRemoveOverlay"]                  [00007714], 000000, (000000) 
[ DEBUG5 "MyRemoveOverlay"]                  [00007715], 000000, (000000) 
[ DEBUG5 "MyRemoveOverlay"]                  [00007716], 000000, (000000) 
[ DEBUG5 "MyRemoveOverlay"] 
[ DEBUG5 "MyRemoveOverlay"] 
[ DEBUG0 "MyRemoveOverlay"] 	MCParticle at index: 0 has PDG: 11 and MCParticle to Cluster link weight is 9.43e-01
[ DEBUG0 "MyRemoveOverlay"] 	MCParticle at index: 0 with PDG code: 11 has highest link weight to input cluster
[ DEBUG0 "MyRemoveOverlay"] 	Cluster at index: 0 has highest link weight to MCParticle = 1.00e+00
[ DEBUG0 "MyRemoveOverlay"] 	Cluster linked to MCParticle with highest weight
[ DEBUG6 "MyRemoveOverlay"] 		Found a linked MCParticle to cluster
[ DEBUG5 "MyRemoveOverlay"] ----------------------------- MCParticle -----------------------------
[ DEBUG5 "MyRemoveOverlay"] Id                                                                5949
[ DEBUG5 "MyRemoveOverlay"] PDG                                                                 11
[ DEBUG5 "MyRemoveOverlay"] Energy [GeV]                                                  4.22e-01
[ DEBUG5 "MyRemoveOverlay"] Momentum [GeV] (x,y,z)                   0.109812, 0.0563612, 0.403384
[ DEBUG5 "MyRemoveOverlay"] Momentum at Endpoint[GeV] (x,y,z)                                 0, 0, -0
[ DEBUG5 "MyRemoveOverlay"] GeneratorStatus                                                      0
[ DEBUG5 "MyRemoveOverlay"] Vertex [mm] (x,y,z)                           659.756, 159.46, 2290.49
[ DEBUG5 "MyRemoveOverlay"] Endpoint [mm] (x,y,z)                         688.619, 186.634, 2438.1
[ DEBUG5 "MyRemoveOverlay"] Mass [GeV]                                                    5.11e-04
[ DEBUG5 "MyRemoveOverlay"] Charge                                                       -1.00e+00
[ DEBUG5 "MyRemoveOverlay"] Parents                                                              1
[ DEBUG5 "MyRemoveOverlay"] Daughters                                                            0
[ DEBUG5 "MyRemoveOverlay"] simulator status bits: [sbvtcls]  s: created in simulation b: backscatter v: vertex is not endpoint of parent t: decayed in tracker c: decayed in calorimeter l: has left detector s: stopped o: overlay
[ DEBUG5 "MyRemoveOverlay"] [s   c s ]
[ DEBUG5 "MyRemoveOverlay"] 
[ DEBUG7 "MyRemoveOverlay"] 		********** PFO AT INDEX 59 IS NOT OVERLAY **********
[ DEBUG8 "MyRemoveOverlay"] 
[ DEBUG8 "MyRemoveOverlay"] 		-------------------------------------------------------
[ DEBUG8 "MyRemoveOverlay"] 		Processing PFO at index 60
[ DEBUG5 "MyRemoveOverlay"] ------------------ ReconstructedParticle -----------------------------
[ DEBUG5 "MyRemoveOverlay"] Id                                                              0x7717
[ DEBUG5 "MyRemoveOverlay"] Compound                                                             0
[ DEBUG5 "MyRemoveOverlay"] Type                                                                22
[ DEBUG5 "MyRemoveOverlay"] Momentum (x,y,z)                       +2.90e-01, -4.46e-01, +6.09e-01
[ DEBUG5 "MyRemoveOverlay"] Mass [GeV]                                                    0.00e+00
[ DEBUG5 "MyRemoveOverlay"] Charge [e]                                                    0.00e+00
[ DEBUG5 "MyRemoveOverlay"] Energy [GeV]                                                  8.09e-01
[ DEBUG5 "MyRemoveOverlay"] ReferencePoint                         +1.02e+03, -1.58e+03, +2.15e+03
[ DEBUG5 "MyRemoveOverlay"] ParticleIDUsed                                                       0
[ DEBUG5 "MyRemoveOverlay"] GoodnessOfPID                                                 0.00e+00
[ DEBUG5 "MyRemoveOverlay"] Covariance p,E:  2.96e-03, -4.56e-03, 7.02e-03, 6.22e-03, -9.57e-03, 
[ DEBUG5 "MyRemoveOverlay"]                  1.31e-02, 8.26e-03, -1.27e-02, 1.74e-02, 2.30e-02
[ DEBUG5 "MyRemoveOverlay"] Particles id:    
[ DEBUG5 "MyRemoveOverlay"] Tracks id:    
[ DEBUG5 "MyRemoveOverlay"] Clusters id:  [00007296]
[ DEBUG5 "MyRemoveOverlay"] Particle ids ( [id], PDG, (type)): 
[ DEBUG5 "MyRemoveOverlay"]                  [00007718], 000000, (000000) 
[ DEBUG5 "MyRemoveOverlay"]                  [00007719], 000000, (000000) 
[ DEBUG5 "MyRemoveOverlay"]                  [00007720], 000000, (000000) 
[ DEBUG5 "MyRemoveOverlay"]                  [00007721], 000000, (000000) 
[ DEBUG5 "MyRemoveOverlay"] 
[ DEBUG5 "MyRemoveOverlay"] 
[ DEBUG0 "MyRemoveOverlay"] 	MCParticle at index: 0 has PDG: 22 and MCParticle to Cluster link weight is 1.00e+00
[ DEBUG0 "MyRemoveOverlay"] 	MCParticle at index: 0 with PDG code: 22 has highest link weight to input cluster
[ DEBUG0 "MyRemoveOverlay"] 	Cluster at index: 0 has highest link weight to MCParticle = 9.91e-01
[ DEBUG0 "MyRemoveOverlay"] 	Cluster linked to MCParticle with highest weight
[ DEBUG6 "MyRemoveOverlay"] 		Found a linked MCParticle to cluster
[ DEBUG5 "MyRemoveOverlay"] ----------------------------- MCParticle -----------------------------
[ DEBUG5 "MyRemoveOverlay"] Id                                                                5911
[ DEBUG5 "MyRemoveOverlay"] PDG                                                                 22
[ DEBUG5 "MyRemoveOverlay"] Energy [GeV]                                                  1.16e+00
[ DEBUG5 "MyRemoveOverlay"] Momentum [GeV] (x,y,z)                   0.406532, -0.638906, 0.875504
[ DEBUG5 "MyRemoveOverlay"] Momentum at Endpoint[GeV] (x,y,z)                                 0, -0, 0
[ DEBUG5 "MyRemoveOverlay"] GeneratorStatus                                                      0
[ DEBUG5 "MyRemoveOverlay"] Vertex [mm] (x,y,z)                         499.093, -753.088, 1017.24
[ DEBUG5 "MyRemoveOverlay"] Endpoint [mm] (x,y,z)                       1009.68, -1555.53, 2116.84
[ DEBUG5 "MyRemoveOverlay"] Mass [GeV]                                                    0.00e+00
[ DEBUG5 "MyRemoveOverlay"] Charge                                                        0.00e+00
[ DEBUG5 "MyRemoveOverlay"] Parents                                                              1
[ DEBUG5 "MyRemoveOverlay"] Daughters                                                            0
[ DEBUG5 "MyRemoveOverlay"] simulator status bits: [sbvtcls]  s: created in simulation b: backscatter v: vertex is not endpoint of parent t: decayed in tracker c: decayed in calorimeter l: has left detector s: stopped o: overlay
[ DEBUG5 "MyRemoveOverlay"] [s   c s ]
[ DEBUG5 "MyRemoveOverlay"] 
[ DEBUG7 "MyRemoveOverlay"] 		********** PFO AT INDEX 60 IS NOT OVERLAY **********
[ DEBUG8 "MyRemoveOverlay"] 
[ DEBUG8 "MyRemoveOverlay"] 		-------------------------------------------------------
[ DEBUG8 "MyRemoveOverlay"] 		Processing PFO at index 61
[ DEBUG5 "MyRemoveOverlay"] ------------------ ReconstructedParticle -----------------------------
[ DEBUG5 "MyRemoveOverlay"] Id                                                              0x7722
[ DEBUG5 "MyRemoveOverlay"] Compound                                                             0
[ DEBUG5 "MyRemoveOverlay"] Type                                                                22
[ DEBUG5 "MyRemoveOverlay"] Momentum (x,y,z)                       +3.04e-01, -9.33e-01, +1.13e+00
[ DEBUG5 "MyRemoveOverlay"] Mass [GeV]                                                    0.00e+00
[ DEBUG5 "MyRemoveOverlay"] Charge [e]                                                    0.00e+00
[ DEBUG5 "MyRemoveOverlay"] Energy [GeV]                                                  1.50e+00
[ DEBUG5 "MyRemoveOverlay"] ReferencePoint                         +6.38e+02, -1.96e+03, +2.38e+03
[ DEBUG5 "MyRemoveOverlay"] ParticleIDUsed                                                       0
[ DEBUG5 "MyRemoveOverlay"] GoodnessOfPID                                                 0.00e+00
[ DEBUG5 "MyRemoveOverlay"] Covariance p,E:  1.79e-03, -5.36e-03, 1.67e-02, 6.59e-03, -2.01e-02, 
[ DEBUG5 "MyRemoveOverlay"]                  2.46e-02, 8.69e-03, -2.66e-02, 3.24e-02, 4.28e-02
[ DEBUG5 "MyRemoveOverlay"] Particles id:    
[ DEBUG5 "MyRemoveOverlay"] Tracks id:    
[ DEBUG5 "MyRemoveOverlay"] Clusters id:  [00007297]
[ DEBUG5 "MyRemoveOverlay"] Particle ids ( [id], PDG, (type)): 
[ DEBUG5 "MyRemoveOverlay"]                  [00007723], 000000, (000000) 
[ DEBUG5 "MyRemoveOverlay"]                  [00007724], 000000, (000000) 
[ DEBUG5 "MyRemoveOverlay"]                  [00007725], 000000, (000000) 
[ DEBUG5 "MyRemoveOverlay"]                  [00007726], 000000, (000000) 
[ DEBUG5 "MyRemoveOverlay"] 
[ DEBUG5 "MyRemoveOverlay"] 
[ DEBUG6 "MyRemoveOverlay"] 		Cluster is not linked to a MCParticle
[ DEBUG7 "MyRemoveOverlay"] 		********** PFO AT INDEX 61 IS NOT OVERLAY **********
[ DEBUG8 "MyRemoveOverlay"] 
[ DEBUG8 "MyRemoveOverlay"] 		-------------------------------------------------------
[ DEBUG8 "MyRemoveOverlay"] 		Processing PFO at index 62
[ DEBUG5 "MyRemoveOverlay"] ------------------ ReconstructedParticle -----------------------------
[ DEBUG5 "MyRemoveOverlay"] Id                                                              0x7727
[ DEBUG5 "MyRemoveOverlay"] Compound                                                             0
[ DEBUG5 "MyRemoveOverlay"] Type                                                                22
[ DEBUG5 "MyRemoveOverlay"] Momentum (x,y,z)                       -2.52e-01, +3.37e-01, -6.75e-01
[ DEBUG5 "MyRemoveOverlay"] Mass [GeV]                                                    0.00e+00
[ DEBUG5 "MyRemoveOverlay"] Charge [e]                                                    0.00e+00
[ DEBUG5 "MyRemoveOverlay"] Energy [GeV]                                                  7.96e-01
[ DEBUG5 "MyRemoveOverlay"] ReferencePoint                         -9.17e+02, +1.23e+03, -2.46e+03
[ DEBUG5 "MyRemoveOverlay"] ParticleIDUsed                                                       0
[ DEBUG5 "MyRemoveOverlay"] GoodnessOfPID                                                 0.00e+00
[ DEBUG5 "MyRemoveOverlay"] Covariance p,E:  2.29e-03, -3.06e-03, 4.10e-03, 6.12e-03, -8.19e-03, 
[ DEBUG5 "MyRemoveOverlay"]                  1.64e-02, -7.22e-03, 9.65e-03, -1.93e-02, 2.28e-02
[ DEBUG5 "MyRemoveOverlay"] Particles id:    
[ DEBUG5 "MyRemoveOverlay"] Tracks id:    
[ DEBUG5 "MyRemoveOverlay"] Clusters id:  [00007298]
[ DEBUG5 "MyRemoveOverlay"] Particle ids ( [id], PDG, (type)): 
[ DEBUG5 "MyRemoveOverlay"]                  [00007728], 000000, (000000) 
[ DEBUG5 "MyRemoveOverlay"]                  [00007729], 000000, (000000) 
[ DEBUG5 "MyRemoveOverlay"]                  [00007730], 000000, (000000) 
[ DEBUG5 "MyRemoveOverlay"]                  [00007731], 000000, (000000) 
[ DEBUG5 "MyRemoveOverlay"] 
[ DEBUG5 "MyRemoveOverlay"] 
[ DEBUG6 "MyRemoveOverlay"] 		Cluster is not linked to a MCParticle
[ DEBUG7 "MyRemoveOverlay"] 		********** PFO AT INDEX 62 IS NOT OVERLAY **********
[ DEBUG8 "MyRemoveOverlay"] 
[ DEBUG8 "MyRemoveOverlay"] 		-------------------------------------------------------
[ DEBUG8 "MyRemoveOverlay"] 		Processing PFO at index 63
[ DEBUG5 "MyRemoveOverlay"] ------------------ ReconstructedParticle -----------------------------
[ DEBUG5 "MyRemoveOverlay"] Id                                                              0x7732
[ DEBUG5 "MyRemoveOverlay"] Compound                                                             0
[ DEBUG5 "MyRemoveOverlay"] Type                                                                22
[ DEBUG5 "MyRemoveOverlay"] Momentum (x,y,z)                       -2.78e-01, +1.45e-01, -1.54e+00
[ DEBUG5 "MyRemoveOverlay"] Mass [GeV]                                                    0.00e+00
[ DEBUG5 "MyRemoveOverlay"] Charge [e]                                                    0.00e+00
[ DEBUG5 "MyRemoveOverlay"] Energy [GeV]                                                  1.57e+00
[ DEBUG5 "MyRemoveOverlay"] ReferencePoint                         -4.46e+02, +2.33e+02, -2.47e+03
[ DEBUG5 "MyRemoveOverlay"] ParticleIDUsed                                                       0
[ DEBUG5 "MyRemoveOverlay"] GoodnessOfPID                                                 0.00e+00
[ DEBUG5 "MyRemoveOverlay"] Covariance p,E:  1.42e-03, -7.40e-04, 3.87e-04, 7.85e-03, -4.10e-03, 
[ DEBUG5 "MyRemoveOverlay"]                  4.35e-02, -8.01e-03, 4.19e-03, -4.44e-02, 4.53e-02
[ DEBUG5 "MyRemoveOverlay"] Particles id:    
[ DEBUG5 "MyRemoveOverlay"] Tracks id:    
[ DEBUG5 "MyRemoveOverlay"] Clusters id:  [00007299]
[ DEBUG5 "MyRemoveOverlay"] Particle ids ( [id], PDG, (type)): 
[ DEBUG5 "MyRemoveOverlay"]                  [00007733], 000000, (000000) 
[ DEBUG5 "MyRemoveOverlay"]                  [00007734], 000000, (000000) 
[ DEBUG5 "MyRemoveOverlay"]                  [00007735], 000000, (000000) 
[ DEBUG5 "MyRemoveOverlay"]                  [00007736], 000000, (000000) 
[ DEBUG5 "MyRemoveOverlay"] 
[ DEBUG5 "MyRemoveOverlay"] 
[ DEBUG0 "MyRemoveOverlay"] 	MCParticle at index: 0 has PDG: 22 and MCParticle to Cluster link weight is 9.74e-01
[ DEBUG0 "MyRemoveOverlay"] 	MCParticle at index: 0 with PDG code: 22 has highest link weight to input cluster
[ DEBUG0 "MyRemoveOverlay"] 	Cluster at index: 0 has highest link weight to MCParticle = 1.00e+00
[ DEBUG0 "MyRemoveOverlay"] 	Cluster linked to MCParticle with highest weight
[ DEBUG6 "MyRemoveOverlay"] 		Found a linked MCParticle to cluster
[ DEBUG5 "MyRemoveOverlay"] ----------------------------- MCParticle -----------------------------
[ DEBUG5 "MyRemoveOverlay"] Id                                                                5876
[ DEBUG5 "MyRemoveOverlay"] PDG                                                                 22
[ DEBUG5 "MyRemoveOverlay"] Energy [GeV]                                                  1.79e+00
[ DEBUG5 "MyRemoveOverlay"] Momentum [GeV] (x,y,z)                   -0.316565, 0.165204, -1.75443
[ DEBUG5 "MyRemoveOverlay"] Momentum at Endpoint[GeV] (x,y,z)                                -0, 0, -0
[ DEBUG5 "MyRemoveOverlay"] GeneratorStatus                                                      1
[ DEBUG5 "MyRemoveOverlay"] Vertex [mm] (x,y,z)                      -0.131908, 0.380904, -11.2436
[ DEBUG5 "MyRemoveOverlay"] Endpoint [mm] (x,y,z)                       -435.837, 227.76, -2425.96
[ DEBUG5 "MyRemoveOverlay"] Mass [GeV]                                                   -2.11e-08
[ DEBUG5 "MyRemoveOverlay"] Charge                                                        0.00e+00
[ DEBUG5 "MyRemoveOverlay"] Parents                                                              1
[ DEBUG5 "MyRemoveOverlay"] Daughters                                                            0
[ DEBUG5 "MyRemoveOverlay"] simulator status bits: [sbvtcls]  s: created in simulation b: backscatter v: vertex is not endpoint of parent t: decayed in tracker c: decayed in calorimeter l: has left detector s: stopped o: overlay
[ DEBUG5 "MyRemoveOverlay"] [    c s ]
[ DEBUG5 "MyRemoveOverlay"] 
[ DEBUG7 "MyRemoveOverlay"] 		********** PFO AT INDEX 63 IS NOT OVERLAY **********
[ DEBUG8 "MyRemoveOverlay"] 
[ DEBUG8 "MyRemoveOverlay"] 		-------------------------------------------------------
[ DEBUG8 "MyRemoveOverlay"] 		Processing PFO at index 64
[ DEBUG5 "MyRemoveOverlay"] ------------------ ReconstructedParticle -----------------------------
[ DEBUG5 "MyRemoveOverlay"] Id                                                              0x7737
[ DEBUG5 "MyRemoveOverlay"] Compound                                                             0
[ DEBUG5 "MyRemoveOverlay"] Type                                                                22
[ DEBUG5 "MyRemoveOverlay"] Momentum (x,y,z)                       +1.69e-01, -2.91e-01, +2.62e-01
[ DEBUG5 "MyRemoveOverlay"] Mass [GeV]                                                    0.00e+00
[ DEBUG5 "MyRemoveOverlay"] Charge [e]                                                    0.00e+00
[ DEBUG5 "MyRemoveOverlay"] Energy [GeV]                                                  4.26e-01
[ DEBUG5 "MyRemoveOverlay"] ReferencePoint                         +9.57e+02, -1.65e+03, +1.49e+03
[ DEBUG5 "MyRemoveOverlay"] ParticleIDUsed                                                       0
[ DEBUG5 "MyRemoveOverlay"] GoodnessOfPID                                                 0.00e+00
[ DEBUG5 "MyRemoveOverlay"] Covariance p,E:  1.89e-03, -3.25e-03, 5.60e-03, 2.94e-03, -5.05e-03, 
[ DEBUG5 "MyRemoveOverlay"]                  4.56e-03, 4.77e-03, -8.22e-03, 7.41e-03, 1.21e-02
[ DEBUG5 "MyRemoveOverlay"] Particles id:    
[ DEBUG5 "MyRemoveOverlay"] Tracks id:    
[ DEBUG5 "MyRemoveOverlay"] Clusters id:  [00007300]
[ DEBUG5 "MyRemoveOverlay"] Particle ids ( [id], PDG, (type)): 
[ DEBUG5 "MyRemoveOverlay"]                  [00007738], 000000, (000000) 
[ DEBUG5 "MyRemoveOverlay"]                  [00007739], 000000, (000000) 
[ DEBUG5 "MyRemoveOverlay"]                  [00007740], 000000, (000000) 
[ DEBUG5 "MyRemoveOverlay"]                  [00007741], 000000, (000000) 
[ DEBUG5 "MyRemoveOverlay"] 
[ DEBUG5 "MyRemoveOverlay"] 
[ DEBUG6 "MyRemoveOverlay"] 		Cluster is not linked to a MCParticle
[ DEBUG7 "MyRemoveOverlay"] 		********** PFO AT INDEX 64 IS NOT OVERLAY **********
[ DEBUG8 "MyRemoveOverlay"] 
[ DEBUG8 "MyRemoveOverlay"] 		-------------------------------------------------------
[ DEBUG8 "MyRemoveOverlay"] 		Processing PFO at index 65
[ DEBUG5 "MyRemoveOverlay"] ------------------ ReconstructedParticle -----------------------------
[ DEBUG5 "MyRemoveOverlay"] Id                                                              0x7742
[ DEBUG5 "MyRemoveOverlay"] Compound                                                             0
[ DEBUG5 "MyRemoveOverlay"] Type                                                                22
[ DEBUG5 "MyRemoveOverlay"] Momentum (x,y,z)                       +1.36e+00, -1.78e+00, +2.47e+00
[ DEBUG5 "MyRemoveOverlay"] Mass [GeV]                                                    0.00e+00
[ DEBUG5 "MyRemoveOverlay"] Charge [e]                                                    0.00e+00
[ DEBUG5 "MyRemoveOverlay"] Energy [GeV]                                                  3.34e+00
[ DEBUG5 "MyRemoveOverlay"] ReferencePoint                         +1.14e+03, -1.48e+03, +2.06e+03
[ DEBUG5 "MyRemoveOverlay"] ParticleIDUsed                                                       0
[ DEBUG5 "MyRemoveOverlay"] GoodnessOfPID                                                 0.00e+00
[ DEBUG5 "MyRemoveOverlay"] Covariance p,E:  1.61e-02, -2.11e-02, 2.75e-02, 2.93e-02, -3.83e-02, 
[ DEBUG5 "MyRemoveOverlay"]                  5.33e-02, 3.96e-02, -5.17e-02, 7.19e-02, 9.70e-02
[ DEBUG5 "MyRemoveOverlay"] Particles id:    
[ DEBUG5 "MyRemoveOverlay"] Tracks id:    
[ DEBUG5 "MyRemoveOverlay"] Clusters id:  [00007301]
[ DEBUG5 "MyRemoveOverlay"] Particle ids ( [id], PDG, (type)): 
[ DEBUG5 "MyRemoveOverlay"]                  [00007743], 000000, (000000) 
[ DEBUG5 "MyRemoveOverlay"]                  [00007744], 000000, (000000) 
[ DEBUG5 "MyRemoveOverlay"]                  [00007745], 000000, (000000) 
[ DEBUG5 "MyRemoveOverlay"]                  [00007746], 000000, (000000) 
[ DEBUG5 "MyRemoveOverlay"] 
[ DEBUG5 "MyRemoveOverlay"] 
[ DEBUG0 "MyRemoveOverlay"] 	MCParticle at index: 0 has PDG: 22 and MCParticle to Cluster link weight is 9.81e-01
[ DEBUG0 "MyRemoveOverlay"] 	MCParticle at index: 0 with PDG code: 22 has highest link weight to input cluster
[ DEBUG0 "MyRemoveOverlay"] 	Cluster at index: 1 has highest link weight to MCParticle = 9.68e-01
[ DEBUG0 "MyRemoveOverlay"] 	Cluster linked to MCParticle with highest weight
[ DEBUG6 "MyRemoveOverlay"] 		Found a linked MCParticle to cluster
[ DEBUG5 "MyRemoveOverlay"] ----------------------------- MCParticle -----------------------------
[ DEBUG5 "MyRemoveOverlay"] Id                                                                5935
[ DEBUG5 "MyRemoveOverlay"] PDG                                                                 22
[ DEBUG5 "MyRemoveOverlay"] Energy [GeV]                                                  3.46e+00
[ DEBUG5 "MyRemoveOverlay"] Momentum [GeV] (x,y,z)                      1.42817, -1.83271, 2.56596
[ DEBUG5 "MyRemoveOverlay"] Momentum at Endpoint[GeV] (x,y,z)                                 0, -0, 0
[ DEBUG5 "MyRemoveOverlay"] GeneratorStatus                                                      0
[ DEBUG5 "MyRemoveOverlay"] Vertex [mm] (x,y,z)                         87.1802, -134.928, 180.304
[ DEBUG5 "MyRemoveOverlay"] Endpoint [mm] (x,y,z)                       1109.06, -1446.25, 2016.28
[ DEBUG5 "MyRemoveOverlay"] Mass [GeV]                                                    0.00e+00
[ DEBUG5 "MyRemoveOverlay"] Charge                                                        0.00e+00
[ DEBUG5 "MyRemoveOverlay"] Parents                                                              1
[ DEBUG5 "MyRemoveOverlay"] Daughters                                                            0
[ DEBUG5 "MyRemoveOverlay"] simulator status bits: [sbvtcls]  s: created in simulation b: backscatter v: vertex is not endpoint of parent t: decayed in tracker c: decayed in calorimeter l: has left detector s: stopped o: overlay
[ DEBUG5 "MyRemoveOverlay"] [s   c s ]
[ DEBUG5 "MyRemoveOverlay"] 
[ DEBUG7 "MyRemoveOverlay"] 		********** PFO AT INDEX 65 IS NOT OVERLAY **********
[ DEBUG8 "MyRemoveOverlay"] 
[ DEBUG8 "MyRemoveOverlay"] 		-------------------------------------------------------
[ DEBUG8 "MyRemoveOverlay"] 		Processing PFO at index 66
[ DEBUG5 "MyRemoveOverlay"] ------------------ ReconstructedParticle -----------------------------
[ DEBUG5 "MyRemoveOverlay"] Id                                                              0x7747
[ DEBUG5 "MyRemoveOverlay"] Compound                                                             0
[ DEBUG5 "MyRemoveOverlay"] Type                                                                22
[ DEBUG5 "MyRemoveOverlay"] Momentum (x,y,z)                       -1.84e-01, +3.92e-02, -1.29e+00
[ DEBUG5 "MyRemoveOverlay"] Mass [GeV]                                                    0.00e+00
[ DEBUG5 "MyRemoveOverlay"] Charge [e]                                                    0.00e+00
[ DEBUG5 "MyRemoveOverlay"] Energy [GeV]                                                  1.30e+00
[ DEBUG5 "MyRemoveOverlay"] ReferencePoint                         -3.52e+02, +7.49e+01, -2.46e+03
[ DEBUG5 "MyRemoveOverlay"] ParticleIDUsed                                                       0
[ DEBUG5 "MyRemoveOverlay"] GoodnessOfPID                                                 0.00e+00
[ DEBUG5 "MyRemoveOverlay"] Covariance p,E:  7.53e-04, -1.60e-04, 3.42e-05, 5.25e-03, -1.12e-03, 
[ DEBUG5 "MyRemoveOverlay"]                  3.66e-02, -5.30e-03, 1.13e-03, -3.70e-02, 3.74e-02
[ DEBUG5 "MyRemoveOverlay"] Particles id:    
[ DEBUG5 "MyRemoveOverlay"] Tracks id:    
[ DEBUG5 "MyRemoveOverlay"] Clusters id:  [00007302]
[ DEBUG5 "MyRemoveOverlay"] Particle ids ( [id], PDG, (type)): 
[ DEBUG5 "MyRemoveOverlay"]                  [00007748], 000000, (000000) 
[ DEBUG5 "MyRemoveOverlay"]                  [00007749], 000000, (000000) 
[ DEBUG5 "MyRemoveOverlay"]                  [00007750], 000000, (000000) 
[ DEBUG5 "MyRemoveOverlay"]                  [00007751], 000000, (000000) 
[ DEBUG5 "MyRemoveOverlay"] 
[ DEBUG5 "MyRemoveOverlay"] 
[ DEBUG0 "MyRemoveOverlay"] 	MCParticle at index: 0 has PDG: 22 and MCParticle to Cluster link weight is 1.00e+00
[ DEBUG0 "MyRemoveOverlay"] 	MCParticle at index: 0 with PDG code: 22 has highest link weight to input cluster
[ DEBUG6 "MyRemoveOverlay"] 		Cluster is not linked to a MCParticle
[ DEBUG7 "MyRemoveOverlay"] 		********** PFO AT INDEX 66 IS NOT OVERLAY **********
[ DEBUG8 "MyRemoveOverlay"] 
[ DEBUG8 "MyRemoveOverlay"] 		-------------------------------------------------------
[ DEBUG8 "MyRemoveOverlay"] 		Processing PFO at index 67
[ DEBUG5 "MyRemoveOverlay"] ------------------ ReconstructedParticle -----------------------------
[ DEBUG5 "MyRemoveOverlay"] Id                                                              0x7752
[ DEBUG5 "MyRemoveOverlay"] Compound                                                             0
[ DEBUG5 "MyRemoveOverlay"] Type                                                                22
[ DEBUG5 "MyRemoveOverlay"] Momentum (x,y,z)                       -9.40e-02, +1.67e-02, -6.68e-01
[ DEBUG5 "MyRemoveOverlay"] Mass [GeV]                                                    0.00e+00
[ DEBUG5 "MyRemoveOverlay"] Charge [e]                                                    0.00e+00
[ DEBUG5 "MyRemoveOverlay"] Energy [GeV]                                                  6.75e-01
[ DEBUG5 "MyRemoveOverlay"] ReferencePoint                         -3.56e+02, +6.33e+01, -2.53e+03
[ DEBUG5 "MyRemoveOverlay"] ParticleIDUsed                                                       0
[ DEBUG5 "MyRemoveOverlay"] GoodnessOfPID                                                 0.00e+00
[ DEBUG5 "MyRemoveOverlay"] Covariance p,E:  3.75e-04, -6.66e-05, 1.27e-05, 2.66e-03, -4.73e-04, 
[ DEBUG5 "MyRemoveOverlay"]                  1.89e-02, -2.69e-03, 4.78e-04, -1.91e-02, 1.93e-02
[ DEBUG5 "MyRemoveOverlay"] Particles id:    
[ DEBUG5 "MyRemoveOverlay"] Tracks id:    
[ DEBUG5 "MyRemoveOverlay"] Clusters id:  [00007303]
[ DEBUG5 "MyRemoveOverlay"] Particle ids ( [id], PDG, (type)): 
[ DEBUG5 "MyRemoveOverlay"]                  [00007753], 000000, (000000) 
[ DEBUG5 "MyRemoveOverlay"]                  [00007754], 000000, (000000) 
[ DEBUG5 "MyRemoveOverlay"]                  [00007755], 000000, (000000) 
[ DEBUG5 "MyRemoveOverlay"]                  [00007756], 000000, (000000) 
[ DEBUG5 "MyRemoveOverlay"] 
[ DEBUG5 "MyRemoveOverlay"] 
[ DEBUG0 "MyRemoveOverlay"] 	MCParticle at index: 0 has PDG: 22 and MCParticle to Cluster link weight is 1.00e+00
[ DEBUG0 "MyRemoveOverlay"] 	MCParticle at index: 0 with PDG code: 22 has highest link weight to input cluster
[ DEBUG6 "MyRemoveOverlay"] 		Cluster is not linked to a MCParticle
[ DEBUG7 "MyRemoveOverlay"] 		********** PFO AT INDEX 67 IS NOT OVERLAY **********
[ DEBUG8 "MyRemoveOverlay"] 
[ DEBUG8 "MyRemoveOverlay"] 		-------------------------------------------------------
[ DEBUG8 "MyRemoveOverlay"] 		Processing PFO at index 68
[ DEBUG5 "MyRemoveOverlay"] ------------------ ReconstructedParticle -----------------------------
[ DEBUG5 "MyRemoveOverlay"] Id                                                              0x7757
[ DEBUG5 "MyRemoveOverlay"] Compound                                                             0
[ DEBUG5 "MyRemoveOverlay"] Type                                                                22
[ DEBUG5 "MyRemoveOverlay"] Momentum (x,y,z)                       +3.81e-01, -8.19e-01, +1.00e+00
[ DEBUG5 "MyRemoveOverlay"] Mass [GeV]                                                    0.00e+00
[ DEBUG5 "MyRemoveOverlay"] Charge [e]                                                    0.00e+00
[ DEBUG5 "MyRemoveOverlay"] Energy [GeV]                                                  1.35e+00
[ DEBUG5 "MyRemoveOverlay"] ReferencePoint                         +8.26e+02, -1.78e+03, +2.17e+03
[ DEBUG5 "MyRemoveOverlay"] ParticleIDUsed                                                       0
[ DEBUG5 "MyRemoveOverlay"] GoodnessOfPID                                                 0.00e+00
[ DEBUG5 "MyRemoveOverlay"] Covariance p,E:  2.84e-03, -6.10e-03, 1.31e-02, 7.45e-03, -1.60e-02, 
[ DEBUG5 "MyRemoveOverlay"]                  1.96e-02, 1.00e-02, -2.16e-02, 2.64e-02, 3.55e-02
[ DEBUG5 "MyRemoveOverlay"] Particles id:    
[ DEBUG5 "MyRemoveOverlay"] Tracks id:    
[ DEBUG5 "MyRemoveOverlay"] Clusters id:  [00007304]
[ DEBUG5 "MyRemoveOverlay"] Particle ids ( [id], PDG, (type)): 
[ DEBUG5 "MyRemoveOverlay"]                  [00007758], 000000, (000000) 
[ DEBUG5 "MyRemoveOverlay"]                  [00007759], 000000, (000000) 
[ DEBUG5 "MyRemoveOverlay"]                  [00007760], 000000, (000000) 
[ DEBUG5 "MyRemoveOverlay"]                  [00007761], 000000, (000000) 
[ DEBUG5 "MyRemoveOverlay"] 
[ DEBUG5 "MyRemoveOverlay"] 
[ DEBUG6 "MyRemoveOverlay"] 		Cluster is not linked to a MCParticle
[ DEBUG7 "MyRemoveOverlay"] 		********** PFO AT INDEX 68 IS NOT OVERLAY **********
[ DEBUG8 "MyRemoveOverlay"] 
[ DEBUG8 "MyRemoveOverlay"] 		-------------------------------------------------------
[ DEBUG8 "MyRemoveOverlay"] 		Processing PFO at index 69
[ DEBUG5 "MyRemoveOverlay"] ------------------ ReconstructedParticle -----------------------------
[ DEBUG5 "MyRemoveOverlay"] Id                                                              0x7762
[ DEBUG5 "MyRemoveOverlay"] Compound                                                             0
[ DEBUG5 "MyRemoveOverlay"] Type                                                                22
[ DEBUG5 "MyRemoveOverlay"] Momentum (x,y,z)                       +1.07e-02, +1.36e-02, -2.25e-01
[ DEBUG5 "MyRemoveOverlay"] Mass [GeV]                                                    0.00e+00
[ DEBUG5 "MyRemoveOverlay"] Charge [e]                                                    0.00e+00
[ DEBUG5 "MyRemoveOverlay"] Energy [GeV]                                                  2.26e-01
[ DEBUG5 "MyRemoveOverlay"] ReferencePoint                         +1.15e+02, +1.47e+02, -2.43e+03
[ DEBUG5 "MyRemoveOverlay"] ParticleIDUsed                                                       0
[ DEBUG5 "MyRemoveOverlay"] GoodnessOfPID                                                 0.00e+00
[ DEBUG5 "MyRemoveOverlay"] Covariance p,E:  1.43e-05, 1.82e-05, 2.32e-05, -3.01e-04, -3.84e-04, 
[ DEBUG5 "MyRemoveOverlay"]                  6.36e-03, 3.02e-04, 3.85e-04, -6.38e-03, 6.40e-03
[ DEBUG5 "MyRemoveOverlay"] Particles id:    
[ DEBUG5 "MyRemoveOverlay"] Tracks id:    
[ DEBUG5 "MyRemoveOverlay"] Clusters id:  [00007305]
[ DEBUG5 "MyRemoveOverlay"] Particle ids ( [id], PDG, (type)): 
[ DEBUG5 "MyRemoveOverlay"] 
[ DEBUG5 "MyRemoveOverlay"] 
[ DEBUG0 "MyRemoveOverlay"] 	MCParticle at index: 0 has PDG: 11 and MCParticle to Cluster link weight is 1.00e+00
[ DEBUG0 "MyRemoveOverlay"] 	MCParticle at index: 0 with PDG code: 11 has highest link weight to input cluster
[ DEBUG6 "MyRemoveOverlay"] 		Cluster is not linked to a MCParticle
[ DEBUG7 "MyRemoveOverlay"] 		********** PFO AT INDEX 69 IS NOT OVERLAY **********
[ DEBUG8 "MyRemoveOverlay"] 
[ DEBUG8 "MyRemoveOverlay"] 		-------------------------------------------------------
[ DEBUG8 "MyRemoveOverlay"] 		Processing PFO at index 70
[ DEBUG5 "MyRemoveOverlay"] ------------------ ReconstructedParticle -----------------------------
[ DEBUG5 "MyRemoveOverlay"] Id                                                              0x7763
[ DEBUG5 "MyRemoveOverlay"] Compound                                                             0
[ DEBUG5 "MyRemoveOverlay"] Type                                                              2112
[ DEBUG5 "MyRemoveOverlay"] Momentum (x,y,z)                       +7.60e-02, +1.57e-01, -2.88e+00
[ DEBUG5 "MyRemoveOverlay"] Mass [GeV]                                                    9.40e-01
[ DEBUG5 "MyRemoveOverlay"] Charge [e]                                                    0.00e+00
[ DEBUG5 "MyRemoveOverlay"] Energy [GeV]                                                  2.89e+00
[ DEBUG5 "MyRemoveOverlay"] ReferencePoint                         +6.95e+01, +1.43e+02, -2.63e+03
[ DEBUG5 "MyRemoveOverlay"] ParticleIDUsed                                                       0
[ DEBUG5 "MyRemoveOverlay"] GoodnessOfPID                                                 0.00e+00
[ DEBUG5 "MyRemoveOverlay"] Covariance p,E:  1.59e-03, 1.57e-03, 3.52e-03, -3.04e-02, -6.27e-02, 
[ DEBUG5 "MyRemoveOverlay"]                  1.15e+00, 2.90e-02, 5.97e-02, -1.10e+00, 1.05e+00
[ DEBUG5 "MyRemoveOverlay"] Particles id:    
[ DEBUG5 "MyRemoveOverlay"] Tracks id:    
[ DEBUG5 "MyRemoveOverlay"] Clusters id:  [00007306]
[ DEBUG5 "MyRemoveOverlay"] Particle ids ( [id], PDG, (type)): 
[ DEBUG5 "MyRemoveOverlay"] 
[ DEBUG5 "MyRemoveOverlay"] 
[ DEBUG6 "MyRemoveOverlay"] 		Cluster is not linked to a MCParticle
[ DEBUG7 "MyRemoveOverlay"] 		********** PFO AT INDEX 70 IS NOT OVERLAY **********
[ DEBUG8 "MyRemoveOverlay"] 
[ DEBUG8 "MyRemoveOverlay"] 		-------------------------------------------------------
[ DEBUG8 "MyRemoveOverlay"] 		Processing PFO at index 71
[ DEBUG5 "MyRemoveOverlay"] ------------------ ReconstructedParticle -----------------------------
[ DEBUG5 "MyRemoveOverlay"] Id                                                              0x7764
[ DEBUG5 "MyRemoveOverlay"] Compound                                                             0
[ DEBUG5 "MyRemoveOverlay"] Type                                                               -13
[ DEBUG5 "MyRemoveOverlay"] Momentum (x,y,z)                       -4.06e+00, +6.16e+00, -4.81e+00
[ DEBUG5 "MyRemoveOverlay"] Mass [GeV]                                                    1.06e-01
[ DEBUG5 "MyRemoveOverlay"] Charge [e]                                                    1.00e+00
[ DEBUG5 "MyRemoveOverlay"] Energy [GeV]                                                  8.80e+00
[ DEBUG5 "MyRemoveOverlay"] ReferencePoint                         -8.75e+00, +1.34e+01, -1.04e+01
[ DEBUG5 "MyRemoveOverlay"] ParticleIDUsed                                                       0
[ DEBUG5 "MyRemoveOverlay"] GoodnessOfPID                                                 0.00e+00
[ DEBUG5 "MyRemoveOverlay"] Covariance p,E:  1.17e-05, -1.66e-05, 2.65e-05, 1.30e-05, -1.99e-05, 
[ DEBUG5 "MyRemoveOverlay"]                  1.63e-05, -2.41e-05, 3.71e-05, -2.88e-05, 5.28e-05
[ DEBUG5 "MyRemoveOverlay"] Particles id:    
[ DEBUG5 "MyRemoveOverlay"] Tracks id:    [00006457]
[ DEBUG5 "MyRemoveOverlay"] Clusters id:  [00007307]
[ DEBUG5 "MyRemoveOverlay"] Particle ids ( [id], PDG, (type)): 
[ DEBUG5 "MyRemoveOverlay"]                  [00007765], 000211, (000000) 
[ DEBUG5 "MyRemoveOverlay"]                  [00007766], 000000, (000000) 
[ DEBUG5 "MyRemoveOverlay"]                  [00007767], 000000, (000000) 
[ DEBUG5 "MyRemoveOverlay"]                  [00007768], 000000, (000000) 
[ DEBUG5 "MyRemoveOverlay"]                  [00007769], 000000, (000000) 
[ DEBUG5 "MyRemoveOverlay"]                  [00007770], 000000, (000000) 
[ DEBUG5 "MyRemoveOverlay"]                  [00007771], 000211, (000000) 
[ DEBUG5 "MyRemoveOverlay"]                  [00007772], 000013, (000000) 
[ DEBUG5 "MyRemoveOverlay"]                  [00007773], 000013, (000000) 
[ DEBUG5 "MyRemoveOverlay"] 
[ DEBUG5 "MyRemoveOverlay"] 
[ DEBUG0 "MyRemoveOverlay"] 	MCParticle at index: 0 has PDG: -13 and MCParticle to Track link weight is 1.00e+00
[ DEBUG0 "MyRemoveOverlay"] 	MCParticle at index: 0 with PDG code: -13 has highest link weight to input track
[ DEBUG0 "MyRemoveOverlay"] 	Track at index: 0 has highest link weight to MCParticle = 9.96e-01
[ DEBUG0 "MyRemoveOverlay"] 	Track linked to MCParticle with highest weight
[ DEBUG6 "MyRemoveOverlay"] 		Found a linked MCParticle to track
[ DEBUG5 "MyRemoveOverlay"] ----------------------------- MCParticle -----------------------------
[ DEBUG5 "MyRemoveOverlay"] Id                                                                5863
[ DEBUG5 "MyRemoveOverlay"] PDG                                                                -13
[ DEBUG5 "MyRemoveOverlay"] Energy [GeV]                                                  8.80e+00
[ DEBUG5 "MyRemoveOverlay"] Momentum [GeV] (x,y,z)                     -4.05652, 6.15896, -4.80519
[ DEBUG5 "MyRemoveOverlay"] Momentum at Endpoint[GeV] (x,y,z)             -0.691003, 1.80416, -1.05655
[ DEBUG5 "MyRemoveOverlay"] GeneratorStatus                                                      1
[ DEBUG5 "MyRemoveOverlay"] Vertex [mm] (x,y,z)                          -1.251, 1.97726, -1.50192
[ DEBUG5 "MyRemoveOverlay"] Endpoint [mm] (x,y,z)                        -5006.29, 15000, -9373.11
[ DEBUG5 "MyRemoveOverlay"] Mass [GeV]                                                    1.06e-01
[ DEBUG5 "MyRemoveOverlay"] Charge                                                        1.00e+00
[ DEBUG5 "MyRemoveOverlay"] Parents                                                              1
[ DEBUG5 "MyRemoveOverlay"] Daughters                                                            0
[ DEBUG5 "MyRemoveOverlay"] simulator status bits: [sbvtcls]  s: created in simulation b: backscatter v: vertex is not endpoint of parent t: decayed in tracker c: decayed in calorimeter l: has left detector s: stopped o: overlay
[ DEBUG5 "MyRemoveOverlay"] [     l  ]
[ DEBUG5 "MyRemoveOverlay"] 
[ DEBUG0 "MyRemoveOverlay"] 	MCParticle at index: 0 has PDG: -13 and MCParticle to Cluster link weight is 1.00e+00
[ DEBUG0 "MyRemoveOverlay"] 	MCParticle at index: 0 with PDG code: -13 has highest link weight to input cluster
[ DEBUG0 "MyRemoveOverlay"] 	Cluster at index: 0 has highest link weight to MCParticle = 1.00e+00
[ DEBUG0 "MyRemoveOverlay"] 	Cluster linked to MCParticle with highest weight
[ DEBUG6 "MyRemoveOverlay"] 		Found a linked MCParticle to cluster
[ DEBUG5 "MyRemoveOverlay"] ----------------------------- MCParticle -----------------------------
[ DEBUG5 "MyRemoveOverlay"] Id                                                                5863
[ DEBUG5 "MyRemoveOverlay"] PDG                                                                -13
[ DEBUG5 "MyRemoveOverlay"] Energy [GeV]                                                  8.80e+00
[ DEBUG5 "MyRemoveOverlay"] Momentum [GeV] (x,y,z)                     -4.05652, 6.15896, -4.80519
[ DEBUG5 "MyRemoveOverlay"] Momentum at Endpoint[GeV] (x,y,z)             -0.691003, 1.80416, -1.05655
[ DEBUG5 "MyRemoveOverlay"] GeneratorStatus                                                      1
[ DEBUG5 "MyRemoveOverlay"] Vertex [mm] (x,y,z)                          -1.251, 1.97726, -1.50192
[ DEBUG5 "MyRemoveOverlay"] Endpoint [mm] (x,y,z)                        -5006.29, 15000, -9373.11
[ DEBUG5 "MyRemoveOverlay"] Mass [GeV]                                                    1.06e-01
[ DEBUG5 "MyRemoveOverlay"] Charge                                                        1.00e+00
[ DEBUG5 "MyRemoveOverlay"] Parents                                                              1
[ DEBUG5 "MyRemoveOverlay"] Daughters                                                            0
[ DEBUG5 "MyRemoveOverlay"] simulator status bits: [sbvtcls]  s: created in simulation b: backscatter v: vertex is not endpoint of parent t: decayed in tracker c: decayed in calorimeter l: has left detector s: stopped o: overlay
[ DEBUG5 "MyRemoveOverlay"] [     l  ]
[ DEBUG5 "MyRemoveOverlay"] 
[ DEBUG7 "MyRemoveOverlay"] 		********** PFO AT INDEX 71 IS NOT OVERLAY **********
[ DEBUG9 "MyRemoveOverlay"] 	CHECK : processed event: 182403 (Number of inputPFOS: 72 , Number of outputPFOs: 72)
[ WARNING "mytruejet"]  processing event: 182404   in run:  500076
[ MESSAGE4 "mytruejet"]  =====================================
[ MESSAGE "MyChargedPFOCorrection"] 
[ MESSAGE "MyChargedPFOCorrection"] 	////////////////////////////////////////////////////////////////////////////
[ MESSAGE "MyChargedPFOCorrection"] 	////////////////////	Processing event 	182404	////////////////////
[ MESSAGE "MyChargedPFOCorrection"] 	////////////////////////////////////////////////////////////////////////////
[ MESSAGE "MyAddNeutralPFOCovMat"] 
[ MESSAGE "MyAddNeutralPFOCovMat"] 	////////////////////////////////////////////////////////////////////////////
[ MESSAGE "MyAddNeutralPFOCovMat"] 	////////////////////	Processing event 	182404	////////////////////
[ MESSAGE "MyAddNeutralPFOCovMat"] 	////////////////////////////////////////////////////////////////////////////
[ MESSAGE "MyRemoveOverlay"] 
[ MESSAGE "MyRemoveOverlay"] 		////////////////////////////////////////////////////////////////////////////
[ MESSAGE "MyRemoveOverlay"] 		////////////////////	Processing event 	182404	////////////////////
[ MESSAGE "MyRemoveOverlay"] 		////////////////////////////////////////////////////////////////////////////
[ DEBUG9 "MyRemoveOverlay"] 		Total Number of PFOs: 87
[ DEBUG8 "MyRemoveOverlay"] 
[ DEBUG8 "MyRemoveOverlay"] 		-------------------------------------------------------
[ DEBUG8 "MyRemoveOverlay"] 		Processing PFO at index 0
[ DEBUG5 "MyRemoveOverlay"] ------------------ ReconstructedParticle -----------------------------
[ DEBUG5 "MyRemoveOverlay"] Id                                                             0x11099
[ DEBUG5 "MyRemoveOverlay"] Compound                                                             0
[ DEBUG5 "MyRemoveOverlay"] Type                                                               211
[ DEBUG5 "MyRemoveOverlay"] Momentum (x,y,z)                       -4.09e-01, -5.93e-02, -1.72e-01
[ DEBUG5 "MyRemoveOverlay"] Mass [GeV]                                                    1.40e-01
[ DEBUG5 "MyRemoveOverlay"] Charge [e]                                                    1.00e+00
[ DEBUG5 "MyRemoveOverlay"] Energy [GeV]                                                  4.69e-01
[ DEBUG5 "MyRemoveOverlay"] ReferencePoint                         -1.61e+01, -2.00e+00, -7.13e+00
[ DEBUG5 "MyRemoveOverlay"] ParticleIDUsed                                                       0
[ DEBUG5 "MyRemoveOverlay"] GoodnessOfPID                                                 0.00e+00
[ DEBUG5 "MyRemoveOverlay"] Covariance p,E:  3.04e-07, -4.90e-08, 5.07e-07, -9.10e-08, -9.12e-09, 
[ DEBUG5 "MyRemoveOverlay"]                  4.75e-07, -2.25e-07, -1.81e-08, -9.39e-08, 2.33e-07
[ DEBUG5 "MyRemoveOverlay"] Particles id:    
[ DEBUG5 "MyRemoveOverlay"] Tracks id:    [00009921]
[ DEBUG5 "MyRemoveOverlay"] Clusters id:  [00011021]
[ DEBUG5 "MyRemoveOverlay"] Particle ids ( [id], PDG, (type)): 
[ DEBUG5 "MyRemoveOverlay"]                  [00011100], 000013, (000000) 
[ DEBUG5 "MyRemoveOverlay"]                  [00011101], 000013, (000000) 
[ DEBUG5 "MyRemoveOverlay"]                  [00011102], 000000, (000000) 
[ DEBUG5 "MyRemoveOverlay"]                  [00011103], 000000, (000000) 
[ DEBUG5 "MyRemoveOverlay"]                  [00011104], 000000, (000000) 
[ DEBUG5 "MyRemoveOverlay"]                  [00011105], 000000, (000000) 
[ DEBUG5 "MyRemoveOverlay"]                  [00011106], 000211, (000000) 
[ DEBUG5 "MyRemoveOverlay"]                  [00011107], 000013, (000000) 
[ DEBUG5 "MyRemoveOverlay"]                  [00011108], 000013, (000000) 
[ DEBUG5 "MyRemoveOverlay"] 
[ DEBUG5 "MyRemoveOverlay"] 
[ DEBUG0 "MyRemoveOverlay"] 	MCParticle at index: 0 has PDG: 211 and MCParticle to Track link weight is 1.00e+00
[ DEBUG0 "MyRemoveOverlay"] 	MCParticle at index: 0 with PDG code: 211 has highest link weight to input track
[ DEBUG6 "MyRemoveOverlay"] 		Track is not linked to a MCParticle
[ DEBUG6 "MyRemoveOverlay"] 		Cluster is not linked to a MCParticle
[ DEBUG7 "MyRemoveOverlay"] 		********** PFO AT INDEX 0 IS NOT OVERLAY **********
[ DEBUG8 "MyRemoveOverlay"] 
[ DEBUG8 "MyRemoveOverlay"] 		-------------------------------------------------------
[ DEBUG8 "MyRemoveOverlay"] 		Processing PFO at index 1
[ DEBUG5 "MyRemoveOverlay"] ------------------ ReconstructedParticle -----------------------------
[ DEBUG5 "MyRemoveOverlay"] Id                                                             0x11109
[ DEBUG5 "MyRemoveOverlay"] Compound                                                             0
[ DEBUG5 "MyRemoveOverlay"] Type                                                              -211
[ DEBUG5 "MyRemoveOverlay"] Momentum (x,y,z)                       +1.10e-01, +2.24e-01, -5.12e-01
[ DEBUG5 "MyRemoveOverlay"] Mass [GeV]                                                    1.40e-01
[ DEBUG5 "MyRemoveOverlay"] Charge [e]                                                   -1.00e+00
[ DEBUG5 "MyRemoveOverlay"] Energy [GeV]                                                  5.87e-01
[ DEBUG5 "MyRemoveOverlay"] ReferencePoint                         +6.84e+00, +1.48e+01, -3.32e+01
[ DEBUG5 "MyRemoveOverlay"] ParticleIDUsed                                                       0
[ DEBUG5 "MyRemoveOverlay"] GoodnessOfPID                                                 0.00e+00
[ DEBUG5 "MyRemoveOverlay"] Covariance p,E:  2.66e-05, 6.81e-05, 1.83e-04, -1.49e-04, -3.96e-04, 
[ DEBUG5 "MyRemoveOverlay"]                  8.66e-04, 1.61e-04, 4.29e-04, -9.35e-04, 1.01e-03
[ DEBUG5 "MyRemoveOverlay"] Particles id:    
[ DEBUG5 "MyRemoveOverlay"] Tracks id:    [00010216]
[ DEBUG5 "MyRemoveOverlay"] Clusters id:  
[ DEBUG5 "MyRemoveOverlay"] Particle ids ( [id], PDG, (type)): 
[ DEBUG5 "MyRemoveOverlay"]                  [00011110], 000011, (000000) 
[ DEBUG5 "MyRemoveOverlay"]                  [00011111], 000011, (000000) 
[ DEBUG5 "MyRemoveOverlay"]                  [00011112], 000011, (000000) 
[ DEBUG5 "MyRemoveOverlay"]                  [00011113], 000011, (000000) 
[ DEBUG5 "MyRemoveOverlay"]                  [00011114], 000000, (000000) 
[ DEBUG5 "MyRemoveOverlay"] 
[ DEBUG5 "MyRemoveOverlay"] 
[ DEBUG0 "MyRemoveOverlay"] 	MCParticle at index: 0 has PDG: -211 and MCParticle to Track link weight is 1.00e+00
[ DEBUG0 "MyRemoveOverlay"] 	MCParticle at index: 0 with PDG code: -211 has highest link weight to input track
[ DEBUG6 "MyRemoveOverlay"] 		Track is not linked to a MCParticle
[ DEBUG7 "MyRemoveOverlay"] 		********** PFO AT INDEX 1 IS NOT OVERLAY **********
[ DEBUG8 "MyRemoveOverlay"] 
[ DEBUG8 "MyRemoveOverlay"] 		-------------------------------------------------------
[ DEBUG8 "MyRemoveOverlay"] 		Processing PFO at index 2
[ DEBUG5 "MyRemoveOverlay"] ------------------ ReconstructedParticle -----------------------------
[ DEBUG5 "MyRemoveOverlay"] Id                                                             0x11115
[ DEBUG5 "MyRemoveOverlay"] Compound                                                             0
[ DEBUG5 "MyRemoveOverlay"] Type                                                               211
[ DEBUG5 "MyRemoveOverlay"] Momentum (x,y,z)                       -1.78e-01, -2.39e-01, -2.42e-01
[ DEBUG5 "MyRemoveOverlay"] Mass [GeV]                                                    1.40e-01
[ DEBUG5 "MyRemoveOverlay"] Charge [e]                                                    1.00e+00
[ DEBUG5 "MyRemoveOverlay"] Energy [GeV]                                                  4.09e-01
[ DEBUG5 "MyRemoveOverlay"] ReferencePoint                         -9.92e+00, -1.25e+01, -1.30e+01
[ DEBUG5 "MyRemoveOverlay"] ParticleIDUsed                                                       0
[ DEBUG5 "MyRemoveOverlay"] GoodnessOfPID                                                 0.00e+00
[ DEBUG5 "MyRemoveOverlay"] Covariance p,E:  7.87e-07, 1.77e-07, 7.44e-07, 1.96e-07, 2.15e-07, 
[ DEBUG5 "MyRemoveOverlay"]                  8.06e-07, -5.63e-07, -6.40e-07, -6.88e-07, 1.03e-06
[ DEBUG5 "MyRemoveOverlay"] Particles id:    
[ DEBUG5 "MyRemoveOverlay"] Tracks id:    [00009971]
[ DEBUG5 "MyRemoveOverlay"] Clusters id:  [00011022]
[ DEBUG5 "MyRemoveOverlay"] Particle ids ( [id], PDG, (type)): 
[ DEBUG5 "MyRemoveOverlay"]                  [00011116], 000013, (000000) 
[ DEBUG5 "MyRemoveOverlay"]                  [00011117], 000013, (000000) 
[ DEBUG5 "MyRemoveOverlay"]                  [00011118], 000000, (000000) 
[ DEBUG5 "MyRemoveOverlay"]                  [00011119], 000000, (000000) 
[ DEBUG5 "MyRemoveOverlay"]                  [00011120], 000000, (000000) 
[ DEBUG5 "MyRemoveOverlay"]                  [00011121], 000000, (000000) 
[ DEBUG5 "MyRemoveOverlay"]                  [00011122], 000013, (000000) 
[ DEBUG5 "MyRemoveOverlay"]                  [00011123], 000011, (000000) 
[ DEBUG5 "MyRemoveOverlay"]                  [00011124], 000013, (000000) 
[ DEBUG5 "MyRemoveOverlay"] 
[ DEBUG5 "MyRemoveOverlay"] 
[ DEBUG0 "MyRemoveOverlay"] 	MCParticle at index: 0 has PDG: 211 and MCParticle to Track link weight is 1.00e+00
[ DEBUG0 "MyRemoveOverlay"] 	MCParticle at index: 0 with PDG code: 211 has highest link weight to input track
[ DEBUG6 "MyRemoveOverlay"] 		Track is not linked to a MCParticle
[ DEBUG6 "MyRemoveOverlay"] 		Cluster is not linked to a MCParticle
[ DEBUG7 "MyRemoveOverlay"] 		********** PFO AT INDEX 2 IS NOT OVERLAY **********
[ DEBUG8 "MyRemoveOverlay"] 
[ DEBUG8 "MyRemoveOverlay"] 		-------------------------------------------------------
[ DEBUG8 "MyRemoveOverlay"] 		Processing PFO at index 3
[ DEBUG5 "MyRemoveOverlay"] ------------------ ReconstructedParticle -----------------------------
[ DEBUG5 "MyRemoveOverlay"] Id                                                             0x11125
[ DEBUG5 "MyRemoveOverlay"] Compound                                                             0
[ DEBUG5 "MyRemoveOverlay"] Type                                                               211
[ DEBUG5 "MyRemoveOverlay"] Momentum (x,y,z)                       -4.40e-01, -2.25e-01, -1.97e-01
[ DEBUG5 "MyRemoveOverlay"] Mass [GeV]                                                    1.40e-01
[ DEBUG5 "MyRemoveOverlay"] Charge [e]                                                    1.00e+00
[ DEBUG5 "MyRemoveOverlay"] Energy [GeV]                                                  5.50e-01
[ DEBUG5 "MyRemoveOverlay"] ReferencePoint                         -5.33e+01, -5.96e+01, -5.69e+01
[ DEBUG5 "MyRemoveOverlay"] ParticleIDUsed                                                       0
[ DEBUG5 "MyRemoveOverlay"] GoodnessOfPID                                                 0.00e+00
[ DEBUG5 "MyRemoveOverlay"] Covariance p,E:  1.85e-05, 2.44e-05, 3.38e-05, 2.14e-05, 2.92e-05, 
[ DEBUG5 "MyRemoveOverlay"]                  2.62e-05, -3.65e-05, -4.97e-05, -4.36e-05, 7.38e-05
[ DEBUG5 "MyRemoveOverlay"] Particles id:    
[ DEBUG5 "MyRemoveOverlay"] Tracks id:    [00010191], [00010071]
[ DEBUG5 "MyRemoveOverlay"] Clusters id:  
[ DEBUG5 "MyRemoveOverlay"] Particle ids ( [id], PDG, (type)): 
[ DEBUG5 "MyRemoveOverlay"]                  [00011126], 000011, (000000) 
[ DEBUG5 "MyRemoveOverlay"]                  [00011127], 000011, (000000) 
[ DEBUG5 "MyRemoveOverlay"]                  [00011128], 000011, (000000) 
[ DEBUG5 "MyRemoveOverlay"]                  [00011129], 000011, (000000) 
[ DEBUG5 "MyRemoveOverlay"]                  [00011130], 000000, (000000) 
[ DEBUG5 "MyRemoveOverlay"] 
[ DEBUG5 "MyRemoveOverlay"] 
[ DEBUG0 "MyRemoveOverlay"] 	MCParticle at index: 0 has PDG: 211 and MCParticle to Track link weight is 1.00e+00
[ DEBUG0 "MyRemoveOverlay"] 	MCParticle at index: 0 with PDG code: 211 has highest link weight to input track
[ DEBUG0 "MyRemoveOverlay"] 	Track at index: 0 has highest link weight to MCParticle = 1.00e+00
[ DEBUG0 "MyRemoveOverlay"] 	Track linked to MCParticle with highest weight
[ DEBUG6 "MyRemoveOverlay"] 		Found a linked MCParticle to track
[ DEBUG5 "MyRemoveOverlay"] ----------------------------- MCParticle -----------------------------
[ DEBUG5 "MyRemoveOverlay"] Id                                                                9200
[ DEBUG5 "MyRemoveOverlay"] PDG                                                                211
[ DEBUG5 "MyRemoveOverlay"] Energy [GeV]                                                  6.52e-01
[ DEBUG5 "MyRemoveOverlay"] Momentum [GeV] (x,y,z)                 -0.285998, -0.434116, -0.367657
[ DEBUG5 "MyRemoveOverlay"] Momentum at Endpoint[GeV] (x,y,z)                               -0, -0, -0
[ DEBUG5 "MyRemoveOverlay"] GeneratorStatus                                                      1
[ DEBUG5 "MyRemoveOverlay"] Vertex [mm] (x,y,z)                                    0, 0, -0.112554
[ DEBUG5 "MyRemoveOverlay"] Endpoint [mm] (x,y,z)                      -105.572, -116.057, -111.86
[ DEBUG5 "MyRemoveOverlay"] Mass [GeV]                                                    1.40e-01
[ DEBUG5 "MyRemoveOverlay"] Charge                                                        1.00e+00
[ DEBUG5 "MyRemoveOverlay"] Parents                                                              1
[ DEBUG5 "MyRemoveOverlay"] Daughters                                                            8
[ DEBUG5 "MyRemoveOverlay"] simulator status bits: [sbvtcls]  s: created in simulation b: backscatter v: vertex is not endpoint of parent t: decayed in tracker c: decayed in calorimeter l: has left detector s: stopped o: overlay
[ DEBUG5 "MyRemoveOverlay"] [   t  s ]
[ DEBUG5 "MyRemoveOverlay"] 
[ DEBUG0 "MyRemoveOverlay"] 	MCParticle at index: 0 has PDG: 211 and MCParticle to Track link weight is 1.00e+00
[ DEBUG0 "MyRemoveOverlay"] 	MCParticle at index: 0 with PDG code: 211 has highest link weight to input track
[ DEBUG6 "MyRemoveOverlay"] 		Track is not linked to a MCParticle
[ DEBUG7 "MyRemoveOverlay"] 		********** PFO AT INDEX 3 IS NOT OVERLAY **********
[ DEBUG8 "MyRemoveOverlay"] 
[ DEBUG8 "MyRemoveOverlay"] 		-------------------------------------------------------
[ DEBUG8 "MyRemoveOverlay"] 		Processing PFO at index 4
[ DEBUG5 "MyRemoveOverlay"] ------------------ ReconstructedParticle -----------------------------
[ DEBUG5 "MyRemoveOverlay"] Id                                                             0x11131
[ DEBUG5 "MyRemoveOverlay"] Compound                                                             0
[ DEBUG5 "MyRemoveOverlay"] Type                                                              2212
[ DEBUG5 "MyRemoveOverlay"] Momentum (x,y,z)                       -4.32e-01, +5.38e-01, -3.39e+00
[ DEBUG5 "MyRemoveOverlay"] Mass [GeV]                                                    9.38e-01
[ DEBUG5 "MyRemoveOverlay"] Charge [e]                                                    1.00e+00
[ DEBUG5 "MyRemoveOverlay"] Energy [GeV]                                                  3.58e+00
[ DEBUG5 "MyRemoveOverlay"] ReferencePoint                         -2.67e+01, +3.53e+01, -2.18e+02
[ DEBUG5 "MyRemoveOverlay"] ParticleIDUsed                                                       0
[ DEBUG5 "MyRemoveOverlay"] GoodnessOfPID                                                 0.00e+00
[ DEBUG5 "MyRemoveOverlay"] Covariance p,E:  5.63e-05, -1.16e-05, 7.38e-05, 7.25e-05, -1.10e-04, 
[ DEBUG5 "MyRemoveOverlay"]                  6.96e-04, -7.71e-05, 1.16e-04, -6.83e-04, 6.73e-04
[ DEBUG5 "MyRemoveOverlay"] Particles id:    
[ DEBUG5 "MyRemoveOverlay"] Tracks id:    [00009986]
[ DEBUG5 "MyRemoveOverlay"] Clusters id:  [00011023]
[ DEBUG5 "MyRemoveOverlay"] Particle ids ( [id], PDG, (type)): 
[ DEBUG5 "MyRemoveOverlay"]                  [00011132], 000321, (000000) 
[ DEBUG5 "MyRemoveOverlay"]                  [00011133], 000000, (000000) 
[ DEBUG5 "MyRemoveOverlay"]                  [00011134], 000000, (000000) 
[ DEBUG5 "MyRemoveOverlay"]                  [00011135], 000000, (000000) 
[ DEBUG5 "MyRemoveOverlay"]                  [00011136], 000000, (000000) 
[ DEBUG5 "MyRemoveOverlay"]                  [00011137], 000000, (000000) 
[ DEBUG5 "MyRemoveOverlay"]                  [00011138], 000211, (000000) 
[ DEBUG5 "MyRemoveOverlay"]                  [00011139], 000011, (000000) 
[ DEBUG5 "MyRemoveOverlay"]                  [00011140], 002212, (000000) 
[ DEBUG5 "MyRemoveOverlay"] 
[ DEBUG5 "MyRemoveOverlay"] 
[ DEBUG0 "MyRemoveOverlay"] 	MCParticle at index: 0 has PDG: 2212 and MCParticle to Track link weight is 1.00e+00
[ DEBUG0 "MyRemoveOverlay"] 	MCParticle at index: 0 with PDG code: 2212 has highest link weight to input track
[ DEBUG0 "MyRemoveOverlay"] 	Track at index: 0 has highest link weight to MCParticle = 1.00e+00
[ DEBUG0 "MyRemoveOverlay"] 	Track linked to MCParticle with highest weight
[ DEBUG6 "MyRemoveOverlay"] 		Found a linked MCParticle to track
[ DEBUG5 "MyRemoveOverlay"] ----------------------------- MCParticle -----------------------------
[ DEBUG5 "MyRemoveOverlay"] Id                                                                9167
[ DEBUG5 "MyRemoveOverlay"] PDG                                                               2212
[ DEBUG5 "MyRemoveOverlay"] Energy [GeV]                                                  3.58e+00
[ DEBUG5 "MyRemoveOverlay"] Momentum [GeV] (x,y,z)                    -0.432014, 0.534545, -3.3879
[ DEBUG5 "MyRemoveOverlay"] Momentum at Endpoint[GeV] (x,y,z)                                 0, 0, -0
[ DEBUG5 "MyRemoveOverlay"] GeneratorStatus                                                      1
[ DEBUG5 "MyRemoveOverlay"] Vertex [mm] (x,y,z)                                    0, 0, -0.112554
[ DEBUG5 "MyRemoveOverlay"] Endpoint [mm] (x,y,z)                       -140.708, 475.29, -2501.39
[ DEBUG5 "MyRemoveOverlay"] Mass [GeV]                                                    9.38e-01
[ DEBUG5 "MyRemoveOverlay"] Charge                                                        1.00e+00
[ DEBUG5 "MyRemoveOverlay"] Parents                                                              1
[ DEBUG5 "MyRemoveOverlay"] Daughters                                                            0
[ DEBUG5 "MyRemoveOverlay"] simulator status bits: [sbvtcls]  s: created in simulation b: backscatter v: vertex is not endpoint of parent t: decayed in tracker c: decayed in calorimeter l: has left detector s: stopped o: overlay
[ DEBUG5 "MyRemoveOverlay"] [    c s ]
[ DEBUG5 "MyRemoveOverlay"] 
[ DEBUG0 "MyRemoveOverlay"] 	MCParticle at index: 0 has PDG: 2212 and MCParticle to Cluster link weight is 1.00e+00
[ DEBUG0 "MyRemoveOverlay"] 	MCParticle at index: 0 with PDG code: 2212 has highest link weight to input cluster
[ DEBUG6 "MyRemoveOverlay"] 		Cluster is not linked to a MCParticle
[ DEBUG7 "MyRemoveOverlay"] 		********** PFO AT INDEX 4 IS NOT OVERLAY **********
[ DEBUG8 "MyRemoveOverlay"] 
[ DEBUG8 "MyRemoveOverlay"] 		-------------------------------------------------------
[ DEBUG8 "MyRemoveOverlay"] 		Processing PFO at index 5
[ DEBUG5 "MyRemoveOverlay"] ------------------ ReconstructedParticle -----------------------------
[ DEBUG5 "MyRemoveOverlay"] Id                                                             0x11141
[ DEBUG5 "MyRemoveOverlay"] Compound                                                             0
[ DEBUG5 "MyRemoveOverlay"] Type                                                               321
[ DEBUG5 "MyRemoveOverlay"] Momentum (x,y,z)                       +3.03e-01, -1.10e-01, -9.73e-01
[ DEBUG5 "MyRemoveOverlay"] Mass [GeV]                                                    4.94e-01
[ DEBUG5 "MyRemoveOverlay"] Charge [e]                                                    1.00e+00
[ DEBUG5 "MyRemoveOverlay"] Energy [GeV]                                                  1.14e+00
[ DEBUG5 "MyRemoveOverlay"] ReferencePoint                         +1.49e+01, -5.91e+00, -4.84e+01
[ DEBUG5 "MyRemoveOverlay"] ParticleIDUsed                                                       0
[ DEBUG5 "MyRemoveOverlay"] GoodnessOfPID                                                 0.00e+00
[ DEBUG5 "MyRemoveOverlay"] Covariance p,E:  3.90e-05, -1.66e-05, 9.01e-06, -1.24e-04, 5.49e-05, 
[ DEBUG5 "MyRemoveOverlay"]                  4.10e-04, 1.18e-04, -5.22e-05, -3.89e-04, 3.69e-04
[ DEBUG5 "MyRemoveOverlay"] Particles id:    
[ DEBUG5 "MyRemoveOverlay"] Tracks id:    [00010196]
[ DEBUG5 "MyRemoveOverlay"] Clusters id:  
[ DEBUG5 "MyRemoveOverlay"] Particle ids ( [id], PDG, (type)): 
[ DEBUG5 "MyRemoveOverlay"]                  [00011142], 000011, (000000) 
[ DEBUG5 "MyRemoveOverlay"]                  [00011143], 000011, (000000) 
[ DEBUG5 "MyRemoveOverlay"]                  [00011144], 000011, (000000) 
[ DEBUG5 "MyRemoveOverlay"]                  [00011145], 000011, (000000) 
[ DEBUG5 "MyRemoveOverlay"]                  [00011146], 000000, (000000) 
[ DEBUG5 "MyRemoveOverlay"] 
[ DEBUG5 "MyRemoveOverlay"] 
[ DEBUG0 "MyRemoveOverlay"] 	MCParticle at index: 0 has PDG: 321 and MCParticle to Track link weight is 1.00e+00
[ DEBUG0 "MyRemoveOverlay"] 	MCParticle at index: 0 with PDG code: 321 has highest link weight to input track
[ DEBUG0 "MyRemoveOverlay"] 	Track at index: 0 has highest link weight to MCParticle = 1.00e+00
[ DEBUG0 "MyRemoveOverlay"] 	Track linked to MCParticle with highest weight
[ DEBUG6 "MyRemoveOverlay"] 		Found a linked MCParticle to track
[ DEBUG5 "MyRemoveOverlay"] ----------------------------- MCParticle -----------------------------
[ DEBUG5 "MyRemoveOverlay"] Id                                                                9192
[ DEBUG5 "MyRemoveOverlay"] PDG                                                                321
[ DEBUG5 "MyRemoveOverlay"] Energy [GeV]                                                  1.18e+00
[ DEBUG5 "MyRemoveOverlay"] Momentum [GeV] (x,y,z)                   0.314919, -0.115918, -1.01275
[ DEBUG5 "MyRemoveOverlay"] Momentum at Endpoint[GeV] (x,y,z)                                0, -0, -0
[ DEBUG5 "MyRemoveOverlay"] GeneratorStatus                                                      1
[ DEBUG5 "MyRemoveOverlay"] Vertex [mm] (x,y,z)              6.1865e-310, -4.38782e-310, -0.112554
[ DEBUG5 "MyRemoveOverlay"] Endpoint [mm] (x,y,z)                       103.691, -63.5469, -370.25
[ DEBUG5 "MyRemoveOverlay"] Mass [GeV]                                                    4.94e-01
[ DEBUG5 "MyRemoveOverlay"] Charge                                                        1.00e+00
[ DEBUG5 "MyRemoveOverlay"] Parents                                                              1
[ DEBUG5 "MyRemoveOverlay"] Daughters                                                            6
[ DEBUG5 "MyRemoveOverlay"] simulator status bits: [sbvtcls]  s: created in simulation b: backscatter v: vertex is not endpoint of parent t: decayed in tracker c: decayed in calorimeter l: has left detector s: stopped o: overlay
[ DEBUG5 "MyRemoveOverlay"] [   t  s ]
[ DEBUG5 "MyRemoveOverlay"] 
[ DEBUG7 "MyRemoveOverlay"] 		********** PFO AT INDEX 5 IS NOT OVERLAY **********
[ DEBUG8 "MyRemoveOverlay"] 
[ DEBUG8 "MyRemoveOverlay"] 		-------------------------------------------------------
[ DEBUG8 "MyRemoveOverlay"] 		Processing PFO at index 6
[ DEBUG5 "MyRemoveOverlay"] ------------------ ReconstructedParticle -----------------------------
[ DEBUG5 "MyRemoveOverlay"] Id                                                             0x11147
[ DEBUG5 "MyRemoveOverlay"] Compound                                                             0
[ DEBUG5 "MyRemoveOverlay"] Type                                                              -211
[ DEBUG5 "MyRemoveOverlay"] Momentum (x,y,z)                       -1.48e-01, -3.80e-02, -4.07e-01
[ DEBUG5 "MyRemoveOverlay"] Mass [GeV]                                                    1.40e-01
[ DEBUG5 "MyRemoveOverlay"] Charge [e]                                                   -1.00e+00
[ DEBUG5 "MyRemoveOverlay"] Energy [GeV]                                                  4.56e-01
[ DEBUG5 "MyRemoveOverlay"] ReferencePoint                         -1.52e+01, -4.76e+00, -4.24e+01
[ DEBUG5 "MyRemoveOverlay"] ParticleIDUsed                                                       0
[ DEBUG5 "MyRemoveOverlay"] GoodnessOfPID                                                 0.00e+00
[ DEBUG5 "MyRemoveOverlay"] Covariance p,E:  9.12e-06, 3.29e-06, 2.47e-06, 2.29e-05, 9.09e-06, 
[ DEBUG5 "MyRemoveOverlay"]                  6.61e-05, -2.37e-05, -9.38e-06, -6.71e-05, 6.83e-05
[ DEBUG5 "MyRemoveOverlay"] Particles id:    
[ DEBUG5 "MyRemoveOverlay"] Tracks id:    [00010186]
[ DEBUG5 "MyRemoveOverlay"] Clusters id:  
[ DEBUG5 "MyRemoveOverlay"] Particle ids ( [id], PDG, (type)): 
[ DEBUG5 "MyRemoveOverlay"]                  [00011148], 000011, (000000) 
[ DEBUG5 "MyRemoveOverlay"]                  [00011149], 000011, (000000) 
[ DEBUG5 "MyRemoveOverlay"]                  [00011150], 000011, (000000) 
[ DEBUG5 "MyRemoveOverlay"]                  [00011151], 000011, (000000) 
[ DEBUG5 "MyRemoveOverlay"]                  [00011152], 000000, (000000) 
[ DEBUG5 "MyRemoveOverlay"] 
[ DEBUG5 "MyRemoveOverlay"] 
[ DEBUG0 "MyRemoveOverlay"] 	MCParticle at index: 0 has PDG: -211 and MCParticle to Track link weight is 1.00e+00
[ DEBUG0 "MyRemoveOverlay"] 	MCParticle at index: 0 with PDG code: -211 has highest link weight to input track
[ DEBUG6 "MyRemoveOverlay"] 		Track is not linked to a MCParticle
[ DEBUG7 "MyRemoveOverlay"] 		********** PFO AT INDEX 6 IS NOT OVERLAY **********
[ DEBUG8 "MyRemoveOverlay"] 
[ DEBUG8 "MyRemoveOverlay"] 		-------------------------------------------------------
[ DEBUG8 "MyRemoveOverlay"] 		Processing PFO at index 7
[ DEBUG5 "MyRemoveOverlay"] ------------------ ReconstructedParticle -----------------------------
[ DEBUG5 "MyRemoveOverlay"] Id                                                             0x11153
[ DEBUG5 "MyRemoveOverlay"] Compound                                                             0
[ DEBUG5 "MyRemoveOverlay"] Type                                                               310
[ DEBUG5 "MyRemoveOverlay"] Momentum (x,y,z)                       +1.25e-01, -2.06e-01, -3.16e-01
[ DEBUG5 "MyRemoveOverlay"] Mass [GeV]                                                    3.57e-01
[ DEBUG5 "MyRemoveOverlay"] Charge [e]                                                    0.00e+00
[ DEBUG5 "MyRemoveOverlay"] Energy [GeV]                                                  6.92e-01
[ DEBUG5 "MyRemoveOverlay"] ReferencePoint                         +2.44e+02, -2.22e+02, -2.71e+01
[ DEBUG5 "MyRemoveOverlay"] ParticleIDUsed                                                       0
[ DEBUG5 "MyRemoveOverlay"] GoodnessOfPID                                                 0.00e+00
[ DEBUG5 "MyRemoveOverlay"] Covariance p,E:  5.07e-06, -8.25e-07, 1.27e-06, 1.32e-06, -8.78e-07, 
[ DEBUG5 "MyRemoveOverlay"]                  7.83e-06, 1.04e-06, -3.43e-07, -1.13e-06, 1.44e-06
[ DEBUG5 "MyRemoveOverlay"] Particles id:    
[ DEBUG5 "MyRemoveOverlay"] Tracks id:    [00010021], [00010101]
[ DEBUG5 "MyRemoveOverlay"] Clusters id:  [00011024]
[ DEBUG5 "MyRemoveOverlay"] Particle ids ( [id], PDG, (type)): 
[ DEBUG5 "MyRemoveOverlay"] 
[ DEBUG5 "MyRemoveOverlay"] 
[ DEBUG0 "MyRemoveOverlay"] 	MCParticle at index: 0 has PDG: 2212 and MCParticle to Track link weight is 1.00e+00
[ DEBUG0 "MyRemoveOverlay"] 	MCParticle at index: 0 with PDG code: 2212 has highest link weight to input track
[ DEBUG6 "MyRemoveOverlay"] 		Track is not linked to a MCParticle
[ DEBUG0 "MyRemoveOverlay"] 	MCParticle at index: 0 has PDG: -211 and MCParticle to Track link weight is 1.00e+00
[ DEBUG0 "MyRemoveOverlay"] 	MCParticle at index: 0 with PDG code: -211 has highest link weight to input track
[ DEBUG6 "MyRemoveOverlay"] 		Track is not linked to a MCParticle
[ DEBUG0 "MyRemoveOverlay"] 	MCParticle at index: 0 has PDG: 211 and MCParticle to Cluster link weight is 1.00e+00
[ DEBUG0 "MyRemoveOverlay"] 	MCParticle at index: 0 with PDG code: 211 has highest link weight to input cluster
[ DEBUG6 "MyRemoveOverlay"] 		Cluster is not linked to a MCParticle
[ DEBUG7 "MyRemoveOverlay"] 		********** PFO AT INDEX 7 IS NOT OVERLAY **********
[ DEBUG8 "MyRemoveOverlay"] 
[ DEBUG8 "MyRemoveOverlay"] 		-------------------------------------------------------
[ DEBUG8 "MyRemoveOverlay"] 		Processing PFO at index 8
[ DEBUG5 "MyRemoveOverlay"] ------------------ ReconstructedParticle -----------------------------
[ DEBUG5 "MyRemoveOverlay"] Id                                                             0x11154
[ DEBUG5 "MyRemoveOverlay"] Compound                                                             0
[ DEBUG5 "MyRemoveOverlay"] Type                                                              -211
[ DEBUG5 "MyRemoveOverlay"] Momentum (x,y,z)                       -4.55e-01, -2.46e-01, -9.72e-02
[ DEBUG5 "MyRemoveOverlay"] Mass [GeV]                                                    1.40e-01
[ DEBUG5 "MyRemoveOverlay"] Charge [e]                                                   -1.00e+00
[ DEBUG5 "MyRemoveOverlay"] Energy [GeV]                                                  5.44e-01
[ DEBUG5 "MyRemoveOverlay"] ReferencePoint                         -1.42e+01, -8.03e+00, -3.09e+00
[ DEBUG5 "MyRemoveOverlay"] ParticleIDUsed                                                       0
[ DEBUG5 "MyRemoveOverlay"] GoodnessOfPID                                                 0.00e+00
[ DEBUG5 "MyRemoveOverlay"] Covariance p,E:  2.90e-07, -1.09e-07, 4.63e-07, -4.54e-08, -2.59e-08, 
[ DEBUG5 "MyRemoveOverlay"]                  5.06e-07, -1.85e-07, -1.13e-07, -4.07e-08, 2.13e-07
[ DEBUG5 "MyRemoveOverlay"] Particles id:    
[ DEBUG5 "MyRemoveOverlay"] Tracks id:    [00009871]
[ DEBUG5 "MyRemoveOverlay"] Clusters id:  [00011025]
[ DEBUG5 "MyRemoveOverlay"] Particle ids ( [id], PDG, (type)): 
[ DEBUG5 "MyRemoveOverlay"]                  [00011155], 000013, (000000) 
[ DEBUG5 "MyRemoveOverlay"]                  [00011156], 000013, (000000) 
[ DEBUG5 "MyRemoveOverlay"]                  [00011157], 000011, (000000) 
[ DEBUG5 "MyRemoveOverlay"]                  [00011158], 000011, (000000) 
[ DEBUG5 "MyRemoveOverlay"]                  [00011159], 000013, (000000) 
[ DEBUG5 "MyRemoveOverlay"] 
[ DEBUG5 "MyRemoveOverlay"] 
[ DEBUG0 "MyRemoveOverlay"] 	MCParticle at index: 0 has PDG: -211 and MCParticle to Track link weight is 1.00e+00
[ DEBUG0 "MyRemoveOverlay"] 	MCParticle at index: 0 with PDG code: -211 has highest link weight to input track
[ DEBUG6 "MyRemoveOverlay"] 		Track is not linked to a MCParticle
[ DEBUG0 "MyRemoveOverlay"] 	MCParticle at index: 0 has PDG: 211 and MCParticle to Cluster link weight is 1.00e+00
[ DEBUG0 "MyRemoveOverlay"] 	MCParticle at index: 0 with PDG code: 211 has highest link weight to input cluster
[ DEBUG0 "MyRemoveOverlay"] 	Cluster at index: 0 has highest link weight to MCParticle = 9.68e-01
[ DEBUG0 "MyRemoveOverlay"] 	Cluster linked to MCParticle with highest weight
[ DEBUG6 "MyRemoveOverlay"] 		Found a linked MCParticle to cluster
[ DEBUG5 "MyRemoveOverlay"] ----------------------------- MCParticle -----------------------------
[ DEBUG5 "MyRemoveOverlay"] Id                                                                9367
[ DEBUG5 "MyRemoveOverlay"] PDG                                                                211
[ DEBUG5 "MyRemoveOverlay"] Energy [GeV]                                                  5.90e-01
[ DEBUG5 "MyRemoveOverlay"] Momentum [GeV] (x,y,z)                   0.150234, 0.035972, -0.551514
[ DEBUG5 "MyRemoveOverlay"] Momentum at Endpoint[GeV] (x,y,z)                                 0, 0, -0
[ DEBUG5 "MyRemoveOverlay"] GeneratorStatus                                                      1
[ DEBUG5 "MyRemoveOverlay"] Vertex [mm] (x,y,z)                                     0, 0, 0.104199
[ DEBUG5 "MyRemoveOverlay"] Endpoint [mm] (x,y,z)                     -101.448, -78.7111, -2762.94
[ DEBUG5 "MyRemoveOverlay"] Mass [GeV]                                                    1.40e-01
[ DEBUG5 "MyRemoveOverlay"] Charge                                                        1.00e+00
[ DEBUG5 "MyRemoveOverlay"] Parents                                                              2
[ DEBUG5 "MyRemoveOverlay"] Daughters                                                            0
[ DEBUG5 "MyRemoveOverlay"] simulator status bits: [sbvtcls]  s: created in simulation b: backscatter v: vertex is not endpoint of parent t: decayed in tracker c: decayed in calorimeter l: has left detector s: stopped o: overlay
[ DEBUG5 "MyRemoveOverlay"] [    c so]
[ DEBUG5 "MyRemoveOverlay"] 
[ DEBUG7 "MyRemoveOverlay"] 		********** PFO AT INDEX 8 IS OVERLAY **********
[ DEBUG8 "MyRemoveOverlay"] 
[ DEBUG8 "MyRemoveOverlay"] 		-------------------------------------------------------
[ DEBUG8 "MyRemoveOverlay"] 		Processing PFO at index 9
[ DEBUG5 "MyRemoveOverlay"] ------------------ ReconstructedParticle -----------------------------
[ DEBUG5 "MyRemoveOverlay"] Id                                                             0x11160
[ DEBUG5 "MyRemoveOverlay"] Compound                                                             0
[ DEBUG5 "MyRemoveOverlay"] Type                                                               211
[ DEBUG5 "MyRemoveOverlay"] Momentum (x,y,z)                       +3.97e-02, +1.00e-01, -3.42e-02
[ DEBUG5 "MyRemoveOverlay"] Mass [GeV]                                                    1.40e-01
[ DEBUG5 "MyRemoveOverlay"] Charge [e]                                                    1.00e+00
[ DEBUG5 "MyRemoveOverlay"] Energy [GeV]                                                  1.80e-01
[ DEBUG5 "MyRemoveOverlay"] ReferencePoint                         +7.24e+00, +1.45e+01, -5.47e+00
[ DEBUG5 "MyRemoveOverlay"] ParticleIDUsed                                                       0
[ DEBUG5 "MyRemoveOverlay"] GoodnessOfPID                                                 0.00e+00
[ DEBUG5 "MyRemoveOverlay"] Covariance p,E:  3.82e-06, 4.74e-06, 8.27e-06, -1.71e-06, -2.76e-06, 
[ DEBUG5 "MyRemoveOverlay"]                  1.87e-06, 3.81e-06, 6.19e-06, -2.27e-06, 4.73e-06
[ DEBUG5 "MyRemoveOverlay"] Particles id:    
[ DEBUG5 "MyRemoveOverlay"] Tracks id:    [00010206]
[ DEBUG5 "MyRemoveOverlay"] Clusters id:  [00011026]
[ DEBUG5 "MyRemoveOverlay"] Particle ids ( [id], PDG, (type)): 
[ DEBUG5 "MyRemoveOverlay"]                  [00011161], 000011, (000000) 
[ DEBUG5 "MyRemoveOverlay"]                  [00011162], 000011, (000000) 
[ DEBUG5 "MyRemoveOverlay"]                  [00011163], 000011, (000000) 
[ DEBUG5 "MyRemoveOverlay"]                  [00011164], 000011, (000000) 
[ DEBUG5 "MyRemoveOverlay"]                  [00011165], 000000, (000000) 
[ DEBUG5 "MyRemoveOverlay"] 
[ DEBUG5 "MyRemoveOverlay"] 
[ DEBUG0 "MyRemoveOverlay"] 	MCParticle at index: 0 has PDG: 211 and MCParticle to Track link weight is 1.00e+00
[ DEBUG0 "MyRemoveOverlay"] 	MCParticle at index: 0 with PDG code: 211 has highest link weight to input track
[ DEBUG6 "MyRemoveOverlay"] 		Track is not linked to a MCParticle
[ DEBUG0 "MyRemoveOverlay"] 	MCParticle at index: 0 has PDG: -211 and MCParticle to Cluster link weight is 9.32e-01
[ DEBUG0 "MyRemoveOverlay"] 	MCParticle at index: 0 with PDG code: -211 has highest link weight to input cluster
[ DEBUG0 "MyRemoveOverlay"] 	Cluster at index: 0 has highest link weight to MCParticle = 1.00e+00
[ DEBUG0 "MyRemoveOverlay"] 	Cluster linked to MCParticle with highest weight
[ DEBUG6 "MyRemoveOverlay"] 		Found a linked MCParticle to cluster
[ DEBUG5 "MyRemoveOverlay"] ----------------------------- MCParticle -----------------------------
[ DEBUG5 "MyRemoveOverlay"] Id                                                                9384
[ DEBUG5 "MyRemoveOverlay"] PDG                                                               -211
[ DEBUG5 "MyRemoveOverlay"] Energy [GeV]                                                  5.27e-01
[ DEBUG5 "MyRemoveOverlay"] Momentum [GeV] (x,y,z)                   0.100959, 0.197847, -0.456563
[ DEBUG5 "MyRemoveOverlay"] Momentum at Endpoint[GeV] (x,y,z)         -0.0604374, 0.0130469, -0.210653
[ DEBUG5 "MyRemoveOverlay"] GeneratorStatus                                                      1
[ DEBUG5 "MyRemoveOverlay"] Vertex [mm] (x,y,z)                                     0, 0, 0.329504
[ DEBUG5 "MyRemoveOverlay"] Endpoint [mm] (x,y,z)                      21.0359, -15.2454, -2863.38
[ DEBUG5 "MyRemoveOverlay"] Mass [GeV]                                                    1.40e-01
[ DEBUG5 "MyRemoveOverlay"] Charge                                                       -1.00e+00
[ DEBUG5 "MyRemoveOverlay"] Parents                                                              2
[ DEBUG5 "MyRemoveOverlay"] Daughters                                                            0
[ DEBUG5 "MyRemoveOverlay"] simulator status bits: [sbvtcls]  s: created in simulation b: backscatter v: vertex is not endpoint of parent t: decayed in tracker c: decayed in calorimeter l: has left detector s: stopped o: overlay
[ DEBUG5 "MyRemoveOverlay"] [    c  o]
[ DEBUG5 "MyRemoveOverlay"] 
[ DEBUG7 "MyRemoveOverlay"] 		********** PFO AT INDEX 9 IS OVERLAY **********
[ DEBUG8 "MyRemoveOverlay"] 
[ DEBUG8 "MyRemoveOverlay"] 		-------------------------------------------------------
[ DEBUG8 "MyRemoveOverlay"] 		Processing PFO at index 10
[ DEBUG5 "MyRemoveOverlay"] ------------------ ReconstructedParticle -----------------------------
[ DEBUG5 "MyRemoveOverlay"] Id                                                             0x11166
[ DEBUG5 "MyRemoveOverlay"] Compound                                                             0
[ DEBUG5 "MyRemoveOverlay"] Type                                                              -211
[ DEBUG5 "MyRemoveOverlay"] Momentum (x,y,z)                       +4.15e-01, +5.92e-02, -3.73e-01
[ DEBUG5 "MyRemoveOverlay"] Mass [GeV]                                                    1.40e-01
[ DEBUG5 "MyRemoveOverlay"] Charge [e]                                                   -1.00e+00
[ DEBUG5 "MyRemoveOverlay"] Energy [GeV]                                                  5.78e-01
[ DEBUG5 "MyRemoveOverlay"] ReferencePoint                         +1.59e+01, +2.61e+00, -1.47e+01
[ DEBUG5 "MyRemoveOverlay"] ParticleIDUsed                                                       0
[ DEBUG5 "MyRemoveOverlay"] GoodnessOfPID                                                 0.00e+00
[ DEBUG5 "MyRemoveOverlay"] Covariance p,E:  5.77e-07, 2.04e-08, 6.26e-07, 1.03e-08, -8.54e-09, 
[ DEBUG5 "MyRemoveOverlay"]                  5.86e-07, 4.09e-07, 8.43e-08, -3.72e-07, 5.42e-07
[ DEBUG5 "MyRemoveOverlay"] Particles id:    
[ DEBUG5 "MyRemoveOverlay"] Tracks id:    [00009866]
[ DEBUG5 "MyRemoveOverlay"] Clusters id:  [00011027]
[ DEBUG5 "MyRemoveOverlay"] Particle ids ( [id], PDG, (type)): 
[ DEBUG5 "MyRemoveOverlay"]                  [00011167], 000013, (000000) 
[ DEBUG5 "MyRemoveOverlay"]                  [00011168], 000013, (000000) 
[ DEBUG5 "MyRemoveOverlay"]                  [00011169], 000000, (000000) 
[ DEBUG5 "MyRemoveOverlay"]                  [00011170], 000000, (000000) 
[ DEBUG5 "MyRemoveOverlay"]                  [00011171], 000000, (000000) 
[ DEBUG5 "MyRemoveOverlay"]                  [00011172], 000000, (000000) 
[ DEBUG5 "MyRemoveOverlay"]                  [00011173], 000013, (000000) 
[ DEBUG5 "MyRemoveOverlay"]                  [00011174], 000011, (000000) 
[ DEBUG5 "MyRemoveOverlay"]                  [00011175], 000013, (000000) 
[ DEBUG5 "MyRemoveOverlay"] 
[ DEBUG5 "MyRemoveOverlay"] 
[ DEBUG0 "MyRemoveOverlay"] 	MCParticle at index: 0 has PDG: -211 and MCParticle to Track link weight is 1.00e+00
[ DEBUG0 "MyRemoveOverlay"] 	MCParticle at index: 0 with PDG code: -211 has highest link weight to input track
[ DEBUG6 "MyRemoveOverlay"] 		Track is not linked to a MCParticle
[ DEBUG6 "MyRemoveOverlay"] 		Cluster is not linked to a MCParticle
[ DEBUG7 "MyRemoveOverlay"] 		********** PFO AT INDEX 10 IS NOT OVERLAY **********
[ DEBUG8 "MyRemoveOverlay"] 
[ DEBUG8 "MyRemoveOverlay"] 		-------------------------------------------------------
[ DEBUG8 "MyRemoveOverlay"] 		Processing PFO at index 11
[ DEBUG5 "MyRemoveOverlay"] ------------------ ReconstructedParticle -----------------------------
[ DEBUG5 "MyRemoveOverlay"] Id                                                             0x11176
[ DEBUG5 "MyRemoveOverlay"] Compound                                                             0
[ DEBUG5 "MyRemoveOverlay"] Type                                                                11
[ DEBUG5 "MyRemoveOverlay"] Momentum (x,y,z)                       +3.38e-02, -4.96e-01, -5.24e-01
[ DEBUG5 "MyRemoveOverlay"] Mass [GeV]                                                    5.11e-04
[ DEBUG5 "MyRemoveOverlay"] Charge [e]                                                   -1.00e+00
[ DEBUG5 "MyRemoveOverlay"] Energy [GeV]                                                  7.23e-01
[ DEBUG5 "MyRemoveOverlay"] ReferencePoint                         +1.36e+00, -1.60e+01, -1.70e+01
[ DEBUG5 "MyRemoveOverlay"] ParticleIDUsed                                                       0
[ DEBUG5 "MyRemoveOverlay"] GoodnessOfPID                                                 0.00e+00
[ DEBUG5 "MyRemoveOverlay"] Covariance p,E:  6.79e-07, -3.60e-08, 7.02e-07, -1.19e-08, 6.84e-08, 
[ DEBUG5 "MyRemoveOverlay"]                  7.13e-07, 6.51e-08, -5.33e-07, -5.65e-07, 7.79e-07
[ DEBUG5 "MyRemoveOverlay"] Particles id:    
[ DEBUG5 "MyRemoveOverlay"] Tracks id:    [00009976]
[ DEBUG5 "MyRemoveOverlay"] Clusters id:  [00011028]
[ DEBUG5 "MyRemoveOverlay"] Particle ids ( [id], PDG, (type)): 
[ DEBUG5 "MyRemoveOverlay"]                  [00011177], 000211, (000000) 
[ DEBUG5 "MyRemoveOverlay"]                  [00011178], 000211, (000000) 
[ DEBUG5 "MyRemoveOverlay"]                  [00011179], 000000, (000000) 
[ DEBUG5 "MyRemoveOverlay"]                  [00011180], 000000, (000000) 
[ DEBUG5 "MyRemoveOverlay"]                  [00011181], 000000, (000000) 
[ DEBUG5 "MyRemoveOverlay"]                  [00011182], 000000, (000000) 
[ DEBUG5 "MyRemoveOverlay"]                  [00011183], 000011, (000000) 
[ DEBUG5 "MyRemoveOverlay"]                  [00011184], 000211, (000000) 
[ DEBUG5 "MyRemoveOverlay"]                  [00011185], 000211, (000000) 
[ DEBUG5 "MyRemoveOverlay"] 
[ DEBUG5 "MyRemoveOverlay"] 
[ DEBUG0 "MyRemoveOverlay"] 	MCParticle at index: 0 has PDG: -211 and MCParticle to Track link weight is 1.00e+00
[ DEBUG0 "MyRemoveOverlay"] 	MCParticle at index: 0 with PDG code: -211 has highest link weight to input track
[ DEBUG6 "MyRemoveOverlay"] 		Track is not linked to a MCParticle
[ DEBUG0 "MyRemoveOverlay"] 	MCParticle at index: 0 has PDG: -211 and MCParticle to Cluster link weight is 9.02e-01
[ DEBUG0 "MyRemoveOverlay"] 	MCParticle at index: 0 with PDG code: -211 has highest link weight to input cluster
[ DEBUG6 "MyRemoveOverlay"] 		Cluster is not linked to a MCParticle
[ DEBUG7 "MyRemoveOverlay"] 		********** PFO AT INDEX 11 IS NOT OVERLAY **********
[ DEBUG8 "MyRemoveOverlay"] 
[ DEBUG8 "MyRemoveOverlay"] 		-------------------------------------------------------
[ DEBUG8 "MyRemoveOverlay"] 		Processing PFO at index 12
[ DEBUG5 "MyRemoveOverlay"] ------------------ ReconstructedParticle -----------------------------
[ DEBUG5 "MyRemoveOverlay"] Id                                                             0x11186
[ DEBUG5 "MyRemoveOverlay"] Compound                                                             0
[ DEBUG5 "MyRemoveOverlay"] Type                                                              2212
[ DEBUG5 "MyRemoveOverlay"] Momentum (x,y,z)                       -7.80e-01, +2.85e-02, -5.90e-01
[ DEBUG5 "MyRemoveOverlay"] Mass [GeV]                                                    9.38e-01
[ DEBUG5 "MyRemoveOverlay"] Charge [e]                                                    1.00e+00
[ DEBUG5 "MyRemoveOverlay"] Energy [GeV]                                                  1.36e+00
[ DEBUG5 "MyRemoveOverlay"] ReferencePoint                         -2.80e+02, -1.12e+02, -4.56e+02
[ DEBUG5 "MyRemoveOverlay"] ParticleIDUsed                                                       0
[ DEBUG5 "MyRemoveOverlay"] GoodnessOfPID                                                 0.00e+00
[ DEBUG5 "MyRemoveOverlay"] Covariance p,E:  9.93e-07, -7.43e-07, 1.43e-06, -1.80e-07, 4.86e-07, 
[ DEBUG5 "MyRemoveOverlay"]                  1.14e-06, -5.09e-07, 2.46e-07, -3.83e-07, 4.64e-07
[ DEBUG5 "MyRemoveOverlay"] Particles id:    
[ DEBUG5 "MyRemoveOverlay"] Tracks id:    [00010176]
[ DEBUG5 "MyRemoveOverlay"] Clusters id:  [00011029]
[ DEBUG5 "MyRemoveOverlay"] Particle ids ( [id], PDG, (type)): 
[ DEBUG5 "MyRemoveOverlay"]                  [00011187], 000211, (000000) 
[ DEBUG5 "MyRemoveOverlay"]                  [00011188], 002212, (000000) 
[ DEBUG5 "MyRemoveOverlay"]                  [00011189], 000000, (000000) 
[ DEBUG5 "MyRemoveOverlay"]                  [00011190], 000000, (000000) 
[ DEBUG5 "MyRemoveOverlay"]                  [00011191], 000000, (000000) 
[ DEBUG5 "MyRemoveOverlay"]                  [00011192], 000000, (000000) 
[ DEBUG5 "MyRemoveOverlay"]                  [00011193], 000011, (000000) 
[ DEBUG5 "MyRemoveOverlay"]                  [00011194], 000011, (000000) 
[ DEBUG5 "MyRemoveOverlay"]                  [00011195], 000011, (000000) 
[ DEBUG5 "MyRemoveOverlay"] 
[ DEBUG5 "MyRemoveOverlay"] 
[ DEBUG0 "MyRemoveOverlay"] 	MCParticle at index: 0 has PDG: 2212 and MCParticle to Track link weight is 9.94e-01
[ DEBUG0 "MyRemoveOverlay"] 	MCParticle at index: 0 with PDG code: 2212 has highest link weight to input track
[ DEBUG0 "MyRemoveOverlay"] 	Track at index: 0 has highest link weight to MCParticle = 9.69e-01
[ DEBUG0 "MyRemoveOverlay"] 	Track linked to MCParticle with highest weight
[ DEBUG6 "MyRemoveOverlay"] 		Found a linked MCParticle to track
[ DEBUG5 "MyRemoveOverlay"] ----------------------------- MCParticle -----------------------------
[ DEBUG5 "MyRemoveOverlay"] Id                                                                9268
[ DEBUG5 "MyRemoveOverlay"] PDG                                                               2212
[ DEBUG5 "MyRemoveOverlay"] Energy [GeV]                                                  1.36e+00
[ DEBUG5 "MyRemoveOverlay"] Momentum [GeV] (x,y,z)                  -0.715761, 0.326695, -0.585536
[ DEBUG5 "MyRemoveOverlay"] Momentum at Endpoint[GeV] (x,y,z)                                0, -0, -0
[ DEBUG5 "MyRemoveOverlay"] GeneratorStatus                                                      0
[ DEBUG5 "MyRemoveOverlay"] Vertex [mm] (x,y,z)                        -280.311, -112.432, -455.81
[ DEBUG5 "MyRemoveOverlay"] Endpoint [mm] (x,y,z)                       625.869, 1010.15, -2473.89
[ DEBUG5 "MyRemoveOverlay"] Mass [GeV]                                                    9.38e-01
[ DEBUG5 "MyRemoveOverlay"] Charge                                                        1.00e+00
[ DEBUG5 "MyRemoveOverlay"] Parents                                                              1
[ DEBUG5 "MyRemoveOverlay"] Daughters                                                            0
[ DEBUG5 "MyRemoveOverlay"] simulator status bits: [sbvtcls]  s: created in simulation b: backscatter v: vertex is not endpoint of parent t: decayed in tracker c: decayed in calorimeter l: has left detector s: stopped o: overlay
[ DEBUG5 "MyRemoveOverlay"] [s   c s ]
[ DEBUG5 "MyRemoveOverlay"] 
[ DEBUG0 "MyRemoveOverlay"] 	MCParticle at index: 0 has PDG: 2212 and MCParticle to Cluster link weight is 1.00e+00
[ DEBUG0 "MyRemoveOverlay"] 	MCParticle at index: 0 with PDG code: 2212 has highest link weight to input cluster
[ DEBUG0 "MyRemoveOverlay"] 	Cluster at index: 0 has highest link weight to MCParticle = 1.00e+00
[ DEBUG0 "MyRemoveOverlay"] 	Cluster linked to MCParticle with highest weight
[ DEBUG6 "MyRemoveOverlay"] 		Found a linked MCParticle to cluster
[ DEBUG5 "MyRemoveOverlay"] ----------------------------- MCParticle -----------------------------
[ DEBUG5 "MyRemoveOverlay"] Id                                                                9268
[ DEBUG5 "MyRemoveOverlay"] PDG                                                               2212
[ DEBUG5 "MyRemoveOverlay"] Energy [GeV]                                                  1.36e+00
[ DEBUG5 "MyRemoveOverlay"] Momentum [GeV] (x,y,z)                  -0.715761, 0.326695, -0.585536
[ DEBUG5 "MyRemoveOverlay"] Momentum at Endpoint[GeV] (x,y,z)                                0, -0, -0
[ DEBUG5 "MyRemoveOverlay"] GeneratorStatus                                                      0
[ DEBUG5 "MyRemoveOverlay"] Vertex [mm] (x,y,z)                        -280.311, -112.432, -455.81
[ DEBUG5 "MyRemoveOverlay"] Endpoint [mm] (x,y,z)                       625.869, 1010.15, -2473.89
[ DEBUG5 "MyRemoveOverlay"] Mass [GeV]                                                    9.38e-01
[ DEBUG5 "MyRemoveOverlay"] Charge                                                        1.00e+00
[ DEBUG5 "MyRemoveOverlay"] Parents                                                              1
[ DEBUG5 "MyRemoveOverlay"] Daughters                                                            0
[ DEBUG5 "MyRemoveOverlay"] simulator status bits: [sbvtcls]  s: created in simulation b: backscatter v: vertex is not endpoint of parent t: decayed in tracker c: decayed in calorimeter l: has left detector s: stopped o: overlay
[ DEBUG5 "MyRemoveOverlay"] [s   c s ]
[ DEBUG5 "MyRemoveOverlay"] 
[ DEBUG7 "MyRemoveOverlay"] 		********** PFO AT INDEX 12 IS NOT OVERLAY **********
[ DEBUG8 "MyRemoveOverlay"] 
[ DEBUG8 "MyRemoveOverlay"] 		-------------------------------------------------------
[ DEBUG8 "MyRemoveOverlay"] 		Processing PFO at index 13
[ DEBUG5 "MyRemoveOverlay"] ------------------ ReconstructedParticle -----------------------------
[ DEBUG5 "MyRemoveOverlay"] Id                                                             0x11196
[ DEBUG5 "MyRemoveOverlay"] Compound                                                             0
[ DEBUG5 "MyRemoveOverlay"] Type                                                              -321
[ DEBUG5 "MyRemoveOverlay"] Momentum (x,y,z)                       +3.69e-01, -3.14e-01, -8.44e-01
[ DEBUG5 "MyRemoveOverlay"] Mass [GeV]                                                    4.94e-01
[ DEBUG5 "MyRemoveOverlay"] Charge [e]                                                   -1.00e+00
[ DEBUG5 "MyRemoveOverlay"] Energy [GeV]                                                  1.09e+00
[ DEBUG5 "MyRemoveOverlay"] ReferencePoint                         +4.18e+02, -9.65e+01, -7.84e+02
[ DEBUG5 "MyRemoveOverlay"] ParticleIDUsed                                                       0
[ DEBUG5 "MyRemoveOverlay"] GoodnessOfPID                                                 0.00e+00
[ DEBUG5 "MyRemoveOverlay"] Covariance p,E:  9.45e-04, 1.54e-05, 1.50e-05, -1.20e-03, -1.65e-05, 
[ DEBUG5 "MyRemoveOverlay"]                  1.61e-03, 1.24e-03, 1.36e-05, -1.65e-03, 1.69e-03
[ DEBUG5 "MyRemoveOverlay"] Particles id:    
[ DEBUG5 "MyRemoveOverlay"] Tracks id:    [00009991], [00010141]
[ DEBUG5 "MyRemoveOverlay"] Clusters id:  [00011030]
[ DEBUG5 "MyRemoveOverlay"] Particle ids ( [id], PDG, (type)): 
[ DEBUG5 "MyRemoveOverlay"]                  [00011197], 000013, (000000) 
[ DEBUG5 "MyRemoveOverlay"]                  [00011198], 000321, (000000) 
[ DEBUG5 "MyRemoveOverlay"]                  [00011199], 000013, (000000) 
[ DEBUG5 "MyRemoveOverlay"]                  [00011200], 000211, (000000) 
[ DEBUG5 "MyRemoveOverlay"]                  [00011201], 000321, (000000) 
[ DEBUG5 "MyRemoveOverlay"] 
[ DEBUG5 "MyRemoveOverlay"] 
[ DEBUG0 "MyRemoveOverlay"] 	MCParticle at index: 0 has PDG: -321 and MCParticle to Track link weight is 1.00e+00
[ DEBUG0 "MyRemoveOverlay"] 	MCParticle at index: 0 with PDG code: -321 has highest link weight to input track
[ DEBUG6 "MyRemoveOverlay"] 		Track is not linked to a MCParticle
[ DEBUG0 "MyRemoveOverlay"] 	MCParticle at index: 0 has PDG: -211 and MCParticle to Track link weight is 9.87e-01
[ DEBUG0 "MyRemoveOverlay"] 	MCParticle at index: 0 with PDG code: -211 has highest link weight to input track
[ DEBUG0 "MyRemoveOverlay"] 	Track at index: 0 has highest link weight to MCParticle = 9.74e-01
[ DEBUG0 "MyRemoveOverlay"] 	Track linked to MCParticle with highest weight
[ DEBUG6 "MyRemoveOverlay"] 		Found a linked MCParticle to track
[ DEBUG5 "MyRemoveOverlay"] ----------------------------- MCParticle -----------------------------
[ DEBUG5 "MyRemoveOverlay"] Id                                                                9303
[ DEBUG5 "MyRemoveOverlay"] PDG                                                               -211
[ DEBUG5 "MyRemoveOverlay"] Energy [GeV]                                                  7.83e-01
[ DEBUG5 "MyRemoveOverlay"] Momentum [GeV] (x,y,z)                   0.454684, 0.223038, -0.581001
[ DEBUG5 "MyRemoveOverlay"] Momentum at Endpoint[GeV] (x,y,z)                               -0, -0, -0
[ DEBUG5 "MyRemoveOverlay"] GeneratorStatus                                                      0
[ DEBUG5 "MyRemoveOverlay"] Vertex [mm] (x,y,z)                        503.028, -67.9507, -940.194
[ DEBUG5 "MyRemoveOverlay"] Endpoint [mm] (x,y,z)                       70.5315, 743.743, -2672.76
[ DEBUG5 "MyRemoveOverlay"] Mass [GeV]                                                    1.40e-01
[ DEBUG5 "MyRemoveOverlay"] Charge                                                       -1.00e+00
[ DEBUG5 "MyRemoveOverlay"] Parents                                                              1
[ DEBUG5 "MyRemoveOverlay"] Daughters                                                            0
[ DEBUG5 "MyRemoveOverlay"] simulator status bits: [sbvtcls]  s: created in simulation b: backscatter v: vertex is not endpoint of parent t: decayed in tracker c: decayed in calorimeter l: has left detector s: stopped o: overlay
[ DEBUG5 "MyRemoveOverlay"] [s   c s ]
[ DEBUG5 "MyRemoveOverlay"] 
[ DEBUG0 "MyRemoveOverlay"] 	MCParticle at index: 0 has PDG: -211 and MCParticle to Cluster link weight is 9.43e-01
[ DEBUG0 "MyRemoveOverlay"] 	MCParticle at index: 0 with PDG code: -211 has highest link weight to input cluster
[ DEBUG0 "MyRemoveOverlay"] 	Cluster at index: 0 has highest link weight to MCParticle = 1.00e+00
[ DEBUG0 "MyRemoveOverlay"] 	Cluster linked to MCParticle with highest weight
[ DEBUG6 "MyRemoveOverlay"] 		Found a linked MCParticle to cluster
[ DEBUG5 "MyRemoveOverlay"] ----------------------------- MCParticle -----------------------------
[ DEBUG5 "MyRemoveOverlay"] Id                                                                9303
[ DEBUG5 "MyRemoveOverlay"] PDG                                                               -211
[ DEBUG5 "MyRemoveOverlay"] Energy [GeV]                                                  7.83e-01
[ DEBUG5 "MyRemoveOverlay"] Momentum [GeV] (x,y,z)                   0.454684, 0.223038, -0.581001
[ DEBUG5 "MyRemoveOverlay"] Momentum at Endpoint[GeV] (x,y,z)                               -0, -0, -0
[ DEBUG5 "MyRemoveOverlay"] GeneratorStatus                                                      0
[ DEBUG5 "MyRemoveOverlay"] Vertex [mm] (x,y,z)                        503.028, -67.9507, -940.194
[ DEBUG5 "MyRemoveOverlay"] Endpoint [mm] (x,y,z)                       70.5315, 743.743, -2672.76
[ DEBUG5 "MyRemoveOverlay"] Mass [GeV]                                                    1.40e-01
[ DEBUG5 "MyRemoveOverlay"] Charge                                                       -1.00e+00
[ DEBUG5 "MyRemoveOverlay"] Parents                                                              1
[ DEBUG5 "MyRemoveOverlay"] Daughters                                                            0
[ DEBUG5 "MyRemoveOverlay"] simulator status bits: [sbvtcls]  s: created in simulation b: backscatter v: vertex is not endpoint of parent t: decayed in tracker c: decayed in calorimeter l: has left detector s: stopped o: overlay
[ DEBUG5 "MyRemoveOverlay"] [s   c s ]
[ DEBUG5 "MyRemoveOverlay"] 
[ DEBUG7 "MyRemoveOverlay"] 		********** PFO AT INDEX 13 IS NOT OVERLAY **********
[ DEBUG8 "MyRemoveOverlay"] 
[ DEBUG8 "MyRemoveOverlay"] 		-------------------------------------------------------
[ DEBUG8 "MyRemoveOverlay"] 		Processing PFO at index 14
[ DEBUG5 "MyRemoveOverlay"] ------------------ ReconstructedParticle -----------------------------
[ DEBUG5 "MyRemoveOverlay"] Id                                                             0x11202
[ DEBUG5 "MyRemoveOverlay"] Compound                                                             0
[ DEBUG5 "MyRemoveOverlay"] Type                                                              -211
[ DEBUG5 "MyRemoveOverlay"] Momentum (x,y,z)                       -1.96e+00, +5.19e+00, -3.55e+00
[ DEBUG5 "MyRemoveOverlay"] Mass [GeV]                                                    1.40e-01
[ DEBUG5 "MyRemoveOverlay"] Charge [e]                                                   -1.00e+00
[ DEBUG5 "MyRemoveOverlay"] Energy [GeV]                                                  6.59e+00
[ DEBUG5 "MyRemoveOverlay"] ReferencePoint                         -5.95e+00, +1.54e+01, -1.07e+01
[ DEBUG5 "MyRemoveOverlay"] ParticleIDUsed                                                       0
[ DEBUG5 "MyRemoveOverlay"] GoodnessOfPID                                                 0.00e+00
[ DEBUG5 "MyRemoveOverlay"] Covariance p,E:  3.30e-06, -6.47e-06, 1.75e-05, 4.47e-06, -1.15e-05, 
[ DEBUG5 "MyRemoveOverlay"]                  8.67e-06, -8.49e-06, 2.19e-05, -1.51e-05, 2.79e-05
[ DEBUG5 "MyRemoveOverlay"] Particles id:    
[ DEBUG5 "MyRemoveOverlay"] Tracks id:    [00009881]
[ DEBUG5 "MyRemoveOverlay"] Clusters id:  [00011031]
[ DEBUG5 "MyRemoveOverlay"] Particle ids ( [id], PDG, (type)): 
[ DEBUG5 "MyRemoveOverlay"]                  [00011203], 000321, (000000) 
[ DEBUG5 "MyRemoveOverlay"]                  [00011204], 000000, (000000) 
[ DEBUG5 "MyRemoveOverlay"]                  [00011205], 000000, (000000) 
[ DEBUG5 "MyRemoveOverlay"]                  [00011206], 000000, (000000) 
[ DEBUG5 "MyRemoveOverlay"]                  [00011207], 000000, (000000) 
[ DEBUG5 "MyRemoveOverlay"]                  [00011208], 000000, (000000) 
[ DEBUG5 "MyRemoveOverlay"]                  [00011209], 000011, (000000) 
[ DEBUG5 "MyRemoveOverlay"]                  [00011210], 000321, (000000) 
[ DEBUG5 "MyRemoveOverlay"]                  [00011211], 000011, (000000) 
[ DEBUG5 "MyRemoveOverlay"] 
[ DEBUG5 "MyRemoveOverlay"] 
[ DEBUG0 "MyRemoveOverlay"] 	MCParticle at index: 0 has PDG: -211 and MCParticle to Track link weight is 1.00e+00
[ DEBUG0 "MyRemoveOverlay"] 	MCParticle at index: 0 with PDG code: -211 has highest link weight to input track
[ DEBUG0 "MyRemoveOverlay"] 	Track at index: 0 has highest link weight to MCParticle = 9.96e-01
[ DEBUG0 "MyRemoveOverlay"] 	Track linked to MCParticle with highest weight
[ DEBUG6 "MyRemoveOverlay"] 		Found a linked MCParticle to track
[ DEBUG5 "MyRemoveOverlay"] ----------------------------- MCParticle -----------------------------
[ DEBUG5 "MyRemoveOverlay"] Id                                                                9145
[ DEBUG5 "MyRemoveOverlay"] PDG                                                               -211
[ DEBUG5 "MyRemoveOverlay"] Energy [GeV]                                                  6.60e+00
[ DEBUG5 "MyRemoveOverlay"] Momentum [GeV] (x,y,z)                     -1.96868, 5.19817, -3.56059
[ DEBUG5 "MyRemoveOverlay"] Momentum at Endpoint[GeV] (x,y,z)                                -0, 0, -0
[ DEBUG5 "MyRemoveOverlay"] GeneratorStatus                                                      1
[ DEBUG5 "MyRemoveOverlay"] Vertex [mm] (x,y,z)                      -0.483282, 1.07788, -0.911935
[ DEBUG5 "MyRemoveOverlay"] Endpoint [mm] (x,y,z)                         -971.072, 1617.08, -1215
[ DEBUG5 "MyRemoveOverlay"] Mass [GeV]                                                    1.40e-01
[ DEBUG5 "MyRemoveOverlay"] Charge                                                       -1.00e+00
[ DEBUG5 "MyRemoveOverlay"] Parents                                                              1
[ DEBUG5 "MyRemoveOverlay"] Daughters                                                            0
[ DEBUG5 "MyRemoveOverlay"] simulator status bits: [sbvtcls]  s: created in simulation b: backscatter v: vertex is not endpoint of parent t: decayed in tracker c: decayed in calorimeter l: has left detector s: stopped o: overlay
[ DEBUG5 "MyRemoveOverlay"] [    c s ]
[ DEBUG5 "MyRemoveOverlay"] 
[ DEBUG0 "MyRemoveOverlay"] 	MCParticle at index: 1 has PDG: -211 and MCParticle to Cluster link weight is 9.91e-01
[ DEBUG0 "MyRemoveOverlay"] 	MCParticle at index: 1 with PDG code: -211 has highest link weight to input cluster
[ DEBUG0 "MyRemoveOverlay"] 	Cluster at index: 0 has highest link weight to MCParticle = 9.75e-01
[ DEBUG0 "MyRemoveOverlay"] 	Cluster linked to MCParticle with highest weight
[ DEBUG6 "MyRemoveOverlay"] 		Found a linked MCParticle to cluster
[ DEBUG5 "MyRemoveOverlay"] ----------------------------- MCParticle -----------------------------
[ DEBUG5 "MyRemoveOverlay"] Id                                                                9145
[ DEBUG5 "MyRemoveOverlay"] PDG                                                               -211
[ DEBUG5 "MyRemoveOverlay"] Energy [GeV]                                                  6.60e+00
[ DEBUG5 "MyRemoveOverlay"] Momentum [GeV] (x,y,z)                     -1.96868, 5.19817, -3.56059
[ DEBUG5 "MyRemoveOverlay"] Momentum at Endpoint[GeV] (x,y,z)                                -0, 0, -0
[ DEBUG5 "MyRemoveOverlay"] GeneratorStatus                                                      1
[ DEBUG5 "MyRemoveOverlay"] Vertex [mm] (x,y,z)                      -0.483282, 1.07788, -0.911935
[ DEBUG5 "MyRemoveOverlay"] Endpoint [mm] (x,y,z)                         -971.072, 1617.08, -1215
[ DEBUG5 "MyRemoveOverlay"] Mass [GeV]                                                    1.40e-01
[ DEBUG5 "MyRemoveOverlay"] Charge                                                       -1.00e+00
[ DEBUG5 "MyRemoveOverlay"] Parents                                                              1
[ DEBUG5 "MyRemoveOverlay"] Daughters                                                            0
[ DEBUG5 "MyRemoveOverlay"] simulator status bits: [sbvtcls]  s: created in simulation b: backscatter v: vertex is not endpoint of parent t: decayed in tracker c: decayed in calorimeter l: has left detector s: stopped o: overlay
[ DEBUG5 "MyRemoveOverlay"] [    c s ]
[ DEBUG5 "MyRemoveOverlay"] 
[ DEBUG7 "MyRemoveOverlay"] 		********** PFO AT INDEX 14 IS NOT OVERLAY **********
[ DEBUG8 "MyRemoveOverlay"] 
[ DEBUG8 "MyRemoveOverlay"] 		-------------------------------------------------------
[ DEBUG8 "MyRemoveOverlay"] 		Processing PFO at index 15
[ DEBUG5 "MyRemoveOverlay"] ------------------ ReconstructedParticle -----------------------------
[ DEBUG5 "MyRemoveOverlay"] Id                                                             0x11212
[ DEBUG5 "MyRemoveOverlay"] Compound                                                             0
[ DEBUG5 "MyRemoveOverlay"] Type                                                             -2212
[ DEBUG5 "MyRemoveOverlay"] Momentum (x,y,z)                       -1.08e+00, -9.18e-01, -6.57e-01
[ DEBUG5 "MyRemoveOverlay"] Mass [GeV]                                                    9.38e-01
[ DEBUG5 "MyRemoveOverlay"] Charge [e]                                                   -1.00e+00
[ DEBUG5 "MyRemoveOverlay"] Energy [GeV]                                                  1.82e+00
[ DEBUG5 "MyRemoveOverlay"] ReferencePoint                         -1.24e+01, -1.07e+01, -7.71e+00
[ DEBUG5 "MyRemoveOverlay"] ParticleIDUsed                                                       0
[ DEBUG5 "MyRemoveOverlay"] GoodnessOfPID                                                 0.00e+00
[ DEBUG5 "MyRemoveOverlay"] Covariance p,E:  1.29e-06, 5.17e-07, 1.19e-06, 3.58e-07, 3.26e-07, 
[ DEBUG5 "MyRemoveOverlay"]                  9.45e-07, -1.15e-06, -1.03e-06, -7.17e-07, 1.46e-06
[ DEBUG5 "MyRemoveOverlay"] Particles id:    
[ DEBUG5 "MyRemoveOverlay"] Tracks id:    [00009926]
[ DEBUG5 "MyRemoveOverlay"] Clusters id:  [00011032]
[ DEBUG5 "MyRemoveOverlay"] Particle ids ( [id], PDG, (type)): 
[ DEBUG5 "MyRemoveOverlay"]                  [00011213], 000321, (000000) 
[ DEBUG5 "MyRemoveOverlay"]                  [00011214], 000000, (000000) 
[ DEBUG5 "MyRemoveOverlay"]                  [00011215], 000000, (000000) 
[ DEBUG5 "MyRemoveOverlay"]                  [00011216], 000000, (000000) 
[ DEBUG5 "MyRemoveOverlay"]                  [00011217], 000000, (000000) 
[ DEBUG5 "MyRemoveOverlay"]                  [00011218], 000000, (000000) 
[ DEBUG5 "MyRemoveOverlay"]                  [00011219], 000013, (000000) 
[ DEBUG5 "MyRemoveOverlay"]                  [00011220], 000211, (000000) 
[ DEBUG5 "MyRemoveOverlay"]                  [00011221], 000013, (000000) 
[ DEBUG5 "MyRemoveOverlay"] 
[ DEBUG5 "MyRemoveOverlay"] 
[ DEBUG0 "MyRemoveOverlay"] 	MCParticle at index: 0 has PDG: -2212 and MCParticle to Track link weight is 1.00e+00
[ DEBUG0 "MyRemoveOverlay"] 	MCParticle at index: 0 with PDG code: -2212 has highest link weight to input track
[ DEBUG0 "MyRemoveOverlay"] 	Track at index: 0 has highest link weight to MCParticle = 9.83e-01
[ DEBUG0 "MyRemoveOverlay"] 	Track linked to MCParticle with highest weight
[ DEBUG6 "MyRemoveOverlay"] 		Found a linked MCParticle to track
[ DEBUG5 "MyRemoveOverlay"] ----------------------------- MCParticle -----------------------------
[ DEBUG5 "MyRemoveOverlay"] Id                                                                9170
[ DEBUG5 "MyRemoveOverlay"] PDG                                                              -2212
[ DEBUG5 "MyRemoveOverlay"] Energy [GeV]                                                  1.82e+00
[ DEBUG5 "MyRemoveOverlay"] Momentum [GeV] (x,y,z)                  -1.07705, -0.918104, -0.655415
[ DEBUG5 "MyRemoveOverlay"] Momentum at Endpoint[GeV] (x,y,z)                                0, -0, -0
[ DEBUG5 "MyRemoveOverlay"] GeneratorStatus                                                      1
[ DEBUG5 "MyRemoveOverlay"] Vertex [mm] (x,y,z)                                    0, 0, -0.112554
[ DEBUG5 "MyRemoveOverlay"] Endpoint [mm] (x,y,z)                      -89.985, -1949.96, -1022.44
[ DEBUG5 "MyRemoveOverlay"] Mass [GeV]                                                    9.38e-01
[ DEBUG5 "MyRemoveOverlay"] Charge                                                       -1.00e+00
[ DEBUG5 "MyRemoveOverlay"] Parents                                                              1
[ DEBUG5 "MyRemoveOverlay"] Daughters                                                            0
[ DEBUG5 "MyRemoveOverlay"] simulator status bits: [sbvtcls]  s: created in simulation b: backscatter v: vertex is not endpoint of parent t: decayed in tracker c: decayed in calorimeter l: has left detector s: stopped o: overlay
[ DEBUG5 "MyRemoveOverlay"] [    c s ]
[ DEBUG5 "MyRemoveOverlay"] 
[ DEBUG0 "MyRemoveOverlay"] 	MCParticle at index: 0 has PDG: -2212 and MCParticle to Cluster link weight is 9.90e-01
[ DEBUG0 "MyRemoveOverlay"] 	MCParticle at index: 0 with PDG code: -2212 has highest link weight to input cluster
[ DEBUG0 "MyRemoveOverlay"] 	Cluster at index: 0 has highest link weight to MCParticle = 9.70e-01
[ DEBUG0 "MyRemoveOverlay"] 	Cluster linked to MCParticle with highest weight
[ DEBUG6 "MyRemoveOverlay"] 		Found a linked MCParticle to cluster
[ DEBUG5 "MyRemoveOverlay"] ----------------------------- MCParticle -----------------------------
[ DEBUG5 "MyRemoveOverlay"] Id                                                                9170
[ DEBUG5 "MyRemoveOverlay"] PDG                                                              -2212
[ DEBUG5 "MyRemoveOverlay"] Energy [GeV]                                                  1.82e+00
[ DEBUG5 "MyRemoveOverlay"] Momentum [GeV] (x,y,z)                  -1.07705, -0.918104, -0.655415
[ DEBUG5 "MyRemoveOverlay"] Momentum at Endpoint[GeV] (x,y,z)                                0, -0, -0
[ DEBUG5 "MyRemoveOverlay"] GeneratorStatus                                                      1
[ DEBUG5 "MyRemoveOverlay"] Vertex [mm] (x,y,z)                                    0, 0, -0.112554
[ DEBUG5 "MyRemoveOverlay"] Endpoint [mm] (x,y,z)                      -89.985, -1949.96, -1022.44
[ DEBUG5 "MyRemoveOverlay"] Mass [GeV]                                                    9.38e-01
[ DEBUG5 "MyRemoveOverlay"] Charge                                                       -1.00e+00
[ DEBUG5 "MyRemoveOverlay"] Parents                                                              1
[ DEBUG5 "MyRemoveOverlay"] Daughters                                                            0
[ DEBUG5 "MyRemoveOverlay"] simulator status bits: [sbvtcls]  s: created in simulation b: backscatter v: vertex is not endpoint of parent t: decayed in tracker c: decayed in calorimeter l: has left detector s: stopped o: overlay
[ DEBUG5 "MyRemoveOverlay"] [    c s ]
[ DEBUG5 "MyRemoveOverlay"] 
[ DEBUG7 "MyRemoveOverlay"] 		********** PFO AT INDEX 15 IS NOT OVERLAY **********
[ DEBUG8 "MyRemoveOverlay"] 
[ DEBUG8 "MyRemoveOverlay"] 		-------------------------------------------------------
[ DEBUG8 "MyRemoveOverlay"] 		Processing PFO at index 16
[ DEBUG5 "MyRemoveOverlay"] ------------------ ReconstructedParticle -----------------------------
[ DEBUG5 "MyRemoveOverlay"] Id                                                             0x11222
[ DEBUG5 "MyRemoveOverlay"] Compound                                                             0
[ DEBUG5 "MyRemoveOverlay"] Type                                                              2212
[ DEBUG5 "MyRemoveOverlay"] Momentum (x,y,z)                       -8.94e-01, -9.65e-01, -4.65e-01
[ DEBUG5 "MyRemoveOverlay"] Mass [GeV]                                                    9.38e-01
[ DEBUG5 "MyRemoveOverlay"] Charge [e]                                                    1.00e+00
[ DEBUG5 "MyRemoveOverlay"] Energy [GeV]                                                  1.68e+00
[ DEBUG5 "MyRemoveOverlay"] ReferencePoint                         -1.10e+01, -1.17e+01, -5.80e+00
[ DEBUG5 "MyRemoveOverlay"] ParticleIDUsed                                                       0
[ DEBUG5 "MyRemoveOverlay"] GoodnessOfPID                                                 0.00e+00
[ DEBUG5 "MyRemoveOverlay"] Covariance p,E:  1.02e-06, 2.87e-07, 1.01e-06, 1.41e-07, 1.46e-07, 
[ DEBUG5 "MyRemoveOverlay"]                  7.97e-07, -7.47e-07, -7.71e-07, -3.79e-07, 9.45e-07
[ DEBUG5 "MyRemoveOverlay"] Particles id:    
[ DEBUG5 "MyRemoveOverlay"] Tracks id:    [00009956]
[ DEBUG5 "MyRemoveOverlay"] Clusters id:  [00011033]
[ DEBUG5 "MyRemoveOverlay"] Particle ids ( [id], PDG, (type)): 
[ DEBUG5 "MyRemoveOverlay"]                  [00011223], 000211, (000000) 
[ DEBUG5 "MyRemoveOverlay"]                  [00011224], 000000, (000000) 
[ DEBUG5 "MyRemoveOverlay"]                  [00011225], 000000, (000000) 
[ DEBUG5 "MyRemoveOverlay"]                  [00011226], 000000, (000000) 
[ DEBUG5 "MyRemoveOverlay"]                  [00011227], 000000, (000000) 
[ DEBUG5 "MyRemoveOverlay"]                  [00011228], 000000, (000000) 
[ DEBUG5 "MyRemoveOverlay"]                  [00011229], 000013, (000000) 
[ DEBUG5 "MyRemoveOverlay"]                  [00011230], 000211, (000000) 
[ DEBUG5 "MyRemoveOverlay"]                  [00011231], 000013, (000000) 
[ DEBUG5 "MyRemoveOverlay"] 
[ DEBUG5 "MyRemoveOverlay"] 
[ DEBUG0 "MyRemoveOverlay"] 	MCParticle at index: 0 has PDG: 2212 and MCParticle to Track link weight is 1.00e+00
[ DEBUG0 "MyRemoveOverlay"] 	MCParticle at index: 0 with PDG code: 2212 has highest link weight to input track
[ DEBUG0 "MyRemoveOverlay"] 	Track at index: 0 has highest link weight to MCParticle = 9.96e-01
[ DEBUG0 "MyRemoveOverlay"] 	Track linked to MCParticle with highest weight
[ DEBUG6 "MyRemoveOverlay"] 		Found a linked MCParticle to track
[ DEBUG5 "MyRemoveOverlay"] ----------------------------- MCParticle -----------------------------
[ DEBUG5 "MyRemoveOverlay"] Id                                                                9171
[ DEBUG5 "MyRemoveOverlay"] PDG                                                               2212
[ DEBUG5 "MyRemoveOverlay"] Energy [GeV]                                                  1.68e+00
[ DEBUG5 "MyRemoveOverlay"] Momentum [GeV] (x,y,z)                 -0.894362, -0.965611, -0.464831
[ DEBUG5 "MyRemoveOverlay"] Momentum at Endpoint[GeV] (x,y,z)                                -0, 0, -0
[ DEBUG5 "MyRemoveOverlay"] GeneratorStatus                                                      1
[ DEBUG5 "MyRemoveOverlay"] Vertex [mm] (x,y,z)                                    0, 0, -0.112554
[ DEBUG5 "MyRemoveOverlay"] Endpoint [mm] (x,y,z)                       -1932.82, 105.288, -775.02
[ DEBUG5 "MyRemoveOverlay"] Mass [GeV]                                                    9.38e-01
[ DEBUG5 "MyRemoveOverlay"] Charge                                                        1.00e+00
[ DEBUG5 "MyRemoveOverlay"] Parents                                                              1
[ DEBUG5 "MyRemoveOverlay"] Daughters                                                            0
[ DEBUG5 "MyRemoveOverlay"] simulator status bits: [sbvtcls]  s: created in simulation b: backscatter v: vertex is not endpoint of parent t: decayed in tracker c: decayed in calorimeter l: has left detector s: stopped o: overlay
[ DEBUG5 "MyRemoveOverlay"] [    c s ]
[ DEBUG5 "MyRemoveOverlay"] 
[ DEBUG0 "MyRemoveOverlay"] 	MCParticle at index: 0 has PDG: 2212 and MCParticle to Cluster link weight is 1.00e+00
[ DEBUG0 "MyRemoveOverlay"] 	MCParticle at index: 0 with PDG code: 2212 has highest link weight to input cluster
[ DEBUG0 "MyRemoveOverlay"] 	Cluster at index: 0 has highest link weight to MCParticle = 9.68e-01
[ DEBUG0 "MyRemoveOverlay"] 	Cluster linked to MCParticle with highest weight
[ DEBUG6 "MyRemoveOverlay"] 		Found a linked MCParticle to cluster
[ DEBUG5 "MyRemoveOverlay"] ----------------------------- MCParticle -----------------------------
[ DEBUG5 "MyRemoveOverlay"] Id                                                                9171
[ DEBUG5 "MyRemoveOverlay"] PDG                                                               2212
[ DEBUG5 "MyRemoveOverlay"] Energy [GeV]                                                  1.68e+00
[ DEBUG5 "MyRemoveOverlay"] Momentum [GeV] (x,y,z)                 -0.894362, -0.965611, -0.464831
[ DEBUG5 "MyRemoveOverlay"] Momentum at Endpoint[GeV] (x,y,z)                                -0, 0, -0
[ DEBUG5 "MyRemoveOverlay"] GeneratorStatus                                                      1
[ DEBUG5 "MyRemoveOverlay"] Vertex [mm] (x,y,z)                                    0, 0, -0.112554
[ DEBUG5 "MyRemoveOverlay"] Endpoint [mm] (x,y,z)                       -1932.82, 105.288, -775.02
[ DEBUG5 "MyRemoveOverlay"] Mass [GeV]                                                    9.38e-01
[ DEBUG5 "MyRemoveOverlay"] Charge                                                        1.00e+00
[ DEBUG5 "MyRemoveOverlay"] Parents                                                              1
[ DEBUG5 "MyRemoveOverlay"] Daughters                                                            0
[ DEBUG5 "MyRemoveOverlay"] simulator status bits: [sbvtcls]  s: created in simulation b: backscatter v: vertex is not endpoint of parent t: decayed in tracker c: decayed in calorimeter l: has left detector s: stopped o: overlay
[ DEBUG5 "MyRemoveOverlay"] [    c s ]
[ DEBUG5 "MyRemoveOverlay"] 
[ DEBUG7 "MyRemoveOverlay"] 		********** PFO AT INDEX 16 IS NOT OVERLAY **********
[ DEBUG8 "MyRemoveOverlay"] 
[ DEBUG8 "MyRemoveOverlay"] 		-------------------------------------------------------
[ DEBUG8 "MyRemoveOverlay"] 		Processing PFO at index 17
[ DEBUG5 "MyRemoveOverlay"] ------------------ ReconstructedParticle -----------------------------
[ DEBUG5 "MyRemoveOverlay"] Id                                                             0x11232
[ DEBUG5 "MyRemoveOverlay"] Compound                                                             0
[ DEBUG5 "MyRemoveOverlay"] Type                                                               211
[ DEBUG5 "MyRemoveOverlay"] Momentum (x,y,z)                       -9.81e-01, -7.50e-01, -2.08e-01
[ DEBUG5 "MyRemoveOverlay"] Mass [GeV]                                                    1.40e-01
[ DEBUG5 "MyRemoveOverlay"] Charge [e]                                                    1.00e+00
[ DEBUG5 "MyRemoveOverlay"] Energy [GeV]                                                  1.26e+00
[ DEBUG5 "MyRemoveOverlay"] ReferencePoint                         -1.34e+01, -1.00e+01, -2.92e+00
[ DEBUG5 "MyRemoveOverlay"] ParticleIDUsed                                                       0
[ DEBUG5 "MyRemoveOverlay"] GoodnessOfPID                                                 0.00e+00
[ DEBUG5 "MyRemoveOverlay"] Covariance p,E:  6.54e-07, 9.83e-08, 5.65e-07, 2.90e-08, 2.08e-08, 
[ DEBUG5 "MyRemoveOverlay"]                  5.10e-07, -5.73e-07, -4.16e-07, -1.19e-07, 7.13e-07
[ DEBUG5 "MyRemoveOverlay"] Particles id:    
[ DEBUG5 "MyRemoveOverlay"] Tracks id:    [00009906]
[ DEBUG5 "MyRemoveOverlay"] Clusters id:  
[ DEBUG5 "MyRemoveOverlay"] Particle ids ( [id], PDG, (type)): 
[ DEBUG5 "MyRemoveOverlay"]                  [00011233], 000321, (000000) 
[ DEBUG5 "MyRemoveOverlay"]                  [00011234], 000321, (000000) 
[ DEBUG5 "MyRemoveOverlay"]                  [00011235], 000011, (000000) 
[ DEBUG5 "MyRemoveOverlay"]                  [00011236], 000011, (000000) 
[ DEBUG5 "MyRemoveOverlay"]                  [00011237], 000000, (000000) 
[ DEBUG5 "MyRemoveOverlay"] 
[ DEBUG5 "MyRemoveOverlay"] 
[ DEBUG0 "MyRemoveOverlay"] 	MCParticle at index: 0 has PDG: 211 and MCParticle to Track link weight is 1.00e+00
[ DEBUG0 "MyRemoveOverlay"] 	MCParticle at index: 0 with PDG code: 211 has highest link weight to input track
[ DEBUG0 "MyRemoveOverlay"] 	Track at index: 0 has highest link weight to MCParticle = 9.91e-01
[ DEBUG0 "MyRemoveOverlay"] 	Track linked to MCParticle with highest weight
[ DEBUG6 "MyRemoveOverlay"] 		Found a linked MCParticle to track
[ DEBUG5 "MyRemoveOverlay"] ----------------------------- MCParticle -----------------------------
[ DEBUG5 "MyRemoveOverlay"] Id                                                                9202
[ DEBUG5 "MyRemoveOverlay"] PDG                                                                211
[ DEBUG5 "MyRemoveOverlay"] Energy [GeV]                                                  1.26e+00
[ DEBUG5 "MyRemoveOverlay"] Momentum [GeV] (x,y,z)                 -0.982681, -0.749994, -0.207972
[ DEBUG5 "MyRemoveOverlay"] Momentum at Endpoint[GeV] (x,y,z)                                -0, 0, -0
[ DEBUG5 "MyRemoveOverlay"] GeneratorStatus                                                      1
[ DEBUG5 "MyRemoveOverlay"] Vertex [mm] (x,y,z)            -1.38837e-309, -1.45535e-309, -0.112554
[ DEBUG5 "MyRemoveOverlay"] Endpoint [mm] (x,y,z)                       -1868.6, 679.154, -423.703
[ DEBUG5 "MyRemoveOverlay"] Mass [GeV]                                                    1.40e-01
[ DEBUG5 "MyRemoveOverlay"] Charge                                                        1.00e+00
[ DEBUG5 "MyRemoveOverlay"] Parents                                                              1
[ DEBUG5 "MyRemoveOverlay"] Daughters                                                            0
[ DEBUG5 "MyRemoveOverlay"] simulator status bits: [sbvtcls]  s: created in simulation b: backscatter v: vertex is not endpoint of parent t: decayed in tracker c: decayed in calorimeter l: has left detector s: stopped o: overlay
[ DEBUG5 "MyRemoveOverlay"] [    c s ]
[ DEBUG5 "MyRemoveOverlay"] 
[ DEBUG7 "MyRemoveOverlay"] 		********** PFO AT INDEX 17 IS NOT OVERLAY **********
[ DEBUG8 "MyRemoveOverlay"] 
[ DEBUG8 "MyRemoveOverlay"] 		-------------------------------------------------------
[ DEBUG8 "MyRemoveOverlay"] 		Processing PFO at index 18
[ DEBUG5 "MyRemoveOverlay"] ------------------ ReconstructedParticle -----------------------------
[ DEBUG5 "MyRemoveOverlay"] Id                                                             0x11238
[ DEBUG5 "MyRemoveOverlay"] Compound                                                             0
[ DEBUG5 "MyRemoveOverlay"] Type                                                               211
[ DEBUG5 "MyRemoveOverlay"] Momentum (x,y,z)                       -4.79e+00, -3.33e+00, +1.44e-01
[ DEBUG5 "MyRemoveOverlay"] Mass [GeV]                                                    1.40e-01
[ DEBUG5 "MyRemoveOverlay"] Charge [e]                                                    1.00e+00
[ DEBUG5 "MyRemoveOverlay"] Energy [GeV]                                                  5.84e+00
[ DEBUG5 "MyRemoveOverlay"] ReferencePoint                         -1.39e+01, -9.64e+00, +3.34e-01
[ DEBUG5 "MyRemoveOverlay"] ParticleIDUsed                                                       0
[ DEBUG5 "MyRemoveOverlay"] GoodnessOfPID                                                 0.00e+00
[ DEBUG5 "MyRemoveOverlay"] Covariance p,E:  1.24e-05, 8.00e-06, 6.16e-06, -3.49e-07, -2.39e-07, 
[ DEBUG5 "MyRemoveOverlay"]                  7.22e-07, -1.48e-05, -1.01e-05, 4.41e-07, 1.79e-05
[ DEBUG5 "MyRemoveOverlay"] Particles id:    
[ DEBUG5 "MyRemoveOverlay"] Tracks id:    [00009911]
[ DEBUG5 "MyRemoveOverlay"] Clusters id:  [00011034]
[ DEBUG5 "MyRemoveOverlay"] Particle ids ( [id], PDG, (type)): 
[ DEBUG5 "MyRemoveOverlay"]                  [00011239], 000211, (000000) 
[ DEBUG5 "MyRemoveOverlay"]                  [00011240], 000000, (000000) 
[ DEBUG5 "MyRemoveOverlay"]                  [00011241], 000000, (000000) 
[ DEBUG5 "MyRemoveOverlay"]                  [00011242], 000000, (000000) 
[ DEBUG5 "MyRemoveOverlay"]                  [00011243], 000000, (000000) 
[ DEBUG5 "MyRemoveOverlay"]                  [00011244], 000000, (000000) 
[ DEBUG5 "MyRemoveOverlay"]                  [00011245], 000011, (000000) 
[ DEBUG5 "MyRemoveOverlay"]                  [00011246], 000211, (000000) 
[ DEBUG5 "MyRemoveOverlay"]                  [00011247], 000011, (000000) 
[ DEBUG5 "MyRemoveOverlay"] 
[ DEBUG5 "MyRemoveOverlay"] 
[ DEBUG0 "MyRemoveOverlay"] 	MCParticle at index: 0 has PDG: 211 and MCParticle to Track link weight is 1.00e+00
[ DEBUG0 "MyRemoveOverlay"] 	MCParticle at index: 0 with PDG code: 211 has highest link weight to input track
[ DEBUG0 "MyRemoveOverlay"] 	Track at index: 0 has highest link weight to MCParticle = 9.83e-01
[ DEBUG0 "MyRemoveOverlay"] 	Track linked to MCParticle with highest weight
[ DEBUG6 "MyRemoveOverlay"] 		Found a linked MCParticle to track
[ DEBUG5 "MyRemoveOverlay"] ----------------------------- MCParticle -----------------------------
[ DEBUG5 "MyRemoveOverlay"] Id                                                                9229
[ DEBUG5 "MyRemoveOverlay"] PDG                                                                211
[ DEBUG5 "MyRemoveOverlay"] Energy [GeV]                                                  5.81e+00
[ DEBUG5 "MyRemoveOverlay"] Momentum [GeV] (x,y,z)                    -4.76611, -3.31134, 0.142921
[ DEBUG5 "MyRemoveOverlay"] Momentum at Endpoint[GeV] (x,y,z)                                -0, -0, 0
[ DEBUG5 "MyRemoveOverlay"] GeneratorStatus                                                      1
[ DEBUG5 "MyRemoveOverlay"] Vertex [mm] (x,y,z)                   -0.286846, -0.203599, -0.0751689
[ DEBUG5 "MyRemoveOverlay"] Endpoint [mm] (x,y,z)                      -1605.96, -766.816, 44.5422
[ DEBUG5 "MyRemoveOverlay"] Mass [GeV]                                                    1.40e-01
[ DEBUG5 "MyRemoveOverlay"] Charge                                                        1.00e+00
[ DEBUG5 "MyRemoveOverlay"] Parents                                                              1
[ DEBUG5 "MyRemoveOverlay"] Daughters                                                            0
[ DEBUG5 "MyRemoveOverlay"] simulator status bits: [sbvtcls]  s: created in simulation b: backscatter v: vertex is not endpoint of parent t: decayed in tracker c: decayed in calorimeter l: has left detector s: stopped o: overlay
[ DEBUG5 "MyRemoveOverlay"] [    c s ]
[ DEBUG5 "MyRemoveOverlay"] 
[ DEBUG0 "MyRemoveOverlay"] 	MCParticle at index: 0 has PDG: 211 and MCParticle to Cluster link weight is 9.98e-01
[ DEBUG0 "MyRemoveOverlay"] 	MCParticle at index: 0 with PDG code: 211 has highest link weight to input cluster
[ DEBUG6 "MyRemoveOverlay"] 		Cluster is not linked to a MCParticle
[ DEBUG7 "MyRemoveOverlay"] 		********** PFO AT INDEX 18 IS NOT OVERLAY **********
[ DEBUG8 "MyRemoveOverlay"] 
[ DEBUG8 "MyRemoveOverlay"] 		-------------------------------------------------------
[ DEBUG8 "MyRemoveOverlay"] 		Processing PFO at index 19
[ DEBUG5 "MyRemoveOverlay"] ------------------ ReconstructedParticle -----------------------------
[ DEBUG5 "MyRemoveOverlay"] Id                                                             0x11248
[ DEBUG5 "MyRemoveOverlay"] Compound                                                             0
[ DEBUG5 "MyRemoveOverlay"] Type                                                              -211
[ DEBUG5 "MyRemoveOverlay"] Momentum (x,y,z)                       +4.19e+00, -1.99e+00, +1.66e+00
[ DEBUG5 "MyRemoveOverlay"] Mass [GeV]                                                    1.40e-01
[ DEBUG5 "MyRemoveOverlay"] Charge [e]                                                   -1.00e+00
[ DEBUG5 "MyRemoveOverlay"] Energy [GeV]                                                  4.93e+00
[ DEBUG5 "MyRemoveOverlay"] ReferencePoint                         +1.46e+01, -6.88e+00, +5.64e+00
[ DEBUG5 "MyRemoveOverlay"] ParticleIDUsed                                                       0
[ DEBUG5 "MyRemoveOverlay"] GoodnessOfPID                                                 0.00e+00
[ DEBUG5 "MyRemoveOverlay"] Covariance p,E:  1.03e-05, -4.44e-06, 2.73e-06, 3.78e-06, -1.75e-06, 
[ DEBUG5 "MyRemoveOverlay"]                  2.14e-06, 1.18e-05, -5.47e-06, 4.64e-06, 1.38e-05
[ DEBUG5 "MyRemoveOverlay"] Particles id:    
[ DEBUG5 "MyRemoveOverlay"] Tracks id:    [00009931]
[ DEBUG5 "MyRemoveOverlay"] Clusters id:  [00011035]
[ DEBUG5 "MyRemoveOverlay"] Particle ids ( [id], PDG, (type)): 
[ DEBUG5 "MyRemoveOverlay"]                  [00011249], 000321, (000000) 
[ DEBUG5 "MyRemoveOverlay"]                  [00011250], 000000, (000000) 
[ DEBUG5 "MyRemoveOverlay"]                  [00011251], 000000, (000000) 
[ DEBUG5 "MyRemoveOverlay"]                  [00011252], 000000, (000000) 
[ DEBUG5 "MyRemoveOverlay"]                  [00011253], 000000, (000000) 
[ DEBUG5 "MyRemoveOverlay"]                  [00011254], 000000, (000000) 
[ DEBUG5 "MyRemoveOverlay"]                  [00011255], 000211, (000000) 
[ DEBUG5 "MyRemoveOverlay"]                  [00011256], 000321, (000000) 
[ DEBUG5 "MyRemoveOverlay"]                  [00011257], 000011, (000000) 
[ DEBUG5 "MyRemoveOverlay"] 
[ DEBUG5 "MyRemoveOverlay"] 
[ DEBUG0 "MyRemoveOverlay"] 	MCParticle at index: 0 has PDG: -211 and MCParticle to Track link weight is 1.00e+00
[ DEBUG0 "MyRemoveOverlay"] 	MCParticle at index: 0 with PDG code: -211 has highest link weight to input track
[ DEBUG0 "MyRemoveOverlay"] 	Track at index: 0 has highest link weight to MCParticle = 9.96e-01
[ DEBUG0 "MyRemoveOverlay"] 	Track linked to MCParticle with highest weight
[ DEBUG6 "MyRemoveOverlay"] 		Found a linked MCParticle to track
[ DEBUG5 "MyRemoveOverlay"] ----------------------------- MCParticle -----------------------------
[ DEBUG5 "MyRemoveOverlay"] Id                                                                9177
[ DEBUG5 "MyRemoveOverlay"] PDG                                                               -211
[ DEBUG5 "MyRemoveOverlay"] Energy [GeV]                                                  4.93e+00
[ DEBUG5 "MyRemoveOverlay"] Momentum [GeV] (x,y,z)                      4.19429, -1.99068, 1.65725
[ DEBUG5 "MyRemoveOverlay"] Momentum at Endpoint[GeV] (x,y,z)                                 0, -0, 0
[ DEBUG5 "MyRemoveOverlay"] GeneratorStatus                                                      1
[ DEBUG5 "MyRemoveOverlay"] Vertex [mm] (x,y,z)             9.50375e-309, -3.97812e-309, -0.112554
[ DEBUG5 "MyRemoveOverlay"] Endpoint [mm] (x,y,z)                        1875.1, -427.413, 692.011
[ DEBUG5 "MyRemoveOverlay"] Mass [GeV]                                                    1.40e-01
[ DEBUG5 "MyRemoveOverlay"] Charge                                                       -1.00e+00
[ DEBUG5 "MyRemoveOverlay"] Parents                                                              1
[ DEBUG5 "MyRemoveOverlay"] Daughters                                                            0
[ DEBUG5 "MyRemoveOverlay"] simulator status bits: [sbvtcls]  s: created in simulation b: backscatter v: vertex is not endpoint of parent t: decayed in tracker c: decayed in calorimeter l: has left detector s: stopped o: overlay
[ DEBUG5 "MyRemoveOverlay"] [    c s ]
[ DEBUG5 "MyRemoveOverlay"] 
[ DEBUG0 "MyRemoveOverlay"] 	MCParticle at index: 0 has PDG: -211 and MCParticle to Cluster link weight is 1.00e+00
[ DEBUG0 "MyRemoveOverlay"] 	MCParticle at index: 0 with PDG code: -211 has highest link weight to input cluster
[ DEBUG0 "MyRemoveOverlay"] 	Cluster at index: 0 has highest link weight to MCParticle = 9.30e-01
[ DEBUG0 "MyRemoveOverlay"] 	Cluster linked to MCParticle with highest weight
[ DEBUG6 "MyRemoveOverlay"] 		Found a linked MCParticle to cluster
[ DEBUG5 "MyRemoveOverlay"] ----------------------------- MCParticle -----------------------------
[ DEBUG5 "MyRemoveOverlay"] Id                                                                9177
[ DEBUG5 "MyRemoveOverlay"] PDG                                                               -211
[ DEBUG5 "MyRemoveOverlay"] Energy [GeV]                                                  4.93e+00
[ DEBUG5 "MyRemoveOverlay"] Momentum [GeV] (x,y,z)                      4.19429, -1.99068, 1.65725
[ DEBUG5 "MyRemoveOverlay"] Momentum at Endpoint[GeV] (x,y,z)                                 0, -0, 0
[ DEBUG5 "MyRemoveOverlay"] GeneratorStatus                                                      1
[ DEBUG5 "MyRemoveOverlay"] Vertex [mm] (x,y,z)             9.50375e-309, -3.97812e-309, -0.112554
[ DEBUG5 "MyRemoveOverlay"] Endpoint [mm] (x,y,z)                        1875.1, -427.413, 692.011
[ DEBUG5 "MyRemoveOverlay"] Mass [GeV]                                                    1.40e-01
[ DEBUG5 "MyRemoveOverlay"] Charge                                                       -1.00e+00
[ DEBUG5 "MyRemoveOverlay"] Parents                                                              1
[ DEBUG5 "MyRemoveOverlay"] Daughters                                                            0
[ DEBUG5 "MyRemoveOverlay"] simulator status bits: [sbvtcls]  s: created in simulation b: backscatter v: vertex is not endpoint of parent t: decayed in tracker c: decayed in calorimeter l: has left detector s: stopped o: overlay
[ DEBUG5 "MyRemoveOverlay"] [    c s ]
[ DEBUG5 "MyRemoveOverlay"] 
[ DEBUG7 "MyRemoveOverlay"] 		********** PFO AT INDEX 19 IS NOT OVERLAY **********
[ DEBUG8 "MyRemoveOverlay"] 
[ DEBUG8 "MyRemoveOverlay"] 		-------------------------------------------------------
[ DEBUG8 "MyRemoveOverlay"] 		Processing PFO at index 20
[ DEBUG5 "MyRemoveOverlay"] ------------------ ReconstructedParticle -----------------------------
[ DEBUG5 "MyRemoveOverlay"] Id                                                             0x11258
[ DEBUG5 "MyRemoveOverlay"] Compound                                                             0
[ DEBUG5 "MyRemoveOverlay"] Type                                                               310
[ DEBUG5 "MyRemoveOverlay"] Momentum (x,y,z)                       +1.59e+00, -8.60e-01, +5.79e-01
[ DEBUG5 "MyRemoveOverlay"] Mass [GeV]                                                    5.11e-01
[ DEBUG5 "MyRemoveOverlay"] Charge [e]                                                    0.00e+00
[ DEBUG5 "MyRemoveOverlay"] Energy [GeV]                                                  2.05e+00
[ DEBUG5 "MyRemoveOverlay"] ReferencePoint                         +1.33e+02, -8.16e+01, +9.38e+01
[ DEBUG5 "MyRemoveOverlay"] ParticleIDUsed                                                       0
[ DEBUG5 "MyRemoveOverlay"] GoodnessOfPID                                                 0.00e+00
[ DEBUG5 "MyRemoveOverlay"] Covariance p,E:  2.75e-06, 1.12e-06, 4.55e-06, -1.33e-06, 6.19e-07, 
[ DEBUG5 "MyRemoveOverlay"]                  6.09e-06, 8.12e-07, -4.70e-07, 2.76e-07, 9.58e-07
[ DEBUG5 "MyRemoveOverlay"] Particles id:    
[ DEBUG5 "MyRemoveOverlay"] Tracks id:    [00009996], [00010056]
[ DEBUG5 "MyRemoveOverlay"] Clusters id:  
[ DEBUG5 "MyRemoveOverlay"] Particle ids ( [id], PDG, (type)): 
[ DEBUG5 "MyRemoveOverlay"] 
[ DEBUG5 "MyRemoveOverlay"] 
[ DEBUG0 "MyRemoveOverlay"] 	MCParticle at index: 1 has PDG: -211 and MCParticle to Track link weight is 1.00e+00
[ DEBUG0 "MyRemoveOverlay"] 	MCParticle at index: 1 with PDG code: -211 has highest link weight to input track
[ DEBUG0 "MyRemoveOverlay"] 	Track at index: 1 has highest link weight to MCParticle = 9.69e-01
[ DEBUG0 "MyRemoveOverlay"] 	Track linked to MCParticle with highest weight
[ DEBUG6 "MyRemoveOverlay"] 		Found a linked MCParticle to track
[ DEBUG5 "MyRemoveOverlay"] ----------------------------- MCParticle -----------------------------
[ DEBUG5 "MyRemoveOverlay"] Id                                                                9348
[ DEBUG5 "MyRemoveOverlay"] PDG                                                               -211
[ DEBUG5 "MyRemoveOverlay"] Energy [GeV]                                                  1.14e+00
[ DEBUG5 "MyRemoveOverlay"] Momentum [GeV] (x,y,z)                   0.836712, -0.685118, 0.318278
[ DEBUG5 "MyRemoveOverlay"] Momentum at Endpoint[GeV] (x,y,z)                                 -0, 0, 0
[ DEBUG5 "MyRemoveOverlay"] GeneratorStatus                                                      0
[ DEBUG5 "MyRemoveOverlay"] Vertex [mm] (x,y,z)                         131.179, -80.7696, 93.1786
[ DEBUG5 "MyRemoveOverlay"] Endpoint [mm] (x,y,z)                        1778.28, 919.115, 852.165
[ DEBUG5 "MyRemoveOverlay"] Mass [GeV]                                                    1.40e-01
[ DEBUG5 "MyRemoveOverlay"] Charge                                                       -1.00e+00
[ DEBUG5 "MyRemoveOverlay"] Parents                                                              1
[ DEBUG5 "MyRemoveOverlay"] Daughters                                                            0
[ DEBUG5 "MyRemoveOverlay"] simulator status bits: [sbvtcls]  s: created in simulation b: backscatter v: vertex is not endpoint of parent t: decayed in tracker c: decayed in calorimeter l: has left detector s: stopped o: overlay
[ DEBUG5 "MyRemoveOverlay"] [s   c s ]
[ DEBUG5 "MyRemoveOverlay"] 
[ DEBUG0 "MyRemoveOverlay"] 	MCParticle at index: 0 has PDG: 2212 and MCParticle to Track link weight is 1.00e+00
[ DEBUG0 "MyRemoveOverlay"] 	MCParticle at index: 0 with PDG code: 2212 has highest link weight to input track
[ DEBUG6 "MyRemoveOverlay"] 		Track is not linked to a MCParticle
[ DEBUG7 "MyRemoveOverlay"] 		********** PFO AT INDEX 20 IS NOT OVERLAY **********
[ DEBUG8 "MyRemoveOverlay"] 
[ DEBUG8 "MyRemoveOverlay"] 		-------------------------------------------------------
[ DEBUG8 "MyRemoveOverlay"] 		Processing PFO at index 21
[ DEBUG5 "MyRemoveOverlay"] ------------------ ReconstructedParticle -----------------------------
[ DEBUG5 "MyRemoveOverlay"] Id                                                             0x11259
[ DEBUG5 "MyRemoveOverlay"] Compound                                                             0
[ DEBUG5 "MyRemoveOverlay"] Type                                                               321
[ DEBUG5 "MyRemoveOverlay"] Momentum (x,y,z)                       +7.73e+00, -4.08e+00, +5.20e+00
[ DEBUG5 "MyRemoveOverlay"] Mass [GeV]                                                    4.94e-01
[ DEBUG5 "MyRemoveOverlay"] Charge [e]                                                    1.00e+00
[ DEBUG5 "MyRemoveOverlay"] Energy [GeV]                                                  1.02e+01
[ DEBUG5 "MyRemoveOverlay"] ReferencePoint                         +1.44e+01, -7.51e+00, +9.70e+00
[ DEBUG5 "MyRemoveOverlay"] ParticleIDUsed                                                       0
[ DEBUG5 "MyRemoveOverlay"] GoodnessOfPID                                                 0.00e+00
[ DEBUG5 "MyRemoveOverlay"] Covariance p,E:  4.08e-05, -2.13e-05, 1.24e-05, 2.69e-05, -1.44e-05, 
[ DEBUG5 "MyRemoveOverlay"]                  1.90e-05, 5.32e-05, -2.85e-05, 3.59e-05, 7.02e-05
[ DEBUG5 "MyRemoveOverlay"] Particles id:    
[ DEBUG5 "MyRemoveOverlay"] Tracks id:    [00009946]
[ DEBUG5 "MyRemoveOverlay"] Clusters id:  [00011036]
[ DEBUG5 "MyRemoveOverlay"] Particle ids ( [id], PDG, (type)): 
[ DEBUG5 "MyRemoveOverlay"]                  [00011260], 000000, (000000) 
[ DEBUG5 "MyRemoveOverlay"]                  [00011261], 000000, (000000) 
[ DEBUG5 "MyRemoveOverlay"]                  [00011262], 000000, (000000) 
[ DEBUG5 "MyRemoveOverlay"]                  [00011263], 000000, (000000) 
[ DEBUG5 "MyRemoveOverlay"]                  [00011264], 000000, (000000) 
[ DEBUG5 "MyRemoveOverlay"]                  [00011265], 002212, (000000) 
[ DEBUG5 "MyRemoveOverlay"]                  [00011266], 000211, (000000) 
[ DEBUG5 "MyRemoveOverlay"]                  [00011267], 000211, (000000) 
[ DEBUG5 "MyRemoveOverlay"]                  [00011268], 002212, (000000) 
[ DEBUG5 "MyRemoveOverlay"] 
[ DEBUG5 "MyRemoveOverlay"] 
[ DEBUG0 "MyRemoveOverlay"] 	MCParticle at index: 1 has PDG: 321 and MCParticle to Track link weight is 1.00e+00
[ DEBUG0 "MyRemoveOverlay"] 	MCParticle at index: 1 with PDG code: 321 has highest link weight to input track
[ DEBUG0 "MyRemoveOverlay"] 	Track at index: 0 has highest link weight to MCParticle = 9.38e-01
[ DEBUG0 "MyRemoveOverlay"] 	Track linked to MCParticle with highest weight
[ DEBUG6 "MyRemoveOverlay"] 		Found a linked MCParticle to track
[ DEBUG5 "MyRemoveOverlay"] ----------------------------- MCParticle -----------------------------
[ DEBUG5 "MyRemoveOverlay"] Id                                                                9232
[ DEBUG5 "MyRemoveOverlay"] PDG                                                                321
[ DEBUG5 "MyRemoveOverlay"] Energy [GeV]                                                  1.02e+01
[ DEBUG5 "MyRemoveOverlay"] Momentum [GeV] (x,y,z)                      7.72291, -4.08575, 5.19829
[ DEBUG5 "MyRemoveOverlay"] Momentum at Endpoint[GeV] (x,y,z)                                 0, -0, 0
[ DEBUG5 "MyRemoveOverlay"] GeneratorStatus                                                      1
[ DEBUG5 "MyRemoveOverlay"] Vertex [mm] (x,y,z)                         6.44438, -3.31996, 4.36146
[ DEBUG5 "MyRemoveOverlay"] Endpoint [mm] (x,y,z)                       1532.71, -1043.32, 1105.67
[ DEBUG5 "MyRemoveOverlay"] Mass [GeV]                                                    4.94e-01
[ DEBUG5 "MyRemoveOverlay"] Charge                                                        1.00e+00
[ DEBUG5 "MyRemoveOverlay"] Parents                                                              1
[ DEBUG5 "MyRemoveOverlay"] Daughters                                                            0
[ DEBUG5 "MyRemoveOverlay"] simulator status bits: [sbvtcls]  s: created in simulation b: backscatter v: vertex is not endpoint of parent t: decayed in tracker c: decayed in calorimeter l: has left detector s: stopped o: overlay
[ DEBUG5 "MyRemoveOverlay"] [    c s ]
[ DEBUG5 "MyRemoveOverlay"] 
[ DEBUG0 "MyRemoveOverlay"] 	MCParticle at index: 0 has PDG: 321 and MCParticle to Cluster link weight is 9.88e-01
[ DEBUG0 "MyRemoveOverlay"] 	MCParticle at index: 0 with PDG code: 321 has highest link weight to input cluster
[ DEBUG0 "MyRemoveOverlay"] 	Cluster at index: 0 has highest link weight to MCParticle = 9.17e-01
[ DEBUG0 "MyRemoveOverlay"] 	Cluster linked to MCParticle with highest weight
[ DEBUG6 "MyRemoveOverlay"] 		Found a linked MCParticle to cluster
[ DEBUG5 "MyRemoveOverlay"] ----------------------------- MCParticle -----------------------------
[ DEBUG5 "MyRemoveOverlay"] Id                                                                9232
[ DEBUG5 "MyRemoveOverlay"] PDG                                                                321
[ DEBUG5 "MyRemoveOverlay"] Energy [GeV]                                                  1.02e+01
[ DEBUG5 "MyRemoveOverlay"] Momentum [GeV] (x,y,z)                      7.72291, -4.08575, 5.19829
[ DEBUG5 "MyRemoveOverlay"] Momentum at Endpoint[GeV] (x,y,z)                                 0, -0, 0
[ DEBUG5 "MyRemoveOverlay"] GeneratorStatus                                                      1
[ DEBUG5 "MyRemoveOverlay"] Vertex [mm] (x,y,z)                         6.44438, -3.31996, 4.36146
[ DEBUG5 "MyRemoveOverlay"] Endpoint [mm] (x,y,z)                       1532.71, -1043.32, 1105.67
[ DEBUG5 "MyRemoveOverlay"] Mass [GeV]                                                    4.94e-01
[ DEBUG5 "MyRemoveOverlay"] Charge                                                        1.00e+00
[ DEBUG5 "MyRemoveOverlay"] Parents                                                              1
[ DEBUG5 "MyRemoveOverlay"] Daughters                                                            0
[ DEBUG5 "MyRemoveOverlay"] simulator status bits: [sbvtcls]  s: created in simulation b: backscatter v: vertex is not endpoint of parent t: decayed in tracker c: decayed in calorimeter l: has left detector s: stopped o: overlay
[ DEBUG5 "MyRemoveOverlay"] [    c s ]
[ DEBUG5 "MyRemoveOverlay"] 
[ DEBUG7 "MyRemoveOverlay"] 		********** PFO AT INDEX 21 IS NOT OVERLAY **********
[ DEBUG8 "MyRemoveOverlay"] 
[ DEBUG8 "MyRemoveOverlay"] 		-------------------------------------------------------
[ DEBUG8 "MyRemoveOverlay"] 		Processing PFO at index 22
[ DEBUG5 "MyRemoveOverlay"] ------------------ ReconstructedParticle -----------------------------
[ DEBUG5 "MyRemoveOverlay"] Id                                                             0x11269
[ DEBUG5 "MyRemoveOverlay"] Compound                                                             0
[ DEBUG5 "MyRemoveOverlay"] Type                                                              -211
[ DEBUG5 "MyRemoveOverlay"] Momentum (x,y,z)                       +4.66e+00, -2.58e+00, +3.15e+00
[ DEBUG5 "MyRemoveOverlay"] Mass [GeV]                                                    1.40e-01
[ DEBUG5 "MyRemoveOverlay"] Charge [e]                                                   -1.00e+00
[ DEBUG5 "MyRemoveOverlay"] Energy [GeV]                                                  6.18e+00
[ DEBUG5 "MyRemoveOverlay"] ReferencePoint                         +3.33e+02, -1.73e+02, +2.31e+02
[ DEBUG5 "MyRemoveOverlay"] ParticleIDUsed                                                       0
[ DEBUG5 "MyRemoveOverlay"] GoodnessOfPID                                                 0.00e+00
[ DEBUG5 "MyRemoveOverlay"] Covariance p,E:  2.40e-05, -5.37e-06, 9.52e-06, 9.70e-06, -3.37e-06, 
[ DEBUG5 "MyRemoveOverlay"]                  1.45e-05, 2.53e-05, -9.72e-06, 1.61e-05, 3.13e-05
[ DEBUG5 "MyRemoveOverlay"] Particles id:    
[ DEBUG5 "MyRemoveOverlay"] Tracks id:    [00010011]
[ DEBUG5 "MyRemoveOverlay"] Clusters id:  [00011037]
[ DEBUG5 "MyRemoveOverlay"] Particle ids ( [id], PDG, (type)): 
[ DEBUG5 "MyRemoveOverlay"]                  [00011270], 000211, (000000) 
[ DEBUG5 "MyRemoveOverlay"]                  [00011271], 000000, (000000) 
[ DEBUG5 "MyRemoveOverlay"]                  [00011272], 000000, (000000) 
[ DEBUG5 "MyRemoveOverlay"]                  [00011273], 000000, (000000) 
[ DEBUG5 "MyRemoveOverlay"]                  [00011274], 000000, (000000) 
[ DEBUG5 "MyRemoveOverlay"]                  [00011275], 000000, (000000) 
[ DEBUG5 "MyRemoveOverlay"]                  [00011276], 000211, (000000) 
[ DEBUG5 "MyRemoveOverlay"]                  [00011277], 000013, (000000) 
[ DEBUG5 "MyRemoveOverlay"]                  [00011278], 000211, (000000) 
[ DEBUG5 "MyRemoveOverlay"] 
[ DEBUG5 "MyRemoveOverlay"] 
[ DEBUG0 "MyRemoveOverlay"] 	MCParticle at index: 0 has PDG: -211 and MCParticle to Track link weight is 1.00e+00
[ DEBUG0 "MyRemoveOverlay"] 	MCParticle at index: 0 with PDG code: -211 has highest link weight to input track
[ DEBUG0 "MyRemoveOverlay"] 	Track at index: 0 has highest link weight to MCParticle = 9.95e-01
[ DEBUG0 "MyRemoveOverlay"] 	Track linked to MCParticle with highest weight
[ DEBUG6 "MyRemoveOverlay"] 		Found a linked MCParticle to track
[ DEBUG5 "MyRemoveOverlay"] ----------------------------- MCParticle -----------------------------
[ DEBUG5 "MyRemoveOverlay"] Id                                                                9336
[ DEBUG5 "MyRemoveOverlay"] PDG                                                               -211
[ DEBUG5 "MyRemoveOverlay"] Energy [GeV]                                                  6.19e+00
[ DEBUG5 "MyRemoveOverlay"] Momentum [GeV] (x,y,z)                      4.82879, -2.24144, 3.14977
[ DEBUG5 "MyRemoveOverlay"] Momentum at Endpoint[GeV] (x,y,z)                                 0, -0, 0
[ DEBUG5 "MyRemoveOverlay"] GeneratorStatus                                                      0
[ DEBUG5 "MyRemoveOverlay"] Vertex [mm] (x,y,z)                          317.32, -165.666, 222.897
[ DEBUG5 "MyRemoveOverlay"] Endpoint [mm] (x,y,z)                       1965.33, -612.934, 1240.35
[ DEBUG5 "MyRemoveOverlay"] Mass [GeV]                                                    1.40e-01
[ DEBUG5 "MyRemoveOverlay"] Charge                                                       -1.00e+00
[ DEBUG5 "MyRemoveOverlay"] Parents                                                              1
[ DEBUG5 "MyRemoveOverlay"] Daughters                                                            0
[ DEBUG5 "MyRemoveOverlay"] simulator status bits: [sbvtcls]  s: created in simulation b: backscatter v: vertex is not endpoint of parent t: decayed in tracker c: decayed in calorimeter l: has left detector s: stopped o: overlay
[ DEBUG5 "MyRemoveOverlay"] [s   c s ]
[ DEBUG5 "MyRemoveOverlay"] 
[ DEBUG0 "MyRemoveOverlay"] 	MCParticle at index: 0 has PDG: -211 and MCParticle to Cluster link weight is 9.82e-01
[ DEBUG0 "MyRemoveOverlay"] 	MCParticle at index: 0 with PDG code: -211 has highest link weight to input cluster
[ DEBUG0 "MyRemoveOverlay"] 	Cluster at index: 0 has highest link weight to MCParticle = 9.97e-01
[ DEBUG0 "MyRemoveOverlay"] 	Cluster linked to MCParticle with highest weight
[ DEBUG6 "MyRemoveOverlay"] 		Found a linked MCParticle to cluster
[ DEBUG5 "MyRemoveOverlay"] ----------------------------- MCParticle -----------------------------
[ DEBUG5 "MyRemoveOverlay"] Id                                                                9336
[ DEBUG5 "MyRemoveOverlay"] PDG                                                               -211
[ DEBUG5 "MyRemoveOverlay"] Energy [GeV]                                                  6.19e+00
[ DEBUG5 "MyRemoveOverlay"] Momentum [GeV] (x,y,z)                      4.82879, -2.24144, 3.14977
[ DEBUG5 "MyRemoveOverlay"] Momentum at Endpoint[GeV] (x,y,z)                                 0, -0, 0
[ DEBUG5 "MyRemoveOverlay"] GeneratorStatus                                                      0
[ DEBUG5 "MyRemoveOverlay"] Vertex [mm] (x,y,z)                          317.32, -165.666, 222.897
[ DEBUG5 "MyRemoveOverlay"] Endpoint [mm] (x,y,z)                       1965.33, -612.934, 1240.35
[ DEBUG5 "MyRemoveOverlay"] Mass [GeV]                                                    1.40e-01
[ DEBUG5 "MyRemoveOverlay"] Charge                                                       -1.00e+00
[ DEBUG5 "MyRemoveOverlay"] Parents                                                              1
[ DEBUG5 "MyRemoveOverlay"] Daughters                                                            0
[ DEBUG5 "MyRemoveOverlay"] simulator status bits: [sbvtcls]  s: created in simulation b: backscatter v: vertex is not endpoint of parent t: decayed in tracker c: decayed in calorimeter l: has left detector s: stopped o: overlay
[ DEBUG5 "MyRemoveOverlay"] [s   c s ]
[ DEBUG5 "MyRemoveOverlay"] 
[ DEBUG7 "MyRemoveOverlay"] 		********** PFO AT INDEX 22 IS NOT OVERLAY **********
[ DEBUG8 "MyRemoveOverlay"] 
[ DEBUG8 "MyRemoveOverlay"] 		-------------------------------------------------------
[ DEBUG8 "MyRemoveOverlay"] 		Processing PFO at index 23
[ DEBUG5 "MyRemoveOverlay"] ------------------ ReconstructedParticle -----------------------------
[ DEBUG5 "MyRemoveOverlay"] Id                                                             0x11279
[ DEBUG5 "MyRemoveOverlay"] Compound                                                             0
[ DEBUG5 "MyRemoveOverlay"] Type                                                               211
[ DEBUG5 "MyRemoveOverlay"] Momentum (x,y,z)                       +5.39e+00, -2.99e+00, +4.51e+00
[ DEBUG5 "MyRemoveOverlay"] Mass [GeV]                                                    1.40e-01
[ DEBUG5 "MyRemoveOverlay"] Charge [e]                                                    1.00e+00
[ DEBUG5 "MyRemoveOverlay"] Energy [GeV]                                                  7.64e+00
[ DEBUG5 "MyRemoveOverlay"] ReferencePoint                         +1.31e+02, -8.04e+01, +9.28e+01
[ DEBUG5 "MyRemoveOverlay"] ParticleIDUsed                                                       0
[ DEBUG5 "MyRemoveOverlay"] GoodnessOfPID                                                 0.00e+00
[ DEBUG5 "MyRemoveOverlay"] Covariance p,E:  2.75e-05, -1.40e-05, 1.32e-05, 1.96e-05, -1.19e-05, 
[ DEBUG5 "MyRemoveOverlay"]                  2.14e-05, 3.65e-05, -2.21e-05, 3.11e-05, 5.27e-05
[ DEBUG5 "MyRemoveOverlay"] Particles id:    
[ DEBUG5 "MyRemoveOverlay"] Tracks id:    [00010016]
[ DEBUG5 "MyRemoveOverlay"] Clusters id:  [00011038]
[ DEBUG5 "MyRemoveOverlay"] Particle ids ( [id], PDG, (type)): 
[ DEBUG5 "MyRemoveOverlay"]                  [00011280], 000321, (000000) 
[ DEBUG5 "MyRemoveOverlay"]                  [00011281], 000000, (000000) 
[ DEBUG5 "MyRemoveOverlay"]                  [00011282], 000000, (000000) 
[ DEBUG5 "MyRemoveOverlay"]                  [00011283], 000000, (000000) 
[ DEBUG5 "MyRemoveOverlay"]                  [00011284], 000000, (000000) 
[ DEBUG5 "MyRemoveOverlay"]                  [00011285], 000000, (000000) 
[ DEBUG5 "MyRemoveOverlay"]                  [00011286], 000211, (000000) 
[ DEBUG5 "MyRemoveOverlay"]                  [00011287], 000211, (000000) 
[ DEBUG5 "MyRemoveOverlay"]                  [00011288], 000321, (000000) 
[ DEBUG5 "MyRemoveOverlay"] 
[ DEBUG5 "MyRemoveOverlay"] 
[ DEBUG0 "MyRemoveOverlay"] 	MCParticle at index: 0 has PDG: 211 and MCParticle to Track link weight is 9.96e-01
[ DEBUG0 "MyRemoveOverlay"] 	MCParticle at index: 0 with PDG code: 211 has highest link weight to input track
[ DEBUG0 "MyRemoveOverlay"] 	Track at index: 0 has highest link weight to MCParticle = 9.91e-01
[ DEBUG0 "MyRemoveOverlay"] 	Track linked to MCParticle with highest weight
[ DEBUG6 "MyRemoveOverlay"] 		Found a linked MCParticle to track
[ DEBUG5 "MyRemoveOverlay"] ----------------------------- MCParticle -----------------------------
[ DEBUG5 "MyRemoveOverlay"] Id                                                                9339
[ DEBUG5 "MyRemoveOverlay"] PDG                                                                211
[ DEBUG5 "MyRemoveOverlay"] Energy [GeV]                                                  7.65e+00
[ DEBUG5 "MyRemoveOverlay"] Momentum [GeV] (x,y,z)                      5.31573, -3.13828, 4.52106
[ DEBUG5 "MyRemoveOverlay"] Momentum at Endpoint[GeV] (x,y,z)                                 0, -0, 0
[ DEBUG5 "MyRemoveOverlay"] GeneratorStatus                                                      0
[ DEBUG5 "MyRemoveOverlay"] Vertex [mm] (x,y,z)                         131.179, -80.7696, 93.1786
[ DEBUG5 "MyRemoveOverlay"] Endpoint [mm] (x,y,z)                       1642.15, -1369.75, 1548.33
[ DEBUG5 "MyRemoveOverlay"] Mass [GeV]                                                    1.40e-01
[ DEBUG5 "MyRemoveOverlay"] Charge                                                        1.00e+00
[ DEBUG5 "MyRemoveOverlay"] Parents                                                              1
[ DEBUG5 "MyRemoveOverlay"] Daughters                                                            0
[ DEBUG5 "MyRemoveOverlay"] simulator status bits: [sbvtcls]  s: created in simulation b: backscatter v: vertex is not endpoint of parent t: decayed in tracker c: decayed in calorimeter l: has left detector s: stopped o: overlay
[ DEBUG5 "MyRemoveOverlay"] [s   c s ]
[ DEBUG5 "MyRemoveOverlay"] 
[ DEBUG0 "MyRemoveOverlay"] 	MCParticle at index: 0 has PDG: 211 and MCParticle to Cluster link weight is 9.25e-01
[ DEBUG0 "MyRemoveOverlay"] 	MCParticle at index: 0 with PDG code: 211 has highest link weight to input cluster
[ DEBUG6 "MyRemoveOverlay"] 		Cluster is not linked to a MCParticle
[ DEBUG7 "MyRemoveOverlay"] 		********** PFO AT INDEX 23 IS NOT OVERLAY **********
[ DEBUG8 "MyRemoveOverlay"] 
[ DEBUG8 "MyRemoveOverlay"] 		-------------------------------------------------------
[ DEBUG8 "MyRemoveOverlay"] 		Processing PFO at index 24
[ DEBUG5 "MyRemoveOverlay"] ------------------ ReconstructedParticle -----------------------------
[ DEBUG5 "MyRemoveOverlay"] Id                                                             0x11289
[ DEBUG5 "MyRemoveOverlay"] Compound                                                             0
[ DEBUG5 "MyRemoveOverlay"] Type                                                              -211
[ DEBUG5 "MyRemoveOverlay"] Momentum (x,y,z)                       +3.80e+00, -4.67e+00, +4.47e+00
[ DEBUG5 "MyRemoveOverlay"] Mass [GeV]                                                    1.40e-01
[ DEBUG5 "MyRemoveOverlay"] Charge [e]                                                   -1.00e+00
[ DEBUG5 "MyRemoveOverlay"] Energy [GeV]                                                  7.51e+00
[ DEBUG5 "MyRemoveOverlay"] ReferencePoint                         +1.01e+01, -1.24e+01, +1.18e+01
[ DEBUG5 "MyRemoveOverlay"] ParticleIDUsed                                                       0
[ DEBUG5 "MyRemoveOverlay"] GoodnessOfPID                                                 0.00e+00
[ DEBUG5 "MyRemoveOverlay"] Covariance p,E:  1.16e-05, -1.30e-05, 1.66e-05, 1.25e-05, -1.52e-05, 
[ DEBUG5 "MyRemoveOverlay"]                  1.54e-05, 2.14e-05, -2.60e-05, 2.50e-05, 4.20e-05
[ DEBUG5 "MyRemoveOverlay"] Particles id:    
[ DEBUG5 "MyRemoveOverlay"] Tracks id:    [00009916]
[ DEBUG5 "MyRemoveOverlay"] Clusters id:  [00011039]
[ DEBUG5 "MyRemoveOverlay"] Particle ids ( [id], PDG, (type)): 
[ DEBUG5 "MyRemoveOverlay"]                  [00011290], 000211, (000000) 
[ DEBUG5 "MyRemoveOverlay"]                  [00011291], 000000, (000000) 
[ DEBUG5 "MyRemoveOverlay"]                  [00011292], 000000, (000000) 
[ DEBUG5 "MyRemoveOverlay"]                  [00011293], 000000, (000000) 
[ DEBUG5 "MyRemoveOverlay"]                  [00011294], 000000, (000000) 
[ DEBUG5 "MyRemoveOverlay"]                  [00011295], 000000, (000000) 
[ DEBUG5 "MyRemoveOverlay"]                  [00011296], 000211, (000000) 
[ DEBUG5 "MyRemoveOverlay"]                  [00011297], 000211, (000000) 
[ DEBUG5 "MyRemoveOverlay"]                  [00011298], 000011, (000000) 
[ DEBUG5 "MyRemoveOverlay"] 
[ DEBUG5 "MyRemoveOverlay"] 
[ DEBUG0 "MyRemoveOverlay"] 	MCParticle at index: 0 has PDG: -211 and MCParticle to Track link weight is 1.00e+00
[ DEBUG0 "MyRemoveOverlay"] 	MCParticle at index: 0 with PDG code: -211 has highest link weight to input track
[ DEBUG0 "MyRemoveOverlay"] 	Track at index: 0 has highest link weight to MCParticle = 9.79e-01
[ DEBUG0 "MyRemoveOverlay"] 	Track linked to MCParticle with highest weight
[ DEBUG6 "MyRemoveOverlay"] 		Found a linked MCParticle to track
[ DEBUG5 "MyRemoveOverlay"] ----------------------------- MCParticle -----------------------------
[ DEBUG5 "MyRemoveOverlay"] Id                                                                9190
[ DEBUG5 "MyRemoveOverlay"] PDG                                                               -211
[ DEBUG5 "MyRemoveOverlay"] Energy [GeV]                                                  7.59e+00
[ DEBUG5 "MyRemoveOverlay"] Momentum [GeV] (x,y,z)                       3.84354, -4.7259, 4.52018
[ DEBUG5 "MyRemoveOverlay"] Momentum at Endpoint[GeV] (x,y,z)                                 0, -0, 0
[ DEBUG5 "MyRemoveOverlay"] GeneratorStatus                                                      1
[ DEBUG5 "MyRemoveOverlay"] Vertex [mm] (x,y,z)                                    0, 0, -0.112554
[ DEBUG5 "MyRemoveOverlay"] Endpoint [mm] (x,y,z)                       1417.21, -1252.05, 1412.85
[ DEBUG5 "MyRemoveOverlay"] Mass [GeV]                                                    1.40e-01
[ DEBUG5 "MyRemoveOverlay"] Charge                                                       -1.00e+00
[ DEBUG5 "MyRemoveOverlay"] Parents                                                              1
[ DEBUG5 "MyRemoveOverlay"] Daughters                                                            0
[ DEBUG5 "MyRemoveOverlay"] simulator status bits: [sbvtcls]  s: created in simulation b: backscatter v: vertex is not endpoint of parent t: decayed in tracker c: decayed in calorimeter l: has left detector s: stopped o: overlay
[ DEBUG5 "MyRemoveOverlay"] [    c s ]
[ DEBUG5 "MyRemoveOverlay"] 
[ DEBUG6 "MyRemoveOverlay"] 		Cluster is not linked to a MCParticle
[ DEBUG7 "MyRemoveOverlay"] 		********** PFO AT INDEX 24 IS NOT OVERLAY **********
[ DEBUG8 "MyRemoveOverlay"] 
[ DEBUG8 "MyRemoveOverlay"] 		-------------------------------------------------------
[ DEBUG8 "MyRemoveOverlay"] 		Processing PFO at index 25
[ DEBUG5 "MyRemoveOverlay"] ------------------ ReconstructedParticle -----------------------------
[ DEBUG5 "MyRemoveOverlay"] Id                                                             0x11299
[ DEBUG5 "MyRemoveOverlay"] Compound                                                             0
[ DEBUG5 "MyRemoveOverlay"] Type                                                              -211
[ DEBUG5 "MyRemoveOverlay"] Momentum (x,y,z)                       +9.37e-01, -4.80e-01, +6.22e-01
[ DEBUG5 "MyRemoveOverlay"] Mass [GeV]                                                    1.40e-01
[ DEBUG5 "MyRemoveOverlay"] Charge [e]                                                   -1.00e+00
[ DEBUG5 "MyRemoveOverlay"] Energy [GeV]                                                  1.23e+00
[ DEBUG5 "MyRemoveOverlay"] ReferencePoint                         +1.44e+01, -7.30e+00, +9.63e+00
[ DEBUG5 "MyRemoveOverlay"] ParticleIDUsed                                                       0
[ DEBUG5 "MyRemoveOverlay"] GoodnessOfPID                                                 0.00e+00
[ DEBUG5 "MyRemoveOverlay"] Covariance p,E:  7.33e-07, -7.10e-08, 5.86e-07, 1.13e-07, -4.97e-08, 
[ DEBUG5 "MyRemoveOverlay"]                  6.24e-07, 6.43e-07, -3.08e-07, 4.21e-07, 8.22e-07
[ DEBUG5 "MyRemoveOverlay"] Particles id:    
[ DEBUG5 "MyRemoveOverlay"] Tracks id:    [00010171]
[ DEBUG5 "MyRemoveOverlay"] Clusters id:  [00011040]
[ DEBUG5 "MyRemoveOverlay"] Particle ids ( [id], PDG, (type)): 
[ DEBUG5 "MyRemoveOverlay"]                  [00011300], 000321, (000000) 
[ DEBUG5 "MyRemoveOverlay"]                  [00011301], 000000, (000000) 
[ DEBUG5 "MyRemoveOverlay"]                  [00011302], 000000, (000000) 
[ DEBUG5 "MyRemoveOverlay"]                  [00011303], 000000, (000000) 
[ DEBUG5 "MyRemoveOverlay"]                  [00011304], 000000, (000000) 
[ DEBUG5 "MyRemoveOverlay"]                  [00011305], 000000, (000000) 
[ DEBUG5 "MyRemoveOverlay"]                  [00011306], 000011, (000000) 
[ DEBUG5 "MyRemoveOverlay"]                  [00011307], 000011, (000000) 
[ DEBUG5 "MyRemoveOverlay"]                  [00011308], 000321, (000000) 
[ DEBUG5 "MyRemoveOverlay"] 
[ DEBUG5 "MyRemoveOverlay"] 
[ DEBUG0 "MyRemoveOverlay"] 	MCParticle at index: 0 has PDG: -211 and MCParticle to Track link weight is 1.00e+00
[ DEBUG0 "MyRemoveOverlay"] 	MCParticle at index: 0 with PDG code: -211 has highest link weight to input track
[ DEBUG0 "MyRemoveOverlay"] 	Track at index: 0 has highest link weight to MCParticle = 9.70e-01
[ DEBUG0 "MyRemoveOverlay"] 	Track linked to MCParticle with highest weight
[ DEBUG6 "MyRemoveOverlay"] 		Found a linked MCParticle to track
[ DEBUG5 "MyRemoveOverlay"] ----------------------------- MCParticle -----------------------------
[ DEBUG5 "MyRemoveOverlay"] Id                                                                9206
[ DEBUG5 "MyRemoveOverlay"] PDG                                                               -211
[ DEBUG5 "MyRemoveOverlay"] Energy [GeV]                                                  1.23e+00
[ DEBUG5 "MyRemoveOverlay"] Momentum [GeV] (x,y,z)                   0.939632, -0.473375, 0.621271
[ DEBUG5 "MyRemoveOverlay"] Momentum at Endpoint[GeV] (x,y,z)                                 -0, 0, 0
[ DEBUG5 "MyRemoveOverlay"] GeneratorStatus                                                      1
[ DEBUG5 "MyRemoveOverlay"] Vertex [mm] (x,y,z)                         6.44438, -3.31996, 4.36146
[ DEBUG5 "MyRemoveOverlay"] Endpoint [mm] (x,y,z)                         1418.3, 1163.92, 1375.92
[ DEBUG5 "MyRemoveOverlay"] Mass [GeV]                                                    1.40e-01
[ DEBUG5 "MyRemoveOverlay"] Charge                                                       -1.00e+00
[ DEBUG5 "MyRemoveOverlay"] Parents                                                              1
[ DEBUG5 "MyRemoveOverlay"] Daughters                                                            0
[ DEBUG5 "MyRemoveOverlay"] simulator status bits: [sbvtcls]  s: created in simulation b: backscatter v: vertex is not endpoint of parent t: decayed in tracker c: decayed in calorimeter l: has left detector s: stopped o: overlay
[ DEBUG5 "MyRemoveOverlay"] [    c s ]
[ DEBUG5 "MyRemoveOverlay"] 
[ DEBUG0 "MyRemoveOverlay"] 	MCParticle at index: 0 has PDG: -211 and MCParticle to Cluster link weight is 1.00e+00
[ DEBUG0 "MyRemoveOverlay"] 	MCParticle at index: 0 with PDG code: -211 has highest link weight to input cluster
[ DEBUG0 "MyRemoveOverlay"] 	Cluster at index: 0 has highest link weight to MCParticle = 9.57e-01
[ DEBUG0 "MyRemoveOverlay"] 	Cluster linked to MCParticle with highest weight
[ DEBUG6 "MyRemoveOverlay"] 		Found a linked MCParticle to cluster
[ DEBUG5 "MyRemoveOverlay"] ----------------------------- MCParticle -----------------------------
[ DEBUG5 "MyRemoveOverlay"] Id                                                                9206
[ DEBUG5 "MyRemoveOverlay"] PDG                                                               -211
[ DEBUG5 "MyRemoveOverlay"] Energy [GeV]                                                  1.23e+00
[ DEBUG5 "MyRemoveOverlay"] Momentum [GeV] (x,y,z)                   0.939632, -0.473375, 0.621271
[ DEBUG5 "MyRemoveOverlay"] Momentum at Endpoint[GeV] (x,y,z)                                 -0, 0, 0
[ DEBUG5 "MyRemoveOverlay"] GeneratorStatus                                                      1
[ DEBUG5 "MyRemoveOverlay"] Vertex [mm] (x,y,z)                         6.44438, -3.31996, 4.36146
[ DEBUG5 "MyRemoveOverlay"] Endpoint [mm] (x,y,z)                         1418.3, 1163.92, 1375.92
[ DEBUG5 "MyRemoveOverlay"] Mass [GeV]                                                    1.40e-01
[ DEBUG5 "MyRemoveOverlay"] Charge                                                       -1.00e+00
[ DEBUG5 "MyRemoveOverlay"] Parents                                                              1
[ DEBUG5 "MyRemoveOverlay"] Daughters                                                            0
[ DEBUG5 "MyRemoveOverlay"] simulator status bits: [sbvtcls]  s: created in simulation b: backscatter v: vertex is not endpoint of parent t: decayed in tracker c: decayed in calorimeter l: has left detector s: stopped o: overlay
[ DEBUG5 "MyRemoveOverlay"] [    c s ]
[ DEBUG5 "MyRemoveOverlay"] 
[ DEBUG7 "MyRemoveOverlay"] 		********** PFO AT INDEX 25 IS NOT OVERLAY **********
[ DEBUG8 "MyRemoveOverlay"] 
[ DEBUG8 "MyRemoveOverlay"] 		-------------------------------------------------------
[ DEBUG8 "MyRemoveOverlay"] 		Processing PFO at index 26
[ DEBUG5 "MyRemoveOverlay"] ------------------ ReconstructedParticle -----------------------------
[ DEBUG5 "MyRemoveOverlay"] Id                                                             0x11309
[ DEBUG5 "MyRemoveOverlay"] Compound                                                             0
[ DEBUG5 "MyRemoveOverlay"] Type                                                               321
[ DEBUG5 "MyRemoveOverlay"] Momentum (x,y,z)                       +4.71e+00, -7.15e+00, +6.10e+00
[ DEBUG5 "MyRemoveOverlay"] Mass [GeV]                                                    4.94e-01
[ DEBUG5 "MyRemoveOverlay"] Charge [e]                                                    1.00e+00
[ DEBUG5 "MyRemoveOverlay"] Energy [GeV]                                                  1.05e+01
[ DEBUG5 "MyRemoveOverlay"] ReferencePoint                         +8.79e+00, -1.34e+01, +1.13e+01
[ DEBUG5 "MyRemoveOverlay"] ParticleIDUsed                                                       0
[ DEBUG5 "MyRemoveOverlay"] GoodnessOfPID                                                 0.00e+00
[ DEBUG5 "MyRemoveOverlay"] Covariance p,E:  1.65e-05, -2.38e-05, 3.76e-05, 2.03e-05, -3.11e-05, 
[ DEBUG5 "MyRemoveOverlay"]                  2.73e-05, 3.53e-05, -5.42e-05, 4.60e-05, 7.93e-05
[ DEBUG5 "MyRemoveOverlay"] Particles id:    
[ DEBUG5 "MyRemoveOverlay"] Tracks id:    [00009961]
[ DEBUG5 "MyRemoveOverlay"] Clusters id:  [00011041]
[ DEBUG5 "MyRemoveOverlay"] Particle ids ( [id], PDG, (type)): 
[ DEBUG5 "MyRemoveOverlay"]                  [00011310], 002212, (000000) 
[ DEBUG5 "MyRemoveOverlay"]                  [00011311], 000000, (000000) 
[ DEBUG5 "MyRemoveOverlay"]                  [00011312], 000000, (000000) 
[ DEBUG5 "MyRemoveOverlay"]                  [00011313], 000000, (000000) 
[ DEBUG5 "MyRemoveOverlay"]                  [00011314], 000000, (000000) 
[ DEBUG5 "MyRemoveOverlay"]                  [00011315], 000000, (000000) 
[ DEBUG5 "MyRemoveOverlay"]                  [00011316], 000211, (000000) 
[ DEBUG5 "MyRemoveOverlay"]                  [00011317], 002212, (000000) 
[ DEBUG5 "MyRemoveOverlay"]                  [00011318], 000011, (000000) 
[ DEBUG5 "MyRemoveOverlay"] 
[ DEBUG5 "MyRemoveOverlay"] 
[ DEBUG0 "MyRemoveOverlay"] 	MCParticle at index: 1 has PDG: 321 and MCParticle to Track link weight is 1.00e+00
[ DEBUG0 "MyRemoveOverlay"] 	MCParticle at index: 1 with PDG code: 321 has highest link weight to input track
[ DEBUG0 "MyRemoveOverlay"] 	Track at index: 0 has highest link weight to MCParticle = 9.62e-01
[ DEBUG0 "MyRemoveOverlay"] 	Track linked to MCParticle with highest weight
[ DEBUG6 "MyRemoveOverlay"] 		Found a linked MCParticle to track
[ DEBUG5 "MyRemoveOverlay"] ----------------------------- MCParticle -----------------------------
[ DEBUG5 "MyRemoveOverlay"] Id                                                                9161
[ DEBUG5 "MyRemoveOverlay"] PDG                                                                321
[ DEBUG5 "MyRemoveOverlay"] Energy [GeV]                                                  1.05e+01
[ DEBUG5 "MyRemoveOverlay"] Momentum [GeV] (x,y,z)                      4.71306, -7.14847, 6.09456
[ DEBUG5 "MyRemoveOverlay"] Momentum at Endpoint[GeV] (x,y,z)                                 0, -0, 0
[ DEBUG5 "MyRemoveOverlay"] GeneratorStatus                                                      1
[ DEBUG5 "MyRemoveOverlay"] Vertex [mm] (x,y,z)                                    0, 0, -0.112554
[ DEBUG5 "MyRemoveOverlay"] Endpoint [mm] (x,y,z)                          880.281, -1772, 1412.27
[ DEBUG5 "MyRemoveOverlay"] Mass [GeV]                                                    4.94e-01
[ DEBUG5 "MyRemoveOverlay"] Charge                                                        1.00e+00
[ DEBUG5 "MyRemoveOverlay"] Parents                                                              1
[ DEBUG5 "MyRemoveOverlay"] Daughters                                                            0
[ DEBUG5 "MyRemoveOverlay"] simulator status bits: [sbvtcls]  s: created in simulation b: backscatter v: vertex is not endpoint of parent t: decayed in tracker c: decayed in calorimeter l: has left detector s: stopped o: overlay
[ DEBUG5 "MyRemoveOverlay"] [    c s ]
[ DEBUG5 "MyRemoveOverlay"] 
[ DEBUG0 "MyRemoveOverlay"] 	MCParticle at index: 0 has PDG: 321 and MCParticle to Cluster link weight is 9.82e-01
[ DEBUG0 "MyRemoveOverlay"] 	MCParticle at index: 0 with PDG code: 321 has highest link weight to input cluster
[ DEBUG0 "MyRemoveOverlay"] 	Cluster at index: 0 has highest link weight to MCParticle = 9.38e-01
[ DEBUG0 "MyRemoveOverlay"] 	Cluster linked to MCParticle with highest weight
[ DEBUG6 "MyRemoveOverlay"] 		Found a linked MCParticle to cluster
[ DEBUG5 "MyRemoveOverlay"] ----------------------------- MCParticle -----------------------------
[ DEBUG5 "MyRemoveOverlay"] Id                                                                9161
[ DEBUG5 "MyRemoveOverlay"] PDG                                                                321
[ DEBUG5 "MyRemoveOverlay"] Energy [GeV]                                                  1.05e+01
[ DEBUG5 "MyRemoveOverlay"] Momentum [GeV] (x,y,z)                      4.71306, -7.14847, 6.09456
[ DEBUG5 "MyRemoveOverlay"] Momentum at Endpoint[GeV] (x,y,z)                                 0, -0, 0
[ DEBUG5 "MyRemoveOverlay"] GeneratorStatus                                                      1
[ DEBUG5 "MyRemoveOverlay"] Vertex [mm] (x,y,z)                                    0, 0, -0.112554
[ DEBUG5 "MyRemoveOverlay"] Endpoint [mm] (x,y,z)                          880.281, -1772, 1412.27
[ DEBUG5 "MyRemoveOverlay"] Mass [GeV]                                                    4.94e-01
[ DEBUG5 "MyRemoveOverlay"] Charge                                                        1.00e+00
[ DEBUG5 "MyRemoveOverlay"] Parents                                                              1
[ DEBUG5 "MyRemoveOverlay"] Daughters                                                            0
[ DEBUG5 "MyRemoveOverlay"] simulator status bits: [sbvtcls]  s: created in simulation b: backscatter v: vertex is not endpoint of parent t: decayed in tracker c: decayed in calorimeter l: has left detector s: stopped o: overlay
[ DEBUG5 "MyRemoveOverlay"] [    c s ]
[ DEBUG5 "MyRemoveOverlay"] 
[ DEBUG7 "MyRemoveOverlay"] 		********** PFO AT INDEX 26 IS NOT OVERLAY **********
[ DEBUG8 "MyRemoveOverlay"] 
[ DEBUG8 "MyRemoveOverlay"] 		-------------------------------------------------------
[ DEBUG8 "MyRemoveOverlay"] 		Processing PFO at index 27
[ DEBUG5 "MyRemoveOverlay"] ------------------ ReconstructedParticle -----------------------------
[ DEBUG5 "MyRemoveOverlay"] Id                                                             0x11319
[ DEBUG5 "MyRemoveOverlay"] Compound                                                             0
[ DEBUG5 "MyRemoveOverlay"] Type                                                               -11
[ DEBUG5 "MyRemoveOverlay"] Momentum (x,y,z)                       -4.57e-01, -3.54e+00, +2.69e+00
[ DEBUG5 "MyRemoveOverlay"] Mass [GeV]                                                    5.11e-04
[ DEBUG5 "MyRemoveOverlay"] Charge [e]                                                    1.00e+00
[ DEBUG5 "MyRemoveOverlay"] Energy [GeV]                                                  4.47e+00
[ DEBUG5 "MyRemoveOverlay"] ReferencePoint                         -2.30e+00, -1.60e+01, +1.21e+01
[ DEBUG5 "MyRemoveOverlay"] ParticleIDUsed                                                       0
[ DEBUG5 "MyRemoveOverlay"] GoodnessOfPID                                                 0.00e+00
[ DEBUG5 "MyRemoveOverlay"] Covariance p,E:  9.18e-07, 1.41e-06, 1.08e-05, -1.06e-06, -7.69e-06, 
[ DEBUG5 "MyRemoveOverlay"]                  6.53e-06, -1.85e-06, -1.33e-05, 1.01e-05, 1.68e-05
[ DEBUG5 "MyRemoveOverlay"] Particles id:    
[ DEBUG5 "MyRemoveOverlay"] Tracks id:    [00009876]
[ DEBUG5 "MyRemoveOverlay"] Clusters id:  [00011042]
[ DEBUG5 "MyRemoveOverlay"] Particle ids ( [id], PDG, (type)): 
[ DEBUG5 "MyRemoveOverlay"]                  [00011320], 000321, (000000) 
[ DEBUG5 "MyRemoveOverlay"]                  [00011321], 000000, (000000) 
[ DEBUG5 "MyRemoveOverlay"]                  [00011322], 000000, (000000) 
[ DEBUG5 "MyRemoveOverlay"]                  [00011323], 000000, (000000) 
[ DEBUG5 "MyRemoveOverlay"]                  [00011324], 000000, (000000) 
[ DEBUG5 "MyRemoveOverlay"]                  [00011325], 000000, (000000) 
[ DEBUG5 "MyRemoveOverlay"]                  [00011326], 000011, (000000) 
[ DEBUG5 "MyRemoveOverlay"]                  [00011327], 000211, (000000) 
[ DEBUG5 "MyRemoveOverlay"]                  [00011328], 000321, (000000) 
[ DEBUG5 "MyRemoveOverlay"] 
[ DEBUG5 "MyRemoveOverlay"] 
[ DEBUG0 "MyRemoveOverlay"] 	MCParticle at index: 0 has PDG: 211 and MCParticle to Track link weight is 1.00e+00
[ DEBUG0 "MyRemoveOverlay"] 	MCParticle at index: 0 with PDG code: 211 has highest link weight to input track
[ DEBUG0 "MyRemoveOverlay"] 	Track at index: 0 has highest link weight to MCParticle = 9.83e-01
[ DEBUG0 "MyRemoveOverlay"] 	Track linked to MCParticle with highest weight
[ DEBUG6 "MyRemoveOverlay"] 		Found a linked MCParticle to track
[ DEBUG5 "MyRemoveOverlay"] ----------------------------- MCParticle -----------------------------
[ DEBUG5 "MyRemoveOverlay"] Id                                                                9142
[ DEBUG5 "MyRemoveOverlay"] PDG                                                                211
[ DEBUG5 "MyRemoveOverlay"] Energy [GeV]                                                  4.48e+00
[ DEBUG5 "MyRemoveOverlay"] Momentum [GeV] (x,y,z)                     -0.459809, -3.5449, 2.69483
[ DEBUG5 "MyRemoveOverlay"] Momentum at Endpoint[GeV] (x,y,z)                                -0, -0, 0
[ DEBUG5 "MyRemoveOverlay"] GeneratorStatus                                                      1
[ DEBUG5 "MyRemoveOverlay"] Vertex [mm] (x,y,z)                        -0.45194, -2.03064, 1.46912
[ DEBUG5 "MyRemoveOverlay"] Endpoint [mm] (x,y,z)                      -801.991, -1791.15, 1502.64
[ DEBUG5 "MyRemoveOverlay"] Mass [GeV]                                                    1.40e-01
[ DEBUG5 "MyRemoveOverlay"] Charge                                                        1.00e+00
[ DEBUG5 "MyRemoveOverlay"] Parents                                                              1
[ DEBUG5 "MyRemoveOverlay"] Daughters                                                            0
[ DEBUG5 "MyRemoveOverlay"] simulator status bits: [sbvtcls]  s: created in simulation b: backscatter v: vertex is not endpoint of parent t: decayed in tracker c: decayed in calorimeter l: has left detector s: stopped o: overlay
[ DEBUG5 "MyRemoveOverlay"] [    c s ]
[ DEBUG5 "MyRemoveOverlay"] 
[ DEBUG0 "MyRemoveOverlay"] 	MCParticle at index: 0 has PDG: 211 and MCParticle to Cluster link weight is 9.90e-01
[ DEBUG0 "MyRemoveOverlay"] 	MCParticle at index: 0 with PDG code: 211 has highest link weight to input cluster
[ DEBUG0 "MyRemoveOverlay"] 	Cluster at index: 0 has highest link weight to MCParticle = 9.91e-01
[ DEBUG0 "MyRemoveOverlay"] 	Cluster linked to MCParticle with highest weight
[ DEBUG6 "MyRemoveOverlay"] 		Found a linked MCParticle to cluster
[ DEBUG5 "MyRemoveOverlay"] ----------------------------- MCParticle -----------------------------
[ DEBUG5 "MyRemoveOverlay"] Id                                                                9142
[ DEBUG5 "MyRemoveOverlay"] PDG                                                                211
[ DEBUG5 "MyRemoveOverlay"] Energy [GeV]                                                  4.48e+00
[ DEBUG5 "MyRemoveOverlay"] Momentum [GeV] (x,y,z)                     -0.459809, -3.5449, 2.69483
[ DEBUG5 "MyRemoveOverlay"] Momentum at Endpoint[GeV] (x,y,z)                                -0, -0, 0
[ DEBUG5 "MyRemoveOverlay"] GeneratorStatus                                                      1
[ DEBUG5 "MyRemoveOverlay"] Vertex [mm] (x,y,z)                        -0.45194, -2.03064, 1.46912
[ DEBUG5 "MyRemoveOverlay"] Endpoint [mm] (x,y,z)                      -801.991, -1791.15, 1502.64
[ DEBUG5 "MyRemoveOverlay"] Mass [GeV]                                                    1.40e-01
[ DEBUG5 "MyRemoveOverlay"] Charge                                                        1.00e+00
[ DEBUG5 "MyRemoveOverlay"] Parents                                                              1
[ DEBUG5 "MyRemoveOverlay"] Daughters                                                            0
[ DEBUG5 "MyRemoveOverlay"] simulator status bits: [sbvtcls]  s: created in simulation b: backscatter v: vertex is not endpoint of parent t: decayed in tracker c: decayed in calorimeter l: has left detector s: stopped o: overlay
[ DEBUG5 "MyRemoveOverlay"] [    c s ]
[ DEBUG5 "MyRemoveOverlay"] 
[ DEBUG7 "MyRemoveOverlay"] 		********** PFO AT INDEX 27 IS NOT OVERLAY **********
[ DEBUG8 "MyRemoveOverlay"] 
[ DEBUG8 "MyRemoveOverlay"] 		-------------------------------------------------------
[ DEBUG8 "MyRemoveOverlay"] 		Processing PFO at index 28
[ DEBUG5 "MyRemoveOverlay"] ------------------ ReconstructedParticle -----------------------------
[ DEBUG5 "MyRemoveOverlay"] Id                                                             0x11329
[ DEBUG5 "MyRemoveOverlay"] Compound                                                             0
[ DEBUG5 "MyRemoveOverlay"] Type                                                               211
[ DEBUG5 "MyRemoveOverlay"] Momentum (x,y,z)                       +1.05e+00, -2.05e-01, +6.88e-01
[ DEBUG5 "MyRemoveOverlay"] Mass [GeV]                                                    1.40e-01
[ DEBUG5 "MyRemoveOverlay"] Charge [e]                                                    1.00e+00
[ DEBUG5 "MyRemoveOverlay"] Energy [GeV]                                                  1.28e+00
[ DEBUG5 "MyRemoveOverlay"] ReferencePoint                         +1.58e+01, -3.21e+00, +1.02e+01
[ DEBUG5 "MyRemoveOverlay"] ParticleIDUsed                                                       0
[ DEBUG5 "MyRemoveOverlay"] GoodnessOfPID                                                 0.00e+00
[ DEBUG5 "MyRemoveOverlay"] Covariance p,E:  7.43e-07, -5.12e-08, 5.83e-07, 1.21e-07, -3.17e-08, 
[ DEBUG5 "MyRemoveOverlay"]                  6.42e-07, 6.83e-07, -1.52e-07, 4.49e-07, 8.26e-07
[ DEBUG5 "MyRemoveOverlay"] Particles id:    
[ DEBUG5 "MyRemoveOverlay"] Tracks id:    [00009951]
[ DEBUG5 "MyRemoveOverlay"] Clusters id:  [00011043]
[ DEBUG5 "MyRemoveOverlay"] Particle ids ( [id], PDG, (type)): 
[ DEBUG5 "MyRemoveOverlay"]                  [00011330], 000211, (000000) 
[ DEBUG5 "MyRemoveOverlay"]                  [00011331], 000000, (000000) 
[ DEBUG5 "MyRemoveOverlay"]                  [00011332], 000000, (000000) 
[ DEBUG5 "MyRemoveOverlay"]                  [00011333], 000000, (000000) 
[ DEBUG5 "MyRemoveOverlay"]                  [00011334], 000000, (000000) 
[ DEBUG5 "MyRemoveOverlay"]                  [00011335], 000000, (000000) 
[ DEBUG5 "MyRemoveOverlay"]                  [00011336], 000011, (000000) 
[ DEBUG5 "MyRemoveOverlay"]                  [00011337], 000211, (000000) 
[ DEBUG5 "MyRemoveOverlay"]                  [00011338], 000013, (000000) 
[ DEBUG5 "MyRemoveOverlay"] 
[ DEBUG5 "MyRemoveOverlay"] 
[ DEBUG0 "MyRemoveOverlay"] 	MCParticle at index: 0 has PDG: 211 and MCParticle to Track link weight is 1.00e+00
[ DEBUG0 "MyRemoveOverlay"] 	MCParticle at index: 0 with PDG code: 211 has highest link weight to input track
[ DEBUG0 "MyRemoveOverlay"] 	Track at index: 0 has highest link weight to MCParticle = 9.20e-01
[ DEBUG0 "MyRemoveOverlay"] 	Track linked to MCParticle with highest weight
[ DEBUG6 "MyRemoveOverlay"] 		Found a linked MCParticle to track
[ DEBUG5 "MyRemoveOverlay"] ----------------------------- MCParticle -----------------------------
[ DEBUG5 "MyRemoveOverlay"] Id                                                                9176
[ DEBUG5 "MyRemoveOverlay"] PDG                                                                211
[ DEBUG5 "MyRemoveOverlay"] Energy [GeV]                                                  1.28e+00
[ DEBUG5 "MyRemoveOverlay"] Momentum [GeV] (x,y,z)                    1.05255, -0.205563, 0.689517
[ DEBUG5 "MyRemoveOverlay"] Momentum at Endpoint[GeV] (x,y,z)                                -0, -0, 0
[ DEBUG5 "MyRemoveOverlay"] GeneratorStatus                                                      1
[ DEBUG5 "MyRemoveOverlay"] Vertex [mm] (x,y,z)             9.50375e-309, -3.97812e-309, -0.112554
[ DEBUG5 "MyRemoveOverlay"] Endpoint [mm] (x,y,z)                       245.262, -1919.42, 1627.36
[ DEBUG5 "MyRemoveOverlay"] Mass [GeV]                                                    1.40e-01
[ DEBUG5 "MyRemoveOverlay"] Charge                                                        1.00e+00
[ DEBUG5 "MyRemoveOverlay"] Parents                                                              1
[ DEBUG5 "MyRemoveOverlay"] Daughters                                                            0
[ DEBUG5 "MyRemoveOverlay"] simulator status bits: [sbvtcls]  s: created in simulation b: backscatter v: vertex is not endpoint of parent t: decayed in tracker c: decayed in calorimeter l: has left detector s: stopped o: overlay
[ DEBUG5 "MyRemoveOverlay"] [    c s ]
[ DEBUG5 "MyRemoveOverlay"] 
[ DEBUG0 "MyRemoveOverlay"] 	MCParticle at index: 0 has PDG: 211 and MCParticle to Cluster link weight is 9.62e-01
[ DEBUG0 "MyRemoveOverlay"] 	MCParticle at index: 0 with PDG code: 211 has highest link weight to input cluster
[ DEBUG0 "MyRemoveOverlay"] 	Cluster at index: 1 has highest link weight to MCParticle = 9.54e-01
[ DEBUG0 "MyRemoveOverlay"] 	Cluster linked to MCParticle with highest weight
[ DEBUG6 "MyRemoveOverlay"] 		Found a linked MCParticle to cluster
[ DEBUG5 "MyRemoveOverlay"] ----------------------------- MCParticle -----------------------------
[ DEBUG5 "MyRemoveOverlay"] Id                                                                9176
[ DEBUG5 "MyRemoveOverlay"] PDG                                                                211
[ DEBUG5 "MyRemoveOverlay"] Energy [GeV]                                                  1.28e+00
[ DEBUG5 "MyRemoveOverlay"] Momentum [GeV] (x,y,z)                    1.05255, -0.205563, 0.689517
[ DEBUG5 "MyRemoveOverlay"] Momentum at Endpoint[GeV] (x,y,z)                                -0, -0, 0
[ DEBUG5 "MyRemoveOverlay"] GeneratorStatus                                                      1
[ DEBUG5 "MyRemoveOverlay"] Vertex [mm] (x,y,z)             9.50375e-309, -3.97812e-309, -0.112554
[ DEBUG5 "MyRemoveOverlay"] Endpoint [mm] (x,y,z)                       245.262, -1919.42, 1627.36
[ DEBUG5 "MyRemoveOverlay"] Mass [GeV]                                                    1.40e-01
[ DEBUG5 "MyRemoveOverlay"] Charge                                                        1.00e+00
[ DEBUG5 "MyRemoveOverlay"] Parents                                                              1
[ DEBUG5 "MyRemoveOverlay"] Daughters                                                            0
[ DEBUG5 "MyRemoveOverlay"] simulator status bits: [sbvtcls]  s: created in simulation b: backscatter v: vertex is not endpoint of parent t: decayed in tracker c: decayed in calorimeter l: has left detector s: stopped o: overlay
[ DEBUG5 "MyRemoveOverlay"] [    c s ]
[ DEBUG5 "MyRemoveOverlay"] 
[ DEBUG7 "MyRemoveOverlay"] 		********** PFO AT INDEX 28 IS NOT OVERLAY **********
[ DEBUG8 "MyRemoveOverlay"] 
[ DEBUG8 "MyRemoveOverlay"] 		-------------------------------------------------------
[ DEBUG8 "MyRemoveOverlay"] 		Processing PFO at index 29
[ DEBUG5 "MyRemoveOverlay"] ------------------ ReconstructedParticle -----------------------------
[ DEBUG5 "MyRemoveOverlay"] Id                                                             0x11339
[ DEBUG5 "MyRemoveOverlay"] Compound                                                             0
[ DEBUG5 "MyRemoveOverlay"] Type                                                               211
[ DEBUG5 "MyRemoveOverlay"] Momentum (x,y,z)                       +2.35e+00, -2.17e+00, +2.58e+00
[ DEBUG5 "MyRemoveOverlay"] Mass [GeV]                                                    1.40e-01
[ DEBUG5 "MyRemoveOverlay"] Charge [e]                                                    1.00e+00
[ DEBUG5 "MyRemoveOverlay"] Energy [GeV]                                                  4.11e+00
[ DEBUG5 "MyRemoveOverlay"] ReferencePoint                         +1.19e+01, -1.11e+01, +1.31e+01
[ DEBUG5 "MyRemoveOverlay"] ParticleIDUsed                                                       0
[ DEBUG5 "MyRemoveOverlay"] GoodnessOfPID                                                 0.00e+00
[ DEBUG5 "MyRemoveOverlay"] Covariance p,E:  4.16e-06, -3.27e-06, 3.80e-06, 3.86e-06, -3.65e-06, 
[ DEBUG5 "MyRemoveOverlay"]                  4.97e-06, 6.52e-06, -6.16e-06, 7.25e-06, 1.15e-05
[ DEBUG5 "MyRemoveOverlay"] Particles id:    
[ DEBUG5 "MyRemoveOverlay"] Tracks id:    [00009941]
[ DEBUG5 "MyRemoveOverlay"] Clusters id:  [00011044]
[ DEBUG5 "MyRemoveOverlay"] Particle ids ( [id], PDG, (type)): 
[ DEBUG5 "MyRemoveOverlay"]                  [00011340], 000321, (000000) 
[ DEBUG5 "MyRemoveOverlay"]                  [00011341], 000000, (000000) 
[ DEBUG5 "MyRemoveOverlay"]                  [00011342], 000000, (000000) 
[ DEBUG5 "MyRemoveOverlay"]                  [00011343], 000000, (000000) 
[ DEBUG5 "MyRemoveOverlay"]                  [00011344], 000000, (000000) 
[ DEBUG5 "MyRemoveOverlay"]                  [00011345], 000000, (000000) 
[ DEBUG5 "MyRemoveOverlay"]                  [00011346], 000013, (000000) 
[ DEBUG5 "MyRemoveOverlay"]                  [00011347], 000011, (000000) 
[ DEBUG5 "MyRemoveOverlay"]                  [00011348], 000321, (000000) 
[ DEBUG5 "MyRemoveOverlay"] 
[ DEBUG5 "MyRemoveOverlay"] 
[ DEBUG0 "MyRemoveOverlay"] 	MCParticle at index: 0 has PDG: 211 and MCParticle to Track link weight is 1.00e+00
[ DEBUG0 "MyRemoveOverlay"] 	MCParticle at index: 0 with PDG code: 211 has highest link weight to input track
[ DEBUG6 "MyRemoveOverlay"] 		Track is not linked to a MCParticle
[ DEBUG0 "MyRemoveOverlay"] 	MCParticle at index: 1 has PDG: 211 and MCParticle to Cluster link weight is 9.95e-01
[ DEBUG0 "MyRemoveOverlay"] 	MCParticle at index: 1 with PDG code: 211 has highest link weight to input cluster
[ DEBUG6 "MyRemoveOverlay"] 		Cluster is not linked to a MCParticle
[ DEBUG7 "MyRemoveOverlay"] 		********** PFO AT INDEX 29 IS NOT OVERLAY **********
[ DEBUG8 "MyRemoveOverlay"] 
[ DEBUG8 "MyRemoveOverlay"] 		-------------------------------------------------------
[ DEBUG8 "MyRemoveOverlay"] 		Processing PFO at index 30
[ DEBUG5 "MyRemoveOverlay"] ------------------ ReconstructedParticle -----------------------------
[ DEBUG5 "MyRemoveOverlay"] Id                                                             0x11349
[ DEBUG5 "MyRemoveOverlay"] Compound                                                             0
[ DEBUG5 "MyRemoveOverlay"] Type                                                              -211
[ DEBUG5 "MyRemoveOverlay"] Momentum (x,y,z)                       +1.02e+00, -5.64e-01, +9.15e-01
[ DEBUG5 "MyRemoveOverlay"] Mass [GeV]                                                    1.40e-01
[ DEBUG5 "MyRemoveOverlay"] Charge [e]                                                   -1.00e+00
[ DEBUG5 "MyRemoveOverlay"] Energy [GeV]                                                  1.49e+00
[ DEBUG5 "MyRemoveOverlay"] ReferencePoint                         +1.43e+01, -7.79e+00, +1.27e+01
[ DEBUG5 "MyRemoveOverlay"] ParticleIDUsed                                                       0
[ DEBUG5 "MyRemoveOverlay"] GoodnessOfPID                                                 0.00e+00
[ DEBUG5 "MyRemoveOverlay"] Covariance p,E:  9.48e-07, -1.61e-07, 6.97e-07, 2.94e-07, -1.48e-07, 
[ DEBUG5 "MyRemoveOverlay"]                  8.66e-07, 8.91e-07, -4.66e-07, 7.91e-07, 1.27e-06
[ DEBUG5 "MyRemoveOverlay"] Particles id:    
[ DEBUG5 "MyRemoveOverlay"] Tracks id:    [00009936]
[ DEBUG5 "MyRemoveOverlay"] Clusters id:  [00011045]
[ DEBUG5 "MyRemoveOverlay"] Particle ids ( [id], PDG, (type)): 
[ DEBUG5 "MyRemoveOverlay"]                  [00011350], 000321, (000000) 
[ DEBUG5 "MyRemoveOverlay"]                  [00011351], 000000, (000000) 
[ DEBUG5 "MyRemoveOverlay"]                  [00011352], 000000, (000000) 
[ DEBUG5 "MyRemoveOverlay"]                  [00011353], 000000, (000000) 
[ DEBUG5 "MyRemoveOverlay"]                  [00011354], 000000, (000000) 
[ DEBUG5 "MyRemoveOverlay"]                  [00011355], 000000, (000000) 
[ DEBUG5 "MyRemoveOverlay"]                  [00011356], 000211, (000000) 
[ DEBUG5 "MyRemoveOverlay"]                  [00011357], 000321, (000000) 
[ DEBUG5 "MyRemoveOverlay"]                  [00011358], 000011, (000000) 
[ DEBUG5 "MyRemoveOverlay"] 
[ DEBUG5 "MyRemoveOverlay"] 
[ DEBUG0 "MyRemoveOverlay"] 	MCParticle at index: 0 has PDG: -211 and MCParticle to Track link weight is 1.00e+00
[ DEBUG0 "MyRemoveOverlay"] 	MCParticle at index: 0 with PDG code: -211 has highest link weight to input track
[ DEBUG0 "MyRemoveOverlay"] 	Track at index: 0 has highest link weight to MCParticle = 9.79e-01
[ DEBUG0 "MyRemoveOverlay"] 	Track linked to MCParticle with highest weight
[ DEBUG6 "MyRemoveOverlay"] 		Found a linked MCParticle to track
[ DEBUG5 "MyRemoveOverlay"] ----------------------------- MCParticle -----------------------------
[ DEBUG5 "MyRemoveOverlay"] Id                                                                9179
[ DEBUG5 "MyRemoveOverlay"] PDG                                                               -211
[ DEBUG5 "MyRemoveOverlay"] Energy [GeV]                                                  1.48e+00
[ DEBUG5 "MyRemoveOverlay"] Momentum [GeV] (x,y,z)                    1.01355, -0.562801, 0.912604
[ DEBUG5 "MyRemoveOverlay"] Momentum at Endpoint[GeV] (x,y,z)                                  0, 0, 0
[ DEBUG5 "MyRemoveOverlay"] GeneratorStatus                                                      1
[ DEBUG5 "MyRemoveOverlay"] Vertex [mm] (x,y,z)              5.2109e-308, -4.45112e-308, -0.112554
[ DEBUG5 "MyRemoveOverlay"] Endpoint [mm] (x,y,z)                        1640.61, 1012.17, 1832.75
[ DEBUG5 "MyRemoveOverlay"] Mass [GeV]                                                    1.40e-01
[ DEBUG5 "MyRemoveOverlay"] Charge                                                       -1.00e+00
[ DEBUG5 "MyRemoveOverlay"] Parents                                                              1
[ DEBUG5 "MyRemoveOverlay"] Daughters                                                            0
[ DEBUG5 "MyRemoveOverlay"] simulator status bits: [sbvtcls]  s: created in simulation b: backscatter v: vertex is not endpoint of parent t: decayed in tracker c: decayed in calorimeter l: has left detector s: stopped o: overlay
[ DEBUG5 "MyRemoveOverlay"] [    c s ]
[ DEBUG5 "MyRemoveOverlay"] 
[ DEBUG0 "MyRemoveOverlay"] 	MCParticle at index: 0 has PDG: -211 and MCParticle to Cluster link weight is 9.96e-01
[ DEBUG0 "MyRemoveOverlay"] 	MCParticle at index: 0 with PDG code: -211 has highest link weight to input cluster
[ DEBUG0 "MyRemoveOverlay"] 	Cluster at index: 0 has highest link weight to MCParticle = 1.00e+00
[ DEBUG0 "MyRemoveOverlay"] 	Cluster linked to MCParticle with highest weight
[ DEBUG6 "MyRemoveOverlay"] 		Found a linked MCParticle to cluster
[ DEBUG5 "MyRemoveOverlay"] ----------------------------- MCParticle -----------------------------
[ DEBUG5 "MyRemoveOverlay"] Id                                                                9179
[ DEBUG5 "MyRemoveOverlay"] PDG                                                               -211
[ DEBUG5 "MyRemoveOverlay"] Energy [GeV]                                                  1.48e+00
[ DEBUG5 "MyRemoveOverlay"] Momentum [GeV] (x,y,z)                    1.01355, -0.562801, 0.912604
[ DEBUG5 "MyRemoveOverlay"] Momentum at Endpoint[GeV] (x,y,z)                                  0, 0, 0
[ DEBUG5 "MyRemoveOverlay"] GeneratorStatus                                                      1
[ DEBUG5 "MyRemoveOverlay"] Vertex [mm] (x,y,z)              5.2109e-308, -4.45112e-308, -0.112554
[ DEBUG5 "MyRemoveOverlay"] Endpoint [mm] (x,y,z)                        1640.61, 1012.17, 1832.75
[ DEBUG5 "MyRemoveOverlay"] Mass [GeV]                                                    1.40e-01
[ DEBUG5 "MyRemoveOverlay"] Charge                                                       -1.00e+00
[ DEBUG5 "MyRemoveOverlay"] Parents                                                              1
[ DEBUG5 "MyRemoveOverlay"] Daughters                                                            0
[ DEBUG5 "MyRemoveOverlay"] simulator status bits: [sbvtcls]  s: created in simulation b: backscatter v: vertex is not endpoint of parent t: decayed in tracker c: decayed in calorimeter l: has left detector s: stopped o: overlay
[ DEBUG5 "MyRemoveOverlay"] [    c s ]
[ DEBUG5 "MyRemoveOverlay"] 
[ DEBUG7 "MyRemoveOverlay"] 		********** PFO AT INDEX 30 IS NOT OVERLAY **********
[ DEBUG8 "MyRemoveOverlay"] 
[ DEBUG8 "MyRemoveOverlay"] 		-------------------------------------------------------
[ DEBUG8 "MyRemoveOverlay"] 		Processing PFO at index 31
[ DEBUG5 "MyRemoveOverlay"] ------------------ ReconstructedParticle -----------------------------
[ DEBUG5 "MyRemoveOverlay"] Id                                                             0x11359
[ DEBUG5 "MyRemoveOverlay"] Compound                                                             0
[ DEBUG5 "MyRemoveOverlay"] Type                                                               211
[ DEBUG5 "MyRemoveOverlay"] Momentum (x,y,z)                       +1.33e+00, -3.54e+00, +3.70e+00
[ DEBUG5 "MyRemoveOverlay"] Mass [GeV]                                                    1.40e-01
[ DEBUG5 "MyRemoveOverlay"] Charge [e]                                                    1.00e+00
[ DEBUG5 "MyRemoveOverlay"] Energy [GeV]                                                  5.29e+00
[ DEBUG5 "MyRemoveOverlay"] ReferencePoint                         +5.79e+00, -1.55e+01, +1.61e+01
[ DEBUG5 "MyRemoveOverlay"] ParticleIDUsed                                                       0
[ DEBUG5 "MyRemoveOverlay"] GoodnessOfPID                                                 0.00e+00
[ DEBUG5 "MyRemoveOverlay"] Covariance p,E:  2.02e-06, -3.30e-06, 9.93e-06, 3.48e-06, -9.50e-06, 
[ DEBUG5 "MyRemoveOverlay"]                  1.07e-05, 5.15e-06, -1.41e-05, 1.47e-05, 2.10e-05
[ DEBUG5 "MyRemoveOverlay"] Particles id:    
[ DEBUG5 "MyRemoveOverlay"] Tracks id:    [00009901]
[ DEBUG5 "MyRemoveOverlay"] Clusters id:  [00011046]
[ DEBUG5 "MyRemoveOverlay"] Particle ids ( [id], PDG, (type)): 
[ DEBUG5 "MyRemoveOverlay"]                  [00011360], 000321, (000000) 
[ DEBUG5 "MyRemoveOverlay"]                  [00011361], 000000, (000000) 
[ DEBUG5 "MyRemoveOverlay"]                  [00011362], 000000, (000000) 
[ DEBUG5 "MyRemoveOverlay"]                  [00011363], 000000, (000000) 
[ DEBUG5 "MyRemoveOverlay"]                  [00011364], 000000, (000000) 
[ DEBUG5 "MyRemoveOverlay"]                  [00011365], 000000, (000000) 
[ DEBUG5 "MyRemoveOverlay"]                  [00011366], 000013, (000000) 
[ DEBUG5 "MyRemoveOverlay"]                  [00011367], 000211, (000000) 
[ DEBUG5 "MyRemoveOverlay"]                  [00011368], 000321, (000000) 
[ DEBUG5 "MyRemoveOverlay"] 
[ DEBUG5 "MyRemoveOverlay"] 
[ DEBUG0 "MyRemoveOverlay"] 	MCParticle at index: 0 has PDG: 211 and MCParticle to Track link weight is 1.00e+00
[ DEBUG0 "MyRemoveOverlay"] 	MCParticle at index: 0 with PDG code: 211 has highest link weight to input track
[ DEBUG0 "MyRemoveOverlay"] 	Track at index: 0 has highest link weight to MCParticle = 9.96e-01
[ DEBUG0 "MyRemoveOverlay"] 	Track linked to MCParticle with highest weight
[ DEBUG6 "MyRemoveOverlay"] 		Found a linked MCParticle to track
[ DEBUG5 "MyRemoveOverlay"] ----------------------------- MCParticle -----------------------------
[ DEBUG5 "MyRemoveOverlay"] Id                                                                9211
[ DEBUG5 "MyRemoveOverlay"] PDG                                                                211
[ DEBUG5 "MyRemoveOverlay"] Energy [GeV]                                                  5.29e+00
[ DEBUG5 "MyRemoveOverlay"] Momentum [GeV] (x,y,z)                       1.3298, -3.54019, 3.69807
[ DEBUG5 "MyRemoveOverlay"] Momentum at Endpoint[GeV] (x,y,z)                                -0, -0, 0
[ DEBUG5 "MyRemoveOverlay"] GeneratorStatus                                                      1
[ DEBUG5 "MyRemoveOverlay"] Vertex [mm] (x,y,z)             1.62857e-308, -3.96273e-308, -0.112554
[ DEBUG5 "MyRemoveOverlay"] Endpoint [mm] (x,y,z)                       117.577, -2205.93, 2192.13
[ DEBUG5 "MyRemoveOverlay"] Mass [GeV]                                                    1.40e-01
[ DEBUG5 "MyRemoveOverlay"] Charge                                                        1.00e+00
[ DEBUG5 "MyRemoveOverlay"] Parents                                                              1
[ DEBUG5 "MyRemoveOverlay"] Daughters                                                            0
[ DEBUG5 "MyRemoveOverlay"] simulator status bits: [sbvtcls]  s: created in simulation b: backscatter v: vertex is not endpoint of parent t: decayed in tracker c: decayed in calorimeter l: has left detector s: stopped o: overlay
[ DEBUG5 "MyRemoveOverlay"] [    c s ]
[ DEBUG5 "MyRemoveOverlay"] 
[ DEBUG0 "MyRemoveOverlay"] 	MCParticle at index: 0 has PDG: 211 and MCParticle to Cluster link weight is 1.00e+00
[ DEBUG0 "MyRemoveOverlay"] 	MCParticle at index: 0 with PDG code: 211 has highest link weight to input cluster
[ DEBUG0 "MyRemoveOverlay"] 	Cluster at index: 0 has highest link weight to MCParticle = 9.30e-01
[ DEBUG0 "MyRemoveOverlay"] 	Cluster linked to MCParticle with highest weight
[ DEBUG6 "MyRemoveOverlay"] 		Found a linked MCParticle to cluster
[ DEBUG5 "MyRemoveOverlay"] ----------------------------- MCParticle -----------------------------
[ DEBUG5 "MyRemoveOverlay"] Id                                                                9211
[ DEBUG5 "MyRemoveOverlay"] PDG                                                                211
[ DEBUG5 "MyRemoveOverlay"] Energy [GeV]                                                  5.29e+00
[ DEBUG5 "MyRemoveOverlay"] Momentum [GeV] (x,y,z)                       1.3298, -3.54019, 3.69807
[ DEBUG5 "MyRemoveOverlay"] Momentum at Endpoint[GeV] (x,y,z)                                -0, -0, 0
[ DEBUG5 "MyRemoveOverlay"] GeneratorStatus                                                      1
[ DEBUG5 "MyRemoveOverlay"] Vertex [mm] (x,y,z)             1.62857e-308, -3.96273e-308, -0.112554
[ DEBUG5 "MyRemoveOverlay"] Endpoint [mm] (x,y,z)                       117.577, -2205.93, 2192.13
[ DEBUG5 "MyRemoveOverlay"] Mass [GeV]                                                    1.40e-01
[ DEBUG5 "MyRemoveOverlay"] Charge                                                        1.00e+00
[ DEBUG5 "MyRemoveOverlay"] Parents                                                              1
[ DEBUG5 "MyRemoveOverlay"] Daughters                                                            0
[ DEBUG5 "MyRemoveOverlay"] simulator status bits: [sbvtcls]  s: created in simulation b: backscatter v: vertex is not endpoint of parent t: decayed in tracker c: decayed in calorimeter l: has left detector s: stopped o: overlay
[ DEBUG5 "MyRemoveOverlay"] [    c s ]
[ DEBUG5 "MyRemoveOverlay"] 
[ DEBUG7 "MyRemoveOverlay"] 		********** PFO AT INDEX 31 IS NOT OVERLAY **********
[ DEBUG8 "MyRemoveOverlay"] 
[ DEBUG8 "MyRemoveOverlay"] 		-------------------------------------------------------
[ DEBUG8 "MyRemoveOverlay"] 		Processing PFO at index 32
[ DEBUG5 "MyRemoveOverlay"] ------------------ ReconstructedParticle -----------------------------
[ DEBUG5 "MyRemoveOverlay"] Id                                                             0x11369
[ DEBUG5 "MyRemoveOverlay"] Compound                                                             0
[ DEBUG5 "MyRemoveOverlay"] Type                                                              -211
[ DEBUG5 "MyRemoveOverlay"] Momentum (x,y,z)                       +1.17e+00, -3.23e+00, +3.54e+00
[ DEBUG5 "MyRemoveOverlay"] Mass [GeV]                                                    1.40e-01
[ DEBUG5 "MyRemoveOverlay"] Charge [e]                                                   -1.00e+00
[ DEBUG5 "MyRemoveOverlay"] Energy [GeV]                                                  4.94e+00
[ DEBUG5 "MyRemoveOverlay"] ReferencePoint                         +5.38e+01, -1.43e+02, +1.58e+02
[ DEBUG5 "MyRemoveOverlay"] ParticleIDUsed                                                       0
[ DEBUG5 "MyRemoveOverlay"] GoodnessOfPID                                                 0.00e+00
[ DEBUG5 "MyRemoveOverlay"] Covariance p,E:  7.04e-06, -3.37e-06, 1.24e-05, 3.66e-06, -8.04e-06, 
[ DEBUG5 "MyRemoveOverlay"]                  1.45e-05, 6.51e-06, -1.47e-05, 1.65e-05, 2.30e-05
[ DEBUG5 "MyRemoveOverlay"] Particles id:    
[ DEBUG5 "MyRemoveOverlay"] Tracks id:    [00010006]
[ DEBUG5 "MyRemoveOverlay"] Clusters id:  [00011047]
[ DEBUG5 "MyRemoveOverlay"] Particle ids ( [id], PDG, (type)): 
[ DEBUG5 "MyRemoveOverlay"]                  [00011370], 000000, (000000) 
[ DEBUG5 "MyRemoveOverlay"]                  [00011371], 000000, (000000) 
[ DEBUG5 "MyRemoveOverlay"]                  [00011372], 000000, (000000) 
[ DEBUG5 "MyRemoveOverlay"]                  [00011373], 000000, (000000) 
[ DEBUG5 "MyRemoveOverlay"]                  [00011374], 000000, (000000) 
[ DEBUG5 "MyRemoveOverlay"]                  [00011375], 000211, (000000) 
[ DEBUG5 "MyRemoveOverlay"]                  [00011376], 000013, (000000) 
[ DEBUG5 "MyRemoveOverlay"]                  [00011377], 000011, (000000) 
[ DEBUG5 "MyRemoveOverlay"]                  [00011378], 000211, (000000) 
[ DEBUG5 "MyRemoveOverlay"] 
[ DEBUG5 "MyRemoveOverlay"] 
[ DEBUG0 "MyRemoveOverlay"] 	MCParticle at index: 0 has PDG: -211 and MCParticle to Track link weight is 1.00e+00
[ DEBUG0 "MyRemoveOverlay"] 	MCParticle at index: 0 with PDG code: -211 has highest link weight to input track
[ DEBUG0 "MyRemoveOverlay"] 	Track at index: 0 has highest link weight to MCParticle = 9.78e-01
[ DEBUG0 "MyRemoveOverlay"] 	Track linked to MCParticle with highest weight
[ DEBUG6 "MyRemoveOverlay"] 		Found a linked MCParticle to track
[ DEBUG5 "MyRemoveOverlay"] ----------------------------- MCParticle -----------------------------
[ DEBUG5 "MyRemoveOverlay"] Id                                                                9239
[ DEBUG5 "MyRemoveOverlay"] PDG                                                               -211
[ DEBUG5 "MyRemoveOverlay"] Energy [GeV]                                                  4.93e+00
[ DEBUG5 "MyRemoveOverlay"] Momentum [GeV] (x,y,z)                      1.27235, -3.18766, 3.53776
[ DEBUG5 "MyRemoveOverlay"] Momentum at Endpoint[GeV] (x,y,z)                                 0, -0, 0
[ DEBUG5 "MyRemoveOverlay"] GeneratorStatus                                                      1
[ DEBUG5 "MyRemoveOverlay"] Vertex [mm] (x,y,z)                         35.5671, -98.5887, 108.146
[ DEBUG5 "MyRemoveOverlay"] Endpoint [mm] (x,y,z)                       1117.28, -1508.03, 1960.77
[ DEBUG5 "MyRemoveOverlay"] Mass [GeV]                                                    1.40e-01
[ DEBUG5 "MyRemoveOverlay"] Charge                                                       -1.00e+00
[ DEBUG5 "MyRemoveOverlay"] Parents                                                              1
[ DEBUG5 "MyRemoveOverlay"] Daughters                                                            0
[ DEBUG5 "MyRemoveOverlay"] simulator status bits: [sbvtcls]  s: created in simulation b: backscatter v: vertex is not endpoint of parent t: decayed in tracker c: decayed in calorimeter l: has left detector s: stopped o: overlay
[ DEBUG5 "MyRemoveOverlay"] [    c s ]
[ DEBUG5 "MyRemoveOverlay"] 
[ DEBUG0 "MyRemoveOverlay"] 	MCParticle at index: 0 has PDG: -211 and MCParticle to Cluster link weight is 1.00e+00
[ DEBUG0 "MyRemoveOverlay"] 	MCParticle at index: 0 with PDG code: -211 has highest link weight to input cluster
[ DEBUG6 "MyRemoveOverlay"] 		Cluster is not linked to a MCParticle
[ DEBUG7 "MyRemoveOverlay"] 		********** PFO AT INDEX 32 IS NOT OVERLAY **********
[ DEBUG8 "MyRemoveOverlay"] 
[ DEBUG8 "MyRemoveOverlay"] 		-------------------------------------------------------
[ DEBUG8 "MyRemoveOverlay"] 		Processing PFO at index 33
[ DEBUG5 "MyRemoveOverlay"] ------------------ ReconstructedParticle -----------------------------
[ DEBUG5 "MyRemoveOverlay"] Id                                                             0x11379
[ DEBUG5 "MyRemoveOverlay"] Compound                                                             0
[ DEBUG5 "MyRemoveOverlay"] Type                                                              -211
[ DEBUG5 "MyRemoveOverlay"] Momentum (x,y,z)                       +8.56e-01, -2.55e+00, +2.90e+00
[ DEBUG5 "MyRemoveOverlay"] Mass [GeV]                                                    1.40e-01
[ DEBUG5 "MyRemoveOverlay"] Charge [e]                                                   -1.00e+00
[ DEBUG5 "MyRemoveOverlay"] Energy [GeV]                                                  3.95e+00
[ DEBUG5 "MyRemoveOverlay"] ReferencePoint                         +1.64e+02, -3.37e+02, +3.75e+02
[ DEBUG5 "MyRemoveOverlay"] ParticleIDUsed                                                       0
[ DEBUG5 "MyRemoveOverlay"] GoodnessOfPID                                                 0.00e+00
[ DEBUG5 "MyRemoveOverlay"] Covariance p,E:  1.12e-05, -2.81e-06, 1.13e-05, 2.60e-06, -3.08e-06, 
[ DEBUG5 "MyRemoveOverlay"]                  1.39e-05, 6.14e-06, -1.02e-05, 1.27e-05, 1.72e-05
[ DEBUG5 "MyRemoveOverlay"] Particles id:    
[ DEBUG5 "MyRemoveOverlay"] Tracks id:    [00010001]
[ DEBUG5 "MyRemoveOverlay"] Clusters id:  [00011048]
[ DEBUG5 "MyRemoveOverlay"] Particle ids ( [id], PDG, (type)): 
[ DEBUG5 "MyRemoveOverlay"]                  [00011380], 000211, (000000) 
[ DEBUG5 "MyRemoveOverlay"]                  [00011381], 000000, (000000) 
[ DEBUG5 "MyRemoveOverlay"]                  [00011382], 000000, (000000) 
[ DEBUG5 "MyRemoveOverlay"]                  [00011383], 000000, (000000) 
[ DEBUG5 "MyRemoveOverlay"]                  [00011384], 000000, (000000) 
[ DEBUG5 "MyRemoveOverlay"]                  [00011385], 000000, (000000) 
[ DEBUG5 "MyRemoveOverlay"]                  [00011386], 000013, (000000) 
[ DEBUG5 "MyRemoveOverlay"]                  [00011387], 000211, (000000) 
[ DEBUG5 "MyRemoveOverlay"]                  [00011388], 000013, (000000) 
[ DEBUG5 "MyRemoveOverlay"] 
[ DEBUG5 "MyRemoveOverlay"] 
[ DEBUG0 "MyRemoveOverlay"] 	MCParticle at index: 0 has PDG: -211 and MCParticle to Track link weight is 1.00e+00
[ DEBUG0 "MyRemoveOverlay"] 	MCParticle at index: 0 with PDG code: -211 has highest link weight to input track
[ DEBUG0 "MyRemoveOverlay"] 	Track at index: 0 has highest link weight to MCParticle = 9.82e-01
[ DEBUG0 "MyRemoveOverlay"] 	Track linked to MCParticle with highest weight
[ DEBUG6 "MyRemoveOverlay"] 		Found a linked MCParticle to track
[ DEBUG5 "MyRemoveOverlay"] ----------------------------- MCParticle -----------------------------
[ DEBUG5 "MyRemoveOverlay"] Id                                                                9240
[ DEBUG5 "MyRemoveOverlay"] PDG                                                               -211
[ DEBUG5 "MyRemoveOverlay"] Energy [GeV]                                                  3.95e+00
[ DEBUG5 "MyRemoveOverlay"] Momentum [GeV] (x,y,z)                        1.181, -2.41145, 2.89463
[ DEBUG5 "MyRemoveOverlay"] Momentum at Endpoint[GeV] (x,y,z)                                 0, -0, 0
[ DEBUG5 "MyRemoveOverlay"] GeneratorStatus                                                      1
[ DEBUG5 "MyRemoveOverlay"] Vertex [mm] (x,y,z)                          147.834, -303.864, 340.49
[ DEBUG5 "MyRemoveOverlay"] Endpoint [mm] (x,y,z)                       1462.05, -1549.17, 2323.71
[ DEBUG5 "MyRemoveOverlay"] Mass [GeV]                                                    1.40e-01
[ DEBUG5 "MyRemoveOverlay"] Charge                                                       -1.00e+00
[ DEBUG5 "MyRemoveOverlay"] Parents                                                              1
[ DEBUG5 "MyRemoveOverlay"] Daughters                                                            0
[ DEBUG5 "MyRemoveOverlay"] simulator status bits: [sbvtcls]  s: created in simulation b: backscatter v: vertex is not endpoint of parent t: decayed in tracker c: decayed in calorimeter l: has left detector s: stopped o: overlay
[ DEBUG5 "MyRemoveOverlay"] [    c s ]
[ DEBUG5 "MyRemoveOverlay"] 
[ DEBUG0 "MyRemoveOverlay"] 	MCParticle at index: 1 has PDG: -211 and MCParticle to Cluster link weight is 9.62e-01
[ DEBUG0 "MyRemoveOverlay"] 	MCParticle at index: 1 with PDG code: -211 has highest link weight to input cluster
[ DEBUG0 "MyRemoveOverlay"] 	Cluster at index: 0 has highest link weight to MCParticle = 9.93e-01
[ DEBUG0 "MyRemoveOverlay"] 	Cluster linked to MCParticle with highest weight
[ DEBUG6 "MyRemoveOverlay"] 		Found a linked MCParticle to cluster
[ DEBUG5 "MyRemoveOverlay"] ----------------------------- MCParticle -----------------------------
[ DEBUG5 "MyRemoveOverlay"] Id                                                                9240
[ DEBUG5 "MyRemoveOverlay"] PDG                                                               -211
[ DEBUG5 "MyRemoveOverlay"] Energy [GeV]                                                  3.95e+00
[ DEBUG5 "MyRemoveOverlay"] Momentum [GeV] (x,y,z)                        1.181, -2.41145, 2.89463
[ DEBUG5 "MyRemoveOverlay"] Momentum at Endpoint[GeV] (x,y,z)                                 0, -0, 0
[ DEBUG5 "MyRemoveOverlay"] GeneratorStatus                                                      1
[ DEBUG5 "MyRemoveOverlay"] Vertex [mm] (x,y,z)                          147.834, -303.864, 340.49
[ DEBUG5 "MyRemoveOverlay"] Endpoint [mm] (x,y,z)                       1462.05, -1549.17, 2323.71
[ DEBUG5 "MyRemoveOverlay"] Mass [GeV]                                                    1.40e-01
[ DEBUG5 "MyRemoveOverlay"] Charge                                                       -1.00e+00
[ DEBUG5 "MyRemoveOverlay"] Parents                                                              1
[ DEBUG5 "MyRemoveOverlay"] Daughters                                                            0
[ DEBUG5 "MyRemoveOverlay"] simulator status bits: [sbvtcls]  s: created in simulation b: backscatter v: vertex is not endpoint of parent t: decayed in tracker c: decayed in calorimeter l: has left detector s: stopped o: overlay
[ DEBUG5 "MyRemoveOverlay"] [    c s ]
[ DEBUG5 "MyRemoveOverlay"] 
[ DEBUG7 "MyRemoveOverlay"] 		********** PFO AT INDEX 33 IS NOT OVERLAY **********
[ DEBUG8 "MyRemoveOverlay"] 
[ DEBUG8 "MyRemoveOverlay"] 		-------------------------------------------------------
[ DEBUG8 "MyRemoveOverlay"] 		Processing PFO at index 34
[ DEBUG5 "MyRemoveOverlay"] ------------------ ReconstructedParticle -----------------------------
[ DEBUG5 "MyRemoveOverlay"] Id                                                             0x11389
[ DEBUG5 "MyRemoveOverlay"] Compound                                                             0
[ DEBUG5 "MyRemoveOverlay"] Type                                                               211
[ DEBUG5 "MyRemoveOverlay"] Momentum (x,y,z)                       +5.94e-01, -1.07e+00, +1.25e+00
[ DEBUG5 "MyRemoveOverlay"] Mass [GeV]                                                    1.40e-01
[ DEBUG5 "MyRemoveOverlay"] Charge [e]                                                    1.00e+00
[ DEBUG5 "MyRemoveOverlay"] Energy [GeV]                                                  1.75e+00
[ DEBUG5 "MyRemoveOverlay"] ReferencePoint                         +7.71e+00, -1.41e+01, +1.63e+01
[ DEBUG5 "MyRemoveOverlay"] ParticleIDUsed                                                       0
[ DEBUG5 "MyRemoveOverlay"] GoodnessOfPID                                                 0.00e+00
[ DEBUG5 "MyRemoveOverlay"] Covariance p,E:  8.20e-07, -2.49e-07, 1.20e-06, 3.05e-07, -5.83e-07, 
[ DEBUG5 "MyRemoveOverlay"]                  1.35e-06, 6.47e-07, -1.23e-06, 1.42e-06, 1.98e-06
[ DEBUG5 "MyRemoveOverlay"] Particles id:    
[ DEBUG5 "MyRemoveOverlay"] Tracks id:    [00009891]
[ DEBUG5 "MyRemoveOverlay"] Clusters id:  
[ DEBUG5 "MyRemoveOverlay"] Particle ids ( [id], PDG, (type)): 
[ DEBUG5 "MyRemoveOverlay"]                  [00011390], 000211, (000000) 
[ DEBUG5 "MyRemoveOverlay"]                  [00011391], 000211, (000000) 
[ DEBUG5 "MyRemoveOverlay"]                  [00011392], 000011, (000000) 
[ DEBUG5 "MyRemoveOverlay"]                  [00011393], 000011, (000000) 
[ DEBUG5 "MyRemoveOverlay"]                  [00011394], 000000, (000000) 
[ DEBUG5 "MyRemoveOverlay"] 
[ DEBUG5 "MyRemoveOverlay"] 
[ DEBUG0 "MyRemoveOverlay"] 	MCParticle at index: 0 has PDG: 211 and MCParticle to Track link weight is 1.00e+00
[ DEBUG0 "MyRemoveOverlay"] 	MCParticle at index: 0 with PDG code: 211 has highest link weight to input track
[ DEBUG0 "MyRemoveOverlay"] 	Track at index: 0 has highest link weight to MCParticle = 9.75e-01
[ DEBUG0 "MyRemoveOverlay"] 	Track linked to MCParticle with highest weight
[ DEBUG6 "MyRemoveOverlay"] 		Found a linked MCParticle to track
[ DEBUG5 "MyRemoveOverlay"] ----------------------------- MCParticle -----------------------------
[ DEBUG5 "MyRemoveOverlay"] Id                                                                9185
[ DEBUG5 "MyRemoveOverlay"] PDG                                                                211
[ DEBUG5 "MyRemoveOverlay"] Energy [GeV]                                                  1.76e+00
[ DEBUG5 "MyRemoveOverlay"] Momentum [GeV] (x,y,z)                     0.594372, -1.07378, 1.25086
[ DEBUG5 "MyRemoveOverlay"] Momentum at Endpoint[GeV] (x,y,z)                                -0, -0, 0
[ DEBUG5 "MyRemoveOverlay"] GeneratorStatus                                                      1
[ DEBUG5 "MyRemoveOverlay"] Vertex [mm] (x,y,z)                                    0, 0, -0.112554
[ DEBUG5 "MyRemoveOverlay"] Endpoint [mm] (x,y,z)                      -836.703, -1718.25, 2289.96
[ DEBUG5 "MyRemoveOverlay"] Mass [GeV]                                                    1.40e-01
[ DEBUG5 "MyRemoveOverlay"] Charge                                                        1.00e+00
[ DEBUG5 "MyRemoveOverlay"] Parents                                                              1
[ DEBUG5 "MyRemoveOverlay"] Daughters                                                            0
[ DEBUG5 "MyRemoveOverlay"] simulator status bits: [sbvtcls]  s: created in simulation b: backscatter v: vertex is not endpoint of parent t: decayed in tracker c: decayed in calorimeter l: has left detector s: stopped o: overlay
[ DEBUG5 "MyRemoveOverlay"] [    c s ]
[ DEBUG5 "MyRemoveOverlay"] 
[ DEBUG7 "MyRemoveOverlay"] 		********** PFO AT INDEX 34 IS NOT OVERLAY **********
[ DEBUG8 "MyRemoveOverlay"] 
[ DEBUG8 "MyRemoveOverlay"] 		-------------------------------------------------------
[ DEBUG8 "MyRemoveOverlay"] 		Processing PFO at index 35
[ DEBUG5 "MyRemoveOverlay"] ------------------ ReconstructedParticle -----------------------------
[ DEBUG5 "MyRemoveOverlay"] Id                                                             0x11395
[ DEBUG5 "MyRemoveOverlay"] Compound                                                             0
[ DEBUG5 "MyRemoveOverlay"] Type                                                               211
[ DEBUG5 "MyRemoveOverlay"] Momentum (x,y,z)                       +2.40e-01, -4.10e-01, +4.81e-01
[ DEBUG5 "MyRemoveOverlay"] Mass [GeV]                                                    1.06e-01
[ DEBUG5 "MyRemoveOverlay"] Charge [e]                                                    1.00e+00
[ DEBUG5 "MyRemoveOverlay"] Energy [GeV]                                                  6.85e-01
[ DEBUG5 "MyRemoveOverlay"] ReferencePoint                         -3.01e+02, -4.12e+02, +6.81e+02
[ DEBUG5 "MyRemoveOverlay"] ParticleIDUsed                                                       0
[ DEBUG5 "MyRemoveOverlay"] GoodnessOfPID                                                 0.00e+00
[ DEBUG5 "MyRemoveOverlay"] Covariance p,E:  5.29e-06, 1.31e-06, 4.11e-06, -4.79e-07, 2.21e-06, 
[ DEBUG5 "MyRemoveOverlay"]                  3.29e-06, 5.16e-09, -8.15e-07, 7.91e-07, 1.09e-06
[ DEBUG5 "MyRemoveOverlay"] Particles id:    
[ DEBUG5 "MyRemoveOverlay"] Tracks id:    [00010156], [00010076]
[ DEBUG5 "MyRemoveOverlay"] Clusters id:  [00011049]
[ DEBUG5 "MyRemoveOverlay"] Particle ids ( [id], PDG, (type)): 
[ DEBUG5 "MyRemoveOverlay"]                  [00011396], 000013, (000000) 
[ DEBUG5 "MyRemoveOverlay"]                  [00011397], 000013, (000000) 
[ DEBUG5 "MyRemoveOverlay"]                  [00011398], 000011, (000000) 
[ DEBUG5 "MyRemoveOverlay"]                  [00011399], 000013, (000000) 
[ DEBUG5 "MyRemoveOverlay"]                  [00011400], 000013, (000000) 
[ DEBUG5 "MyRemoveOverlay"] 
[ DEBUG5 "MyRemoveOverlay"] 
[ DEBUG6 "MyRemoveOverlay"] 		Track is not linked to a MCParticle
[ DEBUG0 "MyRemoveOverlay"] 	MCParticle at index: 0 has PDG: -13 and MCParticle to Track link weight is 1.00e+00
[ DEBUG0 "MyRemoveOverlay"] 	MCParticle at index: 0 with PDG code: -13 has highest link weight to input track
[ DEBUG6 "MyRemoveOverlay"] 		Track is not linked to a MCParticle
[ DEBUG0 "MyRemoveOverlay"] 	MCParticle at index: 0 has PDG: -13 and MCParticle to Cluster link weight is 1.00e+00
[ DEBUG0 "MyRemoveOverlay"] 	MCParticle at index: 0 with PDG code: -13 has highest link weight to input cluster
[ DEBUG0 "MyRemoveOverlay"] 	Cluster at index: 0 has highest link weight to MCParticle = 1.00e+00
[ DEBUG0 "MyRemoveOverlay"] 	Cluster linked to MCParticle with highest weight
[ DEBUG6 "MyRemoveOverlay"] 		Found a linked MCParticle to cluster
[ DEBUG5 "MyRemoveOverlay"] ----------------------------- MCParticle -----------------------------
[ DEBUG5 "MyRemoveOverlay"] Id                                                                9313
[ DEBUG5 "MyRemoveOverlay"] PDG                                                                -13
[ DEBUG5 "MyRemoveOverlay"] Energy [GeV]                                                  6.92e-01
[ DEBUG5 "MyRemoveOverlay"] Momentum [GeV] (x,y,z)                 -0.482201, -0.0260115, 0.484823
[ DEBUG5 "MyRemoveOverlay"] Momentum at Endpoint[GeV] (x,y,z)                               -0, -0, -0
[ DEBUG5 "MyRemoveOverlay"] GeneratorStatus                                                      0
[ DEBUG5 "MyRemoveOverlay"] Vertex [mm] (x,y,z)                         -569.099, -805.839, 1187.5
[ DEBUG5 "MyRemoveOverlay"] Endpoint [mm] (x,y,z)                       -468.927, 26.5362, 2776.05
[ DEBUG5 "MyRemoveOverlay"] Mass [GeV]                                                    1.06e-01
[ DEBUG5 "MyRemoveOverlay"] Charge                                                        1.00e+00
[ DEBUG5 "MyRemoveOverlay"] Parents                                                              1
[ DEBUG5 "MyRemoveOverlay"] Daughters                                                            0
[ DEBUG5 "MyRemoveOverlay"] simulator status bits: [sbvtcls]  s: created in simulation b: backscatter v: vertex is not endpoint of parent t: decayed in tracker c: decayed in calorimeter l: has left detector s: stopped o: overlay
[ DEBUG5 "MyRemoveOverlay"] [s   c s ]
[ DEBUG5 "MyRemoveOverlay"] 
[ DEBUG7 "MyRemoveOverlay"] 		********** PFO AT INDEX 35 IS NOT OVERLAY **********
[ DEBUG8 "MyRemoveOverlay"] 
[ DEBUG8 "MyRemoveOverlay"] 		-------------------------------------------------------
[ DEBUG8 "MyRemoveOverlay"] 		Processing PFO at index 36
[ DEBUG5 "MyRemoveOverlay"] ------------------ ReconstructedParticle -----------------------------
[ DEBUG5 "MyRemoveOverlay"] Id                                                             0x11401
[ DEBUG5 "MyRemoveOverlay"] Compound                                                             0
[ DEBUG5 "MyRemoveOverlay"] Type                                                                22
[ DEBUG5 "MyRemoveOverlay"] Momentum (x,y,z)                       +2.52e-01, -6.76e-01, +6.64e-01
[ DEBUG5 "MyRemoveOverlay"] Mass [GeV]                                                    4.31e-03
[ DEBUG5 "MyRemoveOverlay"] Charge [e]                                                    0.00e+00
[ DEBUG5 "MyRemoveOverlay"] Energy [GeV]                                                  1.03e+00
[ DEBUG5 "MyRemoveOverlay"] ReferencePoint                         +5.66e+01, -1.45e+02, +1.31e+02
[ DEBUG5 "MyRemoveOverlay"] ParticleIDUsed                                                       0
[ DEBUG5 "MyRemoveOverlay"] GoodnessOfPID                                                 0.00e+00
[ DEBUG5 "MyRemoveOverlay"] Covariance p,E:  5.61e-06, -1.86e-07, 5.56e-06, -1.62e-06, 3.49e-06, 
[ DEBUG5 "MyRemoveOverlay"]                  5.56e-06, 3.25e-07, -7.93e-07, 6.60e-07, 9.51e-07
[ DEBUG5 "MyRemoveOverlay"] Particles id:    
[ DEBUG5 "MyRemoveOverlay"] Tracks id:    [00010026], [00010061]
[ DEBUG5 "MyRemoveOverlay"] Clusters id:  [00011050]
[ DEBUG5 "MyRemoveOverlay"] Particle ids ( [id], PDG, (type)): 
[ DEBUG5 "MyRemoveOverlay"] 
[ DEBUG5 "MyRemoveOverlay"] 
[ DEBUG0 "MyRemoveOverlay"] 	MCParticle at index: 0 has PDG: -11 and MCParticle to Track link weight is 9.74e-01
[ DEBUG0 "MyRemoveOverlay"] 	MCParticle at index: 0 with PDG code: -11 has highest link weight to input track
[ DEBUG6 "MyRemoveOverlay"] 		Track is not linked to a MCParticle
[ DEBUG0 "MyRemoveOverlay"] 	MCParticle at index: 1 has PDG: 11 and MCParticle to Track link weight is 9.90e-01
[ DEBUG0 "MyRemoveOverlay"] 	MCParticle at index: 1 with PDG code: 11 has highest link weight to input track
[ DEBUG6 "MyRemoveOverlay"] 		Track is not linked to a MCParticle
[ DEBUG6 "MyRemoveOverlay"] 		Cluster is not linked to a MCParticle
[ DEBUG7 "MyRemoveOverlay"] 		********** PFO AT INDEX 36 IS NOT OVERLAY **********
[ DEBUG8 "MyRemoveOverlay"] 
[ DEBUG8 "MyRemoveOverlay"] 		-------------------------------------------------------
[ DEBUG8 "MyRemoveOverlay"] 		Processing PFO at index 37
[ DEBUG5 "MyRemoveOverlay"] ------------------ ReconstructedParticle -----------------------------
[ DEBUG5 "MyRemoveOverlay"] Id                                                             0x11402
[ DEBUG5 "MyRemoveOverlay"] Compound                                                             0
[ DEBUG5 "MyRemoveOverlay"] Type                                                                22
[ DEBUG5 "MyRemoveOverlay"] Momentum (x,y,z)                       +2.00e-01, -2.47e-01, +4.08e-01
[ DEBUG5 "MyRemoveOverlay"] Mass [GeV]                                                    3.38e-02
[ DEBUG5 "MyRemoveOverlay"] Charge [e]                                                    0.00e+00
[ DEBUG5 "MyRemoveOverlay"] Energy [GeV]                                                  7.69e-01
[ DEBUG5 "MyRemoveOverlay"] ReferencePoint                         +2.53e+02, -5.25e+02, +3.70e+02
[ DEBUG5 "MyRemoveOverlay"] ParticleIDUsed                                                       0
[ DEBUG5 "MyRemoveOverlay"] GoodnessOfPID                                                 0.00e+00
[ DEBUG5 "MyRemoveOverlay"] Covariance p,E:  3.92e-07, -6.63e-08, 6.03e-07, 1.72e-09, -7.13e-08, 
[ DEBUG5 "MyRemoveOverlay"]                  1.02e-06, 1.67e-07, -5.36e-07, 5.33e-07, 7.65e-07
[ DEBUG5 "MyRemoveOverlay"] Particles id:    
[ DEBUG5 "MyRemoveOverlay"] Tracks id:    [00010041], [00010091]
[ DEBUG5 "MyRemoveOverlay"] Clusters id:  [00011051]
[ DEBUG5 "MyRemoveOverlay"] Particle ids ( [id], PDG, (type)): 
[ DEBUG5 "MyRemoveOverlay"] 
[ DEBUG5 "MyRemoveOverlay"] 
[ DEBUG0 "MyRemoveOverlay"] 	MCParticle at index: 1 has PDG: -11 and MCParticle to Track link weight is 1.00e+00
[ DEBUG0 "MyRemoveOverlay"] 	MCParticle at index: 1 with PDG code: -11 has highest link weight to input track
[ DEBUG6 "MyRemoveOverlay"] 		Track is not linked to a MCParticle
[ DEBUG0 "MyRemoveOverlay"] 	MCParticle at index: 0 has PDG: 11 and MCParticle to Track link weight is 1.00e+00
[ DEBUG0 "MyRemoveOverlay"] 	MCParticle at index: 0 with PDG code: 11 has highest link weight to input track
[ DEBUG6 "MyRemoveOverlay"] 		Track is not linked to a MCParticle
[ DEBUG0 "MyRemoveOverlay"] 	MCParticle at index: 0 has PDG: 22 and MCParticle to Cluster link weight is 1.00e+00
[ DEBUG0 "MyRemoveOverlay"] 	MCParticle at index: 0 with PDG code: 22 has highest link weight to input cluster
[ DEBUG0 "MyRemoveOverlay"] 	Cluster at index: 0 has highest link weight to MCParticle = 1.00e+00
[ DEBUG0 "MyRemoveOverlay"] 	Cluster linked to MCParticle with highest weight
[ DEBUG6 "MyRemoveOverlay"] 		Found a linked MCParticle to cluster
[ DEBUG5 "MyRemoveOverlay"] ----------------------------- MCParticle -----------------------------
[ DEBUG5 "MyRemoveOverlay"] Id                                                                9324
[ DEBUG5 "MyRemoveOverlay"] PDG                                                                 22
[ DEBUG5 "MyRemoveOverlay"] Energy [GeV]                                                  1.23e-01
[ DEBUG5 "MyRemoveOverlay"] Momentum [GeV] (x,y,z)                -0.0203498, -0.102378, 0.0651726
[ DEBUG5 "MyRemoveOverlay"] Momentum at Endpoint[GeV] (x,y,z)                                -0, -0, 0
[ DEBUG5 "MyRemoveOverlay"] GeneratorStatus                                                      0
[ DEBUG5 "MyRemoveOverlay"] Vertex [mm] (x,y,z)                          228.797, -354.809, 2238.6
[ DEBUG5 "MyRemoveOverlay"] Endpoint [mm] (x,y,z)                       162.553, -688.074, 2450.76
[ DEBUG5 "MyRemoveOverlay"] Mass [GeV]                                                    0.00e+00
[ DEBUG5 "MyRemoveOverlay"] Charge                                                        0.00e+00
[ DEBUG5 "MyRemoveOverlay"] Parents                                                              1
[ DEBUG5 "MyRemoveOverlay"] Daughters                                                            0
[ DEBUG5 "MyRemoveOverlay"] simulator status bits: [sbvtcls]  s: created in simulation b: backscatter v: vertex is not endpoint of parent t: decayed in tracker c: decayed in calorimeter l: has left detector s: stopped o: overlay
[ DEBUG5 "MyRemoveOverlay"] [s v c s ]
[ DEBUG5 "MyRemoveOverlay"] 
[ DEBUG7 "MyRemoveOverlay"] 		********** PFO AT INDEX 37 IS NOT OVERLAY **********
[ DEBUG8 "MyRemoveOverlay"] 
[ DEBUG8 "MyRemoveOverlay"] 		-------------------------------------------------------
[ DEBUG8 "MyRemoveOverlay"] 		Processing PFO at index 38
[ DEBUG5 "MyRemoveOverlay"] ------------------ ReconstructedParticle -----------------------------
[ DEBUG5 "MyRemoveOverlay"] Id                                                             0x11403
[ DEBUG5 "MyRemoveOverlay"] Compound                                                             0
[ DEBUG5 "MyRemoveOverlay"] Type                                                               211
[ DEBUG5 "MyRemoveOverlay"] Momentum (x,y,z)                       -1.50e-01, -3.83e-01, +3.63e-01
[ DEBUG5 "MyRemoveOverlay"] Mass [GeV]                                                    1.40e-01
[ DEBUG5 "MyRemoveOverlay"] Charge [e]                                                    1.00e+00
[ DEBUG5 "MyRemoveOverlay"] Energy [GeV]                                                  5.66e-01
[ DEBUG5 "MyRemoveOverlay"] ReferencePoint                         -6.56e+00, -1.60e+01, +1.51e+01
[ DEBUG5 "MyRemoveOverlay"] ParticleIDUsed                                                       0
[ DEBUG5 "MyRemoveOverlay"] GoodnessOfPID                                                 0.00e+00
[ DEBUG5 "MyRemoveOverlay"] Covariance p,E:  5.18e-07, 5.95e-08, 5.43e-07, -4.51e-08, -7.98e-08, 
[ DEBUG5 "MyRemoveOverlay"]                  5.58e-07, -2.06e-07, -4.34e-07, 4.24e-07, 6.20e-07
[ DEBUG5 "MyRemoveOverlay"] Particles id:    
[ DEBUG5 "MyRemoveOverlay"] Tracks id:    [00009966]
[ DEBUG5 "MyRemoveOverlay"] Clusters id:  [00011052]
[ DEBUG5 "MyRemoveOverlay"] Particle ids ( [id], PDG, (type)): 
[ DEBUG5 "MyRemoveOverlay"]                  [00011404], 000013, (000000) 
[ DEBUG5 "MyRemoveOverlay"]                  [00011405], 000013, (000000) 
[ DEBUG5 "MyRemoveOverlay"]                  [00011406], 000000, (000000) 
[ DEBUG5 "MyRemoveOverlay"]                  [00011407], 000000, (000000) 
[ DEBUG5 "MyRemoveOverlay"]                  [00011408], 000000, (000000) 
[ DEBUG5 "MyRemoveOverlay"]                  [00011409], 000000, (000000) 
[ DEBUG5 "MyRemoveOverlay"]                  [00011410], 000011, (000000) 
[ DEBUG5 "MyRemoveOverlay"]                  [00011411], 000211, (000000) 
[ DEBUG5 "MyRemoveOverlay"]                  [00011412], 000013, (000000) 
[ DEBUG5 "MyRemoveOverlay"] 
[ DEBUG5 "MyRemoveOverlay"] 
[ DEBUG0 "MyRemoveOverlay"] 	MCParticle at index: 0 has PDG: 211 and MCParticle to Track link weight is 1.00e+00
[ DEBUG0 "MyRemoveOverlay"] 	MCParticle at index: 0 with PDG code: 211 has highest link weight to input track
[ DEBUG6 "MyRemoveOverlay"] 		Track is not linked to a MCParticle
[ DEBUG6 "MyRemoveOverlay"] 		Cluster is not linked to a MCParticle
[ DEBUG7 "MyRemoveOverlay"] 		********** PFO AT INDEX 38 IS NOT OVERLAY **********
[ DEBUG8 "MyRemoveOverlay"] 
[ DEBUG8 "MyRemoveOverlay"] 		-------------------------------------------------------
[ DEBUG8 "MyRemoveOverlay"] 		Processing PFO at index 39
[ DEBUG5 "MyRemoveOverlay"] ------------------ ReconstructedParticle -----------------------------
[ DEBUG5 "MyRemoveOverlay"] Id                                                             0x11413
[ DEBUG5 "MyRemoveOverlay"] Compound                                                             0
[ DEBUG5 "MyRemoveOverlay"] Type                                                               211
[ DEBUG5 "MyRemoveOverlay"] Momentum (x,y,z)                       -9.20e-02, -1.92e-01, +3.92e-01
[ DEBUG5 "MyRemoveOverlay"] Mass [GeV]                                                    1.40e-01
[ DEBUG5 "MyRemoveOverlay"] Charge [e]                                                    1.00e+00
[ DEBUG5 "MyRemoveOverlay"] Energy [GeV]                                                  4.67e-01
[ DEBUG5 "MyRemoveOverlay"] ReferencePoint                         -7.49e+00, -1.43e+01, +3.01e+01
[ DEBUG5 "MyRemoveOverlay"] ParticleIDUsed                                                       0
[ DEBUG5 "MyRemoveOverlay"] GoodnessOfPID                                                 0.00e+00
[ DEBUG5 "MyRemoveOverlay"] Covariance p,E:  5.66e-06, 7.81e-06, 1.36e-05, -1.68e-05, -2.76e-05, 
[ DEBUG5 "MyRemoveOverlay"]                  5.99e-05, -1.84e-05, -3.02e-05, 6.49e-05, 7.04e-05
[ DEBUG5 "MyRemoveOverlay"] Particles id:    
[ DEBUG5 "MyRemoveOverlay"] Tracks id:    [00010211]
[ DEBUG5 "MyRemoveOverlay"] Clusters id:  [00011053]
[ DEBUG5 "MyRemoveOverlay"] Particle ids ( [id], PDG, (type)): 
[ DEBUG5 "MyRemoveOverlay"]                  [00011414], 000013, (000000) 
[ DEBUG5 "MyRemoveOverlay"]                  [00011415], 000011, (000000) 
[ DEBUG5 "MyRemoveOverlay"]                  [00011416], 000211, (000000) 
[ DEBUG5 "MyRemoveOverlay"]                  [00011417], 000011, (000000) 
[ DEBUG5 "MyRemoveOverlay"]                  [00011418], 000013, (000000) 
[ DEBUG5 "MyRemoveOverlay"] 
[ DEBUG5 "MyRemoveOverlay"] 
[ DEBUG0 "MyRemoveOverlay"] 	MCParticle at index: 0 has PDG: 211 and MCParticle to Track link weight is 1.00e+00
[ DEBUG0 "MyRemoveOverlay"] 	MCParticle at index: 0 with PDG code: 211 has highest link weight to input track
[ DEBUG6 "MyRemoveOverlay"] 		Track is not linked to a MCParticle
[ DEBUG6 "MyRemoveOverlay"] 		Cluster is not linked to a MCParticle
[ DEBUG7 "MyRemoveOverlay"] 		********** PFO AT INDEX 39 IS NOT OVERLAY **********
[ DEBUG8 "MyRemoveOverlay"] 
[ DEBUG8 "MyRemoveOverlay"] 		-------------------------------------------------------
[ DEBUG8 "MyRemoveOverlay"] 		Processing PFO at index 40
[ DEBUG5 "MyRemoveOverlay"] ------------------ ReconstructedParticle -----------------------------
[ DEBUG5 "MyRemoveOverlay"] Id                                                             0x11419
[ DEBUG5 "MyRemoveOverlay"] Compound                                                             0
[ DEBUG5 "MyRemoveOverlay"] Type                                                               211
[ DEBUG5 "MyRemoveOverlay"] Momentum (x,y,z)                       +8.92e-01, -2.42e-01, +1.02e+00
[ DEBUG5 "MyRemoveOverlay"] Mass [GeV]                                                    1.40e-01
[ DEBUG5 "MyRemoveOverlay"] Charge [e]                                                    1.00e+00
[ DEBUG5 "MyRemoveOverlay"] Energy [GeV]                                                  1.39e+00
[ DEBUG5 "MyRemoveOverlay"] ReferencePoint                         +1.33e+02, -8.16e+01, +9.53e+01
[ DEBUG5 "MyRemoveOverlay"] ParticleIDUsed                                                       0
[ DEBUG5 "MyRemoveOverlay"] GoodnessOfPID                                                 0.00e+00
[ DEBUG5 "MyRemoveOverlay"] Covariance p,E:  2.83e-06, -1.14e-07, 4.26e-06, -1.47e-06, 5.45e-07, 
[ DEBUG5 "MyRemoveOverlay"]                  2.67e-06, 7.52e-07, -4.15e-07, 9.30e-07, 1.24e-06
[ DEBUG5 "MyRemoveOverlay"] Particles id:    
[ DEBUG5 "MyRemoveOverlay"] Tracks id:    [00010166]
[ DEBUG5 "MyRemoveOverlay"] Clusters id:  [00011054]
[ DEBUG5 "MyRemoveOverlay"] Particle ids ( [id], PDG, (type)): 
[ DEBUG5 "MyRemoveOverlay"]                  [00011420], 000211, (000000) 
[ DEBUG5 "MyRemoveOverlay"]                  [00011421], 000321, (000000) 
[ DEBUG5 "MyRemoveOverlay"]                  [00011422], 000000, (000000) 
[ DEBUG5 "MyRemoveOverlay"]                  [00011423], 000000, (000000) 
[ DEBUG5 "MyRemoveOverlay"]                  [00011424], 000000, (000000) 
[ DEBUG5 "MyRemoveOverlay"]                  [00011425], 000000, (000000) 
[ DEBUG5 "MyRemoveOverlay"]                  [00011426], 000211, (000000) 
[ DEBUG5 "MyRemoveOverlay"]                  [00011427], 000321, (000000) 
[ DEBUG5 "MyRemoveOverlay"]                  [00011428], 000011, (000000) 
[ DEBUG5 "MyRemoveOverlay"] 
[ DEBUG5 "MyRemoveOverlay"] 
[ DEBUG0 "MyRemoveOverlay"] 	MCParticle at index: 0 has PDG: 211 and MCParticle to Track link weight is 1.00e+00
[ DEBUG0 "MyRemoveOverlay"] 	MCParticle at index: 0 with PDG code: 211 has highest link weight to input track
[ DEBUG0 "MyRemoveOverlay"] 	Track at index: 0 has highest link weight to MCParticle = 9.95e-01
[ DEBUG0 "MyRemoveOverlay"] 	Track linked to MCParticle with highest weight
[ DEBUG6 "MyRemoveOverlay"] 		Found a linked MCParticle to track
[ DEBUG5 "MyRemoveOverlay"] ----------------------------- MCParticle -----------------------------
[ DEBUG5 "MyRemoveOverlay"] Id                                                                9349
[ DEBUG5 "MyRemoveOverlay"] PDG                                                                211
[ DEBUG5 "MyRemoveOverlay"] Energy [GeV]                                                  1.39e+00
[ DEBUG5 "MyRemoveOverlay"] Momentum [GeV] (x,y,z)                    0.839933, -0.390108, 1.02538
[ DEBUG5 "MyRemoveOverlay"] Momentum at Endpoint[GeV] (x,y,z)                                -0, -0, 0
[ DEBUG5 "MyRemoveOverlay"] GeneratorStatus                                                      0
[ DEBUG5 "MyRemoveOverlay"] Vertex [mm] (x,y,z)                         131.179, -80.7696, 93.1786
[ DEBUG5 "MyRemoveOverlay"] Endpoint [mm] (x,y,z)                      -47.9791, -1742.46, 2531.95
[ DEBUG5 "MyRemoveOverlay"] Mass [GeV]                                                    1.40e-01
[ DEBUG5 "MyRemoveOverlay"] Charge                                                        1.00e+00
[ DEBUG5 "MyRemoveOverlay"] Parents                                                              1
[ DEBUG5 "MyRemoveOverlay"] Daughters                                                            0
[ DEBUG5 "MyRemoveOverlay"] simulator status bits: [sbvtcls]  s: created in simulation b: backscatter v: vertex is not endpoint of parent t: decayed in tracker c: decayed in calorimeter l: has left detector s: stopped o: overlay
[ DEBUG5 "MyRemoveOverlay"] [s   c s ]
[ DEBUG5 "MyRemoveOverlay"] 
[ DEBUG6 "MyRemoveOverlay"] 		Cluster is not linked to a MCParticle
[ DEBUG7 "MyRemoveOverlay"] 		********** PFO AT INDEX 40 IS NOT OVERLAY **********
[ DEBUG8 "MyRemoveOverlay"] 
[ DEBUG8 "MyRemoveOverlay"] 		-------------------------------------------------------
[ DEBUG8 "MyRemoveOverlay"] 		Processing PFO at index 41
[ DEBUG5 "MyRemoveOverlay"] ------------------ ReconstructedParticle -----------------------------
[ DEBUG5 "MyRemoveOverlay"] Id                                                             0x11429
[ DEBUG5 "MyRemoveOverlay"] Compound                                                             0
[ DEBUG5 "MyRemoveOverlay"] Type                                                               211
[ DEBUG5 "MyRemoveOverlay"] Momentum (x,y,z)                       -1.02e-01, +5.48e-02, +6.21e-02
[ DEBUG5 "MyRemoveOverlay"] Mass [GeV]                                                    1.40e-01
[ DEBUG5 "MyRemoveOverlay"] Charge [e]                                                    1.00e+00
[ DEBUG5 "MyRemoveOverlay"] Energy [GeV]                                                  1.92e-01
[ DEBUG5 "MyRemoveOverlay"] ReferencePoint                         -1.40e+01, +8.71e+00, +8.78e+00
[ DEBUG5 "MyRemoveOverlay"] ParticleIDUsed                                                       0
[ DEBUG5 "MyRemoveOverlay"] GoodnessOfPID                                                 0.00e+00
[ DEBUG5 "MyRemoveOverlay"] Covariance p,E:  7.64e-06, -5.44e-06, 5.09e-06, -4.64e-06, 3.60e-06, 
[ DEBUG5 "MyRemoveOverlay"]                  3.91e-06, -7.13e-06, 5.52e-06, 4.77e-06, 6.92e-06
[ DEBUG5 "MyRemoveOverlay"] Particles id:    
[ DEBUG5 "MyRemoveOverlay"] Tracks id:    [00010201]
[ DEBUG5 "MyRemoveOverlay"] Clusters id:  
[ DEBUG5 "MyRemoveOverlay"] Particle ids ( [id], PDG, (type)): 
[ DEBUG5 "MyRemoveOverlay"]                  [00011430], 000011, (000000) 
[ DEBUG5 "MyRemoveOverlay"]                  [00011431], 000011, (000000) 
[ DEBUG5 "MyRemoveOverlay"]                  [00011432], 000011, (000000) 
[ DEBUG5 "MyRemoveOverlay"]                  [00011433], 000011, (000000) 
[ DEBUG5 "MyRemoveOverlay"]                  [00011434], 000000, (000000) 
[ DEBUG5 "MyRemoveOverlay"] 
[ DEBUG5 "MyRemoveOverlay"] 
[ DEBUG0 "MyRemoveOverlay"] 	MCParticle at index: 0 has PDG: -11 and MCParticle to Track link weight is 1.00e+00
[ DEBUG0 "MyRemoveOverlay"] 	MCParticle at index: 0 with PDG code: -11 has highest link weight to input track
[ DEBUG6 "MyRemoveOverlay"] 		Track is not linked to a MCParticle
[ DEBUG7 "MyRemoveOverlay"] 		********** PFO AT INDEX 41 IS NOT OVERLAY **********
[ DEBUG8 "MyRemoveOverlay"] 
[ DEBUG8 "MyRemoveOverlay"] 		-------------------------------------------------------
[ DEBUG8 "MyRemoveOverlay"] 		Processing PFO at index 42
[ DEBUG5 "MyRemoveOverlay"] ------------------ ReconstructedParticle -----------------------------
[ DEBUG5 "MyRemoveOverlay"] Id                                                             0x11435
[ DEBUG5 "MyRemoveOverlay"] Compound                                                             0
[ DEBUG5 "MyRemoveOverlay"] Type                                                              -211
[ DEBUG5 "MyRemoveOverlay"] Momentum (x,y,z)                       -2.97e-01, +1.02e-01, +1.75e-02
[ DEBUG5 "MyRemoveOverlay"] Mass [GeV]                                                    1.40e-01
[ DEBUG5 "MyRemoveOverlay"] Charge [e]                                                   -1.00e+00
[ DEBUG5 "MyRemoveOverlay"] Energy [GeV]                                                  3.45e-01
[ DEBUG5 "MyRemoveOverlay"] ReferencePoint                         -3.05e+02, -2.19e+02, -5.82e+00
[ DEBUG5 "MyRemoveOverlay"] ParticleIDUsed                                                       0
[ DEBUG5 "MyRemoveOverlay"] GoodnessOfPID                                                 0.00e+00
[ DEBUG5 "MyRemoveOverlay"] Covariance p,E:  2.77e-07, 2.15e-07, 5.34e-07, 1.53e-07, 2.28e-10, 
[ DEBUG5 "MyRemoveOverlay"]                  2.85e-06, -1.68e-07, -2.71e-08, 1.25e-08, 1.37e-07
[ DEBUG5 "MyRemoveOverlay"] Particles id:    
[ DEBUG5 "MyRemoveOverlay"] Tracks id:    [00010046]
[ DEBUG5 "MyRemoveOverlay"] Clusters id:  [00011055]
[ DEBUG5 "MyRemoveOverlay"] Particle ids ( [id], PDG, (type)): 
[ DEBUG5 "MyRemoveOverlay"]                  [00011436], 000013, (000000) 
[ DEBUG5 "MyRemoveOverlay"]                  [00011437], 000000, (000000) 
[ DEBUG5 "MyRemoveOverlay"]                  [00011438], 000000, (000000) 
[ DEBUG5 "MyRemoveOverlay"]                  [00011439], 000000, (000000) 
[ DEBUG5 "MyRemoveOverlay"]                  [00011440], 000000, (000000) 
[ DEBUG5 "MyRemoveOverlay"]                  [00011441], 002212, (000000) 
[ DEBUG5 "MyRemoveOverlay"]                  [00011442], 000211, (000000) 
[ DEBUG5 "MyRemoveOverlay"]                  [00011443], 000211, (000000) 
[ DEBUG5 "MyRemoveOverlay"]                  [00011444], 002212, (000000) 
[ DEBUG5 "MyRemoveOverlay"] 
[ DEBUG5 "MyRemoveOverlay"] 
[ DEBUG0 "MyRemoveOverlay"] 	MCParticle at index: 0 has PDG: 2212 and MCParticle to Track link weight is 1.00e+00
[ DEBUG0 "MyRemoveOverlay"] 	MCParticle at index: 0 with PDG code: 2212 has highest link weight to input track
[ DEBUG6 "MyRemoveOverlay"] 		Track is not linked to a MCParticle
[ DEBUG0 "MyRemoveOverlay"] 	MCParticle at index: 0 has PDG: -13 and MCParticle to Cluster link weight is 9.16e-01
[ DEBUG0 "MyRemoveOverlay"] 	MCParticle at index: 0 with PDG code: -13 has highest link weight to input cluster
[ DEBUG0 "MyRemoveOverlay"] 	Cluster at index: 0 has highest link weight to MCParticle = 1.00e+00
[ DEBUG0 "MyRemoveOverlay"] 	Cluster linked to MCParticle with highest weight
[ DEBUG6 "MyRemoveOverlay"] 		Found a linked MCParticle to cluster
[ DEBUG5 "MyRemoveOverlay"] ----------------------------- MCParticle -----------------------------
[ DEBUG5 "MyRemoveOverlay"] Id                                                                9311
[ DEBUG5 "MyRemoveOverlay"] PDG                                                                -13
[ DEBUG5 "MyRemoveOverlay"] Energy [GeV]                                                  6.51e-01
[ DEBUG5 "MyRemoveOverlay"] Momentum [GeV] (x,y,z)                  -0.434393, -0.258634, 0.396914
[ DEBUG5 "MyRemoveOverlay"] Momentum at Endpoint[GeV] (x,y,z)                                -0, -0, 0
[ DEBUG5 "MyRemoveOverlay"] GeneratorStatus                                                      0
[ DEBUG5 "MyRemoveOverlay"] Vertex [mm] (x,y,z)                          -145.62, -1190.99, 1107.5
[ DEBUG5 "MyRemoveOverlay"] Endpoint [mm] (x,y,z)                      -151.162, -454.314, 2688.06
[ DEBUG5 "MyRemoveOverlay"] Mass [GeV]                                                    1.06e-01
[ DEBUG5 "MyRemoveOverlay"] Charge                                                        1.00e+00
[ DEBUG5 "MyRemoveOverlay"] Parents                                                              1
[ DEBUG5 "MyRemoveOverlay"] Daughters                                                            0
[ DEBUG5 "MyRemoveOverlay"] simulator status bits: [sbvtcls]  s: created in simulation b: backscatter v: vertex is not endpoint of parent t: decayed in tracker c: decayed in calorimeter l: has left detector s: stopped o: overlay
[ DEBUG5 "MyRemoveOverlay"] [s   c s ]
[ DEBUG5 "MyRemoveOverlay"] 
[ DEBUG7 "MyRemoveOverlay"] 		********** PFO AT INDEX 42 IS NOT OVERLAY **********
[ DEBUG8 "MyRemoveOverlay"] 
[ DEBUG8 "MyRemoveOverlay"] 		-------------------------------------------------------
[ DEBUG8 "MyRemoveOverlay"] 		Processing PFO at index 43
[ DEBUG5 "MyRemoveOverlay"] ------------------ ReconstructedParticle -----------------------------
[ DEBUG5 "MyRemoveOverlay"] Id                                                             0x11445
[ DEBUG5 "MyRemoveOverlay"] Compound                                                             0
[ DEBUG5 "MyRemoveOverlay"] Type                                                              -211
[ DEBUG5 "MyRemoveOverlay"] Momentum (x,y,z)                       +6.82e-02, -2.12e-01, +2.29e-02
[ DEBUG5 "MyRemoveOverlay"] Mass [GeV]                                                    1.40e-01
[ DEBUG5 "MyRemoveOverlay"] Charge [e]                                                   -1.00e+00
[ DEBUG5 "MyRemoveOverlay"] Energy [GeV]                                                  2.64e-01
[ DEBUG5 "MyRemoveOverlay"] ReferencePoint                         +5.70e+00, -1.56e+01, +1.67e+00
[ DEBUG5 "MyRemoveOverlay"] ParticleIDUsed                                                       0
[ DEBUG5 "MyRemoveOverlay"] GoodnessOfPID                                                 0.00e+00
[ DEBUG5 "MyRemoveOverlay"] Covariance p,E:  5.03e-07, 1.10e-07, 1.55e-07, -1.46e-08, 4.03e-08, 
[ DEBUG5 "MyRemoveOverlay"]                  5.34e-07, 4.09e-08, -9.26e-08, 1.03e-08, 8.59e-08
[ DEBUG5 "MyRemoveOverlay"] Particles id:    
[ DEBUG5 "MyRemoveOverlay"] Tracks id:    [00009981]
[ DEBUG5 "MyRemoveOverlay"] Clusters id:  
[ DEBUG5 "MyRemoveOverlay"] Particle ids ( [id], PDG, (type)): 
[ DEBUG5 "MyRemoveOverlay"]                  [00011446], 000011, (000000) 
[ DEBUG5 "MyRemoveOverlay"]                  [00011447], 000011, (000000) 
[ DEBUG5 "MyRemoveOverlay"]                  [00011448], 000000, (000000) 
[ DEBUG5 "MyRemoveOverlay"]                  [00011449], 000211, (000000) 
[ DEBUG5 "MyRemoveOverlay"]                  [00011450], 000211, (000000) 
[ DEBUG5 "MyRemoveOverlay"] 
[ DEBUG5 "MyRemoveOverlay"] 
[ DEBUG0 "MyRemoveOverlay"] 	MCParticle at index: 0 has PDG: -211 and MCParticle to Track link weight is 1.00e+00
[ DEBUG0 "MyRemoveOverlay"] 	MCParticle at index: 0 with PDG code: -211 has highest link weight to input track
[ DEBUG6 "MyRemoveOverlay"] 		Track is not linked to a MCParticle
[ DEBUG7 "MyRemoveOverlay"] 		********** PFO AT INDEX 43 IS NOT OVERLAY **********
[ DEBUG8 "MyRemoveOverlay"] 
[ DEBUG8 "MyRemoveOverlay"] 		-------------------------------------------------------
[ DEBUG8 "MyRemoveOverlay"] 		Processing PFO at index 44
[ DEBUG5 "MyRemoveOverlay"] ------------------ ReconstructedParticle -----------------------------
[ DEBUG5 "MyRemoveOverlay"] Id                                                             0x11451
[ DEBUG5 "MyRemoveOverlay"] Compound                                                             0
[ DEBUG5 "MyRemoveOverlay"] Type                                                              -211
[ DEBUG5 "MyRemoveOverlay"] Momentum (x,y,z)                       +5.16e-02, -3.43e-01, +1.81e-01
[ DEBUG5 "MyRemoveOverlay"] Mass [GeV]                                                    1.40e-01
[ DEBUG5 "MyRemoveOverlay"] Charge [e]                                                   -1.00e+00
[ DEBUG5 "MyRemoveOverlay"] Energy [GeV]                                                  4.15e-01
[ DEBUG5 "MyRemoveOverlay"] ReferencePoint                         +2.84e+00, -1.60e+01, +8.28e+00
[ DEBUG5 "MyRemoveOverlay"] ParticleIDUsed                                                       0
[ DEBUG5 "MyRemoveOverlay"] GoodnessOfPID                                                 0.00e+00
[ DEBUG5 "MyRemoveOverlay"] Covariance p,E:  5.43e-07, -7.32e-09, 3.96e-07, -1.31e-08, 6.54e-08, 
[ DEBUG5 "MyRemoveOverlay"]                  4.94e-07, 6.79e-08, -3.00e-07, 1.59e-07, 3.25e-07
[ DEBUG5 "MyRemoveOverlay"] Particles id:    
[ DEBUG5 "MyRemoveOverlay"] Tracks id:    [00009896]
[ DEBUG5 "MyRemoveOverlay"] Clusters id:  [00011056]
[ DEBUG5 "MyRemoveOverlay"] Particle ids ( [id], PDG, (type)): 
[ DEBUG5 "MyRemoveOverlay"]                  [00011452], 000211, (000000) 
[ DEBUG5 "MyRemoveOverlay"]                  [00011453], 000211, (000000) 
[ DEBUG5 "MyRemoveOverlay"]                  [00011454], 000000, (000000) 
[ DEBUG5 "MyRemoveOverlay"]                  [00011455], 000000, (000000) 
[ DEBUG5 "MyRemoveOverlay"]                  [00011456], 000000, (000000) 
[ DEBUG5 "MyRemoveOverlay"]                  [00011457], 000000, (000000) 
[ DEBUG5 "MyRemoveOverlay"]                  [00011458], 000011, (000000) 
[ DEBUG5 "MyRemoveOverlay"]                  [00011459], 000211, (000000) 
[ DEBUG5 "MyRemoveOverlay"]                  [00011460], 000211, (000000) 
[ DEBUG5 "MyRemoveOverlay"] 
[ DEBUG5 "MyRemoveOverlay"] 
[ DEBUG0 "MyRemoveOverlay"] 	MCParticle at index: 0 has PDG: -211 and MCParticle to Track link weight is 1.00e+00
[ DEBUG0 "MyRemoveOverlay"] 	MCParticle at index: 0 with PDG code: -211 has highest link weight to input track
[ DEBUG6 "MyRemoveOverlay"] 		Track is not linked to a MCParticle
[ DEBUG6 "MyRemoveOverlay"] 		Cluster is not linked to a MCParticle
[ DEBUG7 "MyRemoveOverlay"] 		********** PFO AT INDEX 44 IS NOT OVERLAY **********
[ DEBUG8 "MyRemoveOverlay"] 
[ DEBUG8 "MyRemoveOverlay"] 		-------------------------------------------------------
[ DEBUG8 "MyRemoveOverlay"] 		Processing PFO at index 45
[ DEBUG5 "MyRemoveOverlay"] ------------------ ReconstructedParticle -----------------------------
[ DEBUG5 "MyRemoveOverlay"] Id                                                             0x11461
[ DEBUG5 "MyRemoveOverlay"] Compound                                                             0
[ DEBUG5 "MyRemoveOverlay"] Type                                                              -211
[ DEBUG5 "MyRemoveOverlay"] Momentum (x,y,z)                       +3.55e-01, -6.26e-01, +5.76e-01
[ DEBUG5 "MyRemoveOverlay"] Mass [GeV]                                                    1.40e-01
[ DEBUG5 "MyRemoveOverlay"] Charge [e]                                                   -1.00e+00
[ DEBUG5 "MyRemoveOverlay"] Energy [GeV]                                                  9.32e-01
[ DEBUG5 "MyRemoveOverlay"] ReferencePoint                         +8.10e+00, -1.39e+01, +1.27e+01
[ DEBUG5 "MyRemoveOverlay"] ParticleIDUsed                                                       0
[ DEBUG5 "MyRemoveOverlay"] GoodnessOfPID                                                 0.00e+00
[ DEBUG5 "MyRemoveOverlay"] Covariance p,E:  6.00e-07, 2.10e-08, 5.38e-07, -1.82e-08, 4.02e-08, 
[ DEBUG5 "MyRemoveOverlay"]                  5.55e-07, 2.03e-07, -3.28e-07, 3.09e-07, 4.88e-07
[ DEBUG5 "MyRemoveOverlay"] Particles id:    
[ DEBUG5 "MyRemoveOverlay"] Tracks id:    [00009886]
[ DEBUG5 "MyRemoveOverlay"] Clusters id:  [00011057]
[ DEBUG5 "MyRemoveOverlay"] Particle ids ( [id], PDG, (type)): 
[ DEBUG5 "MyRemoveOverlay"]                  [00011462], 000211, (000000) 
[ DEBUG5 "MyRemoveOverlay"]                  [00011463], 000321, (000000) 
[ DEBUG5 "MyRemoveOverlay"]                  [00011464], 000000, (000000) 
[ DEBUG5 "MyRemoveOverlay"]                  [00011465], 000000, (000000) 
[ DEBUG5 "MyRemoveOverlay"]                  [00011466], 000000, (000000) 
[ DEBUG5 "MyRemoveOverlay"]                  [00011467], 000000, (000000) 
[ DEBUG5 "MyRemoveOverlay"]                  [00011468], 000211, (000000) 
[ DEBUG5 "MyRemoveOverlay"]                  [00011469], 000211, (000000) 
[ DEBUG5 "MyRemoveOverlay"]                  [00011470], 000211, (000000) 
[ DEBUG5 "MyRemoveOverlay"] 
[ DEBUG5 "MyRemoveOverlay"] 
[ DEBUG0 "MyRemoveOverlay"] 	MCParticle at index: 0 has PDG: -211 and MCParticle to Track link weight is 1.00e+00
[ DEBUG0 "MyRemoveOverlay"] 	MCParticle at index: 0 with PDG code: -211 has highest link weight to input track
[ DEBUG6 "MyRemoveOverlay"] 		Track is not linked to a MCParticle
[ DEBUG0 "MyRemoveOverlay"] 	MCParticle at index: 0 has PDG: -211 and MCParticle to Cluster link weight is 1.00e+00
[ DEBUG0 "MyRemoveOverlay"] 	MCParticle at index: 0 with PDG code: -211 has highest link weight to input cluster
[ DEBUG0 "MyRemoveOverlay"] 	Cluster at index: 0 has highest link weight to MCParticle = 9.94e-01
[ DEBUG0 "MyRemoveOverlay"] 	Cluster linked to MCParticle with highest weight
[ DEBUG6 "MyRemoveOverlay"] 		Found a linked MCParticle to cluster
[ DEBUG5 "MyRemoveOverlay"] ----------------------------- MCParticle -----------------------------
[ DEBUG5 "MyRemoveOverlay"] Id                                                                9314
[ DEBUG5 "MyRemoveOverlay"] PDG                                                               -211
[ DEBUG5 "MyRemoveOverlay"] Energy [GeV]                                                  8.84e-01
[ DEBUG5 "MyRemoveOverlay"] Momentum [GeV] (x,y,z)                    -0.672315, 0.10889, 0.546016
[ DEBUG5 "MyRemoveOverlay"] Momentum at Endpoint[GeV] (x,y,z)                                -0, -0, 0
[ DEBUG5 "MyRemoveOverlay"] GeneratorStatus                                                      0
[ DEBUG5 "MyRemoveOverlay"] Vertex [mm] (x,y,z)                          536.734, 1020.16, 2331.98
[ DEBUG5 "MyRemoveOverlay"] Endpoint [mm] (x,y,z)                        243.415, 905.633, 2600.04
[ DEBUG5 "MyRemoveOverlay"] Mass [GeV]                                                    1.40e-01
[ DEBUG5 "MyRemoveOverlay"] Charge                                                       -1.00e+00
[ DEBUG5 "MyRemoveOverlay"] Parents                                                              1
[ DEBUG5 "MyRemoveOverlay"] Daughters                                                            0
[ DEBUG5 "MyRemoveOverlay"] simulator status bits: [sbvtcls]  s: created in simulation b: backscatter v: vertex is not endpoint of parent t: decayed in tracker c: decayed in calorimeter l: has left detector s: stopped o: overlay
[ DEBUG5 "MyRemoveOverlay"] [s   c s ]
[ DEBUG5 "MyRemoveOverlay"] 
[ DEBUG7 "MyRemoveOverlay"] 		********** PFO AT INDEX 45 IS NOT OVERLAY **********
[ DEBUG8 "MyRemoveOverlay"] 
[ DEBUG8 "MyRemoveOverlay"] 		-------------------------------------------------------
[ DEBUG8 "MyRemoveOverlay"] 		Processing PFO at index 46
[ DEBUG5 "MyRemoveOverlay"] ------------------ ReconstructedParticle -----------------------------
[ DEBUG5 "MyRemoveOverlay"] Id                                                             0x11471
[ DEBUG5 "MyRemoveOverlay"] Compound                                                             0
[ DEBUG5 "MyRemoveOverlay"] Type                                                                22
[ DEBUG5 "MyRemoveOverlay"] Momentum (x,y,z)                       -8.28e-02, +1.20e-01, -1.86e-01
[ DEBUG5 "MyRemoveOverlay"] Mass [GeV]                                                    0.00e+00
[ DEBUG5 "MyRemoveOverlay"] Charge [e]                                                    0.00e+00
[ DEBUG5 "MyRemoveOverlay"] Energy [GeV]                                                  2.36e-01
[ DEBUG5 "MyRemoveOverlay"] ReferencePoint                         -1.09e+03, +1.58e+03, -2.43e+03
[ DEBUG5 "MyRemoveOverlay"] ParticleIDUsed                                                       0
[ DEBUG5 "MyRemoveOverlay"] GoodnessOfPID                                                 0.00e+00
[ DEBUG5 "MyRemoveOverlay"] Covariance p,E:  8.08e-04, -1.17e-03, 1.70e-03, 1.81e-03, -2.62e-03, 
[ DEBUG5 "MyRemoveOverlay"]                  4.05e-03, -2.30e-03, 3.34e-03, -5.15e-03, 6.56e-03
[ DEBUG5 "MyRemoveOverlay"] Particles id:    
[ DEBUG5 "MyRemoveOverlay"] Tracks id:    
[ DEBUG5 "MyRemoveOverlay"] Clusters id:  [00011058]
[ DEBUG5 "MyRemoveOverlay"] Particle ids ( [id], PDG, (type)): 
[ DEBUG5 "MyRemoveOverlay"]                  [00011472], 000000, (000000) 
[ DEBUG5 "MyRemoveOverlay"]                  [00011473], 000000, (000000) 
[ DEBUG5 "MyRemoveOverlay"]                  [00011474], 000000, (000000) 
[ DEBUG5 "MyRemoveOverlay"]                  [00011475], 000000, (000000) 
[ DEBUG5 "MyRemoveOverlay"] 
[ DEBUG5 "MyRemoveOverlay"] 
[ DEBUG0 "MyRemoveOverlay"] 	MCParticle at index: 0 has PDG: 22 and MCParticle to Cluster link weight is 1.00e+00
[ DEBUG0 "MyRemoveOverlay"] 	MCParticle at index: 0 with PDG code: 22 has highest link weight to input cluster
[ DEBUG0 "MyRemoveOverlay"] 	Cluster at index: 0 has highest link weight to MCParticle = 1.00e+00
[ DEBUG0 "MyRemoveOverlay"] 	Cluster linked to MCParticle with highest weight
[ DEBUG6 "MyRemoveOverlay"] 		Found a linked MCParticle to cluster
[ DEBUG5 "MyRemoveOverlay"] ----------------------------- MCParticle -----------------------------
[ DEBUG5 "MyRemoveOverlay"] Id                                                                9223
[ DEBUG5 "MyRemoveOverlay"] PDG                                                                 22
[ DEBUG5 "MyRemoveOverlay"] Energy [GeV]                                                  2.76e-01
[ DEBUG5 "MyRemoveOverlay"] Momentum [GeV] (x,y,z)                 -0.0949843, 0.139931, -0.217513
[ DEBUG5 "MyRemoveOverlay"] Momentum at Endpoint[GeV] (x,y,z)                                -0, 0, -0
[ DEBUG5 "MyRemoveOverlay"] GeneratorStatus                                                      1
[ DEBUG5 "MyRemoveOverlay"] Vertex [mm] (x,y,z)                -1.46938e-05, 6.6394e-05, -0.112658
[ DEBUG5 "MyRemoveOverlay"] Endpoint [mm] (x,y,z)                       -1054.44, 1553.4, -2414.76
[ DEBUG5 "MyRemoveOverlay"] Mass [GeV]                                                   -8.33e-09
[ DEBUG5 "MyRemoveOverlay"] Charge                                                        0.00e+00
[ DEBUG5 "MyRemoveOverlay"] Parents                                                              1
[ DEBUG5 "MyRemoveOverlay"] Daughters                                                            0
[ DEBUG5 "MyRemoveOverlay"] simulator status bits: [sbvtcls]  s: created in simulation b: backscatter v: vertex is not endpoint of parent t: decayed in tracker c: decayed in calorimeter l: has left detector s: stopped o: overlay
[ DEBUG5 "MyRemoveOverlay"] [    c s ]
[ DEBUG5 "MyRemoveOverlay"] 
[ DEBUG7 "MyRemoveOverlay"] 		********** PFO AT INDEX 46 IS NOT OVERLAY **********
[ DEBUG8 "MyRemoveOverlay"] 
[ DEBUG8 "MyRemoveOverlay"] 		-------------------------------------------------------
[ DEBUG8 "MyRemoveOverlay"] 		Processing PFO at index 47
[ DEBUG5 "MyRemoveOverlay"] ------------------ ReconstructedParticle -----------------------------
[ DEBUG5 "MyRemoveOverlay"] Id                                                             0x11476
[ DEBUG5 "MyRemoveOverlay"] Compound                                                             0
[ DEBUG5 "MyRemoveOverlay"] Type                                                                22
[ DEBUG5 "MyRemoveOverlay"] Momentum (x,y,z)                       -1.74e-04, +1.97e-01, -3.08e-01
[ DEBUG5 "MyRemoveOverlay"] Mass [GeV]                                                    0.00e+00
[ DEBUG5 "MyRemoveOverlay"] Charge [e]                                                    0.00e+00
[ DEBUG5 "MyRemoveOverlay"] Energy [GeV]                                                  3.66e-01
[ DEBUG5 "MyRemoveOverlay"] ReferencePoint                         -1.38e+00, +1.56e+03, -2.45e+03
[ DEBUG5 "MyRemoveOverlay"] ParticleIDUsed                                                       0
[ DEBUG5 "MyRemoveOverlay"] GoodnessOfPID                                                 0.00e+00
[ DEBUG5 "MyRemoveOverlay"] Covariance p,E:  4.52e-08, -2.63e-06, 3.00e-03, 4.18e-06, -4.71e-03, 
[ DEBUG5 "MyRemoveOverlay"]                  7.40e-03, -4.94e-06, 5.59e-03, -8.77e-03, 1.04e-02
[ DEBUG5 "MyRemoveOverlay"] Particles id:    
[ DEBUG5 "MyRemoveOverlay"] Tracks id:    
[ DEBUG5 "MyRemoveOverlay"] Clusters id:  [00011059]
[ DEBUG5 "MyRemoveOverlay"] Particle ids ( [id], PDG, (type)): 
[ DEBUG5 "MyRemoveOverlay"]                  [00011477], 000000, (000000) 
[ DEBUG5 "MyRemoveOverlay"]                  [00011478], 000000, (000000) 
[ DEBUG5 "MyRemoveOverlay"]                  [00011479], 000000, (000000) 
[ DEBUG5 "MyRemoveOverlay"]                  [00011480], 000000, (000000) 
[ DEBUG5 "MyRemoveOverlay"] 
[ DEBUG5 "MyRemoveOverlay"] 
[ DEBUG0 "MyRemoveOverlay"] 	MCParticle at index: 0 has PDG: 22 and MCParticle to Cluster link weight is 1.00e+00
[ DEBUG0 "MyRemoveOverlay"] 	MCParticle at index: 0 with PDG code: 22 has highest link weight to input cluster
[ DEBUG0 "MyRemoveOverlay"] 	Cluster at index: 0 has highest link weight to MCParticle = 1.00e+00
[ DEBUG0 "MyRemoveOverlay"] 	Cluster linked to MCParticle with highest weight
[ DEBUG6 "MyRemoveOverlay"] 		Found a linked MCParticle to cluster
[ DEBUG5 "MyRemoveOverlay"] ----------------------------- MCParticle -----------------------------
[ DEBUG5 "MyRemoveOverlay"] Id                                                                9222
[ DEBUG5 "MyRemoveOverlay"] PDG                                                                 22
[ DEBUG5 "MyRemoveOverlay"] Energy [GeV]                                                  5.42e-01
[ DEBUG5 "MyRemoveOverlay"] Momentum [GeV] (x,y,z)               -0.000456298, 0.291319, -0.456881
[ DEBUG5 "MyRemoveOverlay"] Momentum at Endpoint[GeV] (x,y,z)                                -0, 0, -0
[ DEBUG5 "MyRemoveOverlay"] GeneratorStatus                                                      1
[ DEBUG5 "MyRemoveOverlay"] Vertex [mm] (x,y,z)                -1.46938e-05, 6.6394e-05, -0.112658
[ DEBUG5 "MyRemoveOverlay"] Endpoint [mm] (x,y,z)                        -2.41042, 1538.9, -2413.6
[ DEBUG5 "MyRemoveOverlay"] Mass [GeV]                                                   -7.45e-09
[ DEBUG5 "MyRemoveOverlay"] Charge                                                        0.00e+00
[ DEBUG5 "MyRemoveOverlay"] Parents                                                              1
[ DEBUG5 "MyRemoveOverlay"] Daughters                                                            0
[ DEBUG5 "MyRemoveOverlay"] simulator status bits: [sbvtcls]  s: created in simulation b: backscatter v: vertex is not endpoint of parent t: decayed in tracker c: decayed in calorimeter l: has left detector s: stopped o: overlay
[ DEBUG5 "MyRemoveOverlay"] [    c s ]
[ DEBUG5 "MyRemoveOverlay"] 
[ DEBUG7 "MyRemoveOverlay"] 		********** PFO AT INDEX 47 IS NOT OVERLAY **********
[ DEBUG8 "MyRemoveOverlay"] 
[ DEBUG8 "MyRemoveOverlay"] 		-------------------------------------------------------
[ DEBUG8 "MyRemoveOverlay"] 		Processing PFO at index 48
[ DEBUG5 "MyRemoveOverlay"] ------------------ ReconstructedParticle -----------------------------
[ DEBUG5 "MyRemoveOverlay"] Id                                                             0x11481
[ DEBUG5 "MyRemoveOverlay"] Compound                                                             0
[ DEBUG5 "MyRemoveOverlay"] Type                                                                22
[ DEBUG5 "MyRemoveOverlay"] Momentum (x,y,z)                       +1.28e-01, +6.03e-02, -1.64e-01
[ DEBUG5 "MyRemoveOverlay"] Mass [GeV]                                                    0.00e+00
[ DEBUG5 "MyRemoveOverlay"] Charge [e]                                                    0.00e+00
[ DEBUG5 "MyRemoveOverlay"] Energy [GeV]                                                  2.16e-01
[ DEBUG5 "MyRemoveOverlay"] ReferencePoint                         +1.76e+03, +8.31e+02, -2.26e+03
[ DEBUG5 "MyRemoveOverlay"] ParticleIDUsed                                                       0
[ DEBUG5 "MyRemoveOverlay"] GoodnessOfPID                                                 0.00e+00
[ DEBUG5 "MyRemoveOverlay"] Covariance p,E:  1.99e-03, 9.40e-04, 4.44e-04, -2.55e-03, -1.21e-03, 
[ DEBUG5 "MyRemoveOverlay"]                  3.28e-03, 3.37e-03, 1.59e-03, -4.32e-03, 5.71e-03
[ DEBUG5 "MyRemoveOverlay"] Particles id:    
[ DEBUG5 "MyRemoveOverlay"] Tracks id:    
[ DEBUG5 "MyRemoveOverlay"] Clusters id:  [00011060]
[ DEBUG5 "MyRemoveOverlay"] Particle ids ( [id], PDG, (type)): 
[ DEBUG5 "MyRemoveOverlay"]                  [00011482], 000000, (000000) 
[ DEBUG5 "MyRemoveOverlay"]                  [00011483], 000000, (000000) 
[ DEBUG5 "MyRemoveOverlay"]                  [00011484], 000000, (000000) 
[ DEBUG5 "MyRemoveOverlay"]                  [00011485], 000000, (000000) 
[ DEBUG5 "MyRemoveOverlay"] 
[ DEBUG5 "MyRemoveOverlay"] 
[ DEBUG0 "MyRemoveOverlay"] 	MCParticle at index: 0 has PDG: 211 and MCParticle to Cluster link weight is 1.00e+00
[ DEBUG0 "MyRemoveOverlay"] 	MCParticle at index: 0 with PDG code: 211 has highest link weight to input cluster
[ DEBUG6 "MyRemoveOverlay"] 		Cluster is not linked to a MCParticle
[ DEBUG7 "MyRemoveOverlay"] 		********** PFO AT INDEX 48 IS NOT OVERLAY **********
[ DEBUG8 "MyRemoveOverlay"] 
[ DEBUG8 "MyRemoveOverlay"] 		-------------------------------------------------------
[ DEBUG8 "MyRemoveOverlay"] 		Processing PFO at index 49
[ DEBUG5 "MyRemoveOverlay"] ------------------ ReconstructedParticle -----------------------------
[ DEBUG5 "MyRemoveOverlay"] Id                                                             0x11486
[ DEBUG5 "MyRemoveOverlay"] Compound                                                             0
[ DEBUG5 "MyRemoveOverlay"] Type                                                                22
[ DEBUG5 "MyRemoveOverlay"] Momentum (x,y,z)                       -6.94e-01, -2.36e-01, -8.54e-01
[ DEBUG5 "MyRemoveOverlay"] Mass [GeV]                                                    0.00e+00
[ DEBUG5 "MyRemoveOverlay"] Charge [e]                                                    0.00e+00
[ DEBUG5 "MyRemoveOverlay"] Energy [GeV]                                                  1.13e+00
[ DEBUG5 "MyRemoveOverlay"] ReferencePoint                         -1.84e+03, -6.25e+02, -2.26e+03
[ DEBUG5 "MyRemoveOverlay"] ParticleIDUsed                                                       0
[ DEBUG5 "MyRemoveOverlay"] GoodnessOfPID                                                 0.00e+00
[ DEBUG5 "MyRemoveOverlay"] Covariance p,E:  1.21e-02, 4.12e-03, 1.40e-03, 1.49e-02, 5.08e-03, 
[ DEBUG5 "MyRemoveOverlay"]                  1.84e-02, -1.97e-02, -6.69e-03, -2.42e-02, 3.19e-02
[ DEBUG5 "MyRemoveOverlay"] Particles id:    
[ DEBUG5 "MyRemoveOverlay"] Tracks id:    
[ DEBUG5 "MyRemoveOverlay"] Clusters id:  [00011061]
[ DEBUG5 "MyRemoveOverlay"] Particle ids ( [id], PDG, (type)): 
[ DEBUG5 "MyRemoveOverlay"]                  [00011487], 000000, (000000) 
[ DEBUG5 "MyRemoveOverlay"]                  [00011488], 000000, (000000) 
[ DEBUG5 "MyRemoveOverlay"]                  [00011489], 000000, (000000) 
[ DEBUG5 "MyRemoveOverlay"]                  [00011490], 000000, (000000) 
[ DEBUG5 "MyRemoveOverlay"] 
[ DEBUG5 "MyRemoveOverlay"] 
[ DEBUG0 "MyRemoveOverlay"] 	MCParticle at index: 0 has PDG: 22 and MCParticle to Cluster link weight is 9.91e-01
[ DEBUG0 "MyRemoveOverlay"] 	MCParticle at index: 0 with PDG code: 22 has highest link weight to input cluster
[ DEBUG0 "MyRemoveOverlay"] 	Cluster at index: 0 has highest link weight to MCParticle = 9.77e-01
[ DEBUG0 "MyRemoveOverlay"] 	Cluster linked to MCParticle with highest weight
[ DEBUG6 "MyRemoveOverlay"] 		Found a linked MCParticle to cluster
[ DEBUG5 "MyRemoveOverlay"] ----------------------------- MCParticle -----------------------------
[ DEBUG5 "MyRemoveOverlay"] Id                                                                9224
[ DEBUG5 "MyRemoveOverlay"] PDG                                                                 22
[ DEBUG5 "MyRemoveOverlay"] Energy [GeV]                                                  8.97e-01
[ DEBUG5 "MyRemoveOverlay"] Momentum [GeV] (x,y,z)                  -0.554316, -0.188215, -0.67977
[ DEBUG5 "MyRemoveOverlay"] Momentum at Endpoint[GeV] (x,y,z)                               -0, -0, -0
[ DEBUG5 "MyRemoveOverlay"] GeneratorStatus                                                      1
[ DEBUG5 "MyRemoveOverlay"] Vertex [mm] (x,y,z)              -0.000145025, -6.62696e-05, -0.112727
[ DEBUG5 "MyRemoveOverlay"] Endpoint [mm] (x,y,z)                     -1807.14, -613.606, -2216.25
[ DEBUG5 "MyRemoveOverlay"] Mass [GeV]                                                    1.49e-08
[ DEBUG5 "MyRemoveOverlay"] Charge                                                        0.00e+00
[ DEBUG5 "MyRemoveOverlay"] Parents                                                              1
[ DEBUG5 "MyRemoveOverlay"] Daughters                                                            0
[ DEBUG5 "MyRemoveOverlay"] simulator status bits: [sbvtcls]  s: created in simulation b: backscatter v: vertex is not endpoint of parent t: decayed in tracker c: decayed in calorimeter l: has left detector s: stopped o: overlay
[ DEBUG5 "MyRemoveOverlay"] [    c s ]
[ DEBUG5 "MyRemoveOverlay"] 
[ DEBUG7 "MyRemoveOverlay"] 		********** PFO AT INDEX 49 IS NOT OVERLAY **********
[ DEBUG8 "MyRemoveOverlay"] 
[ DEBUG8 "MyRemoveOverlay"] 		-------------------------------------------------------
[ DEBUG8 "MyRemoveOverlay"] 		Processing PFO at index 50
[ DEBUG5 "MyRemoveOverlay"] ------------------ ReconstructedParticle -----------------------------
[ DEBUG5 "MyRemoveOverlay"] Id                                                             0x11491
[ DEBUG5 "MyRemoveOverlay"] Compound                                                             0
[ DEBUG5 "MyRemoveOverlay"] Type                                                                22
[ DEBUG5 "MyRemoveOverlay"] Momentum (x,y,z)                       -2.92e-01, -2.05e-01, -2.27e-01
[ DEBUG5 "MyRemoveOverlay"] Mass [GeV]                                                    0.00e+00
[ DEBUG5 "MyRemoveOverlay"] Charge [e]                                                    0.00e+00
[ DEBUG5 "MyRemoveOverlay"] Energy [GeV]                                                  4.23e-01
[ DEBUG5 "MyRemoveOverlay"] ReferencePoint                         -1.53e+03, -1.07e+03, -1.19e+03
[ DEBUG5 "MyRemoveOverlay"] ParticleIDUsed                                                       0
[ DEBUG5 "MyRemoveOverlay"] GoodnessOfPID                                                 0.00e+00
[ DEBUG5 "MyRemoveOverlay"] Covariance p,E:  5.73e-03, 4.03e-03, 2.83e-03, 4.46e-03, 3.13e-03, 
[ DEBUG5 "MyRemoveOverlay"]                  3.47e-03, -8.30e-03, -5.83e-03, -6.46e-03, 1.20e-02
[ DEBUG5 "MyRemoveOverlay"] Particles id:    
[ DEBUG5 "MyRemoveOverlay"] Tracks id:    
[ DEBUG5 "MyRemoveOverlay"] Clusters id:  [00011062]
[ DEBUG5 "MyRemoveOverlay"] Particle ids ( [id], PDG, (type)): 
[ DEBUG5 "MyRemoveOverlay"]                  [00011492], 000000, (000000) 
[ DEBUG5 "MyRemoveOverlay"]                  [00011493], 000000, (000000) 
[ DEBUG5 "MyRemoveOverlay"]                  [00011494], 000000, (000000) 
[ DEBUG5 "MyRemoveOverlay"]                  [00011495], 000000, (000000) 
[ DEBUG5 "MyRemoveOverlay"] 
[ DEBUG5 "MyRemoveOverlay"] 
[ DEBUG0 "MyRemoveOverlay"] 	MCParticle at index: 0 has PDG: 22 and MCParticle to Cluster link weight is 1.00e+00
[ DEBUG0 "MyRemoveOverlay"] 	MCParticle at index: 0 with PDG code: 22 has highest link weight to input cluster
[ DEBUG0 "MyRemoveOverlay"] 	Cluster at index: 0 has highest link weight to MCParticle = 9.90e-01
[ DEBUG0 "MyRemoveOverlay"] 	Cluster linked to MCParticle with highest weight
[ DEBUG6 "MyRemoveOverlay"] 		Found a linked MCParticle to cluster
[ DEBUG5 "MyRemoveOverlay"] ----------------------------- MCParticle -----------------------------
[ DEBUG5 "MyRemoveOverlay"] Id                                                                9245
[ DEBUG5 "MyRemoveOverlay"] PDG                                                                 22
[ DEBUG5 "MyRemoveOverlay"] Energy [GeV]                                                  2.43e-01
[ DEBUG5 "MyRemoveOverlay"] Momentum [GeV] (x,y,z)                 -0.167433, -0.117994, -0.130386
[ DEBUG5 "MyRemoveOverlay"] Momentum at Endpoint[GeV] (x,y,z)                               -0, -0, -0
[ DEBUG5 "MyRemoveOverlay"] GeneratorStatus                                                      1
[ DEBUG5 "MyRemoveOverlay"] Vertex [mm] (x,y,z)               -1.7319e-05, -9.64768e-06, -0.112564
[ DEBUG5 "MyRemoveOverlay"] Endpoint [mm] (x,y,z)                     -1498.38, -1055.95, -1166.95
[ DEBUG5 "MyRemoveOverlay"] Mass [GeV]                                                    2.63e-09
[ DEBUG5 "MyRemoveOverlay"] Charge                                                        0.00e+00
[ DEBUG5 "MyRemoveOverlay"] Parents                                                              1
[ DEBUG5 "MyRemoveOverlay"] Daughters                                                            0
[ DEBUG5 "MyRemoveOverlay"] simulator status bits: [sbvtcls]  s: created in simulation b: backscatter v: vertex is not endpoint of parent t: decayed in tracker c: decayed in calorimeter l: has left detector s: stopped o: overlay
[ DEBUG5 "MyRemoveOverlay"] [    c s ]
[ DEBUG5 "MyRemoveOverlay"] 
[ DEBUG7 "MyRemoveOverlay"] 		********** PFO AT INDEX 50 IS NOT OVERLAY **********
[ DEBUG8 "MyRemoveOverlay"] 
[ DEBUG8 "MyRemoveOverlay"] 		-------------------------------------------------------
[ DEBUG8 "MyRemoveOverlay"] 		Processing PFO at index 51
[ DEBUG5 "MyRemoveOverlay"] ------------------ ReconstructedParticle -----------------------------
[ DEBUG5 "MyRemoveOverlay"] Id                                                             0x11496
[ DEBUG5 "MyRemoveOverlay"] Compound                                                             0
[ DEBUG5 "MyRemoveOverlay"] Type                                                                22
[ DEBUG5 "MyRemoveOverlay"] Momentum (x,y,z)                       -4.85e-01, -4.81e-01, -4.08e-02
[ DEBUG5 "MyRemoveOverlay"] Mass [GeV]                                                    0.00e+00
[ DEBUG5 "MyRemoveOverlay"] Charge [e]                                                    0.00e+00
[ DEBUG5 "MyRemoveOverlay"] Energy [GeV]                                                  6.84e-01
[ DEBUG5 "MyRemoveOverlay"] ReferencePoint                         -1.31e+03, -1.30e+03, -1.10e+02
[ DEBUG5 "MyRemoveOverlay"] ParticleIDUsed                                                       0
[ DEBUG5 "MyRemoveOverlay"] GoodnessOfPID                                                 0.00e+00
[ DEBUG5 "MyRemoveOverlay"] Covariance p,E:  9.79e-03, 9.72e-03, 9.65e-03, 8.24e-04, 8.19e-04, 
[ DEBUG5 "MyRemoveOverlay"]                  6.98e-05, -1.38e-02, -1.37e-02, -1.16e-03, 1.95e-02
[ DEBUG5 "MyRemoveOverlay"] Particles id:    
[ DEBUG5 "MyRemoveOverlay"] Tracks id:    
[ DEBUG5 "MyRemoveOverlay"] Clusters id:  [00011063]
[ DEBUG5 "MyRemoveOverlay"] Particle ids ( [id], PDG, (type)): 
[ DEBUG5 "MyRemoveOverlay"]                  [00011497], 000000, (000000) 
[ DEBUG5 "MyRemoveOverlay"]                  [00011498], 000000, (000000) 
[ DEBUG5 "MyRemoveOverlay"]                  [00011499], 000000, (000000) 
[ DEBUG5 "MyRemoveOverlay"]                  [00011500], 000000, (000000) 
[ DEBUG5 "MyRemoveOverlay"] 
[ DEBUG5 "MyRemoveOverlay"] 
[ DEBUG0 "MyRemoveOverlay"] 	MCParticle at index: 0 has PDG: 22 and MCParticle to Cluster link weight is 9.91e-01
[ DEBUG0 "MyRemoveOverlay"] 	MCParticle at index: 0 with PDG code: 22 has highest link weight to input cluster
[ DEBUG0 "MyRemoveOverlay"] 	Cluster at index: 0 has highest link weight to MCParticle = 9.94e-01
[ DEBUG0 "MyRemoveOverlay"] 	Cluster linked to MCParticle with highest weight
[ DEBUG6 "MyRemoveOverlay"] 		Found a linked MCParticle to cluster
[ DEBUG5 "MyRemoveOverlay"] ----------------------------- MCParticle -----------------------------
[ DEBUG5 "MyRemoveOverlay"] Id                                                                9204
[ DEBUG5 "MyRemoveOverlay"] PDG                                                                 22
[ DEBUG5 "MyRemoveOverlay"] Energy [GeV]                                                  6.37e-01
[ DEBUG5 "MyRemoveOverlay"] Momentum [GeV] (x,y,z)                -0.450817, -0.448178, -0.0379836
[ DEBUG5 "MyRemoveOverlay"] Momentum at Endpoint[GeV] (x,y,z)                               -0, -0, -0
[ DEBUG5 "MyRemoveOverlay"] GeneratorStatus                                                      1
[ DEBUG5 "MyRemoveOverlay"] Vertex [mm] (x,y,z)            -6.20419e-309, -4.52548e-309, -0.112554
[ DEBUG5 "MyRemoveOverlay"] Endpoint [mm] (x,y,z)                     -1281.17, -1273.67, -108.057
[ DEBUG5 "MyRemoveOverlay"] Mass [GeV]                                                    1.83e-08
[ DEBUG5 "MyRemoveOverlay"] Charge                                                        0.00e+00
[ DEBUG5 "MyRemoveOverlay"] Parents                                                              1
[ DEBUG5 "MyRemoveOverlay"] Daughters                                                            0
[ DEBUG5 "MyRemoveOverlay"] simulator status bits: [sbvtcls]  s: created in simulation b: backscatter v: vertex is not endpoint of parent t: decayed in tracker c: decayed in calorimeter l: has left detector s: stopped o: overlay
[ DEBUG5 "MyRemoveOverlay"] [    c s ]
[ DEBUG5 "MyRemoveOverlay"] 
[ DEBUG7 "MyRemoveOverlay"] 		********** PFO AT INDEX 51 IS NOT OVERLAY **********
[ DEBUG8 "MyRemoveOverlay"] 
[ DEBUG8 "MyRemoveOverlay"] 		-------------------------------------------------------
[ DEBUG8 "MyRemoveOverlay"] 		Processing PFO at index 52
[ DEBUG5 "MyRemoveOverlay"] ------------------ ReconstructedParticle -----------------------------
[ DEBUG5 "MyRemoveOverlay"] Id                                                             0x11501
[ DEBUG5 "MyRemoveOverlay"] Compound                                                             0
[ DEBUG5 "MyRemoveOverlay"] Type                                                                22
[ DEBUG5 "MyRemoveOverlay"] Momentum (x,y,z)                       +7.79e-02, +2.31e-01, +5.37e-02
[ DEBUG5 "MyRemoveOverlay"] Mass [GeV]                                                    0.00e+00
[ DEBUG5 "MyRemoveOverlay"] Charge [e]                                                    0.00e+00
[ DEBUG5 "MyRemoveOverlay"] Energy [GeV]                                                  2.50e-01
[ DEBUG5 "MyRemoveOverlay"] ReferencePoint                         +6.16e+02, +1.83e+03, +4.25e+02
[ DEBUG5 "MyRemoveOverlay"] ParticleIDUsed                                                       0
[ DEBUG5 "MyRemoveOverlay"] GoodnessOfPID                                                 0.00e+00
[ DEBUG5 "MyRemoveOverlay"] Covariance p,E:  6.63e-04, 1.96e-03, 5.83e-03, 4.57e-04, 1.36e-03, 
[ DEBUG5 "MyRemoveOverlay"]                  3.15e-04, 2.12e-03, 6.30e-03, 1.47e-03, 6.81e-03
[ DEBUG5 "MyRemoveOverlay"] Particles id:    
[ DEBUG5 "MyRemoveOverlay"] Tracks id:    
[ DEBUG5 "MyRemoveOverlay"] Clusters id:  [00011064]
[ DEBUG5 "MyRemoveOverlay"] Particle ids ( [id], PDG, (type)): 
[ DEBUG5 "MyRemoveOverlay"]                  [00011502], 000000, (000000) 
[ DEBUG5 "MyRemoveOverlay"]                  [00011503], 000000, (000000) 
[ DEBUG5 "MyRemoveOverlay"]                  [00011504], 000000, (000000) 
[ DEBUG5 "MyRemoveOverlay"]                  [00011505], 000000, (000000) 
[ DEBUG5 "MyRemoveOverlay"] 
[ DEBUG5 "MyRemoveOverlay"] 
[ DEBUG0 "MyRemoveOverlay"] 	MCParticle at index: 0 has PDG: 22 and MCParticle to Cluster link weight is 1.00e+00
[ DEBUG0 "MyRemoveOverlay"] 	MCParticle at index: 0 with PDG code: 22 has highest link weight to input cluster
[ DEBUG0 "MyRemoveOverlay"] 	Cluster at index: 0 has highest link weight to MCParticle = 1.00e+00
[ DEBUG0 "MyRemoveOverlay"] 	Cluster linked to MCParticle with highest weight
[ DEBUG6 "MyRemoveOverlay"] 		Found a linked MCParticle to cluster
[ DEBUG5 "MyRemoveOverlay"] ----------------------------- MCParticle -----------------------------
[ DEBUG5 "MyRemoveOverlay"] Id                                                                9398
[ DEBUG5 "MyRemoveOverlay"] PDG                                                                 22
[ DEBUG5 "MyRemoveOverlay"] Energy [GeV]                                                  2.42e-01
[ DEBUG5 "MyRemoveOverlay"] Momentum [GeV] (x,y,z)                  0.0750176, 0.224626, 0.0520955
[ DEBUG5 "MyRemoveOverlay"] Momentum at Endpoint[GeV] (x,y,z)                                  0, 0, 0
[ DEBUG5 "MyRemoveOverlay"] GeneratorStatus                                                      1
[ DEBUG5 "MyRemoveOverlay"] Vertex [mm] (x,y,z)               1.98211e-06, 2.41383e-05, -0.0439561
[ DEBUG5 "MyRemoveOverlay"] Endpoint [mm] (x,y,z)                         603.514, 1807.1, 419.063
[ DEBUG5 "MyRemoveOverlay"] Mass [GeV]                                                    0.00e+00
[ DEBUG5 "MyRemoveOverlay"] Charge                                                        0.00e+00
[ DEBUG5 "MyRemoveOverlay"] Parents                                                              1
[ DEBUG5 "MyRemoveOverlay"] Daughters                                                            0
[ DEBUG5 "MyRemoveOverlay"] simulator status bits: [sbvtcls]  s: created in simulation b: backscatter v: vertex is not endpoint of parent t: decayed in tracker c: decayed in calorimeter l: has left detector s: stopped o: overlay
[ DEBUG5 "MyRemoveOverlay"] [    c so]
[ DEBUG5 "MyRemoveOverlay"] 
[ DEBUG7 "MyRemoveOverlay"] 		********** PFO AT INDEX 52 IS OVERLAY **********
[ DEBUG8 "MyRemoveOverlay"] 
[ DEBUG8 "MyRemoveOverlay"] 		-------------------------------------------------------
[ DEBUG8 "MyRemoveOverlay"] 		Processing PFO at index 53
[ DEBUG5 "MyRemoveOverlay"] ------------------ ReconstructedParticle -----------------------------
[ DEBUG5 "MyRemoveOverlay"] Id                                                             0x11506
[ DEBUG5 "MyRemoveOverlay"] Compound                                                             0
[ DEBUG5 "MyRemoveOverlay"] Type                                                                22
[ DEBUG5 "MyRemoveOverlay"] Momentum (x,y,z)                       +9.35e-01, -2.12e-01, +6.67e-01
[ DEBUG5 "MyRemoveOverlay"] Mass [GeV]                                                    0.00e+00
[ DEBUG5 "MyRemoveOverlay"] Charge [e]                                                    0.00e+00
[ DEBUG5 "MyRemoveOverlay"] Energy [GeV]                                                  1.17e+00
[ DEBUG5 "MyRemoveOverlay"] ReferencePoint                         +1.84e+03, -4.18e+02, +1.32e+03
[ DEBUG5 "MyRemoveOverlay"] ParticleIDUsed                                                       0
[ DEBUG5 "MyRemoveOverlay"] GoodnessOfPID                                                 0.00e+00
[ DEBUG5 "MyRemoveOverlay"] Covariance p,E:  2.11e-02, -4.80e-03, 1.09e-03, 1.51e-02, -3.42e-03, 
[ DEBUG5 "MyRemoveOverlay"]                  1.08e-02, 2.64e-02, -5.99e-03, 1.88e-02, 3.30e-02
[ DEBUG5 "MyRemoveOverlay"] Particles id:    
[ DEBUG5 "MyRemoveOverlay"] Tracks id:    
[ DEBUG5 "MyRemoveOverlay"] Clusters id:  [00011065]
[ DEBUG5 "MyRemoveOverlay"] Particle ids ( [id], PDG, (type)): 
[ DEBUG5 "MyRemoveOverlay"]                  [00011507], 000000, (000000) 
[ DEBUG5 "MyRemoveOverlay"]                  [00011508], 000000, (000000) 
[ DEBUG5 "MyRemoveOverlay"]                  [00011509], 000000, (000000) 
[ DEBUG5 "MyRemoveOverlay"]                  [00011510], 000000, (000000) 
[ DEBUG5 "MyRemoveOverlay"] 
[ DEBUG5 "MyRemoveOverlay"] 
[ DEBUG0 "MyRemoveOverlay"] 	MCParticle at index: 0 has PDG: 22 and MCParticle to Cluster link weight is 9.82e-01
[ DEBUG0 "MyRemoveOverlay"] 	MCParticle at index: 0 with PDG code: 22 has highest link weight to input cluster
[ DEBUG0 "MyRemoveOverlay"] 	Cluster at index: 0 has highest link weight to MCParticle = 9.91e-01
[ DEBUG0 "MyRemoveOverlay"] 	Cluster linked to MCParticle with highest weight
[ DEBUG6 "MyRemoveOverlay"] 		Found a linked MCParticle to cluster
[ DEBUG5 "MyRemoveOverlay"] ----------------------------- MCParticle -----------------------------
[ DEBUG5 "MyRemoveOverlay"] Id                                                                9235
[ DEBUG5 "MyRemoveOverlay"] PDG                                                                 22
[ DEBUG5 "MyRemoveOverlay"] Energy [GeV]                                                  1.28e+00
[ DEBUG5 "MyRemoveOverlay"] Momentum [GeV] (x,y,z)                    1.02443, -0.231963, 0.728863
[ DEBUG5 "MyRemoveOverlay"] Momentum at Endpoint[GeV] (x,y,z)                                 0, -0, 0
[ DEBUG5 "MyRemoveOverlay"] GeneratorStatus                                                      1
[ DEBUG5 "MyRemoveOverlay"] Vertex [mm] (x,y,z)                         6.44455, -3.32001, 4.36158
[ DEBUG5 "MyRemoveOverlay"] Endpoint [mm] (x,y,z)                           1807.8, -411.205, 1286
[ DEBUG5 "MyRemoveOverlay"] Mass [GeV]                                                   -3.33e-08
[ DEBUG5 "MyRemoveOverlay"] Charge                                                        0.00e+00
[ DEBUG5 "MyRemoveOverlay"] Parents                                                              1
[ DEBUG5 "MyRemoveOverlay"] Daughters                                                            0
[ DEBUG5 "MyRemoveOverlay"] simulator status bits: [sbvtcls]  s: created in simulation b: backscatter v: vertex is not endpoint of parent t: decayed in tracker c: decayed in calorimeter l: has left detector s: stopped o: overlay
[ DEBUG5 "MyRemoveOverlay"] [    c s ]
[ DEBUG5 "MyRemoveOverlay"] 
[ DEBUG7 "MyRemoveOverlay"] 		********** PFO AT INDEX 53 IS NOT OVERLAY **********
[ DEBUG8 "MyRemoveOverlay"] 
[ DEBUG8 "MyRemoveOverlay"] 		-------------------------------------------------------
[ DEBUG8 "MyRemoveOverlay"] 		Processing PFO at index 54
[ DEBUG5 "MyRemoveOverlay"] ------------------ ReconstructedParticle -----------------------------
[ DEBUG5 "MyRemoveOverlay"] Id                                                             0x11511
[ DEBUG5 "MyRemoveOverlay"] Compound                                                             0
[ DEBUG5 "MyRemoveOverlay"] Type                                                                22
[ DEBUG5 "MyRemoveOverlay"] Momentum (x,y,z)                       +5.81e-02, -7.44e-02, +7.70e-02
[ DEBUG5 "MyRemoveOverlay"] Mass [GeV]                                                    0.00e+00
[ DEBUG5 "MyRemoveOverlay"] Charge [e]                                                    0.00e+00
[ DEBUG5 "MyRemoveOverlay"] Energy [GeV]                                                  1.22e-01
[ DEBUG5 "MyRemoveOverlay"] ReferencePoint                         +1.15e+03, -1.47e+03, +1.52e+03
[ DEBUG5 "MyRemoveOverlay"] ParticleIDUsed                                                       0
[ DEBUG5 "MyRemoveOverlay"] GoodnessOfPID                                                 0.00e+00
[ DEBUG5 "MyRemoveOverlay"] Covariance p,E:  7.80e-04, -9.99e-04, 1.28e-03, 1.03e-03, -1.32e-03, 
[ DEBUG5 "MyRemoveOverlay"]                  1.37e-03, 1.64e-03, -2.09e-03, 2.17e-03, 3.43e-03
[ DEBUG5 "MyRemoveOverlay"] Particles id:    
[ DEBUG5 "MyRemoveOverlay"] Tracks id:    
[ DEBUG5 "MyRemoveOverlay"] Clusters id:  [00011066]
[ DEBUG5 "MyRemoveOverlay"] Particle ids ( [id], PDG, (type)): 
[ DEBUG5 "MyRemoveOverlay"]                  [00011512], 000000, (000000) 
[ DEBUG5 "MyRemoveOverlay"]                  [00011513], 000000, (000000) 
[ DEBUG5 "MyRemoveOverlay"]                  [00011514], 000000, (000000) 
[ DEBUG5 "MyRemoveOverlay"]                  [00011515], 000000, (000000) 
[ DEBUG5 "MyRemoveOverlay"] 
[ DEBUG5 "MyRemoveOverlay"] 
[ DEBUG6 "MyRemoveOverlay"] 		Cluster is not linked to a MCParticle
[ DEBUG7 "MyRemoveOverlay"] 		********** PFO AT INDEX 54 IS NOT OVERLAY **********
[ DEBUG8 "MyRemoveOverlay"] 
[ DEBUG8 "MyRemoveOverlay"] 		-------------------------------------------------------
[ DEBUG8 "MyRemoveOverlay"] 		Processing PFO at index 55
[ DEBUG5 "MyRemoveOverlay"] ------------------ ReconstructedParticle -----------------------------
[ DEBUG5 "MyRemoveOverlay"] Id                                                             0x11516
[ DEBUG5 "MyRemoveOverlay"] Compound                                                             0
[ DEBUG5 "MyRemoveOverlay"] Type                                                              2112
[ DEBUG5 "MyRemoveOverlay"] Momentum (x,y,z)                       -5.18e-01, -5.35e-01, +6.51e-01
[ DEBUG5 "MyRemoveOverlay"] Mass [GeV]                                                    9.40e-01
[ DEBUG5 "MyRemoveOverlay"] Charge [e]                                                    0.00e+00
[ DEBUG5 "MyRemoveOverlay"] Energy [GeV]                                                  9.89e-01
[ DEBUG5 "MyRemoveOverlay"] ReferencePoint                         -1.28e+03, -1.32e+03, +1.60e+03
[ DEBUG5 "MyRemoveOverlay"] ParticleIDUsed                                                       0
[ DEBUG5 "MyRemoveOverlay"] GoodnessOfPID                                                 0.00e+00
[ DEBUG5 "MyRemoveOverlay"] Covariance p,E:  1.86e-01, 1.92e-01, 1.98e-01, -2.34e-01, -2.42e-01, 
[ DEBUG5 "MyRemoveOverlay"]                  2.95e-01, -2.58e-01, -2.66e-01, 3.24e-01, 3.57e-01
[ DEBUG5 "MyRemoveOverlay"] Particles id:    
[ DEBUG5 "MyRemoveOverlay"] Tracks id:    
[ DEBUG5 "MyRemoveOverlay"] Clusters id:  [00011067]
[ DEBUG5 "MyRemoveOverlay"] Particle ids ( [id], PDG, (type)): 
[ DEBUG5 "MyRemoveOverlay"]                  [00011517], 000000, (000000) 
[ DEBUG5 "MyRemoveOverlay"]                  [00011518], 000000, (000000) 
[ DEBUG5 "MyRemoveOverlay"]                  [00011519], 000000, (000000) 
[ DEBUG5 "MyRemoveOverlay"]                  [00011520], 000000, (000000) 
[ DEBUG5 "MyRemoveOverlay"] 
[ DEBUG5 "MyRemoveOverlay"] 
[ DEBUG6 "MyRemoveOverlay"] 		Cluster is not linked to a MCParticle
[ DEBUG7 "MyRemoveOverlay"] 		********** PFO AT INDEX 55 IS NOT OVERLAY **********
[ DEBUG8 "MyRemoveOverlay"] 
[ DEBUG8 "MyRemoveOverlay"] 		-------------------------------------------------------
[ DEBUG8 "MyRemoveOverlay"] 		Processing PFO at index 56
[ DEBUG5 "MyRemoveOverlay"] ------------------ ReconstructedParticle -----------------------------
[ DEBUG5 "MyRemoveOverlay"] Id                                                             0x11521
[ DEBUG5 "MyRemoveOverlay"] Compound                                                             0
[ DEBUG5 "MyRemoveOverlay"] Type                                                                22
[ DEBUG5 "MyRemoveOverlay"] Momentum (x,y,z)                       +3.70e-01, -7.44e-01, +7.19e-01
[ DEBUG5 "MyRemoveOverlay"] Mass [GeV]                                                    0.00e+00
[ DEBUG5 "MyRemoveOverlay"] Charge [e]                                                    0.00e+00
[ DEBUG5 "MyRemoveOverlay"] Energy [GeV]                                                  1.10e+00
[ DEBUG5 "MyRemoveOverlay"] ReferencePoint                         +8.74e+02, -1.76e+03, +1.70e+03
[ DEBUG5 "MyRemoveOverlay"] ParticleIDUsed                                                       0
[ DEBUG5 "MyRemoveOverlay"] GoodnessOfPID                                                 0.00e+00
[ DEBUG5 "MyRemoveOverlay"] Covariance p,E:  3.41e-03, -6.83e-03, 1.38e-02, 6.62e-03, -1.33e-02, 
[ DEBUG5 "MyRemoveOverlay"]                  1.29e-02, 1.01e-02, -2.03e-02, 1.97e-02, 3.00e-02
[ DEBUG5 "MyRemoveOverlay"] Particles id:    
[ DEBUG5 "MyRemoveOverlay"] Tracks id:    
[ DEBUG5 "MyRemoveOverlay"] Clusters id:  [00011068]
[ DEBUG5 "MyRemoveOverlay"] Particle ids ( [id], PDG, (type)): 
[ DEBUG5 "MyRemoveOverlay"]                  [00011522], 000000, (000000) 
[ DEBUG5 "MyRemoveOverlay"]                  [00011523], 000000, (000000) 
[ DEBUG5 "MyRemoveOverlay"]                  [00011524], 000000, (000000) 
[ DEBUG5 "MyRemoveOverlay"]                  [00011525], 000000, (000000) 
[ DEBUG5 "MyRemoveOverlay"] 
[ DEBUG5 "MyRemoveOverlay"] 
[ DEBUG6 "MyRemoveOverlay"] 		Cluster is not linked to a MCParticle
[ DEBUG7 "MyRemoveOverlay"] 		********** PFO AT INDEX 56 IS NOT OVERLAY **********
[ DEBUG8 "MyRemoveOverlay"] 
[ DEBUG8 "MyRemoveOverlay"] 		-------------------------------------------------------
[ DEBUG8 "MyRemoveOverlay"] 		Processing PFO at index 57
[ DEBUG5 "MyRemoveOverlay"] ------------------ ReconstructedParticle -----------------------------
[ DEBUG5 "MyRemoveOverlay"] Id                                                             0x11526
[ DEBUG5 "MyRemoveOverlay"] Compound                                                             0
[ DEBUG5 "MyRemoveOverlay"] Type                                                                22
[ DEBUG5 "MyRemoveOverlay"] Momentum (x,y,z)                       -1.13e-01, +3.49e-01, +3.76e-01
[ DEBUG5 "MyRemoveOverlay"] Mass [GeV]                                                    0.00e+00
[ DEBUG5 "MyRemoveOverlay"] Charge [e]                                                    0.00e+00
[ DEBUG5 "MyRemoveOverlay"] Energy [GeV]                                                  5.25e-01
[ DEBUG5 "MyRemoveOverlay"] ReferencePoint                         -6.01e+02, +1.85e+03, +1.99e+03
[ DEBUG5 "MyRemoveOverlay"] ParticleIDUsed                                                       0
[ DEBUG5 "MyRemoveOverlay"] GoodnessOfPID                                                 0.00e+00
[ DEBUG5 "MyRemoveOverlay"] Covariance p,E:  6.97e-04, -2.14e-03, 6.60e-03, -2.31e-03, 7.11e-03, 
[ DEBUG5 "MyRemoveOverlay"]                  7.66e-03, -3.22e-03, 9.93e-03, 1.07e-02, 1.49e-02
[ DEBUG5 "MyRemoveOverlay"] Particles id:    
[ DEBUG5 "MyRemoveOverlay"] Tracks id:    
[ DEBUG5 "MyRemoveOverlay"] Clusters id:  [00011069]
[ DEBUG5 "MyRemoveOverlay"] Particle ids ( [id], PDG, (type)): 
[ DEBUG5 "MyRemoveOverlay"]                  [00011527], 000000, (000000) 
[ DEBUG5 "MyRemoveOverlay"]                  [00011528], 000000, (000000) 
[ DEBUG5 "MyRemoveOverlay"]                  [00011529], 000000, (000000) 
[ DEBUG5 "MyRemoveOverlay"]                  [00011530], 000000, (000000) 
[ DEBUG5 "MyRemoveOverlay"] 
[ DEBUG5 "MyRemoveOverlay"] 
[ DEBUG0 "MyRemoveOverlay"] 	MCParticle at index: 0 has PDG: 22 and MCParticle to Cluster link weight is 1.00e+00
[ DEBUG0 "MyRemoveOverlay"] 	MCParticle at index: 0 with PDG code: 22 has highest link weight to input cluster
[ DEBUG0 "MyRemoveOverlay"] 	Cluster at index: 0 has highest link weight to MCParticle = 1.00e+00
[ DEBUG0 "MyRemoveOverlay"] 	Cluster linked to MCParticle with highest weight
[ DEBUG6 "MyRemoveOverlay"] 		Found a linked MCParticle to cluster
[ DEBUG5 "MyRemoveOverlay"] ----------------------------- MCParticle -----------------------------
[ DEBUG5 "MyRemoveOverlay"] Id                                                                9352
[ DEBUG5 "MyRemoveOverlay"] PDG                                                                 22
[ DEBUG5 "MyRemoveOverlay"] Energy [GeV]                                                  5.56e-01
[ DEBUG5 "MyRemoveOverlay"] Momentum [GeV] (x,y,z)                   -0.118528, 0.367875, 0.399321
[ DEBUG5 "MyRemoveOverlay"] Momentum at Endpoint[GeV] (x,y,z)                                 -0, 0, 0
[ DEBUG5 "MyRemoveOverlay"] GeneratorStatus                                                      1
[ DEBUG5 "MyRemoveOverlay"] Vertex [mm] (x,y,z)                -1.13312e-05, 6.40219e-05, 0.148323
[ DEBUG5 "MyRemoveOverlay"] Endpoint [mm] (x,y,z)                        -581.919, 1806.1, 1960.63
[ DEBUG5 "MyRemoveOverlay"] Mass [GeV]                                                    0.00e+00
[ DEBUG5 "MyRemoveOverlay"] Charge                                                        0.00e+00
[ DEBUG5 "MyRemoveOverlay"] Parents                                                              1
[ DEBUG5 "MyRemoveOverlay"] Daughters                                                            0
[ DEBUG5 "MyRemoveOverlay"] simulator status bits: [sbvtcls]  s: created in simulation b: backscatter v: vertex is not endpoint of parent t: decayed in tracker c: decayed in calorimeter l: has left detector s: stopped o: overlay
[ DEBUG5 "MyRemoveOverlay"] [    c so]
[ DEBUG5 "MyRemoveOverlay"] 
[ DEBUG7 "MyRemoveOverlay"] 		********** PFO AT INDEX 57 IS OVERLAY **********
[ DEBUG8 "MyRemoveOverlay"] 
[ DEBUG8 "MyRemoveOverlay"] 		-------------------------------------------------------
[ DEBUG8 "MyRemoveOverlay"] 		Processing PFO at index 58
[ DEBUG5 "MyRemoveOverlay"] ------------------ ReconstructedParticle -----------------------------
[ DEBUG5 "MyRemoveOverlay"] Id                                                             0x11531
[ DEBUG5 "MyRemoveOverlay"] Compound                                                             0
[ DEBUG5 "MyRemoveOverlay"] Type                                                                22
[ DEBUG5 "MyRemoveOverlay"] Momentum (x,y,z)                       +8.59e-02, -3.12e-01, +4.03e-01
[ DEBUG5 "MyRemoveOverlay"] Mass [GeV]                                                    0.00e+00
[ DEBUG5 "MyRemoveOverlay"] Charge [e]                                                    0.00e+00
[ DEBUG5 "MyRemoveOverlay"] Energy [GeV]                                                  5.17e-01
[ DEBUG5 "MyRemoveOverlay"] ReferencePoint                         +5.01e+02, -1.82e+03, +2.35e+03
[ DEBUG5 "MyRemoveOverlay"] ParticleIDUsed                                                       0
[ DEBUG5 "MyRemoveOverlay"] GoodnessOfPID                                                 0.00e+00
[ DEBUG5 "MyRemoveOverlay"] Covariance p,E:  3.96e-04, -1.42e-03, 5.18e-03, 1.84e-03, -6.68e-03, 
[ DEBUG5 "MyRemoveOverlay"]                  8.63e-03, 2.36e-03, -8.57e-03, 1.11e-02, 1.42e-02
[ DEBUG5 "MyRemoveOverlay"] Particles id:    
[ DEBUG5 "MyRemoveOverlay"] Tracks id:    
[ DEBUG5 "MyRemoveOverlay"] Clusters id:  [00011070]
[ DEBUG5 "MyRemoveOverlay"] Particle ids ( [id], PDG, (type)): 
[ DEBUG5 "MyRemoveOverlay"]                  [00011532], 000000, (000000) 
[ DEBUG5 "MyRemoveOverlay"]                  [00011533], 000000, (000000) 
[ DEBUG5 "MyRemoveOverlay"]                  [00011534], 000000, (000000) 
[ DEBUG5 "MyRemoveOverlay"]                  [00011535], 000000, (000000) 
[ DEBUG5 "MyRemoveOverlay"] 
[ DEBUG5 "MyRemoveOverlay"] 
[ DEBUG0 "MyRemoveOverlay"] 	MCParticle at index: 1 has PDG: 22 and MCParticle to Cluster link weight is 9.07e-01
[ DEBUG0 "MyRemoveOverlay"] 	MCParticle at index: 1 with PDG code: 22 has highest link weight to input cluster
[ DEBUG0 "MyRemoveOverlay"] 	Cluster at index: 0 has highest link weight to MCParticle = 9.64e-01
[ DEBUG0 "MyRemoveOverlay"] 	Cluster linked to MCParticle with highest weight
[ DEBUG6 "MyRemoveOverlay"] 		Found a linked MCParticle to cluster
[ DEBUG5 "MyRemoveOverlay"] ----------------------------- MCParticle -----------------------------
[ DEBUG5 "MyRemoveOverlay"] Id                                                                9354
[ DEBUG5 "MyRemoveOverlay"] PDG                                                                 22
[ DEBUG5 "MyRemoveOverlay"] Energy [GeV]                                                  6.11e-01
[ DEBUG5 "MyRemoveOverlay"] Momentum [GeV] (x,y,z)                  0.0995803, -0.374145, 0.472579
[ DEBUG5 "MyRemoveOverlay"] Momentum at Endpoint[GeV] (x,y,z)                                 0, -0, 0
[ DEBUG5 "MyRemoveOverlay"] GeneratorStatus                                                      1
[ DEBUG5 "MyRemoveOverlay"] Vertex [mm] (x,y,z)                3.73877e-07, -1.86521e-06, 0.148257
[ DEBUG5 "MyRemoveOverlay"] Endpoint [mm] (x,y,z)                       480.712, -1806.14, 2281.46
[ DEBUG5 "MyRemoveOverlay"] Mass [GeV]                                                    0.00e+00
[ DEBUG5 "MyRemoveOverlay"] Charge                                                        0.00e+00
[ DEBUG5 "MyRemoveOverlay"] Parents                                                              1
[ DEBUG5 "MyRemoveOverlay"] Daughters                                                            0
[ DEBUG5 "MyRemoveOverlay"] simulator status bits: [sbvtcls]  s: created in simulation b: backscatter v: vertex is not endpoint of parent t: decayed in tracker c: decayed in calorimeter l: has left detector s: stopped o: overlay
[ DEBUG5 "MyRemoveOverlay"] [    c so]
[ DEBUG5 "MyRemoveOverlay"] 
[ DEBUG7 "MyRemoveOverlay"] 		********** PFO AT INDEX 58 IS OVERLAY **********
[ DEBUG8 "MyRemoveOverlay"] 
[ DEBUG8 "MyRemoveOverlay"] 		-------------------------------------------------------
[ DEBUG8 "MyRemoveOverlay"] 		Processing PFO at index 59
[ DEBUG5 "MyRemoveOverlay"] ------------------ ReconstructedParticle -----------------------------
[ DEBUG5 "MyRemoveOverlay"] Id                                                             0x11536
[ DEBUG5 "MyRemoveOverlay"] Compound                                                             0
[ DEBUG5 "MyRemoveOverlay"] Type                                                              2112
[ DEBUG5 "MyRemoveOverlay"] Momentum (x,y,z)                       -1.11e+00, -8.81e-01, -2.22e+00
[ DEBUG5 "MyRemoveOverlay"] Mass [GeV]                                                    9.40e-01
[ DEBUG5 "MyRemoveOverlay"] Charge [e]                                                    0.00e+00
[ DEBUG5 "MyRemoveOverlay"] Energy [GeV]                                                  2.63e+00
[ DEBUG5 "MyRemoveOverlay"] ReferencePoint                         -1.26e+03, -1.00e+03, -2.52e+03
[ DEBUG5 "MyRemoveOverlay"] ParticleIDUsed                                                       0
[ DEBUG5 "MyRemoveOverlay"] GoodnessOfPID                                                 0.00e+00
[ DEBUG5 "MyRemoveOverlay"] Covariance p,E:  1.91e-01, 1.52e-01, 1.20e-01, 3.82e-01, 3.03e-01, 
[ DEBUG5 "MyRemoveOverlay"]                  7.65e-01, -4.27e-01, -3.39e-01, -8.54e-01, 9.55e-01
[ DEBUG5 "MyRemoveOverlay"] Particles id:    
[ DEBUG5 "MyRemoveOverlay"] Tracks id:    
[ DEBUG5 "MyRemoveOverlay"] Clusters id:  [00011071]
[ DEBUG5 "MyRemoveOverlay"] Particle ids ( [id], PDG, (type)): 
[ DEBUG5 "MyRemoveOverlay"]                  [00011537], 000000, (000000) 
[ DEBUG5 "MyRemoveOverlay"]                  [00011538], 000000, (000000) 
[ DEBUG5 "MyRemoveOverlay"]                  [00011539], 000000, (000000) 
[ DEBUG5 "MyRemoveOverlay"]                  [00011540], 000000, (000000) 
[ DEBUG5 "MyRemoveOverlay"] 
[ DEBUG5 "MyRemoveOverlay"] 
[ DEBUG0 "MyRemoveOverlay"] 	MCParticle at index: 0 has PDG: -2112 and MCParticle to Cluster link weight is 9.84e-01
[ DEBUG0 "MyRemoveOverlay"] 	MCParticle at index: 0 with PDG code: -2112 has highest link weight to input cluster
[ DEBUG0 "MyRemoveOverlay"] 	Cluster at index: 0 has highest link weight to MCParticle = 9.21e-01
[ DEBUG0 "MyRemoveOverlay"] 	Cluster linked to MCParticle with highest weight
[ DEBUG6 "MyRemoveOverlay"] 		Found a linked MCParticle to cluster
[ DEBUG5 "MyRemoveOverlay"] ----------------------------- MCParticle -----------------------------
[ DEBUG5 "MyRemoveOverlay"] Id                                                                9166
[ DEBUG5 "MyRemoveOverlay"] PDG                                                              -2112
[ DEBUG5 "MyRemoveOverlay"] Energy [GeV]                                                  2.10e+00
[ DEBUG5 "MyRemoveOverlay"] Momentum [GeV] (x,y,z)                  -0.814364, -0.643517, -1.56846
[ DEBUG5 "MyRemoveOverlay"] Momentum at Endpoint[GeV] (x,y,z)                               -0, -0, -0
[ DEBUG5 "MyRemoveOverlay"] GeneratorStatus                                                      1
[ DEBUG5 "MyRemoveOverlay"] Vertex [mm] (x,y,z)                                    0, 0, -0.112554
[ DEBUG5 "MyRemoveOverlay"] Endpoint [mm] (x,y,z)                      -1261.73, -997.028, -2430.2
[ DEBUG5 "MyRemoveOverlay"] Mass [GeV]                                                    9.40e-01
[ DEBUG5 "MyRemoveOverlay"] Charge                                                        0.00e+00
[ DEBUG5 "MyRemoveOverlay"] Parents                                                              1
[ DEBUG5 "MyRemoveOverlay"] Daughters                                                            0
[ DEBUG5 "MyRemoveOverlay"] simulator status bits: [sbvtcls]  s: created in simulation b: backscatter v: vertex is not endpoint of parent t: decayed in tracker c: decayed in calorimeter l: has left detector s: stopped o: overlay
[ DEBUG5 "MyRemoveOverlay"] [    c s ]
[ DEBUG5 "MyRemoveOverlay"] 
[ DEBUG7 "MyRemoveOverlay"] 		********** PFO AT INDEX 59 IS NOT OVERLAY **********
[ DEBUG8 "MyRemoveOverlay"] 
[ DEBUG8 "MyRemoveOverlay"] 		-------------------------------------------------------
[ DEBUG8 "MyRemoveOverlay"] 		Processing PFO at index 60
[ DEBUG5 "MyRemoveOverlay"] ------------------ ReconstructedParticle -----------------------------
[ DEBUG5 "MyRemoveOverlay"] Id                                                             0x11541
[ DEBUG5 "MyRemoveOverlay"] Compound                                                             0
[ DEBUG5 "MyRemoveOverlay"] Type                                                                22
[ DEBUG5 "MyRemoveOverlay"] Momentum (x,y,z)                       -4.14e-02, +3.82e-02, -1.72e-01
[ DEBUG5 "MyRemoveOverlay"] Mass [GeV]                                                    0.00e+00
[ DEBUG5 "MyRemoveOverlay"] Charge [e]                                                    0.00e+00
[ DEBUG5 "MyRemoveOverlay"] Energy [GeV]                                                  1.81e-01
[ DEBUG5 "MyRemoveOverlay"] ReferencePoint                         -5.87e+02, +5.42e+02, -2.44e+03
[ DEBUG5 "MyRemoveOverlay"] ParticleIDUsed                                                       0
[ DEBUG5 "MyRemoveOverlay"] GoodnessOfPID                                                 0.00e+00
[ DEBUG5 "MyRemoveOverlay"] Covariance p,E:  2.69e-04, -2.48e-04, 2.30e-04, 1.11e-03, -1.03e-03, 
[ DEBUG5 "MyRemoveOverlay"]                  4.61e-03, -1.17e-03, 1.08e-03, -4.85e-03, 5.11e-03
[ DEBUG5 "MyRemoveOverlay"] Particles id:    
[ DEBUG5 "MyRemoveOverlay"] Tracks id:    
[ DEBUG5 "MyRemoveOverlay"] Clusters id:  [00011072]
[ DEBUG5 "MyRemoveOverlay"] Particle ids ( [id], PDG, (type)): 
[ DEBUG5 "MyRemoveOverlay"]                  [00011542], 000000, (000000) 
[ DEBUG5 "MyRemoveOverlay"]                  [00011543], 000000, (000000) 
[ DEBUG5 "MyRemoveOverlay"]                  [00011544], 000000, (000000) 
[ DEBUG5 "MyRemoveOverlay"]                  [00011545], 000000, (000000) 
[ DEBUG5 "MyRemoveOverlay"] 
[ DEBUG5 "MyRemoveOverlay"] 
[ DEBUG6 "MyRemoveOverlay"] 		Cluster is not linked to a MCParticle
[ DEBUG7 "MyRemoveOverlay"] 		********** PFO AT INDEX 60 IS NOT OVERLAY **********
[ DEBUG8 "MyRemoveOverlay"] 
[ DEBUG8 "MyRemoveOverlay"] 		-------------------------------------------------------
[ DEBUG8 "MyRemoveOverlay"] 		Processing PFO at index 61
[ DEBUG5 "MyRemoveOverlay"] ------------------ ReconstructedParticle -----------------------------
[ DEBUG5 "MyRemoveOverlay"] Id                                                             0x11546
[ DEBUG5 "MyRemoveOverlay"] Compound                                                             0
[ DEBUG5 "MyRemoveOverlay"] Type                                                                22
[ DEBUG5 "MyRemoveOverlay"] Momentum (x,y,z)                       -5.29e-01, -2.99e-01, -6.16e-01
[ DEBUG5 "MyRemoveOverlay"] Mass [GeV]                                                    0.00e+00
[ DEBUG5 "MyRemoveOverlay"] Charge [e]                                                    0.00e+00
[ DEBUG5 "MyRemoveOverlay"] Energy [GeV]                                                  8.66e-01
[ DEBUG5 "MyRemoveOverlay"] ReferencePoint                         -1.66e+03, -9.37e+02, -1.93e+03
[ DEBUG5 "MyRemoveOverlay"] ParticleIDUsed                                                       0
[ DEBUG5 "MyRemoveOverlay"] GoodnessOfPID                                                 0.00e+00
[ DEBUG5 "MyRemoveOverlay"] Covariance p,E:  9.21e-03, 5.20e-03, 2.94e-03, 1.07e-02, 6.06e-03, 
[ DEBUG5 "MyRemoveOverlay"]                  1.25e-02, -1.51e-02, -8.51e-03, -1.76e-02, 2.46e-02
[ DEBUG5 "MyRemoveOverlay"] Particles id:    
[ DEBUG5 "MyRemoveOverlay"] Tracks id:    
[ DEBUG5 "MyRemoveOverlay"] Clusters id:  [00011073]
[ DEBUG5 "MyRemoveOverlay"] Particle ids ( [id], PDG, (type)): 
[ DEBUG5 "MyRemoveOverlay"]                  [00011547], 000000, (000000) 
[ DEBUG5 "MyRemoveOverlay"]                  [00011548], 000000, (000000) 
[ DEBUG5 "MyRemoveOverlay"]                  [00011549], 000000, (000000) 
[ DEBUG5 "MyRemoveOverlay"]                  [00011550], 000000, (000000) 
[ DEBUG5 "MyRemoveOverlay"] 
[ DEBUG5 "MyRemoveOverlay"] 
[ DEBUG0 "MyRemoveOverlay"] 	MCParticle at index: 1 has PDG: 22 and MCParticle to Cluster link weight is 9.94e-01
[ DEBUG0 "MyRemoveOverlay"] 	MCParticle at index: 1 with PDG code: 22 has highest link weight to input cluster
[ DEBUG0 "MyRemoveOverlay"] 	Cluster at index: 0 has highest link weight to MCParticle = 9.91e-01
[ DEBUG0 "MyRemoveOverlay"] 	Cluster linked to MCParticle with highest weight
[ DEBUG6 "MyRemoveOverlay"] 		Found a linked MCParticle to cluster
[ DEBUG5 "MyRemoveOverlay"] ----------------------------- MCParticle -----------------------------
[ DEBUG5 "MyRemoveOverlay"] Id                                                                9225
[ DEBUG5 "MyRemoveOverlay"] PDG                                                                 22
[ DEBUG5 "MyRemoveOverlay"] Energy [GeV]                                                  9.79e-01
[ DEBUG5 "MyRemoveOverlay"] Momentum [GeV] (x,y,z)                  -0.59885, -0.338729, -0.696343
[ DEBUG5 "MyRemoveOverlay"] Momentum at Endpoint[GeV] (x,y,z)                               -0, -0, -0
[ DEBUG5 "MyRemoveOverlay"] GeneratorStatus                                                      1
[ DEBUG5 "MyRemoveOverlay"] Vertex [mm] (x,y,z)              -0.000145025, -6.62696e-05, -0.112727
[ DEBUG5 "MyRemoveOverlay"] Endpoint [mm] (x,y,z)                     -1637.56, -926.258, -1904.27
[ DEBUG5 "MyRemoveOverlay"] Mass [GeV]                                                    2.11e-08
[ DEBUG5 "MyRemoveOverlay"] Charge                                                        0.00e+00
[ DEBUG5 "MyRemoveOverlay"] Parents                                                              1
[ DEBUG5 "MyRemoveOverlay"] Daughters                                                            0
[ DEBUG5 "MyRemoveOverlay"] simulator status bits: [sbvtcls]  s: created in simulation b: backscatter v: vertex is not endpoint of parent t: decayed in tracker c: decayed in calorimeter l: has left detector s: stopped o: overlay
[ DEBUG5 "MyRemoveOverlay"] [    c s ]
[ DEBUG5 "MyRemoveOverlay"] 
[ DEBUG7 "MyRemoveOverlay"] 		********** PFO AT INDEX 61 IS NOT OVERLAY **********
[ DEBUG8 "MyRemoveOverlay"] 
[ DEBUG8 "MyRemoveOverlay"] 		-------------------------------------------------------
[ DEBUG8 "MyRemoveOverlay"] 		Processing PFO at index 62
[ DEBUG5 "MyRemoveOverlay"] ------------------ ReconstructedParticle -----------------------------
[ DEBUG5 "MyRemoveOverlay"] Id                                                             0x11551
[ DEBUG5 "MyRemoveOverlay"] Compound                                                             0
[ DEBUG5 "MyRemoveOverlay"] Type                                                                22
[ DEBUG5 "MyRemoveOverlay"] Momentum (x,y,z)                       +2.70e-01, -2.88e-01, -2.33e-01
[ DEBUG5 "MyRemoveOverlay"] Mass [GeV]                                                    0.00e+00
[ DEBUG5 "MyRemoveOverlay"] Charge [e]                                                    0.00e+00
[ DEBUG5 "MyRemoveOverlay"] Energy [GeV]                                                  4.58e-01
[ DEBUG5 "MyRemoveOverlay"] ReferencePoint                         +1.25e+03, -1.34e+03, -1.08e+03
[ DEBUG5 "MyRemoveOverlay"] ParticleIDUsed                                                       0
[ DEBUG5 "MyRemoveOverlay"] GoodnessOfPID                                                 0.00e+00
[ DEBUG5 "MyRemoveOverlay"] Covariance p,E:  4.51e-03, -4.82e-03, 5.15e-03, -3.90e-03, 4.16e-03, 
[ DEBUG5 "MyRemoveOverlay"]                  3.36e-03, 7.66e-03, -8.19e-03, -6.62e-03, 1.30e-02
[ DEBUG5 "MyRemoveOverlay"] Particles id:    
[ DEBUG5 "MyRemoveOverlay"] Tracks id:    
[ DEBUG5 "MyRemoveOverlay"] Clusters id:  [00011074]
[ DEBUG5 "MyRemoveOverlay"] Particle ids ( [id], PDG, (type)): 
[ DEBUG5 "MyRemoveOverlay"]                  [00011552], 000000, (000000) 
[ DEBUG5 "MyRemoveOverlay"]                  [00011553], 000000, (000000) 
[ DEBUG5 "MyRemoveOverlay"]                  [00011554], 000000, (000000) 
[ DEBUG5 "MyRemoveOverlay"]                  [00011555], 000000, (000000) 
[ DEBUG5 "MyRemoveOverlay"] 
[ DEBUG5 "MyRemoveOverlay"] 
[ DEBUG0 "MyRemoveOverlay"] 	MCParticle at index: 0 has PDG: 22 and MCParticle to Cluster link weight is 1.00e+00
[ DEBUG0 "MyRemoveOverlay"] 	MCParticle at index: 0 with PDG code: 22 has highest link weight to input cluster
[ DEBUG0 "MyRemoveOverlay"] 	Cluster at index: 0 has highest link weight to MCParticle = 1.00e+00
[ DEBUG0 "MyRemoveOverlay"] 	Cluster linked to MCParticle with highest weight
[ DEBUG6 "MyRemoveOverlay"] 		Found a linked MCParticle to cluster
[ DEBUG5 "MyRemoveOverlay"] ----------------------------- MCParticle -----------------------------
[ DEBUG5 "MyRemoveOverlay"] Id                                                                9396
[ DEBUG5 "MyRemoveOverlay"] PDG                                                                 22
[ DEBUG5 "MyRemoveOverlay"] Energy [GeV]                                                  3.39e-01
[ DEBUG5 "MyRemoveOverlay"] Momentum [GeV] (x,y,z)                   0.19987, -0.212854, -0.172146
[ DEBUG5 "MyRemoveOverlay"] Momentum at Endpoint[GeV] (x,y,z)                                0, -0, -0
[ DEBUG5 "MyRemoveOverlay"] GeneratorStatus                                                      1
[ DEBUG5 "MyRemoveOverlay"] Vertex [mm] (x,y,z)              9.25212e-05, -7.81553e-05, -0.0440171
[ DEBUG5 "MyRemoveOverlay"] Endpoint [mm] (x,y,z)                       1242.1, -1322.79, -1069.85
[ DEBUG5 "MyRemoveOverlay"] Mass [GeV]                                                    0.00e+00
[ DEBUG5 "MyRemoveOverlay"] Charge                                                        0.00e+00
[ DEBUG5 "MyRemoveOverlay"] Parents                                                              1
[ DEBUG5 "MyRemoveOverlay"] Daughters                                                            0
[ DEBUG5 "MyRemoveOverlay"] simulator status bits: [sbvtcls]  s: created in simulation b: backscatter v: vertex is not endpoint of parent t: decayed in tracker c: decayed in calorimeter l: has left detector s: stopped o: overlay
[ DEBUG5 "MyRemoveOverlay"] [    c so]
[ DEBUG5 "MyRemoveOverlay"] 
[ DEBUG7 "MyRemoveOverlay"] 		********** PFO AT INDEX 62 IS OVERLAY **********
[ DEBUG8 "MyRemoveOverlay"] 
[ DEBUG8 "MyRemoveOverlay"] 		-------------------------------------------------------
[ DEBUG8 "MyRemoveOverlay"] 		Processing PFO at index 63
[ DEBUG5 "MyRemoveOverlay"] ------------------ ReconstructedParticle -----------------------------
[ DEBUG5 "MyRemoveOverlay"] Id                                                             0x11556
[ DEBUG5 "MyRemoveOverlay"] Compound                                                             0
[ DEBUG5 "MyRemoveOverlay"] Type                                                                22
[ DEBUG5 "MyRemoveOverlay"] Momentum (x,y,z)                       +1.29e-01, -4.43e-02, +1.26e-02
[ DEBUG5 "MyRemoveOverlay"] Mass [GeV]                                                    0.00e+00
[ DEBUG5 "MyRemoveOverlay"] Charge [e]                                                    0.00e+00
[ DEBUG5 "MyRemoveOverlay"] Energy [GeV]                                                  1.37e-01
[ DEBUG5 "MyRemoveOverlay"] ReferencePoint                         +1.83e+03, -6.31e+02, +1.79e+02
[ DEBUG5 "MyRemoveOverlay"] ParticleIDUsed                                                       0
[ DEBUG5 "MyRemoveOverlay"] GoodnessOfPID                                                 0.00e+00
[ DEBUG5 "MyRemoveOverlay"] Covariance p,E:  3.28e-03, -1.13e-03, 3.90e-04, 3.21e-04, -1.11e-04, 
[ DEBUG5 "MyRemoveOverlay"]                  3.14e-05, 3.48e-03, -1.20e-03, 3.41e-04, 3.70e-03
[ DEBUG5 "MyRemoveOverlay"] Particles id:    
[ DEBUG5 "MyRemoveOverlay"] Tracks id:    
[ DEBUG5 "MyRemoveOverlay"] Clusters id:  [00011075]
[ DEBUG5 "MyRemoveOverlay"] Particle ids ( [id], PDG, (type)): 
[ DEBUG5 "MyRemoveOverlay"]                  [00011557], 000000, (000000) 
[ DEBUG5 "MyRemoveOverlay"]                  [00011558], 000000, (000000) 
[ DEBUG5 "MyRemoveOverlay"]                  [00011559], 000000, (000000) 
[ DEBUG5 "MyRemoveOverlay"]                  [00011560], 000000, (000000) 
[ DEBUG5 "MyRemoveOverlay"] 
[ DEBUG5 "MyRemoveOverlay"] 
[ DEBUG0 "MyRemoveOverlay"] 	MCParticle at index: 0 has PDG: 22 and MCParticle to Cluster link weight is 1.00e+00
[ DEBUG0 "MyRemoveOverlay"] 	MCParticle at index: 0 with PDG code: 22 has highest link weight to input cluster
[ DEBUG0 "MyRemoveOverlay"] 	Cluster at index: 0 has highest link weight to MCParticle = 1.00e+00
[ DEBUG0 "MyRemoveOverlay"] 	Cluster linked to MCParticle with highest weight
[ DEBUG6 "MyRemoveOverlay"] 		Found a linked MCParticle to cluster
[ DEBUG5 "MyRemoveOverlay"] ----------------------------- MCParticle -----------------------------
[ DEBUG5 "MyRemoveOverlay"] Id                                                                9395
[ DEBUG5 "MyRemoveOverlay"] PDG                                                                 22
[ DEBUG5 "MyRemoveOverlay"] Energy [GeV]                                                  9.32e-02
[ DEBUG5 "MyRemoveOverlay"] Momentum [GeV] (x,y,z)               0.0878132, -0.0301606, 0.00857276
[ DEBUG5 "MyRemoveOverlay"] Momentum at Endpoint[GeV] (x,y,z)                                 0, -0, 0
[ DEBUG5 "MyRemoveOverlay"] GeneratorStatus                                                      1
[ DEBUG5 "MyRemoveOverlay"] Vertex [mm] (x,y,z)              9.25212e-05, -7.81553e-05, -0.0440171
[ DEBUG5 "MyRemoveOverlay"] Endpoint [mm] (x,y,z)                       1813.23, -622.778, 176.972
[ DEBUG5 "MyRemoveOverlay"] Mass [GeV]                                                    0.00e+00
[ DEBUG5 "MyRemoveOverlay"] Charge                                                        0.00e+00
[ DEBUG5 "MyRemoveOverlay"] Parents                                                              1
[ DEBUG5 "MyRemoveOverlay"] Daughters                                                            0
[ DEBUG5 "MyRemoveOverlay"] simulator status bits: [sbvtcls]  s: created in simulation b: backscatter v: vertex is not endpoint of parent t: decayed in tracker c: decayed in calorimeter l: has left detector s: stopped o: overlay
[ DEBUG5 "MyRemoveOverlay"] [    c so]
[ DEBUG5 "MyRemoveOverlay"] 
[ DEBUG7 "MyRemoveOverlay"] 		********** PFO AT INDEX 63 IS OVERLAY **********
[ DEBUG8 "MyRemoveOverlay"] 
[ DEBUG8 "MyRemoveOverlay"] 		-------------------------------------------------------
[ DEBUG8 "MyRemoveOverlay"] 		Processing PFO at index 64
[ DEBUG5 "MyRemoveOverlay"] ------------------ ReconstructedParticle -----------------------------
[ DEBUG5 "MyRemoveOverlay"] Id                                                             0x11561
[ DEBUG5 "MyRemoveOverlay"] Compound                                                             0
[ DEBUG5 "MyRemoveOverlay"] Type                                                                22
[ DEBUG5 "MyRemoveOverlay"] Momentum (x,y,z)                       -7.52e-01, -6.30e-01, +5.60e-01
[ DEBUG5 "MyRemoveOverlay"] Mass [GeV]                                                    0.00e+00
[ DEBUG5 "MyRemoveOverlay"] Charge [e]                                                    0.00e+00
[ DEBUG5 "MyRemoveOverlay"] Energy [GeV]                                                  1.13e+00
[ DEBUG5 "MyRemoveOverlay"] ReferencePoint                         -1.43e+03, -1.20e+03, +1.06e+03
[ DEBUG5 "MyRemoveOverlay"] ParticleIDUsed                                                       0
[ DEBUG5 "MyRemoveOverlay"] GoodnessOfPID                                                 0.00e+00
[ DEBUG5 "MyRemoveOverlay"] Covariance p,E:  1.43e-02, 1.20e-02, 1.01e-02, -1.07e-02, -8.96e-03, 
[ DEBUG5 "MyRemoveOverlay"]                  7.98e-03, -2.15e-02, -1.80e-02, 1.61e-02, 3.24e-02
[ DEBUG5 "MyRemoveOverlay"] Particles id:    
[ DEBUG5 "MyRemoveOverlay"] Tracks id:    
[ DEBUG5 "MyRemoveOverlay"] Clusters id:  [00011076]
[ DEBUG5 "MyRemoveOverlay"] Particle ids ( [id], PDG, (type)): 
[ DEBUG5 "MyRemoveOverlay"]                  [00011562], 000000, (000000) 
[ DEBUG5 "MyRemoveOverlay"]                  [00011563], 000000, (000000) 
[ DEBUG5 "MyRemoveOverlay"]                  [00011564], 000000, (000000) 
[ DEBUG5 "MyRemoveOverlay"]                  [00011565], 000000, (000000) 
[ DEBUG5 "MyRemoveOverlay"] 
[ DEBUG5 "MyRemoveOverlay"] 
[ DEBUG0 "MyRemoveOverlay"] 	MCParticle at index: 0 has PDG: 22 and MCParticle to Cluster link weight is 9.83e-01
[ DEBUG0 "MyRemoveOverlay"] 	MCParticle at index: 0 with PDG code: 22 has highest link weight to input cluster
[ DEBUG0 "MyRemoveOverlay"] 	Cluster at index: 0 has highest link weight to MCParticle = 9.96e-01
[ DEBUG0 "MyRemoveOverlay"] 	Cluster linked to MCParticle with highest weight
[ DEBUG6 "MyRemoveOverlay"] 		Found a linked MCParticle to cluster
[ DEBUG5 "MyRemoveOverlay"] ----------------------------- MCParticle -----------------------------
[ DEBUG5 "MyRemoveOverlay"] Id                                                                9246
[ DEBUG5 "MyRemoveOverlay"] PDG                                                                 22
[ DEBUG5 "MyRemoveOverlay"] Energy [GeV]                                                  9.38e-01
[ DEBUG5 "MyRemoveOverlay"] Momentum [GeV] (x,y,z)                   -0.625949, -0.523229, 0.46308
[ DEBUG5 "MyRemoveOverlay"] Momentum at Endpoint[GeV] (x,y,z)                                -0, -0, 0
[ DEBUG5 "MyRemoveOverlay"] GeneratorStatus                                                      1
[ DEBUG5 "MyRemoveOverlay"] Vertex [mm] (x,y,z)                   -0.287148, -0.203865, -0.0749059
[ DEBUG5 "MyRemoveOverlay"] Endpoint [mm] (x,y,z)                      -1396.28, -1167.11, 1032.68
[ DEBUG5 "MyRemoveOverlay"] Mass [GeV]                                                    2.98e-08
[ DEBUG5 "MyRemoveOverlay"] Charge                                                        0.00e+00
[ DEBUG5 "MyRemoveOverlay"] Parents                                                              1
[ DEBUG5 "MyRemoveOverlay"] Daughters                                                            0
[ DEBUG5 "MyRemoveOverlay"] simulator status bits: [sbvtcls]  s: created in simulation b: backscatter v: vertex is not endpoint of parent t: decayed in tracker c: decayed in calorimeter l: has left detector s: stopped o: overlay
[ DEBUG5 "MyRemoveOverlay"] [    c s ]
[ DEBUG5 "MyRemoveOverlay"] 
[ DEBUG7 "MyRemoveOverlay"] 		********** PFO AT INDEX 64 IS NOT OVERLAY **********
[ DEBUG8 "MyRemoveOverlay"] 
[ DEBUG8 "MyRemoveOverlay"] 		-------------------------------------------------------
[ DEBUG8 "MyRemoveOverlay"] 		Processing PFO at index 65
[ DEBUG5 "MyRemoveOverlay"] ------------------ ReconstructedParticle -----------------------------
[ DEBUG5 "MyRemoveOverlay"] Id                                                             0x11566
[ DEBUG5 "MyRemoveOverlay"] Compound                                                             0
[ DEBUG5 "MyRemoveOverlay"] Type                                                                22
[ DEBUG5 "MyRemoveOverlay"] Momentum (x,y,z)                       -1.29e-01, -6.24e-01, +4.60e-01
[ DEBUG5 "MyRemoveOverlay"] Mass [GeV]                                                    0.00e+00
[ DEBUG5 "MyRemoveOverlay"] Charge [e]                                                    0.00e+00
[ DEBUG5 "MyRemoveOverlay"] Energy [GeV]                                                  7.86e-01
[ DEBUG5 "MyRemoveOverlay"] ReferencePoint                         -3.80e+02, -1.84e+03, +1.36e+03
[ DEBUG5 "MyRemoveOverlay"] ParticleIDUsed                                                       0
[ DEBUG5 "MyRemoveOverlay"] GoodnessOfPID                                                 0.00e+00
[ DEBUG5 "MyRemoveOverlay"] Covariance p,E:  5.79e-04, 2.81e-03, 1.36e-02, -2.07e-03, -1.01e-02, 
[ DEBUG5 "MyRemoveOverlay"]                  7.41e-03, -3.54e-03, -1.72e-02, 1.27e-02, 2.16e-02
[ DEBUG5 "MyRemoveOverlay"] Particles id:    
[ DEBUG5 "MyRemoveOverlay"] Tracks id:    
[ DEBUG5 "MyRemoveOverlay"] Clusters id:  [00011077]
[ DEBUG5 "MyRemoveOverlay"] Particle ids ( [id], PDG, (type)): 
[ DEBUG5 "MyRemoveOverlay"]                  [00011567], 000000, (000000) 
[ DEBUG5 "MyRemoveOverlay"]                  [00011568], 000000, (000000) 
[ DEBUG5 "MyRemoveOverlay"]                  [00011569], 000000, (000000) 
[ DEBUG5 "MyRemoveOverlay"]                  [00011570], 000000, (000000) 
[ DEBUG5 "MyRemoveOverlay"] 
[ DEBUG5 "MyRemoveOverlay"] 
[ DEBUG0 "MyRemoveOverlay"] 	MCParticle at index: 0 has PDG: 22 and MCParticle to Cluster link weight is 1.00e+00
[ DEBUG0 "MyRemoveOverlay"] 	MCParticle at index: 0 with PDG code: 22 has highest link weight to input cluster
[ DEBUG0 "MyRemoveOverlay"] 	Cluster at index: 0 has highest link weight to MCParticle = 9.36e-01
[ DEBUG0 "MyRemoveOverlay"] 	Cluster linked to MCParticle with highest weight
[ DEBUG6 "MyRemoveOverlay"] 		Found a linked MCParticle to cluster
[ DEBUG5 "MyRemoveOverlay"] ----------------------------- MCParticle -----------------------------
[ DEBUG5 "MyRemoveOverlay"] Id                                                                9149
[ DEBUG5 "MyRemoveOverlay"] PDG                                                                 22
[ DEBUG5 "MyRemoveOverlay"] Energy [GeV]                                                  6.33e-01
[ DEBUG5 "MyRemoveOverlay"] Momentum [GeV] (x,y,z)                    -0.104381, -0.502509, 0.3702
[ DEBUG5 "MyRemoveOverlay"] Momentum at Endpoint[GeV] (x,y,z)                                -0, -0, 0
[ DEBUG5 "MyRemoveOverlay"] GeneratorStatus                                                      1
[ DEBUG5 "MyRemoveOverlay"] Vertex [mm] (x,y,z)                       -0.451994, -2.03081, 1.46926
[ DEBUG5 "MyRemoveOverlay"] Endpoint [mm] (x,y,z)                      -376.846, -1814.05, 1336.39
[ DEBUG5 "MyRemoveOverlay"] Mass [GeV]                                                    2.36e-08
[ DEBUG5 "MyRemoveOverlay"] Charge                                                        0.00e+00
[ DEBUG5 "MyRemoveOverlay"] Parents                                                              1
[ DEBUG5 "MyRemoveOverlay"] Daughters                                                            0
[ DEBUG5 "MyRemoveOverlay"] simulator status bits: [sbvtcls]  s: created in simulation b: backscatter v: vertex is not endpoint of parent t: decayed in tracker c: decayed in calorimeter l: has left detector s: stopped o: overlay
[ DEBUG5 "MyRemoveOverlay"] [    c s ]
[ DEBUG5 "MyRemoveOverlay"] 
[ DEBUG7 "MyRemoveOverlay"] 		********** PFO AT INDEX 65 IS NOT OVERLAY **********
[ DEBUG8 "MyRemoveOverlay"] 
[ DEBUG8 "MyRemoveOverlay"] 		-------------------------------------------------------
[ DEBUG8 "MyRemoveOverlay"] 		Processing PFO at index 66
[ DEBUG5 "MyRemoveOverlay"] ------------------ ReconstructedParticle -----------------------------
[ DEBUG5 "MyRemoveOverlay"] Id                                                             0x11571
[ DEBUG5 "MyRemoveOverlay"] Compound                                                             0
[ DEBUG5 "MyRemoveOverlay"] Type                                                                22
[ DEBUG5 "MyRemoveOverlay"] Momentum (x,y,z)                       -8.51e-03, -7.94e-02, +7.69e-02
[ DEBUG5 "MyRemoveOverlay"] Mass [GeV]                                                    0.00e+00
[ DEBUG5 "MyRemoveOverlay"] Charge [e]                                                    0.00e+00
[ DEBUG5 "MyRemoveOverlay"] Energy [GeV]                                                  1.11e-01
[ DEBUG5 "MyRemoveOverlay"] ReferencePoint                         -1.96e+02, -1.83e+03, +1.78e+03
[ DEBUG5 "MyRemoveOverlay"] ParticleIDUsed                                                       0
[ DEBUG5 "MyRemoveOverlay"] GoodnessOfPID                                                 0.00e+00
[ DEBUG5 "MyRemoveOverlay"] Covariance p,E:  1.84e-05, 1.71e-04, 1.60e-03, -1.66e-04, -1.55e-03, 
[ DEBUG5 "MyRemoveOverlay"]                  1.50e-03, -2.39e-04, -2.23e-03, 2.16e-03, 3.12e-03
[ DEBUG5 "MyRemoveOverlay"] Particles id:    
[ DEBUG5 "MyRemoveOverlay"] Tracks id:    
[ DEBUG5 "MyRemoveOverlay"] Clusters id:  [00011078]
[ DEBUG5 "MyRemoveOverlay"] Particle ids ( [id], PDG, (type)): 
[ DEBUG5 "MyRemoveOverlay"]                  [00011572], 000000, (000000) 
[ DEBUG5 "MyRemoveOverlay"]                  [00011573], 000000, (000000) 
[ DEBUG5 "MyRemoveOverlay"]                  [00011574], 000000, (000000) 
[ DEBUG5 "MyRemoveOverlay"]                  [00011575], 000000, (000000) 
[ DEBUG5 "MyRemoveOverlay"] 
[ DEBUG5 "MyRemoveOverlay"] 
[ DEBUG0 "MyRemoveOverlay"] 	MCParticle at index: 0 has PDG: 22 and MCParticle to Cluster link weight is 1.00e+00
[ DEBUG0 "MyRemoveOverlay"] 	MCParticle at index: 0 with PDG code: 22 has highest link weight to input cluster
[ DEBUG0 "MyRemoveOverlay"] 	Cluster at index: 0 has highest link weight to MCParticle = 1.00e+00
[ DEBUG0 "MyRemoveOverlay"] 	Cluster linked to MCParticle with highest weight
[ DEBUG6 "MyRemoveOverlay"] 		Found a linked MCParticle to cluster
[ DEBUG5 "MyRemoveOverlay"] ----------------------------- MCParticle -----------------------------
[ DEBUG5 "MyRemoveOverlay"] Id                                                                9188
[ DEBUG5 "MyRemoveOverlay"] PDG                                                                 22
[ DEBUG5 "MyRemoveOverlay"] Energy [GeV]                                                  1.20e-01
[ DEBUG5 "MyRemoveOverlay"] Momentum [GeV] (x,y,z)              -0.00927817, -0.0857053, 0.0831791
[ DEBUG5 "MyRemoveOverlay"] Momentum at Endpoint[GeV] (x,y,z)                                -0, -0, 0
[ DEBUG5 "MyRemoveOverlay"] GeneratorStatus                                                      1
[ DEBUG5 "MyRemoveOverlay"] Vertex [mm] (x,y,z)               -8.82182e-05, -9.6478e-05, -0.112243
[ DEBUG5 "MyRemoveOverlay"] Endpoint [mm] (x,y,z)                      -196.297, -1813.25, 1759.69
[ DEBUG5 "MyRemoveOverlay"] Mass [GeV]                                                   -1.86e-09
[ DEBUG5 "MyRemoveOverlay"] Charge                                                        0.00e+00
[ DEBUG5 "MyRemoveOverlay"] Parents                                                              1
[ DEBUG5 "MyRemoveOverlay"] Daughters                                                            0
[ DEBUG5 "MyRemoveOverlay"] simulator status bits: [sbvtcls]  s: created in simulation b: backscatter v: vertex is not endpoint of parent t: decayed in tracker c: decayed in calorimeter l: has left detector s: stopped o: overlay
[ DEBUG5 "MyRemoveOverlay"] [    c s ]
[ DEBUG5 "MyRemoveOverlay"] 
[ DEBUG7 "MyRemoveOverlay"] 		********** PFO AT INDEX 66 IS NOT OVERLAY **********
[ DEBUG8 "MyRemoveOverlay"] 
[ DEBUG8 "MyRemoveOverlay"] 		-------------------------------------------------------
[ DEBUG8 "MyRemoveOverlay"] 		Processing PFO at index 67
[ DEBUG5 "MyRemoveOverlay"] ------------------ ReconstructedParticle -----------------------------
[ DEBUG5 "MyRemoveOverlay"] Id                                                             0x11576
[ DEBUG5 "MyRemoveOverlay"] Compound                                                             0
[ DEBUG5 "MyRemoveOverlay"] Type                                                                22
[ DEBUG5 "MyRemoveOverlay"] Momentum (x,y,z)                       +2.09e-01, -2.87e-01, +3.90e-01
[ DEBUG5 "MyRemoveOverlay"] Mass [GeV]                                                    0.00e+00
[ DEBUG5 "MyRemoveOverlay"] Charge [e]                                                    0.00e+00
[ DEBUG5 "MyRemoveOverlay"] Energy [GeV]                                                  5.28e-01
[ DEBUG5 "MyRemoveOverlay"] ReferencePoint                         +1.11e+03, -1.52e+03, +2.07e+03
[ DEBUG5 "MyRemoveOverlay"] ParticleIDUsed                                                       0
[ DEBUG5 "MyRemoveOverlay"] GoodnessOfPID                                                 0.00e+00
[ DEBUG5 "MyRemoveOverlay"] Covariance p,E:  2.36e-03, -3.23e-03, 4.45e-03, 4.40e-03, -6.04e-03, 
[ DEBUG5 "MyRemoveOverlay"]                  8.22e-03, 5.95e-03, -8.17e-03, 1.11e-02, 1.50e-02
[ DEBUG5 "MyRemoveOverlay"] Particles id:    
[ DEBUG5 "MyRemoveOverlay"] Tracks id:    
[ DEBUG5 "MyRemoveOverlay"] Clusters id:  [00011079]
[ DEBUG5 "MyRemoveOverlay"] Particle ids ( [id], PDG, (type)): 
[ DEBUG5 "MyRemoveOverlay"]                  [00011577], 000000, (000000) 
[ DEBUG5 "MyRemoveOverlay"]                  [00011578], 000000, (000000) 
[ DEBUG5 "MyRemoveOverlay"]                  [00011579], 000000, (000000) 
[ DEBUG5 "MyRemoveOverlay"]                  [00011580], 000000, (000000) 
[ DEBUG5 "MyRemoveOverlay"] 
[ DEBUG5 "MyRemoveOverlay"] 
[ DEBUG6 "MyRemoveOverlay"] 		Cluster is not linked to a MCParticle
[ DEBUG7 "MyRemoveOverlay"] 		********** PFO AT INDEX 67 IS NOT OVERLAY **********
[ DEBUG8 "MyRemoveOverlay"] 
[ DEBUG8 "MyRemoveOverlay"] 		-------------------------------------------------------
[ DEBUG8 "MyRemoveOverlay"] 		Processing PFO at index 68
[ DEBUG5 "MyRemoveOverlay"] ------------------ ReconstructedParticle -----------------------------
[ DEBUG5 "MyRemoveOverlay"] Id                                                             0x11581
[ DEBUG5 "MyRemoveOverlay"] Compound                                                             0
[ DEBUG5 "MyRemoveOverlay"] Type                                                              2112
[ DEBUG5 "MyRemoveOverlay"] Momentum (x,y,z)                       -1.08e-01, +4.97e-02, +3.02e-01
[ DEBUG5 "MyRemoveOverlay"] Mass [GeV]                                                    9.40e-01
[ DEBUG5 "MyRemoveOverlay"] Charge [e]                                                    0.00e+00
[ DEBUG5 "MyRemoveOverlay"] Energy [GeV]                                                  3.24e-01
[ DEBUG5 "MyRemoveOverlay"] ReferencePoint                         -8.89e+02, +4.07e+02, +2.47e+03
[ DEBUG5 "MyRemoveOverlay"] ParticleIDUsed                                                       0
[ DEBUG5 "MyRemoveOverlay"] GoodnessOfPID                                                 0.00e+00
[ DEBUG5 "MyRemoveOverlay"] Covariance p,E:  1.23e-01, -5.62e-02, 2.57e-02, -3.41e-01, 1.56e-01, 
[ DEBUG5 "MyRemoveOverlay"]                  9.49e-01, -1.20e-01, 5.48e-02, 3.33e-01, 1.17e-01
[ DEBUG5 "MyRemoveOverlay"] Particles id:    
[ DEBUG5 "MyRemoveOverlay"] Tracks id:    
[ DEBUG5 "MyRemoveOverlay"] Clusters id:  [00011080]
[ DEBUG5 "MyRemoveOverlay"] Particle ids ( [id], PDG, (type)): 
[ DEBUG5 "MyRemoveOverlay"]                  [00011582], 000000, (000000) 
[ DEBUG5 "MyRemoveOverlay"]                  [00011583], 000000, (000000) 
[ DEBUG5 "MyRemoveOverlay"]                  [00011584], 000000, (000000) 
[ DEBUG5 "MyRemoveOverlay"]                  [00011585], 000000, (000000) 
[ DEBUG5 "MyRemoveOverlay"] 
[ DEBUG5 "MyRemoveOverlay"] 
[ DEBUG0 "MyRemoveOverlay"] 	MCParticle at index: 0 has PDG: 13 and MCParticle to Cluster link weight is 1.00e+00
[ DEBUG0 "MyRemoveOverlay"] 	MCParticle at index: 0 with PDG code: 13 has highest link weight to input cluster
[ DEBUG0 "MyRemoveOverlay"] 	Cluster at index: 0 has highest link weight to MCParticle = 1.00e+00
[ DEBUG0 "MyRemoveOverlay"] 	Cluster linked to MCParticle with highest weight
[ DEBUG6 "MyRemoveOverlay"] 		Found a linked MCParticle to cluster
[ DEBUG5 "MyRemoveOverlay"] ----------------------------- MCParticle -----------------------------
[ DEBUG5 "MyRemoveOverlay"] Id                                                                9293
[ DEBUG5 "MyRemoveOverlay"] PDG                                                                 13
[ DEBUG5 "MyRemoveOverlay"] Energy [GeV]                                                  3.60e-01
[ DEBUG5 "MyRemoveOverlay"] Momentum [GeV] (x,y,z)                   -0.059798, -0.298018, 0.16074
[ DEBUG5 "MyRemoveOverlay"] Momentum at Endpoint[GeV] (x,y,z)                                 0, -0, 0
[ DEBUG5 "MyRemoveOverlay"] GeneratorStatus                                                      0
[ DEBUG5 "MyRemoveOverlay"] Vertex [mm] (x,y,z)                         -1131.33, 209.509, 716.093
[ DEBUG5 "MyRemoveOverlay"] Endpoint [mm] (x,y,z)                       -938.441, 374.253, 2520.47
[ DEBUG5 "MyRemoveOverlay"] Mass [GeV]                                                    1.06e-01
[ DEBUG5 "MyRemoveOverlay"] Charge                                                       -1.00e+00
[ DEBUG5 "MyRemoveOverlay"] Parents                                                              1
[ DEBUG5 "MyRemoveOverlay"] Daughters                                                            0
[ DEBUG5 "MyRemoveOverlay"] simulator status bits: [sbvtcls]  s: created in simulation b: backscatter v: vertex is not endpoint of parent t: decayed in tracker c: decayed in calorimeter l: has left detector s: stopped o: overlay
[ DEBUG5 "MyRemoveOverlay"] [s   c s ]
[ DEBUG5 "MyRemoveOverlay"] 
[ DEBUG7 "MyRemoveOverlay"] 		********** PFO AT INDEX 68 IS NOT OVERLAY **********
[ DEBUG8 "MyRemoveOverlay"] 
[ DEBUG8 "MyRemoveOverlay"] 		-------------------------------------------------------
[ DEBUG8 "MyRemoveOverlay"] 		Processing PFO at index 69
[ DEBUG5 "MyRemoveOverlay"] ------------------ ReconstructedParticle -----------------------------
[ DEBUG5 "MyRemoveOverlay"] Id                                                             0x11586
[ DEBUG5 "MyRemoveOverlay"] Compound                                                             0
[ DEBUG5 "MyRemoveOverlay"] Type                                                                22
[ DEBUG5 "MyRemoveOverlay"] Momentum (x,y,z)                       -7.66e-03, -6.85e-02, +1.78e-01
[ DEBUG5 "MyRemoveOverlay"] Mass [GeV]                                                    0.00e+00
[ DEBUG5 "MyRemoveOverlay"] Charge [e]                                                    0.00e+00
[ DEBUG5 "MyRemoveOverlay"] Energy [GeV]                                                  1.91e-01
[ DEBUG5 "MyRemoveOverlay"] ReferencePoint                         -1.05e+02, -9.39e+02, +2.44e+03
[ DEBUG5 "MyRemoveOverlay"] ParticleIDUsed                                                       0
[ DEBUG5 "MyRemoveOverlay"] GoodnessOfPID                                                 0.00e+00
[ DEBUG5 "MyRemoveOverlay"] Covariance p,E:  1.04e-05, 7.62e-05, 6.81e-04, -1.98e-04, -1.77e-03, 
[ DEBUG5 "MyRemoveOverlay"]                  4.59e-03, -2.12e-04, -1.90e-03, 4.92e-03, 5.28e-03
[ DEBUG5 "MyRemoveOverlay"] Particles id:    
[ DEBUG5 "MyRemoveOverlay"] Tracks id:    
[ DEBUG5 "MyRemoveOverlay"] Clusters id:  [00011081]
[ DEBUG5 "MyRemoveOverlay"] Particle ids ( [id], PDG, (type)): 
[ DEBUG5 "MyRemoveOverlay"]                  [00011587], 000000, (000000) 
[ DEBUG5 "MyRemoveOverlay"]                  [00011588], 000000, (000000) 
[ DEBUG5 "MyRemoveOverlay"]                  [00011589], 000000, (000000) 
[ DEBUG5 "MyRemoveOverlay"]                  [00011590], 000000, (000000) 
[ DEBUG5 "MyRemoveOverlay"] 
[ DEBUG5 "MyRemoveOverlay"] 
[ DEBUG6 "MyRemoveOverlay"] 		Cluster is not linked to a MCParticle
[ DEBUG7 "MyRemoveOverlay"] 		********** PFO AT INDEX 69 IS NOT OVERLAY **********
[ DEBUG8 "MyRemoveOverlay"] 
[ DEBUG8 "MyRemoveOverlay"] 		-------------------------------------------------------
[ DEBUG8 "MyRemoveOverlay"] 		Processing PFO at index 70
[ DEBUG5 "MyRemoveOverlay"] ------------------ ReconstructedParticle -----------------------------
[ DEBUG5 "MyRemoveOverlay"] Id                                                             0x11591
[ DEBUG5 "MyRemoveOverlay"] Compound                                                             0
[ DEBUG5 "MyRemoveOverlay"] Type                                                                22
[ DEBUG5 "MyRemoveOverlay"] Momentum (x,y,z)                       +6.07e-02, -1.12e-01, -5.07e-01
[ DEBUG5 "MyRemoveOverlay"] Mass [GeV]                                                    0.00e+00
[ DEBUG5 "MyRemoveOverlay"] Charge [e]                                                    0.00e+00
[ DEBUG5 "MyRemoveOverlay"] Energy [GeV]                                                  5.23e-01
[ DEBUG5 "MyRemoveOverlay"] ReferencePoint                         +2.96e+02, -5.46e+02, -2.47e+03
[ DEBUG5 "MyRemoveOverlay"] ParticleIDUsed                                                       0
[ DEBUG5 "MyRemoveOverlay"] GoodnessOfPID                                                 0.00e+00
[ DEBUG5 "MyRemoveOverlay"] Covariance p,E:  2.05e-04, -3.72e-04, 6.86e-04, -1.68e-03, 3.10e-03, 
[ DEBUG5 "MyRemoveOverlay"]                  1.40e-02, 1.73e-03, -3.20e-03, -1.45e-02, 1.49e-02
[ DEBUG5 "MyRemoveOverlay"] Particles id:    
[ DEBUG5 "MyRemoveOverlay"] Tracks id:    
[ DEBUG5 "MyRemoveOverlay"] Clusters id:  [00011082]
[ DEBUG5 "MyRemoveOverlay"] Particle ids ( [id], PDG, (type)): 
[ DEBUG5 "MyRemoveOverlay"]                  [00011592], 000000, (000000) 
[ DEBUG5 "MyRemoveOverlay"]                  [00011593], 000000, (000000) 
[ DEBUG5 "MyRemoveOverlay"]                  [00011594], 000000, (000000) 
[ DEBUG5 "MyRemoveOverlay"]                  [00011595], 000000, (000000) 
[ DEBUG5 "MyRemoveOverlay"] 
[ DEBUG5 "MyRemoveOverlay"] 
[ DEBUG0 "MyRemoveOverlay"] 	MCParticle at index: 0 has PDG: 22 and MCParticle to Cluster link weight is 9.36e-01
[ DEBUG0 "MyRemoveOverlay"] 	MCParticle at index: 0 with PDG code: 22 has highest link weight to input cluster
[ DEBUG0 "MyRemoveOverlay"] 	Cluster at index: 0 has highest link weight to MCParticle = 1.00e+00
[ DEBUG0 "MyRemoveOverlay"] 	Cluster linked to MCParticle with highest weight
[ DEBUG6 "MyRemoveOverlay"] 		Found a linked MCParticle to cluster
[ DEBUG5 "MyRemoveOverlay"] ----------------------------- MCParticle -----------------------------
[ DEBUG5 "MyRemoveOverlay"] Id                                                                9243
[ DEBUG5 "MyRemoveOverlay"] PDG                                                                 22
[ DEBUG5 "MyRemoveOverlay"] Energy [GeV]                                                  4.82e-01
[ DEBUG5 "MyRemoveOverlay"] Momentum [GeV] (x,y,z)                 0.0535312, -0.103139, -0.467355
[ DEBUG5 "MyRemoveOverlay"] Momentum at Endpoint[GeV] (x,y,z)                                0, -0, -0
[ DEBUG5 "MyRemoveOverlay"] GeneratorStatus                                                      1
[ DEBUG5 "MyRemoveOverlay"] Vertex [mm] (x,y,z)               4.43556e-06, -1.14156e-05, -0.112633
[ DEBUG5 "MyRemoveOverlay"] Endpoint [mm] (x,y,z)                       277.82, -535.278, -2425.62
[ DEBUG5 "MyRemoveOverlay"] Mass [GeV]                                                   -7.45e-09
[ DEBUG5 "MyRemoveOverlay"] Charge                                                        0.00e+00
[ DEBUG5 "MyRemoveOverlay"] Parents                                                              1
[ DEBUG5 "MyRemoveOverlay"] Daughters                                                            0
[ DEBUG5 "MyRemoveOverlay"] simulator status bits: [sbvtcls]  s: created in simulation b: backscatter v: vertex is not endpoint of parent t: decayed in tracker c: decayed in calorimeter l: has left detector s: stopped o: overlay
[ DEBUG5 "MyRemoveOverlay"] [    c s ]
[ DEBUG5 "MyRemoveOverlay"] 
[ DEBUG7 "MyRemoveOverlay"] 		********** PFO AT INDEX 70 IS NOT OVERLAY **********
[ DEBUG8 "MyRemoveOverlay"] 
[ DEBUG8 "MyRemoveOverlay"] 		-------------------------------------------------------
[ DEBUG8 "MyRemoveOverlay"] 		Processing PFO at index 71
[ DEBUG5 "MyRemoveOverlay"] ------------------ ReconstructedParticle -----------------------------
[ DEBUG5 "MyRemoveOverlay"] Id                                                             0x11596
[ DEBUG5 "MyRemoveOverlay"] Compound                                                             0
[ DEBUG5 "MyRemoveOverlay"] Type                                                                22
[ DEBUG5 "MyRemoveOverlay"] Momentum (x,y,z)                       +3.67e-01, +1.76e-01, +1.89e-01
[ DEBUG5 "MyRemoveOverlay"] Mass [GeV]                                                    0.00e+00
[ DEBUG5 "MyRemoveOverlay"] Charge [e]                                                    0.00e+00
[ DEBUG5 "MyRemoveOverlay"] Energy [GeV]                                                  4.49e-01
[ DEBUG5 "MyRemoveOverlay"] ReferencePoint                         +1.78e+03, +8.57e+02, +9.19e+02
[ DEBUG5 "MyRemoveOverlay"] ParticleIDUsed                                                       0
[ DEBUG5 "MyRemoveOverlay"] GoodnessOfPID                                                 0.00e+00
[ DEBUG5 "MyRemoveOverlay"] Covariance p,E:  8.04e-03, 3.86e-03, 1.86e-03, 4.14e-03, 1.99e-03, 
[ DEBUG5 "MyRemoveOverlay"]                  2.15e-03, 9.84e-03, 4.73e-03, 5.07e-03, 1.20e-02
[ DEBUG5 "MyRemoveOverlay"] Particles id:    
[ DEBUG5 "MyRemoveOverlay"] Tracks id:    
[ DEBUG5 "MyRemoveOverlay"] Clusters id:  [00011083]
[ DEBUG5 "MyRemoveOverlay"] Particle ids ( [id], PDG, (type)): 
[ DEBUG5 "MyRemoveOverlay"]                  [00011597], 000000, (000000) 
[ DEBUG5 "MyRemoveOverlay"]                  [00011598], 000000, (000000) 
[ DEBUG5 "MyRemoveOverlay"]                  [00011599], 000000, (000000) 
[ DEBUG5 "MyRemoveOverlay"]                  [00011600], 000000, (000000) 
[ DEBUG5 "MyRemoveOverlay"] 
[ DEBUG5 "MyRemoveOverlay"] 
[ DEBUG6 "MyRemoveOverlay"] 		Cluster is not linked to a MCParticle
[ DEBUG7 "MyRemoveOverlay"] 		********** PFO AT INDEX 71 IS NOT OVERLAY **********
[ DEBUG8 "MyRemoveOverlay"] 
[ DEBUG8 "MyRemoveOverlay"] 		-------------------------------------------------------
[ DEBUG8 "MyRemoveOverlay"] 		Processing PFO at index 72
[ DEBUG5 "MyRemoveOverlay"] ------------------ ReconstructedParticle -----------------------------
[ DEBUG5 "MyRemoveOverlay"] Id                                                             0x11601
[ DEBUG5 "MyRemoveOverlay"] Compound                                                             0
[ DEBUG5 "MyRemoveOverlay"] Type                                                                22
[ DEBUG5 "MyRemoveOverlay"] Momentum (x,y,z)                       -1.52e+00, -6.13e+00, +5.48e+00
[ DEBUG5 "MyRemoveOverlay"] Mass [GeV]                                                    0.00e+00
[ DEBUG5 "MyRemoveOverlay"] Charge [e]                                                    0.00e+00
[ DEBUG5 "MyRemoveOverlay"] Energy [GeV]                                                  8.36e+00
[ DEBUG5 "MyRemoveOverlay"] ReferencePoint                         -4.63e+02, -1.87e+03, +1.67e+03
[ DEBUG5 "MyRemoveOverlay"] ParticleIDUsed                                                       0
[ DEBUG5 "MyRemoveOverlay"] GoodnessOfPID                                                 0.00e+00
[ DEBUG5 "MyRemoveOverlay"] Covariance p,E:  8.21e-03, 3.30e-02, 1.33e-01, -2.96e-02, -1.19e-01, 
[ DEBUG5 "MyRemoveOverlay"]                  1.07e-01, -4.51e-02, -1.82e-01, 1.63e-01, 2.48e-01
[ DEBUG5 "MyRemoveOverlay"] Particles id:    
[ DEBUG5 "MyRemoveOverlay"] Tracks id:    
[ DEBUG5 "MyRemoveOverlay"] Clusters id:  [00011084]
[ DEBUG5 "MyRemoveOverlay"] Particle ids ( [id], PDG, (type)): 
[ DEBUG5 "MyRemoveOverlay"]                  [00011602], 000000, (000000) 
[ DEBUG5 "MyRemoveOverlay"]                  [00011603], 000000, (000000) 
[ DEBUG5 "MyRemoveOverlay"]                  [00011604], 000000, (000000) 
[ DEBUG5 "MyRemoveOverlay"]                  [00011605], 000000, (000000) 
[ DEBUG5 "MyRemoveOverlay"] 
[ DEBUG5 "MyRemoveOverlay"] 
[ DEBUG0 "MyRemoveOverlay"] 	MCParticle at index: 0 has PDG: 22 and MCParticle to Cluster link weight is 9.91e-01
[ DEBUG0 "MyRemoveOverlay"] 	MCParticle at index: 0 with PDG code: 22 has highest link weight to input cluster
[ DEBUG0 "MyRemoveOverlay"] 	Cluster at index: 0 has highest link weight to MCParticle = 9.94e-01
[ DEBUG0 "MyRemoveOverlay"] 	Cluster linked to MCParticle with highest weight
[ DEBUG6 "MyRemoveOverlay"] 		Found a linked MCParticle to cluster
[ DEBUG5 "MyRemoveOverlay"] ----------------------------- MCParticle -----------------------------
[ DEBUG5 "MyRemoveOverlay"] Id                                                                9148
[ DEBUG5 "MyRemoveOverlay"] PDG                                                                 22
[ DEBUG5 "MyRemoveOverlay"] Energy [GeV]                                                  8.49e+00
[ DEBUG5 "MyRemoveOverlay"] Momentum [GeV] (x,y,z)                     -1.54679, -6.22329, 5.56175
[ DEBUG5 "MyRemoveOverlay"] Momentum at Endpoint[GeV] (x,y,z)                                -0, -0, 0
[ DEBUG5 "MyRemoveOverlay"] GeneratorStatus                                                      1
[ DEBUG5 "MyRemoveOverlay"] Vertex [mm] (x,y,z)                       -0.452023, -2.03097, 1.46941
[ DEBUG5 "MyRemoveOverlay"] Endpoint [mm] (x,y,z)                      -451.979, -1818.69, 1625.01
[ DEBUG5 "MyRemoveOverlay"] Mass [GeV]                                                    2.67e-07
[ DEBUG5 "MyRemoveOverlay"] Charge                                                        0.00e+00
[ DEBUG5 "MyRemoveOverlay"] Parents                                                              1
[ DEBUG5 "MyRemoveOverlay"] Daughters                                                            0
[ DEBUG5 "MyRemoveOverlay"] simulator status bits: [sbvtcls]  s: created in simulation b: backscatter v: vertex is not endpoint of parent t: decayed in tracker c: decayed in calorimeter l: has left detector s: stopped o: overlay
[ DEBUG5 "MyRemoveOverlay"] [    c s ]
[ DEBUG5 "MyRemoveOverlay"] 
[ DEBUG7 "MyRemoveOverlay"] 		********** PFO AT INDEX 72 IS NOT OVERLAY **********
[ DEBUG8 "MyRemoveOverlay"] 
[ DEBUG8 "MyRemoveOverlay"] 		-------------------------------------------------------
[ DEBUG8 "MyRemoveOverlay"] 		Processing PFO at index 73
[ DEBUG5 "MyRemoveOverlay"] ------------------ ReconstructedParticle -----------------------------
[ DEBUG5 "MyRemoveOverlay"] Id                                                             0x11606
[ DEBUG5 "MyRemoveOverlay"] Compound                                                             0
[ DEBUG5 "MyRemoveOverlay"] Type                                                              2112
[ DEBUG5 "MyRemoveOverlay"] Momentum (x,y,z)                       +8.31e-01, -3.30e-01, +6.29e-01
[ DEBUG5 "MyRemoveOverlay"] Mass [GeV]                                                    9.40e-01
[ DEBUG5 "MyRemoveOverlay"] Charge [e]                                                    0.00e+00
[ DEBUG5 "MyRemoveOverlay"] Energy [GeV]                                                  1.09e+00
[ DEBUG5 "MyRemoveOverlay"] ReferencePoint                         +1.85e+03, -7.36e+02, +1.40e+03
[ DEBUG5 "MyRemoveOverlay"] ParticleIDUsed                                                       0
[ DEBUG5 "MyRemoveOverlay"] GoodnessOfPID                                                 0.00e+00
[ DEBUG5 "MyRemoveOverlay"] Covariance p,E:  3.97e-01, -1.58e-01, 6.26e-02, 3.00e-01, -1.19e-01, 
[ DEBUG5 "MyRemoveOverlay"]                  2.27e-01, 3.96e-01, -1.57e-01, 2.99e-01, 3.95e-01
[ DEBUG5 "MyRemoveOverlay"] Particles id:    
[ DEBUG5 "MyRemoveOverlay"] Tracks id:    
[ DEBUG5 "MyRemoveOverlay"] Clusters id:  [00011085]
[ DEBUG5 "MyRemoveOverlay"] Particle ids ( [id], PDG, (type)): 
[ DEBUG5 "MyRemoveOverlay"]                  [00011607], 000000, (000000) 
[ DEBUG5 "MyRemoveOverlay"]                  [00011608], 000000, (000000) 
[ DEBUG5 "MyRemoveOverlay"]                  [00011609], 000000, (000000) 
[ DEBUG5 "MyRemoveOverlay"]                  [00011610], 000000, (000000) 
[ DEBUG5 "MyRemoveOverlay"] 
[ DEBUG5 "MyRemoveOverlay"] 
[ DEBUG0 "MyRemoveOverlay"] 	MCParticle at index: 0 has PDG: 22 and MCParticle to Cluster link weight is 1.00e+00
[ DEBUG0 "MyRemoveOverlay"] 	MCParticle at index: 0 with PDG code: 22 has highest link weight to input cluster
[ DEBUG0 "MyRemoveOverlay"] 	Cluster at index: 0 has highest link weight to MCParticle = 9.95e-01
[ DEBUG0 "MyRemoveOverlay"] 	Cluster linked to MCParticle with highest weight
[ DEBUG6 "MyRemoveOverlay"] 		Found a linked MCParticle to cluster
[ DEBUG5 "MyRemoveOverlay"] ----------------------------- MCParticle -----------------------------
[ DEBUG5 "MyRemoveOverlay"] Id                                                                9234
[ DEBUG5 "MyRemoveOverlay"] PDG                                                                 22
[ DEBUG5 "MyRemoveOverlay"] Energy [GeV]                                                  8.59e-01
[ DEBUG5 "MyRemoveOverlay"] Momentum [GeV] (x,y,z)                   0.653237, -0.260714, 0.493781
[ DEBUG5 "MyRemoveOverlay"] Momentum at Endpoint[GeV] (x,y,z)                                 0, -0, 0
[ DEBUG5 "MyRemoveOverlay"] GeneratorStatus                                                      1
[ DEBUG5 "MyRemoveOverlay"] Vertex [mm] (x,y,z)                         6.44455, -3.32001, 4.36158
[ DEBUG5 "MyRemoveOverlay"] Endpoint [mm] (x,y,z)                       1819.74, -727.025, 1375.03
[ DEBUG5 "MyRemoveOverlay"] Mass [GeV]                                                   -2.36e-08
[ DEBUG5 "MyRemoveOverlay"] Charge                                                        0.00e+00
[ DEBUG5 "MyRemoveOverlay"] Parents                                                              1
[ DEBUG5 "MyRemoveOverlay"] Daughters                                                            0
[ DEBUG5 "MyRemoveOverlay"] simulator status bits: [sbvtcls]  s: created in simulation b: backscatter v: vertex is not endpoint of parent t: decayed in tracker c: decayed in calorimeter l: has left detector s: stopped o: overlay
[ DEBUG5 "MyRemoveOverlay"] [    c s ]
[ DEBUG5 "MyRemoveOverlay"] 
[ DEBUG7 "MyRemoveOverlay"] 		********** PFO AT INDEX 73 IS NOT OVERLAY **********
[ DEBUG8 "MyRemoveOverlay"] 
[ DEBUG8 "MyRemoveOverlay"] 		-------------------------------------------------------
[ DEBUG8 "MyRemoveOverlay"] 		Processing PFO at index 74
[ DEBUG5 "MyRemoveOverlay"] ------------------ ReconstructedParticle -----------------------------
[ DEBUG5 "MyRemoveOverlay"] Id                                                             0x11611
[ DEBUG5 "MyRemoveOverlay"] Compound                                                             0
[ DEBUG5 "MyRemoveOverlay"] Type                                                                22
[ DEBUG5 "MyRemoveOverlay"] Momentum (x,y,z)                       +2.62e-01, -2.95e-01, +2.14e-01
[ DEBUG5 "MyRemoveOverlay"] Mass [GeV]                                                    0.00e+00
[ DEBUG5 "MyRemoveOverlay"] Charge [e]                                                    0.00e+00
[ DEBUG5 "MyRemoveOverlay"] Energy [GeV]                                                  4.49e-01
[ DEBUG5 "MyRemoveOverlay"] ReferencePoint                         +1.24e+03, -1.39e+03, +1.01e+03
[ DEBUG5 "MyRemoveOverlay"] ParticleIDUsed                                                       0
[ DEBUG5 "MyRemoveOverlay"] GoodnessOfPID                                                 0.00e+00
[ DEBUG5 "MyRemoveOverlay"] Covariance p,E:  4.34e-03, -4.89e-03, 5.51e-03, 3.55e-03, -3.99e-03, 
[ DEBUG5 "MyRemoveOverlay"]                  2.90e-03, 7.44e-03, -8.38e-03, 6.07e-03, 1.27e-02
[ DEBUG5 "MyRemoveOverlay"] Particles id:    
[ DEBUG5 "MyRemoveOverlay"] Tracks id:    
[ DEBUG5 "MyRemoveOverlay"] Clusters id:  [00011086]
[ DEBUG5 "MyRemoveOverlay"] Particle ids ( [id], PDG, (type)): 
[ DEBUG5 "MyRemoveOverlay"]                  [00011612], 000000, (000000) 
[ DEBUG5 "MyRemoveOverlay"]                  [00011613], 000000, (000000) 
[ DEBUG5 "MyRemoveOverlay"]                  [00011614], 000000, (000000) 
[ DEBUG5 "MyRemoveOverlay"]                  [00011615], 000000, (000000) 
[ DEBUG5 "MyRemoveOverlay"] 
[ DEBUG5 "MyRemoveOverlay"] 
[ DEBUG0 "MyRemoveOverlay"] 	MCParticle at index: 0 has PDG: 22 and MCParticle to Cluster link weight is 1.00e+00
[ DEBUG0 "MyRemoveOverlay"] 	MCParticle at index: 0 with PDG code: 22 has highest link weight to input cluster
[ DEBUG0 "MyRemoveOverlay"] 	Cluster at index: 0 has highest link weight to MCParticle = 1.00e+00
[ DEBUG0 "MyRemoveOverlay"] 	Cluster linked to MCParticle with highest weight
[ DEBUG6 "MyRemoveOverlay"] 		Found a linked MCParticle to cluster
[ DEBUG5 "MyRemoveOverlay"] ----------------------------- MCParticle -----------------------------
[ DEBUG5 "MyRemoveOverlay"] Id                                                                9208
[ DEBUG5 "MyRemoveOverlay"] PDG                                                                 22
[ DEBUG5 "MyRemoveOverlay"] Energy [GeV]                                                  4.49e-01
[ DEBUG5 "MyRemoveOverlay"] Momentum [GeV] (x,y,z)                   0.261773, -0.294549, 0.214933
[ DEBUG5 "MyRemoveOverlay"] Momentum at Endpoint[GeV] (x,y,z)                                 0, -0, 0
[ DEBUG5 "MyRemoveOverlay"] GeneratorStatus                                                      1
[ DEBUG5 "MyRemoveOverlay"] Vertex [mm] (x,y,z)               2.47265e-05, -3.00184e-05, -0.112525
[ DEBUG5 "MyRemoveOverlay"] Endpoint [mm] (x,y,z)                       1218.87, -1371.49, 1000.67
[ DEBUG5 "MyRemoveOverlay"] Mass [GeV]                                                    1.05e-08
[ DEBUG5 "MyRemoveOverlay"] Charge                                                        0.00e+00
[ DEBUG5 "MyRemoveOverlay"] Parents                                                              1
[ DEBUG5 "MyRemoveOverlay"] Daughters                                                            0
[ DEBUG5 "MyRemoveOverlay"] simulator status bits: [sbvtcls]  s: created in simulation b: backscatter v: vertex is not endpoint of parent t: decayed in tracker c: decayed in calorimeter l: has left detector s: stopped o: overlay
[ DEBUG5 "MyRemoveOverlay"] [    c s ]
[ DEBUG5 "MyRemoveOverlay"] 
[ DEBUG7 "MyRemoveOverlay"] 		********** PFO AT INDEX 74 IS NOT OVERLAY **********
[ DEBUG8 "MyRemoveOverlay"] 
[ DEBUG8 "MyRemoveOverlay"] 		-------------------------------------------------------
[ DEBUG8 "MyRemoveOverlay"] 		Processing PFO at index 75
[ DEBUG5 "MyRemoveOverlay"] ------------------ ReconstructedParticle -----------------------------
[ DEBUG5 "MyRemoveOverlay"] Id                                                             0x11616
[ DEBUG5 "MyRemoveOverlay"] Compound                                                             0
[ DEBUG5 "MyRemoveOverlay"] Type                                                              2112
[ DEBUG5 "MyRemoveOverlay"] Momentum (x,y,z)                       +7.84e-01, -1.31e+00, +1.94e+00
[ DEBUG5 "MyRemoveOverlay"] Mass [GeV]                                                    9.40e-01
[ DEBUG5 "MyRemoveOverlay"] Charge [e]                                                    0.00e+00
[ DEBUG5 "MyRemoveOverlay"] Energy [GeV]                                                  2.46e+00
[ DEBUG5 "MyRemoveOverlay"] ReferencePoint                         +1.01e+03, -1.69e+03, +2.51e+03
[ DEBUG5 "MyRemoveOverlay"] ParticleIDUsed                                                       0
[ DEBUG5 "MyRemoveOverlay"] GoodnessOfPID                                                 0.00e+00
[ DEBUG5 "MyRemoveOverlay"] Covariance p,E:  1.03e-01, -1.72e-01, 2.87e-01, 2.56e-01, -4.26e-01, 
[ DEBUG5 "MyRemoveOverlay"]                  6.31e-01, 3.04e-01, -5.06e-01, 7.50e-01, 8.92e-01
[ DEBUG5 "MyRemoveOverlay"] Particles id:    
[ DEBUG5 "MyRemoveOverlay"] Tracks id:    
[ DEBUG5 "MyRemoveOverlay"] Clusters id:  [00011087]
[ DEBUG5 "MyRemoveOverlay"] Particle ids ( [id], PDG, (type)): 
[ DEBUG5 "MyRemoveOverlay"]                  [00011617], 000000, (000000) 
[ DEBUG5 "MyRemoveOverlay"]                  [00011618], 000000, (000000) 
[ DEBUG5 "MyRemoveOverlay"]                  [00011619], 000000, (000000) 
[ DEBUG5 "MyRemoveOverlay"]                  [00011620], 000000, (000000) 
[ DEBUG5 "MyRemoveOverlay"] 
[ DEBUG5 "MyRemoveOverlay"] 
[ DEBUG6 "MyRemoveOverlay"] 		Cluster is not linked to a MCParticle
[ DEBUG7 "MyRemoveOverlay"] 		********** PFO AT INDEX 75 IS NOT OVERLAY **********
[ DEBUG8 "MyRemoveOverlay"] 
[ DEBUG8 "MyRemoveOverlay"] 		-------------------------------------------------------
[ DEBUG8 "MyRemoveOverlay"] 		Processing PFO at index 76
[ DEBUG5 "MyRemoveOverlay"] ------------------ ReconstructedParticle -----------------------------
[ DEBUG5 "MyRemoveOverlay"] Id                                                             0x11621
[ DEBUG5 "MyRemoveOverlay"] Compound                                                             0
[ DEBUG5 "MyRemoveOverlay"] Type                                                                22
[ DEBUG5 "MyRemoveOverlay"] Momentum (x,y,z)                       +4.88e-01, +2.96e-01, +4.20e-02
[ DEBUG5 "MyRemoveOverlay"] Mass [GeV]                                                    0.00e+00
[ DEBUG5 "MyRemoveOverlay"] Charge [e]                                                    0.00e+00
[ DEBUG5 "MyRemoveOverlay"] Energy [GeV]                                                  5.73e-01
[ DEBUG5 "MyRemoveOverlay"] ReferencePoint                         +1.67e+03, +1.01e+03, +1.43e+02
[ DEBUG5 "MyRemoveOverlay"] ParticleIDUsed                                                       0
[ DEBUG5 "MyRemoveOverlay"] GoodnessOfPID                                                 0.00e+00
[ DEBUG5 "MyRemoveOverlay"] Covariance p,E:  1.18e-02, 7.19e-03, 4.37e-03, 1.02e-03, 6.21e-04, 
[ DEBUG5 "MyRemoveOverlay"]                  9.99e-05, 1.39e-02, 8.44e-03, 1.20e-03, 1.63e-02
[ DEBUG5 "MyRemoveOverlay"] Particles id:    
[ DEBUG5 "MyRemoveOverlay"] Tracks id:    
[ DEBUG5 "MyRemoveOverlay"] Clusters id:  [00011088]
[ DEBUG5 "MyRemoveOverlay"] Particle ids ( [id], PDG, (type)): 
[ DEBUG5 "MyRemoveOverlay"]                  [00011622], 000000, (000000) 
[ DEBUG5 "MyRemoveOverlay"]                  [00011623], 000000, (000000) 
[ DEBUG5 "MyRemoveOverlay"]                  [00011624], 000000, (000000) 
[ DEBUG5 "MyRemoveOverlay"]                  [00011625], 000000, (000000) 
[ DEBUG5 "MyRemoveOverlay"] 
[ DEBUG5 "MyRemoveOverlay"] 
[ DEBUG0 "MyRemoveOverlay"] 	MCParticle at index: 0 has PDG: 22 and MCParticle to Cluster link weight is 9.47e-01
[ DEBUG0 "MyRemoveOverlay"] 	MCParticle at index: 0 with PDG code: 22 has highest link weight to input cluster
[ DEBUG0 "MyRemoveOverlay"] 	Cluster at index: 0 has highest link weight to MCParticle = 1.00e+00
[ DEBUG0 "MyRemoveOverlay"] 	Cluster linked to MCParticle with highest weight
[ DEBUG6 "MyRemoveOverlay"] 		Found a linked MCParticle to cluster
[ DEBUG5 "MyRemoveOverlay"] ----------------------------- MCParticle -----------------------------
[ DEBUG5 "MyRemoveOverlay"] Id                                                                9334
[ DEBUG5 "MyRemoveOverlay"] PDG                                                                 22
[ DEBUG5 "MyRemoveOverlay"] Energy [GeV]                                                  2.84e-01
[ DEBUG5 "MyRemoveOverlay"] Momentum [GeV] (x,y,z)                  0.214469, 0.182145, -0.0374602
[ DEBUG5 "MyRemoveOverlay"] Momentum at Endpoint[GeV] (x,y,z)                                 0, 0, -0
[ DEBUG5 "MyRemoveOverlay"] GeneratorStatus                                                      0
[ DEBUG5 "MyRemoveOverlay"] Vertex [mm] (x,y,z)                         175.266, -246.718, 394.192
[ DEBUG5 "MyRemoveOverlay"] Endpoint [mm] (x,y,z)                        1624.89, 984.427, 140.993
[ DEBUG5 "MyRemoveOverlay"] Mass [GeV]                                                    0.00e+00
[ DEBUG5 "MyRemoveOverlay"] Charge                                                        0.00e+00
[ DEBUG5 "MyRemoveOverlay"] Parents                                                              1
[ DEBUG5 "MyRemoveOverlay"] Daughters                                                            0
[ DEBUG5 "MyRemoveOverlay"] simulator status bits: [sbvtcls]  s: created in simulation b: backscatter v: vertex is not endpoint of parent t: decayed in tracker c: decayed in calorimeter l: has left detector s: stopped o: overlay
[ DEBUG5 "MyRemoveOverlay"] [s   c s ]
[ DEBUG5 "MyRemoveOverlay"] 
[ DEBUG7 "MyRemoveOverlay"] 		********** PFO AT INDEX 76 IS NOT OVERLAY **********
[ DEBUG8 "MyRemoveOverlay"] 
[ DEBUG8 "MyRemoveOverlay"] 		-------------------------------------------------------
[ DEBUG8 "MyRemoveOverlay"] 		Processing PFO at index 77
[ DEBUG5 "MyRemoveOverlay"] ------------------ ReconstructedParticle -----------------------------
[ DEBUG5 "MyRemoveOverlay"] Id                                                             0x11626
[ DEBUG5 "MyRemoveOverlay"] Compound                                                             0
[ DEBUG5 "MyRemoveOverlay"] Type                                                                22
[ DEBUG5 "MyRemoveOverlay"] Momentum (x,y,z)                       +3.98e-02, +9.88e-03, -2.39e-01
[ DEBUG5 "MyRemoveOverlay"] Mass [GeV]                                                    0.00e+00
[ DEBUG5 "MyRemoveOverlay"] Charge [e]                                                    0.00e+00
[ DEBUG5 "MyRemoveOverlay"] Energy [GeV]                                                  2.43e-01
[ DEBUG5 "MyRemoveOverlay"] ReferencePoint                         +4.14e+02, +1.03e+02, -2.49e+03
[ DEBUG5 "MyRemoveOverlay"] ParticleIDUsed                                                       0
[ DEBUG5 "MyRemoveOverlay"] GoodnessOfPID                                                 0.00e+00
[ DEBUG5 "MyRemoveOverlay"] Covariance p,E:  1.85e-04, 4.59e-05, 1.15e-05, -1.11e-03, -2.76e-04, 
[ DEBUG5 "MyRemoveOverlay"]                  6.69e-03, 1.13e-03, 2.80e-04, -6.78e-03, 6.88e-03
[ DEBUG5 "MyRemoveOverlay"] Particles id:    
[ DEBUG5 "MyRemoveOverlay"] Tracks id:    
[ DEBUG5 "MyRemoveOverlay"] Clusters id:  [00011089]
[ DEBUG5 "MyRemoveOverlay"] Particle ids ( [id], PDG, (type)): 
[ DEBUG5 "MyRemoveOverlay"]                  [00011627], 000000, (000000) 
[ DEBUG5 "MyRemoveOverlay"]                  [00011628], 000000, (000000) 
[ DEBUG5 "MyRemoveOverlay"]                  [00011629], 000000, (000000) 
[ DEBUG5 "MyRemoveOverlay"]                  [00011630], 000000, (000000) 
[ DEBUG5 "MyRemoveOverlay"] 
[ DEBUG5 "MyRemoveOverlay"] 
[ DEBUG0 "MyRemoveOverlay"] 	MCParticle at index: 0 has PDG: 22 and MCParticle to Cluster link weight is 1.00e+00
[ DEBUG0 "MyRemoveOverlay"] 	MCParticle at index: 0 with PDG code: 22 has highest link weight to input cluster
[ DEBUG0 "MyRemoveOverlay"] 	Cluster at index: 0 has highest link weight to MCParticle = 1.00e+00
[ DEBUG0 "MyRemoveOverlay"] 	Cluster linked to MCParticle with highest weight
[ DEBUG6 "MyRemoveOverlay"] 		Found a linked MCParticle to cluster
[ DEBUG5 "MyRemoveOverlay"] ----------------------------- MCParticle -----------------------------
[ DEBUG5 "MyRemoveOverlay"] Id                                                                9304
[ DEBUG5 "MyRemoveOverlay"] PDG                                                                 22
[ DEBUG5 "MyRemoveOverlay"] Energy [GeV]                                                  2.08e-01
[ DEBUG5 "MyRemoveOverlay"] Momentum [GeV] (x,y,z)                -0.0109579, 0.0225084, -0.206065
[ DEBUG5 "MyRemoveOverlay"] Momentum at Endpoint[GeV] (x,y,z)                                -0, 0, -0
[ DEBUG5 "MyRemoveOverlay"] GeneratorStatus                                                      0
[ DEBUG5 "MyRemoveOverlay"] Vertex [mm] (x,y,z)                        503.028, -67.9507, -940.194
[ DEBUG5 "MyRemoveOverlay"] Endpoint [mm] (x,y,z)                       424.016, 94.3485, -2426.05
[ DEBUG5 "MyRemoveOverlay"] Mass [GeV]                                                    0.00e+00
[ DEBUG5 "MyRemoveOverlay"] Charge                                                        0.00e+00
[ DEBUG5 "MyRemoveOverlay"] Parents                                                              1
[ DEBUG5 "MyRemoveOverlay"] Daughters                                                            0
[ DEBUG5 "MyRemoveOverlay"] simulator status bits: [sbvtcls]  s: created in simulation b: backscatter v: vertex is not endpoint of parent t: decayed in tracker c: decayed in calorimeter l: has left detector s: stopped o: overlay
[ DEBUG5 "MyRemoveOverlay"] [s   c s ]
[ DEBUG5 "MyRemoveOverlay"] 
[ DEBUG7 "MyRemoveOverlay"] 		********** PFO AT INDEX 77 IS NOT OVERLAY **********
[ DEBUG8 "MyRemoveOverlay"] 
[ DEBUG8 "MyRemoveOverlay"] 		-------------------------------------------------------
[ DEBUG8 "MyRemoveOverlay"] 		Processing PFO at index 78
[ DEBUG5 "MyRemoveOverlay"] ------------------ ReconstructedParticle -----------------------------
[ DEBUG5 "MyRemoveOverlay"] Id                                                             0x11631
[ DEBUG5 "MyRemoveOverlay"] Compound                                                             0
[ DEBUG5 "MyRemoveOverlay"] Type                                                                22
[ DEBUG5 "MyRemoveOverlay"] Momentum (x,y,z)                       -2.10e-02, +2.33e-02, -5.85e-02
[ DEBUG5 "MyRemoveOverlay"] Mass [GeV]                                                    0.00e+00
[ DEBUG5 "MyRemoveOverlay"] Charge [e]                                                    0.00e+00
[ DEBUG5 "MyRemoveOverlay"] Energy [GeV]                                                  6.64e-02
[ DEBUG5 "MyRemoveOverlay"] ReferencePoint                         -8.95e+02, +9.88e+02, -2.49e+03
[ DEBUG5 "MyRemoveOverlay"] ParticleIDUsed                                                       0
[ DEBUG5 "MyRemoveOverlay"] GoodnessOfPID                                                 0.00e+00
[ DEBUG5 "MyRemoveOverlay"] Covariance p,E:  1.83e-04, -2.02e-04, 2.24e-04, 5.09e-04, -5.63e-04, 
[ DEBUG5 "MyRemoveOverlay"]                  1.42e-03, -5.78e-04, 6.38e-04, -1.61e-03, 1.82e-03
[ DEBUG5 "MyRemoveOverlay"] Particles id:    
[ DEBUG5 "MyRemoveOverlay"] Tracks id:    
[ DEBUG5 "MyRemoveOverlay"] Clusters id:  [00011090]
[ DEBUG5 "MyRemoveOverlay"] Particle ids ( [id], PDG, (type)): 
[ DEBUG5 "MyRemoveOverlay"]                  [00011632], 000000, (000000) 
[ DEBUG5 "MyRemoveOverlay"]                  [00011633], 000000, (000000) 
[ DEBUG5 "MyRemoveOverlay"]                  [00011634], 000000, (000000) 
[ DEBUG5 "MyRemoveOverlay"]                  [00011635], 000000, (000000) 
[ DEBUG5 "MyRemoveOverlay"] 
[ DEBUG5 "MyRemoveOverlay"] 
[ DEBUG6 "MyRemoveOverlay"] 		Cluster is not linked to a MCParticle
[ DEBUG7 "MyRemoveOverlay"] 		********** PFO AT INDEX 78 IS NOT OVERLAY **********
[ DEBUG8 "MyRemoveOverlay"] 
[ DEBUG8 "MyRemoveOverlay"] 		-------------------------------------------------------
[ DEBUG8 "MyRemoveOverlay"] 		Processing PFO at index 79
[ DEBUG5 "MyRemoveOverlay"] ------------------ ReconstructedParticle -----------------------------
[ DEBUG5 "MyRemoveOverlay"] Id                                                             0x11636
[ DEBUG5 "MyRemoveOverlay"] Compound                                                             0
[ DEBUG5 "MyRemoveOverlay"] Type                                                                22
[ DEBUG5 "MyRemoveOverlay"] Momentum (x,y,z)                       +2.02e-01, -1.37e-01, +2.26e-01
[ DEBUG5 "MyRemoveOverlay"] Mass [GeV]                                                    0.00e+00
[ DEBUG5 "MyRemoveOverlay"] Charge [e]                                                    0.00e+00
[ DEBUG5 "MyRemoveOverlay"] Energy [GeV]                                                  3.33e-01
[ DEBUG5 "MyRemoveOverlay"] ReferencePoint                         +1.60e+03, -1.08e+03, +1.78e+03
[ DEBUG5 "MyRemoveOverlay"] ParticleIDUsed                                                       0
[ DEBUG5 "MyRemoveOverlay"] GoodnessOfPID                                                 0.00e+00
[ DEBUG5 "MyRemoveOverlay"] Covariance p,E:  3.49e-03, -2.36e-03, 1.60e-03, 3.89e-03, -2.63e-03, 
[ DEBUG5 "MyRemoveOverlay"]                  4.35e-03, 5.73e-03, -3.88e-03, 6.40e-03, 9.43e-03
[ DEBUG5 "MyRemoveOverlay"] Particles id:    
[ DEBUG5 "MyRemoveOverlay"] Tracks id:    
[ DEBUG5 "MyRemoveOverlay"] Clusters id:  [00011091]
[ DEBUG5 "MyRemoveOverlay"] Particle ids ( [id], PDG, (type)): 
[ DEBUG5 "MyRemoveOverlay"] 
[ DEBUG5 "MyRemoveOverlay"] 
[ DEBUG0 "MyRemoveOverlay"] 	MCParticle at index: 0 has PDG: -211 and MCParticle to Cluster link weight is 1.00e+00
[ DEBUG0 "MyRemoveOverlay"] 	MCParticle at index: 0 with PDG code: -211 has highest link weight to input cluster
[ DEBUG6 "MyRemoveOverlay"] 		Cluster is not linked to a MCParticle
[ DEBUG7 "MyRemoveOverlay"] 		********** PFO AT INDEX 79 IS NOT OVERLAY **********
[ DEBUG8 "MyRemoveOverlay"] 
[ DEBUG8 "MyRemoveOverlay"] 		-------------------------------------------------------
[ DEBUG8 "MyRemoveOverlay"] 		Processing PFO at index 80
[ DEBUG5 "MyRemoveOverlay"] ------------------ ReconstructedParticle -----------------------------
[ DEBUG5 "MyRemoveOverlay"] Id                                                             0x11637
[ DEBUG5 "MyRemoveOverlay"] Compound                                                             0
[ DEBUG5 "MyRemoveOverlay"] Type                                                                22
[ DEBUG5 "MyRemoveOverlay"] Momentum (x,y,z)                       +3.44e+00, -1.87e+00, +2.59e+00
[ DEBUG5 "MyRemoveOverlay"] Mass [GeV]                                                    0.00e+00
[ DEBUG5 "MyRemoveOverlay"] Charge [e]                                                    0.00e+00
[ DEBUG5 "MyRemoveOverlay"] Energy [GeV]                                                  4.70e+00
[ DEBUG5 "MyRemoveOverlay"] ReferencePoint                         +1.70e+03, -9.25e+02, +1.28e+03
[ DEBUG5 "MyRemoveOverlay"] ParticleIDUsed                                                       0
[ DEBUG5 "MyRemoveOverlay"] GoodnessOfPID                                                 0.00e+00
[ DEBUG5 "MyRemoveOverlay"] Covariance p,E:  7.38e-02, -4.02e-02, 2.19e-02, 5.55e-02, -3.02e-02, 
[ DEBUG5 "MyRemoveOverlay"]                  4.17e-02, 1.01e-01, -5.48e-02, 7.57e-02, 1.37e-01
[ DEBUG5 "MyRemoveOverlay"] Particles id:    
[ DEBUG5 "MyRemoveOverlay"] Tracks id:    
[ DEBUG5 "MyRemoveOverlay"] Clusters id:  [00011092]
[ DEBUG5 "MyRemoveOverlay"] Particle ids ( [id], PDG, (type)): 
[ DEBUG5 "MyRemoveOverlay"]                  [00011638], 000000, (000000) 
[ DEBUG5 "MyRemoveOverlay"]                  [00011639], 000000, (000000) 
[ DEBUG5 "MyRemoveOverlay"]                  [00011640], 000000, (000000) 
[ DEBUG5 "MyRemoveOverlay"]                  [00011641], 000000, (000000) 
[ DEBUG5 "MyRemoveOverlay"] 
[ DEBUG5 "MyRemoveOverlay"] 
[ DEBUG0 "MyRemoveOverlay"] 	MCParticle at index: 1 has PDG: 22 and MCParticle to Cluster link weight is 9.98e-01
[ DEBUG0 "MyRemoveOverlay"] 	MCParticle at index: 1 with PDG code: 22 has highest link weight to input cluster
[ DEBUG0 "MyRemoveOverlay"] 	Cluster at index: 1 has highest link weight to MCParticle = 9.93e-01
[ DEBUG0 "MyRemoveOverlay"] 	Cluster linked to MCParticle with highest weight
[ DEBUG6 "MyRemoveOverlay"] 		Found a linked MCParticle to cluster
[ DEBUG5 "MyRemoveOverlay"] ----------------------------- MCParticle -----------------------------
[ DEBUG5 "MyRemoveOverlay"] Id                                                                9337
[ DEBUG5 "MyRemoveOverlay"] PDG                                                                 22
[ DEBUG5 "MyRemoveOverlay"] Energy [GeV]                                                  4.88e+00
[ DEBUG5 "MyRemoveOverlay"] Momentum [GeV] (x,y,z)                      3.56042, -1.95634, 2.71211
[ DEBUG5 "MyRemoveOverlay"] Momentum at Endpoint[GeV] (x,y,z)                                 0, -0, 0
[ DEBUG5 "MyRemoveOverlay"] GeneratorStatus                                                      0
[ DEBUG5 "MyRemoveOverlay"] Vertex [mm] (x,y,z)                         317.321, -165.666, 222.897
[ DEBUG5 "MyRemoveOverlay"] Endpoint [mm] (x,y,z)                       1654.23, -900.253, 1241.27
[ DEBUG5 "MyRemoveOverlay"] Mass [GeV]                                                    0.00e+00
[ DEBUG5 "MyRemoveOverlay"] Charge                                                        0.00e+00
[ DEBUG5 "MyRemoveOverlay"] Parents                                                              1
[ DEBUG5 "MyRemoveOverlay"] Daughters                                                            0
[ DEBUG5 "MyRemoveOverlay"] simulator status bits: [sbvtcls]  s: created in simulation b: backscatter v: vertex is not endpoint of parent t: decayed in tracker c: decayed in calorimeter l: has left detector s: stopped o: overlay
[ DEBUG5 "MyRemoveOverlay"] [s   c s ]
[ DEBUG5 "MyRemoveOverlay"] 
[ DEBUG7 "MyRemoveOverlay"] 		********** PFO AT INDEX 80 IS NOT OVERLAY **********
[ DEBUG8 "MyRemoveOverlay"] 
[ DEBUG8 "MyRemoveOverlay"] 		-------------------------------------------------------
[ DEBUG8 "MyRemoveOverlay"] 		Processing PFO at index 81
[ DEBUG5 "MyRemoveOverlay"] ------------------ ReconstructedParticle -----------------------------
[ DEBUG5 "MyRemoveOverlay"] Id                                                             0x11642
[ DEBUG5 "MyRemoveOverlay"] Compound                                                             0
[ DEBUG5 "MyRemoveOverlay"] Type                                                                22
[ DEBUG5 "MyRemoveOverlay"] Momentum (x,y,z)                       -8.93e-01, -4.00e-01, -2.29e-02
[ DEBUG5 "MyRemoveOverlay"] Mass [GeV]                                                    0.00e+00
[ DEBUG5 "MyRemoveOverlay"] Charge [e]                                                    0.00e+00
[ DEBUG5 "MyRemoveOverlay"] Energy [GeV]                                                  9.79e-01
[ DEBUG5 "MyRemoveOverlay"] ReferencePoint                         -1.83e+03, -8.21e+02, -4.72e+01
[ DEBUG5 "MyRemoveOverlay"] ParticleIDUsed                                                       0
[ DEBUG5 "MyRemoveOverlay"] GoodnessOfPID                                                 0.00e+00
[ DEBUG5 "MyRemoveOverlay"] Covariance p,E:  2.12e-02, 9.48e-03, 4.27e-03, 5.64e-04, 1.86e-04, 
[ DEBUG5 "MyRemoveOverlay"]                  2.86e-04, -2.32e-02, -1.04e-02, -5.97e-04, 2.54e-02
[ DEBUG5 "MyRemoveOverlay"] Particles id:    
[ DEBUG5 "MyRemoveOverlay"] Tracks id:    
[ DEBUG5 "MyRemoveOverlay"] Clusters id:  [00011093]
[ DEBUG5 "MyRemoveOverlay"] Particle ids ( [id], PDG, (type)): 
[ DEBUG5 "MyRemoveOverlay"]                  [00011643], 000000, (000000) 
[ DEBUG5 "MyRemoveOverlay"]                  [00011644], 000000, (000000) 
[ DEBUG5 "MyRemoveOverlay"]                  [00011645], 000000, (000000) 
[ DEBUG5 "MyRemoveOverlay"]                  [00011646], 000000, (000000) 
[ DEBUG5 "MyRemoveOverlay"] 
[ DEBUG5 "MyRemoveOverlay"] 
[ DEBUG6 "MyRemoveOverlay"] 		Cluster is not linked to a MCParticle
[ DEBUG7 "MyRemoveOverlay"] 		********** PFO AT INDEX 81 IS NOT OVERLAY **********
[ DEBUG8 "MyRemoveOverlay"] 
[ DEBUG8 "MyRemoveOverlay"] 		-------------------------------------------------------
[ DEBUG8 "MyRemoveOverlay"] 		Processing PFO at index 82
[ DEBUG5 "MyRemoveOverlay"] ------------------ ReconstructedParticle -----------------------------
[ DEBUG5 "MyRemoveOverlay"] Id                                                             0x11647
[ DEBUG5 "MyRemoveOverlay"] Compound                                                             0
[ DEBUG5 "MyRemoveOverlay"] Type                                                                22
[ DEBUG5 "MyRemoveOverlay"] Momentum (x,y,z)                       +3.13e-01, -1.47e-01, +2.04e-01
[ DEBUG5 "MyRemoveOverlay"] Mass [GeV]                                                    0.00e+00
[ DEBUG5 "MyRemoveOverlay"] Charge [e]                                                    0.00e+00
[ DEBUG5 "MyRemoveOverlay"] Energy [GeV]                                                  4.02e-01
[ DEBUG5 "MyRemoveOverlay"] ReferencePoint                         +1.77e+03, -8.32e+02, +1.15e+03
[ DEBUG5 "MyRemoveOverlay"] ParticleIDUsed                                                       0
[ DEBUG5 "MyRemoveOverlay"] GoodnessOfPID                                                 0.00e+00
[ DEBUG5 "MyRemoveOverlay"] Covariance p,E:  6.94e-03, -3.26e-03, 1.53e-03, 4.51e-03, -2.12e-03, 
[ DEBUG5 "MyRemoveOverlay"]                  2.93e-03, 8.89e-03, -4.18e-03, 5.78e-03, 1.14e-02
[ DEBUG5 "MyRemoveOverlay"] Particles id:    
[ DEBUG5 "MyRemoveOverlay"] Tracks id:    
[ DEBUG5 "MyRemoveOverlay"] Clusters id:  [00011094]
[ DEBUG5 "MyRemoveOverlay"] Particle ids ( [id], PDG, (type)): 
[ DEBUG5 "MyRemoveOverlay"]                  [00011648], 000000, (000000) 
[ DEBUG5 "MyRemoveOverlay"]                  [00011649], 000000, (000000) 
[ DEBUG5 "MyRemoveOverlay"]                  [00011650], 000000, (000000) 
[ DEBUG5 "MyRemoveOverlay"]                  [00011651], 000000, (000000) 
[ DEBUG5 "MyRemoveOverlay"] 
[ DEBUG5 "MyRemoveOverlay"] 
[ DEBUG0 "MyRemoveOverlay"] 	MCParticle at index: 0 has PDG: 22 and MCParticle to Cluster link weight is 1.00e+00
[ DEBUG0 "MyRemoveOverlay"] 	MCParticle at index: 0 with PDG code: 22 has highest link weight to input cluster
[ DEBUG0 "MyRemoveOverlay"] 	Cluster at index: 0 has highest link weight to MCParticle = 1.00e+00
[ DEBUG0 "MyRemoveOverlay"] 	Cluster linked to MCParticle with highest weight
[ DEBUG6 "MyRemoveOverlay"] 		Found a linked MCParticle to cluster
[ DEBUG5 "MyRemoveOverlay"] ----------------------------- MCParticle -----------------------------
[ DEBUG5 "MyRemoveOverlay"] Id                                                                9338
[ DEBUG5 "MyRemoveOverlay"] PDG                                                                 22
[ DEBUG5 "MyRemoveOverlay"] Energy [GeV]                                                  4.75e-01
[ DEBUG5 "MyRemoveOverlay"] Momentum [GeV] (x,y,z)                   0.373725, -0.170133, 0.239013
[ DEBUG5 "MyRemoveOverlay"] Momentum at Endpoint[GeV] (x,y,z)                                 0, -0, 0
[ DEBUG5 "MyRemoveOverlay"] GeneratorStatus                                                      0
[ DEBUG5 "MyRemoveOverlay"] Vertex [mm] (x,y,z)                         317.321, -165.666, 222.897
[ DEBUG5 "MyRemoveOverlay"] Endpoint [mm] (x,y,z)                       1740.92, -813.741, 1133.35
[ DEBUG5 "MyRemoveOverlay"] Mass [GeV]                                                    0.00e+00
[ DEBUG5 "MyRemoveOverlay"] Charge                                                        0.00e+00
[ DEBUG5 "MyRemoveOverlay"] Parents                                                              1
[ DEBUG5 "MyRemoveOverlay"] Daughters                                                            0
[ DEBUG5 "MyRemoveOverlay"] simulator status bits: [sbvtcls]  s: created in simulation b: backscatter v: vertex is not endpoint of parent t: decayed in tracker c: decayed in calorimeter l: has left detector s: stopped o: overlay
[ DEBUG5 "MyRemoveOverlay"] [s   c s ]
[ DEBUG5 "MyRemoveOverlay"] 
[ DEBUG7 "MyRemoveOverlay"] 		********** PFO AT INDEX 82 IS NOT OVERLAY **********
[ DEBUG8 "MyRemoveOverlay"] 
[ DEBUG8 "MyRemoveOverlay"] 		-------------------------------------------------------
[ DEBUG8 "MyRemoveOverlay"] 		Processing PFO at index 83
[ DEBUG5 "MyRemoveOverlay"] ------------------ ReconstructedParticle -----------------------------
[ DEBUG5 "MyRemoveOverlay"] Id                                                             0x11652
[ DEBUG5 "MyRemoveOverlay"] Compound                                                             0
[ DEBUG5 "MyRemoveOverlay"] Type                                                                22
[ DEBUG5 "MyRemoveOverlay"] Momentum (x,y,z)                       -6.75e-02, -1.36e-01, +4.29e-01
[ DEBUG5 "MyRemoveOverlay"] Mass [GeV]                                                    0.00e+00
[ DEBUG5 "MyRemoveOverlay"] Charge [e]                                                    0.00e+00
[ DEBUG5 "MyRemoveOverlay"] Energy [GeV]                                                  4.55e-01
[ DEBUG5 "MyRemoveOverlay"] ReferencePoint                         -3.82e+02, -7.72e+02, +2.43e+03
[ DEBUG5 "MyRemoveOverlay"] ParticleIDUsed                                                       0
[ DEBUG5 "MyRemoveOverlay"] GoodnessOfPID                                                 0.00e+00
[ DEBUG5 "MyRemoveOverlay"] Covariance p,E:  3.00e-04, 5.71e-04, 1.18e-03, -1.81e-03, -3.66e-03, 
[ DEBUG5 "MyRemoveOverlay"]                  1.15e-02, -1.92e-03, -3.89e-03, 1.22e-02, 1.30e-02
[ DEBUG5 "MyRemoveOverlay"] Particles id:    
[ DEBUG5 "MyRemoveOverlay"] Tracks id:    
[ DEBUG5 "MyRemoveOverlay"] Clusters id:  [00011095]
[ DEBUG5 "MyRemoveOverlay"] Particle ids ( [id], PDG, (type)): 
[ DEBUG5 "MyRemoveOverlay"]                  [00011653], 000000, (000000) 
[ DEBUG5 "MyRemoveOverlay"]                  [00011654], 000000, (000000) 
[ DEBUG5 "MyRemoveOverlay"]                  [00011655], 000000, (000000) 
[ DEBUG5 "MyRemoveOverlay"]                  [00011656], 000000, (000000) 
[ DEBUG5 "MyRemoveOverlay"] 
[ DEBUG5 "MyRemoveOverlay"] 
[ DEBUG6 "MyRemoveOverlay"] 		Cluster is not linked to a MCParticle
[ DEBUG7 "MyRemoveOverlay"] 		********** PFO AT INDEX 83 IS NOT OVERLAY **********
[ DEBUG8 "MyRemoveOverlay"] 
[ DEBUG8 "MyRemoveOverlay"] 		-------------------------------------------------------
[ DEBUG8 "MyRemoveOverlay"] 		Processing PFO at index 84
[ DEBUG5 "MyRemoveOverlay"] ------------------ ReconstructedParticle -----------------------------
[ DEBUG5 "MyRemoveOverlay"] Id                                                             0x11657
[ DEBUG5 "MyRemoveOverlay"] Compound                                                             0
[ DEBUG5 "MyRemoveOverlay"] Type                                                                22
[ DEBUG5 "MyRemoveOverlay"] Momentum (x,y,z)                       -4.90e-01, -1.42e+00, +1.25e+00
[ DEBUG5 "MyRemoveOverlay"] Mass [GeV]                                                    0.00e+00
[ DEBUG5 "MyRemoveOverlay"] Charge [e]                                                    0.00e+00
[ DEBUG5 "MyRemoveOverlay"] Energy [GeV]                                                  1.95e+00
[ DEBUG5 "MyRemoveOverlay"] ReferencePoint                         -6.43e+02, -1.86e+03, +1.64e+03
[ DEBUG5 "MyRemoveOverlay"] ParticleIDUsed                                                       0
[ DEBUG5 "MyRemoveOverlay"] GoodnessOfPID                                                 0.00e+00
[ DEBUG5 "MyRemoveOverlay"] Covariance p,E:  3.32e-03, 9.58e-03, 2.77e-02, -8.48e-03, -2.45e-02, 
[ DEBUG5 "MyRemoveOverlay"]                  2.17e-02, -1.32e-02, -3.82e-02, 3.38e-02, 5.27e-02
[ DEBUG5 "MyRemoveOverlay"] Particles id:    
[ DEBUG5 "MyRemoveOverlay"] Tracks id:    
[ DEBUG5 "MyRemoveOverlay"] Clusters id:  [00011096]
[ DEBUG5 "MyRemoveOverlay"] Particle ids ( [id], PDG, (type)): 
[ DEBUG5 "MyRemoveOverlay"]                  [00011658], 000000, (000000) 
[ DEBUG5 "MyRemoveOverlay"]                  [00011659], 000000, (000000) 
[ DEBUG5 "MyRemoveOverlay"]                  [00011660], 000000, (000000) 
[ DEBUG5 "MyRemoveOverlay"]                  [00011661], 000000, (000000) 
[ DEBUG5 "MyRemoveOverlay"] 
[ DEBUG5 "MyRemoveOverlay"] 
[ DEBUG0 "MyRemoveOverlay"] 	MCParticle at index: 1 has PDG: 22 and MCParticle to Cluster link weight is 9.77e-01
[ DEBUG0 "MyRemoveOverlay"] 	MCParticle at index: 1 with PDG code: 22 has highest link weight to input cluster
[ DEBUG0 "MyRemoveOverlay"] 	Cluster at index: 0 has highest link weight to MCParticle = 9.98e-01
[ DEBUG0 "MyRemoveOverlay"] 	Cluster linked to MCParticle with highest weight
[ DEBUG6 "MyRemoveOverlay"] 		Found a linked MCParticle to cluster
[ DEBUG5 "MyRemoveOverlay"] ----------------------------- MCParticle -----------------------------
[ DEBUG5 "MyRemoveOverlay"] Id                                                                9150
[ DEBUG5 "MyRemoveOverlay"] PDG                                                                 22
[ DEBUG5 "MyRemoveOverlay"] Energy [GeV]                                                  1.91e+00
[ DEBUG5 "MyRemoveOverlay"] Momentum [GeV] (x,y,z)                     -0.476594, -1.38232, 1.2215
[ DEBUG5 "MyRemoveOverlay"] Momentum at Endpoint[GeV] (x,y,z)                                -0, -0, 0
[ DEBUG5 "MyRemoveOverlay"] GeneratorStatus                                                      1
[ DEBUG5 "MyRemoveOverlay"] Vertex [mm] (x,y,z)                       -0.451994, -2.03081, 1.46926
[ DEBUG5 "MyRemoveOverlay"] Endpoint [mm] (x,y,z)                      -625.037, -1813.58, 1602.27
[ DEBUG5 "MyRemoveOverlay"] Mass [GeV]                                                    4.71e-08
[ DEBUG5 "MyRemoveOverlay"] Charge                                                        0.00e+00
[ DEBUG5 "MyRemoveOverlay"] Parents                                                              1
[ DEBUG5 "MyRemoveOverlay"] Daughters                                                            0
[ DEBUG5 "MyRemoveOverlay"] simulator status bits: [sbvtcls]  s: created in simulation b: backscatter v: vertex is not endpoint of parent t: decayed in tracker c: decayed in calorimeter l: has left detector s: stopped o: overlay
[ DEBUG5 "MyRemoveOverlay"] [    c s ]
[ DEBUG5 "MyRemoveOverlay"] 
[ DEBUG7 "MyRemoveOverlay"] 		********** PFO AT INDEX 84 IS NOT OVERLAY **********
[ DEBUG8 "MyRemoveOverlay"] 
[ DEBUG8 "MyRemoveOverlay"] 		-------------------------------------------------------
[ DEBUG8 "MyRemoveOverlay"] 		Processing PFO at index 85
[ DEBUG5 "MyRemoveOverlay"] ------------------ ReconstructedParticle -----------------------------
[ DEBUG5 "MyRemoveOverlay"] Id                                                             0x11662
[ DEBUG5 "MyRemoveOverlay"] Compound                                                             0
[ DEBUG5 "MyRemoveOverlay"] Type                                                                22
[ DEBUG5 "MyRemoveOverlay"] Momentum (x,y,z)                       -4.07e+00, +8.69e+00, -6.37e+00
[ DEBUG5 "MyRemoveOverlay"] Mass [GeV]                                                    0.00e+00
[ DEBUG5 "MyRemoveOverlay"] Charge [e]                                                    0.00e+00
[ DEBUG5 "MyRemoveOverlay"] Energy [GeV]                                                  1.15e+01
[ DEBUG5 "MyRemoveOverlay"] ReferencePoint                         -8.43e+02, +1.80e+03, -1.32e+03
[ DEBUG5 "MyRemoveOverlay"] ParticleIDUsed                                                       0
[ DEBUG5 "MyRemoveOverlay"] GoodnessOfPID                                                 0.00e+00
[ DEBUG5 "MyRemoveOverlay"] Covariance p,E:  3.94e-02, -8.39e-02, 1.79e-01, 6.15e-02, -1.31e-01, 
[ DEBUG5 "MyRemoveOverlay"]                  9.62e-02, -1.11e-01, 2.37e-01, -1.74e-01, 3.15e-01
[ DEBUG5 "MyRemoveOverlay"] Particles id:    
[ DEBUG5 "MyRemoveOverlay"] Tracks id:    
[ DEBUG5 "MyRemoveOverlay"] Clusters id:  [00011097]
[ DEBUG5 "MyRemoveOverlay"] Particle ids ( [id], PDG, (type)): 
[ DEBUG5 "MyRemoveOverlay"]                  [00011663], 000000, (000000) 
[ DEBUG5 "MyRemoveOverlay"]                  [00011664], 000000, (000000) 
[ DEBUG5 "MyRemoveOverlay"]                  [00011665], 000000, (000000) 
[ DEBUG5 "MyRemoveOverlay"]                  [00011666], 000000, (000000) 
[ DEBUG5 "MyRemoveOverlay"] 
[ DEBUG5 "MyRemoveOverlay"] 
[ DEBUG0 "MyRemoveOverlay"] 	MCParticle at index: 0 has PDG: 22 and MCParticle to Cluster link weight is 9.66e-01
[ DEBUG0 "MyRemoveOverlay"] 	MCParticle at index: 0 with PDG code: 22 has highest link weight to input cluster
[ DEBUG0 "MyRemoveOverlay"] 	Cluster at index: 3 has highest link weight to MCParticle = 9.66e-01
[ DEBUG0 "MyRemoveOverlay"] 	Cluster linked to MCParticle with highest weight
[ DEBUG6 "MyRemoveOverlay"] 		Found a linked MCParticle to cluster
[ DEBUG5 "MyRemoveOverlay"] ----------------------------- MCParticle -----------------------------
[ DEBUG5 "MyRemoveOverlay"] Id                                                                9151
[ DEBUG5 "MyRemoveOverlay"] PDG                                                                 22
[ DEBUG5 "MyRemoveOverlay"] Energy [GeV]                                                  1.18e+01
[ DEBUG5 "MyRemoveOverlay"] Momentum [GeV] (x,y,z)                     -4.17401, 8.89667, -6.51601
[ DEBUG5 "MyRemoveOverlay"] Momentum at Endpoint[GeV] (x,y,z)                                -0, 0, -0
[ DEBUG5 "MyRemoveOverlay"] GeneratorStatus                                                      1
[ DEBUG5 "MyRemoveOverlay"] Vertex [mm] (x,y,z)                      -0.483641, 1.07865, -0.912496
[ DEBUG5 "MyRemoveOverlay"] Endpoint [mm] (x,y,z)                      -815.664, 1738.59, -1273.48
[ DEBUG5 "MyRemoveOverlay"] Mass [GeV]                                                    2.92e-07
[ DEBUG5 "MyRemoveOverlay"] Charge                                                        0.00e+00
[ DEBUG5 "MyRemoveOverlay"] Parents                                                              1
[ DEBUG5 "MyRemoveOverlay"] Daughters                                                            0
[ DEBUG5 "MyRemoveOverlay"] simulator status bits: [sbvtcls]  s: created in simulation b: backscatter v: vertex is not endpoint of parent t: decayed in tracker c: decayed in calorimeter l: has left detector s: stopped o: overlay
[ DEBUG5 "MyRemoveOverlay"] [    c s ]
[ DEBUG5 "MyRemoveOverlay"] 
[ DEBUG7 "MyRemoveOverlay"] 		********** PFO AT INDEX 85 IS NOT OVERLAY **********
[ DEBUG8 "MyRemoveOverlay"] 
[ DEBUG8 "MyRemoveOverlay"] 		-------------------------------------------------------
[ DEBUG8 "MyRemoveOverlay"] 		Processing PFO at index 86
[ DEBUG5 "MyRemoveOverlay"] ------------------ ReconstructedParticle -----------------------------
[ DEBUG5 "MyRemoveOverlay"] Id                                                             0x11667
[ DEBUG5 "MyRemoveOverlay"] Compound                                                             0
[ DEBUG5 "MyRemoveOverlay"] Type                                                                22
[ DEBUG5 "MyRemoveOverlay"] Momentum (x,y,z)                       -1.04e+00, +2.32e+00, -1.62e+00
[ DEBUG5 "MyRemoveOverlay"] Mass [GeV]                                                    0.00e+00
[ DEBUG5 "MyRemoveOverlay"] Charge [e]                                                    0.00e+00
[ DEBUG5 "MyRemoveOverlay"] Energy [GeV]                                                  3.02e+00
[ DEBUG5 "MyRemoveOverlay"] ReferencePoint                         -8.17e+02, +1.82e+03, -1.27e+03
[ DEBUG5 "MyRemoveOverlay"] ParticleIDUsed                                                       0
[ DEBUG5 "MyRemoveOverlay"] GoodnessOfPID                                                 0.00e+00
[ DEBUG5 "MyRemoveOverlay"] Covariance p,E:  9.45e-03, -2.10e-02, 4.69e-02, 1.47e-02, -3.28e-02, 
[ DEBUG5 "MyRemoveOverlay"]                  2.30e-02, -2.74e-02, 6.10e-02, -4.27e-02, 7.93e-02
[ DEBUG5 "MyRemoveOverlay"] Particles id:    
[ DEBUG5 "MyRemoveOverlay"] Tracks id:    
[ DEBUG5 "MyRemoveOverlay"] Clusters id:  [00011098]
[ DEBUG5 "MyRemoveOverlay"] Particle ids ( [id], PDG, (type)): 
[ DEBUG5 "MyRemoveOverlay"]                  [00011668], 000000, (000000) 
[ DEBUG5 "MyRemoveOverlay"]                  [00011669], 000000, (000000) 
[ DEBUG5 "MyRemoveOverlay"]                  [00011670], 000000, (000000) 
[ DEBUG5 "MyRemoveOverlay"]                  [00011671], 000000, (000000) 
[ DEBUG5 "MyRemoveOverlay"] 
[ DEBUG5 "MyRemoveOverlay"] 
[ DEBUG6 "MyRemoveOverlay"] 		Cluster is not linked to a MCParticle
[ DEBUG7 "MyRemoveOverlay"] 		********** PFO AT INDEX 86 IS NOT OVERLAY **********
[ DEBUG9 "MyRemoveOverlay"] 	CHECK : processed event: 182404 (Number of inputPFOS: 87 , Number of outputPFOs: 80)
[ WARNING "mytruejet"]  processing event: 182405   in run:  500076
[ MESSAGE4 "mytruejet"]  =====================================
[ MESSAGE "MyChargedPFOCorrection"] 
[ MESSAGE "MyChargedPFOCorrection"] 	////////////////////////////////////////////////////////////////////////////
[ MESSAGE "MyChargedPFOCorrection"] 	////////////////////	Processing event 	182405	////////////////////
[ MESSAGE "MyChargedPFOCorrection"] 	////////////////////////////////////////////////////////////////////////////
[ MESSAGE "MyAddNeutralPFOCovMat"] 
[ MESSAGE "MyAddNeutralPFOCovMat"] 	////////////////////////////////////////////////////////////////////////////
[ MESSAGE "MyAddNeutralPFOCovMat"] 	////////////////////	Processing event 	182405	////////////////////
[ MESSAGE "MyAddNeutralPFOCovMat"] 	////////////////////////////////////////////////////////////////////////////
[ MESSAGE "MyRemoveOverlay"] 
[ MESSAGE "MyRemoveOverlay"] 		////////////////////////////////////////////////////////////////////////////
[ MESSAGE "MyRemoveOverlay"] 		////////////////////	Processing event 	182405	////////////////////
[ MESSAGE "MyRemoveOverlay"] 		////////////////////////////////////////////////////////////////////////////
[ DEBUG9 "MyRemoveOverlay"] 		Total Number of PFOs: 52
[ DEBUG8 "MyRemoveOverlay"] 
[ DEBUG8 "MyRemoveOverlay"] 		-------------------------------------------------------
[ DEBUG8 "MyRemoveOverlay"] 		Processing PFO at index 0
[ DEBUG5 "MyRemoveOverlay"] ------------------ ReconstructedParticle -----------------------------
[ DEBUG5 "MyRemoveOverlay"] Id                                                             0x14476
[ DEBUG5 "MyRemoveOverlay"] Compound                                                             0
[ DEBUG5 "MyRemoveOverlay"] Type                                                               -11
[ DEBUG5 "MyRemoveOverlay"] Momentum (x,y,z)                       +1.19e-01, -1.34e+00, -1.88e+00
[ DEBUG5 "MyRemoveOverlay"] Mass [GeV]                                                    5.11e-04
[ DEBUG5 "MyRemoveOverlay"] Charge [e]                                                    1.00e+00
[ DEBUG5 "MyRemoveOverlay"] Energy [GeV]                                                  2.31e+00
[ DEBUG5 "MyRemoveOverlay"] ReferencePoint                         +1.33e+00, -1.60e+01, -2.24e+01
[ DEBUG5 "MyRemoveOverlay"] ParticleIDUsed                                                       0
[ DEBUG5 "MyRemoveOverlay"] GoodnessOfPID                                                 0.00e+00
[ DEBUG5 "MyRemoveOverlay"] Covariance p,E:  8.60e-07, -1.21e-07, 2.79e-06, -1.83e-07, 2.78e-06, 
[ DEBUG5 "MyRemoveOverlay"]                  4.74e-06, 2.64e-07, -3.89e-06, -5.48e-06, 6.72e-06
[ DEBUG5 "MyRemoveOverlay"] Particles id:    
[ DEBUG5 "MyRemoveOverlay"] Tracks id:    [00013647]
[ DEBUG5 "MyRemoveOverlay"] Clusters id:  [00014428]
[ DEBUG5 "MyRemoveOverlay"] Particle ids ( [id], PDG, (type)): 
[ DEBUG5 "MyRemoveOverlay"]                  [00014477], 000211, (000000) 
[ DEBUG5 "MyRemoveOverlay"]                  [00014478], 000000, (000000) 
[ DEBUG5 "MyRemoveOverlay"]                  [00014479], 000000, (000000) 
[ DEBUG5 "MyRemoveOverlay"]                  [00014480], 000000, (000000) 
[ DEBUG5 "MyRemoveOverlay"]                  [00014481], 000000, (000000) 
[ DEBUG5 "MyRemoveOverlay"]                  [00014482], 000000, (000000) 
[ DEBUG5 "MyRemoveOverlay"]                  [00014483], 000011, (000000) 
[ DEBUG5 "MyRemoveOverlay"]                  [00014484], 000011, (000000) 
[ DEBUG5 "MyRemoveOverlay"]                  [00014485], 000211, (000000) 
[ DEBUG5 "MyRemoveOverlay"] 
[ DEBUG5 "MyRemoveOverlay"] 
[ DEBUG0 "MyRemoveOverlay"] 	MCParticle at index: 0 has PDG: 211 and MCParticle to Track link weight is 1.00e+00
[ DEBUG0 "MyRemoveOverlay"] 	MCParticle at index: 0 with PDG code: 211 has highest link weight to input track
[ DEBUG0 "MyRemoveOverlay"] 	Track at index: 0 has highest link weight to MCParticle = 9.95e-01
[ DEBUG0 "MyRemoveOverlay"] 	Track linked to MCParticle with highest weight
[ DEBUG6 "MyRemoveOverlay"] 		Found a linked MCParticle to track
[ DEBUG5 "MyRemoveOverlay"] ----------------------------- MCParticle -----------------------------
[ DEBUG5 "MyRemoveOverlay"] Id                                                               13169
[ DEBUG5 "MyRemoveOverlay"] PDG                                                                211
[ DEBUG5 "MyRemoveOverlay"] Energy [GeV]                                                  2.31e+00
[ DEBUG5 "MyRemoveOverlay"] Momentum [GeV] (x,y,z)                    0.119592, -1.33354, -1.88045
[ DEBUG5 "MyRemoveOverlay"] Momentum at Endpoint[GeV] (x,y,z)                               -0, -0, -0
[ DEBUG5 "MyRemoveOverlay"] GeneratorStatus                                                      1
[ DEBUG5 "MyRemoveOverlay"] Vertex [mm] (x,y,z)                                     0, 0, 0.131454
[ DEBUG5 "MyRemoveOverlay"] Endpoint [mm] (x,y,z)                      -887.62, -1328.39, -2433.11
[ DEBUG5 "MyRemoveOverlay"] Mass [GeV]                                                    1.40e-01
[ DEBUG5 "MyRemoveOverlay"] Charge                                                        1.00e+00
[ DEBUG5 "MyRemoveOverlay"] Parents                                                              1
[ DEBUG5 "MyRemoveOverlay"] Daughters                                                            0
[ DEBUG5 "MyRemoveOverlay"] simulator status bits: [sbvtcls]  s: created in simulation b: backscatter v: vertex is not endpoint of parent t: decayed in tracker c: decayed in calorimeter l: has left detector s: stopped o: overlay
[ DEBUG5 "MyRemoveOverlay"] [    c s ]
[ DEBUG5 "MyRemoveOverlay"] 
[ DEBUG0 "MyRemoveOverlay"] 	MCParticle at index: 0 has PDG: 211 and MCParticle to Cluster link weight is 1.00e+00
[ DEBUG0 "MyRemoveOverlay"] 	MCParticle at index: 0 with PDG code: 211 has highest link weight to input cluster
[ DEBUG6 "MyRemoveOverlay"] 		Cluster is not linked to a MCParticle
[ DEBUG7 "MyRemoveOverlay"] 		********** PFO AT INDEX 0 IS NOT OVERLAY **********
[ DEBUG8 "MyRemoveOverlay"] 
[ DEBUG8 "MyRemoveOverlay"] 		-------------------------------------------------------
[ DEBUG8 "MyRemoveOverlay"] 		Processing PFO at index 1
[ DEBUG5 "MyRemoveOverlay"] ------------------ ReconstructedParticle -----------------------------
[ DEBUG5 "MyRemoveOverlay"] Id                                                             0x14486
[ DEBUG5 "MyRemoveOverlay"] Compound                                                             0
[ DEBUG5 "MyRemoveOverlay"] Type                                                              -211
[ DEBUG5 "MyRemoveOverlay"] Momentum (x,y,z)                       -7.40e-01, +3.16e-01, -1.23e-01
[ DEBUG5 "MyRemoveOverlay"] Mass [GeV]                                                    1.40e-01
[ DEBUG5 "MyRemoveOverlay"] Charge [e]                                                   -1.00e+00
[ DEBUG5 "MyRemoveOverlay"] Energy [GeV]                                                  8.26e-01
[ DEBUG5 "MyRemoveOverlay"] ReferencePoint                         -3.72e+01, +1.56e+01, -6.55e+00
[ DEBUG5 "MyRemoveOverlay"] ParticleIDUsed                                                       0
[ DEBUG5 "MyRemoveOverlay"] GoodnessOfPID                                                 0.00e+00
[ DEBUG5 "MyRemoveOverlay"] Covariance p,E:  3.80e-07, 2.21e-07, 7.53e-07, -8.17e-08, 3.36e-08, 
[ DEBUG5 "MyRemoveOverlay"]                  8.40e-07, -2.44e-07, 8.53e-08, -3.95e-08, 2.57e-07
[ DEBUG5 "MyRemoveOverlay"] Particles id:    
[ DEBUG5 "MyRemoveOverlay"] Tracks id:    [00013742]
[ DEBUG5 "MyRemoveOverlay"] Clusters id:  [00014429]
[ DEBUG5 "MyRemoveOverlay"] Particle ids ( [id], PDG, (type)): 
[ DEBUG5 "MyRemoveOverlay"]                  [00014487], 000211, (000000) 
[ DEBUG5 "MyRemoveOverlay"]                  [00014488], 000211, (000000) 
[ DEBUG5 "MyRemoveOverlay"]                  [00014489], 000000, (000000) 
[ DEBUG5 "MyRemoveOverlay"]                  [00014490], 000000, (000000) 
[ DEBUG5 "MyRemoveOverlay"]                  [00014491], 000000, (000000) 
[ DEBUG5 "MyRemoveOverlay"]                  [00014492], 000000, (000000) 
[ DEBUG5 "MyRemoveOverlay"]                  [00014493], 000211, (000000) 
[ DEBUG5 "MyRemoveOverlay"]                  [00014494], 000211, (000000) 
[ DEBUG5 "MyRemoveOverlay"]                  [00014495], 000211, (000000) 
[ DEBUG5 "MyRemoveOverlay"] 
[ DEBUG5 "MyRemoveOverlay"] 
[ DEBUG0 "MyRemoveOverlay"] 	MCParticle at index: 1 has PDG: -211 and MCParticle to Track link weight is 9.95e-01
[ DEBUG0 "MyRemoveOverlay"] 	MCParticle at index: 1 with PDG code: -211 has highest link weight to input track
[ DEBUG6 "MyRemoveOverlay"] 		Track is not linked to a MCParticle
[ DEBUG0 "MyRemoveOverlay"] 	MCParticle at index: 0 has PDG: 211 and MCParticle to Cluster link weight is 1.00e+00
[ DEBUG0 "MyRemoveOverlay"] 	MCParticle at index: 0 with PDG code: 211 has highest link weight to input cluster
[ DEBUG0 "MyRemoveOverlay"] 	Cluster at index: 0 has highest link weight to MCParticle = 1.00e+00
[ DEBUG0 "MyRemoveOverlay"] 	Cluster linked to MCParticle with highest weight
[ DEBUG6 "MyRemoveOverlay"] 		Found a linked MCParticle to cluster
[ DEBUG5 "MyRemoveOverlay"] ----------------------------- MCParticle -----------------------------
[ DEBUG5 "MyRemoveOverlay"] Id                                                               13256
[ DEBUG5 "MyRemoveOverlay"] PDG                                                                211
[ DEBUG5 "MyRemoveOverlay"] Energy [GeV]                                                  3.96e-01
[ DEBUG5 "MyRemoveOverlay"] Momentum [GeV] (x,y,z)                   -0.23926, 0.186047, -0.212792
[ DEBUG5 "MyRemoveOverlay"] Momentum at Endpoint[GeV] (x,y,z)                                0, -0, -0
[ DEBUG5 "MyRemoveOverlay"] GeneratorStatus                                                      0
[ DEBUG5 "MyRemoveOverlay"] Vertex [mm] (x,y,z)                       -599.439, -266.295, -2324.92
[ DEBUG5 "MyRemoveOverlay"] Endpoint [mm] (x,y,z)                       -735.41, -61.147, -2556.44
[ DEBUG5 "MyRemoveOverlay"] Mass [GeV]                                                    1.40e-01
[ DEBUG5 "MyRemoveOverlay"] Charge                                                        1.00e+00
[ DEBUG5 "MyRemoveOverlay"] Parents                                                              1
[ DEBUG5 "MyRemoveOverlay"] Daughters                                                            0
[ DEBUG5 "MyRemoveOverlay"] simulator status bits: [sbvtcls]  s: created in simulation b: backscatter v: vertex is not endpoint of parent t: decayed in tracker c: decayed in calorimeter l: has left detector s: stopped o: overlay
[ DEBUG5 "MyRemoveOverlay"] [s   c s ]
[ DEBUG5 "MyRemoveOverlay"] 
[ DEBUG7 "MyRemoveOverlay"] 		********** PFO AT INDEX 1 IS NOT OVERLAY **********
[ DEBUG8 "MyRemoveOverlay"] 
[ DEBUG8 "MyRemoveOverlay"] 		-------------------------------------------------------
[ DEBUG8 "MyRemoveOverlay"] 		Processing PFO at index 2
[ DEBUG5 "MyRemoveOverlay"] ------------------ ReconstructedParticle -----------------------------
[ DEBUG5 "MyRemoveOverlay"] Id                                                             0x14496
[ DEBUG5 "MyRemoveOverlay"] Compound                                                             0
[ DEBUG5 "MyRemoveOverlay"] Type                                                               211
[ DEBUG5 "MyRemoveOverlay"] Momentum (x,y,z)                       -1.27e-01, -3.40e-01, -6.06e-01
[ DEBUG5 "MyRemoveOverlay"] Mass [GeV]                                                    1.40e-01
[ DEBUG5 "MyRemoveOverlay"] Charge [e]                                                    1.00e+00
[ DEBUG5 "MyRemoveOverlay"] Energy [GeV]                                                  7.20e-01
[ DEBUG5 "MyRemoveOverlay"] ReferencePoint                         -6.27e+00, -1.60e+01, -2.68e+01
[ DEBUG5 "MyRemoveOverlay"] ParticleIDUsed                                                       0
[ DEBUG5 "MyRemoveOverlay"] GoodnessOfPID                                                 0.00e+00
[ DEBUG5 "MyRemoveOverlay"] Covariance p,E:  9.79e-07, 1.59e-07, 1.03e-06, 2.04e-07, 4.95e-07, 
[ DEBUG5 "MyRemoveOverlay"]                  1.69e-06, -4.20e-07, -9.30e-07, -1.69e-06, 1.94e-06
[ DEBUG5 "MyRemoveOverlay"] Particles id:    
[ DEBUG5 "MyRemoveOverlay"] Tracks id:    [00013737]
[ DEBUG5 "MyRemoveOverlay"] Clusters id:  
[ DEBUG5 "MyRemoveOverlay"] Particle ids ( [id], PDG, (type)): 
[ DEBUG5 "MyRemoveOverlay"]                  [00014497], 000211, (000000) 
[ DEBUG5 "MyRemoveOverlay"]                  [00014498], 000211, (000000) 
[ DEBUG5 "MyRemoveOverlay"]                  [00014499], 000011, (000000) 
[ DEBUG5 "MyRemoveOverlay"]                  [00014500], 000011, (000000) 
[ DEBUG5 "MyRemoveOverlay"]                  [00014501], 000000, (000000) 
[ DEBUG5 "MyRemoveOverlay"] 
[ DEBUG5 "MyRemoveOverlay"] 
[ DEBUG0 "MyRemoveOverlay"] 	MCParticle at index: 0 has PDG: 211 and MCParticle to Track link weight is 1.00e+00
[ DEBUG0 "MyRemoveOverlay"] 	MCParticle at index: 0 with PDG code: 211 has highest link weight to input track
[ DEBUG6 "MyRemoveOverlay"] 		Track is not linked to a MCParticle
[ DEBUG7 "MyRemoveOverlay"] 		********** PFO AT INDEX 2 IS NOT OVERLAY **********
[ DEBUG8 "MyRemoveOverlay"] 
[ DEBUG8 "MyRemoveOverlay"] 		-------------------------------------------------------
[ DEBUG8 "MyRemoveOverlay"] 		Processing PFO at index 3
[ DEBUG5 "MyRemoveOverlay"] ------------------ ReconstructedParticle -----------------------------
[ DEBUG5 "MyRemoveOverlay"] Id                                                             0x14502
[ DEBUG5 "MyRemoveOverlay"] Compound                                                             0
[ DEBUG5 "MyRemoveOverlay"] Type                                                              -211
[ DEBUG5 "MyRemoveOverlay"] Momentum (x,y,z)                       -2.71e-01, +1.06e-01, -3.55e-01
[ DEBUG5 "MyRemoveOverlay"] Mass [GeV]                                                    1.40e-01
[ DEBUG5 "MyRemoveOverlay"] Charge [e]                                                   -1.00e+00
[ DEBUG5 "MyRemoveOverlay"] Energy [GeV]                                                  4.80e-01
[ DEBUG5 "MyRemoveOverlay"] ReferencePoint                         -2.98e+02, -3.73e+01, -3.46e+02
[ DEBUG5 "MyRemoveOverlay"] ParticleIDUsed                                                       0
[ DEBUG5 "MyRemoveOverlay"] GoodnessOfPID                                                 0.00e+00
[ DEBUG5 "MyRemoveOverlay"] Covariance p,E:  8.23e-06, 4.53e-06, 5.51e-06, -3.28e-06, -9.44e-07, 
[ DEBUG5 "MyRemoveOverlay"]                  3.75e-06, -1.22e-06, -6.38e-07, -1.13e-06, 1.38e-06
[ DEBUG5 "MyRemoveOverlay"] Particles id:    
[ DEBUG5 "MyRemoveOverlay"] Tracks id:    [00013837]
[ DEBUG5 "MyRemoveOverlay"] Clusters id:  [00014430]
[ DEBUG5 "MyRemoveOverlay"] Particle ids ( [id], PDG, (type)): 
[ DEBUG5 "MyRemoveOverlay"]                  [00014503], 000013, (000000) 
[ DEBUG5 "MyRemoveOverlay"]                  [00014504], 000013, (000000) 
[ DEBUG5 "MyRemoveOverlay"]                  [00014505], 000000, (000000) 
[ DEBUG5 "MyRemoveOverlay"]                  [00014506], 000000, (000000) 
[ DEBUG5 "MyRemoveOverlay"]                  [00014507], 000000, (000000) 
[ DEBUG5 "MyRemoveOverlay"]                  [00014508], 000000, (000000) 
[ DEBUG5 "MyRemoveOverlay"]                  [00014509], 000211, (000000) 
[ DEBUG5 "MyRemoveOverlay"]                  [00014510], 000211, (000000) 
[ DEBUG5 "MyRemoveOverlay"]                  [00014511], 000013, (000000) 
[ DEBUG5 "MyRemoveOverlay"] 
[ DEBUG5 "MyRemoveOverlay"] 
[ DEBUG0 "MyRemoveOverlay"] 	MCParticle at index: 0 has PDG: -211 and MCParticle to Track link weight is 1.00e+00
[ DEBUG0 "MyRemoveOverlay"] 	MCParticle at index: 0 with PDG code: -211 has highest link weight to input track
[ DEBUG6 "MyRemoveOverlay"] 		Track is not linked to a MCParticle
[ DEBUG6 "MyRemoveOverlay"] 		Cluster is not linked to a MCParticle
[ DEBUG7 "MyRemoveOverlay"] 		********** PFO AT INDEX 3 IS NOT OVERLAY **********
[ DEBUG8 "MyRemoveOverlay"] 
[ DEBUG8 "MyRemoveOverlay"] 		-------------------------------------------------------
[ DEBUG8 "MyRemoveOverlay"] 		Processing PFO at index 4
[ DEBUG5 "MyRemoveOverlay"] ------------------ ReconstructedParticle -----------------------------
[ DEBUG5 "MyRemoveOverlay"] Id                                                             0x14512
[ DEBUG5 "MyRemoveOverlay"] Compound                                                             0
[ DEBUG5 "MyRemoveOverlay"] Type                                                               211
[ DEBUG5 "MyRemoveOverlay"] Momentum (x,y,z)                       -4.57e-01, +1.90e-01, -6.38e-02
[ DEBUG5 "MyRemoveOverlay"] Mass [GeV]                                                    1.40e-01
[ DEBUG5 "MyRemoveOverlay"] Charge [e]                                                    1.00e+00
[ DEBUG5 "MyRemoveOverlay"] Energy [GeV]                                                  5.18e-01
[ DEBUG5 "MyRemoveOverlay"] ReferencePoint                         -3.72e+01, +1.54e+01, -6.57e+00
[ DEBUG5 "MyRemoveOverlay"] ParticleIDUsed                                                       0
[ DEBUG5 "MyRemoveOverlay"] GoodnessOfPID                                                 0.00e+00
[ DEBUG5 "MyRemoveOverlay"] Covariance p,E:  3.35e-07, 2.07e-07, 8.23e-07, -7.40e-08, 3.42e-08, 
[ DEBUG5 "MyRemoveOverlay"]                  8.82e-07, -2.11e-07, 1.15e-07, -3.09e-08, 2.32e-07
[ DEBUG5 "MyRemoveOverlay"] Particles id:    
[ DEBUG5 "MyRemoveOverlay"] Tracks id:    [00013752]
[ DEBUG5 "MyRemoveOverlay"] Clusters id:  
[ DEBUG5 "MyRemoveOverlay"] Particle ids ( [id], PDG, (type)): 
[ DEBUG5 "MyRemoveOverlay"]                  [00014513], 000211, (000000) 
[ DEBUG5 "MyRemoveOverlay"]                  [00014514], 000211, (000000) 
[ DEBUG5 "MyRemoveOverlay"]                  [00014515], 000011, (000000) 
[ DEBUG5 "MyRemoveOverlay"]                  [00014516], 000011, (000000) 
[ DEBUG5 "MyRemoveOverlay"]                  [00014517], 000000, (000000) 
[ DEBUG5 "MyRemoveOverlay"] 
[ DEBUG5 "MyRemoveOverlay"] 
[ DEBUG0 "MyRemoveOverlay"] 	MCParticle at index: 0 has PDG: 211 and MCParticle to Track link weight is 9.90e-01
[ DEBUG0 "MyRemoveOverlay"] 	MCParticle at index: 0 with PDG code: 211 has highest link weight to input track
[ DEBUG6 "MyRemoveOverlay"] 		Track is not linked to a MCParticle
[ DEBUG7 "MyRemoveOverlay"] 		********** PFO AT INDEX 4 IS NOT OVERLAY **********
[ DEBUG8 "MyRemoveOverlay"] 
[ DEBUG8 "MyRemoveOverlay"] 		-------------------------------------------------------
[ DEBUG8 "MyRemoveOverlay"] 		Processing PFO at index 5
[ DEBUG5 "MyRemoveOverlay"] ------------------ ReconstructedParticle -----------------------------
[ DEBUG5 "MyRemoveOverlay"] Id                                                             0x14518
[ DEBUG5 "MyRemoveOverlay"] Compound                                                             0
[ DEBUG5 "MyRemoveOverlay"] Type                                                               211
[ DEBUG5 "MyRemoveOverlay"] Momentum (x,y,z)                       -8.19e-01, +1.48e-01, -4.12e-01
[ DEBUG5 "MyRemoveOverlay"] Mass [GeV]                                                    1.40e-01
[ DEBUG5 "MyRemoveOverlay"] Charge [e]                                                    1.00e+00
[ DEBUG5 "MyRemoveOverlay"] Energy [GeV]                                                  9.39e-01
[ DEBUG5 "MyRemoveOverlay"] ReferencePoint                         -1.58e+01, +3.04e+00, -7.82e+00
[ DEBUG5 "MyRemoveOverlay"] ParticleIDUsed                                                       0
[ DEBUG5 "MyRemoveOverlay"] GoodnessOfPID                                                 0.00e+00
[ DEBUG5 "MyRemoveOverlay"] Covariance p,E:  3.83e-07, 1.50e-08, 5.27e-07, -6.85e-08, 1.12e-08, 
[ DEBUG5 "MyRemoveOverlay"]                  4.89e-07, -3.02e-07, 6.53e-08, -1.53e-07, 3.41e-07
[ DEBUG5 "MyRemoveOverlay"] Particles id:    
[ DEBUG5 "MyRemoveOverlay"] Tracks id:    [00013722]
[ DEBUG5 "MyRemoveOverlay"] Clusters id:  
[ DEBUG5 "MyRemoveOverlay"] Particle ids ( [id], PDG, (type)): 
[ DEBUG5 "MyRemoveOverlay"]                  [00014519], 000211, (000000) 
[ DEBUG5 "MyRemoveOverlay"]                  [00014520], 000211, (000000) 
[ DEBUG5 "MyRemoveOverlay"]                  [00014521], 000011, (000000) 
[ DEBUG5 "MyRemoveOverlay"]                  [00014522], 000011, (000000) 
[ DEBUG5 "MyRemoveOverlay"]                  [00014523], 000000, (000000) 
[ DEBUG5 "MyRemoveOverlay"] 
[ DEBUG5 "MyRemoveOverlay"] 
[ DEBUG0 "MyRemoveOverlay"] 	MCParticle at index: 0 has PDG: 211 and MCParticle to Track link weight is 1.00e+00
[ DEBUG0 "MyRemoveOverlay"] 	MCParticle at index: 0 with PDG code: 211 has highest link weight to input track
[ DEBUG6 "MyRemoveOverlay"] 		Track is not linked to a MCParticle
[ DEBUG7 "MyRemoveOverlay"] 		********** PFO AT INDEX 5 IS NOT OVERLAY **********
[ DEBUG8 "MyRemoveOverlay"] 
[ DEBUG8 "MyRemoveOverlay"] 		-------------------------------------------------------
[ DEBUG8 "MyRemoveOverlay"] 		Processing PFO at index 6
[ DEBUG5 "MyRemoveOverlay"] ------------------ ReconstructedParticle -----------------------------
[ DEBUG5 "MyRemoveOverlay"] Id                                                             0x14524
[ DEBUG5 "MyRemoveOverlay"] Compound                                                             0
[ DEBUG5 "MyRemoveOverlay"] Type                                                              -211
[ DEBUG5 "MyRemoveOverlay"] Momentum (x,y,z)                       -3.05e-01, +4.26e-02, -1.23e-01
[ DEBUG5 "MyRemoveOverlay"] Mass [GeV]                                                    1.40e-01
[ DEBUG5 "MyRemoveOverlay"] Charge [e]                                                   -1.00e+00
[ DEBUG5 "MyRemoveOverlay"] Energy [GeV]                                                  3.60e-01
[ DEBUG5 "MyRemoveOverlay"] ReferencePoint                         +8.68e+01, -2.90e+02, -3.34e+02
[ DEBUG5 "MyRemoveOverlay"] ParticleIDUsed                                                       0
[ DEBUG5 "MyRemoveOverlay"] GoodnessOfPID                                                 0.00e+00
[ DEBUG5 "MyRemoveOverlay"] Covariance p,E:  2.11e-09, -1.68e-09, 1.78e-09, 1.63e-09, -1.29e-09, 
[ DEBUG5 "MyRemoveOverlay"]                  1.41e-08, -2.55e-09, 2.07e-09, -6.36e-09, 4.58e-09
[ DEBUG5 "MyRemoveOverlay"] Particles id:    
[ DEBUG5 "MyRemoveOverlay"] Tracks id:    [00013847]
[ DEBUG5 "MyRemoveOverlay"] Clusters id:  [00014431]
[ DEBUG5 "MyRemoveOverlay"] Particle ids ( [id], PDG, (type)): 
[ DEBUG5 "MyRemoveOverlay"]                  [00014525], 000013, (000000) 
[ DEBUG5 "MyRemoveOverlay"]                  [00014526], 000013, (000000) 
[ DEBUG5 "MyRemoveOverlay"]                  [00014527], 000000, (000000) 
[ DEBUG5 "MyRemoveOverlay"]                  [00014528], 000000, (000000) 
[ DEBUG5 "MyRemoveOverlay"]                  [00014529], 000000, (000000) 
[ DEBUG5 "MyRemoveOverlay"]                  [00014530], 000000, (000000) 
[ DEBUG5 "MyRemoveOverlay"]                  [00014531], 000013, (000000) 
[ DEBUG5 "MyRemoveOverlay"]                  [00014532], 000013, (000000) 
[ DEBUG5 "MyRemoveOverlay"]                  [00014533], 000013, (000000) 
[ DEBUG5 "MyRemoveOverlay"] 
[ DEBUG5 "MyRemoveOverlay"] 
[ DEBUG0 "MyRemoveOverlay"] 	MCParticle at index: 0 has PDG: 211 and MCParticle to Track link weight is 1.00e+00
[ DEBUG0 "MyRemoveOverlay"] 	MCParticle at index: 0 with PDG code: 211 has highest link weight to input track
[ DEBUG6 "MyRemoveOverlay"] 		Track is not linked to a MCParticle
[ DEBUG0 "MyRemoveOverlay"] 	MCParticle at index: 0 has PDG: 13 and MCParticle to Cluster link weight is 1.00e+00
[ DEBUG0 "MyRemoveOverlay"] 	MCParticle at index: 0 with PDG code: 13 has highest link weight to input cluster
[ DEBUG0 "MyRemoveOverlay"] 	Cluster at index: 0 has highest link weight to MCParticle = 1.00e+00
[ DEBUG0 "MyRemoveOverlay"] 	Cluster linked to MCParticle with highest weight
[ DEBUG6 "MyRemoveOverlay"] 		Found a linked MCParticle to cluster
[ DEBUG5 "MyRemoveOverlay"] ----------------------------- MCParticle -----------------------------
[ DEBUG5 "MyRemoveOverlay"] Id                                                               13296
[ DEBUG5 "MyRemoveOverlay"] PDG                                                                 13
[ DEBUG5 "MyRemoveOverlay"] Energy [GeV]                                                  6.12e-01
[ DEBUG5 "MyRemoveOverlay"] Momentum [GeV] (x,y,z)                 -0.490536, 0.341695, -0.0763007
[ DEBUG5 "MyRemoveOverlay"] Momentum at Endpoint[GeV] (x,y,z)                                  0, 0, 0
[ DEBUG5 "MyRemoveOverlay"] GeneratorStatus                                                      0
[ DEBUG5 "MyRemoveOverlay"] Vertex [mm] (x,y,z)                        157.086, -89.4878, -729.934
[ DEBUG5 "MyRemoveOverlay"] Endpoint [mm] (x,y,z)                      185.128, -444.856, -2564.69
[ DEBUG5 "MyRemoveOverlay"] Mass [GeV]                                                    1.06e-01
[ DEBUG5 "MyRemoveOverlay"] Charge                                                       -1.00e+00
[ DEBUG5 "MyRemoveOverlay"] Parents                                                              1
[ DEBUG5 "MyRemoveOverlay"] Daughters                                                            0
[ DEBUG5 "MyRemoveOverlay"] simulator status bits: [sbvtcls]  s: created in simulation b: backscatter v: vertex is not endpoint of parent t: decayed in tracker c: decayed in calorimeter l: has left detector s: stopped o: overlay
[ DEBUG5 "MyRemoveOverlay"] [s   c s ]
[ DEBUG5 "MyRemoveOverlay"] 
[ DEBUG7 "MyRemoveOverlay"] 		********** PFO AT INDEX 6 IS NOT OVERLAY **********
[ DEBUG8 "MyRemoveOverlay"] 
[ DEBUG8 "MyRemoveOverlay"] 		-------------------------------------------------------
[ DEBUG8 "MyRemoveOverlay"] 		Processing PFO at index 7
[ DEBUG5 "MyRemoveOverlay"] ------------------ ReconstructedParticle -----------------------------
[ DEBUG5 "MyRemoveOverlay"] Id                                                             0x14534
[ DEBUG5 "MyRemoveOverlay"] Compound                                                             0
[ DEBUG5 "MyRemoveOverlay"] Type                                                              -211
[ DEBUG5 "MyRemoveOverlay"] Momentum (x,y,z)                       +2.29e-01, -1.14e-01, -1.47e+00
[ DEBUG5 "MyRemoveOverlay"] Mass [GeV]                                                    1.40e-01
[ DEBUG5 "MyRemoveOverlay"] Charge [e]                                                   -1.00e+00
[ DEBUG5 "MyRemoveOverlay"] Energy [GeV]                                                  1.50e+00
[ DEBUG5 "MyRemoveOverlay"] ReferencePoint                         +6.10e+01, -2.08e+01, -3.72e+02
[ DEBUG5 "MyRemoveOverlay"] ParticleIDUsed                                                       0
[ DEBUG5 "MyRemoveOverlay"] GoodnessOfPID                                                 0.00e+00
[ DEBUG5 "MyRemoveOverlay"] Covariance p,E:  8.55e-05, 6.36e-06, 5.80e-05, -4.83e-05, 3.50e-06, 
[ DEBUG5 "MyRemoveOverlay"]                  3.35e-04, 6.00e-05, -6.87e-06, -3.37e-04, 3.40e-04
[ DEBUG5 "MyRemoveOverlay"] Particles id:    
[ DEBUG5 "MyRemoveOverlay"] Tracks id:    [00013882]
[ DEBUG5 "MyRemoveOverlay"] Clusters id:  [00014432]
[ DEBUG5 "MyRemoveOverlay"] Particle ids ( [id], PDG, (type)): 
[ DEBUG5 "MyRemoveOverlay"]                  [00014535], 000211, (000000) 
[ DEBUG5 "MyRemoveOverlay"]                  [00014536], 000011, (000000) 
[ DEBUG5 "MyRemoveOverlay"]                  [00014537], 000000, (000000) 
[ DEBUG5 "MyRemoveOverlay"]                  [00014538], 000000, (000000) 
[ DEBUG5 "MyRemoveOverlay"]                  [00014539], 000000, (000000) 
[ DEBUG5 "MyRemoveOverlay"]                  [00014540], 000000, (000000) 
[ DEBUG5 "MyRemoveOverlay"]                  [00014541], 000211, (000000) 
[ DEBUG5 "MyRemoveOverlay"]                  [00014542], 000211, (000000) 
[ DEBUG5 "MyRemoveOverlay"]                  [00014543], 000211, (000000) 
[ DEBUG5 "MyRemoveOverlay"] 
[ DEBUG5 "MyRemoveOverlay"] 
[ DEBUG0 "MyRemoveOverlay"] 	MCParticle at index: 0 has PDG: 13 and MCParticle to Track link weight is 1.00e+00
[ DEBUG0 "MyRemoveOverlay"] 	MCParticle at index: 0 with PDG code: 13 has highest link weight to input track
[ DEBUG6 "MyRemoveOverlay"] 		Track is not linked to a MCParticle
[ DEBUG6 "MyRemoveOverlay"] 		Cluster is not linked to a MCParticle
[ DEBUG7 "MyRemoveOverlay"] 		********** PFO AT INDEX 7 IS NOT OVERLAY **********
[ DEBUG8 "MyRemoveOverlay"] 
[ DEBUG8 "MyRemoveOverlay"] 		-------------------------------------------------------
[ DEBUG8 "MyRemoveOverlay"] 		Processing PFO at index 8
[ DEBUG5 "MyRemoveOverlay"] ------------------ ReconstructedParticle -----------------------------
[ DEBUG5 "MyRemoveOverlay"] Id                                                             0x14544
[ DEBUG5 "MyRemoveOverlay"] Compound                                                             0
[ DEBUG5 "MyRemoveOverlay"] Type                                                               211
[ DEBUG5 "MyRemoveOverlay"] Momentum (x,y,z)                       -9.94e-02, +3.30e-01, -1.05e+00
[ DEBUG5 "MyRemoveOverlay"] Mass [GeV]                                                    1.40e-01
[ DEBUG5 "MyRemoveOverlay"] Charge [e]                                                    1.00e+00
[ DEBUG5 "MyRemoveOverlay"] Energy [GeV]                                                  1.11e+00
[ DEBUG5 "MyRemoveOverlay"] ReferencePoint                         -4.47e+00, +1.65e+01, -5.15e+01
[ DEBUG5 "MyRemoveOverlay"] ParticleIDUsed                                                       0
[ DEBUG5 "MyRemoveOverlay"] GoodnessOfPID                                                 0.00e+00
[ DEBUG5 "MyRemoveOverlay"] Covariance p,E:  1.37e-06, -1.34e-07, 2.57e-06, 9.09e-07, -3.85e-06, 
[ DEBUG5 "MyRemoveOverlay"]                  1.32e-05, -1.02e-06, 4.41e-06, -1.36e-05, 1.43e-05
[ DEBUG5 "MyRemoveOverlay"] Particles id:    
[ DEBUG5 "MyRemoveOverlay"] Tracks id:    [00013732]
[ DEBUG5 "MyRemoveOverlay"] Clusters id:  [00014433]
[ DEBUG5 "MyRemoveOverlay"] Particle ids ( [id], PDG, (type)): 
[ DEBUG5 "MyRemoveOverlay"]                  [00014545], 000013, (000000) 
[ DEBUG5 "MyRemoveOverlay"]                  [00014546], 000013, (000000) 
[ DEBUG5 "MyRemoveOverlay"]                  [00014547], 000000, (000000) 
[ DEBUG5 "MyRemoveOverlay"]                  [00014548], 000000, (000000) 
[ DEBUG5 "MyRemoveOverlay"]                  [00014549], 000000, (000000) 
[ DEBUG5 "MyRemoveOverlay"]                  [00014550], 000000, (000000) 
[ DEBUG5 "MyRemoveOverlay"]                  [00014551], 000013, (000000) 
[ DEBUG5 "MyRemoveOverlay"]                  [00014552], 000211, (000000) 
[ DEBUG5 "MyRemoveOverlay"]                  [00014553], 000013, (000000) 
[ DEBUG5 "MyRemoveOverlay"] 
[ DEBUG5 "MyRemoveOverlay"] 
[ DEBUG0 "MyRemoveOverlay"] 	MCParticle at index: 0 has PDG: -13 and MCParticle to Track link weight is 1.00e+00
[ DEBUG0 "MyRemoveOverlay"] 	MCParticle at index: 0 with PDG code: -13 has highest link weight to input track
[ DEBUG0 "MyRemoveOverlay"] 	Track at index: 0 has highest link weight to MCParticle = 1.00e+00
[ DEBUG0 "MyRemoveOverlay"] 	Track linked to MCParticle with highest weight
[ DEBUG6 "MyRemoveOverlay"] 		Found a linked MCParticle to track
[ DEBUG5 "MyRemoveOverlay"] ----------------------------- MCParticle -----------------------------
[ DEBUG5 "MyRemoveOverlay"] Id                                                               13145
[ DEBUG5 "MyRemoveOverlay"] PDG                                                                -13
[ DEBUG5 "MyRemoveOverlay"] Energy [GeV]                                                  1.11e+00
[ DEBUG5 "MyRemoveOverlay"] Momentum [GeV] (x,y,z)                   -0.0991679, 0.331813, -1.0459
[ DEBUG5 "MyRemoveOverlay"] Momentum at Endpoint[GeV] (x,y,z)                                -0, 0, -0
[ DEBUG5 "MyRemoveOverlay"] GeneratorStatus                                                      1
[ DEBUG5 "MyRemoveOverlay"] Vertex [mm] (x,y,z)                                     0, 0, 0.131454
[ DEBUG5 "MyRemoveOverlay"] Endpoint [mm] (x,y,z)                       481.863, 112.398, -3260.63
[ DEBUG5 "MyRemoveOverlay"] Mass [GeV]                                                    1.06e-01
[ DEBUG5 "MyRemoveOverlay"] Charge                                                        1.00e+00
[ DEBUG5 "MyRemoveOverlay"] Parents                                                              1
[ DEBUG5 "MyRemoveOverlay"] Daughters                                                            0
[ DEBUG5 "MyRemoveOverlay"] simulator status bits: [sbvtcls]  s: created in simulation b: backscatter v: vertex is not endpoint of parent t: decayed in tracker c: decayed in calorimeter l: has left detector s: stopped o: overlay
[ DEBUG5 "MyRemoveOverlay"] [    c s ]
[ DEBUG5 "MyRemoveOverlay"] 
[ DEBUG0 "MyRemoveOverlay"] 	MCParticle at index: 1 has PDG: -13 and MCParticle to Cluster link weight is 9.56e-01
[ DEBUG0 "MyRemoveOverlay"] 	MCParticle at index: 1 with PDG code: -13 has highest link weight to input cluster
[ DEBUG0 "MyRemoveOverlay"] 	Cluster at index: 0 has highest link weight to MCParticle = 1.00e+00
[ DEBUG0 "MyRemoveOverlay"] 	Cluster linked to MCParticle with highest weight
[ DEBUG6 "MyRemoveOverlay"] 		Found a linked MCParticle to cluster
[ DEBUG5 "MyRemoveOverlay"] ----------------------------- MCParticle -----------------------------
[ DEBUG5 "MyRemoveOverlay"] Id                                                               13145
[ DEBUG5 "MyRemoveOverlay"] PDG                                                                -13
[ DEBUG5 "MyRemoveOverlay"] Energy [GeV]                                                  1.11e+00
[ DEBUG5 "MyRemoveOverlay"] Momentum [GeV] (x,y,z)                   -0.0991679, 0.331813, -1.0459
[ DEBUG5 "MyRemoveOverlay"] Momentum at Endpoint[GeV] (x,y,z)                                -0, 0, -0
[ DEBUG5 "MyRemoveOverlay"] GeneratorStatus                                                      1
[ DEBUG5 "MyRemoveOverlay"] Vertex [mm] (x,y,z)                                     0, 0, 0.131454
[ DEBUG5 "MyRemoveOverlay"] Endpoint [mm] (x,y,z)                       481.863, 112.398, -3260.63
[ DEBUG5 "MyRemoveOverlay"] Mass [GeV]                                                    1.06e-01
[ DEBUG5 "MyRemoveOverlay"] Charge                                                        1.00e+00
[ DEBUG5 "MyRemoveOverlay"] Parents                                                              1
[ DEBUG5 "MyRemoveOverlay"] Daughters                                                            0
[ DEBUG5 "MyRemoveOverlay"] simulator status bits: [sbvtcls]  s: created in simulation b: backscatter v: vertex is not endpoint of parent t: decayed in tracker c: decayed in calorimeter l: has left detector s: stopped o: overlay
[ DEBUG5 "MyRemoveOverlay"] [    c s ]
[ DEBUG5 "MyRemoveOverlay"] 
[ DEBUG7 "MyRemoveOverlay"] 		********** PFO AT INDEX 8 IS NOT OVERLAY **********
[ DEBUG8 "MyRemoveOverlay"] 
[ DEBUG8 "MyRemoveOverlay"] 		-------------------------------------------------------
[ DEBUG8 "MyRemoveOverlay"] 		Processing PFO at index 9
[ DEBUG5 "MyRemoveOverlay"] ------------------ ReconstructedParticle -----------------------------
[ DEBUG5 "MyRemoveOverlay"] Id                                                             0x14554
[ DEBUG5 "MyRemoveOverlay"] Compound                                                             0
[ DEBUG5 "MyRemoveOverlay"] Type                                                              -211
[ DEBUG5 "MyRemoveOverlay"] Momentum (x,y,z)                       -1.69e-01, -3.68e-01, -2.34e-01
[ DEBUG5 "MyRemoveOverlay"] Mass [GeV]                                                    1.40e-01
[ DEBUG5 "MyRemoveOverlay"] Charge [e]                                                   -1.00e+00
[ DEBUG5 "MyRemoveOverlay"] Energy [GeV]                                                  4.88e-01
[ DEBUG5 "MyRemoveOverlay"] ReferencePoint                         +2.75e+00, -1.80e+01, -1.30e+01
[ DEBUG5 "MyRemoveOverlay"] ParticleIDUsed                                                       0
[ DEBUG5 "MyRemoveOverlay"] GoodnessOfPID                                                 0.00e+00
[ DEBUG5 "MyRemoveOverlay"] Covariance p,E:  6.25e-07, -1.15e-07, 4.82e-07, -7.27e-08, -1.59e-07, 
[ DEBUG5 "MyRemoveOverlay"]                  6.21e-07, -9.49e-08, -2.47e-07, -1.53e-07, 2.93e-07
[ DEBUG5 "MyRemoveOverlay"] Particles id:    
[ DEBUG5 "MyRemoveOverlay"] Tracks id:    [00013817]
[ DEBUG5 "MyRemoveOverlay"] Clusters id:  [00014434]
[ DEBUG5 "MyRemoveOverlay"] Particle ids ( [id], PDG, (type)): 
[ DEBUG5 "MyRemoveOverlay"]                  [00014555], 000211, (000000) 
[ DEBUG5 "MyRemoveOverlay"]                  [00014556], 000211, (000000) 
[ DEBUG5 "MyRemoveOverlay"]                  [00014557], 000000, (000000) 
[ DEBUG5 "MyRemoveOverlay"]                  [00014558], 000000, (000000) 
[ DEBUG5 "MyRemoveOverlay"]                  [00014559], 000000, (000000) 
[ DEBUG5 "MyRemoveOverlay"]                  [00014560], 000000, (000000) 
[ DEBUG5 "MyRemoveOverlay"]                  [00014561], 000211, (000000) 
[ DEBUG5 "MyRemoveOverlay"]                  [00014562], 000211, (000000) 
[ DEBUG5 "MyRemoveOverlay"]                  [00014563], 000211, (000000) 
[ DEBUG5 "MyRemoveOverlay"] 
[ DEBUG5 "MyRemoveOverlay"] 
[ DEBUG0 "MyRemoveOverlay"] 	MCParticle at index: 0 has PDG: -211 and MCParticle to Track link weight is 9.87e-01
[ DEBUG0 "MyRemoveOverlay"] 	MCParticle at index: 0 with PDG code: -211 has highest link weight to input track
[ DEBUG6 "MyRemoveOverlay"] 		Track is not linked to a MCParticle
[ DEBUG0 "MyRemoveOverlay"] 	MCParticle at index: 0 has PDG: -211 and MCParticle to Cluster link weight is 1.00e+00
[ DEBUG0 "MyRemoveOverlay"] 	MCParticle at index: 0 with PDG code: -211 has highest link weight to input cluster
[ DEBUG6 "MyRemoveOverlay"] 		Cluster is not linked to a MCParticle
[ DEBUG7 "MyRemoveOverlay"] 		********** PFO AT INDEX 9 IS NOT OVERLAY **********
[ DEBUG8 "MyRemoveOverlay"] 
[ DEBUG8 "MyRemoveOverlay"] 		-------------------------------------------------------
[ DEBUG8 "MyRemoveOverlay"] 		Processing PFO at index 10
[ DEBUG5 "MyRemoveOverlay"] ------------------ ReconstructedParticle -----------------------------
[ DEBUG5 "MyRemoveOverlay"] Id                                                             0x14564
[ DEBUG5 "MyRemoveOverlay"] Compound                                                             0
[ DEBUG5 "MyRemoveOverlay"] Type                                                              -211
[ DEBUG5 "MyRemoveOverlay"] Momentum (x,y,z)                       -3.35e-02, -4.89e-01, -3.26e-01
[ DEBUG5 "MyRemoveOverlay"] Mass [GeV]                                                    1.40e-01
[ DEBUG5 "MyRemoveOverlay"] Charge [e]                                                   -1.00e+00
[ DEBUG5 "MyRemoveOverlay"] Energy [GeV]                                                  6.06e-01
[ DEBUG5 "MyRemoveOverlay"] ReferencePoint                         +2.09e+01, -7.54e+01, -8.69e+01
[ DEBUG5 "MyRemoveOverlay"] ParticleIDUsed                                                       0
[ DEBUG5 "MyRemoveOverlay"] GoodnessOfPID                                                 0.00e+00
[ DEBUG5 "MyRemoveOverlay"] Covariance p,E:  9.62e-06, -4.50e-05, 2.29e-04, -5.10e-05, 2.59e-04, 
[ DEBUG5 "MyRemoveOverlay"]                  2.94e-04, 6.85e-05, -3.47e-04, -3.94e-04, 5.28e-04
[ DEBUG5 "MyRemoveOverlay"] Particles id:    
[ DEBUG5 "MyRemoveOverlay"] Tracks id:    [00013872], [00013812]
[ DEBUG5 "MyRemoveOverlay"] Clusters id:  [00014435]
[ DEBUG5 "MyRemoveOverlay"] Particle ids ( [id], PDG, (type)): 
[ DEBUG5 "MyRemoveOverlay"]                  [00014565], 000013, (000000) 
[ DEBUG5 "MyRemoveOverlay"]                  [00014566], 000011, (000000) 
[ DEBUG5 "MyRemoveOverlay"]                  [00014567], 000011, (000000) 
[ DEBUG5 "MyRemoveOverlay"]                  [00014568], 000011, (000000) 
[ DEBUG5 "MyRemoveOverlay"]                  [00014569], 000011, (000000) 
[ DEBUG5 "MyRemoveOverlay"] 
[ DEBUG5 "MyRemoveOverlay"] 
[ DEBUG0 "MyRemoveOverlay"] 	MCParticle at index: 0 has PDG: -211 and MCParticle to Track link weight is 1.00e+00
[ DEBUG0 "MyRemoveOverlay"] 	MCParticle at index: 0 with PDG code: -211 has highest link weight to input track
[ DEBUG0 "MyRemoveOverlay"] 	Track at index: 0 has highest link weight to MCParticle = 1.00e+00
[ DEBUG0 "MyRemoveOverlay"] 	Track linked to MCParticle with highest weight
[ DEBUG6 "MyRemoveOverlay"] 		Found a linked MCParticle to track
[ DEBUG5 "MyRemoveOverlay"] ----------------------------- MCParticle -----------------------------
[ DEBUG5 "MyRemoveOverlay"] Id                                                               13205
[ DEBUG5 "MyRemoveOverlay"] PDG                                                               -211
[ DEBUG5 "MyRemoveOverlay"] Energy [GeV]                                                  2.14e+00
[ DEBUG5 "MyRemoveOverlay"] Momentum [GeV] (x,y,z)                    0.247097, -1.40289, -1.58421
[ DEBUG5 "MyRemoveOverlay"] Momentum at Endpoint[GeV] (x,y,z)                                0, -0, -0
[ DEBUG5 "MyRemoveOverlay"] GeneratorStatus                                                      1
[ DEBUG5 "MyRemoveOverlay"] Vertex [mm] (x,y,z)              3.10875e-311, -3.49162e-309, 0.131454
[ DEBUG5 "MyRemoveOverlay"] Endpoint [mm] (x,y,z)                       84.5519, -288.57, -334.725
[ DEBUG5 "MyRemoveOverlay"] Mass [GeV]                                                    1.40e-01
[ DEBUG5 "MyRemoveOverlay"] Charge                                                       -1.00e+00
[ DEBUG5 "MyRemoveOverlay"] Parents                                                              1
[ DEBUG5 "MyRemoveOverlay"] Daughters                                                            9
[ DEBUG5 "MyRemoveOverlay"] simulator status bits: [sbvtcls]  s: created in simulation b: backscatter v: vertex is not endpoint of parent t: decayed in tracker c: decayed in calorimeter l: has left detector s: stopped o: overlay
[ DEBUG5 "MyRemoveOverlay"] [   t  s ]
[ DEBUG5 "MyRemoveOverlay"] 
[ DEBUG6 "MyRemoveOverlay"] 		Track is not linked to a MCParticle
[ DEBUG0 "MyRemoveOverlay"] 	MCParticle at index: 0 has PDG: 13 and MCParticle to Cluster link weight is 9.64e-01
[ DEBUG0 "MyRemoveOverlay"] 	MCParticle at index: 0 with PDG code: 13 has highest link weight to input cluster
[ DEBUG0 "MyRemoveOverlay"] 	Cluster at index: 0 has highest link weight to MCParticle = 1.00e+00
[ DEBUG0 "MyRemoveOverlay"] 	Cluster linked to MCParticle with highest weight
[ DEBUG6 "MyRemoveOverlay"] 		Found a linked MCParticle to cluster
[ DEBUG5 "MyRemoveOverlay"] ----------------------------- MCParticle -----------------------------
[ DEBUG5 "MyRemoveOverlay"] Id                                                               13238
[ DEBUG5 "MyRemoveOverlay"] PDG                                                                 13
[ DEBUG5 "MyRemoveOverlay"] Energy [GeV]                                                  6.09e-01
[ DEBUG5 "MyRemoveOverlay"] Momentum [GeV] (x,y,z)                  0.474295, -0.164952, -0.327844
[ DEBUG5 "MyRemoveOverlay"] Momentum at Endpoint[GeV] (x,y,z)                                 -0, 0, 0
[ DEBUG5 "MyRemoveOverlay"] GeneratorStatus                                                      0
[ DEBUG5 "MyRemoveOverlay"] Vertex [mm] (x,y,z)                        318.476, -476.876, -537.443
[ DEBUG5 "MyRemoveOverlay"] Endpoint [mm] (x,y,z)                      570.739, -481.613, -2548.53
[ DEBUG5 "MyRemoveOverlay"] Mass [GeV]                                                    1.06e-01
[ DEBUG5 "MyRemoveOverlay"] Charge                                                       -1.00e+00
[ DEBUG5 "MyRemoveOverlay"] Parents                                                              1
[ DEBUG5 "MyRemoveOverlay"] Daughters                                                            0
[ DEBUG5 "MyRemoveOverlay"] simulator status bits: [sbvtcls]  s: created in simulation b: backscatter v: vertex is not endpoint of parent t: decayed in tracker c: decayed in calorimeter l: has left detector s: stopped o: overlay
[ DEBUG5 "MyRemoveOverlay"] [s   c s ]
[ DEBUG5 "MyRemoveOverlay"] 
[ DEBUG7 "MyRemoveOverlay"] 		********** PFO AT INDEX 10 IS NOT OVERLAY **********
[ DEBUG8 "MyRemoveOverlay"] 
[ DEBUG8 "MyRemoveOverlay"] 		-------------------------------------------------------
[ DEBUG8 "MyRemoveOverlay"] 		Processing PFO at index 11
[ DEBUG5 "MyRemoveOverlay"] ------------------ ReconstructedParticle -----------------------------
[ DEBUG5 "MyRemoveOverlay"] Id                                                             0x14570
[ DEBUG5 "MyRemoveOverlay"] Compound                                                             0
[ DEBUG5 "MyRemoveOverlay"] Type                                                              -211
[ DEBUG5 "MyRemoveOverlay"] Momentum (x,y,z)                       +1.51e-01, -2.97e+00, -3.12e+00
[ DEBUG5 "MyRemoveOverlay"] Mass [GeV]                                                    1.40e-01
[ DEBUG5 "MyRemoveOverlay"] Charge [e]                                                   -1.00e+00
[ DEBUG5 "MyRemoveOverlay"] Energy [GeV]                                                  4.31e+00
[ DEBUG5 "MyRemoveOverlay"] ReferencePoint                         +8.62e-01, -1.60e+01, -1.66e+01
[ DEBUG5 "MyRemoveOverlay"] ParticleIDUsed                                                       0
[ DEBUG5 "MyRemoveOverlay"] GoodnessOfPID                                                 0.00e+00
[ DEBUG5 "MyRemoveOverlay"] Covariance p,E:  8.21e-07, -4.02e-07, 7.13e-06, -4.14e-07, 6.70e-06, 
[ DEBUG5 "MyRemoveOverlay"]                  7.78e-06, 6.05e-07, -9.77e-06, -1.03e-05, 1.42e-05
[ DEBUG5 "MyRemoveOverlay"] Particles id:    
[ DEBUG5 "MyRemoveOverlay"] Tracks id:    [00013712]
[ DEBUG5 "MyRemoveOverlay"] Clusters id:  [00014436]
[ DEBUG5 "MyRemoveOverlay"] Particle ids ( [id], PDG, (type)): 
[ DEBUG5 "MyRemoveOverlay"]                  [00014571], 000321, (000000) 
[ DEBUG5 "MyRemoveOverlay"]                  [00014572], 000000, (000000) 
[ DEBUG5 "MyRemoveOverlay"]                  [00014573], 000000, (000000) 
[ DEBUG5 "MyRemoveOverlay"]                  [00014574], 000000, (000000) 
[ DEBUG5 "MyRemoveOverlay"]                  [00014575], 000000, (000000) 
[ DEBUG5 "MyRemoveOverlay"]                  [00014576], 000000, (000000) 
[ DEBUG5 "MyRemoveOverlay"]                  [00014577], 000011, (000000) 
[ DEBUG5 "MyRemoveOverlay"]                  [00014578], 000321, (000000) 
[ DEBUG5 "MyRemoveOverlay"]                  [00014579], 000011, (000000) 
[ DEBUG5 "MyRemoveOverlay"] 
[ DEBUG5 "MyRemoveOverlay"] 
[ DEBUG0 "MyRemoveOverlay"] 	MCParticle at index: 0 has PDG: -211 and MCParticle to Track link weight is 1.00e+00
[ DEBUG0 "MyRemoveOverlay"] 	MCParticle at index: 0 with PDG code: -211 has highest link weight to input track
[ DEBUG0 "MyRemoveOverlay"] 	Track at index: 0 has highest link weight to MCParticle = 9.91e-01
[ DEBUG0 "MyRemoveOverlay"] 	Track linked to MCParticle with highest weight
[ DEBUG6 "MyRemoveOverlay"] 		Found a linked MCParticle to track
[ DEBUG5 "MyRemoveOverlay"] ----------------------------- MCParticle -----------------------------
[ DEBUG5 "MyRemoveOverlay"] Id                                                               13200
[ DEBUG5 "MyRemoveOverlay"] PDG                                                               -211
[ DEBUG5 "MyRemoveOverlay"] Energy [GeV]                                                  4.31e+00
[ DEBUG5 "MyRemoveOverlay"] Momentum [GeV] (x,y,z)                    0.151951, -2.97039, -3.11677
[ DEBUG5 "MyRemoveOverlay"] Momentum at Endpoint[GeV] (x,y,z)                                0, -0, -0
[ DEBUG5 "MyRemoveOverlay"] GeneratorStatus                                                      1
[ DEBUG5 "MyRemoveOverlay"] Vertex [mm] (x,y,z)                                     0, 0, 0.131454
[ DEBUG5 "MyRemoveOverlay"] Endpoint [mm] (x,y,z)                      811.933, -1844.59, -2158.96
[ DEBUG5 "MyRemoveOverlay"] Mass [GeV]                                                    1.40e-01
[ DEBUG5 "MyRemoveOverlay"] Charge                                                       -1.00e+00
[ DEBUG5 "MyRemoveOverlay"] Parents                                                              1
[ DEBUG5 "MyRemoveOverlay"] Daughters                                                            0
[ DEBUG5 "MyRemoveOverlay"] simulator status bits: [sbvtcls]  s: created in simulation b: backscatter v: vertex is not endpoint of parent t: decayed in tracker c: decayed in calorimeter l: has left detector s: stopped o: overlay
[ DEBUG5 "MyRemoveOverlay"] [    c s ]
[ DEBUG5 "MyRemoveOverlay"] 
[ DEBUG0 "MyRemoveOverlay"] 	MCParticle at index: 2 has PDG: -211 and MCParticle to Cluster link weight is 9.89e-01
[ DEBUG0 "MyRemoveOverlay"] 	MCParticle at index: 2 with PDG code: -211 has highest link weight to input cluster
[ DEBUG6 "MyRemoveOverlay"] 		Cluster is not linked to a MCParticle
[ DEBUG7 "MyRemoveOverlay"] 		********** PFO AT INDEX 11 IS NOT OVERLAY **********
[ DEBUG8 "MyRemoveOverlay"] 
[ DEBUG8 "MyRemoveOverlay"] 		-------------------------------------------------------
[ DEBUG8 "MyRemoveOverlay"] 		Processing PFO at index 12
[ DEBUG5 "MyRemoveOverlay"] ------------------ ReconstructedParticle -----------------------------
[ DEBUG5 "MyRemoveOverlay"] Id                                                             0x14580
[ DEBUG5 "MyRemoveOverlay"] Compound                                                             0
[ DEBUG5 "MyRemoveOverlay"] Type                                                               211
[ DEBUG5 "MyRemoveOverlay"] Momentum (x,y,z)                       -3.24e-01, -9.77e-01, -8.82e-01
[ DEBUG5 "MyRemoveOverlay"] Mass [GeV]                                                    1.40e-01
[ DEBUG5 "MyRemoveOverlay"] Charge [e]                                                    1.00e+00
[ DEBUG5 "MyRemoveOverlay"] Energy [GeV]                                                  1.36e+00
[ DEBUG5 "MyRemoveOverlay"] ReferencePoint                         -5.47e+00, -1.60e+01, -1.43e+01
[ DEBUG5 "MyRemoveOverlay"] ParticleIDUsed                                                       0
[ DEBUG5 "MyRemoveOverlay"] GoodnessOfPID                                                 0.00e+00
[ DEBUG5 "MyRemoveOverlay"] Covariance p,E:  7.00e-07, 1.18e-07, 9.24e-07, 9.73e-08, 2.68e-07, 
[ DEBUG5 "MyRemoveOverlay"]                  8.84e-07, -3.14e-07, -8.64e-07, -7.88e-07, 1.20e-06
[ DEBUG5 "MyRemoveOverlay"] Particles id:    
[ DEBUG5 "MyRemoveOverlay"] Tracks id:    [00013707]
[ DEBUG5 "MyRemoveOverlay"] Clusters id:  [00014437]
[ DEBUG5 "MyRemoveOverlay"] Particle ids ( [id], PDG, (type)): 
[ DEBUG5 "MyRemoveOverlay"]                  [00014581], 000211, (000000) 
[ DEBUG5 "MyRemoveOverlay"]                  [00014582], 000000, (000000) 
[ DEBUG5 "MyRemoveOverlay"]                  [00014583], 000000, (000000) 
[ DEBUG5 "MyRemoveOverlay"]                  [00014584], 000000, (000000) 
[ DEBUG5 "MyRemoveOverlay"]                  [00014585], 000000, (000000) 
[ DEBUG5 "MyRemoveOverlay"]                  [00014586], 000000, (000000) 
[ DEBUG5 "MyRemoveOverlay"]                  [00014587], 000013, (000000) 
[ DEBUG5 "MyRemoveOverlay"]                  [00014588], 000011, (000000) 
[ DEBUG5 "MyRemoveOverlay"]                  [00014589], 000211, (000000) 
[ DEBUG5 "MyRemoveOverlay"] 
[ DEBUG5 "MyRemoveOverlay"] 
[ DEBUG0 "MyRemoveOverlay"] 	MCParticle at index: 0 has PDG: 211 and MCParticle to Track link weight is 1.00e+00
[ DEBUG0 "MyRemoveOverlay"] 	MCParticle at index: 0 with PDG code: 211 has highest link weight to input track
[ DEBUG0 "MyRemoveOverlay"] 	Track at index: 0 has highest link weight to MCParticle = 9.79e-01
[ DEBUG0 "MyRemoveOverlay"] 	Track linked to MCParticle with highest weight
[ DEBUG6 "MyRemoveOverlay"] 		Found a linked MCParticle to track
[ DEBUG5 "MyRemoveOverlay"] ----------------------------- MCParticle -----------------------------
[ DEBUG5 "MyRemoveOverlay"] Id                                                               13181
[ DEBUG5 "MyRemoveOverlay"] PDG                                                                211
[ DEBUG5 "MyRemoveOverlay"] Energy [GeV]                                                  1.36e+00
[ DEBUG5 "MyRemoveOverlay"] Momentum [GeV] (x,y,z)                 -0.325328, -0.977753, -0.879529
[ DEBUG5 "MyRemoveOverlay"] Momentum at Endpoint[GeV] (x,y,z)                                -0, 0, -0
[ DEBUG5 "MyRemoveOverlay"] GeneratorStatus                                                      1
[ DEBUG5 "MyRemoveOverlay"] Vertex [mm] (x,y,z)                                     0, 0, 0.131454
[ DEBUG5 "MyRemoveOverlay"] Endpoint [mm] (x,y,z)                      -1829.5, -55.4598, -2064.97
[ DEBUG5 "MyRemoveOverlay"] Mass [GeV]                                                    1.40e-01
[ DEBUG5 "MyRemoveOverlay"] Charge                                                        1.00e+00
[ DEBUG5 "MyRemoveOverlay"] Parents                                                              1
[ DEBUG5 "MyRemoveOverlay"] Daughters                                                            0
[ DEBUG5 "MyRemoveOverlay"] simulator status bits: [sbvtcls]  s: created in simulation b: backscatter v: vertex is not endpoint of parent t: decayed in tracker c: decayed in calorimeter l: has left detector s: stopped o: overlay
[ DEBUG5 "MyRemoveOverlay"] [    c s ]
[ DEBUG5 "MyRemoveOverlay"] 
[ DEBUG0 "MyRemoveOverlay"] 	MCParticle at index: 0 has PDG: 211 and MCParticle to Cluster link weight is 9.50e-01
[ DEBUG0 "MyRemoveOverlay"] 	MCParticle at index: 0 with PDG code: 211 has highest link weight to input cluster
[ DEBUG6 "MyRemoveOverlay"] 		Cluster is not linked to a MCParticle
[ DEBUG7 "MyRemoveOverlay"] 		********** PFO AT INDEX 12 IS NOT OVERLAY **********
[ DEBUG8 "MyRemoveOverlay"] 
[ DEBUG8 "MyRemoveOverlay"] 		-------------------------------------------------------
[ DEBUG8 "MyRemoveOverlay"] 		Processing PFO at index 13
[ DEBUG5 "MyRemoveOverlay"] ------------------ ReconstructedParticle -----------------------------
[ DEBUG5 "MyRemoveOverlay"] Id                                                             0x14590
[ DEBUG5 "MyRemoveOverlay"] Compound                                                             0
[ DEBUG5 "MyRemoveOverlay"] Type                                                               211
[ DEBUG5 "MyRemoveOverlay"] Momentum (x,y,z)                       -1.16e-01, -4.40e+00, -4.69e+00
[ DEBUG5 "MyRemoveOverlay"] Mass [GeV]                                                    1.40e-01
[ DEBUG5 "MyRemoveOverlay"] Charge [e]                                                    1.00e+00
[ DEBUG5 "MyRemoveOverlay"] Energy [GeV]                                                  6.44e+00
[ DEBUG5 "MyRemoveOverlay"] ReferencePoint                         -4.51e-01, -1.60e+01, -1.69e+01
[ DEBUG5 "MyRemoveOverlay"] ParticleIDUsed                                                       0
[ DEBUG5 "MyRemoveOverlay"] GoodnessOfPID                                                 0.00e+00
[ DEBUG5 "MyRemoveOverlay"] Covariance p,E:  8.99e-07, 5.33e-07, 1.60e-05, 5.60e-07, 1.62e-05, 
[ DEBUG5 "MyRemoveOverlay"]                  1.81e-05, -7.89e-07, -2.28e-05, -2.42e-05, 3.33e-05
[ DEBUG5 "MyRemoveOverlay"] Particles id:    
[ DEBUG5 "MyRemoveOverlay"] Tracks id:    [00013682]
[ DEBUG5 "MyRemoveOverlay"] Clusters id:  [00014438]
[ DEBUG5 "MyRemoveOverlay"] Particle ids ( [id], PDG, (type)): 
[ DEBUG5 "MyRemoveOverlay"]                  [00014591], 000211, (000000) 
[ DEBUG5 "MyRemoveOverlay"]                  [00014592], 000000, (000000) 
[ DEBUG5 "MyRemoveOverlay"]                  [00014593], 000000, (000000) 
[ DEBUG5 "MyRemoveOverlay"]                  [00014594], 000000, (000000) 
[ DEBUG5 "MyRemoveOverlay"]                  [00014595], 000000, (000000) 
[ DEBUG5 "MyRemoveOverlay"]                  [00014596], 000000, (000000) 
[ DEBUG5 "MyRemoveOverlay"]                  [00014597], 000011, (000000) 
[ DEBUG5 "MyRemoveOverlay"]                  [00014598], 000211, (000000) 
[ DEBUG5 "MyRemoveOverlay"]                  [00014599], 000011, (000000) 
[ DEBUG5 "MyRemoveOverlay"] 
[ DEBUG5 "MyRemoveOverlay"] 
[ DEBUG0 "MyRemoveOverlay"] 	MCParticle at index: 0 has PDG: 211 and MCParticle to Track link weight is 1.00e+00
[ DEBUG0 "MyRemoveOverlay"] 	MCParticle at index: 0 with PDG code: 211 has highest link weight to input track
[ DEBUG0 "MyRemoveOverlay"] 	Track at index: 0 has highest link weight to MCParticle = 9.91e-01
[ DEBUG0 "MyRemoveOverlay"] 	Track linked to MCParticle with highest weight
[ DEBUG6 "MyRemoveOverlay"] 		Found a linked MCParticle to track
[ DEBUG5 "MyRemoveOverlay"] ----------------------------- MCParticle -----------------------------
[ DEBUG5 "MyRemoveOverlay"] Id                                                               13204
[ DEBUG5 "MyRemoveOverlay"] PDG                                                                211
[ DEBUG5 "MyRemoveOverlay"] Energy [GeV]                                                  6.44e+00
[ DEBUG5 "MyRemoveOverlay"] Momentum [GeV] (x,y,z)                   -0.115596, -4.40697, -4.69113
[ DEBUG5 "MyRemoveOverlay"] Momentum at Endpoint[GeV] (x,y,z)                               -0, -0, -0
[ DEBUG5 "MyRemoveOverlay"] GeneratorStatus                                                      1
[ DEBUG5 "MyRemoveOverlay"] Vertex [mm] (x,y,z)              3.10875e-311, -3.49162e-309, 0.131454
[ DEBUG5 "MyRemoveOverlay"] Endpoint [mm] (x,y,z)                     -473.079, -1830.95, -2030.92
[ DEBUG5 "MyRemoveOverlay"] Mass [GeV]                                                    1.40e-01
[ DEBUG5 "MyRemoveOverlay"] Charge                                                        1.00e+00
[ DEBUG5 "MyRemoveOverlay"] Parents                                                              1
[ DEBUG5 "MyRemoveOverlay"] Daughters                                                            1
[ DEBUG5 "MyRemoveOverlay"] simulator status bits: [sbvtcls]  s: created in simulation b: backscatter v: vertex is not endpoint of parent t: decayed in tracker c: decayed in calorimeter l: has left detector s: stopped o: overlay
[ DEBUG5 "MyRemoveOverlay"] [    c s ]
[ DEBUG5 "MyRemoveOverlay"] 
[ DEBUG0 "MyRemoveOverlay"] 	MCParticle at index: 1 has PDG: 211 and MCParticle to Cluster link weight is 9.69e-01
[ DEBUG0 "MyRemoveOverlay"] 	MCParticle at index: 1 with PDG code: 211 has highest link weight to input cluster
[ DEBUG6 "MyRemoveOverlay"] 		Cluster is not linked to a MCParticle
[ DEBUG7 "MyRemoveOverlay"] 		********** PFO AT INDEX 13 IS NOT OVERLAY **********
[ DEBUG8 "MyRemoveOverlay"] 
[ DEBUG8 "MyRemoveOverlay"] 		-------------------------------------------------------
[ DEBUG8 "MyRemoveOverlay"] 		Processing PFO at index 14
[ DEBUG5 "MyRemoveOverlay"] ------------------ ReconstructedParticle -----------------------------
[ DEBUG5 "MyRemoveOverlay"] Id                                                             0x14600
[ DEBUG5 "MyRemoveOverlay"] Compound                                                             0
[ DEBUG5 "MyRemoveOverlay"] Type                                                              -211
[ DEBUG5 "MyRemoveOverlay"] Momentum (x,y,z)                       +3.39e-01, -1.70e+00, -1.81e+00
[ DEBUG5 "MyRemoveOverlay"] Mass [GeV]                                                    1.40e-01
[ DEBUG5 "MyRemoveOverlay"] Charge [e]                                                   -1.00e+00
[ DEBUG5 "MyRemoveOverlay"] Energy [GeV]                                                  2.51e+00
[ DEBUG5 "MyRemoveOverlay"] ReferencePoint                         +3.52e+00, -1.72e+01, -1.82e+01
[ DEBUG5 "MyRemoveOverlay"] ParticleIDUsed                                                       0
[ DEBUG5 "MyRemoveOverlay"] GoodnessOfPID                                                 0.00e+00
[ DEBUG5 "MyRemoveOverlay"] Covariance p,E:  8.81e-07, -3.76e-07, 2.50e-06, -4.11e-07, 1.83e-06, 
[ DEBUG5 "MyRemoveOverlay"]                  2.74e-06, 6.70e-07, -3.07e-06, -3.27e-06, 4.53e-06
[ DEBUG5 "MyRemoveOverlay"] Particles id:    
[ DEBUG5 "MyRemoveOverlay"] Tracks id:    [00013777]
[ DEBUG5 "MyRemoveOverlay"] Clusters id:  [00014439]
[ DEBUG5 "MyRemoveOverlay"] Particle ids ( [id], PDG, (type)): 
[ DEBUG5 "MyRemoveOverlay"]                  [00014601], 002212, (000000) 
[ DEBUG5 "MyRemoveOverlay"]                  [00014602], 000000, (000000) 
[ DEBUG5 "MyRemoveOverlay"]                  [00014603], 000000, (000000) 
[ DEBUG5 "MyRemoveOverlay"]                  [00014604], 000000, (000000) 
[ DEBUG5 "MyRemoveOverlay"]                  [00014605], 000000, (000000) 
[ DEBUG5 "MyRemoveOverlay"]                  [00014606], 000000, (000000) 
[ DEBUG5 "MyRemoveOverlay"]                  [00014607], 000013, (000000) 
[ DEBUG5 "MyRemoveOverlay"]                  [00014608], 002212, (000000) 
[ DEBUG5 "MyRemoveOverlay"]                  [00014609], 000013, (000000) 
[ DEBUG5 "MyRemoveOverlay"] 
[ DEBUG5 "MyRemoveOverlay"] 
[ DEBUG0 "MyRemoveOverlay"] 	MCParticle at index: 0 has PDG: -211 and MCParticle to Track link weight is 1.00e+00
[ DEBUG0 "MyRemoveOverlay"] 	MCParticle at index: 0 with PDG code: -211 has highest link weight to input track
[ DEBUG0 "MyRemoveOverlay"] 	Track at index: 0 has highest link weight to MCParticle = 9.83e-01
[ DEBUG0 "MyRemoveOverlay"] 	Track linked to MCParticle with highest weight
[ DEBUG6 "MyRemoveOverlay"] 		Found a linked MCParticle to track
[ DEBUG5 "MyRemoveOverlay"] ----------------------------- MCParticle -----------------------------
[ DEBUG5 "MyRemoveOverlay"] Id                                                               13199
[ DEBUG5 "MyRemoveOverlay"] PDG                                                               -211
[ DEBUG5 "MyRemoveOverlay"] Energy [GeV]                                                  2.51e+00
[ DEBUG5 "MyRemoveOverlay"] Momentum [GeV] (x,y,z)                     0.338948, -1.7027, -1.81027
[ DEBUG5 "MyRemoveOverlay"] Momentum at Endpoint[GeV] (x,y,z)                                 0, 0, -0
[ DEBUG5 "MyRemoveOverlay"] GeneratorStatus                                                      1
[ DEBUG5 "MyRemoveOverlay"] Vertex [mm] (x,y,z)              1.27693e-309, -3.17485e-308, 0.131454
[ DEBUG5 "MyRemoveOverlay"] Endpoint [mm] (x,y,z)                      1848.72, -1319.32, -2622.07
[ DEBUG5 "MyRemoveOverlay"] Mass [GeV]                                                    1.40e-01
[ DEBUG5 "MyRemoveOverlay"] Charge                                                       -1.00e+00
[ DEBUG5 "MyRemoveOverlay"] Parents                                                              1
[ DEBUG5 "MyRemoveOverlay"] Daughters                                                            0
[ DEBUG5 "MyRemoveOverlay"] simulator status bits: [sbvtcls]  s: created in simulation b: backscatter v: vertex is not endpoint of parent t: decayed in tracker c: decayed in calorimeter l: has left detector s: stopped o: overlay
[ DEBUG5 "MyRemoveOverlay"] [    c s ]
[ DEBUG5 "MyRemoveOverlay"] 
[ DEBUG0 "MyRemoveOverlay"] 	MCParticle at index: 0 has PDG: -211 and MCParticle to Cluster link weight is 1.00e+00
[ DEBUG0 "MyRemoveOverlay"] 	MCParticle at index: 0 with PDG code: -211 has highest link weight to input cluster
[ DEBUG0 "MyRemoveOverlay"] 	Cluster at index: 0 has highest link weight to MCParticle = 9.78e-01
[ DEBUG0 "MyRemoveOverlay"] 	Cluster linked to MCParticle with highest weight
[ DEBUG6 "MyRemoveOverlay"] 		Found a linked MCParticle to cluster
[ DEBUG5 "MyRemoveOverlay"] ----------------------------- MCParticle -----------------------------
[ DEBUG5 "MyRemoveOverlay"] Id                                                               13199
[ DEBUG5 "MyRemoveOverlay"] PDG                                                               -211
[ DEBUG5 "MyRemoveOverlay"] Energy [GeV]                                                  2.51e+00
[ DEBUG5 "MyRemoveOverlay"] Momentum [GeV] (x,y,z)                     0.338948, -1.7027, -1.81027
[ DEBUG5 "MyRemoveOverlay"] Momentum at Endpoint[GeV] (x,y,z)                                 0, 0, -0
[ DEBUG5 "MyRemoveOverlay"] GeneratorStatus                                                      1
[ DEBUG5 "MyRemoveOverlay"] Vertex [mm] (x,y,z)              1.27693e-309, -3.17485e-308, 0.131454
[ DEBUG5 "MyRemoveOverlay"] Endpoint [mm] (x,y,z)                      1848.72, -1319.32, -2622.07
[ DEBUG5 "MyRemoveOverlay"] Mass [GeV]                                                    1.40e-01
[ DEBUG5 "MyRemoveOverlay"] Charge                                                       -1.00e+00
[ DEBUG5 "MyRemoveOverlay"] Parents                                                              1
[ DEBUG5 "MyRemoveOverlay"] Daughters                                                            0
[ DEBUG5 "MyRemoveOverlay"] simulator status bits: [sbvtcls]  s: created in simulation b: backscatter v: vertex is not endpoint of parent t: decayed in tracker c: decayed in calorimeter l: has left detector s: stopped o: overlay
[ DEBUG5 "MyRemoveOverlay"] [    c s ]
[ DEBUG5 "MyRemoveOverlay"] 
[ DEBUG7 "MyRemoveOverlay"] 		********** PFO AT INDEX 14 IS NOT OVERLAY **********
[ DEBUG8 "MyRemoveOverlay"] 
[ DEBUG8 "MyRemoveOverlay"] 		-------------------------------------------------------
[ DEBUG8 "MyRemoveOverlay"] 		Processing PFO at index 15
[ DEBUG5 "MyRemoveOverlay"] ------------------ ReconstructedParticle -----------------------------
[ DEBUG5 "MyRemoveOverlay"] Id                                                             0x14610
[ DEBUG5 "MyRemoveOverlay"] Compound                                                             0
[ DEBUG5 "MyRemoveOverlay"] Type                                                              -211
[ DEBUG5 "MyRemoveOverlay"] Momentum (x,y,z)                       -1.96e-01, -1.64e+01, -1.69e+01
[ DEBUG5 "MyRemoveOverlay"] Mass [GeV]                                                    1.40e-01
[ DEBUG5 "MyRemoveOverlay"] Charge [e]                                                   -1.00e+00
[ DEBUG5 "MyRemoveOverlay"] Energy [GeV]                                                  2.36e+01
[ DEBUG5 "MyRemoveOverlay"] ReferencePoint                         -1.82e-01, -1.60e+01, -1.63e+01
[ DEBUG5 "MyRemoveOverlay"] ParticleIDUsed                                                       0
[ DEBUG5 "MyRemoveOverlay"] GoodnessOfPID                                                 0.00e+00
[ DEBUG5 "MyRemoveOverlay"] Covariance p,E:  1.53e-06, 2.01e-06, 2.57e-04, 2.09e-06, 2.63e-04, 
[ DEBUG5 "MyRemoveOverlay"]                  2.72e-04, -2.91e-06, -3.67e-04, -3.78e-04, 5.27e-04
[ DEBUG5 "MyRemoveOverlay"] Particles id:    
[ DEBUG5 "MyRemoveOverlay"] Tracks id:    [00013692]
[ DEBUG5 "MyRemoveOverlay"] Clusters id:  [00014440]
[ DEBUG5 "MyRemoveOverlay"] Particle ids ( [id], PDG, (type)): 
[ DEBUG5 "MyRemoveOverlay"]                  [00014611], 000211, (000000) 
[ DEBUG5 "MyRemoveOverlay"]                  [00014612], 000000, (000000) 
[ DEBUG5 "MyRemoveOverlay"]                  [00014613], 000000, (000000) 
[ DEBUG5 "MyRemoveOverlay"]                  [00014614], 000000, (000000) 
[ DEBUG5 "MyRemoveOverlay"]                  [00014615], 000000, (000000) 
[ DEBUG5 "MyRemoveOverlay"]                  [00014616], 000000, (000000) 
[ DEBUG5 "MyRemoveOverlay"]                  [00014617], 000211, (000000) 
[ DEBUG5 "MyRemoveOverlay"]                  [00014618], 000211, (000000) 
[ DEBUG5 "MyRemoveOverlay"]                  [00014619], 000211, (000000) 
[ DEBUG5 "MyRemoveOverlay"] 
[ DEBUG5 "MyRemoveOverlay"] 
[ DEBUG0 "MyRemoveOverlay"] 	MCParticle at index: 0 has PDG: -211 and MCParticle to Track link weight is 1.00e+00
[ DEBUG0 "MyRemoveOverlay"] 	MCParticle at index: 0 with PDG code: -211 has highest link weight to input track
[ DEBUG0 "MyRemoveOverlay"] 	Track at index: 0 has highest link weight to MCParticle = 1.00e+00
[ DEBUG0 "MyRemoveOverlay"] 	Track linked to MCParticle with highest weight
[ DEBUG6 "MyRemoveOverlay"] 		Found a linked MCParticle to track
[ DEBUG5 "MyRemoveOverlay"] ----------------------------- MCParticle -----------------------------
[ DEBUG5 "MyRemoveOverlay"] Id                                                               13189
[ DEBUG5 "MyRemoveOverlay"] PDG                                                               -211
[ DEBUG5 "MyRemoveOverlay"] Energy [GeV]                                                  2.36e+01
[ DEBUG5 "MyRemoveOverlay"] Momentum [GeV] (x,y,z)                    -0.195491, -16.414, -16.8984
[ DEBUG5 "MyRemoveOverlay"] Momentum at Endpoint[GeV] (x,y,z)                                0, -0, -0
[ DEBUG5 "MyRemoveOverlay"] GeneratorStatus                                                      1
[ DEBUG5 "MyRemoveOverlay"] Vertex [mm] (x,y,z)              7.39656e-311, -1.89499e-308, 0.131454
[ DEBUG5 "MyRemoveOverlay"] Endpoint [mm] (x,y,z)                      97.6233, -1949.66, -2009.96
[ DEBUG5 "MyRemoveOverlay"] Mass [GeV]                                                    1.40e-01
[ DEBUG5 "MyRemoveOverlay"] Charge                                                       -1.00e+00
[ DEBUG5 "MyRemoveOverlay"] Parents                                                              1
[ DEBUG5 "MyRemoveOverlay"] Daughters                                                            0
[ DEBUG5 "MyRemoveOverlay"] simulator status bits: [sbvtcls]  s: created in simulation b: backscatter v: vertex is not endpoint of parent t: decayed in tracker c: decayed in calorimeter l: has left detector s: stopped o: overlay
[ DEBUG5 "MyRemoveOverlay"] [    c s ]
[ DEBUG5 "MyRemoveOverlay"] 
[ DEBUG0 "MyRemoveOverlay"] 	MCParticle at index: 1 has PDG: -211 and MCParticle to Cluster link weight is 9.75e-01
[ DEBUG0 "MyRemoveOverlay"] 	MCParticle at index: 1 with PDG code: -211 has highest link weight to input cluster
[ DEBUG6 "MyRemoveOverlay"] 		Cluster is not linked to a MCParticle
[ DEBUG7 "MyRemoveOverlay"] 		********** PFO AT INDEX 15 IS NOT OVERLAY **********
[ DEBUG8 "MyRemoveOverlay"] 
[ DEBUG8 "MyRemoveOverlay"] 		-------------------------------------------------------
[ DEBUG8 "MyRemoveOverlay"] 		Processing PFO at index 16
[ DEBUG5 "MyRemoveOverlay"] ------------------ ReconstructedParticle -----------------------------
[ DEBUG5 "MyRemoveOverlay"] Id                                                             0x14620
[ DEBUG5 "MyRemoveOverlay"] Compound                                                             0
[ DEBUG5 "MyRemoveOverlay"] Type                                                               321
[ DEBUG5 "MyRemoveOverlay"] Momentum (x,y,z)                       -1.91e-01, -1.94e+00, -1.89e+00
[ DEBUG5 "MyRemoveOverlay"] Mass [GeV]                                                    4.94e-01
[ DEBUG5 "MyRemoveOverlay"] Charge [e]                                                    1.00e+00
[ DEBUG5 "MyRemoveOverlay"] Energy [GeV]                                                  2.76e+00
[ DEBUG5 "MyRemoveOverlay"] ReferencePoint                         -9.80e+01, -3.27e+02, -3.32e+02
[ DEBUG5 "MyRemoveOverlay"] ParticleIDUsed                                                       0
[ DEBUG5 "MyRemoveOverlay"] GoodnessOfPID                                                 0.00e+00
[ DEBUG5 "MyRemoveOverlay"] Covariance p,E:  1.40e-06, 5.85e-06, 5.18e-05, 5.68e-06, 4.97e-05, 
[ DEBUG5 "MyRemoveOverlay"]                  4.91e-05, -8.09e-06, -7.09e-05, -6.89e-05, 9.76e-05
[ DEBUG5 "MyRemoveOverlay"] Particles id:    
[ DEBUG5 "MyRemoveOverlay"] Tracks id:    [00013652], [00013857]
[ DEBUG5 "MyRemoveOverlay"] Clusters id:  [00014441]
[ DEBUG5 "MyRemoveOverlay"] Particle ids ( [id], PDG, (type)): 
[ DEBUG5 "MyRemoveOverlay"]                  [00014621], 002212, (000000) 
[ DEBUG5 "MyRemoveOverlay"]                  [00014622], 000000, (000000) 
[ DEBUG5 "MyRemoveOverlay"]                  [00014623], 000013, (000000) 
[ DEBUG5 "MyRemoveOverlay"]                  [00014624], 000321, (000000) 
[ DEBUG5 "MyRemoveOverlay"]                  [00014625], 000013, (000000) 
[ DEBUG5 "MyRemoveOverlay"] 
[ DEBUG5 "MyRemoveOverlay"] 
[ DEBUG0 "MyRemoveOverlay"] 	MCParticle at index: 0 has PDG: 321 and MCParticle to Track link weight is 1.00e+00
[ DEBUG0 "MyRemoveOverlay"] 	MCParticle at index: 0 with PDG code: 321 has highest link weight to input track
[ DEBUG0 "MyRemoveOverlay"] 	Track at index: 0 has highest link weight to MCParticle = 9.72e-01
[ DEBUG0 "MyRemoveOverlay"] 	Track linked to MCParticle with highest weight
[ DEBUG6 "MyRemoveOverlay"] 		Found a linked MCParticle to track
[ DEBUG5 "MyRemoveOverlay"] ----------------------------- MCParticle -----------------------------
[ DEBUG5 "MyRemoveOverlay"] Id                                                               13198
[ DEBUG5 "MyRemoveOverlay"] PDG                                                                321
[ DEBUG5 "MyRemoveOverlay"] Energy [GeV]                                                  2.77e+00
[ DEBUG5 "MyRemoveOverlay"] Momentum [GeV] (x,y,z)                   -0.192071, -1.94912, -1.89175
[ DEBUG5 "MyRemoveOverlay"] Momentum at Endpoint[GeV] (x,y,z)              -0.936402, -1.715, -1.89131
[ DEBUG5 "MyRemoveOverlay"] GeneratorStatus                                                      1
[ DEBUG5 "MyRemoveOverlay"] Vertex [mm] (x,y,z)              1.27693e-309, -3.17485e-308, 0.131454
[ DEBUG5 "MyRemoveOverlay"] Endpoint [mm] (x,y,z)                     -218.593, -709.552, -723.155
[ DEBUG5 "MyRemoveOverlay"] Mass [GeV]                                                    4.94e-01
[ DEBUG5 "MyRemoveOverlay"] Charge                                                        1.00e+00
[ DEBUG5 "MyRemoveOverlay"] Parents                                                              1
[ DEBUG5 "MyRemoveOverlay"] Daughters                                                            2
[ DEBUG5 "MyRemoveOverlay"] simulator status bits: [sbvtcls]  s: created in simulation b: backscatter v: vertex is not endpoint of parent t: decayed in tracker c: decayed in calorimeter l: has left detector s: stopped o: overlay
[ DEBUG5 "MyRemoveOverlay"] [   t    ]
[ DEBUG5 "MyRemoveOverlay"] 
[ DEBUG0 "MyRemoveOverlay"] 	MCParticle at index: 0 has PDG: -13 and MCParticle to Track link weight is 9.94e-01
[ DEBUG0 "MyRemoveOverlay"] 	MCParticle at index: 0 with PDG code: -13 has highest link weight to input track
[ DEBUG0 "MyRemoveOverlay"] 	Track at index: 0 has highest link weight to MCParticle = 9.94e-01
[ DEBUG0 "MyRemoveOverlay"] 	Track linked to MCParticle with highest weight
[ DEBUG6 "MyRemoveOverlay"] 		Found a linked MCParticle to track
[ DEBUG5 "MyRemoveOverlay"] ----------------------------- MCParticle -----------------------------
[ DEBUG5 "MyRemoveOverlay"] Id                                                               13255
[ DEBUG5 "MyRemoveOverlay"] PDG                                                                -13
[ DEBUG5 "MyRemoveOverlay"] Energy [GeV]                                                  2.24e+00
[ DEBUG5 "MyRemoveOverlay"] Momentum [GeV] (x,y,z)                   -0.676731, -1.54795, -1.47273
[ DEBUG5 "MyRemoveOverlay"] Momentum at Endpoint[GeV] (x,y,z)                                 0, -0, 0
[ DEBUG5 "MyRemoveOverlay"] GeneratorStatus                                                      0
[ DEBUG5 "MyRemoveOverlay"] Vertex [mm] (x,y,z)                       -218.593, -709.552, -723.155
[ DEBUG5 "MyRemoveOverlay"] Endpoint [mm] (x,y,z)                     -2329.45, -982.121, -3115.49
[ DEBUG5 "MyRemoveOverlay"] Mass [GeV]                                                    1.06e-01
[ DEBUG5 "MyRemoveOverlay"] Charge                                                        1.00e+00
[ DEBUG5 "MyRemoveOverlay"] Parents                                                              1
[ DEBUG5 "MyRemoveOverlay"] Daughters                                                            0
[ DEBUG5 "MyRemoveOverlay"] simulator status bits: [sbvtcls]  s: created in simulation b: backscatter v: vertex is not endpoint of parent t: decayed in tracker c: decayed in calorimeter l: has left detector s: stopped o: overlay
[ DEBUG5 "MyRemoveOverlay"] [s   c s ]
[ DEBUG5 "MyRemoveOverlay"] 
[ DEBUG0 "MyRemoveOverlay"] 	MCParticle at index: 0 has PDG: -13 and MCParticle to Cluster link weight is 9.87e-01
[ DEBUG0 "MyRemoveOverlay"] 	MCParticle at index: 0 with PDG code: -13 has highest link weight to input cluster
[ DEBUG0 "MyRemoveOverlay"] 	Cluster at index: 0 has highest link weight to MCParticle = 1.00e+00
[ DEBUG0 "MyRemoveOverlay"] 	Cluster linked to MCParticle with highest weight
[ DEBUG6 "MyRemoveOverlay"] 		Found a linked MCParticle to cluster
[ DEBUG5 "MyRemoveOverlay"] ----------------------------- MCParticle -----------------------------
[ DEBUG5 "MyRemoveOverlay"] Id                                                               13255
[ DEBUG5 "MyRemoveOverlay"] PDG                                                                -13
[ DEBUG5 "MyRemoveOverlay"] Energy [GeV]                                                  2.24e+00
[ DEBUG5 "MyRemoveOverlay"] Momentum [GeV] (x,y,z)                   -0.676731, -1.54795, -1.47273
[ DEBUG5 "MyRemoveOverlay"] Momentum at Endpoint[GeV] (x,y,z)                                 0, -0, 0
[ DEBUG5 "MyRemoveOverlay"] GeneratorStatus                                                      0
[ DEBUG5 "MyRemoveOverlay"] Vertex [mm] (x,y,z)                       -218.593, -709.552, -723.155
[ DEBUG5 "MyRemoveOverlay"] Endpoint [mm] (x,y,z)                     -2329.45, -982.121, -3115.49
[ DEBUG5 "MyRemoveOverlay"] Mass [GeV]                                                    1.06e-01
[ DEBUG5 "MyRemoveOverlay"] Charge                                                        1.00e+00
[ DEBUG5 "MyRemoveOverlay"] Parents                                                              1
[ DEBUG5 "MyRemoveOverlay"] Daughters                                                            0
[ DEBUG5 "MyRemoveOverlay"] simulator status bits: [sbvtcls]  s: created in simulation b: backscatter v: vertex is not endpoint of parent t: decayed in tracker c: decayed in calorimeter l: has left detector s: stopped o: overlay
[ DEBUG5 "MyRemoveOverlay"] [s   c s ]
[ DEBUG5 "MyRemoveOverlay"] 
[ DEBUG7 "MyRemoveOverlay"] 		********** PFO AT INDEX 16 IS NOT OVERLAY **********
[ DEBUG8 "MyRemoveOverlay"] 
[ DEBUG8 "MyRemoveOverlay"] 		-------------------------------------------------------
[ DEBUG8 "MyRemoveOverlay"] 		Processing PFO at index 17
[ DEBUG5 "MyRemoveOverlay"] ------------------ ReconstructedParticle -----------------------------
[ DEBUG5 "MyRemoveOverlay"] Id                                                             0x14626
[ DEBUG5 "MyRemoveOverlay"] Compound                                                             0
[ DEBUG5 "MyRemoveOverlay"] Type                                                               211
[ DEBUG5 "MyRemoveOverlay"] Momentum (x,y,z)                       +3.28e-01, -1.74e+01, -1.73e+01
[ DEBUG5 "MyRemoveOverlay"] Mass [GeV]                                                    1.40e-01
[ DEBUG5 "MyRemoveOverlay"] Charge [e]                                                    1.00e+00
[ DEBUG5 "MyRemoveOverlay"] Energy [GeV]                                                  2.45e+01
[ DEBUG5 "MyRemoveOverlay"] ReferencePoint                         +2.92e-01, -1.60e+01, -1.58e+01
[ DEBUG5 "MyRemoveOverlay"] ParticleIDUsed                                                       0
[ DEBUG5 "MyRemoveOverlay"] GoodnessOfPID                                                 0.00e+00
[ DEBUG5 "MyRemoveOverlay"] Covariance p,E:  1.60e-06, -4.33e-06, 2.91e-04, -4.33e-06, 2.88e-04, 
[ DEBUG5 "MyRemoveOverlay"]                  2.88e-04, 6.14e-06, -4.09e-04, -4.08e-04, 5.78e-04
[ DEBUG5 "MyRemoveOverlay"] Particles id:    
[ DEBUG5 "MyRemoveOverlay"] Tracks id:    [00013662]
[ DEBUG5 "MyRemoveOverlay"] Clusters id:  [00014442]
[ DEBUG5 "MyRemoveOverlay"] Particle ids ( [id], PDG, (type)): 
[ DEBUG5 "MyRemoveOverlay"]                  [00014627], 000321, (000000) 
[ DEBUG5 "MyRemoveOverlay"]                  [00014628], 000000, (000000) 
[ DEBUG5 "MyRemoveOverlay"]                  [00014629], 000000, (000000) 
[ DEBUG5 "MyRemoveOverlay"]                  [00014630], 000000, (000000) 
[ DEBUG5 "MyRemoveOverlay"]                  [00014631], 000000, (000000) 
[ DEBUG5 "MyRemoveOverlay"]                  [00014632], 000000, (000000) 
[ DEBUG5 "MyRemoveOverlay"]                  [00014633], 000011, (000000) 
[ DEBUG5 "MyRemoveOverlay"]                  [00014634], 000321, (000000) 
[ DEBUG5 "MyRemoveOverlay"]                  [00014635], 000011, (000000) 
[ DEBUG5 "MyRemoveOverlay"] 
[ DEBUG5 "MyRemoveOverlay"] 
[ DEBUG0 "MyRemoveOverlay"] 	MCParticle at index: 0 has PDG: 211 and MCParticle to Track link weight is 1.00e+00
[ DEBUG0 "MyRemoveOverlay"] 	MCParticle at index: 0 with PDG code: 211 has highest link weight to input track
[ DEBUG0 "MyRemoveOverlay"] 	Track at index: 0 has highest link weight to MCParticle = 9.61e-01
[ DEBUG0 "MyRemoveOverlay"] 	Track linked to MCParticle with highest weight
[ DEBUG6 "MyRemoveOverlay"] 		Found a linked MCParticle to track
[ DEBUG5 "MyRemoveOverlay"] ----------------------------- MCParticle -----------------------------
[ DEBUG5 "MyRemoveOverlay"] Id                                                               13188
[ DEBUG5 "MyRemoveOverlay"] PDG                                                                211
[ DEBUG5 "MyRemoveOverlay"] Energy [GeV]                                                  2.45e+01
[ DEBUG5 "MyRemoveOverlay"] Momentum [GeV] (x,y,z)                    0.327192, -17.3278, -17.2627
[ DEBUG5 "MyRemoveOverlay"] Momentum at Endpoint[GeV] (x,y,z)                               -0, -0, -0
[ DEBUG5 "MyRemoveOverlay"] GeneratorStatus                                                      1
[ DEBUG5 "MyRemoveOverlay"] Vertex [mm] (x,y,z)              7.39656e-311, -1.89499e-308, 0.131454
[ DEBUG5 "MyRemoveOverlay"] Endpoint [mm] (x,y,z)                     -75.9799, -1926.07, -1920.68
[ DEBUG5 "MyRemoveOverlay"] Mass [GeV]                                                    1.40e-01
[ DEBUG5 "MyRemoveOverlay"] Charge                                                        1.00e+00
[ DEBUG5 "MyRemoveOverlay"] Parents                                                              1
[ DEBUG5 "MyRemoveOverlay"] Daughters                                                            0
[ DEBUG5 "MyRemoveOverlay"] simulator status bits: [sbvtcls]  s: created in simulation b: backscatter v: vertex is not endpoint of parent t: decayed in tracker c: decayed in calorimeter l: has left detector s: stopped o: overlay
[ DEBUG5 "MyRemoveOverlay"] [    c s ]
[ DEBUG5 "MyRemoveOverlay"] 
[ DEBUG0 "MyRemoveOverlay"] 	MCParticle at index: 0 has PDG: 211 and MCParticle to Cluster link weight is 9.33e-01
[ DEBUG0 "MyRemoveOverlay"] 	MCParticle at index: 0 with PDG code: 211 has highest link weight to input cluster
[ DEBUG0 "MyRemoveOverlay"] 	Cluster at index: 2 has highest link weight to MCParticle = 9.59e-01
[ DEBUG0 "MyRemoveOverlay"] 	Cluster linked to MCParticle with highest weight
[ DEBUG6 "MyRemoveOverlay"] 		Found a linked MCParticle to cluster
[ DEBUG5 "MyRemoveOverlay"] ----------------------------- MCParticle -----------------------------
[ DEBUG5 "MyRemoveOverlay"] Id                                                               13188
[ DEBUG5 "MyRemoveOverlay"] PDG                                                                211
[ DEBUG5 "MyRemoveOverlay"] Energy [GeV]                                                  2.45e+01
[ DEBUG5 "MyRemoveOverlay"] Momentum [GeV] (x,y,z)                    0.327192, -17.3278, -17.2627
[ DEBUG5 "MyRemoveOverlay"] Momentum at Endpoint[GeV] (x,y,z)                               -0, -0, -0
[ DEBUG5 "MyRemoveOverlay"] GeneratorStatus                                                      1
[ DEBUG5 "MyRemoveOverlay"] Vertex [mm] (x,y,z)              7.39656e-311, -1.89499e-308, 0.131454
[ DEBUG5 "MyRemoveOverlay"] Endpoint [mm] (x,y,z)                     -75.9799, -1926.07, -1920.68
[ DEBUG5 "MyRemoveOverlay"] Mass [GeV]                                                    1.40e-01
[ DEBUG5 "MyRemoveOverlay"] Charge                                                        1.00e+00
[ DEBUG5 "MyRemoveOverlay"] Parents                                                              1
[ DEBUG5 "MyRemoveOverlay"] Daughters                                                            0
[ DEBUG5 "MyRemoveOverlay"] simulator status bits: [sbvtcls]  s: created in simulation b: backscatter v: vertex is not endpoint of parent t: decayed in tracker c: decayed in calorimeter l: has left detector s: stopped o: overlay
[ DEBUG5 "MyRemoveOverlay"] [    c s ]
[ DEBUG5 "MyRemoveOverlay"] 
[ DEBUG7 "MyRemoveOverlay"] 		********** PFO AT INDEX 17 IS NOT OVERLAY **********
[ DEBUG8 "MyRemoveOverlay"] 
[ DEBUG8 "MyRemoveOverlay"] 		-------------------------------------------------------
[ DEBUG8 "MyRemoveOverlay"] 		Processing PFO at index 18
[ DEBUG5 "MyRemoveOverlay"] ------------------ ReconstructedParticle -----------------------------
[ DEBUG5 "MyRemoveOverlay"] Id                                                             0x14636
[ DEBUG5 "MyRemoveOverlay"] Compound                                                             0
[ DEBUG5 "MyRemoveOverlay"] Type                                                              -211
[ DEBUG5 "MyRemoveOverlay"] Momentum (x,y,z)                       +1.26e-02, -2.88e+00, -2.42e+00
[ DEBUG5 "MyRemoveOverlay"] Mass [GeV]                                                    1.40e-01
[ DEBUG5 "MyRemoveOverlay"] Charge [e]                                                   -1.00e+00
[ DEBUG5 "MyRemoveOverlay"] Energy [GeV]                                                  3.76e+00
[ DEBUG5 "MyRemoveOverlay"] ReferencePoint                         +1.15e-01, -1.60e+01, -1.33e+01
[ DEBUG5 "MyRemoveOverlay"] ParticleIDUsed                                                       0
[ DEBUG5 "MyRemoveOverlay"] GoodnessOfPID                                                 0.00e+00
[ DEBUG5 "MyRemoveOverlay"] Covariance p,E:  7.14e-07, -8.96e-08, 5.90e-06, -7.07e-08, 4.38e-06, 
[ DEBUG5 "MyRemoveOverlay"]                  4.35e-06, 1.16e-07, -7.33e-06, -6.14e-06, 9.56e-06
[ DEBUG5 "MyRemoveOverlay"] Particles id:    
[ DEBUG5 "MyRemoveOverlay"] Tracks id:    [00013677]
[ DEBUG5 "MyRemoveOverlay"] Clusters id:  [00014443]
[ DEBUG5 "MyRemoveOverlay"] Particle ids ( [id], PDG, (type)): 
[ DEBUG5 "MyRemoveOverlay"]                  [00014637], 000211, (000000) 
[ DEBUG5 "MyRemoveOverlay"]                  [00014638], 000000, (000000) 
[ DEBUG5 "MyRemoveOverlay"]                  [00014639], 000000, (000000) 
[ DEBUG5 "MyRemoveOverlay"]                  [00014640], 000000, (000000) 
[ DEBUG5 "MyRemoveOverlay"]                  [00014641], 000000, (000000) 
[ DEBUG5 "MyRemoveOverlay"]                  [00014642], 000000, (000000) 
[ DEBUG5 "MyRemoveOverlay"]                  [00014643], 000011, (000000) 
[ DEBUG5 "MyRemoveOverlay"]                  [00014644], 000011, (000000) 
[ DEBUG5 "MyRemoveOverlay"]                  [00014645], 000211, (000000) 
[ DEBUG5 "MyRemoveOverlay"] 
[ DEBUG5 "MyRemoveOverlay"] 
[ DEBUG0 "MyRemoveOverlay"] 	MCParticle at index: 0 has PDG: -211 and MCParticle to Track link weight is 1.00e+00
[ DEBUG0 "MyRemoveOverlay"] 	MCParticle at index: 0 with PDG code: -211 has highest link weight to input track
[ DEBUG0 "MyRemoveOverlay"] 	Track at index: 0 has highest link weight to MCParticle = 9.96e-01
[ DEBUG0 "MyRemoveOverlay"] 	Track linked to MCParticle with highest weight
[ DEBUG6 "MyRemoveOverlay"] 		Found a linked MCParticle to track
[ DEBUG5 "MyRemoveOverlay"] ----------------------------- MCParticle -----------------------------
[ DEBUG5 "MyRemoveOverlay"] Id                                                               13187
[ DEBUG5 "MyRemoveOverlay"] PDG                                                               -211
[ DEBUG5 "MyRemoveOverlay"] Energy [GeV]                                                  3.76e+00
[ DEBUG5 "MyRemoveOverlay"] Momentum [GeV] (x,y,z)                   0.0123003, -2.87918, -2.41396
[ DEBUG5 "MyRemoveOverlay"] Momentum at Endpoint[GeV] (x,y,z)                                0, -0, -0
[ DEBUG5 "MyRemoveOverlay"] GeneratorStatus                                                      1
[ DEBUG5 "MyRemoveOverlay"] Vertex [mm] (x,y,z)                                     0, 0, 0.131454
[ DEBUG5 "MyRemoveOverlay"] Endpoint [mm] (x,y,z)                      798.694, -1924.76, -1795.38
[ DEBUG5 "MyRemoveOverlay"] Mass [GeV]                                                    1.40e-01
[ DEBUG5 "MyRemoveOverlay"] Charge                                                       -1.00e+00
[ DEBUG5 "MyRemoveOverlay"] Parents                                                              1
[ DEBUG5 "MyRemoveOverlay"] Daughters                                                            0
[ DEBUG5 "MyRemoveOverlay"] simulator status bits: [sbvtcls]  s: created in simulation b: backscatter v: vertex is not endpoint of parent t: decayed in tracker c: decayed in calorimeter l: has left detector s: stopped o: overlay
[ DEBUG5 "MyRemoveOverlay"] [    c s ]
[ DEBUG5 "MyRemoveOverlay"] 
[ DEBUG0 "MyRemoveOverlay"] 	MCParticle at index: 0 has PDG: -211 and MCParticle to Cluster link weight is 1.00e+00
[ DEBUG0 "MyRemoveOverlay"] 	MCParticle at index: 0 with PDG code: -211 has highest link weight to input cluster
[ DEBUG0 "MyRemoveOverlay"] 	Cluster at index: 0 has highest link weight to MCParticle = 9.97e-01
[ DEBUG0 "MyRemoveOverlay"] 	Cluster linked to MCParticle with highest weight
[ DEBUG6 "MyRemoveOverlay"] 		Found a linked MCParticle to cluster
[ DEBUG5 "MyRemoveOverlay"] ----------------------------- MCParticle -----------------------------
[ DEBUG5 "MyRemoveOverlay"] Id                                                               13187
[ DEBUG5 "MyRemoveOverlay"] PDG                                                               -211
[ DEBUG5 "MyRemoveOverlay"] Energy [GeV]                                                  3.76e+00
[ DEBUG5 "MyRemoveOverlay"] Momentum [GeV] (x,y,z)                   0.0123003, -2.87918, -2.41396
[ DEBUG5 "MyRemoveOverlay"] Momentum at Endpoint[GeV] (x,y,z)                                0, -0, -0
[ DEBUG5 "MyRemoveOverlay"] GeneratorStatus                                                      1
[ DEBUG5 "MyRemoveOverlay"] Vertex [mm] (x,y,z)                                     0, 0, 0.131454
[ DEBUG5 "MyRemoveOverlay"] Endpoint [mm] (x,y,z)                      798.694, -1924.76, -1795.38
[ DEBUG5 "MyRemoveOverlay"] Mass [GeV]                                                    1.40e-01
[ DEBUG5 "MyRemoveOverlay"] Charge                                                       -1.00e+00
[ DEBUG5 "MyRemoveOverlay"] Parents                                                              1
[ DEBUG5 "MyRemoveOverlay"] Daughters                                                            0
[ DEBUG5 "MyRemoveOverlay"] simulator status bits: [sbvtcls]  s: created in simulation b: backscatter v: vertex is not endpoint of parent t: decayed in tracker c: decayed in calorimeter l: has left detector s: stopped o: overlay
[ DEBUG5 "MyRemoveOverlay"] [    c s ]
[ DEBUG5 "MyRemoveOverlay"] 
[ DEBUG7 "MyRemoveOverlay"] 		********** PFO AT INDEX 18 IS NOT OVERLAY **********
[ DEBUG8 "MyRemoveOverlay"] 
[ DEBUG8 "MyRemoveOverlay"] 		-------------------------------------------------------
[ DEBUG8 "MyRemoveOverlay"] 		Processing PFO at index 19
[ DEBUG5 "MyRemoveOverlay"] ------------------ ReconstructedParticle -----------------------------
[ DEBUG5 "MyRemoveOverlay"] Id                                                             0x14646
[ DEBUG5 "MyRemoveOverlay"] Compound                                                             0
[ DEBUG5 "MyRemoveOverlay"] Type                                                              -211
[ DEBUG5 "MyRemoveOverlay"] Momentum (x,y,z)                       -2.71e-01, +5.41e-01, -9.53e-01
[ DEBUG5 "MyRemoveOverlay"] Mass [GeV]                                                    4.44e-01
[ DEBUG5 "MyRemoveOverlay"] Charge [e]                                                   -1.00e+00
[ DEBUG5 "MyRemoveOverlay"] Energy [GeV]                                                  1.21e+00
[ DEBUG5 "MyRemoveOverlay"] ReferencePoint                         -5.60e+01, +2.79e+01, -4.90e+01
[ DEBUG5 "MyRemoveOverlay"] ParticleIDUsed                                                       0
[ DEBUG5 "MyRemoveOverlay"] GoodnessOfPID                                                 0.00e+00
[ DEBUG5 "MyRemoveOverlay"] Covariance p,E:  5.63e-04, -2.92e-04, 1.53e-04, 4.95e-04, -2.58e-04, 
[ DEBUG5 "MyRemoveOverlay"]                  4.37e-04, -1.61e-03, 8.36e-04, -1.42e-03, 4.60e-03
[ DEBUG5 "MyRemoveOverlay"] Particles id:    
[ DEBUG5 "MyRemoveOverlay"] Tracks id:    [00013877], [00013842], [00013827]
[ DEBUG5 "MyRemoveOverlay"] Clusters id:  [00014444]
[ DEBUG5 "MyRemoveOverlay"] Particle ids ( [id], PDG, (type)): 
[ DEBUG5 "MyRemoveOverlay"]                  [00014647], 000013, (000000) 
[ DEBUG5 "MyRemoveOverlay"]                  [00014648], 000011, (000000) 
[ DEBUG5 "MyRemoveOverlay"]                  [00014649], 000013, (000000) 
[ DEBUG5 "MyRemoveOverlay"]                  [00014650], 000013, (000000) 
[ DEBUG5 "MyRemoveOverlay"]                  [00014651], 000013, (000000) 
[ DEBUG5 "MyRemoveOverlay"] 
[ DEBUG5 "MyRemoveOverlay"] 
[ DEBUG0 "MyRemoveOverlay"] 	MCParticle at index: 0 has PDG: -2212 and MCParticle to Track link weight is 1.00e+00
[ DEBUG0 "MyRemoveOverlay"] 	MCParticle at index: 0 with PDG code: -2212 has highest link weight to input track
[ DEBUG0 "MyRemoveOverlay"] 	Track at index: 0 has highest link weight to MCParticle = 1.00e+00
[ DEBUG0 "MyRemoveOverlay"] 	Track linked to MCParticle with highest weight
[ DEBUG6 "MyRemoveOverlay"] 		Found a linked MCParticle to track
[ DEBUG5 "MyRemoveOverlay"] ----------------------------- MCParticle -----------------------------
[ DEBUG5 "MyRemoveOverlay"] Id                                                               13162
[ DEBUG5 "MyRemoveOverlay"] PDG                                                              -2212
[ DEBUG5 "MyRemoveOverlay"] Energy [GeV]                                                  2.57e+00
[ DEBUG5 "MyRemoveOverlay"] Momentum [GeV] (x,y,z)                     -1.66125, 0.898595, -1.4749
[ DEBUG5 "MyRemoveOverlay"] Momentum at Endpoint[GeV] (x,y,z)                                -0, 0, -0
[ DEBUG5 "MyRemoveOverlay"] GeneratorStatus                                                      1
[ DEBUG5 "MyRemoveOverlay"] Vertex [mm] (x,y,z)                                     0, 0, 0.131454
[ DEBUG5 "MyRemoveOverlay"] Endpoint [mm] (x,y,z)                      -141.362, 68.7024, -122.851
[ DEBUG5 "MyRemoveOverlay"] Mass [GeV]                                                    9.38e-01
[ DEBUG5 "MyRemoveOverlay"] Charge                                                       -1.00e+00
[ DEBUG5 "MyRemoveOverlay"] Parents                                                              1
[ DEBUG5 "MyRemoveOverlay"] Daughters                                                            9
[ DEBUG5 "MyRemoveOverlay"] simulator status bits: [sbvtcls]  s: created in simulation b: backscatter v: vertex is not endpoint of parent t: decayed in tracker c: decayed in calorimeter l: has left detector s: stopped o: overlay
[ DEBUG5 "MyRemoveOverlay"] [   t  s ]
[ DEBUG5 "MyRemoveOverlay"] 
[ DEBUG0 "MyRemoveOverlay"] 	MCParticle at index: 0 has PDG: -211 and MCParticle to Track link weight is 1.00e+00
[ DEBUG0 "MyRemoveOverlay"] 	MCParticle at index: 0 with PDG code: -211 has highest link weight to input track
[ DEBUG6 "MyRemoveOverlay"] 		Track is not linked to a MCParticle
[ DEBUG0 "MyRemoveOverlay"] 	MCParticle at index: 0 has PDG: -211 and MCParticle to Track link weight is 9.80e-01
[ DEBUG0 "MyRemoveOverlay"] 	MCParticle at index: 0 with PDG code: -211 has highest link weight to input track
[ DEBUG6 "MyRemoveOverlay"] 		Track is not linked to a MCParticle
[ DEBUG0 "MyRemoveOverlay"] 	MCParticle at index: 0 has PDG: 2212 and MCParticle to Cluster link weight is 1.00e+00
[ DEBUG0 "MyRemoveOverlay"] 	MCParticle at index: 0 with PDG code: 2212 has highest link weight to input cluster
[ DEBUG0 "MyRemoveOverlay"] 	Cluster at index: 0 has highest link weight to MCParticle = 1.00e+00
[ DEBUG0 "MyRemoveOverlay"] 	Cluster linked to MCParticle with highest weight
[ DEBUG6 "MyRemoveOverlay"] 		Found a linked MCParticle to cluster
[ DEBUG5 "MyRemoveOverlay"] ----------------------------- MCParticle -----------------------------
[ DEBUG5 "MyRemoveOverlay"] Id                                                               13281
[ DEBUG5 "MyRemoveOverlay"] PDG                                                               2212
[ DEBUG5 "MyRemoveOverlay"] Energy [GeV]                                                  1.17e+00
[ DEBUG5 "MyRemoveOverlay"] Momentum [GeV] (x,y,z)                    0.13772, 0.144908, -0.672668
[ DEBUG5 "MyRemoveOverlay"] Momentum at Endpoint[GeV] (x,y,z)                                  0, 0, 0
[ DEBUG5 "MyRemoveOverlay"] GeneratorStatus                                                      0
[ DEBUG5 "MyRemoveOverlay"] Vertex [mm] (x,y,z)                        57.9988, -496.626, -2331.24
[ DEBUG5 "MyRemoveOverlay"] Endpoint [mm] (x,y,z)                      87.3637, -456.907, -2481.73
[ DEBUG5 "MyRemoveOverlay"] Mass [GeV]                                                    9.38e-01
[ DEBUG5 "MyRemoveOverlay"] Charge                                                        1.00e+00
[ DEBUG5 "MyRemoveOverlay"] Parents                                                              1
[ DEBUG5 "MyRemoveOverlay"] Daughters                                                            0
[ DEBUG5 "MyRemoveOverlay"] simulator status bits: [sbvtcls]  s: created in simulation b: backscatter v: vertex is not endpoint of parent t: decayed in tracker c: decayed in calorimeter l: has left detector s: stopped o: overlay
[ DEBUG5 "MyRemoveOverlay"] [s   c s ]
[ DEBUG5 "MyRemoveOverlay"] 
[ DEBUG7 "MyRemoveOverlay"] 		********** PFO AT INDEX 19 IS NOT OVERLAY **********
[ DEBUG8 "MyRemoveOverlay"] 
[ DEBUG8 "MyRemoveOverlay"] 		-------------------------------------------------------
[ DEBUG8 "MyRemoveOverlay"] 		Processing PFO at index 20
[ DEBUG5 "MyRemoveOverlay"] ------------------ ReconstructedParticle -----------------------------
[ DEBUG5 "MyRemoveOverlay"] Id                                                             0x14652
[ DEBUG5 "MyRemoveOverlay"] Compound                                                             0
[ DEBUG5 "MyRemoveOverlay"] Type                                                               211
[ DEBUG5 "MyRemoveOverlay"] Momentum (x,y,z)                       -1.54e+00, +6.57e-01, -5.41e-01
[ DEBUG5 "MyRemoveOverlay"] Mass [GeV]                                                    1.40e-01
[ DEBUG5 "MyRemoveOverlay"] Charge [e]                                                    1.00e+00
[ DEBUG5 "MyRemoveOverlay"] Energy [GeV]                                                  1.77e+00
[ DEBUG5 "MyRemoveOverlay"] ReferencePoint                         -5.57e+01, +2.36e+01, -9.71e+00
[ DEBUG5 "MyRemoveOverlay"] ParticleIDUsed                                                       0
[ DEBUG5 "MyRemoveOverlay"] GoodnessOfPID                                                 0.00e+00
[ DEBUG5 "MyRemoveOverlay"] Covariance p,E:  1.68e-06, 1.65e-07, 2.45e-06, -2.33e-07, 7.15e-08, 
[ DEBUG5 "MyRemoveOverlay"]                  2.36e-06, -1.33e-06, 7.44e-07, -4.94e-07, 1.59e-06
[ DEBUG5 "MyRemoveOverlay"] Particles id:    
[ DEBUG5 "MyRemoveOverlay"] Tracks id:    [00013772]
[ DEBUG5 "MyRemoveOverlay"] Clusters id:  [00014445]
[ DEBUG5 "MyRemoveOverlay"] Particle ids ( [id], PDG, (type)): 
[ DEBUG5 "MyRemoveOverlay"]                  [00014653], 000211, (000000) 
[ DEBUG5 "MyRemoveOverlay"]                  [00014654], 000000, (000000) 
[ DEBUG5 "MyRemoveOverlay"]                  [00014655], 000000, (000000) 
[ DEBUG5 "MyRemoveOverlay"]                  [00014656], 000000, (000000) 
[ DEBUG5 "MyRemoveOverlay"]                  [00014657], 000000, (000000) 
[ DEBUG5 "MyRemoveOverlay"]                  [00014658], 000000, (000000) 
[ DEBUG5 "MyRemoveOverlay"]                  [00014659], 000013, (000000) 
[ DEBUG5 "MyRemoveOverlay"]                  [00014660], 000013, (000000) 
[ DEBUG5 "MyRemoveOverlay"]                  [00014661], 000013, (000000) 
[ DEBUG5 "MyRemoveOverlay"] 
[ DEBUG5 "MyRemoveOverlay"] 
[ DEBUG0 "MyRemoveOverlay"] 	MCParticle at index: 0 has PDG: 211 and MCParticle to Track link weight is 9.96e-01
[ DEBUG0 "MyRemoveOverlay"] 	MCParticle at index: 0 with PDG code: 211 has highest link weight to input track
[ DEBUG0 "MyRemoveOverlay"] 	Track at index: 0 has highest link weight to MCParticle = 9.91e-01
[ DEBUG0 "MyRemoveOverlay"] 	Track linked to MCParticle with highest weight
[ DEBUG6 "MyRemoveOverlay"] 		Found a linked MCParticle to track
[ DEBUG5 "MyRemoveOverlay"] ----------------------------- MCParticle -----------------------------
[ DEBUG5 "MyRemoveOverlay"] Id                                                               13208
[ DEBUG5 "MyRemoveOverlay"] PDG                                                                211
[ DEBUG5 "MyRemoveOverlay"] Energy [GeV]                                                  1.76e+00
[ DEBUG5 "MyRemoveOverlay"] Momentum [GeV] (x,y,z)                   -1.43262, 0.865431, -0.538626
[ DEBUG5 "MyRemoveOverlay"] Momentum at Endpoint[GeV] (x,y,z)                                 0, 0, -0
[ DEBUG5 "MyRemoveOverlay"] GeneratorStatus                                                      1
[ DEBUG5 "MyRemoveOverlay"] Vertex [mm] (x,y,z)                         -190.938, 95.1304, -59.131
[ DEBUG5 "MyRemoveOverlay"] Endpoint [mm] (x,y,z)                      -770.933, 2270.05, -891.225
[ DEBUG5 "MyRemoveOverlay"] Mass [GeV]                                                    1.40e-01
[ DEBUG5 "MyRemoveOverlay"] Charge                                                        1.00e+00
[ DEBUG5 "MyRemoveOverlay"] Parents                                                              1
[ DEBUG5 "MyRemoveOverlay"] Daughters                                                            0
[ DEBUG5 "MyRemoveOverlay"] simulator status bits: [sbvtcls]  s: created in simulation b: backscatter v: vertex is not endpoint of parent t: decayed in tracker c: decayed in calorimeter l: has left detector s: stopped o: overlay
[ DEBUG5 "MyRemoveOverlay"] [    c s ]
[ DEBUG5 "MyRemoveOverlay"] 
[ DEBUG0 "MyRemoveOverlay"] 	MCParticle at index: 0 has PDG: 211 and MCParticle to Cluster link weight is 1.00e+00
[ DEBUG0 "MyRemoveOverlay"] 	MCParticle at index: 0 with PDG code: 211 has highest link weight to input cluster
[ DEBUG0 "MyRemoveOverlay"] 	Cluster at index: 0 has highest link weight to MCParticle = 9.73e-01
[ DEBUG0 "MyRemoveOverlay"] 	Cluster linked to MCParticle with highest weight
[ DEBUG6 "MyRemoveOverlay"] 		Found a linked MCParticle to cluster
[ DEBUG5 "MyRemoveOverlay"] ----------------------------- MCParticle -----------------------------
[ DEBUG5 "MyRemoveOverlay"] Id                                                               13208
[ DEBUG5 "MyRemoveOverlay"] PDG                                                                211
[ DEBUG5 "MyRemoveOverlay"] Energy [GeV]                                                  1.76e+00
[ DEBUG5 "MyRemoveOverlay"] Momentum [GeV] (x,y,z)                   -1.43262, 0.865431, -0.538626
[ DEBUG5 "MyRemoveOverlay"] Momentum at Endpoint[GeV] (x,y,z)                                 0, 0, -0
[ DEBUG5 "MyRemoveOverlay"] GeneratorStatus                                                      1
[ DEBUG5 "MyRemoveOverlay"] Vertex [mm] (x,y,z)                         -190.938, 95.1304, -59.131
[ DEBUG5 "MyRemoveOverlay"] Endpoint [mm] (x,y,z)                      -770.933, 2270.05, -891.225
[ DEBUG5 "MyRemoveOverlay"] Mass [GeV]                                                    1.40e-01
[ DEBUG5 "MyRemoveOverlay"] Charge                                                        1.00e+00
[ DEBUG5 "MyRemoveOverlay"] Parents                                                              1
[ DEBUG5 "MyRemoveOverlay"] Daughters                                                            0
[ DEBUG5 "MyRemoveOverlay"] simulator status bits: [sbvtcls]  s: created in simulation b: backscatter v: vertex is not endpoint of parent t: decayed in tracker c: decayed in calorimeter l: has left detector s: stopped o: overlay
[ DEBUG5 "MyRemoveOverlay"] [    c s ]
[ DEBUG5 "MyRemoveOverlay"] 
[ DEBUG7 "MyRemoveOverlay"] 		********** PFO AT INDEX 20 IS NOT OVERLAY **********
[ DEBUG8 "MyRemoveOverlay"] 
[ DEBUG8 "MyRemoveOverlay"] 		-------------------------------------------------------
[ DEBUG8 "MyRemoveOverlay"] 		Processing PFO at index 21
[ DEBUG5 "MyRemoveOverlay"] ------------------ ReconstructedParticle -----------------------------
[ DEBUG5 "MyRemoveOverlay"] Id                                                             0x14662
[ DEBUG5 "MyRemoveOverlay"] Compound                                                             0
[ DEBUG5 "MyRemoveOverlay"] Type                                                               211
[ DEBUG5 "MyRemoveOverlay"] Momentum (x,y,z)                       -3.81e+00, +2.00e+00, -1.44e+00
[ DEBUG5 "MyRemoveOverlay"] Mass [GeV]                                                    1.40e-01
[ DEBUG5 "MyRemoveOverlay"] Charge [e]                                                    1.00e+00
[ DEBUG5 "MyRemoveOverlay"] Energy [GeV]                                                  4.54e+00
[ DEBUG5 "MyRemoveOverlay"] ReferencePoint                         -1.43e+01, +7.55e+00, -5.28e+00
[ DEBUG5 "MyRemoveOverlay"] ParticleIDUsed                                                       0
[ DEBUG5 "MyRemoveOverlay"] GoodnessOfPID                                                 0.00e+00
[ DEBUG5 "MyRemoveOverlay"] Covariance p,E:  8.21e-06, -4.06e-06, 2.82e-06, 2.87e-06, -1.53e-06, 
[ DEBUG5 "MyRemoveOverlay"]                  1.72e-06, -9.59e-06, 5.14e-06, -3.63e-06, 1.15e-05
[ DEBUG5 "MyRemoveOverlay"] Particles id:    
[ DEBUG5 "MyRemoveOverlay"] Tracks id:    [00013727]
[ DEBUG5 "MyRemoveOverlay"] Clusters id:  [00014446]
[ DEBUG5 "MyRemoveOverlay"] Particle ids ( [id], PDG, (type)): 
[ DEBUG5 "MyRemoveOverlay"]                  [00014663], 000321, (000000) 
[ DEBUG5 "MyRemoveOverlay"]                  [00014664], 000000, (000000) 
[ DEBUG5 "MyRemoveOverlay"]                  [00014665], 000000, (000000) 
[ DEBUG5 "MyRemoveOverlay"]                  [00014666], 000000, (000000) 
[ DEBUG5 "MyRemoveOverlay"]                  [00014667], 000000, (000000) 
[ DEBUG5 "MyRemoveOverlay"]                  [00014668], 000000, (000000) 
[ DEBUG5 "MyRemoveOverlay"]                  [00014669], 000011, (000000) 
[ DEBUG5 "MyRemoveOverlay"]                  [00014670], 000011, (000000) 
[ DEBUG5 "MyRemoveOverlay"]                  [00014671], 000321, (000000) 
[ DEBUG5 "MyRemoveOverlay"] 
[ DEBUG5 "MyRemoveOverlay"] 
[ DEBUG0 "MyRemoveOverlay"] 	MCParticle at index: 0 has PDG: 211 and MCParticle to Track link weight is 1.00e+00
[ DEBUG0 "MyRemoveOverlay"] 	MCParticle at index: 0 with PDG code: 211 has highest link weight to input track
[ DEBUG0 "MyRemoveOverlay"] 	Track at index: 0 has highest link weight to MCParticle = 9.96e-01
[ DEBUG0 "MyRemoveOverlay"] 	Track linked to MCParticle with highest weight
[ DEBUG6 "MyRemoveOverlay"] 		Found a linked MCParticle to track
[ DEBUG5 "MyRemoveOverlay"] ----------------------------- MCParticle -----------------------------
[ DEBUG5 "MyRemoveOverlay"] Id                                                               13191
[ DEBUG5 "MyRemoveOverlay"] PDG                                                                211
[ DEBUG5 "MyRemoveOverlay"] Energy [GeV]                                                  4.55e+00
[ DEBUG5 "MyRemoveOverlay"] Momentum [GeV] (x,y,z)                     -3.81765, 1.99879, -1.43867
[ DEBUG5 "MyRemoveOverlay"] Momentum at Endpoint[GeV] (x,y,z)                                -0, 0, -0
[ DEBUG5 "MyRemoveOverlay"] GeneratorStatus                                                      1
[ DEBUG5 "MyRemoveOverlay"] Vertex [mm] (x,y,z)              -6.37331e-308, 3.30859e-308, 0.131454
[ DEBUG5 "MyRemoveOverlay"] Endpoint [mm] (x,y,z)                      -1431.33, 1247.84, -640.863
[ DEBUG5 "MyRemoveOverlay"] Mass [GeV]                                                    1.40e-01
[ DEBUG5 "MyRemoveOverlay"] Charge                                                        1.00e+00
[ DEBUG5 "MyRemoveOverlay"] Parents                                                              1
[ DEBUG5 "MyRemoveOverlay"] Daughters                                                            1
[ DEBUG5 "MyRemoveOverlay"] simulator status bits: [sbvtcls]  s: created in simulation b: backscatter v: vertex is not endpoint of parent t: decayed in tracker c: decayed in calorimeter l: has left detector s: stopped o: overlay
[ DEBUG5 "MyRemoveOverlay"] [    c s ]
[ DEBUG5 "MyRemoveOverlay"] 
[ DEBUG0 "MyRemoveOverlay"] 	MCParticle at index: 0 has PDG: 211 and MCParticle to Cluster link weight is 9.96e-01
[ DEBUG0 "MyRemoveOverlay"] 	MCParticle at index: 0 with PDG code: 211 has highest link weight to input cluster
[ DEBUG6 "MyRemoveOverlay"] 		Cluster is not linked to a MCParticle
[ DEBUG7 "MyRemoveOverlay"] 		********** PFO AT INDEX 21 IS NOT OVERLAY **********
[ DEBUG8 "MyRemoveOverlay"] 
[ DEBUG8 "MyRemoveOverlay"] 		-------------------------------------------------------
[ DEBUG8 "MyRemoveOverlay"] 		Processing PFO at index 22
[ DEBUG5 "MyRemoveOverlay"] ------------------ ReconstructedParticle -----------------------------
[ DEBUG5 "MyRemoveOverlay"] Id                                                             0x14672
[ DEBUG5 "MyRemoveOverlay"] Compound                                                             0
[ DEBUG5 "MyRemoveOverlay"] Type                                                              -211
[ DEBUG5 "MyRemoveOverlay"] Momentum (x,y,z)                       -2.27e+00, +9.83e-01, -7.29e-01
[ DEBUG5 "MyRemoveOverlay"] Mass [GeV]                                                    1.40e-01
[ DEBUG5 "MyRemoveOverlay"] Charge [e]                                                   -1.00e+00
[ DEBUG5 "MyRemoveOverlay"] Energy [GeV]                                                  2.58e+00
[ DEBUG5 "MyRemoveOverlay"] ReferencePoint                         -1.47e+01, +6.32e+00, -4.60e+00
[ DEBUG5 "MyRemoveOverlay"] ParticleIDUsed                                                       0
[ DEBUG5 "MyRemoveOverlay"] GoodnessOfPID                                                 0.00e+00
[ DEBUG5 "MyRemoveOverlay"] Covariance p,E:  3.04e-06, -1.03e-06, 9.78e-07, 7.97e-07, -3.30e-07, 
[ DEBUG5 "MyRemoveOverlay"]                  8.01e-07, -3.29e-06, 1.37e-06, -1.05e-06, 3.71e-06
[ DEBUG5 "MyRemoveOverlay"] Particles id:    
[ DEBUG5 "MyRemoveOverlay"] Tracks id:    [00013687]
[ DEBUG5 "MyRemoveOverlay"] Clusters id:  [00014447]
[ DEBUG5 "MyRemoveOverlay"] Particle ids ( [id], PDG, (type)): 
[ DEBUG5 "MyRemoveOverlay"]                  [00014673], 002212, (000000) 
[ DEBUG5 "MyRemoveOverlay"]                  [00014674], 000000, (000000) 
[ DEBUG5 "MyRemoveOverlay"]                  [00014675], 000000, (000000) 
[ DEBUG5 "MyRemoveOverlay"]                  [00014676], 000000, (000000) 
[ DEBUG5 "MyRemoveOverlay"]                  [00014677], 000000, (000000) 
[ DEBUG5 "MyRemoveOverlay"]                  [00014678], 000000, (000000) 
[ DEBUG5 "MyRemoveOverlay"]                  [00014679], 000013, (000000) 
[ DEBUG5 "MyRemoveOverlay"]                  [00014680], 000211, (000000) 
[ DEBUG5 "MyRemoveOverlay"]                  [00014681], 000321, (000000) 
[ DEBUG5 "MyRemoveOverlay"] 
[ DEBUG5 "MyRemoveOverlay"] 
[ DEBUG0 "MyRemoveOverlay"] 	MCParticle at index: 0 has PDG: -211 and MCParticle to Track link weight is 9.91e-01
[ DEBUG0 "MyRemoveOverlay"] 	MCParticle at index: 0 with PDG code: -211 has highest link weight to input track
[ DEBUG0 "MyRemoveOverlay"] 	Track at index: 0 has highest link weight to MCParticle = 9.87e-01
[ DEBUG0 "MyRemoveOverlay"] 	Track linked to MCParticle with highest weight
[ DEBUG6 "MyRemoveOverlay"] 		Found a linked MCParticle to track
[ DEBUG5 "MyRemoveOverlay"] ----------------------------- MCParticle -----------------------------
[ DEBUG5 "MyRemoveOverlay"] Id                                                               13192
[ DEBUG5 "MyRemoveOverlay"] PDG                                                               -211
[ DEBUG5 "MyRemoveOverlay"] Energy [GeV]                                                  2.59e+00
[ DEBUG5 "MyRemoveOverlay"] Momentum [GeV] (x,y,z)                    -2.27539, 0.985306, -0.73203
[ DEBUG5 "MyRemoveOverlay"] Momentum at Endpoint[GeV] (x,y,z)                               -0, -0, -0
[ DEBUG5 "MyRemoveOverlay"] GeneratorStatus                                                      1
[ DEBUG5 "MyRemoveOverlay"] Vertex [mm] (x,y,z)              -6.37331e-308, 3.30859e-308, 0.131454
[ DEBUG5 "MyRemoveOverlay"] Endpoint [mm] (x,y,z)                      -1907.9, -6.39561, -580.752
[ DEBUG5 "MyRemoveOverlay"] Mass [GeV]                                                    1.40e-01
[ DEBUG5 "MyRemoveOverlay"] Charge                                                       -1.00e+00
[ DEBUG5 "MyRemoveOverlay"] Parents                                                              1
[ DEBUG5 "MyRemoveOverlay"] Daughters                                                            1
[ DEBUG5 "MyRemoveOverlay"] simulator status bits: [sbvtcls]  s: created in simulation b: backscatter v: vertex is not endpoint of parent t: decayed in tracker c: decayed in calorimeter l: has left detector s: stopped o: overlay
[ DEBUG5 "MyRemoveOverlay"] [    c s ]
[ DEBUG5 "MyRemoveOverlay"] 
[ DEBUG0 "MyRemoveOverlay"] 	MCParticle at index: 0 has PDG: -211 and MCParticle to Cluster link weight is 1.00e+00
[ DEBUG0 "MyRemoveOverlay"] 	MCParticle at index: 0 with PDG code: -211 has highest link weight to input cluster
[ DEBUG0 "MyRemoveOverlay"] 	Cluster at index: 0 has highest link weight to MCParticle = 9.99e-01
[ DEBUG0 "MyRemoveOverlay"] 	Cluster linked to MCParticle with highest weight
[ DEBUG6 "MyRemoveOverlay"] 		Found a linked MCParticle to cluster
[ DEBUG5 "MyRemoveOverlay"] ----------------------------- MCParticle -----------------------------
[ DEBUG5 "MyRemoveOverlay"] Id                                                               13192
[ DEBUG5 "MyRemoveOverlay"] PDG                                                               -211
[ DEBUG5 "MyRemoveOverlay"] Energy [GeV]                                                  2.59e+00
[ DEBUG5 "MyRemoveOverlay"] Momentum [GeV] (x,y,z)                    -2.27539, 0.985306, -0.73203
[ DEBUG5 "MyRemoveOverlay"] Momentum at Endpoint[GeV] (x,y,z)                               -0, -0, -0
[ DEBUG5 "MyRemoveOverlay"] GeneratorStatus                                                      1
[ DEBUG5 "MyRemoveOverlay"] Vertex [mm] (x,y,z)              -6.37331e-308, 3.30859e-308, 0.131454
[ DEBUG5 "MyRemoveOverlay"] Endpoint [mm] (x,y,z)                      -1907.9, -6.39561, -580.752
[ DEBUG5 "MyRemoveOverlay"] Mass [GeV]                                                    1.40e-01
[ DEBUG5 "MyRemoveOverlay"] Charge                                                       -1.00e+00
[ DEBUG5 "MyRemoveOverlay"] Parents                                                              1
[ DEBUG5 "MyRemoveOverlay"] Daughters                                                            1
[ DEBUG5 "MyRemoveOverlay"] simulator status bits: [sbvtcls]  s: created in simulation b: backscatter v: vertex is not endpoint of parent t: decayed in tracker c: decayed in calorimeter l: has left detector s: stopped o: overlay
[ DEBUG5 "MyRemoveOverlay"] [    c s ]
[ DEBUG5 "MyRemoveOverlay"] 
[ DEBUG7 "MyRemoveOverlay"] 		********** PFO AT INDEX 22 IS NOT OVERLAY **********
[ DEBUG8 "MyRemoveOverlay"] 
[ DEBUG8 "MyRemoveOverlay"] 		-------------------------------------------------------
[ DEBUG8 "MyRemoveOverlay"] 		Processing PFO at index 23
[ DEBUG5 "MyRemoveOverlay"] ------------------ ReconstructedParticle -----------------------------
[ DEBUG5 "MyRemoveOverlay"] Id                                                             0x14682
[ DEBUG5 "MyRemoveOverlay"] Compound                                                             0
[ DEBUG5 "MyRemoveOverlay"] Type                                                              -211
[ DEBUG5 "MyRemoveOverlay"] Momentum (x,y,z)                       -5.20e+00, +2.69e+00, -1.55e+00
[ DEBUG5 "MyRemoveOverlay"] Mass [GeV]                                                    1.40e-01
[ DEBUG5 "MyRemoveOverlay"] Charge [e]                                                   -1.00e+00
[ DEBUG5 "MyRemoveOverlay"] Energy [GeV]                                                  6.06e+00
[ DEBUG5 "MyRemoveOverlay"] ReferencePoint                         -2.70e+02, +1.31e+02, -8.22e+01
[ DEBUG5 "MyRemoveOverlay"] ParticleIDUsed                                                       0
[ DEBUG5 "MyRemoveOverlay"] GoodnessOfPID                                                 0.00e+00
[ DEBUG5 "MyRemoveOverlay"] Covariance p,E:  1.82e-05, -4.89e-06, 8.50e-06, 3.21e-06, -1.40e-06, 
[ DEBUG5 "MyRemoveOverlay"]                  7.85e-06, -1.86e-05, 8.33e-06, -5.38e-06, 2.11e-05
[ DEBUG5 "MyRemoveOverlay"] Particles id:    
[ DEBUG5 "MyRemoveOverlay"] Tracks id:    [00013767]
[ DEBUG5 "MyRemoveOverlay"] Clusters id:  [00014448]
[ DEBUG5 "MyRemoveOverlay"] Particle ids ( [id], PDG, (type)): 
[ DEBUG5 "MyRemoveOverlay"]                  [00014683], 000321, (000000) 
[ DEBUG5 "MyRemoveOverlay"]                  [00014684], 000000, (000000) 
[ DEBUG5 "MyRemoveOverlay"]                  [00014685], 000000, (000000) 
[ DEBUG5 "MyRemoveOverlay"]                  [00014686], 000000, (000000) 
[ DEBUG5 "MyRemoveOverlay"]                  [00014687], 000000, (000000) 
[ DEBUG5 "MyRemoveOverlay"]                  [00014688], 000000, (000000) 
[ DEBUG5 "MyRemoveOverlay"]                  [00014689], 000013, (000000) 
[ DEBUG5 "MyRemoveOverlay"]                  [00014690], 000321, (000000) 
[ DEBUG5 "MyRemoveOverlay"]                  [00014691], 000011, (000000) 
[ DEBUG5 "MyRemoveOverlay"] 
[ DEBUG5 "MyRemoveOverlay"] 
[ DEBUG0 "MyRemoveOverlay"] 	MCParticle at index: 0 has PDG: -211 and MCParticle to Track link weight is 1.00e+00
[ DEBUG0 "MyRemoveOverlay"] 	MCParticle at index: 0 with PDG code: -211 has highest link weight to input track
[ DEBUG0 "MyRemoveOverlay"] 	Track at index: 0 has highest link weight to MCParticle = 9.82e-01
[ DEBUG0 "MyRemoveOverlay"] 	Track linked to MCParticle with highest weight
[ DEBUG6 "MyRemoveOverlay"] 		Found a linked MCParticle to track
[ DEBUG5 "MyRemoveOverlay"] ----------------------------- MCParticle -----------------------------
[ DEBUG5 "MyRemoveOverlay"] Id                                                               13207
[ DEBUG5 "MyRemoveOverlay"] PDG                                                               -211
[ DEBUG5 "MyRemoveOverlay"] Energy [GeV]                                                  6.06e+00
[ DEBUG5 "MyRemoveOverlay"] Momentum [GeV] (x,y,z)                     -5.30239, 2.49013, -1.55175
[ DEBUG5 "MyRemoveOverlay"] Momentum at Endpoint[GeV] (x,y,z)                                -0, 0, -0
[ DEBUG5 "MyRemoveOverlay"] GeneratorStatus                                                      1
[ DEBUG5 "MyRemoveOverlay"] Vertex [mm] (x,y,z)                         -190.938, 95.1304, -59.131
[ DEBUG5 "MyRemoveOverlay"] Endpoint [mm] (x,y,z)                      -1819.83, 574.327, -510.294
[ DEBUG5 "MyRemoveOverlay"] Mass [GeV]                                                    1.40e-01
[ DEBUG5 "MyRemoveOverlay"] Charge                                                       -1.00e+00
[ DEBUG5 "MyRemoveOverlay"] Parents                                                              1
[ DEBUG5 "MyRemoveOverlay"] Daughters                                                            0
[ DEBUG5 "MyRemoveOverlay"] simulator status bits: [sbvtcls]  s: created in simulation b: backscatter v: vertex is not endpoint of parent t: decayed in tracker c: decayed in calorimeter l: has left detector s: stopped o: overlay
[ DEBUG5 "MyRemoveOverlay"] [    c s ]
[ DEBUG5 "MyRemoveOverlay"] 
[ DEBUG0 "MyRemoveOverlay"] 	MCParticle at index: 0 has PDG: -211 and MCParticle to Cluster link weight is 9.99e-01
[ DEBUG0 "MyRemoveOverlay"] 	MCParticle at index: 0 with PDG code: -211 has highest link weight to input cluster
[ DEBUG6 "MyRemoveOverlay"] 		Cluster is not linked to a MCParticle
[ DEBUG7 "MyRemoveOverlay"] 		********** PFO AT INDEX 23 IS NOT OVERLAY **********
[ DEBUG8 "MyRemoveOverlay"] 
[ DEBUG8 "MyRemoveOverlay"] 		-------------------------------------------------------
[ DEBUG8 "MyRemoveOverlay"] 		Processing PFO at index 24
[ DEBUG5 "MyRemoveOverlay"] ------------------ ReconstructedParticle -----------------------------
[ DEBUG5 "MyRemoveOverlay"] Id                                                             0x14692
[ DEBUG5 "MyRemoveOverlay"] Compound                                                             0
[ DEBUG5 "MyRemoveOverlay"] Type                                                              -211
[ DEBUG5 "MyRemoveOverlay"] Momentum (x,y,z)                       -5.50e+00, +2.07e+00, -1.29e+00
[ DEBUG5 "MyRemoveOverlay"] Mass [GeV]                                                    1.40e-01
[ DEBUG5 "MyRemoveOverlay"] Charge [e]                                                   -1.00e+00
[ DEBUG5 "MyRemoveOverlay"] Energy [GeV]                                                  6.02e+00
[ DEBUG5 "MyRemoveOverlay"] ReferencePoint                         -1.50e+01, +5.60e+00, -3.39e+00
[ DEBUG5 "MyRemoveOverlay"] ParticleIDUsed                                                       0
[ DEBUG5 "MyRemoveOverlay"] GoodnessOfPID                                                 0.00e+00
[ DEBUG5 "MyRemoveOverlay"] Covariance p,E:  1.72e-05, -6.05e-06, 2.91e-06, 3.87e-06, -1.42e-06, 
[ DEBUG5 "MyRemoveOverlay"]                  1.60e-06, -1.86e-05, 6.83e-06, -4.37e-06, 2.03e-05
[ DEBUG5 "MyRemoveOverlay"] Particles id:    
[ DEBUG5 "MyRemoveOverlay"] Tracks id:    [00013697]
[ DEBUG5 "MyRemoveOverlay"] Clusters id:  [00014449]
[ DEBUG5 "MyRemoveOverlay"] Particle ids ( [id], PDG, (type)): 
[ DEBUG5 "MyRemoveOverlay"]                  [00014693], 000211, (000000) 
[ DEBUG5 "MyRemoveOverlay"]                  [00014694], 000000, (000000) 
[ DEBUG5 "MyRemoveOverlay"]                  [00014695], 000000, (000000) 
[ DEBUG5 "MyRemoveOverlay"]                  [00014696], 000000, (000000) 
[ DEBUG5 "MyRemoveOverlay"]                  [00014697], 000000, (000000) 
[ DEBUG5 "MyRemoveOverlay"]                  [00014698], 000000, (000000) 
[ DEBUG5 "MyRemoveOverlay"]                  [00014699], 000211, (000000) 
[ DEBUG5 "MyRemoveOverlay"]                  [00014700], 000211, (000000) 
[ DEBUG5 "MyRemoveOverlay"]                  [00014701], 000211, (000000) 
[ DEBUG5 "MyRemoveOverlay"] 
[ DEBUG5 "MyRemoveOverlay"] 
[ DEBUG0 "MyRemoveOverlay"] 	MCParticle at index: 0 has PDG: -211 and MCParticle to Track link weight is 1.00e+00
[ DEBUG0 "MyRemoveOverlay"] 	MCParticle at index: 0 with PDG code: -211 has highest link weight to input track
[ DEBUG0 "MyRemoveOverlay"] 	Track at index: 0 has highest link weight to MCParticle = 9.87e-01
[ DEBUG0 "MyRemoveOverlay"] 	Track linked to MCParticle with highest weight
[ DEBUG6 "MyRemoveOverlay"] 		Found a linked MCParticle to track
[ DEBUG5 "MyRemoveOverlay"] ----------------------------- MCParticle -----------------------------
[ DEBUG5 "MyRemoveOverlay"] Id                                                               13172
[ DEBUG5 "MyRemoveOverlay"] PDG                                                               -211
[ DEBUG5 "MyRemoveOverlay"] Energy [GeV]                                                  6.01e+00
[ DEBUG5 "MyRemoveOverlay"] Momentum [GeV] (x,y,z)                      -5.49416, 2.0635, -1.29277
[ DEBUG5 "MyRemoveOverlay"] Momentum at Endpoint[GeV] (x,y,z)                               -0, -0, -0
[ DEBUG5 "MyRemoveOverlay"] GeneratorStatus                                                      1
[ DEBUG5 "MyRemoveOverlay"] Vertex [mm] (x,y,z)               -5.02724e-309, 1.8063e-309, 0.131454
[ DEBUG5 "MyRemoveOverlay"] Endpoint [mm] (x,y,z)                      -1999.63, 357.664, -449.653
[ DEBUG5 "MyRemoveOverlay"] Mass [GeV]                                                    1.40e-01
[ DEBUG5 "MyRemoveOverlay"] Charge                                                       -1.00e+00
[ DEBUG5 "MyRemoveOverlay"] Parents                                                              1
[ DEBUG5 "MyRemoveOverlay"] Daughters                                                            0
[ DEBUG5 "MyRemoveOverlay"] simulator status bits: [sbvtcls]  s: created in simulation b: backscatter v: vertex is not endpoint of parent t: decayed in tracker c: decayed in calorimeter l: has left detector s: stopped o: overlay
[ DEBUG5 "MyRemoveOverlay"] [    c s ]
[ DEBUG5 "MyRemoveOverlay"] 
[ DEBUG0 "MyRemoveOverlay"] 	MCParticle at index: 1 has PDG: -211 and MCParticle to Cluster link weight is 9.83e-01
[ DEBUG0 "MyRemoveOverlay"] 	MCParticle at index: 1 with PDG code: -211 has highest link weight to input cluster
[ DEBUG0 "MyRemoveOverlay"] 	Cluster at index: 0 has highest link weight to MCParticle = 9.94e-01
[ DEBUG0 "MyRemoveOverlay"] 	Cluster linked to MCParticle with highest weight
[ DEBUG6 "MyRemoveOverlay"] 		Found a linked MCParticle to cluster
[ DEBUG5 "MyRemoveOverlay"] ----------------------------- MCParticle -----------------------------
[ DEBUG5 "MyRemoveOverlay"] Id                                                               13172
[ DEBUG5 "MyRemoveOverlay"] PDG                                                               -211
[ DEBUG5 "MyRemoveOverlay"] Energy [GeV]                                                  6.01e+00
[ DEBUG5 "MyRemoveOverlay"] Momentum [GeV] (x,y,z)                      -5.49416, 2.0635, -1.29277
[ DEBUG5 "MyRemoveOverlay"] Momentum at Endpoint[GeV] (x,y,z)                               -0, -0, -0
[ DEBUG5 "MyRemoveOverlay"] GeneratorStatus                                                      1
[ DEBUG5 "MyRemoveOverlay"] Vertex [mm] (x,y,z)               -5.02724e-309, 1.8063e-309, 0.131454
[ DEBUG5 "MyRemoveOverlay"] Endpoint [mm] (x,y,z)                      -1999.63, 357.664, -449.653
[ DEBUG5 "MyRemoveOverlay"] Mass [GeV]                                                    1.40e-01
[ DEBUG5 "MyRemoveOverlay"] Charge                                                       -1.00e+00
[ DEBUG5 "MyRemoveOverlay"] Parents                                                              1
[ DEBUG5 "MyRemoveOverlay"] Daughters                                                            0
[ DEBUG5 "MyRemoveOverlay"] simulator status bits: [sbvtcls]  s: created in simulation b: backscatter v: vertex is not endpoint of parent t: decayed in tracker c: decayed in calorimeter l: has left detector s: stopped o: overlay
[ DEBUG5 "MyRemoveOverlay"] [    c s ]
[ DEBUG5 "MyRemoveOverlay"] 
[ DEBUG7 "MyRemoveOverlay"] 		********** PFO AT INDEX 24 IS NOT OVERLAY **********
[ DEBUG8 "MyRemoveOverlay"] 
[ DEBUG8 "MyRemoveOverlay"] 		-------------------------------------------------------
[ DEBUG8 "MyRemoveOverlay"] 		Processing PFO at index 25
[ DEBUG5 "MyRemoveOverlay"] ------------------ ReconstructedParticle -----------------------------
[ DEBUG5 "MyRemoveOverlay"] Id                                                             0x14702
[ DEBUG5 "MyRemoveOverlay"] Compound                                                             0
[ DEBUG5 "MyRemoveOverlay"] Type                                                               211
[ DEBUG5 "MyRemoveOverlay"] Momentum (x,y,z)                       -1.66e+00, +6.58e-01, -3.29e-01
[ DEBUG5 "MyRemoveOverlay"] Mass [GeV]                                                    1.40e-01
[ DEBUG5 "MyRemoveOverlay"] Charge [e]                                                    1.00e+00
[ DEBUG5 "MyRemoveOverlay"] Energy [GeV]                                                  1.82e+00
[ DEBUG5 "MyRemoveOverlay"] ReferencePoint                         -3.52e+01, +1.47e+01, -6.24e+00
[ DEBUG5 "MyRemoveOverlay"] ParticleIDUsed                                                       0
[ DEBUG5 "MyRemoveOverlay"] GoodnessOfPID                                                 0.00e+00
[ DEBUG5 "MyRemoveOverlay"] Covariance p,E:  1.50e-06, -3.04e-07, 1.00e-06, 1.32e-07, -5.71e-08, 
[ DEBUG5 "MyRemoveOverlay"]                  8.89e-07, -1.50e-06, 6.50e-07, -3.01e-07, 1.66e-06
[ DEBUG5 "MyRemoveOverlay"] Particles id:    
[ DEBUG5 "MyRemoveOverlay"] Tracks id:    [00013667]
[ DEBUG5 "MyRemoveOverlay"] Clusters id:  [00014450]
[ DEBUG5 "MyRemoveOverlay"] Particle ids ( [id], PDG, (type)): 
[ DEBUG5 "MyRemoveOverlay"]                  [00014703], 000321, (000000) 
[ DEBUG5 "MyRemoveOverlay"]                  [00014704], 000000, (000000) 
[ DEBUG5 "MyRemoveOverlay"]                  [00014705], 000000, (000000) 
[ DEBUG5 "MyRemoveOverlay"]                  [00014706], 000000, (000000) 
[ DEBUG5 "MyRemoveOverlay"]                  [00014707], 000000, (000000) 
[ DEBUG5 "MyRemoveOverlay"]                  [00014708], 000000, (000000) 
[ DEBUG5 "MyRemoveOverlay"]                  [00014709], 000211, (000000) 
[ DEBUG5 "MyRemoveOverlay"]                  [00014710], 000211, (000000) 
[ DEBUG5 "MyRemoveOverlay"]                  [00014711], 000321, (000000) 
[ DEBUG5 "MyRemoveOverlay"] 
[ DEBUG5 "MyRemoveOverlay"] 
[ DEBUG0 "MyRemoveOverlay"] 	MCParticle at index: 0 has PDG: 211 and MCParticle to Track link weight is 9.96e-01
[ DEBUG0 "MyRemoveOverlay"] 	MCParticle at index: 0 with PDG code: 211 has highest link weight to input track
[ DEBUG0 "MyRemoveOverlay"] 	Track at index: 0 has highest link weight to MCParticle = 9.91e-01
[ DEBUG0 "MyRemoveOverlay"] 	Track linked to MCParticle with highest weight
[ DEBUG6 "MyRemoveOverlay"] 		Found a linked MCParticle to track
[ DEBUG5 "MyRemoveOverlay"] ----------------------------- MCParticle -----------------------------
[ DEBUG5 "MyRemoveOverlay"] Id                                                               13294
[ DEBUG5 "MyRemoveOverlay"] PDG                                                                211
[ DEBUG5 "MyRemoveOverlay"] Energy [GeV]                                                  1.82e+00
[ DEBUG5 "MyRemoveOverlay"] Momentum [GeV] (x,y,z)                   -1.64335, 0.694537, -0.328356
[ DEBUG5 "MyRemoveOverlay"] Momentum at Endpoint[GeV] (x,y,z)                                 0, 0, -0
[ DEBUG5 "MyRemoveOverlay"] GeneratorStatus                                                      0
[ DEBUG5 "MyRemoveOverlay"] Vertex [mm] (x,y,z)                        -35.9118, 14.9367, -6.36047
[ DEBUG5 "MyRemoveOverlay"] Endpoint [mm] (x,y,z)                      -1069.29, 1648.02, -384.495
[ DEBUG5 "MyRemoveOverlay"] Mass [GeV]                                                    1.40e-01
[ DEBUG5 "MyRemoveOverlay"] Charge                                                        1.00e+00
[ DEBUG5 "MyRemoveOverlay"] Parents                                                              1
[ DEBUG5 "MyRemoveOverlay"] Daughters                                                            0
[ DEBUG5 "MyRemoveOverlay"] simulator status bits: [sbvtcls]  s: created in simulation b: backscatter v: vertex is not endpoint of parent t: decayed in tracker c: decayed in calorimeter l: has left detector s: stopped o: overlay
[ DEBUG5 "MyRemoveOverlay"] [s   c s ]
[ DEBUG5 "MyRemoveOverlay"] 
[ DEBUG0 "MyRemoveOverlay"] 	MCParticle at index: 0 has PDG: 211 and MCParticle to Cluster link weight is 1.00e+00
[ DEBUG0 "MyRemoveOverlay"] 	MCParticle at index: 0 with PDG code: 211 has highest link weight to input cluster
[ DEBUG0 "MyRemoveOverlay"] 	Cluster at index: 0 has highest link weight to MCParticle = 1.00e+00
[ DEBUG0 "MyRemoveOverlay"] 	Cluster linked to MCParticle with highest weight
[ DEBUG6 "MyRemoveOverlay"] 		Found a linked MCParticle to cluster
[ DEBUG5 "MyRemoveOverlay"] ----------------------------- MCParticle -----------------------------
[ DEBUG5 "MyRemoveOverlay"] Id                                                               13294
[ DEBUG5 "MyRemoveOverlay"] PDG                                                                211
[ DEBUG5 "MyRemoveOverlay"] Energy [GeV]                                                  1.82e+00
[ DEBUG5 "MyRemoveOverlay"] Momentum [GeV] (x,y,z)                   -1.64335, 0.694537, -0.328356
[ DEBUG5 "MyRemoveOverlay"] Momentum at Endpoint[GeV] (x,y,z)                                 0, 0, -0
[ DEBUG5 "MyRemoveOverlay"] GeneratorStatus                                                      0
[ DEBUG5 "MyRemoveOverlay"] Vertex [mm] (x,y,z)                        -35.9118, 14.9367, -6.36047
[ DEBUG5 "MyRemoveOverlay"] Endpoint [mm] (x,y,z)                      -1069.29, 1648.02, -384.495
[ DEBUG5 "MyRemoveOverlay"] Mass [GeV]                                                    1.40e-01
[ DEBUG5 "MyRemoveOverlay"] Charge                                                        1.00e+00
[ DEBUG5 "MyRemoveOverlay"] Parents                                                              1
[ DEBUG5 "MyRemoveOverlay"] Daughters                                                            0
[ DEBUG5 "MyRemoveOverlay"] simulator status bits: [sbvtcls]  s: created in simulation b: backscatter v: vertex is not endpoint of parent t: decayed in tracker c: decayed in calorimeter l: has left detector s: stopped o: overlay
[ DEBUG5 "MyRemoveOverlay"] [s   c s ]
[ DEBUG5 "MyRemoveOverlay"] 
[ DEBUG7 "MyRemoveOverlay"] 		********** PFO AT INDEX 25 IS NOT OVERLAY **********
[ DEBUG8 "MyRemoveOverlay"] 
[ DEBUG8 "MyRemoveOverlay"] 		-------------------------------------------------------
[ DEBUG8 "MyRemoveOverlay"] 		Processing PFO at index 26
[ DEBUG5 "MyRemoveOverlay"] ------------------ ReconstructedParticle -----------------------------
[ DEBUG5 "MyRemoveOverlay"] Id                                                             0x14712
[ DEBUG5 "MyRemoveOverlay"] Compound                                                             0
[ DEBUG5 "MyRemoveOverlay"] Type                                                              -211
[ DEBUG5 "MyRemoveOverlay"] Momentum (x,y,z)                       +1.38e-01, +3.56e-01, +3.10e-01
[ DEBUG5 "MyRemoveOverlay"] Mass [GeV]                                                    1.40e-01
[ DEBUG5 "MyRemoveOverlay"] Charge [e]                                                   -1.00e+00
[ DEBUG5 "MyRemoveOverlay"] Energy [GeV]                                                  5.11e-01
[ DEBUG5 "MyRemoveOverlay"] ReferencePoint                         +5.80e+00, +1.60e+01, +1.39e+01
[ DEBUG5 "MyRemoveOverlay"] ParticleIDUsed                                                       0
[ DEBUG5 "MyRemoveOverlay"] GoodnessOfPID                                                 0.00e+00
[ DEBUG5 "MyRemoveOverlay"] Covariance p,E:  5.82e-07, -3.33e-08, 5.81e-07, -2.12e-08, -1.47e-08, 
[ DEBUG5 "MyRemoveOverlay"]                  5.70e-07, 1.21e-07, 3.87e-07, 3.29e-07, 5.02e-07
[ DEBUG5 "MyRemoveOverlay"] Particles id:    
[ DEBUG5 "MyRemoveOverlay"] Tracks id:    [00013747]
[ DEBUG5 "MyRemoveOverlay"] Clusters id:  [00014451]
[ DEBUG5 "MyRemoveOverlay"] Particle ids ( [id], PDG, (type)): 
[ DEBUG5 "MyRemoveOverlay"]                  [00014713], 000013, (000000) 
[ DEBUG5 "MyRemoveOverlay"]                  [00014714], 000013, (000000) 
[ DEBUG5 "MyRemoveOverlay"]                  [00014715], 000000, (000000) 
[ DEBUG5 "MyRemoveOverlay"]                  [00014716], 000000, (000000) 
[ DEBUG5 "MyRemoveOverlay"]                  [00014717], 000000, (000000) 
[ DEBUG5 "MyRemoveOverlay"]                  [00014718], 000000, (000000) 
[ DEBUG5 "MyRemoveOverlay"]                  [00014719], 000011, (000000) 
[ DEBUG5 "MyRemoveOverlay"]                  [00014720], 000011, (000000) 
[ DEBUG5 "MyRemoveOverlay"]                  [00014721], 000013, (000000) 
[ DEBUG5 "MyRemoveOverlay"] 
[ DEBUG5 "MyRemoveOverlay"] 
[ DEBUG0 "MyRemoveOverlay"] 	MCParticle at index: 0 has PDG: -211 and MCParticle to Track link weight is 1.00e+00
[ DEBUG0 "MyRemoveOverlay"] 	MCParticle at index: 0 with PDG code: -211 has highest link weight to input track
[ DEBUG6 "MyRemoveOverlay"] 		Track is not linked to a MCParticle
[ DEBUG0 "MyRemoveOverlay"] 	MCParticle at index: 0 has PDG: -211 and MCParticle to Cluster link weight is 1.00e+00
[ DEBUG0 "MyRemoveOverlay"] 	MCParticle at index: 0 with PDG code: -211 has highest link weight to input cluster
[ DEBUG0 "MyRemoveOverlay"] 	Cluster at index: 0 has highest link weight to MCParticle = 1.00e+00
[ DEBUG0 "MyRemoveOverlay"] 	Cluster linked to MCParticle with highest weight
[ DEBUG6 "MyRemoveOverlay"] 		Found a linked MCParticle to cluster
[ DEBUG5 "MyRemoveOverlay"] ----------------------------- MCParticle -----------------------------
[ DEBUG5 "MyRemoveOverlay"] Id                                                               13304
[ DEBUG5 "MyRemoveOverlay"] PDG                                                               -211
[ DEBUG5 "MyRemoveOverlay"] Energy [GeV]                                                  5.11e-01
[ DEBUG5 "MyRemoveOverlay"] Momentum [GeV] (x,y,z)                    0.138825, 0.356098, 0.309751
[ DEBUG5 "MyRemoveOverlay"] Momentum at Endpoint[GeV] (x,y,z)                                 -0, 0, 0
[ DEBUG5 "MyRemoveOverlay"] GeneratorStatus                                                      1
[ DEBUG5 "MyRemoveOverlay"] Vertex [mm] (x,y,z)                                     0, 0, 0.119454
[ DEBUG5 "MyRemoveOverlay"] Endpoint [mm] (x,y,z)                       -586.859, 366.525, 2571.56
[ DEBUG5 "MyRemoveOverlay"] Mass [GeV]                                                    1.40e-01
[ DEBUG5 "MyRemoveOverlay"] Charge                                                       -1.00e+00
[ DEBUG5 "MyRemoveOverlay"] Parents                                                              2
[ DEBUG5 "MyRemoveOverlay"] Daughters                                                            0
[ DEBUG5 "MyRemoveOverlay"] simulator status bits: [sbvtcls]  s: created in simulation b: backscatter v: vertex is not endpoint of parent t: decayed in tracker c: decayed in calorimeter l: has left detector s: stopped o: overlay
[ DEBUG5 "MyRemoveOverlay"] [    c so]
[ DEBUG5 "MyRemoveOverlay"] 
[ DEBUG7 "MyRemoveOverlay"] 		********** PFO AT INDEX 26 IS OVERLAY **********
[ DEBUG8 "MyRemoveOverlay"] 
[ DEBUG8 "MyRemoveOverlay"] 		-------------------------------------------------------
[ DEBUG8 "MyRemoveOverlay"] 		Processing PFO at index 27
[ DEBUG5 "MyRemoveOverlay"] ------------------ ReconstructedParticle -----------------------------
[ DEBUG5 "MyRemoveOverlay"] Id                                                             0x14722
[ DEBUG5 "MyRemoveOverlay"] Compound                                                             0
[ DEBUG5 "MyRemoveOverlay"] Type                                                               211
[ DEBUG5 "MyRemoveOverlay"] Momentum (x,y,z)                       -4.70e-01, +7.84e-02, +4.30e-02
[ DEBUG5 "MyRemoveOverlay"] Mass [GeV]                                                    1.40e-01
[ DEBUG5 "MyRemoveOverlay"] Charge [e]                                                    1.00e+00
[ DEBUG5 "MyRemoveOverlay"] Energy [GeV]                                                  4.98e-01
[ DEBUG5 "MyRemoveOverlay"] ReferencePoint                         -1.58e+01, +2.96e+00, +1.62e+00
[ DEBUG5 "MyRemoveOverlay"] ParticleIDUsed                                                       0
[ DEBUG5 "MyRemoveOverlay"] GoodnessOfPID                                                 0.00e+00
[ DEBUG5 "MyRemoveOverlay"] Covariance p,E:  2.33e-07, 2.76e-08, 4.74e-07, 2.18e-08, -3.75e-09, 
[ DEBUG5 "MyRemoveOverlay"]                  4.74e-07, -2.14e-07, 4.82e-08, 1.97e-08, 2.11e-07
[ DEBUG5 "MyRemoveOverlay"] Particles id:    
[ DEBUG5 "MyRemoveOverlay"] Tracks id:    [00013672]
[ DEBUG5 "MyRemoveOverlay"] Clusters id:  
[ DEBUG5 "MyRemoveOverlay"] Particle ids ( [id], PDG, (type)): 
[ DEBUG5 "MyRemoveOverlay"]                  [00014723], 000211, (000000) 
[ DEBUG5 "MyRemoveOverlay"]                  [00014724], 000211, (000000) 
[ DEBUG5 "MyRemoveOverlay"]                  [00014725], 000011, (000000) 
[ DEBUG5 "MyRemoveOverlay"]                  [00014726], 000011, (000000) 
[ DEBUG5 "MyRemoveOverlay"]                  [00014727], 000000, (000000) 
[ DEBUG5 "MyRemoveOverlay"] 
[ DEBUG5 "MyRemoveOverlay"] 
[ DEBUG0 "MyRemoveOverlay"] 	MCParticle at index: 0 has PDG: 211 and MCParticle to Track link weight is 1.00e+00
[ DEBUG0 "MyRemoveOverlay"] 	MCParticle at index: 0 with PDG code: 211 has highest link weight to input track
[ DEBUG6 "MyRemoveOverlay"] 		Track is not linked to a MCParticle
[ DEBUG7 "MyRemoveOverlay"] 		********** PFO AT INDEX 27 IS NOT OVERLAY **********
[ DEBUG8 "MyRemoveOverlay"] 
[ DEBUG8 "MyRemoveOverlay"] 		-------------------------------------------------------
[ DEBUG8 "MyRemoveOverlay"] 		Processing PFO at index 28
[ DEBUG5 "MyRemoveOverlay"] ------------------ ReconstructedParticle -----------------------------
[ DEBUG5 "MyRemoveOverlay"] Id                                                             0x14728
[ DEBUG5 "MyRemoveOverlay"] Compound                                                             0
[ DEBUG5 "MyRemoveOverlay"] Type                                                               211
[ DEBUG5 "MyRemoveOverlay"] Momentum (x,y,z)                       -1.31e-01, +4.55e-01, +2.09e-01
[ DEBUG5 "MyRemoveOverlay"] Mass [GeV]                                                    1.40e-01
[ DEBUG5 "MyRemoveOverlay"] Charge [e]                                                    1.00e+00
[ DEBUG5 "MyRemoveOverlay"] Energy [GeV]                                                  5.36e-01
[ DEBUG5 "MyRemoveOverlay"] ReferencePoint                         -4.41e+00, +1.65e+01, +7.55e+00
[ DEBUG5 "MyRemoveOverlay"] ParticleIDUsed                                                       0
[ DEBUG5 "MyRemoveOverlay"] GoodnessOfPID                                                 0.00e+00
[ DEBUG5 "MyRemoveOverlay"] Covariance p,E:  5.04e-07, 6.61e-08, 3.68e-07, 1.71e-08, -8.02e-08, 
[ DEBUG5 "MyRemoveOverlay"]                  4.92e-07, -6.05e-08, 2.65e-07, 1.20e-07, 2.86e-07
[ DEBUG5 "MyRemoveOverlay"] Particles id:    
[ DEBUG5 "MyRemoveOverlay"] Tracks id:    [00013702]
[ DEBUG5 "MyRemoveOverlay"] Clusters id:  [00014452]
[ DEBUG5 "MyRemoveOverlay"] Particle ids ( [id], PDG, (type)): 
[ DEBUG5 "MyRemoveOverlay"]                  [00014729], 000211, (000000) 
[ DEBUG5 "MyRemoveOverlay"]                  [00014730], 000000, (000000) 
[ DEBUG5 "MyRemoveOverlay"]                  [00014731], 000000, (000000) 
[ DEBUG5 "MyRemoveOverlay"]                  [00014732], 000000, (000000) 
[ DEBUG5 "MyRemoveOverlay"]                  [00014733], 000000, (000000) 
[ DEBUG5 "MyRemoveOverlay"]                  [00014734], 000000, (000000) 
[ DEBUG5 "MyRemoveOverlay"]                  [00014735], 000011, (000000) 
[ DEBUG5 "MyRemoveOverlay"]                  [00014736], 000011, (000000) 
[ DEBUG5 "MyRemoveOverlay"]                  [00014737], 000211, (000000) 
[ DEBUG5 "MyRemoveOverlay"] 
[ DEBUG5 "MyRemoveOverlay"] 
[ DEBUG0 "MyRemoveOverlay"] 	MCParticle at index: 0 has PDG: 211 and MCParticle to Track link weight is 1.00e+00
[ DEBUG0 "MyRemoveOverlay"] 	MCParticle at index: 0 with PDG code: 211 has highest link weight to input track
[ DEBUG6 "MyRemoveOverlay"] 		Track is not linked to a MCParticle
[ DEBUG0 "MyRemoveOverlay"] 	MCParticle at index: 0 has PDG: 211 and MCParticle to Cluster link weight is 9.51e-01
[ DEBUG0 "MyRemoveOverlay"] 	MCParticle at index: 0 with PDG code: 211 has highest link weight to input cluster
[ DEBUG0 "MyRemoveOverlay"] 	Cluster at index: 0 has highest link weight to MCParticle = 1.00e+00
[ DEBUG0 "MyRemoveOverlay"] 	Cluster linked to MCParticle with highest weight
[ DEBUG6 "MyRemoveOverlay"] 		Found a linked MCParticle to cluster
[ DEBUG5 "MyRemoveOverlay"] ----------------------------- MCParticle -----------------------------
[ DEBUG5 "MyRemoveOverlay"] Id                                                               13315
[ DEBUG5 "MyRemoveOverlay"] PDG                                                                211
[ DEBUG5 "MyRemoveOverlay"] Energy [GeV]                                                  5.36e-01
[ DEBUG5 "MyRemoveOverlay"] Momentum [GeV] (x,y,z)                   -0.130609, 0.455562, 0.207941
[ DEBUG5 "MyRemoveOverlay"] Momentum at Endpoint[GeV] (x,y,z)                                 -0, 0, 0
[ DEBUG5 "MyRemoveOverlay"] GeneratorStatus                                                      1
[ DEBUG5 "MyRemoveOverlay"] Vertex [mm] (x,y,z)                                    0, 0, 0.0436173
[ DEBUG5 "MyRemoveOverlay"] Endpoint [mm] (x,y,z)                       102.556, -136.139, 2422.53
[ DEBUG5 "MyRemoveOverlay"] Mass [GeV]                                                    1.40e-01
[ DEBUG5 "MyRemoveOverlay"] Charge                                                        1.00e+00
[ DEBUG5 "MyRemoveOverlay"] Parents                                                              2
[ DEBUG5 "MyRemoveOverlay"] Daughters                                                            0
[ DEBUG5 "MyRemoveOverlay"] simulator status bits: [sbvtcls]  s: created in simulation b: backscatter v: vertex is not endpoint of parent t: decayed in tracker c: decayed in calorimeter l: has left detector s: stopped o: overlay
[ DEBUG5 "MyRemoveOverlay"] [    c so]
[ DEBUG5 "MyRemoveOverlay"] 
[ DEBUG7 "MyRemoveOverlay"] 		********** PFO AT INDEX 28 IS OVERLAY **********
[ DEBUG8 "MyRemoveOverlay"] 
[ DEBUG8 "MyRemoveOverlay"] 		-------------------------------------------------------
[ DEBUG8 "MyRemoveOverlay"] 		Processing PFO at index 29
[ DEBUG5 "MyRemoveOverlay"] ------------------ ReconstructedParticle -----------------------------
[ DEBUG5 "MyRemoveOverlay"] Id                                                             0x14738
[ DEBUG5 "MyRemoveOverlay"] Compound                                                             0
[ DEBUG5 "MyRemoveOverlay"] Type                                                              -211
[ DEBUG5 "MyRemoveOverlay"] Momentum (x,y,z)                       +1.38e-01, -4.56e-01, +1.71e-01
[ DEBUG5 "MyRemoveOverlay"] Mass [GeV]                                                    1.40e-01
[ DEBUG5 "MyRemoveOverlay"] Charge [e]                                                   -1.00e+00
[ DEBUG5 "MyRemoveOverlay"] Energy [GeV]                                                  5.25e-01
[ DEBUG5 "MyRemoveOverlay"] ReferencePoint                         +5.17e+00, -1.60e+01, +6.11e+00
[ DEBUG5 "MyRemoveOverlay"] ParticleIDUsed                                                       0
[ DEBUG5 "MyRemoveOverlay"] GoodnessOfPID                                                 0.00e+00
[ DEBUG5 "MyRemoveOverlay"] Covariance p,E:  4.99e-07, 4.80e-08, 3.03e-07, -2.06e-08, 7.49e-08, 
[ DEBUG5 "MyRemoveOverlay"]                  4.81e-07, 8.24e-08, -2.26e-07, 8.64e-08, 2.46e-07
[ DEBUG5 "MyRemoveOverlay"] Particles id:    
[ DEBUG5 "MyRemoveOverlay"] Tracks id:    [00013717]
[ DEBUG5 "MyRemoveOverlay"] Clusters id:  
[ DEBUG5 "MyRemoveOverlay"] Particle ids ( [id], PDG, (type)): 
[ DEBUG5 "MyRemoveOverlay"]                  [00014739], 000211, (000000) 
[ DEBUG5 "MyRemoveOverlay"]                  [00014740], 000211, (000000) 
[ DEBUG5 "MyRemoveOverlay"]                  [00014741], 000011, (000000) 
[ DEBUG5 "MyRemoveOverlay"]                  [00014742], 000011, (000000) 
[ DEBUG5 "MyRemoveOverlay"]                  [00014743], 000000, (000000) 
[ DEBUG5 "MyRemoveOverlay"] 
[ DEBUG5 "MyRemoveOverlay"] 
[ DEBUG0 "MyRemoveOverlay"] 	MCParticle at index: 0 has PDG: -211 and MCParticle to Track link weight is 1.00e+00
[ DEBUG0 "MyRemoveOverlay"] 	MCParticle at index: 0 with PDG code: -211 has highest link weight to input track
[ DEBUG6 "MyRemoveOverlay"] 		Track is not linked to a MCParticle
[ DEBUG7 "MyRemoveOverlay"] 		********** PFO AT INDEX 29 IS NOT OVERLAY **********
[ DEBUG8 "MyRemoveOverlay"] 
[ DEBUG8 "MyRemoveOverlay"] 		-------------------------------------------------------
[ DEBUG8 "MyRemoveOverlay"] 		Processing PFO at index 30
[ DEBUG5 "MyRemoveOverlay"] ------------------ ReconstructedParticle -----------------------------
[ DEBUG5 "MyRemoveOverlay"] Id                                                             0x14744
[ DEBUG5 "MyRemoveOverlay"] Compound                                                             0
[ DEBUG5 "MyRemoveOverlay"] Type                                                             -3122
[ DEBUG5 "MyRemoveOverlay"] Momentum (x,y,z)                       +3.42e+01, +5.38e+01, +8.39e+01
[ DEBUG5 "MyRemoveOverlay"] Mass [GeV]                                                    1.11e+00
[ DEBUG5 "MyRemoveOverlay"] Charge [e]                                                    0.00e+00
[ DEBUG5 "MyRemoveOverlay"] Energy [GeV]                                                  1.05e+02
[ DEBUG5 "MyRemoveOverlay"] ReferencePoint                         +8.61e+01, +1.36e+02, +2.11e+02
[ DEBUG5 "MyRemoveOverlay"] ParticleIDUsed                                                       0
[ DEBUG5 "MyRemoveOverlay"] GoodnessOfPID                                                 0.00e+00
[ DEBUG5 "MyRemoveOverlay"] Covariance p,E:  2.73e-03, 4.31e-03, 6.87e-03, 6.70e-03, 1.07e-02, 
[ DEBUG5 "MyRemoveOverlay"]                  1.66e-02, 8.43e-03, 1.34e-02, 2.08e-02, 2.62e-02
[ DEBUG5 "MyRemoveOverlay"] Particles id:    
[ DEBUG5 "MyRemoveOverlay"] Tracks id:    [00013757], [00013762]
[ DEBUG5 "MyRemoveOverlay"] Clusters id:  [00014453], [00014454]
[ DEBUG5 "MyRemoveOverlay"] Particle ids ( [id], PDG, (type)): 
[ DEBUG5 "MyRemoveOverlay"] 
[ DEBUG5 "MyRemoveOverlay"] 
[ DEBUG0 "MyRemoveOverlay"] 	MCParticle at index: 0 has PDG: 11 and MCParticle to Track link weight is 9.95e-01
[ DEBUG0 "MyRemoveOverlay"] 	MCParticle at index: 0 with PDG code: 11 has highest link weight to input track
[ DEBUG0 "MyRemoveOverlay"] 	Track at index: 0 has highest link weight to MCParticle = 9.34e-01
[ DEBUG0 "MyRemoveOverlay"] 	Track linked to MCParticle with highest weight
[ DEBUG6 "MyRemoveOverlay"] 		Found a linked MCParticle to track
[ DEBUG5 "MyRemoveOverlay"] ----------------------------- MCParticle -----------------------------
[ DEBUG5 "MyRemoveOverlay"] Id                                                               13215
[ DEBUG5 "MyRemoveOverlay"] PDG                                                                 11
[ DEBUG5 "MyRemoveOverlay"] Energy [GeV]                                                  8.01e+01
[ DEBUG5 "MyRemoveOverlay"] Momentum [GeV] (x,y,z)                       26.0082, 40.9109, 63.7579
[ DEBUG5 "MyRemoveOverlay"] Momentum at Endpoint[GeV] (x,y,z)                                 0, -0, 0
[ DEBUG5 "MyRemoveOverlay"] GeneratorStatus                                                      0
[ DEBUG5 "MyRemoveOverlay"] Vertex [mm] (x,y,z)                           85.0714, 133.82, 208.682
[ DEBUG5 "MyRemoveOverlay"] Endpoint [mm] (x,y,z)                         977.507, 1596.3, 2462.85
[ DEBUG5 "MyRemoveOverlay"] Mass [GeV]                                                    5.11e-04
[ DEBUG5 "MyRemoveOverlay"] Charge                                                       -1.00e+00
[ DEBUG5 "MyRemoveOverlay"] Parents                                                              1
[ DEBUG5 "MyRemoveOverlay"] Daughters                                                            4
[ DEBUG5 "MyRemoveOverlay"] simulator status bits: [sbvtcls]  s: created in simulation b: backscatter v: vertex is not endpoint of parent t: decayed in tracker c: decayed in calorimeter l: has left detector s: stopped o: overlay
[ DEBUG5 "MyRemoveOverlay"] [s   c s ]
[ DEBUG5 "MyRemoveOverlay"] 
[ DEBUG0 "MyRemoveOverlay"] 	MCParticle at index: 1 has PDG: -11 and MCParticle to Track link weight is 9.96e-01
[ DEBUG0 "MyRemoveOverlay"] 	MCParticle at index: 1 with PDG code: -11 has highest link weight to input track
[ DEBUG0 "MyRemoveOverlay"] 	Track at index: 1 has highest link weight to MCParticle = 9.74e-01
[ DEBUG0 "MyRemoveOverlay"] 	Track linked to MCParticle with highest weight
[ DEBUG6 "MyRemoveOverlay"] 		Found a linked MCParticle to track
[ DEBUG5 "MyRemoveOverlay"] ----------------------------- MCParticle -----------------------------
[ DEBUG5 "MyRemoveOverlay"] Id                                                               13216
[ DEBUG5 "MyRemoveOverlay"] PDG                                                                -11
[ DEBUG5 "MyRemoveOverlay"] Energy [GeV]                                                  2.72e+01
[ DEBUG5 "MyRemoveOverlay"] Momentum [GeV] (x,y,z)                       8.83119, 13.8926, 21.6501
[ DEBUG5 "MyRemoveOverlay"] Momentum at Endpoint[GeV] (x,y,z)                                 0, -0, 0
[ DEBUG5 "MyRemoveOverlay"] GeneratorStatus                                                      0
[ DEBUG5 "MyRemoveOverlay"] Vertex [mm] (x,y,z)                           85.0714, 133.82, 208.682
[ DEBUG5 "MyRemoveOverlay"] Endpoint [mm] (x,y,z)                        1071.76, 1509.66, 2437.83
[ DEBUG5 "MyRemoveOverlay"] Mass [GeV]                                                    5.11e-04
[ DEBUG5 "MyRemoveOverlay"] Charge                                                        1.00e+00
[ DEBUG5 "MyRemoveOverlay"] Parents                                                              1
[ DEBUG5 "MyRemoveOverlay"] Daughters                                                            4
[ DEBUG5 "MyRemoveOverlay"] simulator status bits: [sbvtcls]  s: created in simulation b: backscatter v: vertex is not endpoint of parent t: decayed in tracker c: decayed in calorimeter l: has left detector s: stopped o: overlay
[ DEBUG5 "MyRemoveOverlay"] [s   c s ]
[ DEBUG5 "MyRemoveOverlay"] 
[ DEBUG0 "MyRemoveOverlay"] 	MCParticle at index: 4 has PDG: 11 and MCParticle to Cluster link weight is 9.54e-01
[ DEBUG0 "MyRemoveOverlay"] 	MCParticle at index: 4 with PDG code: 11 has highest link weight to input cluster
[ DEBUG0 "MyRemoveOverlay"] 	Cluster at index: 0 has highest link weight to MCParticle = 9.78e-01
[ DEBUG0 "MyRemoveOverlay"] 	Cluster linked to MCParticle with highest weight
[ DEBUG6 "MyRemoveOverlay"] 		Found a linked MCParticle to cluster
[ DEBUG5 "MyRemoveOverlay"] ----------------------------- MCParticle -----------------------------
[ DEBUG5 "MyRemoveOverlay"] Id                                                               13215
[ DEBUG5 "MyRemoveOverlay"] PDG                                                                 11
[ DEBUG5 "MyRemoveOverlay"] Energy [GeV]                                                  8.01e+01
[ DEBUG5 "MyRemoveOverlay"] Momentum [GeV] (x,y,z)                       26.0082, 40.9109, 63.7579
[ DEBUG5 "MyRemoveOverlay"] Momentum at Endpoint[GeV] (x,y,z)                                 0, -0, 0
[ DEBUG5 "MyRemoveOverlay"] GeneratorStatus                                                      0
[ DEBUG5 "MyRemoveOverlay"] Vertex [mm] (x,y,z)                           85.0714, 133.82, 208.682
[ DEBUG5 "MyRemoveOverlay"] Endpoint [mm] (x,y,z)                         977.507, 1596.3, 2462.85
[ DEBUG5 "MyRemoveOverlay"] Mass [GeV]                                                    5.11e-04
[ DEBUG5 "MyRemoveOverlay"] Charge                                                       -1.00e+00
[ DEBUG5 "MyRemoveOverlay"] Parents                                                              1
[ DEBUG5 "MyRemoveOverlay"] Daughters                                                            4
[ DEBUG5 "MyRemoveOverlay"] simulator status bits: [sbvtcls]  s: created in simulation b: backscatter v: vertex is not endpoint of parent t: decayed in tracker c: decayed in calorimeter l: has left detector s: stopped o: overlay
[ DEBUG5 "MyRemoveOverlay"] [s   c s ]
[ DEBUG5 "MyRemoveOverlay"] 
[ DEBUG6 "MyRemoveOverlay"] 		Cluster is not linked to a MCParticle
[ DEBUG7 "MyRemoveOverlay"] 		********** PFO AT INDEX 30 IS NOT OVERLAY **********
[ DEBUG8 "MyRemoveOverlay"] 
[ DEBUG8 "MyRemoveOverlay"] 		-------------------------------------------------------
[ DEBUG8 "MyRemoveOverlay"] 		Processing PFO at index 31
[ DEBUG5 "MyRemoveOverlay"] ------------------ ReconstructedParticle -----------------------------
[ DEBUG5 "MyRemoveOverlay"] Id                                                             0x14745
[ DEBUG5 "MyRemoveOverlay"] Compound                                                             0
[ DEBUG5 "MyRemoveOverlay"] Type                                                              2112
[ DEBUG5 "MyRemoveOverlay"] Momentum (x,y,z)                       -2.15e-01, -2.06e-02, -3.04e-01
[ DEBUG5 "MyRemoveOverlay"] Mass [GeV]                                                    9.40e-01
[ DEBUG5 "MyRemoveOverlay"] Charge [e]                                                    0.00e+00
[ DEBUG5 "MyRemoveOverlay"] Energy [GeV]                                                  3.73e-01
[ DEBUG5 "MyRemoveOverlay"] ReferencePoint                         -1.77e+03, -1.70e+02, -2.50e+03
[ DEBUG5 "MyRemoveOverlay"] ParticleIDUsed                                                       0
[ DEBUG5 "MyRemoveOverlay"] GoodnessOfPID                                                 0.00e+00
[ DEBUG5 "MyRemoveOverlay"] Covariance p,E:  3.28e-01, 3.15e-02, 3.02e-03, 4.64e-01, 4.45e-02, 
[ DEBUG5 "MyRemoveOverlay"]                  6.55e-01, -2.10e-01, -2.01e-02, -2.97e-01, 1.34e-01
[ DEBUG5 "MyRemoveOverlay"] Particles id:    
[ DEBUG5 "MyRemoveOverlay"] Tracks id:    
[ DEBUG5 "MyRemoveOverlay"] Clusters id:  [00014455]
[ DEBUG5 "MyRemoveOverlay"] Particle ids ( [id], PDG, (type)): 
[ DEBUG5 "MyRemoveOverlay"]                  [00014746], 000000, (000000) 
[ DEBUG5 "MyRemoveOverlay"]                  [00014747], 000000, (000000) 
[ DEBUG5 "MyRemoveOverlay"]                  [00014748], 000000, (000000) 
[ DEBUG5 "MyRemoveOverlay"]                  [00014749], 000000, (000000) 
[ DEBUG5 "MyRemoveOverlay"] 
[ DEBUG5 "MyRemoveOverlay"] 
[ DEBUG0 "MyRemoveOverlay"] 	MCParticle at index: 0 has PDG: 211 and MCParticle to Cluster link weight is 1.00e+00
[ DEBUG0 "MyRemoveOverlay"] 	MCParticle at index: 0 with PDG code: 211 has highest link weight to input cluster
[ DEBUG6 "MyRemoveOverlay"] 		Cluster is not linked to a MCParticle
[ DEBUG7 "MyRemoveOverlay"] 		********** PFO AT INDEX 31 IS NOT OVERLAY **********
[ DEBUG8 "MyRemoveOverlay"] 
[ DEBUG8 "MyRemoveOverlay"] 		-------------------------------------------------------
[ DEBUG8 "MyRemoveOverlay"] 		Processing PFO at index 32
[ DEBUG5 "MyRemoveOverlay"] ------------------ ReconstructedParticle -----------------------------
[ DEBUG5 "MyRemoveOverlay"] Id                                                             0x14750
[ DEBUG5 "MyRemoveOverlay"] Compound                                                             0
[ DEBUG5 "MyRemoveOverlay"] Type                                                                22
[ DEBUG5 "MyRemoveOverlay"] Momentum (x,y,z)                       +6.03e-02, -1.31e-01, -1.45e-01
[ DEBUG5 "MyRemoveOverlay"] Mass [GeV]                                                    0.00e+00
[ DEBUG5 "MyRemoveOverlay"] Charge [e]                                                    0.00e+00
[ DEBUG5 "MyRemoveOverlay"] Energy [GeV]                                                  2.05e-01
[ DEBUG5 "MyRemoveOverlay"] ReferencePoint                         +8.14e+02, -1.77e+03, -1.96e+03
[ DEBUG5 "MyRemoveOverlay"] ParticleIDUsed                                                       0
[ DEBUG5 "MyRemoveOverlay"] GoodnessOfPID                                                 0.00e+00
[ DEBUG5 "MyRemoveOverlay"] Covariance p,E:  4.64e-04, -1.01e-03, 2.20e-03, -1.12e-03, 2.44e-03, 
[ DEBUG5 "MyRemoveOverlay"]                  2.69e-03, 1.58e-03, -3.44e-03, -3.80e-03, 5.36e-03
[ DEBUG5 "MyRemoveOverlay"] Particles id:    
[ DEBUG5 "MyRemoveOverlay"] Tracks id:    
[ DEBUG5 "MyRemoveOverlay"] Clusters id:  [00014456]
[ DEBUG5 "MyRemoveOverlay"] Particle ids ( [id], PDG, (type)): 
[ DEBUG5 "MyRemoveOverlay"]                  [00014751], 000000, (000000) 
[ DEBUG5 "MyRemoveOverlay"]                  [00014752], 000000, (000000) 
[ DEBUG5 "MyRemoveOverlay"]                  [00014753], 000000, (000000) 
[ DEBUG5 "MyRemoveOverlay"]                  [00014754], 000000, (000000) 
[ DEBUG5 "MyRemoveOverlay"] 
[ DEBUG5 "MyRemoveOverlay"] 
[ DEBUG0 "MyRemoveOverlay"] 	MCParticle at index: 1 has PDG: 22 and MCParticle to Cluster link weight is 9.29e-01
[ DEBUG0 "MyRemoveOverlay"] 	MCParticle at index: 1 with PDG code: 22 has highest link weight to input cluster
[ DEBUG6 "MyRemoveOverlay"] 		Cluster is not linked to a MCParticle
[ DEBUG7 "MyRemoveOverlay"] 		********** PFO AT INDEX 32 IS NOT OVERLAY **********
[ DEBUG8 "MyRemoveOverlay"] 
[ DEBUG8 "MyRemoveOverlay"] 		-------------------------------------------------------
[ DEBUG8 "MyRemoveOverlay"] 		Processing PFO at index 33
[ DEBUG5 "MyRemoveOverlay"] ------------------ ReconstructedParticle -----------------------------
[ DEBUG5 "MyRemoveOverlay"] Id                                                             0x14755
[ DEBUG5 "MyRemoveOverlay"] Compound                                                             0
[ DEBUG5 "MyRemoveOverlay"] Type                                                                22
[ DEBUG5 "MyRemoveOverlay"] Momentum (x,y,z)                       +4.98e-02, -1.45e+00, -1.24e+00
[ DEBUG5 "MyRemoveOverlay"] Mass [GeV]                                                    0.00e+00
[ DEBUG5 "MyRemoveOverlay"] Charge [e]                                                    0.00e+00
[ DEBUG5 "MyRemoveOverlay"] Energy [GeV]                                                  1.91e+00
[ DEBUG5 "MyRemoveOverlay"] ReferencePoint                         +6.35e+01, -1.85e+03, -1.58e+03
[ DEBUG5 "MyRemoveOverlay"] ParticleIDUsed                                                       0
[ DEBUG5 "MyRemoveOverlay"] GoodnessOfPID                                                 0.00e+00
[ DEBUG5 "MyRemoveOverlay"] Covariance p,E:  4.25e-05, -1.09e-03, 3.17e-02, -9.38e-04, 2.72e-02, 
[ DEBUG5 "MyRemoveOverlay"]                  2.33e-02, 1.44e-03, -4.18e-02, -3.58e-02, 5.50e-02
[ DEBUG5 "MyRemoveOverlay"] Particles id:    
[ DEBUG5 "MyRemoveOverlay"] Tracks id:    
[ DEBUG5 "MyRemoveOverlay"] Clusters id:  [00014457]
[ DEBUG5 "MyRemoveOverlay"] Particle ids ( [id], PDG, (type)): 
[ DEBUG5 "MyRemoveOverlay"]                  [00014756], 000000, (000000) 
[ DEBUG5 "MyRemoveOverlay"]                  [00014757], 000000, (000000) 
[ DEBUG5 "MyRemoveOverlay"]                  [00014758], 000000, (000000) 
[ DEBUG5 "MyRemoveOverlay"]                  [00014759], 000000, (000000) 
[ DEBUG5 "MyRemoveOverlay"] 
[ DEBUG5 "MyRemoveOverlay"] 
[ DEBUG0 "MyRemoveOverlay"] 	MCParticle at index: 2 has PDG: 22 and MCParticle to Cluster link weight is 9.76e-01
[ DEBUG0 "MyRemoveOverlay"] 	MCParticle at index: 2 with PDG code: 22 has highest link weight to input cluster
[ DEBUG0 "MyRemoveOverlay"] 	Cluster at index: 0 has highest link weight to MCParticle = 9.25e-01
[ DEBUG0 "MyRemoveOverlay"] 	Cluster linked to MCParticle with highest weight
[ DEBUG6 "MyRemoveOverlay"] 		Found a linked MCParticle to cluster
[ DEBUG5 "MyRemoveOverlay"] ----------------------------- MCParticle -----------------------------
[ DEBUG5 "MyRemoveOverlay"] Id                                                               13212
[ DEBUG5 "MyRemoveOverlay"] PDG                                                                 22
[ DEBUG5 "MyRemoveOverlay"] Energy [GeV]                                                  1.77e+00
[ DEBUG5 "MyRemoveOverlay"] Momentum [GeV] (x,y,z)                   0.0475068, -1.34059, -1.14843
[ DEBUG5 "MyRemoveOverlay"] Momentum at Endpoint[GeV] (x,y,z)                                0, -0, -0
[ DEBUG5 "MyRemoveOverlay"] GeneratorStatus                                                      1
[ DEBUG5 "MyRemoveOverlay"] Vertex [mm] (x,y,z)                2.67115e-05, -0.000906387, 0.130632
[ DEBUG5 "MyRemoveOverlay"] Endpoint [mm] (x,y,z)                      64.0486, -1807.38, -1548.17
[ DEBUG5 "MyRemoveOverlay"] Mass [GeV]                                                    3.65e-08
[ DEBUG5 "MyRemoveOverlay"] Charge                                                        0.00e+00
[ DEBUG5 "MyRemoveOverlay"] Parents                                                              1
[ DEBUG5 "MyRemoveOverlay"] Daughters                                                            0
[ DEBUG5 "MyRemoveOverlay"] simulator status bits: [sbvtcls]  s: created in simulation b: backscatter v: vertex is not endpoint of parent t: decayed in tracker c: decayed in calorimeter l: has left detector s: stopped o: overlay
[ DEBUG5 "MyRemoveOverlay"] [    c s ]
[ DEBUG5 "MyRemoveOverlay"] 
[ DEBUG7 "MyRemoveOverlay"] 		********** PFO AT INDEX 33 IS NOT OVERLAY **********
[ DEBUG8 "MyRemoveOverlay"] 
[ DEBUG8 "MyRemoveOverlay"] 		-------------------------------------------------------
[ DEBUG8 "MyRemoveOverlay"] 		Processing PFO at index 34
[ DEBUG5 "MyRemoveOverlay"] ------------------ ReconstructedParticle -----------------------------
[ DEBUG5 "MyRemoveOverlay"] Id                                                             0x14760
[ DEBUG5 "MyRemoveOverlay"] Compound                                                             0
[ DEBUG5 "MyRemoveOverlay"] Type                                                                22
[ DEBUG5 "MyRemoveOverlay"] Momentum (x,y,z)                       -2.99e-02, -3.31e-01, -2.36e-01
[ DEBUG5 "MyRemoveOverlay"] Mass [GeV]                                                    0.00e+00
[ DEBUG5 "MyRemoveOverlay"] Charge [e]                                                    0.00e+00
[ DEBUG5 "MyRemoveOverlay"] Energy [GeV]                                                  4.07e-01
[ DEBUG5 "MyRemoveOverlay"] ReferencePoint                         -1.66e+02, -1.84e+03, -1.31e+03
[ DEBUG5 "MyRemoveOverlay"] ParticleIDUsed                                                       0
[ DEBUG5 "MyRemoveOverlay"] GoodnessOfPID                                                 0.00e+00
[ DEBUG5 "MyRemoveOverlay"] Covariance p,E:  6.12e-05, 6.70e-04, 7.40e-03, 4.78e-04, 5.28e-03, 
[ DEBUG5 "MyRemoveOverlay"]                  3.77e-03, -8.26e-04, -9.12e-03, -6.51e-03, 1.12e-02
[ DEBUG5 "MyRemoveOverlay"] Particles id:    
[ DEBUG5 "MyRemoveOverlay"] Tracks id:    
[ DEBUG5 "MyRemoveOverlay"] Clusters id:  [00014458]
[ DEBUG5 "MyRemoveOverlay"] Particle ids ( [id], PDG, (type)): 
[ DEBUG5 "MyRemoveOverlay"]                  [00014761], 000000, (000000) 
[ DEBUG5 "MyRemoveOverlay"]                  [00014762], 000000, (000000) 
[ DEBUG5 "MyRemoveOverlay"]                  [00014763], 000000, (000000) 
[ DEBUG5 "MyRemoveOverlay"]                  [00014764], 000000, (000000) 
[ DEBUG5 "MyRemoveOverlay"] 
[ DEBUG5 "MyRemoveOverlay"] 
[ DEBUG0 "MyRemoveOverlay"] 	MCParticle at index: 0 has PDG: 22 and MCParticle to Cluster link weight is 1.00e+00
[ DEBUG0 "MyRemoveOverlay"] 	MCParticle at index: 0 with PDG code: 22 has highest link weight to input cluster
[ DEBUG0 "MyRemoveOverlay"] 	Cluster at index: 0 has highest link weight to MCParticle = 9.77e-01
[ DEBUG0 "MyRemoveOverlay"] 	Cluster linked to MCParticle with highest weight
[ DEBUG6 "MyRemoveOverlay"] 		Found a linked MCParticle to cluster
[ DEBUG5 "MyRemoveOverlay"] ----------------------------- MCParticle -----------------------------
[ DEBUG5 "MyRemoveOverlay"] Id                                                               13214
[ DEBUG5 "MyRemoveOverlay"] PDG                                                                 22
[ DEBUG5 "MyRemoveOverlay"] Energy [GeV]                                                  3.14e-01
[ DEBUG5 "MyRemoveOverlay"] Momentum [GeV] (x,y,z)                -0.0224185, -0.255166, -0.182095
[ DEBUG5 "MyRemoveOverlay"] Momentum at Endpoint[GeV] (x,y,z)                                 0, -0, 0
[ DEBUG5 "MyRemoveOverlay"] GeneratorStatus                                                      1
[ DEBUG5 "MyRemoveOverlay"] Vertex [mm] (x,y,z)               -3.71032e-06, -5.09181e-05, 0.131402
[ DEBUG5 "MyRemoveOverlay"] Endpoint [mm] (x,y,z)                     -145.948, -1806.28, -1353.61
[ DEBUG5 "MyRemoveOverlay"] Mass [GeV]                                                   -5.27e-09
[ DEBUG5 "MyRemoveOverlay"] Charge                                                        0.00e+00
[ DEBUG5 "MyRemoveOverlay"] Parents                                                              1
[ DEBUG5 "MyRemoveOverlay"] Daughters                                                            0
[ DEBUG5 "MyRemoveOverlay"] simulator status bits: [sbvtcls]  s: created in simulation b: backscatter v: vertex is not endpoint of parent t: decayed in tracker c: decayed in calorimeter l: has left detector s: stopped o: overlay
[ DEBUG5 "MyRemoveOverlay"] [    c s ]
[ DEBUG5 "MyRemoveOverlay"] 
[ DEBUG7 "MyRemoveOverlay"] 		********** PFO AT INDEX 34 IS NOT OVERLAY **********
[ DEBUG8 "MyRemoveOverlay"] 
[ DEBUG8 "MyRemoveOverlay"] 		-------------------------------------------------------
[ DEBUG8 "MyRemoveOverlay"] 		Processing PFO at index 35
[ DEBUG5 "MyRemoveOverlay"] ------------------ ReconstructedParticle -----------------------------
[ DEBUG5 "MyRemoveOverlay"] Id                                                             0x14765
[ DEBUG5 "MyRemoveOverlay"] Compound                                                             0
[ DEBUG5 "MyRemoveOverlay"] Type                                                                22
[ DEBUG5 "MyRemoveOverlay"] Momentum (x,y,z)                       -6.21e-01, +3.15e-01, -2.07e-01
[ DEBUG5 "MyRemoveOverlay"] Mass [GeV]                                                    0.00e+00
[ DEBUG5 "MyRemoveOverlay"] Charge [e]                                                    0.00e+00
[ DEBUG5 "MyRemoveOverlay"] Energy [GeV]                                                  7.26e-01
[ DEBUG5 "MyRemoveOverlay"] ReferencePoint                         -1.74e+03, +8.83e+02, -5.82e+02
[ DEBUG5 "MyRemoveOverlay"] ParticleIDUsed                                                       0
[ DEBUG5 "MyRemoveOverlay"] GoodnessOfPID                                                 0.00e+00
[ DEBUG5 "MyRemoveOverlay"] Covariance p,E:  1.51e-02, -7.68e-03, 3.90e-03, 5.06e-03, -2.57e-03, 
[ DEBUG5 "MyRemoveOverlay"]                  1.70e-03, -1.77e-02, 8.99e-03, -5.92e-03, 2.07e-02
[ DEBUG5 "MyRemoveOverlay"] Particles id:    
[ DEBUG5 "MyRemoveOverlay"] Tracks id:    
[ DEBUG5 "MyRemoveOverlay"] Clusters id:  [00014459]
[ DEBUG5 "MyRemoveOverlay"] Particle ids ( [id], PDG, (type)): 
[ DEBUG5 "MyRemoveOverlay"]                  [00014766], 000000, (000000) 
[ DEBUG5 "MyRemoveOverlay"]                  [00014767], 000000, (000000) 
[ DEBUG5 "MyRemoveOverlay"]                  [00014768], 000000, (000000) 
[ DEBUG5 "MyRemoveOverlay"]                  [00014769], 000000, (000000) 
[ DEBUG5 "MyRemoveOverlay"] 
[ DEBUG5 "MyRemoveOverlay"] 
[ DEBUG0 "MyRemoveOverlay"] 	MCParticle at index: 1 has PDG: 22 and MCParticle to Cluster link weight is 9.61e-01
[ DEBUG0 "MyRemoveOverlay"] 	MCParticle at index: 1 with PDG code: 22 has highest link weight to input cluster
[ DEBUG0 "MyRemoveOverlay"] 	Cluster at index: 0 has highest link weight to MCParticle = 1.00e+00
[ DEBUG0 "MyRemoveOverlay"] 	Cluster linked to MCParticle with highest weight
[ DEBUG6 "MyRemoveOverlay"] 		Found a linked MCParticle to cluster
[ DEBUG5 "MyRemoveOverlay"] ----------------------------- MCParticle -----------------------------
[ DEBUG5 "MyRemoveOverlay"] Id                                                               13209
[ DEBUG5 "MyRemoveOverlay"] PDG                                                                 22
[ DEBUG5 "MyRemoveOverlay"] Energy [GeV]                                                  6.97e-01
[ DEBUG5 "MyRemoveOverlay"] Momentum [GeV] (x,y,z)                  -0.595961, 0.301815, -0.199834
[ DEBUG5 "MyRemoveOverlay"] Momentum at Endpoint[GeV] (x,y,z)                                -0, 0, -0
[ DEBUG5 "MyRemoveOverlay"] GeneratorStatus                                                      1
[ DEBUG5 "MyRemoveOverlay"] Vertex [mm] (x,y,z)                  -0.00070727, 0.000403222, 0.13125
[ DEBUG5 "MyRemoveOverlay"] Endpoint [mm] (x,y,z)                      -1701.97, 861.936, -570.563
[ DEBUG5 "MyRemoveOverlay"] Mass [GeV]                                                    1.49e-08
[ DEBUG5 "MyRemoveOverlay"] Charge                                                        0.00e+00
[ DEBUG5 "MyRemoveOverlay"] Parents                                                              1
[ DEBUG5 "MyRemoveOverlay"] Daughters                                                            0
[ DEBUG5 "MyRemoveOverlay"] simulator status bits: [sbvtcls]  s: created in simulation b: backscatter v: vertex is not endpoint of parent t: decayed in tracker c: decayed in calorimeter l: has left detector s: stopped o: overlay
[ DEBUG5 "MyRemoveOverlay"] [    c s ]
[ DEBUG5 "MyRemoveOverlay"] 
[ DEBUG7 "MyRemoveOverlay"] 		********** PFO AT INDEX 35 IS NOT OVERLAY **********
[ DEBUG8 "MyRemoveOverlay"] 
[ DEBUG8 "MyRemoveOverlay"] 		-------------------------------------------------------
[ DEBUG8 "MyRemoveOverlay"] 		Processing PFO at index 36
[ DEBUG5 "MyRemoveOverlay"] ------------------ ReconstructedParticle -----------------------------
[ DEBUG5 "MyRemoveOverlay"] Id                                                             0x14770
[ DEBUG5 "MyRemoveOverlay"] Compound                                                             0
[ DEBUG5 "MyRemoveOverlay"] Type                                                                22
[ DEBUG5 "MyRemoveOverlay"] Momentum (x,y,z)                       -3.98e+00, +2.32e+00, -1.12e+00
[ DEBUG5 "MyRemoveOverlay"] Mass [GeV]                                                    0.00e+00
[ DEBUG5 "MyRemoveOverlay"] Charge [e]                                                    0.00e+00
[ DEBUG5 "MyRemoveOverlay"] Energy [GeV]                                                  4.74e+00
[ DEBUG5 "MyRemoveOverlay"] ReferencePoint                         -1.67e+03, +9.74e+02, -4.70e+02
[ DEBUG5 "MyRemoveOverlay"] ParticleIDUsed                                                       0
[ DEBUG5 "MyRemoveOverlay"] GoodnessOfPID                                                 0.00e+00
[ DEBUG5 "MyRemoveOverlay"] Covariance p,E:  8.89e-02, -5.17e-02, 3.01e-02, 2.50e-02, -1.45e-02, 
[ DEBUG5 "MyRemoveOverlay"]                  7.01e-03, -1.06e-01, 6.16e-02, -2.97e-02, 1.26e-01
[ DEBUG5 "MyRemoveOverlay"] Particles id:    
[ DEBUG5 "MyRemoveOverlay"] Tracks id:    
[ DEBUG5 "MyRemoveOverlay"] Clusters id:  [00014460]
[ DEBUG5 "MyRemoveOverlay"] Particle ids ( [id], PDG, (type)): 
[ DEBUG5 "MyRemoveOverlay"]                  [00014771], 000000, (000000) 
[ DEBUG5 "MyRemoveOverlay"]                  [00014772], 000000, (000000) 
[ DEBUG5 "MyRemoveOverlay"]                  [00014773], 000000, (000000) 
[ DEBUG5 "MyRemoveOverlay"]                  [00014774], 000000, (000000) 
[ DEBUG5 "MyRemoveOverlay"] 
[ DEBUG5 "MyRemoveOverlay"] 
[ DEBUG0 "MyRemoveOverlay"] 	MCParticle at index: 0 has PDG: 22 and MCParticle to Cluster link weight is 9.91e-01
[ DEBUG0 "MyRemoveOverlay"] 	MCParticle at index: 0 with PDG code: 22 has highest link weight to input cluster
[ DEBUG0 "MyRemoveOverlay"] 	Cluster at index: 1 has highest link weight to MCParticle = 9.93e-01
[ DEBUG0 "MyRemoveOverlay"] 	Cluster linked to MCParticle with highest weight
[ DEBUG6 "MyRemoveOverlay"] 		Found a linked MCParticle to cluster
[ DEBUG5 "MyRemoveOverlay"] ----------------------------- MCParticle -----------------------------
[ DEBUG5 "MyRemoveOverlay"] Id                                                               13210
[ DEBUG5 "MyRemoveOverlay"] PDG                                                                 22
[ DEBUG5 "MyRemoveOverlay"] Energy [GeV]                                                  4.52e+00
[ DEBUG5 "MyRemoveOverlay"] Momentum [GeV] (x,y,z)                      -3.8025, 2.20579, -1.06677
[ DEBUG5 "MyRemoveOverlay"] Momentum at Endpoint[GeV] (x,y,z)                                -0, 0, -0
[ DEBUG5 "MyRemoveOverlay"] GeneratorStatus                                                      1
[ DEBUG5 "MyRemoveOverlay"] Vertex [mm] (x,y,z)                  -0.00070727, 0.000403222, 0.13125
[ DEBUG5 "MyRemoveOverlay"] Endpoint [mm] (x,y,z)                      -1617.72, 938.424, -453.711
[ DEBUG5 "MyRemoveOverlay"] Mass [GeV]                                                    1.46e-07
[ DEBUG5 "MyRemoveOverlay"] Charge                                                        0.00e+00
[ DEBUG5 "MyRemoveOverlay"] Parents                                                              1
[ DEBUG5 "MyRemoveOverlay"] Daughters                                                            0
[ DEBUG5 "MyRemoveOverlay"] simulator status bits: [sbvtcls]  s: created in simulation b: backscatter v: vertex is not endpoint of parent t: decayed in tracker c: decayed in calorimeter l: has left detector s: stopped o: overlay
[ DEBUG5 "MyRemoveOverlay"] [    c s ]
[ DEBUG5 "MyRemoveOverlay"] 
[ DEBUG7 "MyRemoveOverlay"] 		********** PFO AT INDEX 36 IS NOT OVERLAY **********
[ DEBUG8 "MyRemoveOverlay"] 
[ DEBUG8 "MyRemoveOverlay"] 		-------------------------------------------------------
[ DEBUG8 "MyRemoveOverlay"] 		Processing PFO at index 37
[ DEBUG5 "MyRemoveOverlay"] ------------------ ReconstructedParticle -----------------------------
[ DEBUG5 "MyRemoveOverlay"] Id                                                             0x14775
[ DEBUG5 "MyRemoveOverlay"] Compound                                                             0
[ DEBUG5 "MyRemoveOverlay"] Type                                                                22
[ DEBUG5 "MyRemoveOverlay"] Momentum (x,y,z)                       -3.03e-01, +8.71e-02, +8.69e-02
[ DEBUG5 "MyRemoveOverlay"] Mass [GeV]                                                    0.00e+00
[ DEBUG5 "MyRemoveOverlay"] Charge [e]                                                    0.00e+00
[ DEBUG5 "MyRemoveOverlay"] Energy [GeV]                                                  3.27e-01
[ DEBUG5 "MyRemoveOverlay"] ReferencePoint                         -1.85e+03, +5.32e+02, +5.32e+02
[ DEBUG5 "MyRemoveOverlay"] ParticleIDUsed                                                       0
[ DEBUG5 "MyRemoveOverlay"] GoodnessOfPID                                                 0.00e+00
[ DEBUG5 "MyRemoveOverlay"] Covariance p,E:  7.91e-03, -2.28e-03, 6.56e-04, -2.27e-03, 6.54e-04, 
[ DEBUG5 "MyRemoveOverlay"]                  6.54e-04, -8.54e-03, 2.46e-03, 2.45e-03, 9.22e-03
[ DEBUG5 "MyRemoveOverlay"] Particles id:    
[ DEBUG5 "MyRemoveOverlay"] Tracks id:    
[ DEBUG5 "MyRemoveOverlay"] Clusters id:  [00014461]
[ DEBUG5 "MyRemoveOverlay"] Particle ids ( [id], PDG, (type)): 
[ DEBUG5 "MyRemoveOverlay"]                  [00014776], 000000, (000000) 
[ DEBUG5 "MyRemoveOverlay"]                  [00014777], 000000, (000000) 
[ DEBUG5 "MyRemoveOverlay"]                  [00014778], 000000, (000000) 
[ DEBUG5 "MyRemoveOverlay"]                  [00014779], 000000, (000000) 
[ DEBUG5 "MyRemoveOverlay"] 
[ DEBUG5 "MyRemoveOverlay"] 
[ DEBUG0 "MyRemoveOverlay"] 	MCParticle at index: 0 has PDG: 22 and MCParticle to Cluster link weight is 1.00e+00
[ DEBUG0 "MyRemoveOverlay"] 	MCParticle at index: 0 with PDG code: 22 has highest link weight to input cluster
[ DEBUG0 "MyRemoveOverlay"] 	Cluster at index: 0 has highest link weight to MCParticle = 9.87e-01
[ DEBUG0 "MyRemoveOverlay"] 	Cluster linked to MCParticle with highest weight
[ DEBUG6 "MyRemoveOverlay"] 		Found a linked MCParticle to cluster
[ DEBUG5 "MyRemoveOverlay"] ----------------------------- MCParticle -----------------------------
[ DEBUG5 "MyRemoveOverlay"] Id                                                               13195
[ DEBUG5 "MyRemoveOverlay"] PDG                                                                 22
[ DEBUG5 "MyRemoveOverlay"] Energy [GeV]                                                  4.27e-01
[ DEBUG5 "MyRemoveOverlay"] Momentum [GeV] (x,y,z)                   -0.395513, 0.115846, 0.112162
[ DEBUG5 "MyRemoveOverlay"] Momentum at Endpoint[GeV] (x,y,z)                                 -0, 0, 0
[ DEBUG5 "MyRemoveOverlay"] GeneratorStatus                                                      1
[ DEBUG5 "MyRemoveOverlay"] Vertex [mm] (x,y,z)                 -4.06245e-05, 1.59857e-05, 0.13146
[ DEBUG5 "MyRemoveOverlay"] Endpoint [mm] (x,y,z)                       -1807.46, 529.406, 512.699
[ DEBUG5 "MyRemoveOverlay"] Mass [GeV]                                                   -9.13e-09
[ DEBUG5 "MyRemoveOverlay"] Charge                                                        0.00e+00
[ DEBUG5 "MyRemoveOverlay"] Parents                                                              1
[ DEBUG5 "MyRemoveOverlay"] Daughters                                                            0
[ DEBUG5 "MyRemoveOverlay"] simulator status bits: [sbvtcls]  s: created in simulation b: backscatter v: vertex is not endpoint of parent t: decayed in tracker c: decayed in calorimeter l: has left detector s: stopped o: overlay
[ DEBUG5 "MyRemoveOverlay"] [    c s ]
[ DEBUG5 "MyRemoveOverlay"] 
[ DEBUG7 "MyRemoveOverlay"] 		********** PFO AT INDEX 37 IS NOT OVERLAY **********
[ DEBUG8 "MyRemoveOverlay"] 
[ DEBUG8 "MyRemoveOverlay"] 		-------------------------------------------------------
[ DEBUG8 "MyRemoveOverlay"] 		Processing PFO at index 38
[ DEBUG5 "MyRemoveOverlay"] ------------------ ReconstructedParticle -----------------------------
[ DEBUG5 "MyRemoveOverlay"] Id                                                             0x14780
[ DEBUG5 "MyRemoveOverlay"] Compound                                                             0
[ DEBUG5 "MyRemoveOverlay"] Type                                                                22
[ DEBUG5 "MyRemoveOverlay"] Momentum (x,y,z)                       -5.28e-01, -1.10e+00, -1.52e+00
[ DEBUG5 "MyRemoveOverlay"] Mass [GeV]                                                    0.00e+00
[ DEBUG5 "MyRemoveOverlay"] Charge [e]                                                    0.00e+00
[ DEBUG5 "MyRemoveOverlay"] Energy [GeV]                                                  1.94e+00
[ DEBUG5 "MyRemoveOverlay"] ReferencePoint                         -8.57e+02, -1.78e+03, -2.46e+03
[ DEBUG5 "MyRemoveOverlay"] ParticleIDUsed                                                       0
[ DEBUG5 "MyRemoveOverlay"] GoodnessOfPID                                                 0.00e+00
[ DEBUG5 "MyRemoveOverlay"] Covariance p,E:  4.00e-03, 8.29e-03, 1.72e-02, 1.15e-02, 2.38e-02, 
[ DEBUG5 "MyRemoveOverlay"]                  3.30e-02, -1.47e-02, -3.05e-02, -4.23e-02, 5.42e-02
[ DEBUG5 "MyRemoveOverlay"] Particles id:    
[ DEBUG5 "MyRemoveOverlay"] Tracks id:    
[ DEBUG5 "MyRemoveOverlay"] Clusters id:  [00014462]
[ DEBUG5 "MyRemoveOverlay"] Particle ids ( [id], PDG, (type)): 
[ DEBUG5 "MyRemoveOverlay"]                  [00014781], 000000, (000000) 
[ DEBUG5 "MyRemoveOverlay"]                  [00014782], 000000, (000000) 
[ DEBUG5 "MyRemoveOverlay"]                  [00014783], 000000, (000000) 
[ DEBUG5 "MyRemoveOverlay"]                  [00014784], 000000, (000000) 
[ DEBUG5 "MyRemoveOverlay"] 
[ DEBUG5 "MyRemoveOverlay"] 
[ DEBUG0 "MyRemoveOverlay"] 	MCParticle at index: 0 has PDG: 22 and MCParticle to Cluster link weight is 9.98e-01
[ DEBUG0 "MyRemoveOverlay"] 	MCParticle at index: 0 with PDG code: 22 has highest link weight to input cluster
[ DEBUG0 "MyRemoveOverlay"] 	Cluster at index: 0 has highest link weight to MCParticle = 1.00e+00
[ DEBUG0 "MyRemoveOverlay"] 	Cluster linked to MCParticle with highest weight
[ DEBUG6 "MyRemoveOverlay"] 		Found a linked MCParticle to cluster
[ DEBUG5 "MyRemoveOverlay"] ----------------------------- MCParticle -----------------------------
[ DEBUG5 "MyRemoveOverlay"] Id                                                               13183
[ DEBUG5 "MyRemoveOverlay"] PDG                                                                 22
[ DEBUG5 "MyRemoveOverlay"] Energy [GeV]                                                  1.80e+00
[ DEBUG5 "MyRemoveOverlay"] Momentum [GeV] (x,y,z)                   -0.489229, -1.01513, -1.40388
[ DEBUG5 "MyRemoveOverlay"] Momentum at Endpoint[GeV] (x,y,z)                               -0, -0, -0
[ DEBUG5 "MyRemoveOverlay"] GeneratorStatus                                                      1
[ DEBUG5 "MyRemoveOverlay"] Vertex [mm] (x,y,z)               -3.37562e-05, -7.01902e-05, 0.131353
[ DEBUG5 "MyRemoveOverlay"] Endpoint [mm] (x,y,z)                     -843.698, -1750.64, -2420.92
[ DEBUG5 "MyRemoveOverlay"] Mass [GeV]                                                   -2.11e-08
[ DEBUG5 "MyRemoveOverlay"] Charge                                                        0.00e+00
[ DEBUG5 "MyRemoveOverlay"] Parents                                                              1
[ DEBUG5 "MyRemoveOverlay"] Daughters                                                            0
[ DEBUG5 "MyRemoveOverlay"] simulator status bits: [sbvtcls]  s: created in simulation b: backscatter v: vertex is not endpoint of parent t: decayed in tracker c: decayed in calorimeter l: has left detector s: stopped o: overlay
[ DEBUG5 "MyRemoveOverlay"] [    c s ]
[ DEBUG5 "MyRemoveOverlay"] 
[ DEBUG7 "MyRemoveOverlay"] 		********** PFO AT INDEX 38 IS NOT OVERLAY **********
[ DEBUG8 "MyRemoveOverlay"] 
[ DEBUG8 "MyRemoveOverlay"] 		-------------------------------------------------------
[ DEBUG8 "MyRemoveOverlay"] 		Processing PFO at index 39
[ DEBUG5 "MyRemoveOverlay"] ------------------ ReconstructedParticle -----------------------------
[ DEBUG5 "MyRemoveOverlay"] Id                                                             0x14785
[ DEBUG5 "MyRemoveOverlay"] Compound                                                             0
[ DEBUG5 "MyRemoveOverlay"] Type                                                                22
[ DEBUG5 "MyRemoveOverlay"] Momentum (x,y,z)                       -3.09e-02, -6.62e-02, -1.60e-01
[ DEBUG5 "MyRemoveOverlay"] Mass [GeV]                                                    0.00e+00
[ DEBUG5 "MyRemoveOverlay"] Charge [e]                                                    0.00e+00
[ DEBUG5 "MyRemoveOverlay"] Energy [GeV]                                                  1.76e-01
[ DEBUG5 "MyRemoveOverlay"] ReferencePoint                         -4.71e+02, -1.01e+03, -2.44e+03
[ DEBUG5 "MyRemoveOverlay"] ParticleIDUsed                                                       0
[ DEBUG5 "MyRemoveOverlay"] GoodnessOfPID                                                 0.00e+00
[ DEBUG5 "MyRemoveOverlay"] Covariance p,E:  1.53e-04, 3.28e-04, 7.04e-04, 7.94e-04, 1.70e-03, 
[ DEBUG5 "MyRemoveOverlay"]                  4.12e-03, -8.72e-04, -1.87e-03, -4.53e-03, 4.98e-03
[ DEBUG5 "MyRemoveOverlay"] Particles id:    
[ DEBUG5 "MyRemoveOverlay"] Tracks id:    
[ DEBUG5 "MyRemoveOverlay"] Clusters id:  [00014463]
[ DEBUG5 "MyRemoveOverlay"] Particle ids ( [id], PDG, (type)): 
[ DEBUG5 "MyRemoveOverlay"]                  [00014786], 000000, (000000) 
[ DEBUG5 "MyRemoveOverlay"]                  [00014787], 000000, (000000) 
[ DEBUG5 "MyRemoveOverlay"]                  [00014788], 000000, (000000) 
[ DEBUG5 "MyRemoveOverlay"]                  [00014789], 000000, (000000) 
[ DEBUG5 "MyRemoveOverlay"] 
[ DEBUG5 "MyRemoveOverlay"] 
[ DEBUG0 "MyRemoveOverlay"] 	MCParticle at index: 0 has PDG: 22 and MCParticle to Cluster link weight is 1.00e+00
[ DEBUG0 "MyRemoveOverlay"] 	MCParticle at index: 0 with PDG code: 22 has highest link weight to input cluster
[ DEBUG0 "MyRemoveOverlay"] 	Cluster at index: 0 has highest link weight to MCParticle = 1.00e+00
[ DEBUG0 "MyRemoveOverlay"] 	Cluster linked to MCParticle with highest weight
[ DEBUG6 "MyRemoveOverlay"] 		Found a linked MCParticle to cluster
[ DEBUG5 "MyRemoveOverlay"] ----------------------------- MCParticle -----------------------------
[ DEBUG5 "MyRemoveOverlay"] Id                                                               13182
[ DEBUG5 "MyRemoveOverlay"] PDG                                                                 22
[ DEBUG5 "MyRemoveOverlay"] Energy [GeV]                                                  1.65e-01
[ DEBUG5 "MyRemoveOverlay"] Momentum [GeV] (x,y,z)               -0.0289153, -0.0622619, -0.150328
[ DEBUG5 "MyRemoveOverlay"] Momentum at Endpoint[GeV] (x,y,z)                               -0, -0, -0
[ DEBUG5 "MyRemoveOverlay"] GeneratorStatus                                                      1
[ DEBUG5 "MyRemoveOverlay"] Vertex [mm] (x,y,z)               -3.37562e-05, -7.01902e-05, 0.131353
[ DEBUG5 "MyRemoveOverlay"] Endpoint [mm] (x,y,z)                       -465.68, -1002.73, -2420.9
[ DEBUG5 "MyRemoveOverlay"] Mass [GeV]                                                   -3.73e-09
[ DEBUG5 "MyRemoveOverlay"] Charge                                                        0.00e+00
[ DEBUG5 "MyRemoveOverlay"] Parents                                                              1
[ DEBUG5 "MyRemoveOverlay"] Daughters                                                            0
[ DEBUG5 "MyRemoveOverlay"] simulator status bits: [sbvtcls]  s: created in simulation b: backscatter v: vertex is not endpoint of parent t: decayed in tracker c: decayed in calorimeter l: has left detector s: stopped o: overlay
[ DEBUG5 "MyRemoveOverlay"] [    c s ]
[ DEBUG5 "MyRemoveOverlay"] 
[ DEBUG7 "MyRemoveOverlay"] 		********** PFO AT INDEX 39 IS NOT OVERLAY **********
[ DEBUG8 "MyRemoveOverlay"] 
[ DEBUG8 "MyRemoveOverlay"] 		-------------------------------------------------------
[ DEBUG8 "MyRemoveOverlay"] 		Processing PFO at index 40
[ DEBUG5 "MyRemoveOverlay"] ------------------ ReconstructedParticle -----------------------------
[ DEBUG5 "MyRemoveOverlay"] Id                                                             0x14790
[ DEBUG5 "MyRemoveOverlay"] Compound                                                             0
[ DEBUG5 "MyRemoveOverlay"] Type                                                                22
[ DEBUG5 "MyRemoveOverlay"] Momentum (x,y,z)                       -2.48e-01, +1.55e-01, -4.02e-02
[ DEBUG5 "MyRemoveOverlay"] Mass [GeV]                                                    0.00e+00
[ DEBUG5 "MyRemoveOverlay"] Charge [e]                                                    0.00e+00
[ DEBUG5 "MyRemoveOverlay"] Energy [GeV]                                                  2.96e-01
[ DEBUG5 "MyRemoveOverlay"] ReferencePoint                         -1.61e+03, +1.00e+03, -2.60e+02
[ DEBUG5 "MyRemoveOverlay"] ParticleIDUsed                                                       0
[ DEBUG5 "MyRemoveOverlay"] GoodnessOfPID                                                 0.00e+00
[ DEBUG5 "MyRemoveOverlay"] Covariance p,E:  5.91e-03, -3.70e-03, 2.31e-03, 9.56e-04, -6.00e-04, 
[ DEBUG5 "MyRemoveOverlay"]                  1.56e-04, -7.03e-03, 4.40e-03, -1.14e-03, 8.38e-03
[ DEBUG5 "MyRemoveOverlay"] Particles id:    
[ DEBUG5 "MyRemoveOverlay"] Tracks id:    
[ DEBUG5 "MyRemoveOverlay"] Clusters id:  [00014464]
[ DEBUG5 "MyRemoveOverlay"] Particle ids ( [id], PDG, (type)): 
[ DEBUG5 "MyRemoveOverlay"]                  [00014791], 000000, (000000) 
[ DEBUG5 "MyRemoveOverlay"]                  [00014792], 000000, (000000) 
[ DEBUG5 "MyRemoveOverlay"]                  [00014793], 000000, (000000) 
[ DEBUG5 "MyRemoveOverlay"]                  [00014794], 000000, (000000) 
[ DEBUG5 "MyRemoveOverlay"] 
[ DEBUG5 "MyRemoveOverlay"] 
[ DEBUG0 "MyRemoveOverlay"] 	MCParticle at index: 0 has PDG: 22 and MCParticle to Cluster link weight is 1.00e+00
[ DEBUG0 "MyRemoveOverlay"] 	MCParticle at index: 0 with PDG code: 22 has highest link weight to input cluster
[ DEBUG0 "MyRemoveOverlay"] 	Cluster at index: 0 has highest link weight to MCParticle = 9.77e-01
[ DEBUG0 "MyRemoveOverlay"] 	Cluster linked to MCParticle with highest weight
[ DEBUG6 "MyRemoveOverlay"] 		Found a linked MCParticle to cluster
[ DEBUG5 "MyRemoveOverlay"] ----------------------------- MCParticle -----------------------------
[ DEBUG5 "MyRemoveOverlay"] Id                                                               13139
[ DEBUG5 "MyRemoveOverlay"] PDG                                                                 22
[ DEBUG5 "MyRemoveOverlay"] Energy [GeV]                                                  3.40e-01
[ DEBUG5 "MyRemoveOverlay"] Momentum [GeV] (x,y,z)                 -0.284696, 0.179843, -0.0467893
[ DEBUG5 "MyRemoveOverlay"] Momentum at Endpoint[GeV] (x,y,z)                                -0, 0, -0
[ DEBUG5 "MyRemoveOverlay"] GeneratorStatus                                                      1
[ DEBUG5 "MyRemoveOverlay"] Vertex [mm] (x,y,z)                                     0, 0, 0.131454
[ DEBUG5 "MyRemoveOverlay"] Endpoint [mm] (x,y,z)                      -1571.47, 992.698, -258.136
[ DEBUG5 "MyRemoveOverlay"] Mass [GeV]                                                    5.27e-09
[ DEBUG5 "MyRemoveOverlay"] Charge                                                        0.00e+00
[ DEBUG5 "MyRemoveOverlay"] Parents                                                              1
[ DEBUG5 "MyRemoveOverlay"] Daughters                                                            0
[ DEBUG5 "MyRemoveOverlay"] simulator status bits: [sbvtcls]  s: created in simulation b: backscatter v: vertex is not endpoint of parent t: decayed in tracker c: decayed in calorimeter l: has left detector s: stopped o: overlay
[ DEBUG5 "MyRemoveOverlay"] [    c s ]
[ DEBUG5 "MyRemoveOverlay"] 
[ DEBUG7 "MyRemoveOverlay"] 		********** PFO AT INDEX 40 IS NOT OVERLAY **********
[ DEBUG8 "MyRemoveOverlay"] 
[ DEBUG8 "MyRemoveOverlay"] 		-------------------------------------------------------
[ DEBUG8 "MyRemoveOverlay"] 		Processing PFO at index 41
[ DEBUG5 "MyRemoveOverlay"] ------------------ ReconstructedParticle -----------------------------
[ DEBUG5 "MyRemoveOverlay"] Id                                                             0x14795
[ DEBUG5 "MyRemoveOverlay"] Compound                                                             0
[ DEBUG5 "MyRemoveOverlay"] Type                                                                22
[ DEBUG5 "MyRemoveOverlay"] Momentum (x,y,z)                       -1.08e-01, +1.90e-01, +9.39e-02
[ DEBUG5 "MyRemoveOverlay"] Mass [GeV]                                                    0.00e+00
[ DEBUG5 "MyRemoveOverlay"] Charge [e]                                                    0.00e+00
[ DEBUG5 "MyRemoveOverlay"] Energy [GeV]                                                  2.38e-01
[ DEBUG5 "MyRemoveOverlay"] ReferencePoint                         -9.36e+02, +1.65e+03, +8.17e+02
[ DEBUG5 "MyRemoveOverlay"] ParticleIDUsed                                                       0
[ DEBUG5 "MyRemoveOverlay"] GoodnessOfPID                                                 0.00e+00
[ DEBUG5 "MyRemoveOverlay"] Covariance p,E:  1.38e-03, -2.43e-03, 4.29e-03, -1.20e-03, 2.12e-03, 
[ DEBUG5 "MyRemoveOverlay"]                  1.05e-03, -3.04e-03, 5.37e-03, 2.65e-03, 6.71e-03
[ DEBUG5 "MyRemoveOverlay"] Particles id:    
[ DEBUG5 "MyRemoveOverlay"] Tracks id:    
[ DEBUG5 "MyRemoveOverlay"] Clusters id:  [00014465]
[ DEBUG5 "MyRemoveOverlay"] Particle ids ( [id], PDG, (type)): 
[ DEBUG5 "MyRemoveOverlay"]                  [00014796], 000000, (000000) 
[ DEBUG5 "MyRemoveOverlay"]                  [00014797], 000000, (000000) 
[ DEBUG5 "MyRemoveOverlay"]                  [00014798], 000000, (000000) 
[ DEBUG5 "MyRemoveOverlay"]                  [00014799], 000000, (000000) 
[ DEBUG5 "MyRemoveOverlay"] 
[ DEBUG5 "MyRemoveOverlay"] 
[ DEBUG0 "MyRemoveOverlay"] 	MCParticle at index: 0 has PDG: 22 and MCParticle to Cluster link weight is 1.00e+00
[ DEBUG0 "MyRemoveOverlay"] 	MCParticle at index: 0 with PDG code: 22 has highest link weight to input cluster
[ DEBUG0 "MyRemoveOverlay"] 	Cluster at index: 0 has highest link weight to MCParticle = 1.00e+00
[ DEBUG0 "MyRemoveOverlay"] 	Cluster linked to MCParticle with highest weight
[ DEBUG6 "MyRemoveOverlay"] 		Found a linked MCParticle to cluster
[ DEBUG5 "MyRemoveOverlay"] ----------------------------- MCParticle -----------------------------
[ DEBUG5 "MyRemoveOverlay"] Id                                                               13302
[ DEBUG5 "MyRemoveOverlay"] PDG                                                                 22
[ DEBUG5 "MyRemoveOverlay"] Energy [GeV]                                                  1.54e-01
[ DEBUG5 "MyRemoveOverlay"] Momentum [GeV] (x,y,z)                 -0.0728275, 0.134709, 0.0111297
[ DEBUG5 "MyRemoveOverlay"] Momentum at Endpoint[GeV] (x,y,z)                                 -0, 0, 0
[ DEBUG5 "MyRemoveOverlay"] GeneratorStatus                                                      0
[ DEBUG5 "MyRemoveOverlay"] Vertex [mm] (x,y,z)                         -54.1395, 18.8769, 679.348
[ DEBUG5 "MyRemoveOverlay"] Endpoint [mm] (x,y,z)                       -928.391, 1635.98, 812.954
[ DEBUG5 "MyRemoveOverlay"] Mass [GeV]                                                    0.00e+00
[ DEBUG5 "MyRemoveOverlay"] Charge                                                        0.00e+00
[ DEBUG5 "MyRemoveOverlay"] Parents                                                              1
[ DEBUG5 "MyRemoveOverlay"] Daughters                                                            0
[ DEBUG5 "MyRemoveOverlay"] simulator status bits: [sbvtcls]  s: created in simulation b: backscatter v: vertex is not endpoint of parent t: decayed in tracker c: decayed in calorimeter l: has left detector s: stopped o: overlay
[ DEBUG5 "MyRemoveOverlay"] [s   c s ]
[ DEBUG5 "MyRemoveOverlay"] 
[ DEBUG7 "MyRemoveOverlay"] 		********** PFO AT INDEX 41 IS NOT OVERLAY **********
[ DEBUG8 "MyRemoveOverlay"] 
[ DEBUG8 "MyRemoveOverlay"] 		-------------------------------------------------------
[ DEBUG8 "MyRemoveOverlay"] 		Processing PFO at index 42
[ DEBUG5 "MyRemoveOverlay"] ------------------ ReconstructedParticle -----------------------------
[ DEBUG5 "MyRemoveOverlay"] Id                                                             0x14800
[ DEBUG5 "MyRemoveOverlay"] Compound                                                             0
[ DEBUG5 "MyRemoveOverlay"] Type                                                                22
[ DEBUG5 "MyRemoveOverlay"] Momentum (x,y,z)                       -2.99e-01, +1.48e-01, +1.86e-01
[ DEBUG5 "MyRemoveOverlay"] Mass [GeV]                                                    0.00e+00
[ DEBUG5 "MyRemoveOverlay"] Charge [e]                                                    0.00e+00
[ DEBUG5 "MyRemoveOverlay"] Energy [GeV]                                                  3.82e-01
[ DEBUG5 "MyRemoveOverlay"] ReferencePoint                         -1.74e+03, +8.62e+02, +1.08e+03
[ DEBUG5 "MyRemoveOverlay"] ParticleIDUsed                                                       0
[ DEBUG5 "MyRemoveOverlay"] GoodnessOfPID                                                 0.00e+00
[ DEBUG5 "MyRemoveOverlay"] Covariance p,E:  6.64e-03, -3.28e-03, 1.62e-03, -4.13e-03, 2.04e-03, 
[ DEBUG5 "MyRemoveOverlay"]                  2.56e-03, -8.48e-03, 4.19e-03, 5.27e-03, 1.08e-02
[ DEBUG5 "MyRemoveOverlay"] Particles id:    
[ DEBUG5 "MyRemoveOverlay"] Tracks id:    
[ DEBUG5 "MyRemoveOverlay"] Clusters id:  [00014466]
[ DEBUG5 "MyRemoveOverlay"] Particle ids ( [id], PDG, (type)): 
[ DEBUG5 "MyRemoveOverlay"]                  [00014801], 000000, (000000) 
[ DEBUG5 "MyRemoveOverlay"]                  [00014802], 000000, (000000) 
[ DEBUG5 "MyRemoveOverlay"]                  [00014803], 000000, (000000) 
[ DEBUG5 "MyRemoveOverlay"]                  [00014804], 000000, (000000) 
[ DEBUG5 "MyRemoveOverlay"] 
[ DEBUG5 "MyRemoveOverlay"] 
[ DEBUG0 "MyRemoveOverlay"] 	MCParticle at index: 0 has PDG: 22 and MCParticle to Cluster link weight is 1.00e+00
[ DEBUG0 "MyRemoveOverlay"] 	MCParticle at index: 0 with PDG code: 22 has highest link weight to input cluster
[ DEBUG0 "MyRemoveOverlay"] 	Cluster at index: 0 has highest link weight to MCParticle = 1.00e+00
[ DEBUG0 "MyRemoveOverlay"] 	Cluster linked to MCParticle with highest weight
[ DEBUG6 "MyRemoveOverlay"] 		Found a linked MCParticle to cluster
[ DEBUG5 "MyRemoveOverlay"] ----------------------------- MCParticle -----------------------------
[ DEBUG5 "MyRemoveOverlay"] Id                                                               13303
[ DEBUG5 "MyRemoveOverlay"] PDG                                                                 22
[ DEBUG5 "MyRemoveOverlay"] Energy [GeV]                                                  3.18e-01
[ DEBUG5 "MyRemoveOverlay"] Momentum [GeV] (x,y,z)                   -0.278002, 0.138694, 0.066366
[ DEBUG5 "MyRemoveOverlay"] Momentum at Endpoint[GeV] (x,y,z)                                 -0, 0, 0
[ DEBUG5 "MyRemoveOverlay"] GeneratorStatus                                                      0
[ DEBUG5 "MyRemoveOverlay"] Vertex [mm] (x,y,z)                         -54.1395, 18.8769, 679.348
[ DEBUG5 "MyRemoveOverlay"] Endpoint [mm] (x,y,z)                        -1721.56, 850.748, 1077.4
[ DEBUG5 "MyRemoveOverlay"] Mass [GeV]                                                    0.00e+00
[ DEBUG5 "MyRemoveOverlay"] Charge                                                        0.00e+00
[ DEBUG5 "MyRemoveOverlay"] Parents                                                              1
[ DEBUG5 "MyRemoveOverlay"] Daughters                                                            0
[ DEBUG5 "MyRemoveOverlay"] simulator status bits: [sbvtcls]  s: created in simulation b: backscatter v: vertex is not endpoint of parent t: decayed in tracker c: decayed in calorimeter l: has left detector s: stopped o: overlay
[ DEBUG5 "MyRemoveOverlay"] [s   c s ]
[ DEBUG5 "MyRemoveOverlay"] 
[ DEBUG7 "MyRemoveOverlay"] 		********** PFO AT INDEX 42 IS NOT OVERLAY **********
[ DEBUG8 "MyRemoveOverlay"] 
[ DEBUG8 "MyRemoveOverlay"] 		-------------------------------------------------------
[ DEBUG8 "MyRemoveOverlay"] 		Processing PFO at index 43
[ DEBUG5 "MyRemoveOverlay"] ------------------ ReconstructedParticle -----------------------------
[ DEBUG5 "MyRemoveOverlay"] Id                                                             0x14805
[ DEBUG5 "MyRemoveOverlay"] Compound                                                             0
[ DEBUG5 "MyRemoveOverlay"] Type                                                                22
[ DEBUG5 "MyRemoveOverlay"] Momentum (x,y,z)                       +4.46e-01, +5.93e-01, +9.86e-01
[ DEBUG5 "MyRemoveOverlay"] Mass [GeV]                                                    0.00e+00
[ DEBUG5 "MyRemoveOverlay"] Charge [e]                                                    0.00e+00
[ DEBUG5 "MyRemoveOverlay"] Energy [GeV]                                                  1.23e+00
[ DEBUG5 "MyRemoveOverlay"] ReferencePoint                         +1.13e+03, +1.50e+03, +2.49e+03
[ DEBUG5 "MyRemoveOverlay"] ParticleIDUsed                                                       0
[ DEBUG5 "MyRemoveOverlay"] GoodnessOfPID                                                 0.00e+00
[ DEBUG5 "MyRemoveOverlay"] Covariance p,E:  4.64e-03, 6.16e-03, 8.20e-03, 1.02e-02, 1.36e-02, 
[ DEBUG5 "MyRemoveOverlay"]                  2.26e-02, 1.28e-02, 1.70e-02, 2.83e-02, 3.54e-02
[ DEBUG5 "MyRemoveOverlay"] Particles id:    
[ DEBUG5 "MyRemoveOverlay"] Tracks id:    
[ DEBUG5 "MyRemoveOverlay"] Clusters id:  [00014467]
[ DEBUG5 "MyRemoveOverlay"] Particle ids ( [id], PDG, (type)): 
[ DEBUG5 "MyRemoveOverlay"]                  [00014806], 000000, (000000) 
[ DEBUG5 "MyRemoveOverlay"]                  [00014807], 000000, (000000) 
[ DEBUG5 "MyRemoveOverlay"]                  [00014808], 000000, (000000) 
[ DEBUG5 "MyRemoveOverlay"]                  [00014809], 000000, (000000) 
[ DEBUG5 "MyRemoveOverlay"] 
[ DEBUG5 "MyRemoveOverlay"] 
[ DEBUG6 "MyRemoveOverlay"] 		Cluster is not linked to a MCParticle
[ DEBUG7 "MyRemoveOverlay"] 		********** PFO AT INDEX 43 IS NOT OVERLAY **********
[ DEBUG8 "MyRemoveOverlay"] 
[ DEBUG8 "MyRemoveOverlay"] 		-------------------------------------------------------
[ DEBUG8 "MyRemoveOverlay"] 		Processing PFO at index 44
[ DEBUG5 "MyRemoveOverlay"] ------------------ ReconstructedParticle -----------------------------
[ DEBUG5 "MyRemoveOverlay"] Id                                                             0x14810
[ DEBUG5 "MyRemoveOverlay"] Compound                                                             0
[ DEBUG5 "MyRemoveOverlay"] Type                                                                22
[ DEBUG5 "MyRemoveOverlay"] Momentum (x,y,z)                       -2.94e-01, +1.53e-01, -6.17e-03
[ DEBUG5 "MyRemoveOverlay"] Mass [GeV]                                                    0.00e+00
[ DEBUG5 "MyRemoveOverlay"] Charge [e]                                                    0.00e+00
[ DEBUG5 "MyRemoveOverlay"] Energy [GeV]                                                  3.32e-01
[ DEBUG5 "MyRemoveOverlay"] ReferencePoint                         -1.75e+03, +9.11e+02, -3.68e+01
[ DEBUG5 "MyRemoveOverlay"] ParticleIDUsed                                                       0
[ DEBUG5 "MyRemoveOverlay"] GoodnessOfPID                                                 0.00e+00
[ DEBUG5 "MyRemoveOverlay"] Covariance p,E:  7.40e-03, -3.84e-03, 2.00e-03, 1.55e-04, -8.09e-05, 
[ DEBUG5 "MyRemoveOverlay"]                  3.54e-06, -8.34e-03, 4.33e-03, -1.75e-04, 9.40e-03
[ DEBUG5 "MyRemoveOverlay"] Particles id:    
[ DEBUG5 "MyRemoveOverlay"] Tracks id:    
[ DEBUG5 "MyRemoveOverlay"] Clusters id:  [00014468]
[ DEBUG5 "MyRemoveOverlay"] Particle ids ( [id], PDG, (type)): 
[ DEBUG5 "MyRemoveOverlay"]                  [00014811], 000000, (000000) 
[ DEBUG5 "MyRemoveOverlay"]                  [00014812], 000000, (000000) 
[ DEBUG5 "MyRemoveOverlay"]                  [00014813], 000000, (000000) 
[ DEBUG5 "MyRemoveOverlay"]                  [00014814], 000000, (000000) 
[ DEBUG5 "MyRemoveOverlay"] 
[ DEBUG5 "MyRemoveOverlay"] 
[ DEBUG0 "MyRemoveOverlay"] 	MCParticle at index: 0 has PDG: 22 and MCParticle to Cluster link weight is 1.00e+00
[ DEBUG0 "MyRemoveOverlay"] 	MCParticle at index: 0 with PDG code: 22 has highest link weight to input cluster
[ DEBUG0 "MyRemoveOverlay"] 	Cluster at index: 0 has highest link weight to MCParticle = 9.87e-01
[ DEBUG0 "MyRemoveOverlay"] 	Cluster linked to MCParticle with highest weight
[ DEBUG6 "MyRemoveOverlay"] 		Found a linked MCParticle to cluster
[ DEBUG5 "MyRemoveOverlay"] ----------------------------- MCParticle -----------------------------
[ DEBUG5 "MyRemoveOverlay"] Id                                                               13194
[ DEBUG5 "MyRemoveOverlay"] PDG                                                                 22
[ DEBUG5 "MyRemoveOverlay"] Energy [GeV]                                                  3.67e-01
[ DEBUG5 "MyRemoveOverlay"] Momentum [GeV] (x,y,z)                -0.326261, 0.168172, -0.00735797
[ DEBUG5 "MyRemoveOverlay"] Momentum at Endpoint[GeV] (x,y,z)                                -0, 0, -0
[ DEBUG5 "MyRemoveOverlay"] GeneratorStatus                                                      1
[ DEBUG5 "MyRemoveOverlay"] Vertex [mm] (x,y,z)                 -4.06245e-05, 1.59857e-05, 0.13146
[ DEBUG5 "MyRemoveOverlay"] Endpoint [mm] (x,y,z)                      -1720.82, 886.999, -38.6771
[ DEBUG5 "MyRemoveOverlay"] Mass [GeV]                                                   -5.27e-09
[ DEBUG5 "MyRemoveOverlay"] Charge                                                        0.00e+00
[ DEBUG5 "MyRemoveOverlay"] Parents                                                              1
[ DEBUG5 "MyRemoveOverlay"] Daughters                                                            0
[ DEBUG5 "MyRemoveOverlay"] simulator status bits: [sbvtcls]  s: created in simulation b: backscatter v: vertex is not endpoint of parent t: decayed in tracker c: decayed in calorimeter l: has left detector s: stopped o: overlay
[ DEBUG5 "MyRemoveOverlay"] [    c s ]
[ DEBUG5 "MyRemoveOverlay"] 
[ DEBUG7 "MyRemoveOverlay"] 		********** PFO AT INDEX 44 IS NOT OVERLAY **********
[ DEBUG8 "MyRemoveOverlay"] 
[ DEBUG8 "MyRemoveOverlay"] 		-------------------------------------------------------
[ DEBUG8 "MyRemoveOverlay"] 		Processing PFO at index 45
[ DEBUG5 "MyRemoveOverlay"] ------------------ ReconstructedParticle -----------------------------
[ DEBUG5 "MyRemoveOverlay"] Id                                                             0x14815
[ DEBUG5 "MyRemoveOverlay"] Compound                                                             0
[ DEBUG5 "MyRemoveOverlay"] Type                                                              2112
[ DEBUG5 "MyRemoveOverlay"] Momentum (x,y,z)                       -2.30e+00, +1.02e+00, -7.51e-01
[ DEBUG5 "MyRemoveOverlay"] Mass [GeV]                                                    9.40e-01
[ DEBUG5 "MyRemoveOverlay"] Charge [e]                                                    0.00e+00
[ DEBUG5 "MyRemoveOverlay"] Energy [GeV]                                                  2.63e+00
[ DEBUG5 "MyRemoveOverlay"] ReferencePoint                         -2.18e+03, +9.71e+02, -7.14e+02
[ DEBUG5 "MyRemoveOverlay"] ParticleIDUsed                                                       0
[ DEBUG5 "MyRemoveOverlay"] GoodnessOfPID                                                 0.00e+00
[ DEBUG5 "MyRemoveOverlay"] Covariance p,E:  8.23e-01, -3.66e-01, 1.63e-01, 2.69e-01, -1.20e-01, 
[ DEBUG5 "MyRemoveOverlay"]                  8.82e-02, -8.85e-01, 3.93e-01, -2.89e-01, 9.52e-01
[ DEBUG5 "MyRemoveOverlay"] Particles id:    
[ DEBUG5 "MyRemoveOverlay"] Tracks id:    
[ DEBUG5 "MyRemoveOverlay"] Clusters id:  [00014469]
[ DEBUG5 "MyRemoveOverlay"] Particle ids ( [id], PDG, (type)): 
[ DEBUG5 "MyRemoveOverlay"] 
[ DEBUG5 "MyRemoveOverlay"] 
[ DEBUG0 "MyRemoveOverlay"] 	MCParticle at index: 1 has PDG: 2112 and MCParticle to Cluster link weight is 9.78e-01
[ DEBUG0 "MyRemoveOverlay"] 	MCParticle at index: 1 with PDG code: 2112 has highest link weight to input cluster
[ DEBUG6 "MyRemoveOverlay"] 		Cluster is not linked to a MCParticle
[ DEBUG7 "MyRemoveOverlay"] 		********** PFO AT INDEX 45 IS NOT OVERLAY **********
[ DEBUG8 "MyRemoveOverlay"] 
[ DEBUG8 "MyRemoveOverlay"] 		-------------------------------------------------------
[ DEBUG8 "MyRemoveOverlay"] 		Processing PFO at index 46
[ DEBUG5 "MyRemoveOverlay"] ------------------ ReconstructedParticle -----------------------------
[ DEBUG5 "MyRemoveOverlay"] Id                                                             0x14816
[ DEBUG5 "MyRemoveOverlay"] Compound                                                             0
[ DEBUG5 "MyRemoveOverlay"] Type                                                                22
[ DEBUG5 "MyRemoveOverlay"] Momentum (x,y,z)                       +2.13e-01, -7.09e+00, -6.50e+00
[ DEBUG5 "MyRemoveOverlay"] Mass [GeV]                                                    0.00e+00
[ DEBUG5 "MyRemoveOverlay"] Charge [e]                                                    0.00e+00
[ DEBUG5 "MyRemoveOverlay"] Energy [GeV]                                                  9.62e+00
[ DEBUG5 "MyRemoveOverlay"] ReferencePoint                         +5.65e+01, -1.87e+03, -1.72e+03
[ DEBUG5 "MyRemoveOverlay"] ParticleIDUsed                                                       0
[ DEBUG5 "MyRemoveOverlay"] GoodnessOfPID                                                 0.00e+00
[ DEBUG5 "MyRemoveOverlay"] Covariance p,E:  2.47e-04, -4.69e-03, 1.56e-01, -4.32e-03, 1.43e-01, 
[ DEBUG5 "MyRemoveOverlay"]                  1.32e-01, 6.38e-03, -2.12e-01, -1.94e-01, 2.88e-01
[ DEBUG5 "MyRemoveOverlay"] Particles id:    
[ DEBUG5 "MyRemoveOverlay"] Tracks id:    
[ DEBUG5 "MyRemoveOverlay"] Clusters id:  [00014470]
[ DEBUG5 "MyRemoveOverlay"] Particle ids ( [id], PDG, (type)): 
[ DEBUG5 "MyRemoveOverlay"]                  [00014817], 000000, (000000) 
[ DEBUG5 "MyRemoveOverlay"]                  [00014818], 000000, (000000) 
[ DEBUG5 "MyRemoveOverlay"]                  [00014819], 000000, (000000) 
[ DEBUG5 "MyRemoveOverlay"]                  [00014820], 000000, (000000) 
[ DEBUG5 "MyRemoveOverlay"] 
[ DEBUG5 "MyRemoveOverlay"] 
[ DEBUG0 "MyRemoveOverlay"] 	MCParticle at index: 0 has PDG: 22 and MCParticle to Cluster link weight is 9.66e-01
[ DEBUG0 "MyRemoveOverlay"] 	MCParticle at index: 0 with PDG code: 22 has highest link weight to input cluster
[ DEBUG0 "MyRemoveOverlay"] 	Cluster at index: 2 has highest link weight to MCParticle = 9.92e-01
[ DEBUG0 "MyRemoveOverlay"] 	Cluster linked to MCParticle with highest weight
[ DEBUG6 "MyRemoveOverlay"] 		Found a linked MCParticle to cluster
[ DEBUG5 "MyRemoveOverlay"] ----------------------------- MCParticle -----------------------------
[ DEBUG5 "MyRemoveOverlay"] Id                                                               13211
[ DEBUG5 "MyRemoveOverlay"] PDG                                                                 22
[ DEBUG5 "MyRemoveOverlay"] Energy [GeV]                                                  8.55e+00
[ DEBUG5 "MyRemoveOverlay"] Momentum [GeV] (x,y,z)                     0.177623, -6.2986, -5.78068
[ DEBUG5 "MyRemoveOverlay"] Momentum at Endpoint[GeV] (x,y,z)                                0, -0, -0
[ DEBUG5 "MyRemoveOverlay"] GeneratorStatus                                                      1
[ DEBUG5 "MyRemoveOverlay"] Vertex [mm] (x,y,z)                2.67115e-05, -0.000906387, 0.130632
[ DEBUG5 "MyRemoveOverlay"] Endpoint [mm] (x,y,z)                      51.3147, -1819.65, -1669.89
[ DEBUG5 "MyRemoveOverlay"] Mass [GeV]                                                   -1.69e-07
[ DEBUG5 "MyRemoveOverlay"] Charge                                                        0.00e+00
[ DEBUG5 "MyRemoveOverlay"] Parents                                                              1
[ DEBUG5 "MyRemoveOverlay"] Daughters                                                            0
[ DEBUG5 "MyRemoveOverlay"] simulator status bits: [sbvtcls]  s: created in simulation b: backscatter v: vertex is not endpoint of parent t: decayed in tracker c: decayed in calorimeter l: has left detector s: stopped o: overlay
[ DEBUG5 "MyRemoveOverlay"] [    c s ]
[ DEBUG5 "MyRemoveOverlay"] 
[ DEBUG7 "MyRemoveOverlay"] 		********** PFO AT INDEX 46 IS NOT OVERLAY **********
[ DEBUG8 "MyRemoveOverlay"] 
[ DEBUG8 "MyRemoveOverlay"] 		-------------------------------------------------------
[ DEBUG8 "MyRemoveOverlay"] 		Processing PFO at index 47
[ DEBUG5 "MyRemoveOverlay"] ------------------ ReconstructedParticle -----------------------------
[ DEBUG5 "MyRemoveOverlay"] Id                                                             0x14821
[ DEBUG5 "MyRemoveOverlay"] Compound                                                             0
[ DEBUG5 "MyRemoveOverlay"] Type                                                                22
[ DEBUG5 "MyRemoveOverlay"] Momentum (x,y,z)                       -5.43e-02, -7.57e-01, -8.65e-01
[ DEBUG5 "MyRemoveOverlay"] Mass [GeV]                                                    0.00e+00
[ DEBUG5 "MyRemoveOverlay"] Charge [e]                                                    0.00e+00
[ DEBUG5 "MyRemoveOverlay"] Energy [GeV]                                                  1.15e+00
[ DEBUG5 "MyRemoveOverlay"] ReferencePoint                         -1.32e+02, -1.84e+03, -2.10e+03
[ DEBUG5 "MyRemoveOverlay"] ParticleIDUsed                                                       0
[ DEBUG5 "MyRemoveOverlay"] GoodnessOfPID                                                 0.00e+00
[ DEBUG5 "MyRemoveOverlay"] Covariance p,E:  8.34e-05, 1.02e-03, 1.42e-02, 1.17e-03, 1.63e-02, 
[ DEBUG5 "MyRemoveOverlay"]                  1.86e-02, -1.55e-03, -2.17e-02, -2.47e-02, 3.29e-02
[ DEBUG5 "MyRemoveOverlay"] Particles id:    
[ DEBUG5 "MyRemoveOverlay"] Tracks id:    
[ DEBUG5 "MyRemoveOverlay"] Clusters id:  [00014471]
[ DEBUG5 "MyRemoveOverlay"] Particle ids ( [id], PDG, (type)): 
[ DEBUG5 "MyRemoveOverlay"]                  [00014822], 000000, (000000) 
[ DEBUG5 "MyRemoveOverlay"]                  [00014823], 000000, (000000) 
[ DEBUG5 "MyRemoveOverlay"]                  [00014824], 000000, (000000) 
[ DEBUG5 "MyRemoveOverlay"]                  [00014825], 000000, (000000) 
[ DEBUG5 "MyRemoveOverlay"] 
[ DEBUG5 "MyRemoveOverlay"] 
[ DEBUG6 "MyRemoveOverlay"] 		Cluster is not linked to a MCParticle
[ DEBUG7 "MyRemoveOverlay"] 		********** PFO AT INDEX 47 IS NOT OVERLAY **********
[ DEBUG8 "MyRemoveOverlay"] 
[ DEBUG8 "MyRemoveOverlay"] 		-------------------------------------------------------
[ DEBUG8 "MyRemoveOverlay"] 		Processing PFO at index 48
[ DEBUG5 "MyRemoveOverlay"] ------------------ ReconstructedParticle -----------------------------
[ DEBUG5 "MyRemoveOverlay"] Id                                                             0x14826
[ DEBUG5 "MyRemoveOverlay"] Compound                                                             0
[ DEBUG5 "MyRemoveOverlay"] Type                                                                22
[ DEBUG5 "MyRemoveOverlay"] Momentum (x,y,z)                       +8.17e-01, +1.26e+00, +1.95e+00
[ DEBUG5 "MyRemoveOverlay"] Mass [GeV]                                                    0.00e+00
[ DEBUG5 "MyRemoveOverlay"] Charge [e]                                                    0.00e+00
[ DEBUG5 "MyRemoveOverlay"] Energy [GeV]                                                  2.46e+00
[ DEBUG5 "MyRemoveOverlay"] ReferencePoint                         +1.03e+03, +1.58e+03, +2.47e+03
[ DEBUG5 "MyRemoveOverlay"] ParticleIDUsed                                                       0
[ DEBUG5 "MyRemoveOverlay"] GoodnessOfPID                                                 0.00e+00
[ DEBUG5 "MyRemoveOverlay"] Covariance p,E:  7.82e-03, 1.20e-02, 1.85e-02, 1.87e-02, 2.88e-02, 
[ DEBUG5 "MyRemoveOverlay"]                  4.48e-02, 2.36e-02, 3.62e-02, 5.64e-02, 7.11e-02
[ DEBUG5 "MyRemoveOverlay"] Particles id:    
[ DEBUG5 "MyRemoveOverlay"] Tracks id:    
[ DEBUG5 "MyRemoveOverlay"] Clusters id:  [00014472]
[ DEBUG5 "MyRemoveOverlay"] Particle ids ( [id], PDG, (type)): 
[ DEBUG5 "MyRemoveOverlay"]                  [00014827], 000000, (000000) 
[ DEBUG5 "MyRemoveOverlay"]                  [00014828], 000000, (000000) 
[ DEBUG5 "MyRemoveOverlay"]                  [00014829], 000000, (000000) 
[ DEBUG5 "MyRemoveOverlay"]                  [00014830], 000000, (000000) 
[ DEBUG5 "MyRemoveOverlay"] 
[ DEBUG5 "MyRemoveOverlay"] 
[ DEBUG6 "MyRemoveOverlay"] 		Cluster is not linked to a MCParticle
[ DEBUG7 "MyRemoveOverlay"] 		********** PFO AT INDEX 48 IS NOT OVERLAY **********
[ DEBUG8 "MyRemoveOverlay"] 
[ DEBUG8 "MyRemoveOverlay"] 		-------------------------------------------------------
[ DEBUG8 "MyRemoveOverlay"] 		Processing PFO at index 49
[ DEBUG5 "MyRemoveOverlay"] ------------------ ReconstructedParticle -----------------------------
[ DEBUG5 "MyRemoveOverlay"] Id                                                             0x14831
[ DEBUG5 "MyRemoveOverlay"] Compound                                                             0
[ DEBUG5 "MyRemoveOverlay"] Type                                                                22
[ DEBUG5 "MyRemoveOverlay"] Momentum (x,y,z)                       +3.31e-01, +5.18e-01, +8.24e-01
[ DEBUG5 "MyRemoveOverlay"] Mass [GeV]                                                    0.00e+00
[ DEBUG5 "MyRemoveOverlay"] Charge [e]                                                    0.00e+00
[ DEBUG5 "MyRemoveOverlay"] Energy [GeV]                                                  1.03e+00
[ DEBUG5 "MyRemoveOverlay"] ReferencePoint                         +1.00e+03, +1.57e+03, +2.50e+03
[ DEBUG5 "MyRemoveOverlay"] ParticleIDUsed                                                       0
[ DEBUG5 "MyRemoveOverlay"] GoodnessOfPID                                                 0.00e+00
[ DEBUG5 "MyRemoveOverlay"] Covariance p,E:  3.06e-03, 4.78e-03, 7.47e-03, 7.61e-03, 1.19e-02, 
[ DEBUG5 "MyRemoveOverlay"]                  1.89e-02, 9.49e-03, 1.48e-02, 2.36e-02, 2.95e-02
[ DEBUG5 "MyRemoveOverlay"] Particles id:    
[ DEBUG5 "MyRemoveOverlay"] Tracks id:    
[ DEBUG5 "MyRemoveOverlay"] Clusters id:  [00014473]
[ DEBUG5 "MyRemoveOverlay"] Particle ids ( [id], PDG, (type)): 
[ DEBUG5 "MyRemoveOverlay"]                  [00014832], 000000, (000000) 
[ DEBUG5 "MyRemoveOverlay"]                  [00014833], 000000, (000000) 
[ DEBUG5 "MyRemoveOverlay"]                  [00014834], 000000, (000000) 
[ DEBUG5 "MyRemoveOverlay"]                  [00014835], 000000, (000000) 
[ DEBUG5 "MyRemoveOverlay"] 
[ DEBUG5 "MyRemoveOverlay"] 
[ DEBUG6 "MyRemoveOverlay"] 		Cluster is not linked to a MCParticle
[ DEBUG7 "MyRemoveOverlay"] 		********** PFO AT INDEX 49 IS NOT OVERLAY **********
[ DEBUG8 "MyRemoveOverlay"] 
[ DEBUG8 "MyRemoveOverlay"] 		-------------------------------------------------------
[ DEBUG8 "MyRemoveOverlay"] 		Processing PFO at index 50
[ DEBUG5 "MyRemoveOverlay"] ------------------ ReconstructedParticle -----------------------------
[ DEBUG5 "MyRemoveOverlay"] Id                                                             0x14836
[ DEBUG5 "MyRemoveOverlay"] Compound                                                             0
[ DEBUG5 "MyRemoveOverlay"] Type                                                                22
[ DEBUG5 "MyRemoveOverlay"] Momentum (x,y,z)                       -7.77e-02, -5.93e+00, -6.39e+00
[ DEBUG5 "MyRemoveOverlay"] Mass [GeV]                                                    0.00e+00
[ DEBUG5 "MyRemoveOverlay"] Charge [e]                                                    0.00e+00
[ DEBUG5 "MyRemoveOverlay"] Energy [GeV]                                                  8.72e+00
[ DEBUG5 "MyRemoveOverlay"] ReferencePoint                         -2.40e+01, -1.85e+03, -1.99e+03
[ DEBUG5 "MyRemoveOverlay"] ParticleIDUsed                                                       0
[ DEBUG5 "MyRemoveOverlay"] GoodnessOfPID                                                 0.00e+00
[ DEBUG5 "MyRemoveOverlay"] Covariance p,E:  3.32e-05, 1.55e-03, 1.20e-01, 1.68e-03, 1.29e-01, 
[ DEBUG5 "MyRemoveOverlay"]                  1.39e-01, -2.29e-03, -1.77e-01, -1.90e-01, 2.60e-01
[ DEBUG5 "MyRemoveOverlay"] Particles id:    
[ DEBUG5 "MyRemoveOverlay"] Tracks id:    
[ DEBUG5 "MyRemoveOverlay"] Clusters id:  [00014474]
[ DEBUG5 "MyRemoveOverlay"] Particle ids ( [id], PDG, (type)): 
[ DEBUG5 "MyRemoveOverlay"]                  [00014837], 000000, (000000) 
[ DEBUG5 "MyRemoveOverlay"]                  [00014838], 000000, (000000) 
[ DEBUG5 "MyRemoveOverlay"]                  [00014839], 000000, (000000) 
[ DEBUG5 "MyRemoveOverlay"]                  [00014840], 000000, (000000) 
[ DEBUG5 "MyRemoveOverlay"] 
[ DEBUG5 "MyRemoveOverlay"] 
[ DEBUG0 "MyRemoveOverlay"] 	MCParticle at index: 2 has PDG: 22 and MCParticle to Cluster link weight is 9.43e-01
[ DEBUG0 "MyRemoveOverlay"] 	MCParticle at index: 2 with PDG code: 22 has highest link weight to input cluster
[ DEBUG0 "MyRemoveOverlay"] 	Cluster at index: 3 has highest link weight to MCParticle = 9.68e-01
[ DEBUG0 "MyRemoveOverlay"] 	Cluster linked to MCParticle with highest weight
[ DEBUG6 "MyRemoveOverlay"] 		Found a linked MCParticle to cluster
[ DEBUG5 "MyRemoveOverlay"] ----------------------------- MCParticle -----------------------------
[ DEBUG5 "MyRemoveOverlay"] Id                                                               13202
[ DEBUG5 "MyRemoveOverlay"] PDG                                                                 22
[ DEBUG5 "MyRemoveOverlay"] Energy [GeV]                                                  9.71e+00
[ DEBUG5 "MyRemoveOverlay"] Momentum [GeV] (x,y,z)                  -0.0913743, -6.61327, -7.11135
[ DEBUG5 "MyRemoveOverlay"] Momentum at Endpoint[GeV] (x,y,z)                               -0, -0, -0
[ DEBUG5 "MyRemoveOverlay"] GeneratorStatus                                                      1
[ DEBUG5 "MyRemoveOverlay"] Vertex [mm] (x,y,z)                -7.61359e-06, -0.000399662, 0.13102
[ DEBUG5 "MyRemoveOverlay"] Endpoint [mm] (x,y,z)                      -24.9712, -1807.3, -1943.29
[ DEBUG5 "MyRemoveOverlay"] Mass [GeV]                                                    2.06e-07
[ DEBUG5 "MyRemoveOverlay"] Charge                                                        0.00e+00
[ DEBUG5 "MyRemoveOverlay"] Parents                                                              1
[ DEBUG5 "MyRemoveOverlay"] Daughters                                                            0
[ DEBUG5 "MyRemoveOverlay"] simulator status bits: [sbvtcls]  s: created in simulation b: backscatter v: vertex is not endpoint of parent t: decayed in tracker c: decayed in calorimeter l: has left detector s: stopped o: overlay
[ DEBUG5 "MyRemoveOverlay"] [    c s ]
[ DEBUG5 "MyRemoveOverlay"] 
[ DEBUG7 "MyRemoveOverlay"] 		********** PFO AT INDEX 50 IS NOT OVERLAY **********
[ DEBUG8 "MyRemoveOverlay"] 
[ DEBUG8 "MyRemoveOverlay"] 		-------------------------------------------------------
[ DEBUG8 "MyRemoveOverlay"] 		Processing PFO at index 51
[ DEBUG5 "MyRemoveOverlay"] ------------------ ReconstructedParticle -----------------------------
[ DEBUG5 "MyRemoveOverlay"] Id                                                             0x14841
[ DEBUG5 "MyRemoveOverlay"] Compound                                                             0
[ DEBUG5 "MyRemoveOverlay"] Type                                                                22
[ DEBUG5 "MyRemoveOverlay"] Momentum (x,y,z)                       -8.05e-02, -2.11e+00, -2.35e+00
[ DEBUG5 "MyRemoveOverlay"] Mass [GeV]                                                    0.00e+00
[ DEBUG5 "MyRemoveOverlay"] Charge [e]                                                    0.00e+00
[ DEBUG5 "MyRemoveOverlay"] Energy [GeV]                                                  3.16e+00
[ DEBUG5 "MyRemoveOverlay"] ReferencePoint                         -7.04e+01, -1.85e+03, -2.06e+03
[ DEBUG5 "MyRemoveOverlay"] ParticleIDUsed                                                       0
[ DEBUG5 "MyRemoveOverlay"] GoodnessOfPID                                                 0.00e+00
[ DEBUG5 "MyRemoveOverlay"] Covariance p,E:  7.57e-05, 1.56e-03, 4.08e-02, 1.73e-03, 4.55e-02, 
[ DEBUG5 "MyRemoveOverlay"]                  5.08e-02, -2.33e-03, -6.11e-02, -6.83e-02, 9.16e-02
[ DEBUG5 "MyRemoveOverlay"] Particles id:    
[ DEBUG5 "MyRemoveOverlay"] Tracks id:    
[ DEBUG5 "MyRemoveOverlay"] Clusters id:  [00014475]
[ DEBUG5 "MyRemoveOverlay"] Particle ids ( [id], PDG, (type)): 
[ DEBUG5 "MyRemoveOverlay"]                  [00014842], 000000, (000000) 
[ DEBUG5 "MyRemoveOverlay"]                  [00014843], 000000, (000000) 
[ DEBUG5 "MyRemoveOverlay"]                  [00014844], 000000, (000000) 
[ DEBUG5 "MyRemoveOverlay"]                  [00014845], 000000, (000000) 
[ DEBUG5 "MyRemoveOverlay"] 
[ DEBUG5 "MyRemoveOverlay"] 
[ DEBUG6 "MyRemoveOverlay"] 		Cluster is not linked to a MCParticle
[ DEBUG7 "MyRemoveOverlay"] 		********** PFO AT INDEX 51 IS NOT OVERLAY **********
[ DEBUG9 "MyRemoveOverlay"] 	CHECK : processed event: 182405 (Number of inputPFOS: 52 , Number of outputPFOs: 50)
[ WARNING "mytruejet"]  processing event: 182406   in run:  500076
[ MESSAGE4 "mytruejet"]  =====================================
[ MESSAGE "MyChargedPFOCorrection"] 
[ MESSAGE "MyChargedPFOCorrection"] 	////////////////////////////////////////////////////////////////////////////
[ MESSAGE "MyChargedPFOCorrection"] 	////////////////////	Processing event 	182406	////////////////////
[ MESSAGE "MyChargedPFOCorrection"] 	////////////////////////////////////////////////////////////////////////////
[ MESSAGE "MyAddNeutralPFOCovMat"] 
[ MESSAGE "MyAddNeutralPFOCovMat"] 	////////////////////////////////////////////////////////////////////////////
[ MESSAGE "MyAddNeutralPFOCovMat"] 	////////////////////	Processing event 	182406	////////////////////
[ MESSAGE "MyAddNeutralPFOCovMat"] 	////////////////////////////////////////////////////////////////////////////
[ MESSAGE "MyRemoveOverlay"] 
[ MESSAGE "MyRemoveOverlay"] 		////////////////////////////////////////////////////////////////////////////
[ MESSAGE "MyRemoveOverlay"] 		////////////////////	Processing event 	182406	////////////////////
[ MESSAGE "MyRemoveOverlay"] 		////////////////////////////////////////////////////////////////////////////
[ DEBUG9 "MyRemoveOverlay"] 		Total Number of PFOs: 90
[ DEBUG8 "MyRemoveOverlay"] 
[ DEBUG8 "MyRemoveOverlay"] 		-------------------------------------------------------
[ DEBUG8 "MyRemoveOverlay"] 		Processing PFO at index 0
[ DEBUG5 "MyRemoveOverlay"] ------------------ ReconstructedParticle -----------------------------
[ DEBUG5 "MyRemoveOverlay"] Id                                                             0x17355
[ DEBUG5 "MyRemoveOverlay"] Compound                                                             0
[ DEBUG5 "MyRemoveOverlay"] Type                                                               211
[ DEBUG5 "MyRemoveOverlay"] Momentum (x,y,z)                       +4.07e-01, -2.73e-02, -2.32e-02
[ DEBUG5 "MyRemoveOverlay"] Mass [GeV]                                                    1.40e-01
[ DEBUG5 "MyRemoveOverlay"] Charge [e]                                                    1.00e+00
[ DEBUG5 "MyRemoveOverlay"] Energy [GeV]                                                  4.32e-01
[ DEBUG5 "MyRemoveOverlay"] ReferencePoint                         +5.95e+01, -8.47e+00, -1.31e+00
[ DEBUG5 "MyRemoveOverlay"] ParticleIDUsed                                                       0
[ DEBUG5 "MyRemoveOverlay"] GoodnessOfPID                                                 0.00e+00
[ DEBUG5 "MyRemoveOverlay"] Covariance p,E:  2.13e-07, 3.38e-08, 1.52e-06, 7.20e-08, -1.15e-08, 
[ DEBUG5 "MyRemoveOverlay"]                  1.52e-06, 1.94e-07, -6.35e-08, -1.30e-08, 1.88e-07
[ DEBUG5 "MyRemoveOverlay"] Particles id:    
[ DEBUG5 "MyRemoveOverlay"] Tracks id:    [00016817]
[ DEBUG5 "MyRemoveOverlay"] Clusters id:  
[ DEBUG5 "MyRemoveOverlay"] Particle ids ( [id], PDG, (type)): 
[ DEBUG5 "MyRemoveOverlay"]                  [00017356], 000211, (000000) 
[ DEBUG5 "MyRemoveOverlay"]                  [00017357], 000211, (000000) 
[ DEBUG5 "MyRemoveOverlay"]                  [00017358], 000011, (000000) 
[ DEBUG5 "MyRemoveOverlay"]                  [00017359], 000011, (000000) 
[ DEBUG5 "MyRemoveOverlay"]                  [00017360], 000000, (000000) 
[ DEBUG5 "MyRemoveOverlay"] 
[ DEBUG5 "MyRemoveOverlay"] 
[ DEBUG0 "MyRemoveOverlay"] 	MCParticle at index: 0 has PDG: 211 and MCParticle to Track link weight is 1.00e+00
[ DEBUG0 "MyRemoveOverlay"] 	MCParticle at index: 0 with PDG code: 211 has highest link weight to input track
[ DEBUG6 "MyRemoveOverlay"] 		Track is not linked to a MCParticle
[ DEBUG7 "MyRemoveOverlay"] 		********** PFO AT INDEX 0 IS NOT OVERLAY **********
[ DEBUG8 "MyRemoveOverlay"] 
[ DEBUG8 "MyRemoveOverlay"] 		-------------------------------------------------------
[ DEBUG8 "MyRemoveOverlay"] 		Processing PFO at index 1
[ DEBUG5 "MyRemoveOverlay"] ------------------ ReconstructedParticle -----------------------------
[ DEBUG5 "MyRemoveOverlay"] Id                                                             0x17361
[ DEBUG5 "MyRemoveOverlay"] Compound                                                             0
[ DEBUG5 "MyRemoveOverlay"] Type                                                              -211
[ DEBUG5 "MyRemoveOverlay"] Momentum (x,y,z)                       -2.28e-01, -9.87e-02, -1.80e-01
[ DEBUG5 "MyRemoveOverlay"] Mass [GeV]                                                    1.40e-01
[ DEBUG5 "MyRemoveOverlay"] Charge [e]                                                   -1.00e+00
[ DEBUG5 "MyRemoveOverlay"] Energy [GeV]                                                  3.37e-01
[ DEBUG5 "MyRemoveOverlay"] ReferencePoint                         -1.46e+01, -6.91e+00, -1.18e+01
[ DEBUG5 "MyRemoveOverlay"] ParticleIDUsed                                                       0
[ DEBUG5 "MyRemoveOverlay"] GoodnessOfPID                                                 0.00e+00
[ DEBUG5 "MyRemoveOverlay"] Covariance p,E:  3.31e-05, 1.79e-05, 1.05e-05, 2.67e-05, 1.47e-05, 
[ DEBUG5 "MyRemoveOverlay"]                  2.25e-05, -4.19e-05, -2.30e-05, -3.44e-05, 5.35e-05
[ DEBUG5 "MyRemoveOverlay"] Particles id:    
[ DEBUG5 "MyRemoveOverlay"] Tracks id:    [00016832]
[ DEBUG5 "MyRemoveOverlay"] Clusters id:  
[ DEBUG5 "MyRemoveOverlay"] Particle ids ( [id], PDG, (type)): 
[ DEBUG5 "MyRemoveOverlay"]                  [00017362], 000011, (000000) 
[ DEBUG5 "MyRemoveOverlay"]                  [00017363], 000011, (000000) 
[ DEBUG5 "MyRemoveOverlay"]                  [00017364], 000011, (000000) 
[ DEBUG5 "MyRemoveOverlay"]                  [00017365], 000011, (000000) 
[ DEBUG5 "MyRemoveOverlay"]                  [00017366], 000000, (000000) 
[ DEBUG5 "MyRemoveOverlay"] 
[ DEBUG5 "MyRemoveOverlay"] 
[ DEBUG0 "MyRemoveOverlay"] 	MCParticle at index: 0 has PDG: -211 and MCParticle to Track link weight is 1.00e+00
[ DEBUG0 "MyRemoveOverlay"] 	MCParticle at index: 0 with PDG code: -211 has highest link weight to input track
[ DEBUG6 "MyRemoveOverlay"] 		Track is not linked to a MCParticle
[ DEBUG7 "MyRemoveOverlay"] 		********** PFO AT INDEX 1 IS NOT OVERLAY **********
[ DEBUG8 "MyRemoveOverlay"] 
[ DEBUG8 "MyRemoveOverlay"] 		-------------------------------------------------------
[ DEBUG8 "MyRemoveOverlay"] 		Processing PFO at index 2
[ DEBUG5 "MyRemoveOverlay"] ------------------ ReconstructedParticle -----------------------------
[ DEBUG5 "MyRemoveOverlay"] Id                                                             0x17367
[ DEBUG5 "MyRemoveOverlay"] Compound                                                             0
[ DEBUG5 "MyRemoveOverlay"] Type                                                               211
[ DEBUG5 "MyRemoveOverlay"] Momentum (x,y,z)                       +4.74e-01, +5.22e-01, -5.07e-01
[ DEBUG5 "MyRemoveOverlay"] Mass [GeV]                                                    1.40e-01
[ DEBUG5 "MyRemoveOverlay"] Charge [e]                                                    1.00e+00
[ DEBUG5 "MyRemoveOverlay"] Energy [GeV]                                                  8.80e-01
[ DEBUG5 "MyRemoveOverlay"] ReferencePoint                         +1.09e+01, +1.18e+01, -1.17e+01
[ DEBUG5 "MyRemoveOverlay"] ParticleIDUsed                                                       0
[ DEBUG5 "MyRemoveOverlay"] GoodnessOfPID                                                 0.00e+00
[ DEBUG5 "MyRemoveOverlay"] Covariance p,E:  5.56e-07, -4.33e-08, 5.13e-07, 3.82e-08, 4.28e-08, 
[ DEBUG5 "MyRemoveOverlay"]                  5.29e-07, 2.52e-07, 2.57e-07, -2.58e-07, 4.37e-07
[ DEBUG5 "MyRemoveOverlay"] Particles id:    
[ DEBUG5 "MyRemoveOverlay"] Tracks id:    [00016717]
[ DEBUG5 "MyRemoveOverlay"] Clusters id:  [00017273]
[ DEBUG5 "MyRemoveOverlay"] Particle ids ( [id], PDG, (type)): 
[ DEBUG5 "MyRemoveOverlay"]                  [00017368], 000211, (000000) 
[ DEBUG5 "MyRemoveOverlay"]                  [00017369], 000211, (000000) 
[ DEBUG5 "MyRemoveOverlay"]                  [00017370], 000000, (000000) 
[ DEBUG5 "MyRemoveOverlay"]                  [00017371], 000000, (000000) 
[ DEBUG5 "MyRemoveOverlay"]                  [00017372], 000000, (000000) 
[ DEBUG5 "MyRemoveOverlay"]                  [00017373], 000000, (000000) 
[ DEBUG5 "MyRemoveOverlay"]                  [00017374], 000211, (000000) 
[ DEBUG5 "MyRemoveOverlay"]                  [00017375], 000211, (000000) 
[ DEBUG5 "MyRemoveOverlay"]                  [00017376], 000211, (000000) 
[ DEBUG5 "MyRemoveOverlay"] 
[ DEBUG5 "MyRemoveOverlay"] 
[ DEBUG0 "MyRemoveOverlay"] 	MCParticle at index: 0 has PDG: 211 and MCParticle to Track link weight is 1.00e+00
[ DEBUG0 "MyRemoveOverlay"] 	MCParticle at index: 0 with PDG code: 211 has highest link weight to input track
[ DEBUG6 "MyRemoveOverlay"] 		Track is not linked to a MCParticle
[ DEBUG0 "MyRemoveOverlay"] 	MCParticle at index: 0 has PDG: 211 and MCParticle to Cluster link weight is 9.49e-01
[ DEBUG0 "MyRemoveOverlay"] 	MCParticle at index: 0 with PDG code: 211 has highest link weight to input cluster
[ DEBUG0 "MyRemoveOverlay"] 	Cluster at index: 0 has highest link weight to MCParticle = 9.02e-01
[ DEBUG0 "MyRemoveOverlay"] 	Cluster linked to MCParticle with highest weight
[ DEBUG6 "MyRemoveOverlay"] 		Found a linked MCParticle to cluster
[ DEBUG5 "MyRemoveOverlay"] ----------------------------- MCParticle -----------------------------
[ DEBUG5 "MyRemoveOverlay"] Id                                                               16001
[ DEBUG5 "MyRemoveOverlay"] PDG                                                                211
[ DEBUG5 "MyRemoveOverlay"] Energy [GeV]                                                  8.79e-01
[ DEBUG5 "MyRemoveOverlay"] Momentum [GeV] (x,y,z)                    0.473059, 0.52261, -0.505416
[ DEBUG5 "MyRemoveOverlay"] Momentum at Endpoint[GeV] (x,y,z)                                -0, 0, -0
[ DEBUG5 "MyRemoveOverlay"] GeneratorStatus                                                      1
[ DEBUG5 "MyRemoveOverlay"] Vertex [mm] (x,y,z)                                    0, 0, -0.121879
[ DEBUG5 "MyRemoveOverlay"] Endpoint [mm] (x,y,z)                     -112.645, -736.253, -2449.76
[ DEBUG5 "MyRemoveOverlay"] Mass [GeV]                                                    1.40e-01
[ DEBUG5 "MyRemoveOverlay"] Charge                                                        1.00e+00
[ DEBUG5 "MyRemoveOverlay"] Parents                                                              1
[ DEBUG5 "MyRemoveOverlay"] Daughters                                                            0
[ DEBUG5 "MyRemoveOverlay"] simulator status bits: [sbvtcls]  s: created in simulation b: backscatter v: vertex is not endpoint of parent t: decayed in tracker c: decayed in calorimeter l: has left detector s: stopped o: overlay
[ DEBUG5 "MyRemoveOverlay"] [    c s ]
[ DEBUG5 "MyRemoveOverlay"] 
[ DEBUG7 "MyRemoveOverlay"] 		********** PFO AT INDEX 2 IS NOT OVERLAY **********
[ DEBUG8 "MyRemoveOverlay"] 
[ DEBUG8 "MyRemoveOverlay"] 		-------------------------------------------------------
[ DEBUG8 "MyRemoveOverlay"] 		Processing PFO at index 3
[ DEBUG5 "MyRemoveOverlay"] ------------------ ReconstructedParticle -----------------------------
[ DEBUG5 "MyRemoveOverlay"] Id                                                             0x17377
[ DEBUG5 "MyRemoveOverlay"] Compound                                                             0
[ DEBUG5 "MyRemoveOverlay"] Type                                                              -211
[ DEBUG5 "MyRemoveOverlay"] Momentum (x,y,z)                       +6.07e-01, +1.60e+00, -2.84e-01
[ DEBUG5 "MyRemoveOverlay"] Mass [GeV]                                                    1.40e-01
[ DEBUG5 "MyRemoveOverlay"] Charge [e]                                                   -1.00e+00
[ DEBUG5 "MyRemoveOverlay"] Energy [GeV]                                                  1.74e+00
[ DEBUG5 "MyRemoveOverlay"] ReferencePoint                         +5.96e+00, +1.60e+01, -2.96e+00
[ DEBUG5 "MyRemoveOverlay"] ParticleIDUsed                                                       0
[ DEBUG5 "MyRemoveOverlay"] GoodnessOfPID                                                 0.00e+00
[ DEBUG5 "MyRemoveOverlay"] Covariance p,E:  6.27e-07, 2.85e-07, 1.35e-06, -4.92e-08, -1.44e-07, 
[ DEBUG5 "MyRemoveOverlay"]                  5.56e-07, 4.89e-07, 1.36e-06, -2.40e-07, 1.46e-06
[ DEBUG5 "MyRemoveOverlay"] Particles id:    
[ DEBUG5 "MyRemoveOverlay"] Tracks id:    [00016722]
[ DEBUG5 "MyRemoveOverlay"] Clusters id:  [00017274]
[ DEBUG5 "MyRemoveOverlay"] Particle ids ( [id], PDG, (type)): 
[ DEBUG5 "MyRemoveOverlay"]                  [00017378], 000000, (000000) 
[ DEBUG5 "MyRemoveOverlay"]                  [00017379], 000000, (000000) 
[ DEBUG5 "MyRemoveOverlay"]                  [00017380], 000000, (000000) 
[ DEBUG5 "MyRemoveOverlay"]                  [00017381], 000000, (000000) 
[ DEBUG5 "MyRemoveOverlay"]                  [00017382], 000000, (000000) 
[ DEBUG5 "MyRemoveOverlay"]                  [00017383], 000013, (000000) 
[ DEBUG5 "MyRemoveOverlay"]                  [00017384], 002212, (000000) 
[ DEBUG5 "MyRemoveOverlay"]                  [00017385], 000011, (000000) 
[ DEBUG5 "MyRemoveOverlay"]                  [00017386], 000013, (000000) 
[ DEBUG5 "MyRemoveOverlay"] 
[ DEBUG5 "MyRemoveOverlay"] 
[ DEBUG0 "MyRemoveOverlay"] 	MCParticle at index: 0 has PDG: -211 and MCParticle to Track link weight is 1.00e+00
[ DEBUG0 "MyRemoveOverlay"] 	MCParticle at index: 0 with PDG code: -211 has highest link weight to input track
[ DEBUG0 "MyRemoveOverlay"] 	Track at index: 0 has highest link weight to MCParticle = 9.96e-01
[ DEBUG0 "MyRemoveOverlay"] 	Track linked to MCParticle with highest weight
[ DEBUG6 "MyRemoveOverlay"] 		Found a linked MCParticle to track
[ DEBUG5 "MyRemoveOverlay"] ----------------------------- MCParticle -----------------------------
[ DEBUG5 "MyRemoveOverlay"] Id                                                               16026
[ DEBUG5 "MyRemoveOverlay"] PDG                                                               -211
[ DEBUG5 "MyRemoveOverlay"] Energy [GeV]                                                  1.74e+00
[ DEBUG5 "MyRemoveOverlay"] Momentum [GeV] (x,y,z)                     0.60802, 1.60307, -0.285342
[ DEBUG5 "MyRemoveOverlay"] Momentum at Endpoint[GeV] (x,y,z)                                -0, 0, -0
[ DEBUG5 "MyRemoveOverlay"] GeneratorStatus                                                      1
[ DEBUG5 "MyRemoveOverlay"] Vertex [mm] (x,y,z)              8.51201e-309, 1.13321e-308, -0.121879
[ DEBUG5 "MyRemoveOverlay"] Endpoint [mm] (x,y,z)                         -880.361, 2049, -434.118
[ DEBUG5 "MyRemoveOverlay"] Mass [GeV]                                                    1.40e-01
[ DEBUG5 "MyRemoveOverlay"] Charge                                                       -1.00e+00
[ DEBUG5 "MyRemoveOverlay"] Parents                                                              1
[ DEBUG5 "MyRemoveOverlay"] Daughters                                                            0
[ DEBUG5 "MyRemoveOverlay"] simulator status bits: [sbvtcls]  s: created in simulation b: backscatter v: vertex is not endpoint of parent t: decayed in tracker c: decayed in calorimeter l: has left detector s: stopped o: overlay
[ DEBUG5 "MyRemoveOverlay"] [    c s ]
[ DEBUG5 "MyRemoveOverlay"] 
[ DEBUG0 "MyRemoveOverlay"] 	MCParticle at index: 0 has PDG: -211 and MCParticle to Cluster link weight is 1.00e+00
[ DEBUG0 "MyRemoveOverlay"] 	MCParticle at index: 0 with PDG code: -211 has highest link weight to input cluster
[ DEBUG6 "MyRemoveOverlay"] 		Cluster is not linked to a MCParticle
[ DEBUG7 "MyRemoveOverlay"] 		********** PFO AT INDEX 3 IS NOT OVERLAY **********
[ DEBUG8 "MyRemoveOverlay"] 
[ DEBUG8 "MyRemoveOverlay"] 		-------------------------------------------------------
[ DEBUG8 "MyRemoveOverlay"] 		Processing PFO at index 4
[ DEBUG5 "MyRemoveOverlay"] ------------------ ReconstructedParticle -----------------------------
[ DEBUG5 "MyRemoveOverlay"] Id                                                             0x17387
[ DEBUG5 "MyRemoveOverlay"] Compound                                                             0
[ DEBUG5 "MyRemoveOverlay"] Type                                                              -211
[ DEBUG5 "MyRemoveOverlay"] Momentum (x,y,z)                       +9.69e-01, +9.16e-01, -1.62e-01
[ DEBUG5 "MyRemoveOverlay"] Mass [GeV]                                                    1.40e-01
[ DEBUG5 "MyRemoveOverlay"] Charge [e]                                                   -1.00e+00
[ DEBUG5 "MyRemoveOverlay"] Energy [GeV]                                                  1.35e+00
[ DEBUG5 "MyRemoveOverlay"] ReferencePoint                         +1.17e+01, +1.12e+01, -2.08e+00
[ DEBUG5 "MyRemoveOverlay"] ParticleIDUsed                                                       0
[ DEBUG5 "MyRemoveOverlay"] GoodnessOfPID                                                 0.00e+00
[ DEBUG5 "MyRemoveOverlay"] Covariance p,E:  6.67e-07, 1.83e-07, 6.85e-07, -3.09e-08, -3.17e-08, 
[ DEBUG5 "MyRemoveOverlay"]                  5.00e-07, 6.06e-07, 5.99e-07, -1.04e-07, 8.54e-07
[ DEBUG5 "MyRemoveOverlay"] Particles id:    
[ DEBUG5 "MyRemoveOverlay"] Tracks id:    [00016777]
[ DEBUG5 "MyRemoveOverlay"] Clusters id:  
[ DEBUG5 "MyRemoveOverlay"] Particle ids ( [id], PDG, (type)): 
[ DEBUG5 "MyRemoveOverlay"]                  [00017388], 000321, (000000) 
[ DEBUG5 "MyRemoveOverlay"]                  [00017389], 000211, (000000) 
[ DEBUG5 "MyRemoveOverlay"]                  [00017390], 000011, (000000) 
[ DEBUG5 "MyRemoveOverlay"]                  [00017391], 000011, (000000) 
[ DEBUG5 "MyRemoveOverlay"]                  [00017392], 000000, (000000) 
[ DEBUG5 "MyRemoveOverlay"] 
[ DEBUG5 "MyRemoveOverlay"] 
[ DEBUG0 "MyRemoveOverlay"] 	MCParticle at index: 0 has PDG: -211 and MCParticle to Track link weight is 1.00e+00
[ DEBUG0 "MyRemoveOverlay"] 	MCParticle at index: 0 with PDG code: -211 has highest link weight to input track
[ DEBUG0 "MyRemoveOverlay"] 	Track at index: 0 has highest link weight to MCParticle = 9.66e-01
[ DEBUG0 "MyRemoveOverlay"] 	Track linked to MCParticle with highest weight
[ DEBUG6 "MyRemoveOverlay"] 		Found a linked MCParticle to track
[ DEBUG5 "MyRemoveOverlay"] ----------------------------- MCParticle -----------------------------
[ DEBUG5 "MyRemoveOverlay"] Id                                                               16028
[ DEBUG5 "MyRemoveOverlay"] PDG                                                               -211
[ DEBUG5 "MyRemoveOverlay"] Energy [GeV]                                                  1.36e+00
[ DEBUG5 "MyRemoveOverlay"] Momentum [GeV] (x,y,z)                   0.972337, 0.919507, -0.162143
[ DEBUG5 "MyRemoveOverlay"] Momentum at Endpoint[GeV] (x,y,z)                                -0, 0, -0
[ DEBUG5 "MyRemoveOverlay"] GeneratorStatus                                                      1
[ DEBUG5 "MyRemoveOverlay"] Vertex [mm] (x,y,z)               7.8014e-309, 6.51813e-309, -0.121879
[ DEBUG5 "MyRemoveOverlay"] Endpoint [mm] (x,y,z)                       34.9845, 1812.37, -245.887
[ DEBUG5 "MyRemoveOverlay"] Mass [GeV]                                                    1.40e-01
[ DEBUG5 "MyRemoveOverlay"] Charge                                                       -1.00e+00
[ DEBUG5 "MyRemoveOverlay"] Parents                                                              1
[ DEBUG5 "MyRemoveOverlay"] Daughters                                                            0
[ DEBUG5 "MyRemoveOverlay"] simulator status bits: [sbvtcls]  s: created in simulation b: backscatter v: vertex is not endpoint of parent t: decayed in tracker c: decayed in calorimeter l: has left detector s: stopped o: overlay
[ DEBUG5 "MyRemoveOverlay"] [    c s ]
[ DEBUG5 "MyRemoveOverlay"] 
[ DEBUG7 "MyRemoveOverlay"] 		********** PFO AT INDEX 4 IS NOT OVERLAY **********
[ DEBUG8 "MyRemoveOverlay"] 
[ DEBUG8 "MyRemoveOverlay"] 		-------------------------------------------------------
[ DEBUG8 "MyRemoveOverlay"] 		Processing PFO at index 5
[ DEBUG5 "MyRemoveOverlay"] ------------------ ReconstructedParticle -----------------------------
[ DEBUG5 "MyRemoveOverlay"] Id                                                             0x17393
[ DEBUG5 "MyRemoveOverlay"] Compound                                                             0
[ DEBUG5 "MyRemoveOverlay"] Type                                                               211
[ DEBUG5 "MyRemoveOverlay"] Momentum (x,y,z)                       +1.78e+00, +1.58e+00, -1.02e-01
[ DEBUG5 "MyRemoveOverlay"] Mass [GeV]                                                    1.40e-01
[ DEBUG5 "MyRemoveOverlay"] Charge [e]                                                    1.00e+00
[ DEBUG5 "MyRemoveOverlay"] Energy [GeV]                                                  2.39e+00
[ DEBUG5 "MyRemoveOverlay"] ReferencePoint                         +1.23e+01, +1.08e+01, -8.18e-01
[ DEBUG5 "MyRemoveOverlay"] ParticleIDUsed                                                       0
[ DEBUG5 "MyRemoveOverlay"] GoodnessOfPID                                                 0.00e+00
[ DEBUG5 "MyRemoveOverlay"] Covariance p,E:  1.91e-06, 1.17e-06, 1.54e-06, -7.70e-08, -6.66e-08, 
[ DEBUG5 "MyRemoveOverlay"]                  5.44e-07, 2.20e-06, 1.90e-06, -1.25e-07, 2.91e-06
[ DEBUG5 "MyRemoveOverlay"] Particles id:    
[ DEBUG5 "MyRemoveOverlay"] Tracks id:    [00016807]
[ DEBUG5 "MyRemoveOverlay"] Clusters id:  [00017275]
[ DEBUG5 "MyRemoveOverlay"] Particle ids ( [id], PDG, (type)): 
[ DEBUG5 "MyRemoveOverlay"]                  [00017394], 002212, (000000) 
[ DEBUG5 "MyRemoveOverlay"]                  [00017395], 000000, (000000) 
[ DEBUG5 "MyRemoveOverlay"]                  [00017396], 000000, (000000) 
[ DEBUG5 "MyRemoveOverlay"]                  [00017397], 000000, (000000) 
[ DEBUG5 "MyRemoveOverlay"]                  [00017398], 000000, (000000) 
[ DEBUG5 "MyRemoveOverlay"]                  [00017399], 000000, (000000) 
[ DEBUG5 "MyRemoveOverlay"]                  [00017400], 000013, (000000) 
[ DEBUG5 "MyRemoveOverlay"]                  [00017401], 000211, (000000) 
[ DEBUG5 "MyRemoveOverlay"]                  [00017402], 002212, (000000) 
[ DEBUG5 "MyRemoveOverlay"] 
[ DEBUG5 "MyRemoveOverlay"] 
[ DEBUG0 "MyRemoveOverlay"] 	MCParticle at index: 0 has PDG: 211 and MCParticle to Track link weight is 1.00e+00
[ DEBUG0 "MyRemoveOverlay"] 	MCParticle at index: 0 with PDG code: 211 has highest link weight to input track
[ DEBUG0 "MyRemoveOverlay"] 	Track at index: 0 has highest link weight to MCParticle = 9.96e-01
[ DEBUG0 "MyRemoveOverlay"] 	Track linked to MCParticle with highest weight
[ DEBUG6 "MyRemoveOverlay"] 		Found a linked MCParticle to track
[ DEBUG5 "MyRemoveOverlay"] ----------------------------- MCParticle -----------------------------
[ DEBUG5 "MyRemoveOverlay"] Id                                                               16025
[ DEBUG5 "MyRemoveOverlay"] PDG                                                                211
[ DEBUG5 "MyRemoveOverlay"] Energy [GeV]                                                  2.39e+00
[ DEBUG5 "MyRemoveOverlay"] Momentum [GeV] (x,y,z)                     1.78284, 1.57989, -0.101613
[ DEBUG5 "MyRemoveOverlay"] Momentum at Endpoint[GeV] (x,y,z)                                0, -0, -0
[ DEBUG5 "MyRemoveOverlay"] GeneratorStatus                                                      1
[ DEBUG5 "MyRemoveOverlay"] Vertex [mm] (x,y,z)              8.51201e-309, 1.13321e-308, -0.121879
[ DEBUG5 "MyRemoveOverlay"] Endpoint [mm] (x,y,z)                        1887.2, 540.862, -89.4296
[ DEBUG5 "MyRemoveOverlay"] Mass [GeV]                                                    1.40e-01
[ DEBUG5 "MyRemoveOverlay"] Charge                                                        1.00e+00
[ DEBUG5 "MyRemoveOverlay"] Parents                                                              1
[ DEBUG5 "MyRemoveOverlay"] Daughters                                                            0
[ DEBUG5 "MyRemoveOverlay"] simulator status bits: [sbvtcls]  s: created in simulation b: backscatter v: vertex is not endpoint of parent t: decayed in tracker c: decayed in calorimeter l: has left detector s: stopped o: overlay
[ DEBUG5 "MyRemoveOverlay"] [    c s ]
[ DEBUG5 "MyRemoveOverlay"] 
[ DEBUG0 "MyRemoveOverlay"] 	MCParticle at index: 0 has PDG: 211 and MCParticle to Cluster link weight is 1.00e+00
[ DEBUG0 "MyRemoveOverlay"] 	MCParticle at index: 0 with PDG code: 211 has highest link weight to input cluster
[ DEBUG0 "MyRemoveOverlay"] 	Cluster at index: 0 has highest link weight to MCParticle = 1.00e+00
[ DEBUG0 "MyRemoveOverlay"] 	Cluster linked to MCParticle with highest weight
[ DEBUG6 "MyRemoveOverlay"] 		Found a linked MCParticle to cluster
[ DEBUG5 "MyRemoveOverlay"] ----------------------------- MCParticle -----------------------------
[ DEBUG5 "MyRemoveOverlay"] Id                                                               16025
[ DEBUG5 "MyRemoveOverlay"] PDG                                                                211
[ DEBUG5 "MyRemoveOverlay"] Energy [GeV]                                                  2.39e+00
[ DEBUG5 "MyRemoveOverlay"] Momentum [GeV] (x,y,z)                     1.78284, 1.57989, -0.101613
[ DEBUG5 "MyRemoveOverlay"] Momentum at Endpoint[GeV] (x,y,z)                                0, -0, -0
[ DEBUG5 "MyRemoveOverlay"] GeneratorStatus                                                      1
[ DEBUG5 "MyRemoveOverlay"] Vertex [mm] (x,y,z)              8.51201e-309, 1.13321e-308, -0.121879
[ DEBUG5 "MyRemoveOverlay"] Endpoint [mm] (x,y,z)                        1887.2, 540.862, -89.4296
[ DEBUG5 "MyRemoveOverlay"] Mass [GeV]                                                    1.40e-01
[ DEBUG5 "MyRemoveOverlay"] Charge                                                        1.00e+00
[ DEBUG5 "MyRemoveOverlay"] Parents                                                              1
[ DEBUG5 "MyRemoveOverlay"] Daughters                                                            0
[ DEBUG5 "MyRemoveOverlay"] simulator status bits: [sbvtcls]  s: created in simulation b: backscatter v: vertex is not endpoint of parent t: decayed in tracker c: decayed in calorimeter l: has left detector s: stopped o: overlay
[ DEBUG5 "MyRemoveOverlay"] [    c s ]
[ DEBUG5 "MyRemoveOverlay"] 
[ DEBUG7 "MyRemoveOverlay"] 		********** PFO AT INDEX 5 IS NOT OVERLAY **********
[ DEBUG8 "MyRemoveOverlay"] 
[ DEBUG8 "MyRemoveOverlay"] 		-------------------------------------------------------
[ DEBUG8 "MyRemoveOverlay"] 		Processing PFO at index 6
[ DEBUG5 "MyRemoveOverlay"] ------------------ ReconstructedParticle -----------------------------
[ DEBUG5 "MyRemoveOverlay"] Id                                                             0x17403
[ DEBUG5 "MyRemoveOverlay"] Compound                                                             0
[ DEBUG5 "MyRemoveOverlay"] Type                                                               211
[ DEBUG5 "MyRemoveOverlay"] Momentum (x,y,z)                       +5.47e+00, -3.97e-01, +1.45e+00
[ DEBUG5 "MyRemoveOverlay"] Mass [GeV]                                                    1.40e-01
[ DEBUG5 "MyRemoveOverlay"] Charge [e]                                                    1.00e+00
[ DEBUG5 "MyRemoveOverlay"] Energy [GeV]                                                  5.67e+00
[ DEBUG5 "MyRemoveOverlay"] ReferencePoint                         +1.72e+01, -1.09e+00, +4.81e+00
[ DEBUG5 "MyRemoveOverlay"] ParticleIDUsed                                                       0
[ DEBUG5 "MyRemoveOverlay"] GoodnessOfPID                                                 0.00e+00
[ DEBUG5 "MyRemoveOverlay"] Covariance p,E:  1.71e-05, -1.32e-06, 8.19e-07, 4.35e-06, -3.42e-07, 
[ DEBUG5 "MyRemoveOverlay"]                  1.87e-06, 1.76e-05, -1.42e-06, 4.69e-06, 1.83e-05
[ DEBUG5 "MyRemoveOverlay"] Particles id:    
[ DEBUG5 "MyRemoveOverlay"] Tracks id:    [00016687]
[ DEBUG5 "MyRemoveOverlay"] Clusters id:  [00017276]
[ DEBUG5 "MyRemoveOverlay"] Particle ids ( [id], PDG, (type)): 
[ DEBUG5 "MyRemoveOverlay"]                  [00017404], 000321, (000000) 
[ DEBUG5 "MyRemoveOverlay"]                  [00017405], 000000, (000000) 
[ DEBUG5 "MyRemoveOverlay"]                  [00017406], 000000, (000000) 
[ DEBUG5 "MyRemoveOverlay"]                  [00017407], 000000, (000000) 
[ DEBUG5 "MyRemoveOverlay"]                  [00017408], 000000, (000000) 
[ DEBUG5 "MyRemoveOverlay"]                  [00017409], 000000, (000000) 
[ DEBUG5 "MyRemoveOverlay"]                  [00017410], 000011, (000000) 
[ DEBUG5 "MyRemoveOverlay"]                  [00017411], 000011, (000000) 
[ DEBUG5 "MyRemoveOverlay"]                  [00017412], 000321, (000000) 
[ DEBUG5 "MyRemoveOverlay"] 
[ DEBUG5 "MyRemoveOverlay"] 
[ DEBUG0 "MyRemoveOverlay"] 	MCParticle at index: 0 has PDG: 211 and MCParticle to Track link weight is 1.00e+00
[ DEBUG0 "MyRemoveOverlay"] 	MCParticle at index: 0 with PDG code: 211 has highest link weight to input track
[ DEBUG0 "MyRemoveOverlay"] 	Track at index: 0 has highest link weight to MCParticle = 9.96e-01
[ DEBUG0 "MyRemoveOverlay"] 	Track linked to MCParticle with highest weight
[ DEBUG6 "MyRemoveOverlay"] 		Found a linked MCParticle to track
[ DEBUG5 "MyRemoveOverlay"] ----------------------------- MCParticle -----------------------------
[ DEBUG5 "MyRemoveOverlay"] Id                                                               16088
[ DEBUG5 "MyRemoveOverlay"] PDG                                                                211
[ DEBUG5 "MyRemoveOverlay"] Energy [GeV]                                                  5.67e+00
[ DEBUG5 "MyRemoveOverlay"] Momentum [GeV] (x,y,z)                      5.4675, -0.402162, 1.45358
[ DEBUG5 "MyRemoveOverlay"] Momentum at Endpoint[GeV] (x,y,z)                                 0, -0, 0
[ DEBUG5 "MyRemoveOverlay"] GeneratorStatus                                                      1
[ DEBUG5 "MyRemoveOverlay"] Vertex [mm] (x,y,z)                        4.21001, -0.123863, 1.36677
[ DEBUG5 "MyRemoveOverlay"] Endpoint [mm] (x,y,z)                        1837.47, -479.162, 506.87
[ DEBUG5 "MyRemoveOverlay"] Mass [GeV]                                                    1.40e-01
[ DEBUG5 "MyRemoveOverlay"] Charge                                                        1.00e+00
[ DEBUG5 "MyRemoveOverlay"] Parents                                                              1
[ DEBUG5 "MyRemoveOverlay"] Daughters                                                            1
[ DEBUG5 "MyRemoveOverlay"] simulator status bits: [sbvtcls]  s: created in simulation b: backscatter v: vertex is not endpoint of parent t: decayed in tracker c: decayed in calorimeter l: has left detector s: stopped o: overlay
[ DEBUG5 "MyRemoveOverlay"] [    c s ]
[ DEBUG5 "MyRemoveOverlay"] 
[ DEBUG0 "MyRemoveOverlay"] 	MCParticle at index: 0 has PDG: 211 and MCParticle to Cluster link weight is 1.00e+00
[ DEBUG0 "MyRemoveOverlay"] 	MCParticle at index: 0 with PDG code: 211 has highest link weight to input cluster
[ DEBUG6 "MyRemoveOverlay"] 		Cluster is not linked to a MCParticle
[ DEBUG7 "MyRemoveOverlay"] 		********** PFO AT INDEX 6 IS NOT OVERLAY **********
[ DEBUG8 "MyRemoveOverlay"] 
[ DEBUG8 "MyRemoveOverlay"] 		-------------------------------------------------------
[ DEBUG8 "MyRemoveOverlay"] 		Processing PFO at index 7
[ DEBUG5 "MyRemoveOverlay"] ------------------ ReconstructedParticle -----------------------------
[ DEBUG5 "MyRemoveOverlay"] Id                                                             0x17413
[ DEBUG5 "MyRemoveOverlay"] Compound                                                             0
[ DEBUG5 "MyRemoveOverlay"] Type                                                              -211
[ DEBUG5 "MyRemoveOverlay"] Momentum (x,y,z)                       +1.73e+01, +5.47e-02, +6.18e+00
[ DEBUG5 "MyRemoveOverlay"] Mass [GeV]                                                    1.40e-01
[ DEBUG5 "MyRemoveOverlay"] Charge [e]                                                   -1.00e+00
[ DEBUG5 "MyRemoveOverlay"] Energy [GeV]                                                  1.84e+01
[ DEBUG5 "MyRemoveOverlay"] ReferencePoint                         +1.68e+01, -7.98e-02, +5.86e+00
[ DEBUG5 "MyRemoveOverlay"] ParticleIDUsed                                                       0
[ DEBUG5 "MyRemoveOverlay"] GoodnessOfPID                                                 0.00e+00
[ DEBUG5 "MyRemoveOverlay"] Covariance p,E:  2.51e-04, 1.72e-06, 1.24e-06, 8.90e-05, 6.32e-07, 
[ DEBUG5 "MyRemoveOverlay"]                  3.30e-05, 2.66e-04, 1.84e-06, 9.49e-05, 2.83e-04
[ DEBUG5 "MyRemoveOverlay"] Particles id:    
[ DEBUG5 "MyRemoveOverlay"] Tracks id:    [00016757]
[ DEBUG5 "MyRemoveOverlay"] Clusters id:  [00017277]
[ DEBUG5 "MyRemoveOverlay"] Particle ids ( [id], PDG, (type)): 
[ DEBUG5 "MyRemoveOverlay"]                  [00017414], 000211, (000000) 
[ DEBUG5 "MyRemoveOverlay"]                  [00017415], 000000, (000000) 
[ DEBUG5 "MyRemoveOverlay"]                  [00017416], 000000, (000000) 
[ DEBUG5 "MyRemoveOverlay"]                  [00017417], 000000, (000000) 
[ DEBUG5 "MyRemoveOverlay"]                  [00017418], 000000, (000000) 
[ DEBUG5 "MyRemoveOverlay"]                  [00017419], 000000, (000000) 
[ DEBUG5 "MyRemoveOverlay"]                  [00017420], 000013, (000000) 
[ DEBUG5 "MyRemoveOverlay"]                  [00017421], 000211, (000000) 
[ DEBUG5 "MyRemoveOverlay"]                  [00017422], 000211, (000000) 
[ DEBUG5 "MyRemoveOverlay"] 
[ DEBUG5 "MyRemoveOverlay"] 
[ DEBUG0 "MyRemoveOverlay"] 	MCParticle at index: 0 has PDG: -211 and MCParticle to Track link weight is 1.00e+00
[ DEBUG0 "MyRemoveOverlay"] 	MCParticle at index: 0 with PDG code: -211 has highest link weight to input track
[ DEBUG0 "MyRemoveOverlay"] 	Track at index: 0 has highest link weight to MCParticle = 9.71e-01
[ DEBUG0 "MyRemoveOverlay"] 	Track linked to MCParticle with highest weight
[ DEBUG6 "MyRemoveOverlay"] 		Found a linked MCParticle to track
[ DEBUG5 "MyRemoveOverlay"] ----------------------------- MCParticle -----------------------------
[ DEBUG5 "MyRemoveOverlay"] Id                                                               16084
[ DEBUG5 "MyRemoveOverlay"] PDG                                                               -211
[ DEBUG5 "MyRemoveOverlay"] Energy [GeV]                                                  1.84e+01
[ DEBUG5 "MyRemoveOverlay"] Momentum [GeV] (x,y,z)                     17.3494, 0.0578215, 6.18604
[ DEBUG5 "MyRemoveOverlay"] Momentum at Endpoint[GeV] (x,y,z)                                  0, 0, 0
[ DEBUG5 "MyRemoveOverlay"] GeneratorStatus                                                      1
[ DEBUG5 "MyRemoveOverlay"] Vertex [mm] (x,y,z)                        4.21001, -0.123863, 1.36677
[ DEBUG5 "MyRemoveOverlay"] Endpoint [mm] (x,y,z)                        2010.91, 128.793, 718.168
[ DEBUG5 "MyRemoveOverlay"] Mass [GeV]                                                    1.40e-01
[ DEBUG5 "MyRemoveOverlay"] Charge                                                       -1.00e+00
[ DEBUG5 "MyRemoveOverlay"] Parents                                                              1
[ DEBUG5 "MyRemoveOverlay"] Daughters                                                            0
[ DEBUG5 "MyRemoveOverlay"] simulator status bits: [sbvtcls]  s: created in simulation b: backscatter v: vertex is not endpoint of parent t: decayed in tracker c: decayed in calorimeter l: has left detector s: stopped o: overlay
[ DEBUG5 "MyRemoveOverlay"] [    c s ]
[ DEBUG5 "MyRemoveOverlay"] 
[ DEBUG6 "MyRemoveOverlay"] 		Cluster is not linked to a MCParticle
[ DEBUG7 "MyRemoveOverlay"] 		********** PFO AT INDEX 7 IS NOT OVERLAY **********
[ DEBUG8 "MyRemoveOverlay"] 
[ DEBUG8 "MyRemoveOverlay"] 		-------------------------------------------------------
[ DEBUG8 "MyRemoveOverlay"] 		Processing PFO at index 8
[ DEBUG5 "MyRemoveOverlay"] ------------------ ReconstructedParticle -----------------------------
[ DEBUG5 "MyRemoveOverlay"] Id                                                             0x17423
[ DEBUG5 "MyRemoveOverlay"] Compound                                                             0
[ DEBUG5 "MyRemoveOverlay"] Type                                                              -211
[ DEBUG5 "MyRemoveOverlay"] Momentum (x,y,z)                       +9.46e+00, -3.36e-01, +3.50e+00
[ DEBUG5 "MyRemoveOverlay"] Mass [GeV]                                                    1.40e-01
[ DEBUG5 "MyRemoveOverlay"] Charge [e]                                                   -1.00e+00
[ DEBUG5 "MyRemoveOverlay"] Energy [GeV]                                                  1.01e+01
[ DEBUG5 "MyRemoveOverlay"] ReferencePoint                         +1.70e+01, -5.62e-01, +6.09e+00
[ DEBUG5 "MyRemoveOverlay"] ParticleIDUsed                                                       0
[ DEBUG5 "MyRemoveOverlay"] GoodnessOfPID                                                 0.00e+00
[ DEBUG5 "MyRemoveOverlay"] Covariance p,E:  5.81e-05, -1.70e-06, 9.66e-07, 2.12e-05, -6.15e-07, 
[ DEBUG5 "MyRemoveOverlay"]                  8.75e-06, 6.19e-05, -1.84e-06, 2.29e-05, 6.60e-05
[ DEBUG5 "MyRemoveOverlay"] Particles id:    
[ DEBUG5 "MyRemoveOverlay"] Tracks id:    [00016692]
[ DEBUG5 "MyRemoveOverlay"] Clusters id:  [00017278]
[ DEBUG5 "MyRemoveOverlay"] Particle ids ( [id], PDG, (type)): 
[ DEBUG5 "MyRemoveOverlay"]                  [00017424], 000211, (000000) 
[ DEBUG5 "MyRemoveOverlay"]                  [00017425], 000000, (000000) 
[ DEBUG5 "MyRemoveOverlay"]                  [00017426], 000000, (000000) 
[ DEBUG5 "MyRemoveOverlay"]                  [00017427], 000000, (000000) 
[ DEBUG5 "MyRemoveOverlay"]                  [00017428], 000000, (000000) 
[ DEBUG5 "MyRemoveOverlay"]                  [00017429], 000000, (000000) 
[ DEBUG5 "MyRemoveOverlay"]                  [00017430], 000013, (000000) 
[ DEBUG5 "MyRemoveOverlay"]                  [00017431], 000011, (000000) 
[ DEBUG5 "MyRemoveOverlay"]                  [00017432], 000211, (000000) 
[ DEBUG5 "MyRemoveOverlay"] 
[ DEBUG5 "MyRemoveOverlay"] 
[ DEBUG0 "MyRemoveOverlay"] 	MCParticle at index: 0 has PDG: -211 and MCParticle to Track link weight is 1.00e+00
[ DEBUG0 "MyRemoveOverlay"] 	MCParticle at index: 0 with PDG code: -211 has highest link weight to input track
[ DEBUG0 "MyRemoveOverlay"] 	Track at index: 0 has highest link weight to MCParticle = 9.96e-01
[ DEBUG0 "MyRemoveOverlay"] 	Track linked to MCParticle with highest weight
[ DEBUG6 "MyRemoveOverlay"] 		Found a linked MCParticle to track
[ DEBUG5 "MyRemoveOverlay"] ----------------------------- MCParticle -----------------------------
[ DEBUG5 "MyRemoveOverlay"] Id                                                               16089
[ DEBUG5 "MyRemoveOverlay"] PDG                                                               -211
[ DEBUG5 "MyRemoveOverlay"] Energy [GeV]                                                  1.01e+01
[ DEBUG5 "MyRemoveOverlay"] Momentum [GeV] (x,y,z)                     9.45446, -0.331577, 3.50085
[ DEBUG5 "MyRemoveOverlay"] Momentum at Endpoint[GeV] (x,y,z)                                  0, 0, 0
[ DEBUG5 "MyRemoveOverlay"] GeneratorStatus                                                      1
[ DEBUG5 "MyRemoveOverlay"] Vertex [mm] (x,y,z)                        4.21001, -0.123863, 1.36677
[ DEBUG5 "MyRemoveOverlay"] Endpoint [mm] (x,y,z)                        1879.75, 130.185, 697.988
[ DEBUG5 "MyRemoveOverlay"] Mass [GeV]                                                    1.40e-01
[ DEBUG5 "MyRemoveOverlay"] Charge                                                       -1.00e+00
[ DEBUG5 "MyRemoveOverlay"] Parents                                                              1
[ DEBUG5 "MyRemoveOverlay"] Daughters                                                            0
[ DEBUG5 "MyRemoveOverlay"] simulator status bits: [sbvtcls]  s: created in simulation b: backscatter v: vertex is not endpoint of parent t: decayed in tracker c: decayed in calorimeter l: has left detector s: stopped o: overlay
[ DEBUG5 "MyRemoveOverlay"] [    c s ]
[ DEBUG5 "MyRemoveOverlay"] 
[ DEBUG6 "MyRemoveOverlay"] 		Cluster is not linked to a MCParticle
[ DEBUG7 "MyRemoveOverlay"] 		********** PFO AT INDEX 8 IS NOT OVERLAY **********
[ DEBUG8 "MyRemoveOverlay"] 
[ DEBUG8 "MyRemoveOverlay"] 		-------------------------------------------------------
[ DEBUG8 "MyRemoveOverlay"] 		Processing PFO at index 9
[ DEBUG5 "MyRemoveOverlay"] ------------------ ReconstructedParticle -----------------------------
[ DEBUG5 "MyRemoveOverlay"] Id                                                             0x17433
[ DEBUG5 "MyRemoveOverlay"] Compound                                                             0
[ DEBUG5 "MyRemoveOverlay"] Type                                                               211
[ DEBUG5 "MyRemoveOverlay"] Momentum (x,y,z)                       +3.43e+00, +4.98e-01, +1.34e+00
[ DEBUG5 "MyRemoveOverlay"] Mass [GeV]                                                    1.40e-01
[ DEBUG5 "MyRemoveOverlay"] Charge [e]                                                    1.00e+00
[ DEBUG5 "MyRemoveOverlay"] Energy [GeV]                                                  3.72e+00
[ DEBUG5 "MyRemoveOverlay"] ReferencePoint                         +1.63e+01, +1.49e+00, +6.15e+00
[ DEBUG5 "MyRemoveOverlay"] ParticleIDUsed                                                       0
[ DEBUG5 "MyRemoveOverlay"] GoodnessOfPID                                                 0.00e+00
[ DEBUG5 "MyRemoveOverlay"] Covariance p,E:  6.72e-06, 8.13e-07, 7.30e-07, 2.38e-06, 3.23e-07, 
[ DEBUG5 "MyRemoveOverlay"]                  1.54e-06, 7.17e-06, 9.64e-07, 2.80e-06, 7.75e-06
[ DEBUG5 "MyRemoveOverlay"] Particles id:    
[ DEBUG5 "MyRemoveOverlay"] Tracks id:    [00016742]
[ DEBUG5 "MyRemoveOverlay"] Clusters id:  [00017279]
[ DEBUG5 "MyRemoveOverlay"] Particle ids ( [id], PDG, (type)): 
[ DEBUG5 "MyRemoveOverlay"]                  [00017434], 000000, (000000) 
[ DEBUG5 "MyRemoveOverlay"]                  [00017435], 000000, (000000) 
[ DEBUG5 "MyRemoveOverlay"]                  [00017436], 000000, (000000) 
[ DEBUG5 "MyRemoveOverlay"]                  [00017437], 000000, (000000) 
[ DEBUG5 "MyRemoveOverlay"]                  [00017438], 000000, (000000) 
[ DEBUG5 "MyRemoveOverlay"]                  [00017439], 000211, (000000) 
[ DEBUG5 "MyRemoveOverlay"]                  [00017440], 000011, (000000) 
[ DEBUG5 "MyRemoveOverlay"]                  [00017441], 000321, (000000) 
[ DEBUG5 "MyRemoveOverlay"]                  [00017442], 000011, (000000) 
[ DEBUG5 "MyRemoveOverlay"] 
[ DEBUG5 "MyRemoveOverlay"] 
[ DEBUG0 "MyRemoveOverlay"] 	MCParticle at index: 0 has PDG: 211 and MCParticle to Track link weight is 1.00e+00
[ DEBUG0 "MyRemoveOverlay"] 	MCParticle at index: 0 with PDG code: 211 has highest link weight to input track
[ DEBUG0 "MyRemoveOverlay"] 	Track at index: 0 has highest link weight to MCParticle = 9.71e-01
[ DEBUG0 "MyRemoveOverlay"] 	Track linked to MCParticle with highest weight
[ DEBUG6 "MyRemoveOverlay"] 		Found a linked MCParticle to track
[ DEBUG5 "MyRemoveOverlay"] ----------------------------- MCParticle -----------------------------
[ DEBUG5 "MyRemoveOverlay"] Id                                                               16066
[ DEBUG5 "MyRemoveOverlay"] PDG                                                                211
[ DEBUG5 "MyRemoveOverlay"] Energy [GeV]                                                  3.74e+00
[ DEBUG5 "MyRemoveOverlay"] Momentum [GeV] (x,y,z)                      3.44734, 0.494536, 1.34555
[ DEBUG5 "MyRemoveOverlay"] Momentum at Endpoint[GeV] (x,y,z)                                 0, -0, 0
[ DEBUG5 "MyRemoveOverlay"] GeneratorStatus                                                      1
[ DEBUG5 "MyRemoveOverlay"] Vertex [mm] (x,y,z)                        4.70268, -0.155566, 1.61727
[ DEBUG5 "MyRemoveOverlay"] Endpoint [mm] (x,y,z)                       1863.03, -270.569, 734.536
[ DEBUG5 "MyRemoveOverlay"] Mass [GeV]                                                    1.40e-01
[ DEBUG5 "MyRemoveOverlay"] Charge                                                        1.00e+00
[ DEBUG5 "MyRemoveOverlay"] Parents                                                              1
[ DEBUG5 "MyRemoveOverlay"] Daughters                                                            0
[ DEBUG5 "MyRemoveOverlay"] simulator status bits: [sbvtcls]  s: created in simulation b: backscatter v: vertex is not endpoint of parent t: decayed in tracker c: decayed in calorimeter l: has left detector s: stopped o: overlay
[ DEBUG5 "MyRemoveOverlay"] [    c s ]
[ DEBUG5 "MyRemoveOverlay"] 
[ DEBUG6 "MyRemoveOverlay"] 		Cluster is not linked to a MCParticle
[ DEBUG7 "MyRemoveOverlay"] 		********** PFO AT INDEX 9 IS NOT OVERLAY **********
[ DEBUG8 "MyRemoveOverlay"] 
[ DEBUG8 "MyRemoveOverlay"] 		-------------------------------------------------------
[ DEBUG8 "MyRemoveOverlay"] 		Processing PFO at index 10
[ DEBUG5 "MyRemoveOverlay"] ------------------ ReconstructedParticle -----------------------------
[ DEBUG5 "MyRemoveOverlay"] Id                                                             0x17443
[ DEBUG5 "MyRemoveOverlay"] Compound                                                             0
[ DEBUG5 "MyRemoveOverlay"] Type                                                              -321
[ DEBUG5 "MyRemoveOverlay"] Momentum (x,y,z)                       +3.36e+00, -7.98e-01, +1.74e+00
[ DEBUG5 "MyRemoveOverlay"] Mass [GeV]                                                    4.94e-01
[ DEBUG5 "MyRemoveOverlay"] Charge [e]                                                   -1.00e+00
[ DEBUG5 "MyRemoveOverlay"] Energy [GeV]                                                  3.90e+00
[ DEBUG5 "MyRemoveOverlay"] ReferencePoint                         +1.59e+01, -2.78e+00, +7.41e+00
[ DEBUG5 "MyRemoveOverlay"] ParticleIDUsed                                                       0
[ DEBUG5 "MyRemoveOverlay"] GoodnessOfPID                                                 0.00e+00
[ DEBUG5 "MyRemoveOverlay"] Covariance p,E:  6.99e-06, -1.43e-06, 9.67e-07, 3.28e-06, -7.46e-07, 
[ DEBUG5 "MyRemoveOverlay"]                  2.32e-06, 7.78e-06, -1.76e-06, 4.02e-06, 8.86e-06
[ DEBUG5 "MyRemoveOverlay"] Particles id:    
[ DEBUG5 "MyRemoveOverlay"] Tracks id:    [00016682]
[ DEBUG5 "MyRemoveOverlay"] Clusters id:  [00017280]
[ DEBUG5 "MyRemoveOverlay"] Particle ids ( [id], PDG, (type)): 
[ DEBUG5 "MyRemoveOverlay"]                  [00017444], 002212, (000000) 
[ DEBUG5 "MyRemoveOverlay"]                  [00017445], 000000, (000000) 
[ DEBUG5 "MyRemoveOverlay"]                  [00017446], 000000, (000000) 
[ DEBUG5 "MyRemoveOverlay"]                  [00017447], 000000, (000000) 
[ DEBUG5 "MyRemoveOverlay"]                  [00017448], 000000, (000000) 
[ DEBUG5 "MyRemoveOverlay"]                  [00017449], 000000, (000000) 
[ DEBUG5 "MyRemoveOverlay"]                  [00017450], 000211, (000000) 
[ DEBUG5 "MyRemoveOverlay"]                  [00017451], 000211, (000000) 
[ DEBUG5 "MyRemoveOverlay"]                  [00017452], 002212, (000000) 
[ DEBUG5 "MyRemoveOverlay"] 
[ DEBUG5 "MyRemoveOverlay"] 
[ DEBUG0 "MyRemoveOverlay"] 	MCParticle at index: 0 has PDG: -321 and MCParticle to Track link weight is 1.00e+00
[ DEBUG0 "MyRemoveOverlay"] 	MCParticle at index: 0 with PDG code: -321 has highest link weight to input track
[ DEBUG0 "MyRemoveOverlay"] 	Track at index: 0 has highest link weight to MCParticle = 1.00e+00
[ DEBUG0 "MyRemoveOverlay"] 	Track linked to MCParticle with highest weight
[ DEBUG6 "MyRemoveOverlay"] 		Found a linked MCParticle to track
[ DEBUG5 "MyRemoveOverlay"] ----------------------------- MCParticle -----------------------------
[ DEBUG5 "MyRemoveOverlay"] Id                                                               16065
[ DEBUG5 "MyRemoveOverlay"] PDG                                                               -321
[ DEBUG5 "MyRemoveOverlay"] Energy [GeV]                                                  3.89e+00
[ DEBUG5 "MyRemoveOverlay"] Momentum [GeV] (x,y,z)                     3.35227, -0.790421, 1.73526
[ DEBUG5 "MyRemoveOverlay"] Momentum at Endpoint[GeV] (x,y,z)                                  0, 0, 0
[ DEBUG5 "MyRemoveOverlay"] GeneratorStatus                                                      1
[ DEBUG5 "MyRemoveOverlay"] Vertex [mm] (x,y,z)                        4.70268, -0.155566, 1.61727
[ DEBUG5 "MyRemoveOverlay"] Endpoint [mm] (x,y,z)                        1875.91, 109.786, 962.513
[ DEBUG5 "MyRemoveOverlay"] Mass [GeV]                                                    4.94e-01
[ DEBUG5 "MyRemoveOverlay"] Charge                                                       -1.00e+00
[ DEBUG5 "MyRemoveOverlay"] Parents                                                              1
[ DEBUG5 "MyRemoveOverlay"] Daughters                                                            0
[ DEBUG5 "MyRemoveOverlay"] simulator status bits: [sbvtcls]  s: created in simulation b: backscatter v: vertex is not endpoint of parent t: decayed in tracker c: decayed in calorimeter l: has left detector s: stopped o: overlay
[ DEBUG5 "MyRemoveOverlay"] [    c s ]
[ DEBUG5 "MyRemoveOverlay"] 
[ DEBUG0 "MyRemoveOverlay"] 	MCParticle at index: 0 has PDG: -321 and MCParticle to Cluster link weight is 1.00e+00
[ DEBUG0 "MyRemoveOverlay"] 	MCParticle at index: 0 with PDG code: -321 has highest link weight to input cluster
[ DEBUG6 "MyRemoveOverlay"] 		Cluster is not linked to a MCParticle
[ DEBUG7 "MyRemoveOverlay"] 		********** PFO AT INDEX 10 IS NOT OVERLAY **********
[ DEBUG8 "MyRemoveOverlay"] 
[ DEBUG8 "MyRemoveOverlay"] 		-------------------------------------------------------
[ DEBUG8 "MyRemoveOverlay"] 		Processing PFO at index 11
[ DEBUG5 "MyRemoveOverlay"] ------------------ ReconstructedParticle -----------------------------
[ DEBUG5 "MyRemoveOverlay"] Id                                                             0x17453
[ DEBUG5 "MyRemoveOverlay"] Compound                                                             0
[ DEBUG5 "MyRemoveOverlay"] Type                                                               321
[ DEBUG5 "MyRemoveOverlay"] Momentum (x,y,z)                       -3.66e+00, -4.68e+00, +3.98e+00
[ DEBUG5 "MyRemoveOverlay"] Mass [GeV]                                                    4.94e-01
[ DEBUG5 "MyRemoveOverlay"] Charge [e]                                                    1.00e+00
[ DEBUG5 "MyRemoveOverlay"] Energy [GeV]                                                  7.17e+00
[ DEBUG5 "MyRemoveOverlay"] ReferencePoint                         -9.86e+00, -1.26e+01, +1.06e+01
[ DEBUG5 "MyRemoveOverlay"] ParticleIDUsed                                                       0
[ DEBUG5 "MyRemoveOverlay"] GoodnessOfPID                                                 0.00e+00
[ DEBUG5 "MyRemoveOverlay"] Covariance p,E:  1.26e-05, 1.48e-05, 1.95e-05, -1.27e-05, -1.60e-05, 
[ DEBUG5 "MyRemoveOverlay"]                  1.44e-05, -2.32e-05, -2.92e-05, 2.50e-05, 4.48e-05
[ DEBUG5 "MyRemoveOverlay"] Particles id:    
[ DEBUG5 "MyRemoveOverlay"] Tracks id:    [00016697]
[ DEBUG5 "MyRemoveOverlay"] Clusters id:  [00017281]
[ DEBUG5 "MyRemoveOverlay"] Particle ids ( [id], PDG, (type)): 
[ DEBUG5 "MyRemoveOverlay"]                  [00017454], 002212, (000000) 
[ DEBUG5 "MyRemoveOverlay"]                  [00017455], 000000, (000000) 
[ DEBUG5 "MyRemoveOverlay"]                  [00017456], 000000, (000000) 
[ DEBUG5 "MyRemoveOverlay"]                  [00017457], 000000, (000000) 
[ DEBUG5 "MyRemoveOverlay"]                  [00017458], 000000, (000000) 
[ DEBUG5 "MyRemoveOverlay"]                  [00017459], 000000, (000000) 
[ DEBUG5 "MyRemoveOverlay"]                  [00017460], 000211, (000000) 
[ DEBUG5 "MyRemoveOverlay"]                  [00017461], 000321, (000000) 
[ DEBUG5 "MyRemoveOverlay"]                  [00017462], 000011, (000000) 
[ DEBUG5 "MyRemoveOverlay"] 
[ DEBUG5 "MyRemoveOverlay"] 
[ DEBUG0 "MyRemoveOverlay"] 	MCParticle at index: 0 has PDG: 321 and MCParticle to Track link weight is 1.00e+00
[ DEBUG0 "MyRemoveOverlay"] 	MCParticle at index: 0 with PDG code: 321 has highest link weight to input track
[ DEBUG0 "MyRemoveOverlay"] 	Track at index: 0 has highest link weight to MCParticle = 9.79e-01
[ DEBUG0 "MyRemoveOverlay"] 	Track linked to MCParticle with highest weight
[ DEBUG6 "MyRemoveOverlay"] 		Found a linked MCParticle to track
[ DEBUG5 "MyRemoveOverlay"] ----------------------------- MCParticle -----------------------------
[ DEBUG5 "MyRemoveOverlay"] Id                                                               16013
[ DEBUG5 "MyRemoveOverlay"] PDG                                                                321
[ DEBUG5 "MyRemoveOverlay"] Energy [GeV]                                                  7.17e+00
[ DEBUG5 "MyRemoveOverlay"] Momentum [GeV] (x,y,z)                     -3.66083, -4.68226, 3.97842
[ DEBUG5 "MyRemoveOverlay"] Momentum at Endpoint[GeV] (x,y,z)                                -0, -0, 0
[ DEBUG5 "MyRemoveOverlay"] GeneratorStatus                                                      1
[ DEBUG5 "MyRemoveOverlay"] Vertex [mm] (x,y,z)                                    0, 0, -0.121879
[ DEBUG5 "MyRemoveOverlay"] Endpoint [mm] (x,y,z)                       -1360.11, -1248.4, 1240.17
[ DEBUG5 "MyRemoveOverlay"] Mass [GeV]                                                    4.94e-01
[ DEBUG5 "MyRemoveOverlay"] Charge                                                        1.00e+00
[ DEBUG5 "MyRemoveOverlay"] Parents                                                              1
[ DEBUG5 "MyRemoveOverlay"] Daughters                                                            0
[ DEBUG5 "MyRemoveOverlay"] simulator status bits: [sbvtcls]  s: created in simulation b: backscatter v: vertex is not endpoint of parent t: decayed in tracker c: decayed in calorimeter l: has left detector s: stopped o: overlay
[ DEBUG5 "MyRemoveOverlay"] [    c s ]
[ DEBUG5 "MyRemoveOverlay"] 
[ DEBUG0 "MyRemoveOverlay"] 	MCParticle at index: 0 has PDG: 321 and MCParticle to Cluster link weight is 9.99e-01
[ DEBUG0 "MyRemoveOverlay"] 	MCParticle at index: 0 with PDG code: 321 has highest link weight to input cluster
[ DEBUG6 "MyRemoveOverlay"] 		Cluster is not linked to a MCParticle
[ DEBUG7 "MyRemoveOverlay"] 		********** PFO AT INDEX 11 IS NOT OVERLAY **********
[ DEBUG8 "MyRemoveOverlay"] 
[ DEBUG8 "MyRemoveOverlay"] 		-------------------------------------------------------
[ DEBUG8 "MyRemoveOverlay"] 		Processing PFO at index 12
[ DEBUG5 "MyRemoveOverlay"] ------------------ ReconstructedParticle -----------------------------
[ DEBUG5 "MyRemoveOverlay"] Id                                                             0x17463
[ DEBUG5 "MyRemoveOverlay"] Compound                                                             0
[ DEBUG5 "MyRemoveOverlay"] Type                                                               211
[ DEBUG5 "MyRemoveOverlay"] Momentum (x,y,z)                       -2.77e+00, +6.76e-01, +2.49e+00
[ DEBUG5 "MyRemoveOverlay"] Mass [GeV]                                                    1.40e-01
[ DEBUG5 "MyRemoveOverlay"] Charge [e]                                                    1.00e+00
[ DEBUG5 "MyRemoveOverlay"] Energy [GeV]                                                  3.79e+00
[ DEBUG5 "MyRemoveOverlay"] ReferencePoint                         -1.55e+01, +3.96e+00, +1.41e+01
[ DEBUG5 "MyRemoveOverlay"] ParticleIDUsed                                                       0
[ DEBUG5 "MyRemoveOverlay"] GoodnessOfPID                                                 0.00e+00
[ DEBUG5 "MyRemoveOverlay"] Covariance p,E:  5.55e-06, -1.25e-06, 1.04e-06, -4.39e-06, 1.13e-06, 
[ DEBUG5 "MyRemoveOverlay"]                  4.64e-06, -7.17e-06, 1.84e-06, 6.46e-06, 9.82e-06
[ DEBUG5 "MyRemoveOverlay"] Particles id:    
[ DEBUG5 "MyRemoveOverlay"] Tracks id:    [00016772]
[ DEBUG5 "MyRemoveOverlay"] Clusters id:  [00017282]
[ DEBUG5 "MyRemoveOverlay"] Particle ids ( [id], PDG, (type)): 
[ DEBUG5 "MyRemoveOverlay"]                  [00017464], 000211, (000000) 
[ DEBUG5 "MyRemoveOverlay"]                  [00017465], 000000, (000000) 
[ DEBUG5 "MyRemoveOverlay"]                  [00017466], 000000, (000000) 
[ DEBUG5 "MyRemoveOverlay"]                  [00017467], 000000, (000000) 
[ DEBUG5 "MyRemoveOverlay"]                  [00017468], 000000, (000000) 
[ DEBUG5 "MyRemoveOverlay"]                  [00017469], 000000, (000000) 
[ DEBUG5 "MyRemoveOverlay"]                  [00017470], 000011, (000000) 
[ DEBUG5 "MyRemoveOverlay"]                  [00017471], 000211, (000000) 
[ DEBUG5 "MyRemoveOverlay"]                  [00017472], 000011, (000000) 
[ DEBUG5 "MyRemoveOverlay"] 
[ DEBUG5 "MyRemoveOverlay"] 
[ DEBUG0 "MyRemoveOverlay"] 	MCParticle at index: 0 has PDG: 211 and MCParticle to Track link weight is 1.00e+00
[ DEBUG0 "MyRemoveOverlay"] 	MCParticle at index: 0 with PDG code: 211 has highest link weight to input track
[ DEBUG0 "MyRemoveOverlay"] 	Track at index: 0 has highest link weight to MCParticle = 9.87e-01
[ DEBUG0 "MyRemoveOverlay"] 	Track linked to MCParticle with highest weight
[ DEBUG6 "MyRemoveOverlay"] 		Found a linked MCParticle to track
[ DEBUG5 "MyRemoveOverlay"] ----------------------------- MCParticle -----------------------------
[ DEBUG5 "MyRemoveOverlay"] Id                                                               16063
[ DEBUG5 "MyRemoveOverlay"] PDG                                                                211
[ DEBUG5 "MyRemoveOverlay"] Energy [GeV]                                                  3.78e+00
[ DEBUG5 "MyRemoveOverlay"] Momentum [GeV] (x,y,z)                     -2.76627, 0.676358, 2.48788
[ DEBUG5 "MyRemoveOverlay"] Momentum at Endpoint[GeV] (x,y,z)                                 -0, 0, 0
[ DEBUG5 "MyRemoveOverlay"] GeneratorStatus                                                      1
[ DEBUG5 "MyRemoveOverlay"] Vertex [mm] (x,y,z)                      -0.886943, 0.340147, 0.938659
[ DEBUG5 "MyRemoveOverlay"] Endpoint [mm] (x,y,z)                       -1560.37, 1047.96, 1676.34
[ DEBUG5 "MyRemoveOverlay"] Mass [GeV]                                                    1.40e-01
[ DEBUG5 "MyRemoveOverlay"] Charge                                                        1.00e+00
[ DEBUG5 "MyRemoveOverlay"] Parents                                                              1
[ DEBUG5 "MyRemoveOverlay"] Daughters                                                            0
[ DEBUG5 "MyRemoveOverlay"] simulator status bits: [sbvtcls]  s: created in simulation b: backscatter v: vertex is not endpoint of parent t: decayed in tracker c: decayed in calorimeter l: has left detector s: stopped o: overlay
[ DEBUG5 "MyRemoveOverlay"] [    c s ]
[ DEBUG5 "MyRemoveOverlay"] 
[ DEBUG0 "MyRemoveOverlay"] 	MCParticle at index: 0 has PDG: 211 and MCParticle to Cluster link weight is 1.00e+00
[ DEBUG0 "MyRemoveOverlay"] 	MCParticle at index: 0 with PDG code: 211 has highest link weight to input cluster
[ DEBUG0 "MyRemoveOverlay"] 	Cluster at index: 0 has highest link weight to MCParticle = 9.03e-01
[ DEBUG0 "MyRemoveOverlay"] 	Cluster linked to MCParticle with highest weight
[ DEBUG6 "MyRemoveOverlay"] 		Found a linked MCParticle to cluster
[ DEBUG5 "MyRemoveOverlay"] ----------------------------- MCParticle -----------------------------
[ DEBUG5 "MyRemoveOverlay"] Id                                                               16063
[ DEBUG5 "MyRemoveOverlay"] PDG                                                                211
[ DEBUG5 "MyRemoveOverlay"] Energy [GeV]                                                  3.78e+00
[ DEBUG5 "MyRemoveOverlay"] Momentum [GeV] (x,y,z)                     -2.76627, 0.676358, 2.48788
[ DEBUG5 "MyRemoveOverlay"] Momentum at Endpoint[GeV] (x,y,z)                                 -0, 0, 0
[ DEBUG5 "MyRemoveOverlay"] GeneratorStatus                                                      1
[ DEBUG5 "MyRemoveOverlay"] Vertex [mm] (x,y,z)                      -0.886943, 0.340147, 0.938659
[ DEBUG5 "MyRemoveOverlay"] Endpoint [mm] (x,y,z)                       -1560.37, 1047.96, 1676.34
[ DEBUG5 "MyRemoveOverlay"] Mass [GeV]                                                    1.40e-01
[ DEBUG5 "MyRemoveOverlay"] Charge                                                        1.00e+00
[ DEBUG5 "MyRemoveOverlay"] Parents                                                              1
[ DEBUG5 "MyRemoveOverlay"] Daughters                                                            0
[ DEBUG5 "MyRemoveOverlay"] simulator status bits: [sbvtcls]  s: created in simulation b: backscatter v: vertex is not endpoint of parent t: decayed in tracker c: decayed in calorimeter l: has left detector s: stopped o: overlay
[ DEBUG5 "MyRemoveOverlay"] [    c s ]
[ DEBUG5 "MyRemoveOverlay"] 
[ DEBUG7 "MyRemoveOverlay"] 		********** PFO AT INDEX 12 IS NOT OVERLAY **********
[ DEBUG8 "MyRemoveOverlay"] 
[ DEBUG8 "MyRemoveOverlay"] 		-------------------------------------------------------
[ DEBUG8 "MyRemoveOverlay"] 		Processing PFO at index 13
[ DEBUG5 "MyRemoveOverlay"] ------------------ ReconstructedParticle -----------------------------
[ DEBUG5 "MyRemoveOverlay"] Id                                                             0x17473
[ DEBUG5 "MyRemoveOverlay"] Compound                                                             0
[ DEBUG5 "MyRemoveOverlay"] Type                                                               211
[ DEBUG5 "MyRemoveOverlay"] Momentum (x,y,z)                       -1.04e+00, -1.70e+00, +1.82e+00
[ DEBUG5 "MyRemoveOverlay"] Mass [GeV]                                                    1.40e-01
[ DEBUG5 "MyRemoveOverlay"] Charge [e]                                                    1.00e+00
[ DEBUG5 "MyRemoveOverlay"] Energy [GeV]                                                  2.70e+00
[ DEBUG5 "MyRemoveOverlay"] ReferencePoint                         -8.42e+00, -1.36e+01, +1.45e+01
[ DEBUG5 "MyRemoveOverlay"] ParticleIDUsed                                                       0
[ DEBUG5 "MyRemoveOverlay"] GoodnessOfPID                                                 0.00e+00
[ DEBUG5 "MyRemoveOverlay"] Covariance p,E:  1.37e-06, 1.06e-06, 2.35e-06, -1.16e-06, -1.82e-06, 
[ DEBUG5 "MyRemoveOverlay"]                  2.64e-06, -1.97e-06, -3.11e-06, 3.37e-06, 4.98e-06
[ DEBUG5 "MyRemoveOverlay"] Particles id:    
[ DEBUG5 "MyRemoveOverlay"] Tracks id:    [00016712]
[ DEBUG5 "MyRemoveOverlay"] Clusters id:  [00017283]
[ DEBUG5 "MyRemoveOverlay"] Particle ids ( [id], PDG, (type)): 
[ DEBUG5 "MyRemoveOverlay"]                  [00017474], 002212, (000000) 
[ DEBUG5 "MyRemoveOverlay"]                  [00017475], 000000, (000000) 
[ DEBUG5 "MyRemoveOverlay"]                  [00017476], 000000, (000000) 
[ DEBUG5 "MyRemoveOverlay"]                  [00017477], 000000, (000000) 
[ DEBUG5 "MyRemoveOverlay"]                  [00017478], 000000, (000000) 
[ DEBUG5 "MyRemoveOverlay"]                  [00017479], 000000, (000000) 
[ DEBUG5 "MyRemoveOverlay"]                  [00017480], 000211, (000000) 
[ DEBUG5 "MyRemoveOverlay"]                  [00017481], 000211, (000000) 
[ DEBUG5 "MyRemoveOverlay"]                  [00017482], 000321, (000000) 
[ DEBUG5 "MyRemoveOverlay"] 
[ DEBUG5 "MyRemoveOverlay"] 
[ DEBUG0 "MyRemoveOverlay"] 	MCParticle at index: 0 has PDG: 211 and MCParticle to Track link weight is 1.00e+00
[ DEBUG0 "MyRemoveOverlay"] 	MCParticle at index: 0 with PDG code: 211 has highest link weight to input track
[ DEBUG0 "MyRemoveOverlay"] 	Track at index: 0 has highest link weight to MCParticle = 9.91e-01
[ DEBUG0 "MyRemoveOverlay"] 	Track linked to MCParticle with highest weight
[ DEBUG6 "MyRemoveOverlay"] 		Found a linked MCParticle to track
[ DEBUG5 "MyRemoveOverlay"] ----------------------------- MCParticle -----------------------------
[ DEBUG5 "MyRemoveOverlay"] Id                                                               16015
[ DEBUG5 "MyRemoveOverlay"] PDG                                                                211
[ DEBUG5 "MyRemoveOverlay"] Energy [GeV]                                                  2.69e+00
[ DEBUG5 "MyRemoveOverlay"] Momentum [GeV] (x,y,z)                       -1.0358, -1.69368, 1.8161
[ DEBUG5 "MyRemoveOverlay"] Momentum at Endpoint[GeV] (x,y,z)                                 -0, 0, 0
[ DEBUG5 "MyRemoveOverlay"] GeneratorStatus                                                      1
[ DEBUG5 "MyRemoveOverlay"] Vertex [mm] (x,y,z)             -3.19684e-309, -7.1867e-309, -0.121879
[ DEBUG5 "MyRemoveOverlay"] Endpoint [mm] (x,y,z)                       -1949.4, -857.847, 2043.81
[ DEBUG5 "MyRemoveOverlay"] Mass [GeV]                                                    1.40e-01
[ DEBUG5 "MyRemoveOverlay"] Charge                                                        1.00e+00
[ DEBUG5 "MyRemoveOverlay"] Parents                                                              1
[ DEBUG5 "MyRemoveOverlay"] Daughters                                                            0
[ DEBUG5 "MyRemoveOverlay"] simulator status bits: [sbvtcls]  s: created in simulation b: backscatter v: vertex is not endpoint of parent t: decayed in tracker c: decayed in calorimeter l: has left detector s: stopped o: overlay
[ DEBUG5 "MyRemoveOverlay"] [    c s ]
[ DEBUG5 "MyRemoveOverlay"] 
[ DEBUG0 "MyRemoveOverlay"] 	MCParticle at index: 1 has PDG: 211 and MCParticle to Cluster link weight is 9.94e-01
[ DEBUG0 "MyRemoveOverlay"] 	MCParticle at index: 1 with PDG code: 211 has highest link weight to input cluster
[ DEBUG0 "MyRemoveOverlay"] 	Cluster at index: 0 has highest link weight to MCParticle = 9.88e-01
[ DEBUG0 "MyRemoveOverlay"] 	Cluster linked to MCParticle with highest weight
[ DEBUG6 "MyRemoveOverlay"] 		Found a linked MCParticle to cluster
[ DEBUG5 "MyRemoveOverlay"] ----------------------------- MCParticle -----------------------------
[ DEBUG5 "MyRemoveOverlay"] Id                                                               16015
[ DEBUG5 "MyRemoveOverlay"] PDG                                                                211
[ DEBUG5 "MyRemoveOverlay"] Energy [GeV]                                                  2.69e+00
[ DEBUG5 "MyRemoveOverlay"] Momentum [GeV] (x,y,z)                       -1.0358, -1.69368, 1.8161
[ DEBUG5 "MyRemoveOverlay"] Momentum at Endpoint[GeV] (x,y,z)                                 -0, 0, 0
[ DEBUG5 "MyRemoveOverlay"] GeneratorStatus                                                      1
[ DEBUG5 "MyRemoveOverlay"] Vertex [mm] (x,y,z)             -3.19684e-309, -7.1867e-309, -0.121879
[ DEBUG5 "MyRemoveOverlay"] Endpoint [mm] (x,y,z)                       -1949.4, -857.847, 2043.81
[ DEBUG5 "MyRemoveOverlay"] Mass [GeV]                                                    1.40e-01
[ DEBUG5 "MyRemoveOverlay"] Charge                                                        1.00e+00
[ DEBUG5 "MyRemoveOverlay"] Parents                                                              1
[ DEBUG5 "MyRemoveOverlay"] Daughters                                                            0
[ DEBUG5 "MyRemoveOverlay"] simulator status bits: [sbvtcls]  s: created in simulation b: backscatter v: vertex is not endpoint of parent t: decayed in tracker c: decayed in calorimeter l: has left detector s: stopped o: overlay
[ DEBUG5 "MyRemoveOverlay"] [    c s ]
[ DEBUG5 "MyRemoveOverlay"] 
[ DEBUG7 "MyRemoveOverlay"] 		********** PFO AT INDEX 13 IS NOT OVERLAY **********
[ DEBUG8 "MyRemoveOverlay"] 
[ DEBUG8 "MyRemoveOverlay"] 		-------------------------------------------------------
[ DEBUG8 "MyRemoveOverlay"] 		Processing PFO at index 14
[ DEBUG5 "MyRemoveOverlay"] ------------------ ReconstructedParticle -----------------------------
[ DEBUG5 "MyRemoveOverlay"] Id                                                             0x17483
[ DEBUG5 "MyRemoveOverlay"] Compound                                                             0
[ DEBUG5 "MyRemoveOverlay"] Type                                                              -211
[ DEBUG5 "MyRemoveOverlay"] Momentum (x,y,z)                       -2.93e+00, -3.01e+00, +5.03e+00
[ DEBUG5 "MyRemoveOverlay"] Mass [GeV]                                                    1.40e-01
[ DEBUG5 "MyRemoveOverlay"] Charge [e]                                                   -1.00e+00
[ DEBUG5 "MyRemoveOverlay"] Energy [GeV]                                                  6.56e+00
[ DEBUG5 "MyRemoveOverlay"] ReferencePoint                         -1.12e+01, -1.16e+01, +1.92e+01
[ DEBUG5 "MyRemoveOverlay"] ParticleIDUsed                                                       0
[ DEBUG5 "MyRemoveOverlay"] GoodnessOfPID                                                 0.00e+00
[ DEBUG5 "MyRemoveOverlay"] Covariance p,E:  7.75e-06, 7.12e-06, 8.34e-06, -1.19e-05, -1.24e-05, 
[ DEBUG5 "MyRemoveOverlay"]                  2.14e-05, -1.58e-05, -1.65e-05, 2.74e-05, 3.57e-05
[ DEBUG5 "MyRemoveOverlay"] Particles id:    
[ DEBUG5 "MyRemoveOverlay"] Tracks id:    [00016732]
[ DEBUG5 "MyRemoveOverlay"] Clusters id:  [00017284]
[ DEBUG5 "MyRemoveOverlay"] Particle ids ( [id], PDG, (type)): 
[ DEBUG5 "MyRemoveOverlay"]                  [00017484], 000211, (000000) 
[ DEBUG5 "MyRemoveOverlay"]                  [00017485], 000000, (000000) 
[ DEBUG5 "MyRemoveOverlay"]                  [00017486], 000000, (000000) 
[ DEBUG5 "MyRemoveOverlay"]                  [00017487], 000000, (000000) 
[ DEBUG5 "MyRemoveOverlay"]                  [00017488], 000000, (000000) 
[ DEBUG5 "MyRemoveOverlay"]                  [00017489], 000000, (000000) 
[ DEBUG5 "MyRemoveOverlay"]                  [00017490], 000211, (000000) 
[ DEBUG5 "MyRemoveOverlay"]                  [00017491], 000011, (000000) 
[ DEBUG5 "MyRemoveOverlay"]                  [00017492], 000211, (000000) 
[ DEBUG5 "MyRemoveOverlay"] 
[ DEBUG5 "MyRemoveOverlay"] 
[ DEBUG0 "MyRemoveOverlay"] 	MCParticle at index: 0 has PDG: -211 and MCParticle to Track link weight is 1.00e+00
[ DEBUG0 "MyRemoveOverlay"] 	MCParticle at index: 0 with PDG code: -211 has highest link weight to input track
[ DEBUG0 "MyRemoveOverlay"] 	Track at index: 0 has highest link weight to MCParticle = 9.91e-01
[ DEBUG0 "MyRemoveOverlay"] 	Track linked to MCParticle with highest weight
[ DEBUG6 "MyRemoveOverlay"] 		Found a linked MCParticle to track
[ DEBUG5 "MyRemoveOverlay"] ----------------------------- MCParticle -----------------------------
[ DEBUG5 "MyRemoveOverlay"] Id                                                               16020
[ DEBUG5 "MyRemoveOverlay"] PDG                                                               -211
[ DEBUG5 "MyRemoveOverlay"] Energy [GeV]                                                  6.54e+00
[ DEBUG5 "MyRemoveOverlay"] Momentum [GeV] (x,y,z)                     -2.92465, -3.00005, 5.01731
[ DEBUG5 "MyRemoveOverlay"] Momentum at Endpoint[GeV] (x,y,z)                                -0, -0, 0
[ DEBUG5 "MyRemoveOverlay"] GeneratorStatus                                                      1
[ DEBUG5 "MyRemoveOverlay"] Vertex [mm] (x,y,z)            -7.01128e-309, -6.40931e-309, -0.121879
[ DEBUG5 "MyRemoveOverlay"] Endpoint [mm] (x,y,z)                      -1005.41, -1773.15, 2469.26
[ DEBUG5 "MyRemoveOverlay"] Mass [GeV]                                                    1.40e-01
[ DEBUG5 "MyRemoveOverlay"] Charge                                                       -1.00e+00
[ DEBUG5 "MyRemoveOverlay"] Parents                                                              1
[ DEBUG5 "MyRemoveOverlay"] Daughters                                                            0
[ DEBUG5 "MyRemoveOverlay"] simulator status bits: [sbvtcls]  s: created in simulation b: backscatter v: vertex is not endpoint of parent t: decayed in tracker c: decayed in calorimeter l: has left detector s: stopped o: overlay
[ DEBUG5 "MyRemoveOverlay"] [    c s ]
[ DEBUG5 "MyRemoveOverlay"] 
[ DEBUG6 "MyRemoveOverlay"] 		Cluster is not linked to a MCParticle
[ DEBUG7 "MyRemoveOverlay"] 		********** PFO AT INDEX 14 IS NOT OVERLAY **********
[ DEBUG8 "MyRemoveOverlay"] 
[ DEBUG8 "MyRemoveOverlay"] 		-------------------------------------------------------
[ DEBUG8 "MyRemoveOverlay"] 		Processing PFO at index 15
[ DEBUG5 "MyRemoveOverlay"] ------------------ ReconstructedParticle -----------------------------
[ DEBUG5 "MyRemoveOverlay"] Id                                                             0x17493
[ DEBUG5 "MyRemoveOverlay"] Compound                                                             0
[ DEBUG5 "MyRemoveOverlay"] Type                                                               211
[ DEBUG5 "MyRemoveOverlay"] Momentum (x,y,z)                       -9.91e-01, -5.80e-01, +1.47e+00
[ DEBUG5 "MyRemoveOverlay"] Mass [GeV]                                                    1.40e-01
[ DEBUG5 "MyRemoveOverlay"] Charge [e]                                                    1.00e+00
[ DEBUG5 "MyRemoveOverlay"] Energy [GeV]                                                  1.87e+00
[ DEBUG5 "MyRemoveOverlay"] ReferencePoint                         -1.41e+01, -8.15e+00, +2.07e+01
[ DEBUG5 "MyRemoveOverlay"] ParticleIDUsed                                                       0
[ DEBUG5 "MyRemoveOverlay"] GoodnessOfPID                                                 0.00e+00
[ DEBUG5 "MyRemoveOverlay"] Covariance p,E:  1.57e-06, 3.93e-07, 1.05e-06, -1.08e-06, -5.89e-07, 
[ DEBUG5 "MyRemoveOverlay"]                  2.39e-06, -1.80e-06, -9.97e-07, 2.63e-06, 3.33e-06
[ DEBUG5 "MyRemoveOverlay"] Particles id:    
[ DEBUG5 "MyRemoveOverlay"] Tracks id:    [00016802]
[ DEBUG5 "MyRemoveOverlay"] Clusters id:  [00017285]
[ DEBUG5 "MyRemoveOverlay"] Particle ids ( [id], PDG, (type)): 
[ DEBUG5 "MyRemoveOverlay"]                  [00017494], 000013, (000000) 
[ DEBUG5 "MyRemoveOverlay"]                  [00017495], 002212, (000000) 
[ DEBUG5 "MyRemoveOverlay"]                  [00017496], 000000, (000000) 
[ DEBUG5 "MyRemoveOverlay"]                  [00017497], 000000, (000000) 
[ DEBUG5 "MyRemoveOverlay"]                  [00017498], 000000, (000000) 
[ DEBUG5 "MyRemoveOverlay"]                  [00017499], 000000, (000000) 
[ DEBUG5 "MyRemoveOverlay"]                  [00017500], 000013, (000000) 
[ DEBUG5 "MyRemoveOverlay"]                  [00017501], 000211, (000000) 
[ DEBUG5 "MyRemoveOverlay"]                  [00017502], 002212, (000000) 
[ DEBUG5 "MyRemoveOverlay"] 
[ DEBUG5 "MyRemoveOverlay"] 
[ DEBUG0 "MyRemoveOverlay"] 	MCParticle at index: 0 has PDG: 211 and MCParticle to Track link weight is 1.00e+00
[ DEBUG0 "MyRemoveOverlay"] 	MCParticle at index: 0 with PDG code: 211 has highest link weight to input track
[ DEBUG0 "MyRemoveOverlay"] 	Track at index: 0 has highest link weight to MCParticle = 9.77e-01
[ DEBUG0 "MyRemoveOverlay"] 	Track linked to MCParticle with highest weight
[ DEBUG6 "MyRemoveOverlay"] 		Found a linked MCParticle to track
[ DEBUG5 "MyRemoveOverlay"] ----------------------------- MCParticle -----------------------------
[ DEBUG5 "MyRemoveOverlay"] Id                                                               16019
[ DEBUG5 "MyRemoveOverlay"] PDG                                                                211
[ DEBUG5 "MyRemoveOverlay"] Energy [GeV]                                                  1.87e+00
[ DEBUG5 "MyRemoveOverlay"] Momentum [GeV] (x,y,z)                   -0.994417, -0.582536, 1.47144
[ DEBUG5 "MyRemoveOverlay"] Momentum at Endpoint[GeV] (x,y,z)                                 -0, 0, 0
[ DEBUG5 "MyRemoveOverlay"] GeneratorStatus                                                      1
[ DEBUG5 "MyRemoveOverlay"] Vertex [mm] (x,y,z)            -7.01128e-309, -6.40931e-309, -0.121879
[ DEBUG5 "MyRemoveOverlay"] Endpoint [mm] (x,y,z)                       -1645.61, 956.772, 2928.91
[ DEBUG5 "MyRemoveOverlay"] Mass [GeV]                                                    1.40e-01
[ DEBUG5 "MyRemoveOverlay"] Charge                                                        1.00e+00
[ DEBUG5 "MyRemoveOverlay"] Parents                                                              1
[ DEBUG5 "MyRemoveOverlay"] Daughters                                                            0
[ DEBUG5 "MyRemoveOverlay"] simulator status bits: [sbvtcls]  s: created in simulation b: backscatter v: vertex is not endpoint of parent t: decayed in tracker c: decayed in calorimeter l: has left detector s: stopped o: overlay
[ DEBUG5 "MyRemoveOverlay"] [    c s ]
[ DEBUG5 "MyRemoveOverlay"] 
[ DEBUG6 "MyRemoveOverlay"] 		Cluster is not linked to a MCParticle
[ DEBUG7 "MyRemoveOverlay"] 		********** PFO AT INDEX 15 IS NOT OVERLAY **********
[ DEBUG8 "MyRemoveOverlay"] 
[ DEBUG8 "MyRemoveOverlay"] 		-------------------------------------------------------
[ DEBUG8 "MyRemoveOverlay"] 		Processing PFO at index 16
[ DEBUG5 "MyRemoveOverlay"] ------------------ ReconstructedParticle -----------------------------
[ DEBUG5 "MyRemoveOverlay"] Id                                                             0x17503
[ DEBUG5 "MyRemoveOverlay"] Compound                                                             0
[ DEBUG5 "MyRemoveOverlay"] Type                                                               321
[ DEBUG5 "MyRemoveOverlay"] Momentum (x,y,z)                       -5.59e+00, +3.38e+00, +8.62e+00
[ DEBUG5 "MyRemoveOverlay"] Mass [GeV]                                                    4.94e-01
[ DEBUG5 "MyRemoveOverlay"] Charge [e]                                                    1.00e+00
[ DEBUG5 "MyRemoveOverlay"] Energy [GeV]                                                  1.08e+01
[ DEBUG5 "MyRemoveOverlay"] ReferencePoint                         -1.41e+01, +8.34e+00, +2.13e+01
[ DEBUG5 "MyRemoveOverlay"] ParticleIDUsed                                                       0
[ DEBUG5 "MyRemoveOverlay"] GoodnessOfPID                                                 0.00e+00
[ DEBUG5 "MyRemoveOverlay"] Covariance p,E:  3.70e-05, -2.20e-05, 1.47e-05, -5.57e-05, 3.42e-05, 
[ DEBUG5 "MyRemoveOverlay"]                  8.73e-05, -7.04e-05, 4.32e-05, 1.09e-04, 1.37e-04
[ DEBUG5 "MyRemoveOverlay"] Particles id:    
[ DEBUG5 "MyRemoveOverlay"] Tracks id:    [00016677]
[ DEBUG5 "MyRemoveOverlay"] Clusters id:  [00017286]
[ DEBUG5 "MyRemoveOverlay"] Particle ids ( [id], PDG, (type)): 
[ DEBUG5 "MyRemoveOverlay"]                  [00017504], 002212, (000000) 
[ DEBUG5 "MyRemoveOverlay"]                  [00017505], 000000, (000000) 
[ DEBUG5 "MyRemoveOverlay"]                  [00017506], 000000, (000000) 
[ DEBUG5 "MyRemoveOverlay"]                  [00017507], 000000, (000000) 
[ DEBUG5 "MyRemoveOverlay"]                  [00017508], 000000, (000000) 
[ DEBUG5 "MyRemoveOverlay"]                  [00017509], 000000, (000000) 
[ DEBUG5 "MyRemoveOverlay"]                  [00017510], 000013, (000000) 
[ DEBUG5 "MyRemoveOverlay"]                  [00017511], 000211, (000000) 
[ DEBUG5 "MyRemoveOverlay"]                  [00017512], 002212, (000000) 
[ DEBUG5 "MyRemoveOverlay"] 
[ DEBUG5 "MyRemoveOverlay"] 
[ DEBUG0 "MyRemoveOverlay"] 	MCParticle at index: 0 has PDG: 321 and MCParticle to Track link weight is 1.00e+00
[ DEBUG0 "MyRemoveOverlay"] 	MCParticle at index: 0 with PDG code: 321 has highest link weight to input track
[ DEBUG0 "MyRemoveOverlay"] 	Track at index: 0 has highest link weight to MCParticle = 9.96e-01
[ DEBUG0 "MyRemoveOverlay"] 	Track linked to MCParticle with highest weight
[ DEBUG6 "MyRemoveOverlay"] 		Found a linked MCParticle to track
[ DEBUG5 "MyRemoveOverlay"] ----------------------------- MCParticle -----------------------------
[ DEBUG5 "MyRemoveOverlay"] Id                                                               16086
[ DEBUG5 "MyRemoveOverlay"] PDG                                                                321
[ DEBUG5 "MyRemoveOverlay"] Energy [GeV]                                                  1.08e+01
[ DEBUG5 "MyRemoveOverlay"] Momentum [GeV] (x,y,z)                        -5.588, 3.37998, 8.61807
[ DEBUG5 "MyRemoveOverlay"] Momentum at Endpoint[GeV] (x,y,z)                                 -0, 0, 0
[ DEBUG5 "MyRemoveOverlay"] GeneratorStatus                                                      1
[ DEBUG5 "MyRemoveOverlay"] Vertex [mm] (x,y,z)                        -1.06654, 0.432027, 1.22113
[ DEBUG5 "MyRemoveOverlay"] Endpoint [mm] (x,y,z)                       -1447.92, 1210.86, 2500.54
[ DEBUG5 "MyRemoveOverlay"] Mass [GeV]                                                    4.94e-01
[ DEBUG5 "MyRemoveOverlay"] Charge                                                        1.00e+00
[ DEBUG5 "MyRemoveOverlay"] Parents                                                              1
[ DEBUG5 "MyRemoveOverlay"] Daughters                                                            0
[ DEBUG5 "MyRemoveOverlay"] simulator status bits: [sbvtcls]  s: created in simulation b: backscatter v: vertex is not endpoint of parent t: decayed in tracker c: decayed in calorimeter l: has left detector s: stopped o: overlay
[ DEBUG5 "MyRemoveOverlay"] [    c s ]
[ DEBUG5 "MyRemoveOverlay"] 
[ DEBUG0 "MyRemoveOverlay"] 	MCParticle at index: 0 has PDG: 321 and MCParticle to Cluster link weight is 1.00e+00
[ DEBUG0 "MyRemoveOverlay"] 	MCParticle at index: 0 with PDG code: 321 has highest link weight to input cluster
[ DEBUG0 "MyRemoveOverlay"] 	Cluster at index: 1 has highest link weight to MCParticle = 9.30e-01
[ DEBUG0 "MyRemoveOverlay"] 	Cluster linked to MCParticle with highest weight
[ DEBUG6 "MyRemoveOverlay"] 		Found a linked MCParticle to cluster
[ DEBUG5 "MyRemoveOverlay"] ----------------------------- MCParticle -----------------------------
[ DEBUG5 "MyRemoveOverlay"] Id                                                               16086
[ DEBUG5 "MyRemoveOverlay"] PDG                                                                321
[ DEBUG5 "MyRemoveOverlay"] Energy [GeV]                                                  1.08e+01
[ DEBUG5 "MyRemoveOverlay"] Momentum [GeV] (x,y,z)                        -5.588, 3.37998, 8.61807
[ DEBUG5 "MyRemoveOverlay"] Momentum at Endpoint[GeV] (x,y,z)                                 -0, 0, 0
[ DEBUG5 "MyRemoveOverlay"] GeneratorStatus                                                      1
[ DEBUG5 "MyRemoveOverlay"] Vertex [mm] (x,y,z)                        -1.06654, 0.432027, 1.22113
[ DEBUG5 "MyRemoveOverlay"] Endpoint [mm] (x,y,z)                       -1447.92, 1210.86, 2500.54
[ DEBUG5 "MyRemoveOverlay"] Mass [GeV]                                                    4.94e-01
[ DEBUG5 "MyRemoveOverlay"] Charge                                                        1.00e+00
[ DEBUG5 "MyRemoveOverlay"] Parents                                                              1
[ DEBUG5 "MyRemoveOverlay"] Daughters                                                            0
[ DEBUG5 "MyRemoveOverlay"] simulator status bits: [sbvtcls]  s: created in simulation b: backscatter v: vertex is not endpoint of parent t: decayed in tracker c: decayed in calorimeter l: has left detector s: stopped o: overlay
[ DEBUG5 "MyRemoveOverlay"] [    c s ]
[ DEBUG5 "MyRemoveOverlay"] 
[ DEBUG7 "MyRemoveOverlay"] 		********** PFO AT INDEX 16 IS NOT OVERLAY **********
[ DEBUG8 "MyRemoveOverlay"] 
[ DEBUG8 "MyRemoveOverlay"] 		-------------------------------------------------------
[ DEBUG8 "MyRemoveOverlay"] 		Processing PFO at index 17
[ DEBUG5 "MyRemoveOverlay"] ------------------ ReconstructedParticle -----------------------------
[ DEBUG5 "MyRemoveOverlay"] Id                                                             0x17513
[ DEBUG5 "MyRemoveOverlay"] Compound                                                             0
[ DEBUG5 "MyRemoveOverlay"] Type                                                              2212
[ DEBUG5 "MyRemoveOverlay"] Momentum (x,y,z)                       +2.22e-01, -5.63e-01, +7.25e-01
[ DEBUG5 "MyRemoveOverlay"] Mass [GeV]                                                    9.38e-01
[ DEBUG5 "MyRemoveOverlay"] Charge [e]                                                    1.00e+00
[ DEBUG5 "MyRemoveOverlay"] Energy [GeV]                                                  1.33e+00
[ DEBUG5 "MyRemoveOverlay"] ReferencePoint                         +3.25e+01, -5.80e+01, +2.18e+02
[ DEBUG5 "MyRemoveOverlay"] ParticleIDUsed                                                       0
[ DEBUG5 "MyRemoveOverlay"] GoodnessOfPID                                                 0.00e+00
[ DEBUG5 "MyRemoveOverlay"] Covariance p,E:  3.66e-06, 5.93e-07, 3.20e-06, -4.31e-07, 1.06e-06, 
[ DEBUG5 "MyRemoveOverlay"]                  2.45e-06, 1.25e-07, -6.79e-07, 8.16e-07, 7.53e-07
[ DEBUG5 "MyRemoveOverlay"] Particles id:    
[ DEBUG5 "MyRemoveOverlay"] Tracks id:    [00016827]
[ DEBUG5 "MyRemoveOverlay"] Clusters id:  [00017287]
[ DEBUG5 "MyRemoveOverlay"] Particle ids ( [id], PDG, (type)): 
[ DEBUG5 "MyRemoveOverlay"]                  [00017514], 000211, (000000) 
[ DEBUG5 "MyRemoveOverlay"]                  [00017515], 002212, (000000) 
[ DEBUG5 "MyRemoveOverlay"]                  [00017516], 000000, (000000) 
[ DEBUG5 "MyRemoveOverlay"]                  [00017517], 000000, (000000) 
[ DEBUG5 "MyRemoveOverlay"]                  [00017518], 000000, (000000) 
[ DEBUG5 "MyRemoveOverlay"]                  [00017519], 000000, (000000) 
[ DEBUG5 "MyRemoveOverlay"]                  [00017520], 000211, (000000) 
[ DEBUG5 "MyRemoveOverlay"]                  [00017521], 000011, (000000) 
[ DEBUG5 "MyRemoveOverlay"]                  [00017522], 002212, (000000) 
[ DEBUG5 "MyRemoveOverlay"] 
[ DEBUG5 "MyRemoveOverlay"] 
[ DEBUG0 "MyRemoveOverlay"] 	MCParticle at index: 0 has PDG: 2212 and MCParticle to Track link weight is 1.00e+00
[ DEBUG0 "MyRemoveOverlay"] 	MCParticle at index: 0 with PDG code: 2212 has highest link weight to input track
[ DEBUG0 "MyRemoveOverlay"] 	Track at index: 0 has highest link weight to MCParticle = 1.00e+00
[ DEBUG0 "MyRemoveOverlay"] 	Track linked to MCParticle with highest weight
[ DEBUG6 "MyRemoveOverlay"] 		Found a linked MCParticle to track
[ DEBUG5 "MyRemoveOverlay"] ----------------------------- MCParticle -----------------------------
[ DEBUG5 "MyRemoveOverlay"] Id                                                               16149
[ DEBUG5 "MyRemoveOverlay"] PDG                                                               2212
[ DEBUG5 "MyRemoveOverlay"] Energy [GeV]                                                  1.33e+00
[ DEBUG5 "MyRemoveOverlay"] Momentum [GeV] (x,y,z)                    0.230693, -0.55711, 0.732507
[ DEBUG5 "MyRemoveOverlay"] Momentum at Endpoint[GeV] (x,y,z)                                  0, 0, 0
[ DEBUG5 "MyRemoveOverlay"] GeneratorStatus                                                      0
[ DEBUG5 "MyRemoveOverlay"] Vertex [mm] (x,y,z)                          6.53382, 18.6823, 120.251
[ DEBUG5 "MyRemoveOverlay"] Endpoint [mm] (x,y,z)                      -1086.76, -292.336, 2445.18
[ DEBUG5 "MyRemoveOverlay"] Mass [GeV]                                                    9.38e-01
[ DEBUG5 "MyRemoveOverlay"] Charge                                                        1.00e+00
[ DEBUG5 "MyRemoveOverlay"] Parents                                                              1
[ DEBUG5 "MyRemoveOverlay"] Daughters                                                            0
[ DEBUG5 "MyRemoveOverlay"] simulator status bits: [sbvtcls]  s: created in simulation b: backscatter v: vertex is not endpoint of parent t: decayed in tracker c: decayed in calorimeter l: has left detector s: stopped o: overlay
[ DEBUG5 "MyRemoveOverlay"] [s   c so]
[ DEBUG5 "MyRemoveOverlay"] 
[ DEBUG0 "MyRemoveOverlay"] 	MCParticle at index: 0 has PDG: 2212 and MCParticle to Cluster link weight is 1.00e+00
[ DEBUG0 "MyRemoveOverlay"] 	MCParticle at index: 0 with PDG code: 2212 has highest link weight to input cluster
[ DEBUG0 "MyRemoveOverlay"] 	Cluster at index: 0 has highest link weight to MCParticle = 1.00e+00
[ DEBUG0 "MyRemoveOverlay"] 	Cluster linked to MCParticle with highest weight
[ DEBUG6 "MyRemoveOverlay"] 		Found a linked MCParticle to cluster
[ DEBUG5 "MyRemoveOverlay"] ----------------------------- MCParticle -----------------------------
[ DEBUG5 "MyRemoveOverlay"] Id                                                               16149
[ DEBUG5 "MyRemoveOverlay"] PDG                                                               2212
[ DEBUG5 "MyRemoveOverlay"] Energy [GeV]                                                  1.33e+00
[ DEBUG5 "MyRemoveOverlay"] Momentum [GeV] (x,y,z)                    0.230693, -0.55711, 0.732507
[ DEBUG5 "MyRemoveOverlay"] Momentum at Endpoint[GeV] (x,y,z)                                  0, 0, 0
[ DEBUG5 "MyRemoveOverlay"] GeneratorStatus                                                      0
[ DEBUG5 "MyRemoveOverlay"] Vertex [mm] (x,y,z)                          6.53382, 18.6823, 120.251
[ DEBUG5 "MyRemoveOverlay"] Endpoint [mm] (x,y,z)                      -1086.76, -292.336, 2445.18
[ DEBUG5 "MyRemoveOverlay"] Mass [GeV]                                                    9.38e-01
[ DEBUG5 "MyRemoveOverlay"] Charge                                                        1.00e+00
[ DEBUG5 "MyRemoveOverlay"] Parents                                                              1
[ DEBUG5 "MyRemoveOverlay"] Daughters                                                            0
[ DEBUG5 "MyRemoveOverlay"] simulator status bits: [sbvtcls]  s: created in simulation b: backscatter v: vertex is not endpoint of parent t: decayed in tracker c: decayed in calorimeter l: has left detector s: stopped o: overlay
[ DEBUG5 "MyRemoveOverlay"] [s   c so]
[ DEBUG5 "MyRemoveOverlay"] 
[ DEBUG7 "MyRemoveOverlay"] 		********** PFO AT INDEX 17 IS OVERLAY **********
[ DEBUG8 "MyRemoveOverlay"] 
[ DEBUG8 "MyRemoveOverlay"] 		-------------------------------------------------------
[ DEBUG8 "MyRemoveOverlay"] 		Processing PFO at index 18
[ DEBUG5 "MyRemoveOverlay"] ------------------ ReconstructedParticle -----------------------------
[ DEBUG5 "MyRemoveOverlay"] Id                                                             0x17523
[ DEBUG5 "MyRemoveOverlay"] Compound                                                             0
[ DEBUG5 "MyRemoveOverlay"] Type                                                               211
[ DEBUG5 "MyRemoveOverlay"] Momentum (x,y,z)                       +2.57e-01, -3.08e-01, +6.33e-01
[ DEBUG5 "MyRemoveOverlay"] Mass [GeV]                                                    1.40e-01
[ DEBUG5 "MyRemoveOverlay"] Charge [e]                                                    1.00e+00
[ DEBUG5 "MyRemoveOverlay"] Energy [GeV]                                                  7.62e-01
[ DEBUG5 "MyRemoveOverlay"] ReferencePoint                         +1.00e+01, -1.25e+01, +2.51e+01
[ DEBUG5 "MyRemoveOverlay"] ParticleIDUsed                                                       0
[ DEBUG5 "MyRemoveOverlay"] GoodnessOfPID                                                 0.00e+00
[ DEBUG5 "MyRemoveOverlay"] Covariance p,E:  8.53e-07, -5.76e-08, 9.69e-07, 2.05e-07, -2.94e-07, 
[ DEBUG5 "MyRemoveOverlay"]                  1.32e-06, 4.81e-07, -6.55e-07, 1.28e-06, 1.49e-06
[ DEBUG5 "MyRemoveOverlay"] Particles id:    
[ DEBUG5 "MyRemoveOverlay"] Tracks id:    [00016787]
[ DEBUG5 "MyRemoveOverlay"] Clusters id:  [00017288]
[ DEBUG5 "MyRemoveOverlay"] Particle ids ( [id], PDG, (type)): 
[ DEBUG5 "MyRemoveOverlay"]                  [00017524], 000211, (000000) 
[ DEBUG5 "MyRemoveOverlay"]                  [00017525], 000211, (000000) 
[ DEBUG5 "MyRemoveOverlay"]                  [00017526], 000000, (000000) 
[ DEBUG5 "MyRemoveOverlay"]                  [00017527], 000000, (000000) 
[ DEBUG5 "MyRemoveOverlay"]                  [00017528], 000000, (000000) 
[ DEBUG5 "MyRemoveOverlay"]                  [00017529], 000000, (000000) 
[ DEBUG5 "MyRemoveOverlay"]                  [00017530], 000211, (000000) 
[ DEBUG5 "MyRemoveOverlay"]                  [00017531], 000211, (000000) 
[ DEBUG5 "MyRemoveOverlay"]                  [00017532], 000211, (000000) 
[ DEBUG5 "MyRemoveOverlay"] 
[ DEBUG5 "MyRemoveOverlay"] 
[ DEBUG0 "MyRemoveOverlay"] 	MCParticle at index: 0 has PDG: 211 and MCParticle to Track link weight is 1.00e+00
[ DEBUG0 "MyRemoveOverlay"] 	MCParticle at index: 0 with PDG code: 211 has highest link weight to input track
[ DEBUG6 "MyRemoveOverlay"] 		Track is not linked to a MCParticle
[ DEBUG0 "MyRemoveOverlay"] 	MCParticle at index: 0 has PDG: 211 and MCParticle to Cluster link weight is 9.78e-01
[ DEBUG0 "MyRemoveOverlay"] 	MCParticle at index: 0 with PDG code: 211 has highest link weight to input cluster
[ DEBUG6 "MyRemoveOverlay"] 		Cluster is not linked to a MCParticle
[ DEBUG7 "MyRemoveOverlay"] 		********** PFO AT INDEX 18 IS NOT OVERLAY **********
[ DEBUG8 "MyRemoveOverlay"] 
[ DEBUG8 "MyRemoveOverlay"] 		-------------------------------------------------------
[ DEBUG8 "MyRemoveOverlay"] 		Processing PFO at index 19
[ DEBUG5 "MyRemoveOverlay"] ------------------ ReconstructedParticle -----------------------------
[ DEBUG5 "MyRemoveOverlay"] Id                                                             0x17533
[ DEBUG5 "MyRemoveOverlay"] Compound                                                             0
[ DEBUG5 "MyRemoveOverlay"] Type                                                                11
[ DEBUG5 "MyRemoveOverlay"] Momentum (x,y,z)                       -1.28e-01, +3.23e-01, +1.24e+00
[ DEBUG5 "MyRemoveOverlay"] Mass [GeV]                                                    5.11e-04
[ DEBUG5 "MyRemoveOverlay"] Charge [e]                                                   -1.00e+00
[ DEBUG5 "MyRemoveOverlay"] Energy [GeV]                                                  1.29e+00
[ DEBUG5 "MyRemoveOverlay"] ReferencePoint                         -2.80e+01, +5.47e+01, +2.21e+02
[ DEBUG5 "MyRemoveOverlay"] ParticleIDUsed                                                       0
[ DEBUG5 "MyRemoveOverlay"] GoodnessOfPID                                                 0.00e+00
[ DEBUG5 "MyRemoveOverlay"] Covariance p,E:  6.25e-06, -1.52e-06, 6.25e-06, -4.98e-06, 6.67e-06, 
[ DEBUG5 "MyRemoveOverlay"]                  3.39e-05, -5.80e-06, 8.14e-06, 3.48e-05, 3.62e-05
[ DEBUG5 "MyRemoveOverlay"] Particles id:    
[ DEBUG5 "MyRemoveOverlay"] Tracks id:    [00016662]
[ DEBUG5 "MyRemoveOverlay"] Clusters id:  [00017289]
[ DEBUG5 "MyRemoveOverlay"] Particle ids ( [id], PDG, (type)): 
[ DEBUG5 "MyRemoveOverlay"]                  [00017534], 000321, (000000) 
[ DEBUG5 "MyRemoveOverlay"]                  [00017535], 000000, (000000) 
[ DEBUG5 "MyRemoveOverlay"]                  [00017536], 000000, (000000) 
[ DEBUG5 "MyRemoveOverlay"]                  [00017537], 000000, (000000) 
[ DEBUG5 "MyRemoveOverlay"]                  [00017538], 000000, (000000) 
[ DEBUG5 "MyRemoveOverlay"]                  [00017539], 000000, (000000) 
[ DEBUG5 "MyRemoveOverlay"]                  [00017540], 000011, (000000) 
[ DEBUG5 "MyRemoveOverlay"]                  [00017541], 000011, (000000) 
[ DEBUG5 "MyRemoveOverlay"]                  [00017542], 000211, (000000) 
[ DEBUG5 "MyRemoveOverlay"] 
[ DEBUG5 "MyRemoveOverlay"] 
[ DEBUG0 "MyRemoveOverlay"] 	MCParticle at index: 0 has PDG: -211 and MCParticle to Track link weight is 1.00e+00
[ DEBUG0 "MyRemoveOverlay"] 	MCParticle at index: 0 with PDG code: -211 has highest link weight to input track
[ DEBUG0 "MyRemoveOverlay"] 	Track at index: 0 has highest link weight to MCParticle = 9.72e-01
[ DEBUG0 "MyRemoveOverlay"] 	Track linked to MCParticle with highest weight
[ DEBUG6 "MyRemoveOverlay"] 		Found a linked MCParticle to track
[ DEBUG5 "MyRemoveOverlay"] ----------------------------- MCParticle -----------------------------
[ DEBUG5 "MyRemoveOverlay"] Id                                                               16190
[ DEBUG5 "MyRemoveOverlay"] PDG                                                               -211
[ DEBUG5 "MyRemoveOverlay"] Energy [GeV]                                                  1.29e+00
[ DEBUG5 "MyRemoveOverlay"] Momentum [GeV] (x,y,z)                     -0.128707, 0.32036, 1.23873
[ DEBUG5 "MyRemoveOverlay"] Momentum at Endpoint[GeV] (x,y,z)                                -0, -0, 0
[ DEBUG5 "MyRemoveOverlay"] GeneratorStatus                                                      1
[ DEBUG5 "MyRemoveOverlay"] Vertex [mm] (x,y,z)              4.83022e-310, 1.43145e-308, -0.211607
[ DEBUG5 "MyRemoveOverlay"] Endpoint [mm] (x,y,z)                       -561.589, 90.2151, 2439.25
[ DEBUG5 "MyRemoveOverlay"] Mass [GeV]                                                    1.40e-01
[ DEBUG5 "MyRemoveOverlay"] Charge                                                       -1.00e+00
[ DEBUG5 "MyRemoveOverlay"] Parents                                                              1
[ DEBUG5 "MyRemoveOverlay"] Daughters                                                            0
[ DEBUG5 "MyRemoveOverlay"] simulator status bits: [sbvtcls]  s: created in simulation b: backscatter v: vertex is not endpoint of parent t: decayed in tracker c: decayed in calorimeter l: has left detector s: stopped o: overlay
[ DEBUG5 "MyRemoveOverlay"] [    c so]
[ DEBUG5 "MyRemoveOverlay"] 
[ DEBUG0 "MyRemoveOverlay"] 	MCParticle at index: 1 has PDG: -211 and MCParticle to Cluster link weight is 9.96e-01
[ DEBUG0 "MyRemoveOverlay"] 	MCParticle at index: 1 with PDG code: -211 has highest link weight to input cluster
[ DEBUG0 "MyRemoveOverlay"] 	Cluster at index: 1 has highest link weight to MCParticle = 9.84e-01
[ DEBUG0 "MyRemoveOverlay"] 	Cluster linked to MCParticle with highest weight
[ DEBUG6 "MyRemoveOverlay"] 		Found a linked MCParticle to cluster
[ DEBUG5 "MyRemoveOverlay"] ----------------------------- MCParticle -----------------------------
[ DEBUG5 "MyRemoveOverlay"] Id                                                               16190
[ DEBUG5 "MyRemoveOverlay"] PDG                                                               -211
[ DEBUG5 "MyRemoveOverlay"] Energy [GeV]                                                  1.29e+00
[ DEBUG5 "MyRemoveOverlay"] Momentum [GeV] (x,y,z)                     -0.128707, 0.32036, 1.23873
[ DEBUG5 "MyRemoveOverlay"] Momentum at Endpoint[GeV] (x,y,z)                                -0, -0, 0
[ DEBUG5 "MyRemoveOverlay"] GeneratorStatus                                                      1
[ DEBUG5 "MyRemoveOverlay"] Vertex [mm] (x,y,z)              4.83022e-310, 1.43145e-308, -0.211607
[ DEBUG5 "MyRemoveOverlay"] Endpoint [mm] (x,y,z)                       -561.589, 90.2151, 2439.25
[ DEBUG5 "MyRemoveOverlay"] Mass [GeV]                                                    1.40e-01
[ DEBUG5 "MyRemoveOverlay"] Charge                                                       -1.00e+00
[ DEBUG5 "MyRemoveOverlay"] Parents                                                              1
[ DEBUG5 "MyRemoveOverlay"] Daughters                                                            0
[ DEBUG5 "MyRemoveOverlay"] simulator status bits: [sbvtcls]  s: created in simulation b: backscatter v: vertex is not endpoint of parent t: decayed in tracker c: decayed in calorimeter l: has left detector s: stopped o: overlay
[ DEBUG5 "MyRemoveOverlay"] [    c so]
[ DEBUG5 "MyRemoveOverlay"] 
[ DEBUG7 "MyRemoveOverlay"] 		********** PFO AT INDEX 19 IS OVERLAY **********
[ DEBUG8 "MyRemoveOverlay"] 
[ DEBUG8 "MyRemoveOverlay"] 		-------------------------------------------------------
[ DEBUG8 "MyRemoveOverlay"] 		Processing PFO at index 20
[ DEBUG5 "MyRemoveOverlay"] ------------------ ReconstructedParticle -----------------------------
[ DEBUG5 "MyRemoveOverlay"] Id                                                             0x17543
[ DEBUG5 "MyRemoveOverlay"] Compound                                                             0
[ DEBUG5 "MyRemoveOverlay"] Type                                                               211
[ DEBUG5 "MyRemoveOverlay"] Momentum (x,y,z)                       +6.70e-01, +1.34e-01, +8.47e-02
[ DEBUG5 "MyRemoveOverlay"] Mass [GeV]                                                    1.40e-01
[ DEBUG5 "MyRemoveOverlay"] Charge [e]                                                    1.00e+00
[ DEBUG5 "MyRemoveOverlay"] Energy [GeV]                                                  7.02e-01
[ DEBUG5 "MyRemoveOverlay"] ReferencePoint                         +1.58e+01, +2.92e+00, +1.90e+00
[ DEBUG5 "MyRemoveOverlay"] ParticleIDUsed                                                       0
[ DEBUG5 "MyRemoveOverlay"] GoodnessOfPID                                                 0.00e+00
[ DEBUG5 "MyRemoveOverlay"] Covariance p,E:  2.41e-07, -5.60e-08, 4.62e-07, -3.02e-08, -5.45e-09, 
[ DEBUG5 "MyRemoveOverlay"]                  4.72e-07, 2.15e-07, 3.40e-08, 2.70e-08, 2.15e-07
[ DEBUG5 "MyRemoveOverlay"] Particles id:    
[ DEBUG5 "MyRemoveOverlay"] Tracks id:    [00016752]
[ DEBUG5 "MyRemoveOverlay"] Clusters id:  
[ DEBUG5 "MyRemoveOverlay"] Particle ids ( [id], PDG, (type)): 
[ DEBUG5 "MyRemoveOverlay"]                  [00017544], 000211, (000000) 
[ DEBUG5 "MyRemoveOverlay"]                  [00017545], 000211, (000000) 
[ DEBUG5 "MyRemoveOverlay"]                  [00017546], 000011, (000000) 
[ DEBUG5 "MyRemoveOverlay"]                  [00017547], 000011, (000000) 
[ DEBUG5 "MyRemoveOverlay"]                  [00017548], 000000, (000000) 
[ DEBUG5 "MyRemoveOverlay"] 
[ DEBUG5 "MyRemoveOverlay"] 
[ DEBUG0 "MyRemoveOverlay"] 	MCParticle at index: 0 has PDG: 211 and MCParticle to Track link weight is 1.00e+00
[ DEBUG0 "MyRemoveOverlay"] 	MCParticle at index: 0 with PDG code: 211 has highest link weight to input track
[ DEBUG6 "MyRemoveOverlay"] 		Track is not linked to a MCParticle
[ DEBUG7 "MyRemoveOverlay"] 		********** PFO AT INDEX 20 IS NOT OVERLAY **********
[ DEBUG8 "MyRemoveOverlay"] 
[ DEBUG8 "MyRemoveOverlay"] 		-------------------------------------------------------
[ DEBUG8 "MyRemoveOverlay"] 		Processing PFO at index 21
[ DEBUG5 "MyRemoveOverlay"] ------------------ ReconstructedParticle -----------------------------
[ DEBUG5 "MyRemoveOverlay"] Id                                                             0x17549
[ DEBUG5 "MyRemoveOverlay"] Compound                                                             0
[ DEBUG5 "MyRemoveOverlay"] Type                                                                11
[ DEBUG5 "MyRemoveOverlay"] Momentum (x,y,z)                       -1.22e+00, -1.45e+00, +3.00e+00
[ DEBUG5 "MyRemoveOverlay"] Mass [GeV]                                                    5.11e-04
[ DEBUG5 "MyRemoveOverlay"] Charge [e]                                                   -1.00e+00
[ DEBUG5 "MyRemoveOverlay"] Energy [GeV]                                                  3.55e+00
[ DEBUG5 "MyRemoveOverlay"] ReferencePoint                         -1.02e+01, -1.23e+01, +2.52e+01
[ DEBUG5 "MyRemoveOverlay"] ParticleIDUsed                                                       0
[ DEBUG5 "MyRemoveOverlay"] GoodnessOfPID                                                 0.00e+00
[ DEBUG5 "MyRemoveOverlay"] Covariance p,E:  3.31e-06, 2.91e-06, 4.56e-06, -5.97e-06, -7.38e-06, 
[ DEBUG5 "MyRemoveOverlay"]                  1.59e-05, -7.38e-06, -9.10e-06, 1.85e-05, 2.19e-05
[ DEBUG5 "MyRemoveOverlay"] Particles id:    
[ DEBUG5 "MyRemoveOverlay"] Tracks id:    [00016747]
[ DEBUG5 "MyRemoveOverlay"] Clusters id:  [00017290]
[ DEBUG5 "MyRemoveOverlay"] Particle ids ( [id], PDG, (type)): 
[ DEBUG5 "MyRemoveOverlay"]                  [00017550], 000211, (000000) 
[ DEBUG5 "MyRemoveOverlay"]                  [00017551], 000000, (000000) 
[ DEBUG5 "MyRemoveOverlay"]                  [00017552], 000000, (000000) 
[ DEBUG5 "MyRemoveOverlay"]                  [00017553], 000000, (000000) 
[ DEBUG5 "MyRemoveOverlay"]                  [00017554], 000000, (000000) 
[ DEBUG5 "MyRemoveOverlay"]                  [00017555], 000000, (000000) 
[ DEBUG5 "MyRemoveOverlay"]                  [00017556], 000011, (000000) 
[ DEBUG5 "MyRemoveOverlay"]                  [00017557], 000011, (000000) 
[ DEBUG5 "MyRemoveOverlay"]                  [00017558], 000211, (000000) 
[ DEBUG5 "MyRemoveOverlay"] 
[ DEBUG5 "MyRemoveOverlay"] 
[ DEBUG0 "MyRemoveOverlay"] 	MCParticle at index: 0 has PDG: -211 and MCParticle to Track link weight is 1.00e+00
[ DEBUG0 "MyRemoveOverlay"] 	MCParticle at index: 0 with PDG code: -211 has highest link weight to input track
[ DEBUG0 "MyRemoveOverlay"] 	Track at index: 0 has highest link weight to MCParticle = 9.94e-01
[ DEBUG0 "MyRemoveOverlay"] 	Track linked to MCParticle with highest weight
[ DEBUG6 "MyRemoveOverlay"] 		Found a linked MCParticle to track
[ DEBUG5 "MyRemoveOverlay"] ----------------------------- MCParticle -----------------------------
[ DEBUG5 "MyRemoveOverlay"] Id                                                               15996
[ DEBUG5 "MyRemoveOverlay"] PDG                                                               -211
[ DEBUG5 "MyRemoveOverlay"] Energy [GeV]                                                  3.56e+00
[ DEBUG5 "MyRemoveOverlay"] Momentum [GeV] (x,y,z)                      -1.21802, -1.45725, 3.0032
[ DEBUG5 "MyRemoveOverlay"] Momentum at Endpoint[GeV] (x,y,z)                                 0, -0, 0
[ DEBUG5 "MyRemoveOverlay"] GeneratorStatus                                                      1
[ DEBUG5 "MyRemoveOverlay"] Vertex [mm] (x,y,z)                                    0, 0, -0.121879
[ DEBUG5 "MyRemoveOverlay"] Endpoint [mm] (x,y,z)                      -411.365, -1310.57, 2238.47
[ DEBUG5 "MyRemoveOverlay"] Mass [GeV]                                                    1.40e-01
[ DEBUG5 "MyRemoveOverlay"] Charge                                                       -1.00e+00
[ DEBUG5 "MyRemoveOverlay"] Parents                                                              1
[ DEBUG5 "MyRemoveOverlay"] Daughters                                                           15
[ DEBUG5 "MyRemoveOverlay"] simulator status bits: [sbvtcls]  s: created in simulation b: backscatter v: vertex is not endpoint of parent t: decayed in tracker c: decayed in calorimeter l: has left detector s: stopped o: overlay
[ DEBUG5 "MyRemoveOverlay"] [   t  s ]
[ DEBUG5 "MyRemoveOverlay"] 
[ DEBUG6 "MyRemoveOverlay"] 		Cluster is not linked to a MCParticle
[ DEBUG7 "MyRemoveOverlay"] 		********** PFO AT INDEX 21 IS NOT OVERLAY **********
[ DEBUG8 "MyRemoveOverlay"] 
[ DEBUG8 "MyRemoveOverlay"] 		-------------------------------------------------------
[ DEBUG8 "MyRemoveOverlay"] 		Processing PFO at index 22
[ DEBUG5 "MyRemoveOverlay"] ------------------ ReconstructedParticle -----------------------------
[ DEBUG5 "MyRemoveOverlay"] Id                                                             0x17559
[ DEBUG5 "MyRemoveOverlay"] Compound                                                             0
[ DEBUG5 "MyRemoveOverlay"] Type                                                               211
[ DEBUG5 "MyRemoveOverlay"] Momentum (x,y,z)                       +5.79e-02, -2.52e-01, +5.86e-02
[ DEBUG5 "MyRemoveOverlay"] Mass [GeV]                                                    1.40e-01
[ DEBUG5 "MyRemoveOverlay"] Charge [e]                                                    1.00e+00
[ DEBUG5 "MyRemoveOverlay"] Energy [GeV]                                                  3.00e-01
[ DEBUG5 "MyRemoveOverlay"] ReferencePoint                         +3.11e+00, -1.60e+01, +3.60e+00
[ DEBUG5 "MyRemoveOverlay"] ParticleIDUsed                                                       0
[ DEBUG5 "MyRemoveOverlay"] GoodnessOfPID                                                 0.00e+00
[ DEBUG5 "MyRemoveOverlay"] Covariance p,E:  5.15e-07, -5.90e-08, 1.30e-06, 1.83e-08, -1.75e-07, 
[ DEBUG5 "MyRemoveOverlay"]                  5.58e-07, 1.53e-07, -1.14e-06, 2.60e-07, 1.04e-06
[ DEBUG5 "MyRemoveOverlay"] Particles id:    
[ DEBUG5 "MyRemoveOverlay"] Tracks id:    [00016792]
[ DEBUG5 "MyRemoveOverlay"] Clusters id:  [00017291]
[ DEBUG5 "MyRemoveOverlay"] Particle ids ( [id], PDG, (type)): 
[ DEBUG5 "MyRemoveOverlay"]                  [00017560], 000013, (000000) 
[ DEBUG5 "MyRemoveOverlay"]                  [00017561], 000013, (000000) 
[ DEBUG5 "MyRemoveOverlay"]                  [00017562], 000013, (000000) 
[ DEBUG5 "MyRemoveOverlay"]                  [00017563], 000211, (000000) 
[ DEBUG5 "MyRemoveOverlay"]                  [00017564], 000013, (000000) 
[ DEBUG5 "MyRemoveOverlay"] 
[ DEBUG5 "MyRemoveOverlay"] 
[ DEBUG0 "MyRemoveOverlay"] 	MCParticle at index: 0 has PDG: 211 and MCParticle to Track link weight is 1.00e+00
[ DEBUG0 "MyRemoveOverlay"] 	MCParticle at index: 0 with PDG code: 211 has highest link weight to input track
[ DEBUG6 "MyRemoveOverlay"] 		Track is not linked to a MCParticle
[ DEBUG6 "MyRemoveOverlay"] 		Cluster is not linked to a MCParticle
[ DEBUG7 "MyRemoveOverlay"] 		********** PFO AT INDEX 22 IS NOT OVERLAY **********
[ DEBUG8 "MyRemoveOverlay"] 
[ DEBUG8 "MyRemoveOverlay"] 		-------------------------------------------------------
[ DEBUG8 "MyRemoveOverlay"] 		Processing PFO at index 23
[ DEBUG5 "MyRemoveOverlay"] ------------------ ReconstructedParticle -----------------------------
[ DEBUG5 "MyRemoveOverlay"] Id                                                             0x17565
[ DEBUG5 "MyRemoveOverlay"] Compound                                                             0
[ DEBUG5 "MyRemoveOverlay"] Type                                                              -211
[ DEBUG5 "MyRemoveOverlay"] Momentum (x,y,z)                       -9.73e-01, -4.17e-05, +8.76e-01
[ DEBUG5 "MyRemoveOverlay"] Mass [GeV]                                                    1.40e-01
[ DEBUG5 "MyRemoveOverlay"] Charge [e]                                                   -1.00e+00
[ DEBUG5 "MyRemoveOverlay"] Energy [GeV]                                                  1.32e+00
[ DEBUG5 "MyRemoveOverlay"] ReferencePoint                         -1.67e+01, -1.83e-01, +1.49e+01
[ DEBUG5 "MyRemoveOverlay"] ParticleIDUsed                                                       0
[ DEBUG5 "MyRemoveOverlay"] GoodnessOfPID                                                 0.00e+00
[ DEBUG5 "MyRemoveOverlay"] Covariance p,E:  8.41e-07, 1.81e-08, 6.58e-07, -1.77e-07, -1.26e-08, 
[ DEBUG5 "MyRemoveOverlay"]                  8.04e-07, -7.40e-07, -2.18e-08, 6.66e-07, 9.90e-07
[ DEBUG5 "MyRemoveOverlay"] Particles id:    
[ DEBUG5 "MyRemoveOverlay"] Tracks id:    [00016702]
[ DEBUG5 "MyRemoveOverlay"] Clusters id:  [00017292]
[ DEBUG5 "MyRemoveOverlay"] Particle ids ( [id], PDG, (type)): 
[ DEBUG5 "MyRemoveOverlay"]                  [00017566], 000211, (000000) 
[ DEBUG5 "MyRemoveOverlay"]                  [00017567], 000211, (000000) 
[ DEBUG5 "MyRemoveOverlay"]                  [00017568], 000000, (000000) 
[ DEBUG5 "MyRemoveOverlay"]                  [00017569], 000000, (000000) 
[ DEBUG5 "MyRemoveOverlay"]                  [00017570], 000000, (000000) 
[ DEBUG5 "MyRemoveOverlay"]                  [00017571], 000000, (000000) 
[ DEBUG5 "MyRemoveOverlay"]                  [00017572], 000011, (000000) 
[ DEBUG5 "MyRemoveOverlay"]                  [00017573], 000011, (000000) 
[ DEBUG5 "MyRemoveOverlay"]                  [00017574], 000211, (000000) 
[ DEBUG5 "MyRemoveOverlay"] 
[ DEBUG5 "MyRemoveOverlay"] 
[ DEBUG0 "MyRemoveOverlay"] 	MCParticle at index: 0 has PDG: -211 and MCParticle to Track link weight is 1.00e+00
[ DEBUG0 "MyRemoveOverlay"] 	MCParticle at index: 0 with PDG code: -211 has highest link weight to input track
[ DEBUG0 "MyRemoveOverlay"] 	Track at index: 0 has highest link weight to MCParticle = 9.87e-01
[ DEBUG0 "MyRemoveOverlay"] 	Track linked to MCParticle with highest weight
[ DEBUG6 "MyRemoveOverlay"] 		Found a linked MCParticle to track
[ DEBUG5 "MyRemoveOverlay"] ----------------------------- MCParticle -----------------------------
[ DEBUG5 "MyRemoveOverlay"] Id                                                               16006
[ DEBUG5 "MyRemoveOverlay"] PDG                                                               -211
[ DEBUG5 "MyRemoveOverlay"] Energy [GeV]                                                  1.32e+00
[ DEBUG5 "MyRemoveOverlay"] Momentum [GeV] (x,y,z)                -0.973388, -0.00174063, 0.875774
[ DEBUG5 "MyRemoveOverlay"] Momentum at Endpoint[GeV] (x,y,z)                                 0, -0, 0
[ DEBUG5 "MyRemoveOverlay"] GeneratorStatus                                                      1
[ DEBUG5 "MyRemoveOverlay"] Vertex [mm] (x,y,z)             -6.46565e-309, 2.32317e-309, -0.121879
[ DEBUG5 "MyRemoveOverlay"] Endpoint [mm] (x,y,z)                      -153.225, -1838.53, 2483.22
[ DEBUG5 "MyRemoveOverlay"] Mass [GeV]                                                    1.40e-01
[ DEBUG5 "MyRemoveOverlay"] Charge                                                       -1.00e+00
[ DEBUG5 "MyRemoveOverlay"] Parents                                                              1
[ DEBUG5 "MyRemoveOverlay"] Daughters                                                            0
[ DEBUG5 "MyRemoveOverlay"] simulator status bits: [sbvtcls]  s: created in simulation b: backscatter v: vertex is not endpoint of parent t: decayed in tracker c: decayed in calorimeter l: has left detector s: stopped o: overlay
[ DEBUG5 "MyRemoveOverlay"] [    c s ]
[ DEBUG5 "MyRemoveOverlay"] 
[ DEBUG0 "MyRemoveOverlay"] 	MCParticle at index: 0 has PDG: -211 and MCParticle to Cluster link weight is 1.00e+00
[ DEBUG0 "MyRemoveOverlay"] 	MCParticle at index: 0 with PDG code: -211 has highest link weight to input cluster
[ DEBUG0 "MyRemoveOverlay"] 	Cluster at index: 0 has highest link weight to MCParticle = 9.76e-01
[ DEBUG0 "MyRemoveOverlay"] 	Cluster linked to MCParticle with highest weight
[ DEBUG6 "MyRemoveOverlay"] 		Found a linked MCParticle to cluster
[ DEBUG5 "MyRemoveOverlay"] ----------------------------- MCParticle -----------------------------
[ DEBUG5 "MyRemoveOverlay"] Id                                                               16006
[ DEBUG5 "MyRemoveOverlay"] PDG                                                               -211
[ DEBUG5 "MyRemoveOverlay"] Energy [GeV]                                                  1.32e+00
[ DEBUG5 "MyRemoveOverlay"] Momentum [GeV] (x,y,z)                -0.973388, -0.00174063, 0.875774
[ DEBUG5 "MyRemoveOverlay"] Momentum at Endpoint[GeV] (x,y,z)                                 0, -0, 0
[ DEBUG5 "MyRemoveOverlay"] GeneratorStatus                                                      1
[ DEBUG5 "MyRemoveOverlay"] Vertex [mm] (x,y,z)             -6.46565e-309, 2.32317e-309, -0.121879
[ DEBUG5 "MyRemoveOverlay"] Endpoint [mm] (x,y,z)                      -153.225, -1838.53, 2483.22
[ DEBUG5 "MyRemoveOverlay"] Mass [GeV]                                                    1.40e-01
[ DEBUG5 "MyRemoveOverlay"] Charge                                                       -1.00e+00
[ DEBUG5 "MyRemoveOverlay"] Parents                                                              1
[ DEBUG5 "MyRemoveOverlay"] Daughters                                                            0
[ DEBUG5 "MyRemoveOverlay"] simulator status bits: [sbvtcls]  s: created in simulation b: backscatter v: vertex is not endpoint of parent t: decayed in tracker c: decayed in calorimeter l: has left detector s: stopped o: overlay
[ DEBUG5 "MyRemoveOverlay"] [    c s ]
[ DEBUG5 "MyRemoveOverlay"] 
[ DEBUG7 "MyRemoveOverlay"] 		********** PFO AT INDEX 23 IS NOT OVERLAY **********
[ DEBUG8 "MyRemoveOverlay"] 
[ DEBUG8 "MyRemoveOverlay"] 		-------------------------------------------------------
[ DEBUG8 "MyRemoveOverlay"] 		Processing PFO at index 24
[ DEBUG5 "MyRemoveOverlay"] ------------------ ReconstructedParticle -----------------------------
[ DEBUG5 "MyRemoveOverlay"] Id                                                             0x17575
[ DEBUG5 "MyRemoveOverlay"] Compound                                                             0
[ DEBUG5 "MyRemoveOverlay"] Type                                                              -211
[ DEBUG5 "MyRemoveOverlay"] Momentum (x,y,z)                       -5.61e-01, -1.24e-01, +1.05e+00
[ DEBUG5 "MyRemoveOverlay"] Mass [GeV]                                                    1.40e-01
[ DEBUG5 "MyRemoveOverlay"] Charge [e]                                                   -1.00e+00
[ DEBUG5 "MyRemoveOverlay"] Energy [GeV]                                                  1.21e+00
[ DEBUG5 "MyRemoveOverlay"] ReferencePoint                         -1.58e+01, -3.05e+00, +2.89e+01
[ DEBUG5 "MyRemoveOverlay"] ParticleIDUsed                                                       0
[ DEBUG5 "MyRemoveOverlay"] GoodnessOfPID                                                 0.00e+00
[ DEBUG5 "MyRemoveOverlay"] Covariance p,E:  1.38e-06, 1.35e-07, 1.02e-06, -9.81e-07, -2.76e-07, 
[ DEBUG5 "MyRemoveOverlay"]                  2.73e-06, -1.51e-06, -4.08e-07, 2.86e-06, 3.24e-06
[ DEBUG5 "MyRemoveOverlay"] Particles id:    
[ DEBUG5 "MyRemoveOverlay"] Tracks id:    [00016667]
[ DEBUG5 "MyRemoveOverlay"] Clusters id:  [00017293]
[ DEBUG5 "MyRemoveOverlay"] Particle ids ( [id], PDG, (type)): 
[ DEBUG5 "MyRemoveOverlay"]                  [00017576], 000211, (000000) 
[ DEBUG5 "MyRemoveOverlay"]                  [00017577], 000321, (000000) 
[ DEBUG5 "MyRemoveOverlay"]                  [00017578], 000000, (000000) 
[ DEBUG5 "MyRemoveOverlay"]                  [00017579], 000000, (000000) 
[ DEBUG5 "MyRemoveOverlay"]                  [00017580], 000000, (000000) 
[ DEBUG5 "MyRemoveOverlay"]                  [00017581], 000000, (000000) 
[ DEBUG5 "MyRemoveOverlay"]                  [00017582], 000011, (000000) 
[ DEBUG5 "MyRemoveOverlay"]                  [00017583], 000321, (000000) 
[ DEBUG5 "MyRemoveOverlay"]                  [00017584], 000211, (000000) 
[ DEBUG5 "MyRemoveOverlay"] 
[ DEBUG5 "MyRemoveOverlay"] 
[ DEBUG0 "MyRemoveOverlay"] 	MCParticle at index: 0 has PDG: -211 and MCParticle to Track link weight is 1.00e+00
[ DEBUG0 "MyRemoveOverlay"] 	MCParticle at index: 0 with PDG code: -211 has highest link weight to input track
[ DEBUG0 "MyRemoveOverlay"] 	Track at index: 0 has highest link weight to MCParticle = 1.00e+00
[ DEBUG0 "MyRemoveOverlay"] 	Track linked to MCParticle with highest weight
[ DEBUG6 "MyRemoveOverlay"] 		Found a linked MCParticle to track
[ DEBUG5 "MyRemoveOverlay"] ----------------------------- MCParticle -----------------------------
[ DEBUG5 "MyRemoveOverlay"] Id                                                               16071
[ DEBUG5 "MyRemoveOverlay"] PDG                                                               -211
[ DEBUG5 "MyRemoveOverlay"] Energy [GeV]                                                  1.21e+00
[ DEBUG5 "MyRemoveOverlay"] Momentum [GeV] (x,y,z)                   -0.561058, -0.124747, 1.05168
[ DEBUG5 "MyRemoveOverlay"] Momentum at Endpoint[GeV] (x,y,z)                                  0, 0, 0
[ DEBUG5 "MyRemoveOverlay"] GeneratorStatus                                                      1
[ DEBUG5 "MyRemoveOverlay"] Vertex [mm] (x,y,z)                        -1.06654, 0.432027, 1.22113
[ DEBUG5 "MyRemoveOverlay"] Endpoint [mm] (x,y,z)                       135.052, -1043.65, 2816.58
[ DEBUG5 "MyRemoveOverlay"] Mass [GeV]                                                    1.40e-01
[ DEBUG5 "MyRemoveOverlay"] Charge                                                       -1.00e+00
[ DEBUG5 "MyRemoveOverlay"] Parents                                                              1
[ DEBUG5 "MyRemoveOverlay"] Daughters                                                            0
[ DEBUG5 "MyRemoveOverlay"] simulator status bits: [sbvtcls]  s: created in simulation b: backscatter v: vertex is not endpoint of parent t: decayed in tracker c: decayed in calorimeter l: has left detector s: stopped o: overlay
[ DEBUG5 "MyRemoveOverlay"] [    c s ]
[ DEBUG5 "MyRemoveOverlay"] 
[ DEBUG0 "MyRemoveOverlay"] 	MCParticle at index: 0 has PDG: -211 and MCParticle to Cluster link weight is 1.00e+00
[ DEBUG0 "MyRemoveOverlay"] 	MCParticle at index: 0 with PDG code: -211 has highest link weight to input cluster
[ DEBUG0 "MyRemoveOverlay"] 	Cluster at index: 0 has highest link weight to MCParticle = 1.00e+00
[ DEBUG0 "MyRemoveOverlay"] 	Cluster linked to MCParticle with highest weight
[ DEBUG6 "MyRemoveOverlay"] 		Found a linked MCParticle to cluster
[ DEBUG5 "MyRemoveOverlay"] ----------------------------- MCParticle -----------------------------
[ DEBUG5 "MyRemoveOverlay"] Id                                                               16071
[ DEBUG5 "MyRemoveOverlay"] PDG                                                               -211
[ DEBUG5 "MyRemoveOverlay"] Energy [GeV]                                                  1.21e+00
[ DEBUG5 "MyRemoveOverlay"] Momentum [GeV] (x,y,z)                   -0.561058, -0.124747, 1.05168
[ DEBUG5 "MyRemoveOverlay"] Momentum at Endpoint[GeV] (x,y,z)                                  0, 0, 0
[ DEBUG5 "MyRemoveOverlay"] GeneratorStatus                                                      1
[ DEBUG5 "MyRemoveOverlay"] Vertex [mm] (x,y,z)                        -1.06654, 0.432027, 1.22113
[ DEBUG5 "MyRemoveOverlay"] Endpoint [mm] (x,y,z)                       135.052, -1043.65, 2816.58
[ DEBUG5 "MyRemoveOverlay"] Mass [GeV]                                                    1.40e-01
[ DEBUG5 "MyRemoveOverlay"] Charge                                                       -1.00e+00
[ DEBUG5 "MyRemoveOverlay"] Parents                                                              1
[ DEBUG5 "MyRemoveOverlay"] Daughters                                                            0
[ DEBUG5 "MyRemoveOverlay"] simulator status bits: [sbvtcls]  s: created in simulation b: backscatter v: vertex is not endpoint of parent t: decayed in tracker c: decayed in calorimeter l: has left detector s: stopped o: overlay
[ DEBUG5 "MyRemoveOverlay"] [    c s ]
[ DEBUG5 "MyRemoveOverlay"] 
[ DEBUG7 "MyRemoveOverlay"] 		********** PFO AT INDEX 24 IS NOT OVERLAY **********
[ DEBUG8 "MyRemoveOverlay"] 
[ DEBUG8 "MyRemoveOverlay"] 		-------------------------------------------------------
[ DEBUG8 "MyRemoveOverlay"] 		Processing PFO at index 25
[ DEBUG5 "MyRemoveOverlay"] ------------------ ReconstructedParticle -----------------------------
[ DEBUG5 "MyRemoveOverlay"] Id                                                             0x17585
[ DEBUG5 "MyRemoveOverlay"] Compound                                                             0
[ DEBUG5 "MyRemoveOverlay"] Type                                                              -211
[ DEBUG5 "MyRemoveOverlay"] Momentum (x,y,z)                       -1.14e-01, +3.84e-02, +2.60e-01
[ DEBUG5 "MyRemoveOverlay"] Mass [GeV]                                                    1.40e-01
[ DEBUG5 "MyRemoveOverlay"] Charge [e]                                                   -1.00e+00
[ DEBUG5 "MyRemoveOverlay"] Energy [GeV]                                                  3.19e-01
[ DEBUG5 "MyRemoveOverlay"] ReferencePoint                         -1.55e+01, +4.08e+00, +3.47e+01
[ DEBUG5 "MyRemoveOverlay"] ParticleIDUsed                                                       0
[ DEBUG5 "MyRemoveOverlay"] GoodnessOfPID                                                 0.00e+00
[ DEBUG5 "MyRemoveOverlay"] Covariance p,E:  3.49e-05, -5.65e-06, 1.95e-06, -7.34e-05, 1.25e-05, 
[ DEBUG5 "MyRemoveOverlay"]                  1.61e-04, -7.31e-05, 1.25e-05, 1.59e-04, 1.57e-04
[ DEBUG5 "MyRemoveOverlay"] Particles id:    
[ DEBUG5 "MyRemoveOverlay"] Tracks id:    [00016847]
[ DEBUG5 "MyRemoveOverlay"] Clusters id:  
[ DEBUG5 "MyRemoveOverlay"] Particle ids ( [id], PDG, (type)): 
[ DEBUG5 "MyRemoveOverlay"]                  [00017586], 000011, (000000) 
[ DEBUG5 "MyRemoveOverlay"]                  [00017587], 000011, (000000) 
[ DEBUG5 "MyRemoveOverlay"]                  [00017588], 000011, (000000) 
[ DEBUG5 "MyRemoveOverlay"]                  [00017589], 000011, (000000) 
[ DEBUG5 "MyRemoveOverlay"]                  [00017590], 000000, (000000) 
[ DEBUG5 "MyRemoveOverlay"] 
[ DEBUG5 "MyRemoveOverlay"] 
[ DEBUG0 "MyRemoveOverlay"] 	MCParticle at index: 0 has PDG: -211 and MCParticle to Track link weight is 1.00e+00
[ DEBUG0 "MyRemoveOverlay"] 	MCParticle at index: 0 with PDG code: -211 has highest link weight to input track
[ DEBUG6 "MyRemoveOverlay"] 		Track is not linked to a MCParticle
[ DEBUG7 "MyRemoveOverlay"] 		********** PFO AT INDEX 25 IS NOT OVERLAY **********
[ DEBUG8 "MyRemoveOverlay"] 
[ DEBUG8 "MyRemoveOverlay"] 		-------------------------------------------------------
[ DEBUG8 "MyRemoveOverlay"] 		Processing PFO at index 26
[ DEBUG5 "MyRemoveOverlay"] ------------------ ReconstructedParticle -----------------------------
[ DEBUG5 "MyRemoveOverlay"] Id                                                             0x17591
[ DEBUG5 "MyRemoveOverlay"] Compound                                                             0
[ DEBUG5 "MyRemoveOverlay"] Type                                                               211
[ DEBUG5 "MyRemoveOverlay"] Momentum (x,y,z)                       -5.71e-01, +3.85e-01, +1.46e-01
[ DEBUG5 "MyRemoveOverlay"] Mass [GeV]                                                    1.40e-01
[ DEBUG5 "MyRemoveOverlay"] Charge [e]                                                    1.00e+00
[ DEBUG5 "MyRemoveOverlay"] Energy [GeV]                                                  7.18e-01
[ DEBUG5 "MyRemoveOverlay"] ReferencePoint                         -1.05e+02, +1.16e+02, +1.51e+02
[ DEBUG5 "MyRemoveOverlay"] ParticleIDUsed                                                       0
[ DEBUG5 "MyRemoveOverlay"] GoodnessOfPID                                                 0.00e+00
[ DEBUG5 "MyRemoveOverlay"] Covariance p,E:  9.46e-07, 9.81e-07, 1.94e-06, 3.73e-07, -3.65e-07, 
[ DEBUG5 "MyRemoveOverlay"]                  2.66e-06, -1.51e-07, 1.88e-07, 4.86e-08, 2.30e-07
[ DEBUG5 "MyRemoveOverlay"] Particles id:    
[ DEBUG5 "MyRemoveOverlay"] Tracks id:    [00016812]
[ DEBUG5 "MyRemoveOverlay"] Clusters id:  [00017294]
[ DEBUG5 "MyRemoveOverlay"] Particle ids ( [id], PDG, (type)): 
[ DEBUG5 "MyRemoveOverlay"]                  [00017592], 000011, (000000) 
[ DEBUG5 "MyRemoveOverlay"]                  [00017593], 000011, (000000) 
[ DEBUG5 "MyRemoveOverlay"]                  [00017594], 000000, (000000) 
[ DEBUG5 "MyRemoveOverlay"]                  [00017595], 000211, (000000) 
[ DEBUG5 "MyRemoveOverlay"]                  [00017596], 000211, (000000) 
[ DEBUG5 "MyRemoveOverlay"] 
[ DEBUG5 "MyRemoveOverlay"] 
[ DEBUG0 "MyRemoveOverlay"] 	MCParticle at index: 0 has PDG: 211 and MCParticle to Track link weight is 1.00e+00
[ DEBUG0 "MyRemoveOverlay"] 	MCParticle at index: 0 with PDG code: 211 has highest link weight to input track
[ DEBUG6 "MyRemoveOverlay"] 		Track is not linked to a MCParticle
[ DEBUG6 "MyRemoveOverlay"] 		Cluster is not linked to a MCParticle
[ DEBUG7 "MyRemoveOverlay"] 		********** PFO AT INDEX 26 IS NOT OVERLAY **********
[ DEBUG8 "MyRemoveOverlay"] 
[ DEBUG8 "MyRemoveOverlay"] 		-------------------------------------------------------
[ DEBUG8 "MyRemoveOverlay"] 		Processing PFO at index 27
[ DEBUG5 "MyRemoveOverlay"] ------------------ ReconstructedParticle -----------------------------
[ DEBUG5 "MyRemoveOverlay"] Id                                                             0x17597
[ DEBUG5 "MyRemoveOverlay"] Compound                                                             0
[ DEBUG5 "MyRemoveOverlay"] Type                                                              -321
[ DEBUG5 "MyRemoveOverlay"] Momentum (x,y,z)                       +1.77e-01, -4.20e-01, +3.27e+00
[ DEBUG5 "MyRemoveOverlay"] Mass [GeV]                                                    4.94e-01
[ DEBUG5 "MyRemoveOverlay"] Charge [e]                                                   -1.00e+00
[ DEBUG5 "MyRemoveOverlay"] Energy [GeV]                                                  3.34e+00
[ DEBUG5 "MyRemoveOverlay"] ReferencePoint                         +4.29e+01, -7.82e+01, +6.45e+02
[ DEBUG5 "MyRemoveOverlay"] ParticleIDUsed                                                       0
[ DEBUG5 "MyRemoveOverlay"] GoodnessOfPID                                                 0.00e+00
[ DEBUG5 "MyRemoveOverlay"] Covariance p,E:  2.75e-05, -1.62e-05, 3.35e-05, 1.35e-04, -1.73e-04, 
[ DEBUG5 "MyRemoveOverlay"]                  1.55e-03, 1.36e-04, -1.74e-04, 1.54e-03, 1.54e-03
[ DEBUG5 "MyRemoveOverlay"] Particles id:    
[ DEBUG5 "MyRemoveOverlay"] Tracks id:    [00016837]
[ DEBUG5 "MyRemoveOverlay"] Clusters id:  [00017295]
[ DEBUG5 "MyRemoveOverlay"] Particle ids ( [id], PDG, (type)): 
[ DEBUG5 "MyRemoveOverlay"]                  [00017598], 000011, (000000) 
[ DEBUG5 "MyRemoveOverlay"]                  [00017599], 000000, (000000) 
[ DEBUG5 "MyRemoveOverlay"]                  [00017600], 000000, (000000) 
[ DEBUG5 "MyRemoveOverlay"]                  [00017601], 000000, (000000) 
[ DEBUG5 "MyRemoveOverlay"]                  [00017602], 000000, (000000) 
[ DEBUG5 "MyRemoveOverlay"]                  [00017603], 000000, (000000) 
[ DEBUG5 "MyRemoveOverlay"]                  [00017604], 000211, (000000) 
[ DEBUG5 "MyRemoveOverlay"]                  [00017605], 000211, (000000) 
[ DEBUG5 "MyRemoveOverlay"]                  [00017606], 000211, (000000) 
[ DEBUG5 "MyRemoveOverlay"] 
[ DEBUG5 "MyRemoveOverlay"] 
[ DEBUG0 "MyRemoveOverlay"] 	MCParticle at index: 0 has PDG: -321 and MCParticle to Track link weight is 1.00e+00
[ DEBUG0 "MyRemoveOverlay"] 	MCParticle at index: 0 with PDG code: -321 has highest link weight to input track
[ DEBUG0 "MyRemoveOverlay"] 	Track at index: 0 has highest link weight to MCParticle = 9.09e-01
[ DEBUG0 "MyRemoveOverlay"] 	Track linked to MCParticle with highest weight
[ DEBUG6 "MyRemoveOverlay"] 		Found a linked MCParticle to track
[ DEBUG5 "MyRemoveOverlay"] ----------------------------- MCParticle -----------------------------
[ DEBUG5 "MyRemoveOverlay"] Id                                                               16197
[ DEBUG5 "MyRemoveOverlay"] PDG                                                               -321
[ DEBUG5 "MyRemoveOverlay"] Energy [GeV]                                                  3.33e+00
[ DEBUG5 "MyRemoveOverlay"] Momentum [GeV] (x,y,z)                    0.174828, -0.421442, 3.26077
[ DEBUG5 "MyRemoveOverlay"] Momentum at Endpoint[GeV] (x,y,z)                                  0, 0, 0
[ DEBUG5 "MyRemoveOverlay"] GeneratorStatus                                                      1
[ DEBUG5 "MyRemoveOverlay"] Vertex [mm] (x,y,z)               3.45112e-310, -5.004e-310, -0.211607
[ DEBUG5 "MyRemoveOverlay"] Endpoint [mm] (x,y,z)                       283.631, -230.857, 2799.94
[ DEBUG5 "MyRemoveOverlay"] Mass [GeV]                                                    4.94e-01
[ DEBUG5 "MyRemoveOverlay"] Charge                                                       -1.00e+00
[ DEBUG5 "MyRemoveOverlay"] Parents                                                              1
[ DEBUG5 "MyRemoveOverlay"] Daughters                                                            0
[ DEBUG5 "MyRemoveOverlay"] simulator status bits: [sbvtcls]  s: created in simulation b: backscatter v: vertex is not endpoint of parent t: decayed in tracker c: decayed in calorimeter l: has left detector s: stopped o: overlay
[ DEBUG5 "MyRemoveOverlay"] [    c so]
[ DEBUG5 "MyRemoveOverlay"] 
[ DEBUG6 "MyRemoveOverlay"] 		Cluster is not linked to a MCParticle
[ DEBUG7 "MyRemoveOverlay"] 		********** PFO AT INDEX 27 IS OVERLAY **********
[ DEBUG8 "MyRemoveOverlay"] 
[ DEBUG8 "MyRemoveOverlay"] 		-------------------------------------------------------
[ DEBUG8 "MyRemoveOverlay"] 		Processing PFO at index 28
[ DEBUG5 "MyRemoveOverlay"] ------------------ ReconstructedParticle -----------------------------
[ DEBUG5 "MyRemoveOverlay"] Id                                                             0x17607
[ DEBUG5 "MyRemoveOverlay"] Compound                                                             0
[ DEBUG5 "MyRemoveOverlay"] Type                                                               211
[ DEBUG5 "MyRemoveOverlay"] Momentum (x,y,z)                       +2.26e-01, +9.64e-02, +1.24e-01
[ DEBUG5 "MyRemoveOverlay"] Mass [GeV]                                                    1.40e-01
[ DEBUG5 "MyRemoveOverlay"] Charge [e]                                                    1.00e+00
[ DEBUG5 "MyRemoveOverlay"] Energy [GeV]                                                  3.08e-01
[ DEBUG5 "MyRemoveOverlay"] ReferencePoint                         +1.49e+01, +5.74e+00, +8.00e+00
[ DEBUG5 "MyRemoveOverlay"] ParticleIDUsed                                                       0
[ DEBUG5 "MyRemoveOverlay"] GoodnessOfPID                                                 0.00e+00
[ DEBUG5 "MyRemoveOverlay"] Covariance p,E:  1.73e-06, 3.26e-07, 6.34e-07, 6.09e-07, 1.87e-07, 
[ DEBUG5 "MyRemoveOverlay"]                  8.63e-07, 1.61e-06, 5.12e-07, 8.52e-07, 1.68e-06
[ DEBUG5 "MyRemoveOverlay"] Particles id:    
[ DEBUG5 "MyRemoveOverlay"] Tracks id:    [00016762]
[ DEBUG5 "MyRemoveOverlay"] Clusters id:  
[ DEBUG5 "MyRemoveOverlay"] Particle ids ( [id], PDG, (type)): 
[ DEBUG5 "MyRemoveOverlay"]                  [00017608], 000211, (000000) 
[ DEBUG5 "MyRemoveOverlay"]                  [00017609], 000211, (000000) 
[ DEBUG5 "MyRemoveOverlay"]                  [00017610], 000011, (000000) 
[ DEBUG5 "MyRemoveOverlay"]                  [00017611], 000011, (000000) 
[ DEBUG5 "MyRemoveOverlay"]                  [00017612], 000000, (000000) 
[ DEBUG5 "MyRemoveOverlay"] 
[ DEBUG5 "MyRemoveOverlay"] 
[ DEBUG0 "MyRemoveOverlay"] 	MCParticle at index: 0 has PDG: 211 and MCParticle to Track link weight is 1.00e+00
[ DEBUG0 "MyRemoveOverlay"] 	MCParticle at index: 0 with PDG code: 211 has highest link weight to input track
[ DEBUG6 "MyRemoveOverlay"] 		Track is not linked to a MCParticle
[ DEBUG7 "MyRemoveOverlay"] 		********** PFO AT INDEX 28 IS NOT OVERLAY **********
[ DEBUG8 "MyRemoveOverlay"] 
[ DEBUG8 "MyRemoveOverlay"] 		-------------------------------------------------------
[ DEBUG8 "MyRemoveOverlay"] 		Processing PFO at index 29
[ DEBUG5 "MyRemoveOverlay"] ------------------ ReconstructedParticle -----------------------------
[ DEBUG5 "MyRemoveOverlay"] Id                                                             0x17613
[ DEBUG5 "MyRemoveOverlay"] Compound                                                             0
[ DEBUG5 "MyRemoveOverlay"] Type                                                               211
[ DEBUG5 "MyRemoveOverlay"] Momentum (x,y,z)                       +2.68e-01, +1.92e-01, +2.57e+00
[ DEBUG5 "MyRemoveOverlay"] Mass [GeV]                                                    1.40e-01
[ DEBUG5 "MyRemoveOverlay"] Charge [e]                                                    1.00e+00
[ DEBUG5 "MyRemoveOverlay"] Energy [GeV]                                                  2.59e+00
[ DEBUG5 "MyRemoveOverlay"] ReferencePoint                         +7.66e+01, +3.17e+01, +6.45e+02
[ DEBUG5 "MyRemoveOverlay"] ParticleIDUsed                                                       0
[ DEBUG5 "MyRemoveOverlay"] GoodnessOfPID                                                 0.00e+00
[ DEBUG5 "MyRemoveOverlay"] Covariance p,E:  3.44e-05, 5.43e-06, 1.54e-05, 1.36e-04, 4.25e-05, 
[ DEBUG5 "MyRemoveOverlay"]                  1.08e-03, 1.39e-04, 4.38e-05, 1.09e-03, 1.09e-03
[ DEBUG5 "MyRemoveOverlay"] Particles id:    
[ DEBUG5 "MyRemoveOverlay"] Tracks id:    [00016842]
[ DEBUG5 "MyRemoveOverlay"] Clusters id:  [00017296]
[ DEBUG5 "MyRemoveOverlay"] Particle ids ( [id], PDG, (type)): 
[ DEBUG5 "MyRemoveOverlay"]                  [00017614], 000011, (000000) 
[ DEBUG5 "MyRemoveOverlay"]                  [00017615], 000000, (000000) 
[ DEBUG5 "MyRemoveOverlay"]                  [00017616], 000000, (000000) 
[ DEBUG5 "MyRemoveOverlay"]                  [00017617], 000000, (000000) 
[ DEBUG5 "MyRemoveOverlay"]                  [00017618], 000000, (000000) 
[ DEBUG5 "MyRemoveOverlay"]                  [00017619], 000000, (000000) 
[ DEBUG5 "MyRemoveOverlay"]                  [00017620], 000013, (000000) 
[ DEBUG5 "MyRemoveOverlay"]                  [00017621], 000211, (000000) 
[ DEBUG5 "MyRemoveOverlay"]                  [00017622], 000011, (000000) 
[ DEBUG5 "MyRemoveOverlay"] 
[ DEBUG5 "MyRemoveOverlay"] 
[ DEBUG0 "MyRemoveOverlay"] 	MCParticle at index: 0 has PDG: -13 and MCParticle to Track link weight is 1.00e+00
[ DEBUG0 "MyRemoveOverlay"] 	MCParticle at index: 0 with PDG code: -13 has highest link weight to input track
[ DEBUG0 "MyRemoveOverlay"] 	Track at index: 0 has highest link weight to MCParticle = 1.00e+00
[ DEBUG0 "MyRemoveOverlay"] 	Track linked to MCParticle with highest weight
[ DEBUG6 "MyRemoveOverlay"] 		Found a linked MCParticle to track
[ DEBUG5 "MyRemoveOverlay"] ----------------------------- MCParticle -----------------------------
[ DEBUG5 "MyRemoveOverlay"] Id                                                               16156
[ DEBUG5 "MyRemoveOverlay"] PDG                                                                -13
[ DEBUG5 "MyRemoveOverlay"] Energy [GeV]                                                  2.59e+00
[ DEBUG5 "MyRemoveOverlay"] Momentum [GeV] (x,y,z)                     0.306559, 0.116676, 2.56246
[ DEBUG5 "MyRemoveOverlay"] Momentum at Endpoint[GeV] (x,y,z)                                0, -0, -0
[ DEBUG5 "MyRemoveOverlay"] GeneratorStatus                                                      0
[ DEBUG5 "MyRemoveOverlay"] Vertex [mm] (x,y,z)                           76.4006, 31.6775, 642.72
[ DEBUG5 "MyRemoveOverlay"] Endpoint [mm] (x,y,z)                         555.37, -476.799, 5521.8
[ DEBUG5 "MyRemoveOverlay"] Mass [GeV]                                                    1.06e-01
[ DEBUG5 "MyRemoveOverlay"] Charge                                                        1.00e+00
[ DEBUG5 "MyRemoveOverlay"] Parents                                                              1
[ DEBUG5 "MyRemoveOverlay"] Daughters                                                            0
[ DEBUG5 "MyRemoveOverlay"] simulator status bits: [sbvtcls]  s: created in simulation b: backscatter v: vertex is not endpoint of parent t: decayed in tracker c: decayed in calorimeter l: has left detector s: stopped o: overlay
[ DEBUG5 "MyRemoveOverlay"] [s   c so]
[ DEBUG5 "MyRemoveOverlay"] 
[ DEBUG6 "MyRemoveOverlay"] 		Cluster is not linked to a MCParticle
[ DEBUG7 "MyRemoveOverlay"] 		********** PFO AT INDEX 29 IS OVERLAY **********
[ DEBUG8 "MyRemoveOverlay"] 
[ DEBUG8 "MyRemoveOverlay"] 		-------------------------------------------------------
[ DEBUG8 "MyRemoveOverlay"] 		Processing PFO at index 30
[ DEBUG5 "MyRemoveOverlay"] ------------------ ReconstructedParticle -----------------------------
[ DEBUG5 "MyRemoveOverlay"] Id                                                             0x17623
[ DEBUG5 "MyRemoveOverlay"] Compound                                                             0
[ DEBUG5 "MyRemoveOverlay"] Type                                                              -211
[ DEBUG5 "MyRemoveOverlay"] Momentum (x,y,z)                       -1.24e-01, -1.96e-01, +1.57e-01
[ DEBUG5 "MyRemoveOverlay"] Mass [GeV]                                                    1.40e-01
[ DEBUG5 "MyRemoveOverlay"] Charge [e]                                                   -1.00e+00
[ DEBUG5 "MyRemoveOverlay"] Energy [GeV]                                                  3.13e-01
[ DEBUG5 "MyRemoveOverlay"] ReferencePoint                         -8.20e+00, -1.38e+01, +1.08e+01
[ DEBUG5 "MyRemoveOverlay"] ParticleIDUsed                                                       0
[ DEBUG5 "MyRemoveOverlay"] GoodnessOfPID                                                 0.00e+00
[ DEBUG5 "MyRemoveOverlay"] Covariance p,E:  8.14e-07, 5.21e-07, 1.72e-06, -4.15e-07, -8.29e-07, 
[ DEBUG5 "MyRemoveOverlay"]                  1.19e-06, -8.58e-07, -1.70e-06, 1.28e-06, 2.05e-06
[ DEBUG5 "MyRemoveOverlay"] Particles id:    
[ DEBUG5 "MyRemoveOverlay"] Tracks id:    [00016782]
[ DEBUG5 "MyRemoveOverlay"] Clusters id:  
[ DEBUG5 "MyRemoveOverlay"] Particle ids ( [id], PDG, (type)): 
[ DEBUG5 "MyRemoveOverlay"]                  [00017624], 000211, (000000) 
[ DEBUG5 "MyRemoveOverlay"]                  [00017625], 000211, (000000) 
[ DEBUG5 "MyRemoveOverlay"]                  [00017626], 000011, (000000) 
[ DEBUG5 "MyRemoveOverlay"]                  [00017627], 000011, (000000) 
[ DEBUG5 "MyRemoveOverlay"]                  [00017628], 000000, (000000) 
[ DEBUG5 "MyRemoveOverlay"] 
[ DEBUG5 "MyRemoveOverlay"] 
[ DEBUG0 "MyRemoveOverlay"] 	MCParticle at index: 0 has PDG: -211 and MCParticle to Track link weight is 1.00e+00
[ DEBUG0 "MyRemoveOverlay"] 	MCParticle at index: 0 with PDG code: -211 has highest link weight to input track
[ DEBUG6 "MyRemoveOverlay"] 		Track is not linked to a MCParticle
[ DEBUG7 "MyRemoveOverlay"] 		********** PFO AT INDEX 30 IS NOT OVERLAY **********
[ DEBUG8 "MyRemoveOverlay"] 
[ DEBUG8 "MyRemoveOverlay"] 		-------------------------------------------------------
[ DEBUG8 "MyRemoveOverlay"] 		Processing PFO at index 31
[ DEBUG5 "MyRemoveOverlay"] ------------------ ReconstructedParticle -----------------------------
[ DEBUG5 "MyRemoveOverlay"] Id                                                             0x17629
[ DEBUG5 "MyRemoveOverlay"] Compound                                                             0
[ DEBUG5 "MyRemoveOverlay"] Type                                                              -211
[ DEBUG5 "MyRemoveOverlay"] Momentum (x,y,z)                       -3.23e-01, -4.33e-01, +2.21e-01
[ DEBUG5 "MyRemoveOverlay"] Mass [GeV]                                                    1.40e-01
[ DEBUG5 "MyRemoveOverlay"] Charge [e]                                                   -1.00e+00
[ DEBUG5 "MyRemoveOverlay"] Energy [GeV]                                                  6.00e-01
[ DEBUG5 "MyRemoveOverlay"] ReferencePoint                         -9.34e+00, -1.30e+01, +6.44e+00
[ DEBUG5 "MyRemoveOverlay"] ParticleIDUsed                                                       0
[ DEBUG5 "MyRemoveOverlay"] GoodnessOfPID                                                 0.00e+00
[ DEBUG5 "MyRemoveOverlay"] Covariance p,E:  4.20e-07, -1.02e-07, 3.88e-07, 4.86e-08, 6.64e-08, 
[ DEBUG5 "MyRemoveOverlay"]                  4.69e-07, -1.35e-07, -2.00e-07, 9.86e-08, 2.53e-07
[ DEBUG5 "MyRemoveOverlay"] Particles id:    
[ DEBUG5 "MyRemoveOverlay"] Tracks id:    [00016737]
[ DEBUG5 "MyRemoveOverlay"] Clusters id:  
[ DEBUG5 "MyRemoveOverlay"] Particle ids ( [id], PDG, (type)): 
[ DEBUG5 "MyRemoveOverlay"]                  [00017630], 000211, (000000) 
[ DEBUG5 "MyRemoveOverlay"]                  [00017631], 000211, (000000) 
[ DEBUG5 "MyRemoveOverlay"]                  [00017632], 000011, (000000) 
[ DEBUG5 "MyRemoveOverlay"]                  [00017633], 000011, (000000) 
[ DEBUG5 "MyRemoveOverlay"]                  [00017634], 000000, (000000) 
[ DEBUG5 "MyRemoveOverlay"] 
[ DEBUG5 "MyRemoveOverlay"] 
[ DEBUG0 "MyRemoveOverlay"] 	MCParticle at index: 0 has PDG: -211 and MCParticle to Track link weight is 1.00e+00
[ DEBUG0 "MyRemoveOverlay"] 	MCParticle at index: 0 with PDG code: -211 has highest link weight to input track
[ DEBUG6 "MyRemoveOverlay"] 		Track is not linked to a MCParticle
[ DEBUG7 "MyRemoveOverlay"] 		********** PFO AT INDEX 31 IS NOT OVERLAY **********
[ DEBUG8 "MyRemoveOverlay"] 
[ DEBUG8 "MyRemoveOverlay"] 		-------------------------------------------------------
[ DEBUG8 "MyRemoveOverlay"] 		Processing PFO at index 32
[ DEBUG5 "MyRemoveOverlay"] ------------------ ReconstructedParticle -----------------------------
[ DEBUG5 "MyRemoveOverlay"] Id                                                             0x17635
[ DEBUG5 "MyRemoveOverlay"] Compound                                                             0
[ DEBUG5 "MyRemoveOverlay"] Type                                                               211
[ DEBUG5 "MyRemoveOverlay"] Momentum (x,y,z)                       +1.65e-01, +3.08e-01, +1.10e+00
[ DEBUG5 "MyRemoveOverlay"] Mass [GeV]                                                    1.40e-01
[ DEBUG5 "MyRemoveOverlay"] Charge [e]                                                    1.00e+00
[ DEBUG5 "MyRemoveOverlay"] Energy [GeV]                                                  1.16e+00
[ DEBUG5 "MyRemoveOverlay"] ReferencePoint                         +1.96e+01, +3.28e+01, +1.19e+02
[ DEBUG5 "MyRemoveOverlay"] ParticleIDUsed                                                       0
[ DEBUG5 "MyRemoveOverlay"] GoodnessOfPID                                                 0.00e+00
[ DEBUG5 "MyRemoveOverlay"] Covariance p,E:  4.07e-06, 7.38e-07, 3.98e-06, 2.26e-06, 3.10e-06, 
[ DEBUG5 "MyRemoveOverlay"]                  1.53e-05, 2.91e-06, 4.10e-06, 1.56e-05, 1.63e-05
[ DEBUG5 "MyRemoveOverlay"] Particles id:    
[ DEBUG5 "MyRemoveOverlay"] Tracks id:    [00016707]
[ DEBUG5 "MyRemoveOverlay"] Clusters id:  [00017297]
[ DEBUG5 "MyRemoveOverlay"] Particle ids ( [id], PDG, (type)): 
[ DEBUG5 "MyRemoveOverlay"]                  [00017636], 000211, (000000) 
[ DEBUG5 "MyRemoveOverlay"]                  [00017637], 000211, (000000) 
[ DEBUG5 "MyRemoveOverlay"]                  [00017638], 000000, (000000) 
[ DEBUG5 "MyRemoveOverlay"]                  [00017639], 000000, (000000) 
[ DEBUG5 "MyRemoveOverlay"]                  [00017640], 000000, (000000) 
[ DEBUG5 "MyRemoveOverlay"]                  [00017641], 000000, (000000) 
[ DEBUG5 "MyRemoveOverlay"]                  [00017642], 000211, (000000) 
[ DEBUG5 "MyRemoveOverlay"]                  [00017643], 000211, (000000) 
[ DEBUG5 "MyRemoveOverlay"]                  [00017644], 000211, (000000) 
[ DEBUG5 "MyRemoveOverlay"] 
[ DEBUG5 "MyRemoveOverlay"] 
[ DEBUG0 "MyRemoveOverlay"] 	MCParticle at index: 0 has PDG: 211 and MCParticle to Track link weight is 1.00e+00
[ DEBUG0 "MyRemoveOverlay"] 	MCParticle at index: 0 with PDG code: 211 has highest link weight to input track
[ DEBUG0 "MyRemoveOverlay"] 	Track at index: 0 has highest link weight to MCParticle = 9.32e-01
[ DEBUG0 "MyRemoveOverlay"] 	Track linked to MCParticle with highest weight
[ DEBUG6 "MyRemoveOverlay"] 		Found a linked MCParticle to track
[ DEBUG5 "MyRemoveOverlay"] ----------------------------- MCParticle -----------------------------
[ DEBUG5 "MyRemoveOverlay"] Id                                                               16189
[ DEBUG5 "MyRemoveOverlay"] PDG                                                                211
[ DEBUG5 "MyRemoveOverlay"] Energy [GeV]                                                  1.16e+00
[ DEBUG5 "MyRemoveOverlay"] Momentum [GeV] (x,y,z)                     0.164127, 0.312375, 1.09614
[ DEBUG5 "MyRemoveOverlay"] Momentum at Endpoint[GeV] (x,y,z)                                 0, -0, 0
[ DEBUG5 "MyRemoveOverlay"] GeneratorStatus                                                      1
[ DEBUG5 "MyRemoveOverlay"] Vertex [mm] (x,y,z)              4.83022e-310, 1.43145e-308, -0.211607
[ DEBUG5 "MyRemoveOverlay"] Endpoint [mm] (x,y,z)                       631.913, -112.488, 2580.36
[ DEBUG5 "MyRemoveOverlay"] Mass [GeV]                                                    1.40e-01
[ DEBUG5 "MyRemoveOverlay"] Charge                                                        1.00e+00
[ DEBUG5 "MyRemoveOverlay"] Parents                                                              1
[ DEBUG5 "MyRemoveOverlay"] Daughters                                                            0
[ DEBUG5 "MyRemoveOverlay"] simulator status bits: [sbvtcls]  s: created in simulation b: backscatter v: vertex is not endpoint of parent t: decayed in tracker c: decayed in calorimeter l: has left detector s: stopped o: overlay
[ DEBUG5 "MyRemoveOverlay"] [    c so]
[ DEBUG5 "MyRemoveOverlay"] 
[ DEBUG0 "MyRemoveOverlay"] 	MCParticle at index: 1 has PDG: 211 and MCParticle to Cluster link weight is 9.31e-01
[ DEBUG0 "MyRemoveOverlay"] 	MCParticle at index: 1 with PDG code: 211 has highest link weight to input cluster
[ DEBUG0 "MyRemoveOverlay"] 	Cluster at index: 0 has highest link weight to MCParticle = 9.86e-01
[ DEBUG0 "MyRemoveOverlay"] 	Cluster linked to MCParticle with highest weight
[ DEBUG6 "MyRemoveOverlay"] 		Found a linked MCParticle to cluster
[ DEBUG5 "MyRemoveOverlay"] ----------------------------- MCParticle -----------------------------
[ DEBUG5 "MyRemoveOverlay"] Id                                                               16189
[ DEBUG5 "MyRemoveOverlay"] PDG                                                                211
[ DEBUG5 "MyRemoveOverlay"] Energy [GeV]                                                  1.16e+00
[ DEBUG5 "MyRemoveOverlay"] Momentum [GeV] (x,y,z)                     0.164127, 0.312375, 1.09614
[ DEBUG5 "MyRemoveOverlay"] Momentum at Endpoint[GeV] (x,y,z)                                 0, -0, 0
[ DEBUG5 "MyRemoveOverlay"] GeneratorStatus                                                      1
[ DEBUG5 "MyRemoveOverlay"] Vertex [mm] (x,y,z)              4.83022e-310, 1.43145e-308, -0.211607
[ DEBUG5 "MyRemoveOverlay"] Endpoint [mm] (x,y,z)                       631.913, -112.488, 2580.36
[ DEBUG5 "MyRemoveOverlay"] Mass [GeV]                                                    1.40e-01
[ DEBUG5 "MyRemoveOverlay"] Charge                                                        1.00e+00
[ DEBUG5 "MyRemoveOverlay"] Parents                                                              1
[ DEBUG5 "MyRemoveOverlay"] Daughters                                                            0
[ DEBUG5 "MyRemoveOverlay"] simulator status bits: [sbvtcls]  s: created in simulation b: backscatter v: vertex is not endpoint of parent t: decayed in tracker c: decayed in calorimeter l: has left detector s: stopped o: overlay
[ DEBUG5 "MyRemoveOverlay"] [    c so]
[ DEBUG5 "MyRemoveOverlay"] 
[ DEBUG7 "MyRemoveOverlay"] 		********** PFO AT INDEX 32 IS OVERLAY **********
[ DEBUG8 "MyRemoveOverlay"] 
[ DEBUG8 "MyRemoveOverlay"] 		-------------------------------------------------------
[ DEBUG8 "MyRemoveOverlay"] 		Processing PFO at index 33
[ DEBUG5 "MyRemoveOverlay"] ------------------ ReconstructedParticle -----------------------------
[ DEBUG5 "MyRemoveOverlay"] Id                                                             0x17645
[ DEBUG5 "MyRemoveOverlay"] Compound                                                             0
[ DEBUG5 "MyRemoveOverlay"] Type                                                              -211
[ DEBUG5 "MyRemoveOverlay"] Momentum (x,y,z)                       -1.55e-01, -9.80e-01, +1.31e+00
[ DEBUG5 "MyRemoveOverlay"] Mass [GeV]                                                    1.40e-01
[ DEBUG5 "MyRemoveOverlay"] Charge [e]                                                   -1.00e+00
[ DEBUG5 "MyRemoveOverlay"] Energy [GeV]                                                  1.65e+00
[ DEBUG5 "MyRemoveOverlay"] ReferencePoint                         -2.37e+00, -1.60e+01, +2.12e+01
[ DEBUG5 "MyRemoveOverlay"] ParticleIDUsed                                                       0
[ DEBUG5 "MyRemoveOverlay"] GoodnessOfPID                                                 0.00e+00
[ DEBUG5 "MyRemoveOverlay"] Covariance p,E:  8.09e-07, 8.75e-08, 1.57e-06, -1.30e-07, -1.07e-06, 
[ DEBUG5 "MyRemoveOverlay"]                  2.18e-06, -2.31e-07, -1.79e-06, 2.38e-06, 2.98e-06
[ DEBUG5 "MyRemoveOverlay"] Particles id:    
[ DEBUG5 "MyRemoveOverlay"] Tracks id:    [00016767]
[ DEBUG5 "MyRemoveOverlay"] Clusters id:  [00017298]
[ DEBUG5 "MyRemoveOverlay"] Particle ids ( [id], PDG, (type)): 
[ DEBUG5 "MyRemoveOverlay"]                  [00017646], 000211, (000000) 
[ DEBUG5 "MyRemoveOverlay"]                  [00017647], 000321, (000000) 
[ DEBUG5 "MyRemoveOverlay"]                  [00017648], 000000, (000000) 
[ DEBUG5 "MyRemoveOverlay"]                  [00017649], 000000, (000000) 
[ DEBUG5 "MyRemoveOverlay"]                  [00017650], 000000, (000000) 
[ DEBUG5 "MyRemoveOverlay"]                  [00017651], 000000, (000000) 
[ DEBUG5 "MyRemoveOverlay"]                  [00017652], 000211, (000000) 
[ DEBUG5 "MyRemoveOverlay"]                  [00017653], 000211, (000000) 
[ DEBUG5 "MyRemoveOverlay"]                  [00017654], 000011, (000000) 
[ DEBUG5 "MyRemoveOverlay"] 
[ DEBUG5 "MyRemoveOverlay"] 
[ DEBUG0 "MyRemoveOverlay"] 	MCParticle at index: 0 has PDG: -211 and MCParticle to Track link weight is 1.00e+00
[ DEBUG0 "MyRemoveOverlay"] 	MCParticle at index: 0 with PDG code: -211 has highest link weight to input track
[ DEBUG0 "MyRemoveOverlay"] 	Track at index: 0 has highest link weight to MCParticle = 9.90e-01
[ DEBUG0 "MyRemoveOverlay"] 	Track linked to MCParticle with highest weight
[ DEBUG6 "MyRemoveOverlay"] 		Found a linked MCParticle to track
[ DEBUG5 "MyRemoveOverlay"] ----------------------------- MCParticle -----------------------------
[ DEBUG5 "MyRemoveOverlay"] Id                                                               16016
[ DEBUG5 "MyRemoveOverlay"] PDG                                                               -211
[ DEBUG5 "MyRemoveOverlay"] Energy [GeV]                                                  1.65e+00
[ DEBUG5 "MyRemoveOverlay"] Momentum [GeV] (x,y,z)                   -0.154071, -0.981227, 1.31036
[ DEBUG5 "MyRemoveOverlay"] Momentum at Endpoint[GeV] (x,y,z)                                  0, 0, 0
[ DEBUG5 "MyRemoveOverlay"] GeneratorStatus                                                      1
[ DEBUG5 "MyRemoveOverlay"] Vertex [mm] (x,y,z)             -3.19684e-309, -7.1867e-309, -0.121879
[ DEBUG5 "MyRemoveOverlay"] Endpoint [mm] (x,y,z)                       1157.28, -1063.49, 2438.91
[ DEBUG5 "MyRemoveOverlay"] Mass [GeV]                                                    1.40e-01
[ DEBUG5 "MyRemoveOverlay"] Charge                                                       -1.00e+00
[ DEBUG5 "MyRemoveOverlay"] Parents                                                              1
[ DEBUG5 "MyRemoveOverlay"] Daughters                                                            0
[ DEBUG5 "MyRemoveOverlay"] simulator status bits: [sbvtcls]  s: created in simulation b: backscatter v: vertex is not endpoint of parent t: decayed in tracker c: decayed in calorimeter l: has left detector s: stopped o: overlay
[ DEBUG5 "MyRemoveOverlay"] [    c s ]
[ DEBUG5 "MyRemoveOverlay"] 
[ DEBUG0 "MyRemoveOverlay"] 	MCParticle at index: 0 has PDG: -211 and MCParticle to Cluster link weight is 1.00e+00
[ DEBUG0 "MyRemoveOverlay"] 	MCParticle at index: 0 with PDG code: -211 has highest link weight to input cluster
[ DEBUG0 "MyRemoveOverlay"] 	Cluster at index: 0 has highest link weight to MCParticle = 9.65e-01
[ DEBUG0 "MyRemoveOverlay"] 	Cluster linked to MCParticle with highest weight
[ DEBUG6 "MyRemoveOverlay"] 		Found a linked MCParticle to cluster
[ DEBUG5 "MyRemoveOverlay"] ----------------------------- MCParticle -----------------------------
[ DEBUG5 "MyRemoveOverlay"] Id                                                               16016
[ DEBUG5 "MyRemoveOverlay"] PDG                                                               -211
[ DEBUG5 "MyRemoveOverlay"] Energy [GeV]                                                  1.65e+00
[ DEBUG5 "MyRemoveOverlay"] Momentum [GeV] (x,y,z)                   -0.154071, -0.981227, 1.31036
[ DEBUG5 "MyRemoveOverlay"] Momentum at Endpoint[GeV] (x,y,z)                                  0, 0, 0
[ DEBUG5 "MyRemoveOverlay"] GeneratorStatus                                                      1
[ DEBUG5 "MyRemoveOverlay"] Vertex [mm] (x,y,z)             -3.19684e-309, -7.1867e-309, -0.121879
[ DEBUG5 "MyRemoveOverlay"] Endpoint [mm] (x,y,z)                       1157.28, -1063.49, 2438.91
[ DEBUG5 "MyRemoveOverlay"] Mass [GeV]                                                    1.40e-01
[ DEBUG5 "MyRemoveOverlay"] Charge                                                       -1.00e+00
[ DEBUG5 "MyRemoveOverlay"] Parents                                                              1
[ DEBUG5 "MyRemoveOverlay"] Daughters                                                            0
[ DEBUG5 "MyRemoveOverlay"] simulator status bits: [sbvtcls]  s: created in simulation b: backscatter v: vertex is not endpoint of parent t: decayed in tracker c: decayed in calorimeter l: has left detector s: stopped o: overlay
[ DEBUG5 "MyRemoveOverlay"] [    c s ]
[ DEBUG5 "MyRemoveOverlay"] 
[ DEBUG7 "MyRemoveOverlay"] 		********** PFO AT INDEX 33 IS NOT OVERLAY **********
[ DEBUG8 "MyRemoveOverlay"] 
[ DEBUG8 "MyRemoveOverlay"] 		-------------------------------------------------------
[ DEBUG8 "MyRemoveOverlay"] 		Processing PFO at index 34
[ DEBUG5 "MyRemoveOverlay"] ------------------ ReconstructedParticle -----------------------------
[ DEBUG5 "MyRemoveOverlay"] Id                                                             0x17655
[ DEBUG5 "MyRemoveOverlay"] Compound                                                             0
[ DEBUG5 "MyRemoveOverlay"] Type                                                                22
[ DEBUG5 "MyRemoveOverlay"] Momentum (x,y,z)                       -2.60e-01, -2.43e-01, -4.42e-01
[ DEBUG5 "MyRemoveOverlay"] Mass [GeV]                                                    0.00e+00
[ DEBUG5 "MyRemoveOverlay"] Charge [e]                                                    0.00e+00
[ DEBUG5 "MyRemoveOverlay"] Energy [GeV]                                                  5.68e-01
[ DEBUG5 "MyRemoveOverlay"] ReferencePoint                         -1.34e+03, -1.25e+03, -2.28e+03
[ DEBUG5 "MyRemoveOverlay"] ParticleIDUsed                                                       0
[ DEBUG5 "MyRemoveOverlay"] GoodnessOfPID                                                 0.00e+00
[ DEBUG5 "MyRemoveOverlay"] Covariance p,E:  3.26e-03, 3.06e-03, 2.86e-03, 5.55e-03, 5.20e-03, 
[ DEBUG5 "MyRemoveOverlay"]                  9.46e-03, -7.13e-03, -6.68e-03, -1.21e-02, 1.56e-02
[ DEBUG5 "MyRemoveOverlay"] Particles id:    
[ DEBUG5 "MyRemoveOverlay"] Tracks id:    
[ DEBUG5 "MyRemoveOverlay"] Clusters id:  [00017299]
[ DEBUG5 "MyRemoveOverlay"] Particle ids ( [id], PDG, (type)): 
[ DEBUG5 "MyRemoveOverlay"]                  [00017656], 000000, (000000) 
[ DEBUG5 "MyRemoveOverlay"]                  [00017657], 000000, (000000) 
[ DEBUG5 "MyRemoveOverlay"]                  [00017658], 000000, (000000) 
[ DEBUG5 "MyRemoveOverlay"]                  [00017659], 000000, (000000) 
[ DEBUG5 "MyRemoveOverlay"] 
[ DEBUG5 "MyRemoveOverlay"] 
[ DEBUG0 "MyRemoveOverlay"] 	MCParticle at index: 0 has PDG: 22 and MCParticle to Cluster link weight is 1.00e+00
[ DEBUG0 "MyRemoveOverlay"] 	MCParticle at index: 0 with PDG code: 22 has highest link weight to input cluster
[ DEBUG0 "MyRemoveOverlay"] 	Cluster at index: 0 has highest link weight to MCParticle = 9.94e-01
[ DEBUG0 "MyRemoveOverlay"] 	Cluster linked to MCParticle with highest weight
[ DEBUG6 "MyRemoveOverlay"] 		Found a linked MCParticle to cluster
[ DEBUG5 "MyRemoveOverlay"] ----------------------------- MCParticle -----------------------------
[ DEBUG5 "MyRemoveOverlay"] Id                                                               16220
[ DEBUG5 "MyRemoveOverlay"] PDG                                                                 22
[ DEBUG5 "MyRemoveOverlay"] Energy [GeV]                                                  6.10e-01
[ DEBUG5 "MyRemoveOverlay"] Momentum [GeV] (x,y,z)                 -0.279489, -0.260804, -0.474887
[ DEBUG5 "MyRemoveOverlay"] Momentum at Endpoint[GeV] (x,y,z)                               -0, -0, -0
[ DEBUG5 "MyRemoveOverlay"] GeneratorStatus                                                      1
[ DEBUG5 "MyRemoveOverlay"] Vertex [mm] (x,y,z)               -2.25166e-05, -1.48298e-05, 0.132971
[ DEBUG5 "MyRemoveOverlay"] Endpoint [mm] (x,y,z)                     -1321.21, -1232.88, -2244.77
[ DEBUG5 "MyRemoveOverlay"] Mass [GeV]                                                    0.00e+00
[ DEBUG5 "MyRemoveOverlay"] Charge                                                        0.00e+00
[ DEBUG5 "MyRemoveOverlay"] Parents                                                              1
[ DEBUG5 "MyRemoveOverlay"] Daughters                                                            0
[ DEBUG5 "MyRemoveOverlay"] simulator status bits: [sbvtcls]  s: created in simulation b: backscatter v: vertex is not endpoint of parent t: decayed in tracker c: decayed in calorimeter l: has left detector s: stopped o: overlay
[ DEBUG5 "MyRemoveOverlay"] [    c so]
[ DEBUG5 "MyRemoveOverlay"] 
[ DEBUG7 "MyRemoveOverlay"] 		********** PFO AT INDEX 34 IS OVERLAY **********
[ DEBUG8 "MyRemoveOverlay"] 
[ DEBUG8 "MyRemoveOverlay"] 		-------------------------------------------------------
[ DEBUG8 "MyRemoveOverlay"] 		Processing PFO at index 35
[ DEBUG5 "MyRemoveOverlay"] ------------------ ReconstructedParticle -----------------------------
[ DEBUG5 "MyRemoveOverlay"] Id                                                             0x17660
[ DEBUG5 "MyRemoveOverlay"] Compound                                                             0
[ DEBUG5 "MyRemoveOverlay"] Type                                                                22
[ DEBUG5 "MyRemoveOverlay"] Momentum (x,y,z)                       -3.46e-01, -1.41e-01, -4.01e-01
[ DEBUG5 "MyRemoveOverlay"] Mass [GeV]                                                    0.00e+00
[ DEBUG5 "MyRemoveOverlay"] Charge [e]                                                    0.00e+00
[ DEBUG5 "MyRemoveOverlay"] Energy [GeV]                                                  5.48e-01
[ DEBUG5 "MyRemoveOverlay"] ReferencePoint                         -1.84e+03, -7.50e+02, -2.14e+03
[ DEBUG5 "MyRemoveOverlay"] ParticleIDUsed                                                       0
[ DEBUG5 "MyRemoveOverlay"] GoodnessOfPID                                                 0.00e+00
[ DEBUG5 "MyRemoveOverlay"] Covariance p,E:  6.07e-03, 2.47e-03, 1.00e-03, 7.03e-03, 2.86e-03, 
[ DEBUG5 "MyRemoveOverlay"]                  8.15e-03, -9.61e-03, -3.91e-03, -1.11e-02, 1.52e-02
[ DEBUG5 "MyRemoveOverlay"] Particles id:    
[ DEBUG5 "MyRemoveOverlay"] Tracks id:    
[ DEBUG5 "MyRemoveOverlay"] Clusters id:  [00017300]
[ DEBUG5 "MyRemoveOverlay"] Particle ids ( [id], PDG, (type)): 
[ DEBUG5 "MyRemoveOverlay"]                  [00017661], 000000, (000000) 
[ DEBUG5 "MyRemoveOverlay"]                  [00017662], 000000, (000000) 
[ DEBUG5 "MyRemoveOverlay"]                  [00017663], 000000, (000000) 
[ DEBUG5 "MyRemoveOverlay"]                  [00017664], 000000, (000000) 
[ DEBUG5 "MyRemoveOverlay"] 
[ DEBUG5 "MyRemoveOverlay"] 
[ DEBUG0 "MyRemoveOverlay"] 	MCParticle at index: 0 has PDG: 22 and MCParticle to Cluster link weight is 1.00e+00
[ DEBUG0 "MyRemoveOverlay"] 	MCParticle at index: 0 with PDG code: 22 has highest link weight to input cluster
[ DEBUG0 "MyRemoveOverlay"] 	Cluster at index: 0 has highest link weight to MCParticle = 1.00e+00
[ DEBUG0 "MyRemoveOverlay"] 	Cluster linked to MCParticle with highest weight
[ DEBUG6 "MyRemoveOverlay"] 		Found a linked MCParticle to cluster
[ DEBUG5 "MyRemoveOverlay"] ----------------------------- MCParticle -----------------------------
[ DEBUG5 "MyRemoveOverlay"] Id                                                               16221
[ DEBUG5 "MyRemoveOverlay"] PDG                                                                 22
[ DEBUG5 "MyRemoveOverlay"] Energy [GeV]                                                  4.74e-01
[ DEBUG5 "MyRemoveOverlay"] Momentum [GeV] (x,y,z)                 -0.301052, -0.121551, -0.345675
[ DEBUG5 "MyRemoveOverlay"] Momentum at Endpoint[GeV] (x,y,z)                               -0, -0, -0
[ DEBUG5 "MyRemoveOverlay"] GeneratorStatus                                                      1
[ DEBUG5 "MyRemoveOverlay"] Vertex [mm] (x,y,z)               -2.25166e-05, -1.48298e-05, 0.132971
[ DEBUG5 "MyRemoveOverlay"] Endpoint [mm] (x,y,z)                     -1807.25, -729.684, -2074.99
[ DEBUG5 "MyRemoveOverlay"] Mass [GeV]                                                    0.00e+00
[ DEBUG5 "MyRemoveOverlay"] Charge                                                        0.00e+00
[ DEBUG5 "MyRemoveOverlay"] Parents                                                              1
[ DEBUG5 "MyRemoveOverlay"] Daughters                                                            0
[ DEBUG5 "MyRemoveOverlay"] simulator status bits: [sbvtcls]  s: created in simulation b: backscatter v: vertex is not endpoint of parent t: decayed in tracker c: decayed in calorimeter l: has left detector s: stopped o: overlay
[ DEBUG5 "MyRemoveOverlay"] [    c so]
[ DEBUG5 "MyRemoveOverlay"] 
[ DEBUG7 "MyRemoveOverlay"] 		********** PFO AT INDEX 35 IS OVERLAY **********
[ DEBUG8 "MyRemoveOverlay"] 
[ DEBUG8 "MyRemoveOverlay"] 		-------------------------------------------------------
[ DEBUG8 "MyRemoveOverlay"] 		Processing PFO at index 36
[ DEBUG5 "MyRemoveOverlay"] ------------------ ReconstructedParticle -----------------------------
[ DEBUG5 "MyRemoveOverlay"] Id                                                             0x17665
[ DEBUG5 "MyRemoveOverlay"] Compound                                                             0
[ DEBUG5 "MyRemoveOverlay"] Type                                                                22
[ DEBUG5 "MyRemoveOverlay"] Momentum (x,y,z)                       -1.24e-01, +7.96e-02, +8.09e-02
[ DEBUG5 "MyRemoveOverlay"] Mass [GeV]                                                    0.00e+00
[ DEBUG5 "MyRemoveOverlay"] Charge [e]                                                    0.00e+00
[ DEBUG5 "MyRemoveOverlay"] Energy [GeV]                                                  1.68e-01
[ DEBUG5 "MyRemoveOverlay"] ReferencePoint                         -1.58e+03, +1.01e+03, +1.03e+03
[ DEBUG5 "MyRemoveOverlay"] ParticleIDUsed                                                       0
[ DEBUG5 "MyRemoveOverlay"] GoodnessOfPID                                                 0.00e+00
[ DEBUG5 "MyRemoveOverlay"] Covariance p,E:  2.59e-03, -1.66e-03, 1.06e-03, -1.69e-03, 1.08e-03, 
[ DEBUG5 "MyRemoveOverlay"]                  1.10e-03, -3.50e-03, 2.25e-03, 2.29e-03, 4.75e-03
[ DEBUG5 "MyRemoveOverlay"] Particles id:    
[ DEBUG5 "MyRemoveOverlay"] Tracks id:    
[ DEBUG5 "MyRemoveOverlay"] Clusters id:  [00017301]
[ DEBUG5 "MyRemoveOverlay"] Particle ids ( [id], PDG, (type)): 
[ DEBUG5 "MyRemoveOverlay"]                  [00017666], 000000, (000000) 
[ DEBUG5 "MyRemoveOverlay"]                  [00017667], 000000, (000000) 
[ DEBUG5 "MyRemoveOverlay"]                  [00017668], 000000, (000000) 
[ DEBUG5 "MyRemoveOverlay"]                  [00017669], 000000, (000000) 
[ DEBUG5 "MyRemoveOverlay"] 
[ DEBUG5 "MyRemoveOverlay"] 
[ DEBUG0 "MyRemoveOverlay"] 	MCParticle at index: 0 has PDG: 22 and MCParticle to Cluster link weight is 1.00e+00
[ DEBUG0 "MyRemoveOverlay"] 	MCParticle at index: 0 with PDG code: 22 has highest link weight to input cluster
[ DEBUG0 "MyRemoveOverlay"] 	Cluster at index: 0 has highest link weight to MCParticle = 1.00e+00
[ DEBUG0 "MyRemoveOverlay"] 	Cluster linked to MCParticle with highest weight
[ DEBUG6 "MyRemoveOverlay"] 		Found a linked MCParticle to cluster
[ DEBUG5 "MyRemoveOverlay"] ----------------------------- MCParticle -----------------------------
[ DEBUG5 "MyRemoveOverlay"] Id                                                               16073
[ DEBUG5 "MyRemoveOverlay"] PDG                                                                 22
[ DEBUG5 "MyRemoveOverlay"] Energy [GeV]                                                  2.48e-01
[ DEBUG5 "MyRemoveOverlay"] Momentum [GeV] (x,y,z)                   -0.182958, 0.117465, 0.119549
[ DEBUG5 "MyRemoveOverlay"] Momentum at Endpoint[GeV] (x,y,z)                                 -0, 0, 0
[ DEBUG5 "MyRemoveOverlay"] GeneratorStatus                                                      1
[ DEBUG5 "MyRemoveOverlay"] Vertex [mm] (x,y,z)                      -0.887208, 0.340251, 0.938859
[ DEBUG5 "MyRemoveOverlay"] Endpoint [mm] (x,y,z)                       -1557.22, 999.555, 1017.88
[ DEBUG5 "MyRemoveOverlay"] Mass [GeV]                                                    5.27e-09
[ DEBUG5 "MyRemoveOverlay"] Charge                                                        0.00e+00
[ DEBUG5 "MyRemoveOverlay"] Parents                                                              1
[ DEBUG5 "MyRemoveOverlay"] Daughters                                                            0
[ DEBUG5 "MyRemoveOverlay"] simulator status bits: [sbvtcls]  s: created in simulation b: backscatter v: vertex is not endpoint of parent t: decayed in tracker c: decayed in calorimeter l: has left detector s: stopped o: overlay
[ DEBUG5 "MyRemoveOverlay"] [    c s ]
[ DEBUG5 "MyRemoveOverlay"] 
[ DEBUG7 "MyRemoveOverlay"] 		********** PFO AT INDEX 36 IS NOT OVERLAY **********
[ DEBUG8 "MyRemoveOverlay"] 
[ DEBUG8 "MyRemoveOverlay"] 		-------------------------------------------------------
[ DEBUG8 "MyRemoveOverlay"] 		Processing PFO at index 37
[ DEBUG5 "MyRemoveOverlay"] ------------------ ReconstructedParticle -----------------------------
[ DEBUG5 "MyRemoveOverlay"] Id                                                             0x17670
[ DEBUG5 "MyRemoveOverlay"] Compound                                                             0
[ DEBUG5 "MyRemoveOverlay"] Type                                                                22
[ DEBUG5 "MyRemoveOverlay"] Momentum (x,y,z)                       -4.92e-01, +1.26e-01, +3.18e-01
[ DEBUG5 "MyRemoveOverlay"] Mass [GeV]                                                    0.00e+00
[ DEBUG5 "MyRemoveOverlay"] Charge [e]                                                    0.00e+00
[ DEBUG5 "MyRemoveOverlay"] Energy [GeV]                                                  6.00e-01
[ DEBUG5 "MyRemoveOverlay"] ReferencePoint                         -1.86e+03, +4.75e+02, +1.20e+03
[ DEBUG5 "MyRemoveOverlay"] ParticleIDUsed                                                       0
[ DEBUG5 "MyRemoveOverlay"] GoodnessOfPID                                                 0.00e+00
[ DEBUG5 "MyRemoveOverlay"] Covariance p,E:  1.15e-02, -2.94e-03, 7.54e-04, -7.44e-03, 1.90e-03, 
[ DEBUG5 "MyRemoveOverlay"]                  4.82e-03, -1.40e-02, 3.58e-03, 9.07e-03, 1.71e-02
[ DEBUG5 "MyRemoveOverlay"] Particles id:    
[ DEBUG5 "MyRemoveOverlay"] Tracks id:    
[ DEBUG5 "MyRemoveOverlay"] Clusters id:  [00017302]
[ DEBUG5 "MyRemoveOverlay"] Particle ids ( [id], PDG, (type)): 
[ DEBUG5 "MyRemoveOverlay"]                  [00017671], 000000, (000000) 
[ DEBUG5 "MyRemoveOverlay"]                  [00017672], 000000, (000000) 
[ DEBUG5 "MyRemoveOverlay"]                  [00017673], 000000, (000000) 
[ DEBUG5 "MyRemoveOverlay"]                  [00017674], 000000, (000000) 
[ DEBUG5 "MyRemoveOverlay"] 
[ DEBUG5 "MyRemoveOverlay"] 
[ DEBUG0 "MyRemoveOverlay"] 	MCParticle at index: 0 has PDG: 22 and MCParticle to Cluster link weight is 1.00e+00
[ DEBUG0 "MyRemoveOverlay"] 	MCParticle at index: 0 with PDG code: 22 has highest link weight to input cluster
[ DEBUG0 "MyRemoveOverlay"] 	Cluster at index: 0 has highest link weight to MCParticle = 1.00e+00
[ DEBUG0 "MyRemoveOverlay"] 	Cluster linked to MCParticle with highest weight
[ DEBUG6 "MyRemoveOverlay"] 		Found a linked MCParticle to cluster
[ DEBUG5 "MyRemoveOverlay"] ----------------------------- MCParticle -----------------------------
[ DEBUG5 "MyRemoveOverlay"] Id                                                               16076
[ DEBUG5 "MyRemoveOverlay"] PDG                                                                 22
[ DEBUG5 "MyRemoveOverlay"] Energy [GeV]                                                  8.27e-01
[ DEBUG5 "MyRemoveOverlay"] Momentum [GeV] (x,y,z)                   -0.678357, 0.174192, 0.440392
[ DEBUG5 "MyRemoveOverlay"] Momentum at Endpoint[GeV] (x,y,z)                                 -0, 0, 0
[ DEBUG5 "MyRemoveOverlay"] GeneratorStatus                                                      1
[ DEBUG5 "MyRemoveOverlay"] Vertex [mm] (x,y,z)                      -0.887466, 0.340278, 0.939062
[ DEBUG5 "MyRemoveOverlay"] Endpoint [mm] (x,y,z)                       -1804.85, 463.571, 1172.08
[ DEBUG5 "MyRemoveOverlay"] Mass [GeV]                                                    1.05e-08
[ DEBUG5 "MyRemoveOverlay"] Charge                                                        0.00e+00
[ DEBUG5 "MyRemoveOverlay"] Parents                                                              1
[ DEBUG5 "MyRemoveOverlay"] Daughters                                                            0
[ DEBUG5 "MyRemoveOverlay"] simulator status bits: [sbvtcls]  s: created in simulation b: backscatter v: vertex is not endpoint of parent t: decayed in tracker c: decayed in calorimeter l: has left detector s: stopped o: overlay
[ DEBUG5 "MyRemoveOverlay"] [    c s ]
[ DEBUG5 "MyRemoveOverlay"] 
[ DEBUG7 "MyRemoveOverlay"] 		********** PFO AT INDEX 37 IS NOT OVERLAY **********
[ DEBUG8 "MyRemoveOverlay"] 
[ DEBUG8 "MyRemoveOverlay"] 		-------------------------------------------------------
[ DEBUG8 "MyRemoveOverlay"] 		Processing PFO at index 38
[ DEBUG5 "MyRemoveOverlay"] ------------------ ReconstructedParticle -----------------------------
[ DEBUG5 "MyRemoveOverlay"] Id                                                             0x17675
[ DEBUG5 "MyRemoveOverlay"] Compound                                                             0
[ DEBUG5 "MyRemoveOverlay"] Type                                                                22
[ DEBUG5 "MyRemoveOverlay"] Momentum (x,y,z)                       -1.21e+00, -1.40e-01, +8.29e-01
[ DEBUG5 "MyRemoveOverlay"] Mass [GeV]                                                    0.00e+00
[ DEBUG5 "MyRemoveOverlay"] Charge [e]                                                    0.00e+00
[ DEBUG5 "MyRemoveOverlay"] Energy [GeV]                                                  1.48e+00
[ DEBUG5 "MyRemoveOverlay"] ReferencePoint                         -1.84e+03, -2.13e+02, +1.26e+03
[ DEBUG5 "MyRemoveOverlay"] ParticleIDUsed                                                       0
[ DEBUG5 "MyRemoveOverlay"] GoodnessOfPID                                                 0.00e+00
[ DEBUG5 "MyRemoveOverlay"] Covariance p,E:  2.86e-02, 3.30e-03, 3.83e-04, -1.95e-02, -2.25e-03, 
[ DEBUG5 "MyRemoveOverlay"]                  1.33e-02, -3.48e-02, -4.02e-03, 2.37e-02, 4.23e-02
[ DEBUG5 "MyRemoveOverlay"] Particles id:    
[ DEBUG5 "MyRemoveOverlay"] Tracks id:    
[ DEBUG5 "MyRemoveOverlay"] Clusters id:  [00017303]
[ DEBUG5 "MyRemoveOverlay"] Particle ids ( [id], PDG, (type)): 
[ DEBUG5 "MyRemoveOverlay"]                  [00017676], 000000, (000000) 
[ DEBUG5 "MyRemoveOverlay"]                  [00017677], 000000, (000000) 
[ DEBUG5 "MyRemoveOverlay"]                  [00017678], 000000, (000000) 
[ DEBUG5 "MyRemoveOverlay"]                  [00017679], 000000, (000000) 
[ DEBUG5 "MyRemoveOverlay"] 
[ DEBUG5 "MyRemoveOverlay"] 
[ DEBUG0 "MyRemoveOverlay"] 	MCParticle at index: 0 has PDG: 22 and MCParticle to Cluster link weight is 9.90e-01
[ DEBUG0 "MyRemoveOverlay"] 	MCParticle at index: 0 with PDG code: 22 has highest link weight to input cluster
[ DEBUG0 "MyRemoveOverlay"] 	Cluster at index: 0 has highest link weight to MCParticle = 9.87e-01
[ DEBUG0 "MyRemoveOverlay"] 	Cluster linked to MCParticle with highest weight
[ DEBUG6 "MyRemoveOverlay"] 		Found a linked MCParticle to cluster
[ DEBUG5 "MyRemoveOverlay"] ----------------------------- MCParticle -----------------------------
[ DEBUG5 "MyRemoveOverlay"] Id                                                               16079
[ DEBUG5 "MyRemoveOverlay"] PDG                                                                 22
[ DEBUG5 "MyRemoveOverlay"] Energy [GeV]                                                  1.37e+00
[ DEBUG5 "MyRemoveOverlay"] Momentum [GeV] (x,y,z)                    -1.12942, -0.13278, 0.769877
[ DEBUG5 "MyRemoveOverlay"] Momentum at Endpoint[GeV] (x,y,z)                                -0, -0, 0
[ DEBUG5 "MyRemoveOverlay"] GeneratorStatus                                                      1
[ DEBUG5 "MyRemoveOverlay"] Vertex [mm] (x,y,z)                      -0.886943, 0.340147, 0.938659
[ DEBUG5 "MyRemoveOverlay"] Endpoint [mm] (x,y,z)                      -1806.55, -211.943, 1231.78
[ DEBUG5 "MyRemoveOverlay"] Mass [GeV]                                                    0.00e+00
[ DEBUG5 "MyRemoveOverlay"] Charge                                                        0.00e+00
[ DEBUG5 "MyRemoveOverlay"] Parents                                                              1
[ DEBUG5 "MyRemoveOverlay"] Daughters                                                            0
[ DEBUG5 "MyRemoveOverlay"] simulator status bits: [sbvtcls]  s: created in simulation b: backscatter v: vertex is not endpoint of parent t: decayed in tracker c: decayed in calorimeter l: has left detector s: stopped o: overlay
[ DEBUG5 "MyRemoveOverlay"] [    c s ]
[ DEBUG5 "MyRemoveOverlay"] 
[ DEBUG7 "MyRemoveOverlay"] 		********** PFO AT INDEX 38 IS NOT OVERLAY **********
[ DEBUG8 "MyRemoveOverlay"] 
[ DEBUG8 "MyRemoveOverlay"] 		-------------------------------------------------------
[ DEBUG8 "MyRemoveOverlay"] 		Processing PFO at index 39
[ DEBUG5 "MyRemoveOverlay"] ------------------ ReconstructedParticle -----------------------------
[ DEBUG5 "MyRemoveOverlay"] Id                                                             0x17680
[ DEBUG5 "MyRemoveOverlay"] Compound                                                             0
[ DEBUG5 "MyRemoveOverlay"] Type                                                                22
[ DEBUG5 "MyRemoveOverlay"] Momentum (x,y,z)                       -6.88e-01, +1.69e-01, +6.03e-01
[ DEBUG5 "MyRemoveOverlay"] Mass [GeV]                                                    0.00e+00
[ DEBUG5 "MyRemoveOverlay"] Charge [e]                                                    0.00e+00
[ DEBUG5 "MyRemoveOverlay"] Energy [GeV]                                                  9.30e-01
[ DEBUG5 "MyRemoveOverlay"] ReferencePoint                         -1.85e+03, +4.52e+02, +1.62e+03
[ DEBUG5 "MyRemoveOverlay"] ParticleIDUsed                                                       0
[ DEBUG5 "MyRemoveOverlay"] GoodnessOfPID                                                 0.00e+00
[ DEBUG5 "MyRemoveOverlay"] Covariance p,E:  1.46e-02, -3.56e-03, 8.74e-04, -1.28e-02, 3.12e-03, 
[ DEBUG5 "MyRemoveOverlay"]                  1.12e-02, -1.97e-02, 4.82e-03, 1.72e-02, 2.66e-02
[ DEBUG5 "MyRemoveOverlay"] Particles id:    
[ DEBUG5 "MyRemoveOverlay"] Tracks id:    
[ DEBUG5 "MyRemoveOverlay"] Clusters id:  [00017304]
[ DEBUG5 "MyRemoveOverlay"] Particle ids ( [id], PDG, (type)): 
[ DEBUG5 "MyRemoveOverlay"]                  [00017681], 000000, (000000) 
[ DEBUG5 "MyRemoveOverlay"]                  [00017682], 000000, (000000) 
[ DEBUG5 "MyRemoveOverlay"]                  [00017683], 000000, (000000) 
[ DEBUG5 "MyRemoveOverlay"]                  [00017684], 000000, (000000) 
[ DEBUG5 "MyRemoveOverlay"] 
[ DEBUG5 "MyRemoveOverlay"] 
[ DEBUG0 "MyRemoveOverlay"] 	MCParticle at index: 0 has PDG: 22 and MCParticle to Cluster link weight is 1.00e+00
[ DEBUG0 "MyRemoveOverlay"] 	MCParticle at index: 0 with PDG code: 22 has highest link weight to input cluster
[ DEBUG0 "MyRemoveOverlay"] 	Cluster at index: 0 has highest link weight to MCParticle = 9.96e-01
[ DEBUG0 "MyRemoveOverlay"] 	Cluster linked to MCParticle with highest weight
[ DEBUG6 "MyRemoveOverlay"] 		Found a linked MCParticle to cluster
[ DEBUG5 "MyRemoveOverlay"] ----------------------------- MCParticle -----------------------------
[ DEBUG5 "MyRemoveOverlay"] Id                                                               16077
[ DEBUG5 "MyRemoveOverlay"] PDG                                                                 22
[ DEBUG5 "MyRemoveOverlay"] Energy [GeV]                                                  1.08e+00
[ DEBUG5 "MyRemoveOverlay"] Momentum [GeV] (x,y,z)                   -0.796966, 0.193692, 0.696626
[ DEBUG5 "MyRemoveOverlay"] Momentum at Endpoint[GeV] (x,y,z)                                 -0, 0, 0
[ DEBUG5 "MyRemoveOverlay"] GeneratorStatus                                                      1
[ DEBUG5 "MyRemoveOverlay"] Vertex [mm] (x,y,z)                      -0.887466, 0.340278, 0.939062
[ DEBUG5 "MyRemoveOverlay"] Endpoint [mm] (x,y,z)                        -1806.2, 439.099, 1578.96
[ DEBUG5 "MyRemoveOverlay"] Mass [GeV]                                                    1.49e-08
[ DEBUG5 "MyRemoveOverlay"] Charge                                                        0.00e+00
[ DEBUG5 "MyRemoveOverlay"] Parents                                                              1
[ DEBUG5 "MyRemoveOverlay"] Daughters                                                            0
[ DEBUG5 "MyRemoveOverlay"] simulator status bits: [sbvtcls]  s: created in simulation b: backscatter v: vertex is not endpoint of parent t: decayed in tracker c: decayed in calorimeter l: has left detector s: stopped o: overlay
[ DEBUG5 "MyRemoveOverlay"] [    c s ]
[ DEBUG5 "MyRemoveOverlay"] 
[ DEBUG7 "MyRemoveOverlay"] 		********** PFO AT INDEX 39 IS NOT OVERLAY **********
[ DEBUG8 "MyRemoveOverlay"] 
[ DEBUG8 "MyRemoveOverlay"] 		-------------------------------------------------------
[ DEBUG8 "MyRemoveOverlay"] 		Processing PFO at index 40
[ DEBUG5 "MyRemoveOverlay"] ------------------ ReconstructedParticle -----------------------------
[ DEBUG5 "MyRemoveOverlay"] Id                                                             0x17685
[ DEBUG5 "MyRemoveOverlay"] Compound                                                             0
[ DEBUG5 "MyRemoveOverlay"] Type                                                              2112
[ DEBUG5 "MyRemoveOverlay"] Momentum (x,y,z)                       -2.31e+00, -4.19e+00, +4.22e+00
[ DEBUG5 "MyRemoveOverlay"] Mass [GeV]                                                    9.40e-01
[ DEBUG5 "MyRemoveOverlay"] Charge [e]                                                    0.00e+00
[ DEBUG5 "MyRemoveOverlay"] Energy [GeV]                                                  6.38e+00
[ DEBUG5 "MyRemoveOverlay"] ReferencePoint                         -1.06e+03, -1.92e+03, +1.93e+03
[ DEBUG5 "MyRemoveOverlay"] ParticleIDUsed                                                       0
[ DEBUG5 "MyRemoveOverlay"] GoodnessOfPID                                                 0.00e+00
[ DEBUG5 "MyRemoveOverlay"] Covariance p,E:  3.14e-01, 5.68e-01, 1.03e+00, -5.72e-01, -1.04e+00, 
[ DEBUG5 "MyRemoveOverlay"]                  1.04e+00, -8.56e-01, -1.55e+00, 1.56e+00, 2.33e+00
[ DEBUG5 "MyRemoveOverlay"] Particles id:    
[ DEBUG5 "MyRemoveOverlay"] Tracks id:    
[ DEBUG5 "MyRemoveOverlay"] Clusters id:  [00017305]
[ DEBUG5 "MyRemoveOverlay"] Particle ids ( [id], PDG, (type)): 
[ DEBUG5 "MyRemoveOverlay"]                  [00017686], 000000, (000000) 
[ DEBUG5 "MyRemoveOverlay"]                  [00017687], 000000, (000000) 
[ DEBUG5 "MyRemoveOverlay"]                  [00017688], 000000, (000000) 
[ DEBUG5 "MyRemoveOverlay"]                  [00017689], 000000, (000000) 
[ DEBUG5 "MyRemoveOverlay"] 
[ DEBUG5 "MyRemoveOverlay"] 
[ DEBUG6 "MyRemoveOverlay"] 		Cluster is not linked to a MCParticle
[ DEBUG7 "MyRemoveOverlay"] 		********** PFO AT INDEX 40 IS NOT OVERLAY **********
[ DEBUG8 "MyRemoveOverlay"] 
[ DEBUG8 "MyRemoveOverlay"] 		-------------------------------------------------------
[ DEBUG8 "MyRemoveOverlay"] 		Processing PFO at index 41
[ DEBUG5 "MyRemoveOverlay"] ------------------ ReconstructedParticle -----------------------------
[ DEBUG5 "MyRemoveOverlay"] Id                                                             0x17690
[ DEBUG5 "MyRemoveOverlay"] Compound                                                             0
[ DEBUG5 "MyRemoveOverlay"] Type                                                                22
[ DEBUG5 "MyRemoveOverlay"] Momentum (x,y,z)                       -1.57e-01, -1.18e-01, +1.92e-01
[ DEBUG5 "MyRemoveOverlay"] Mass [GeV]                                                    0.00e+00
[ DEBUG5 "MyRemoveOverlay"] Charge [e]                                                    0.00e+00
[ DEBUG5 "MyRemoveOverlay"] Energy [GeV]                                                  2.75e-01
[ DEBUG5 "MyRemoveOverlay"] ReferencePoint                         -1.49e+03, -1.12e+03, +1.83e+03
[ DEBUG5 "MyRemoveOverlay"] ParticleIDUsed                                                       0
[ DEBUG5 "MyRemoveOverlay"] GoodnessOfPID                                                 0.00e+00
[ DEBUG5 "MyRemoveOverlay"] Covariance p,E:  2.55e-03, 1.91e-03, 1.43e-03, -3.12e-03, -2.33e-03, 
[ DEBUG5 "MyRemoveOverlay"]                  3.82e-03, -4.46e-03, -3.33e-03, 5.45e-03, 7.79e-03
[ DEBUG5 "MyRemoveOverlay"] Particles id:    
[ DEBUG5 "MyRemoveOverlay"] Tracks id:    
[ DEBUG5 "MyRemoveOverlay"] Clusters id:  [00017306]
[ DEBUG5 "MyRemoveOverlay"] Particle ids ( [id], PDG, (type)): 
[ DEBUG5 "MyRemoveOverlay"]                  [00017691], 000000, (000000) 
[ DEBUG5 "MyRemoveOverlay"]                  [00017692], 000000, (000000) 
[ DEBUG5 "MyRemoveOverlay"]                  [00017693], 000000, (000000) 
[ DEBUG5 "MyRemoveOverlay"]                  [00017694], 000000, (000000) 
[ DEBUG5 "MyRemoveOverlay"] 
[ DEBUG5 "MyRemoveOverlay"] 
[ DEBUG0 "MyRemoveOverlay"] 	MCParticle at index: 0 has PDG: 22 and MCParticle to Cluster link weight is 1.00e+00
[ DEBUG0 "MyRemoveOverlay"] 	MCParticle at index: 0 with PDG code: 22 has highest link weight to input cluster
[ DEBUG0 "MyRemoveOverlay"] 	Cluster at index: 0 has highest link weight to MCParticle = 9.87e-01
[ DEBUG0 "MyRemoveOverlay"] 	Cluster linked to MCParticle with highest weight
[ DEBUG6 "MyRemoveOverlay"] 		Found a linked MCParticle to cluster
[ DEBUG5 "MyRemoveOverlay"] ----------------------------- MCParticle -----------------------------
[ DEBUG5 "MyRemoveOverlay"] Id                                                               16041
[ DEBUG5 "MyRemoveOverlay"] PDG                                                                 22
[ DEBUG5 "MyRemoveOverlay"] Energy [GeV]                                                  3.95e-01
[ DEBUG5 "MyRemoveOverlay"] Momentum [GeV] (x,y,z)                  -0.229758, -0.144703, 0.286508
[ DEBUG5 "MyRemoveOverlay"] Momentum at Endpoint[GeV] (x,y,z)                                -0, -0, 0
[ DEBUG5 "MyRemoveOverlay"] GeneratorStatus                                                      1
[ DEBUG5 "MyRemoveOverlay"] Vertex [mm] (x,y,z)                         -243.75, -310.125, 259.131
[ DEBUG5 "MyRemoveOverlay"] Endpoint [mm] (x,y,z)                      -1470.95, -1083.02, 1789.45
[ DEBUG5 "MyRemoveOverlay"] Mass [GeV]                                                    7.45e-09
[ DEBUG5 "MyRemoveOverlay"] Charge                                                        0.00e+00
[ DEBUG5 "MyRemoveOverlay"] Parents                                                              1
[ DEBUG5 "MyRemoveOverlay"] Daughters                                                            0
[ DEBUG5 "MyRemoveOverlay"] simulator status bits: [sbvtcls]  s: created in simulation b: backscatter v: vertex is not endpoint of parent t: decayed in tracker c: decayed in calorimeter l: has left detector s: stopped o: overlay
[ DEBUG5 "MyRemoveOverlay"] [    c s ]
[ DEBUG5 "MyRemoveOverlay"] 
[ DEBUG7 "MyRemoveOverlay"] 		********** PFO AT INDEX 41 IS NOT OVERLAY **********
[ DEBUG8 "MyRemoveOverlay"] 
[ DEBUG8 "MyRemoveOverlay"] 		-------------------------------------------------------
[ DEBUG8 "MyRemoveOverlay"] 		Processing PFO at index 42
[ DEBUG5 "MyRemoveOverlay"] ------------------ ReconstructedParticle -----------------------------
[ DEBUG5 "MyRemoveOverlay"] Id                                                             0x17695
[ DEBUG5 "MyRemoveOverlay"] Compound                                                             0
[ DEBUG5 "MyRemoveOverlay"] Type                                                                22
[ DEBUG5 "MyRemoveOverlay"] Momentum (x,y,z)                       -1.23e+00, -1.47e+00, +2.43e+00
[ DEBUG5 "MyRemoveOverlay"] Mass [GeV]                                                    0.00e+00
[ DEBUG5 "MyRemoveOverlay"] Charge [e]                                                    0.00e+00
[ DEBUG5 "MyRemoveOverlay"] Energy [GeV]                                                  3.09e+00
[ DEBUG5 "MyRemoveOverlay"] ReferencePoint                         -1.19e+03, -1.43e+03, +2.35e+03
[ DEBUG5 "MyRemoveOverlay"] ParticleIDUsed                                                       0
[ DEBUG5 "MyRemoveOverlay"] GoodnessOfPID                                                 0.00e+00
[ DEBUG5 "MyRemoveOverlay"] Covariance p,E:  1.39e-02, 1.66e-02, 1.99e-02, -2.74e-02, -3.28e-02, 
[ DEBUG5 "MyRemoveOverlay"]                  5.40e-02, -3.50e-02, -4.18e-02, 6.89e-02, 8.78e-02
[ DEBUG5 "MyRemoveOverlay"] Particles id:    
[ DEBUG5 "MyRemoveOverlay"] Tracks id:    
[ DEBUG5 "MyRemoveOverlay"] Clusters id:  [00017307]
[ DEBUG5 "MyRemoveOverlay"] Particle ids ( [id], PDG, (type)): 
[ DEBUG5 "MyRemoveOverlay"]                  [00017696], 000000, (000000) 
[ DEBUG5 "MyRemoveOverlay"]                  [00017697], 000000, (000000) 
[ DEBUG5 "MyRemoveOverlay"]                  [00017698], 000000, (000000) 
[ DEBUG5 "MyRemoveOverlay"]                  [00017699], 000000, (000000) 
[ DEBUG5 "MyRemoveOverlay"] 
[ DEBUG5 "MyRemoveOverlay"] 
[ DEBUG0 "MyRemoveOverlay"] 	MCParticle at index: 2 has PDG: 22 and MCParticle to Cluster link weight is 9.73e-01
[ DEBUG0 "MyRemoveOverlay"] 	MCParticle at index: 2 with PDG code: 22 has highest link weight to input cluster
[ DEBUG0 "MyRemoveOverlay"] 	Cluster at index: 0 has highest link weight to MCParticle = 9.85e-01
[ DEBUG0 "MyRemoveOverlay"] 	Cluster linked to MCParticle with highest weight
[ DEBUG6 "MyRemoveOverlay"] 		Found a linked MCParticle to cluster
[ DEBUG5 "MyRemoveOverlay"] ----------------------------- MCParticle -----------------------------
[ DEBUG5 "MyRemoveOverlay"] Id                                                               16045
[ DEBUG5 "MyRemoveOverlay"] PDG                                                                 22
[ DEBUG5 "MyRemoveOverlay"] Energy [GeV]                                                  2.72e+00
[ DEBUG5 "MyRemoveOverlay"] Momentum [GeV] (x,y,z)                     -1.09099, -1.29415, 2.13483
[ DEBUG5 "MyRemoveOverlay"] Momentum at Endpoint[GeV] (x,y,z)                                -0, -0, 0
[ DEBUG5 "MyRemoveOverlay"] GeneratorStatus                                                      1
[ DEBUG5 "MyRemoveOverlay"] Vertex [mm] (x,y,z)                -0.000516236, -0.000639916, -0.1208
[ DEBUG5 "MyRemoveOverlay"] Endpoint [mm] (x,y,z)                      -1169.29, -1387.03, 2287.93
[ DEBUG5 "MyRemoveOverlay"] Mass [GeV]                                                    4.21e-08
[ DEBUG5 "MyRemoveOverlay"] Charge                                                        0.00e+00
[ DEBUG5 "MyRemoveOverlay"] Parents                                                              1
[ DEBUG5 "MyRemoveOverlay"] Daughters                                                            0
[ DEBUG5 "MyRemoveOverlay"] simulator status bits: [sbvtcls]  s: created in simulation b: backscatter v: vertex is not endpoint of parent t: decayed in tracker c: decayed in calorimeter l: has left detector s: stopped o: overlay
[ DEBUG5 "MyRemoveOverlay"] [    c s ]
[ DEBUG5 "MyRemoveOverlay"] 
[ DEBUG7 "MyRemoveOverlay"] 		********** PFO AT INDEX 42 IS NOT OVERLAY **********
[ DEBUG8 "MyRemoveOverlay"] 
[ DEBUG8 "MyRemoveOverlay"] 		-------------------------------------------------------
[ DEBUG8 "MyRemoveOverlay"] 		Processing PFO at index 43
[ DEBUG5 "MyRemoveOverlay"] ------------------ ReconstructedParticle -----------------------------
[ DEBUG5 "MyRemoveOverlay"] Id                                                             0x17700
[ DEBUG5 "MyRemoveOverlay"] Compound                                                             0
[ DEBUG5 "MyRemoveOverlay"] Type                                                                22
[ DEBUG5 "MyRemoveOverlay"] Momentum (x,y,z)                       -9.02e-02, -7.48e-02, +1.57e-01
[ DEBUG5 "MyRemoveOverlay"] Mass [GeV]                                                    0.00e+00
[ DEBUG5 "MyRemoveOverlay"] Charge [e]                                                    0.00e+00
[ DEBUG5 "MyRemoveOverlay"] Energy [GeV]                                                  1.96e-01
[ DEBUG5 "MyRemoveOverlay"] ReferencePoint                         -1.40e+03, -1.16e+03, +2.44e+03
[ DEBUG5 "MyRemoveOverlay"] ParticleIDUsed                                                       0
[ DEBUG5 "MyRemoveOverlay"] GoodnessOfPID                                                 0.00e+00
[ DEBUG5 "MyRemoveOverlay"] Covariance p,E:  1.17e-03, 9.73e-04, 8.07e-04, -2.05e-03, -1.70e-03, 
[ DEBUG5 "MyRemoveOverlay"]                  3.57e-03, -2.55e-03, -2.12e-03, 4.45e-03, 5.55e-03
[ DEBUG5 "MyRemoveOverlay"] Particles id:    
[ DEBUG5 "MyRemoveOverlay"] Tracks id:    
[ DEBUG5 "MyRemoveOverlay"] Clusters id:  [00017308]
[ DEBUG5 "MyRemoveOverlay"] Particle ids ( [id], PDG, (type)): 
[ DEBUG5 "MyRemoveOverlay"]                  [00017701], 000000, (000000) 
[ DEBUG5 "MyRemoveOverlay"]                  [00017702], 000000, (000000) 
[ DEBUG5 "MyRemoveOverlay"]                  [00017703], 000000, (000000) 
[ DEBUG5 "MyRemoveOverlay"]                  [00017704], 000000, (000000) 
[ DEBUG5 "MyRemoveOverlay"] 
[ DEBUG5 "MyRemoveOverlay"] 
[ DEBUG0 "MyRemoveOverlay"] 	MCParticle at index: 0 has PDG: 22 and MCParticle to Cluster link weight is 1.00e+00
[ DEBUG0 "MyRemoveOverlay"] 	MCParticle at index: 0 with PDG code: 22 has highest link weight to input cluster
[ DEBUG6 "MyRemoveOverlay"] 		Cluster is not linked to a MCParticle
[ DEBUG7 "MyRemoveOverlay"] 		********** PFO AT INDEX 43 IS NOT OVERLAY **********
[ DEBUG8 "MyRemoveOverlay"] 
[ DEBUG8 "MyRemoveOverlay"] 		-------------------------------------------------------
[ DEBUG8 "MyRemoveOverlay"] 		Processing PFO at index 44
[ DEBUG5 "MyRemoveOverlay"] ------------------ ReconstructedParticle -----------------------------
[ DEBUG5 "MyRemoveOverlay"] Id                                                             0x17705
[ DEBUG5 "MyRemoveOverlay"] Compound                                                             0
[ DEBUG5 "MyRemoveOverlay"] Type                                                                22
[ DEBUG5 "MyRemoveOverlay"] Momentum (x,y,z)                       -5.98e-01, -8.63e-01, +1.51e+00
[ DEBUG5 "MyRemoveOverlay"] Mass [GeV]                                                    0.00e+00
[ DEBUG5 "MyRemoveOverlay"] Charge [e]                                                    0.00e+00
[ DEBUG5 "MyRemoveOverlay"] Energy [GeV]                                                  1.84e+00
[ DEBUG5 "MyRemoveOverlay"] ReferencePoint                         -9.65e+02, -1.39e+03, +2.44e+03
[ DEBUG5 "MyRemoveOverlay"] ParticleIDUsed                                                       0
[ DEBUG5 "MyRemoveOverlay"] GoodnessOfPID                                                 0.00e+00
[ DEBUG5 "MyRemoveOverlay"] Covariance p,E:  5.73e-03, 8.03e-03, 1.17e-02, -1.42e-02, -2.05e-02, 
[ DEBUG5 "MyRemoveOverlay"]                  3.59e-02, -1.73e-02, -2.49e-02, 4.37e-02, 5.32e-02
[ DEBUG5 "MyRemoveOverlay"] Particles id:    
[ DEBUG5 "MyRemoveOverlay"] Tracks id:    
[ DEBUG5 "MyRemoveOverlay"] Clusters id:  [00017309]
[ DEBUG5 "MyRemoveOverlay"] Particle ids ( [id], PDG, (type)): 
[ DEBUG5 "MyRemoveOverlay"]                  [00017706], 000000, (000000) 
[ DEBUG5 "MyRemoveOverlay"]                  [00017707], 000000, (000000) 
[ DEBUG5 "MyRemoveOverlay"]                  [00017708], 000000, (000000) 
[ DEBUG5 "MyRemoveOverlay"]                  [00017709], 000000, (000000) 
[ DEBUG5 "MyRemoveOverlay"] 
[ DEBUG5 "MyRemoveOverlay"] 
[ DEBUG6 "MyRemoveOverlay"] 		Cluster is not linked to a MCParticle
[ DEBUG7 "MyRemoveOverlay"] 		********** PFO AT INDEX 44 IS NOT OVERLAY **********
[ DEBUG8 "MyRemoveOverlay"] 
[ DEBUG8 "MyRemoveOverlay"] 		-------------------------------------------------------
[ DEBUG8 "MyRemoveOverlay"] 		Processing PFO at index 45
[ DEBUG5 "MyRemoveOverlay"] ------------------ ReconstructedParticle -----------------------------
[ DEBUG5 "MyRemoveOverlay"] Id                                                             0x17710
[ DEBUG5 "MyRemoveOverlay"] Compound                                                             0
[ DEBUG5 "MyRemoveOverlay"] Type                                                                22
[ DEBUG5 "MyRemoveOverlay"] Momentum (x,y,z)                       -7.31e-02, +9.94e-04, +2.63e-01
[ DEBUG5 "MyRemoveOverlay"] Mass [GeV]                                                    0.00e+00
[ DEBUG5 "MyRemoveOverlay"] Charge [e]                                                    0.00e+00
[ DEBUG5 "MyRemoveOverlay"] Energy [GeV]                                                  2.73e-01
[ DEBUG5 "MyRemoveOverlay"] ReferencePoint                         -6.84e+02, +9.30e+00, +2.46e+03
[ DEBUG5 "MyRemoveOverlay"] ParticleIDUsed                                                       0
[ DEBUG5 "MyRemoveOverlay"] GoodnessOfPID                                                 0.00e+00
[ DEBUG5 "MyRemoveOverlay"] Covariance p,E:  5.55e-04, -7.55e-06, 1.30e-07, -2.00e-03, 2.72e-05, 
[ DEBUG5 "MyRemoveOverlay"]                  7.18e-03, -2.07e-03, 2.82e-05, 7.46e-03, 7.74e-03
[ DEBUG5 "MyRemoveOverlay"] Particles id:    
[ DEBUG5 "MyRemoveOverlay"] Tracks id:    
[ DEBUG5 "MyRemoveOverlay"] Clusters id:  [00017310]
[ DEBUG5 "MyRemoveOverlay"] Particle ids ( [id], PDG, (type)): 
[ DEBUG5 "MyRemoveOverlay"]                  [00017711], 000000, (000000) 
[ DEBUG5 "MyRemoveOverlay"]                  [00017712], 000000, (000000) 
[ DEBUG5 "MyRemoveOverlay"]                  [00017713], 000000, (000000) 
[ DEBUG5 "MyRemoveOverlay"]                  [00017714], 000000, (000000) 
[ DEBUG5 "MyRemoveOverlay"] 
[ DEBUG5 "MyRemoveOverlay"] 
[ DEBUG0 "MyRemoveOverlay"] 	MCParticle at index: 0 has PDG: 22 and MCParticle to Cluster link weight is 1.00e+00
[ DEBUG0 "MyRemoveOverlay"] 	MCParticle at index: 0 with PDG code: 22 has highest link weight to input cluster
[ DEBUG0 "MyRemoveOverlay"] 	Cluster at index: 0 has highest link weight to MCParticle = 1.00e+00
[ DEBUG0 "MyRemoveOverlay"] 	Cluster linked to MCParticle with highest weight
[ DEBUG6 "MyRemoveOverlay"] 		Found a linked MCParticle to cluster
[ DEBUG5 "MyRemoveOverlay"] ----------------------------- MCParticle -----------------------------
[ DEBUG5 "MyRemoveOverlay"] Id                                                               16171
[ DEBUG5 "MyRemoveOverlay"] PDG                                                                 22
[ DEBUG5 "MyRemoveOverlay"] Energy [GeV]                                                  3.54e-01
[ DEBUG5 "MyRemoveOverlay"] Momentum [GeV] (x,y,z)               -0.0954672, 0.000996929, 0.340409
[ DEBUG5 "MyRemoveOverlay"] Momentum at Endpoint[GeV] (x,y,z)                                 -0, 0, 0
[ DEBUG5 "MyRemoveOverlay"] GeneratorStatus                                                      1
[ DEBUG5 "MyRemoveOverlay"] Vertex [mm] (x,y,z)              -3.05263e-06, -2.71912e-06, -0.211589
[ DEBUG5 "MyRemoveOverlay"] Endpoint [mm] (x,y,z)                       -676.795, 7.06752, 2413.05
[ DEBUG5 "MyRemoveOverlay"] Mass [GeV]                                                    0.00e+00
[ DEBUG5 "MyRemoveOverlay"] Charge                                                        0.00e+00
[ DEBUG5 "MyRemoveOverlay"] Parents                                                              1
[ DEBUG5 "MyRemoveOverlay"] Daughters                                                            0
[ DEBUG5 "MyRemoveOverlay"] simulator status bits: [sbvtcls]  s: created in simulation b: backscatter v: vertex is not endpoint of parent t: decayed in tracker c: decayed in calorimeter l: has left detector s: stopped o: overlay
[ DEBUG5 "MyRemoveOverlay"] [    c so]
[ DEBUG5 "MyRemoveOverlay"] 
[ DEBUG7 "MyRemoveOverlay"] 		********** PFO AT INDEX 45 IS OVERLAY **********
[ DEBUG8 "MyRemoveOverlay"] 
[ DEBUG8 "MyRemoveOverlay"] 		-------------------------------------------------------
[ DEBUG8 "MyRemoveOverlay"] 		Processing PFO at index 46
[ DEBUG5 "MyRemoveOverlay"] ------------------ ReconstructedParticle -----------------------------
[ DEBUG5 "MyRemoveOverlay"] Id                                                             0x17715
[ DEBUG5 "MyRemoveOverlay"] Compound                                                             0
[ DEBUG5 "MyRemoveOverlay"] Type                                                              2112
[ DEBUG5 "MyRemoveOverlay"] Momentum (x,y,z)                       -9.00e-02, -7.05e-01, +1.27e+00
[ DEBUG5 "MyRemoveOverlay"] Mass [GeV]                                                    9.40e-01
[ DEBUG5 "MyRemoveOverlay"] Charge [e]                                                    0.00e+00
[ DEBUG5 "MyRemoveOverlay"] Energy [GeV]                                                  1.45e+00
[ DEBUG5 "MyRemoveOverlay"] ReferencePoint                         -1.89e+02, -1.48e+03, +2.67e+03
[ DEBUG5 "MyRemoveOverlay"] ParticleIDUsed                                                       0
[ DEBUG5 "MyRemoveOverlay"] GoodnessOfPID                                                 0.00e+00
[ DEBUG5 "MyRemoveOverlay"] Covariance p,E:  3.15e-03, 2.25e-02, 1.75e-01, -4.01e-02, -3.15e-01, 
[ DEBUG5 "MyRemoveOverlay"]                  5.67e-01, -3.87e-02, -3.03e-01, 5.46e-01, 5.25e-01
[ DEBUG5 "MyRemoveOverlay"] Particles id:    
[ DEBUG5 "MyRemoveOverlay"] Tracks id:    
[ DEBUG5 "MyRemoveOverlay"] Clusters id:  [00017311]
[ DEBUG5 "MyRemoveOverlay"] Particle ids ( [id], PDG, (type)): 
[ DEBUG5 "MyRemoveOverlay"]                  [00017716], 000000, (000000) 
[ DEBUG5 "MyRemoveOverlay"]                  [00017717], 000000, (000000) 
[ DEBUG5 "MyRemoveOverlay"]                  [00017718], 000000, (000000) 
[ DEBUG5 "MyRemoveOverlay"]                  [00017719], 000000, (000000) 
[ DEBUG5 "MyRemoveOverlay"] 
[ DEBUG5 "MyRemoveOverlay"] 
[ DEBUG6 "MyRemoveOverlay"] 		Cluster is not linked to a MCParticle
[ DEBUG7 "MyRemoveOverlay"] 		********** PFO AT INDEX 46 IS NOT OVERLAY **********
[ DEBUG8 "MyRemoveOverlay"] 
[ DEBUG8 "MyRemoveOverlay"] 		-------------------------------------------------------
[ DEBUG8 "MyRemoveOverlay"] 		Processing PFO at index 47
[ DEBUG5 "MyRemoveOverlay"] ------------------ ReconstructedParticle -----------------------------
[ DEBUG5 "MyRemoveOverlay"] Id                                                             0x17720
[ DEBUG5 "MyRemoveOverlay"] Compound                                                             0
[ DEBUG5 "MyRemoveOverlay"] Type                                                                22
[ DEBUG5 "MyRemoveOverlay"] Momentum (x,y,z)                       -9.49e-02, -2.20e-01, +9.83e-01
[ DEBUG5 "MyRemoveOverlay"] Mass [GeV]                                                    0.00e+00
[ DEBUG5 "MyRemoveOverlay"] Charge [e]                                                    0.00e+00
[ DEBUG5 "MyRemoveOverlay"] Energy [GeV]                                                  1.01e+00
[ DEBUG5 "MyRemoveOverlay"] ReferencePoint                         -2.38e+02, -5.51e+02, +2.46e+03
[ DEBUG5 "MyRemoveOverlay"] ParticleIDUsed                                                       0
[ DEBUG5 "MyRemoveOverlay"] GoodnessOfPID                                                 0.00e+00
[ DEBUG5 "MyRemoveOverlay"] Covariance p,E:  2.56e-04, 5.91e-04, 1.37e-03, -2.65e-03, -6.13e-03, 
[ DEBUG5 "MyRemoveOverlay"]                  2.74e-02, -2.72e-03, -6.31e-03, 2.82e-02, 2.90e-02
[ DEBUG5 "MyRemoveOverlay"] Particles id:    
[ DEBUG5 "MyRemoveOverlay"] Tracks id:    
[ DEBUG5 "MyRemoveOverlay"] Clusters id:  [00017312]
[ DEBUG5 "MyRemoveOverlay"] Particle ids ( [id], PDG, (type)): 
[ DEBUG5 "MyRemoveOverlay"]                  [00017721], 000000, (000000) 
[ DEBUG5 "MyRemoveOverlay"]                  [00017722], 000000, (000000) 
[ DEBUG5 "MyRemoveOverlay"]                  [00017723], 000000, (000000) 
[ DEBUG5 "MyRemoveOverlay"]                  [00017724], 000000, (000000) 
[ DEBUG5 "MyRemoveOverlay"] 
[ DEBUG5 "MyRemoveOverlay"] 
[ DEBUG0 "MyRemoveOverlay"] 	MCParticle at index: 0 has PDG: 11 and MCParticle to Cluster link weight is 9.47e-01
[ DEBUG0 "MyRemoveOverlay"] 	MCParticle at index: 0 with PDG code: 11 has highest link weight to input cluster
[ DEBUG0 "MyRemoveOverlay"] 	Cluster at index: 0 has highest link weight to MCParticle = 1.00e+00
[ DEBUG0 "MyRemoveOverlay"] 	Cluster linked to MCParticle with highest weight
[ DEBUG6 "MyRemoveOverlay"] 		Found a linked MCParticle to cluster
[ DEBUG5 "MyRemoveOverlay"] ----------------------------- MCParticle -----------------------------
[ DEBUG5 "MyRemoveOverlay"] Id                                                               16152
[ DEBUG5 "MyRemoveOverlay"] PDG                                                                 11
[ DEBUG5 "MyRemoveOverlay"] Energy [GeV]                                                  5.62e-01
[ DEBUG5 "MyRemoveOverlay"] Momentum [GeV] (x,y,z)                 -0.0545012, -0.121799, 0.545808
[ DEBUG5 "MyRemoveOverlay"] Momentum at Endpoint[GeV] (x,y,z)                               -0, -0, -0
[ DEBUG5 "MyRemoveOverlay"] GeneratorStatus                                                      0
[ DEBUG5 "MyRemoveOverlay"] Vertex [mm] (x,y,z)                         -228.904, -513.38, 2289.56
[ DEBUG5 "MyRemoveOverlay"] Endpoint [mm] (x,y,z)                        -236.92, -553.963, 2440.9
[ DEBUG5 "MyRemoveOverlay"] Mass [GeV]                                                    5.11e-04
[ DEBUG5 "MyRemoveOverlay"] Charge                                                       -1.00e+00
[ DEBUG5 "MyRemoveOverlay"] Parents                                                              1
[ DEBUG5 "MyRemoveOverlay"] Daughters                                                            0
[ DEBUG5 "MyRemoveOverlay"] simulator status bits: [sbvtcls]  s: created in simulation b: backscatter v: vertex is not endpoint of parent t: decayed in tracker c: decayed in calorimeter l: has left detector s: stopped o: overlay
[ DEBUG5 "MyRemoveOverlay"] [s   c so]
[ DEBUG5 "MyRemoveOverlay"] 
[ DEBUG7 "MyRemoveOverlay"] 		********** PFO AT INDEX 47 IS OVERLAY **********
[ DEBUG8 "MyRemoveOverlay"] 
[ DEBUG8 "MyRemoveOverlay"] 		-------------------------------------------------------
[ DEBUG8 "MyRemoveOverlay"] 		Processing PFO at index 48
[ DEBUG5 "MyRemoveOverlay"] ------------------ ReconstructedParticle -----------------------------
[ DEBUG5 "MyRemoveOverlay"] Id                                                             0x17725
[ DEBUG5 "MyRemoveOverlay"] Compound                                                             0
[ DEBUG5 "MyRemoveOverlay"] Type                                                                22
[ DEBUG5 "MyRemoveOverlay"] Momentum (x,y,z)                       +1.19e-01, +5.71e-02, +4.65e-04
[ DEBUG5 "MyRemoveOverlay"] Mass [GeV]                                                    0.00e+00
[ DEBUG5 "MyRemoveOverlay"] Charge [e]                                                    0.00e+00
[ DEBUG5 "MyRemoveOverlay"] Energy [GeV]                                                  1.32e-01
[ DEBUG5 "MyRemoveOverlay"] ReferencePoint                         +1.75e+03, +8.42e+02, +6.86e+00
[ DEBUG5 "MyRemoveOverlay"] ParticleIDUsed                                                       0
[ DEBUG5 "MyRemoveOverlay"] GoodnessOfPID                                                 0.00e+00
[ DEBUG5 "MyRemoveOverlay"] Covariance p,E:  2.88e-03, 1.38e-03, 6.66e-04, 1.13e-05, 5.42e-06, 
[ DEBUG5 "MyRemoveOverlay"]                  5.71e-08, 3.19e-03, 1.54e-03, 1.25e-05, 3.54e-03
[ DEBUG5 "MyRemoveOverlay"] Particles id:    
[ DEBUG5 "MyRemoveOverlay"] Tracks id:    
[ DEBUG5 "MyRemoveOverlay"] Clusters id:  [00017313]
[ DEBUG5 "MyRemoveOverlay"] Particle ids ( [id], PDG, (type)): 
[ DEBUG5 "MyRemoveOverlay"]                  [00017726], 000000, (000000) 
[ DEBUG5 "MyRemoveOverlay"]                  [00017727], 000000, (000000) 
[ DEBUG5 "MyRemoveOverlay"]                  [00017728], 000000, (000000) 
[ DEBUG5 "MyRemoveOverlay"]                  [00017729], 000000, (000000) 
[ DEBUG5 "MyRemoveOverlay"] 
[ DEBUG5 "MyRemoveOverlay"] 
[ DEBUG0 "MyRemoveOverlay"] 	MCParticle at index: 0 has PDG: 22 and MCParticle to Cluster link weight is 1.00e+00
[ DEBUG0 "MyRemoveOverlay"] 	MCParticle at index: 0 with PDG code: 22 has highest link weight to input cluster
[ DEBUG0 "MyRemoveOverlay"] 	Cluster at index: 0 has highest link weight to MCParticle = 1.00e+00
[ DEBUG0 "MyRemoveOverlay"] 	Cluster linked to MCParticle with highest weight
[ DEBUG6 "MyRemoveOverlay"] 		Found a linked MCParticle to cluster
[ DEBUG5 "MyRemoveOverlay"] ----------------------------- MCParticle -----------------------------
[ DEBUG5 "MyRemoveOverlay"] Id                                                               16219
[ DEBUG5 "MyRemoveOverlay"] PDG                                                                 22
[ DEBUG5 "MyRemoveOverlay"] Energy [GeV]                                                  3.28e-01
[ DEBUG5 "MyRemoveOverlay"] Momentum [GeV] (x,y,z)                   0.29585, 0.142343, 0.00114808
[ DEBUG5 "MyRemoveOverlay"] Momentum at Endpoint[GeV] (x,y,z)                                  0, 0, 0
[ DEBUG5 "MyRemoveOverlay"] GeneratorStatus                                                      1
[ DEBUG5 "MyRemoveOverlay"] Vertex [mm] (x,y,z)                 5.81528e-05, 3.74818e-05, 0.132991
[ DEBUG5 "MyRemoveOverlay"] Endpoint [mm] (x,y,z)                        1726.21, 830.538, 6.83173
[ DEBUG5 "MyRemoveOverlay"] Mass [GeV]                                                    0.00e+00
[ DEBUG5 "MyRemoveOverlay"] Charge                                                        0.00e+00
[ DEBUG5 "MyRemoveOverlay"] Parents                                                              1
[ DEBUG5 "MyRemoveOverlay"] Daughters                                                            0
[ DEBUG5 "MyRemoveOverlay"] simulator status bits: [sbvtcls]  s: created in simulation b: backscatter v: vertex is not endpoint of parent t: decayed in tracker c: decayed in calorimeter l: has left detector s: stopped o: overlay
[ DEBUG5 "MyRemoveOverlay"] [    c so]
[ DEBUG5 "MyRemoveOverlay"] 
[ DEBUG7 "MyRemoveOverlay"] 		********** PFO AT INDEX 48 IS OVERLAY **********
[ DEBUG8 "MyRemoveOverlay"] 
[ DEBUG8 "MyRemoveOverlay"] 		-------------------------------------------------------
[ DEBUG8 "MyRemoveOverlay"] 		Processing PFO at index 49
[ DEBUG5 "MyRemoveOverlay"] ------------------ ReconstructedParticle -----------------------------
[ DEBUG5 "MyRemoveOverlay"] Id                                                             0x17730
[ DEBUG5 "MyRemoveOverlay"] Compound                                                             0
[ DEBUG5 "MyRemoveOverlay"] Type                                                                22
[ DEBUG5 "MyRemoveOverlay"] Momentum (x,y,z)                       -3.59e-02, -7.21e-02, +3.64e-02
[ DEBUG5 "MyRemoveOverlay"] Mass [GeV]                                                    0.00e+00
[ DEBUG5 "MyRemoveOverlay"] Charge [e]                                                    0.00e+00
[ DEBUG5 "MyRemoveOverlay"] Energy [GeV]                                                  8.84e-02
[ DEBUG5 "MyRemoveOverlay"] ReferencePoint                         -8.65e+02, -1.74e+03, +8.79e+02
[ DEBUG5 "MyRemoveOverlay"] ParticleIDUsed                                                       0
[ DEBUG5 "MyRemoveOverlay"] GoodnessOfPID                                                 0.00e+00
[ DEBUG5 "MyRemoveOverlay"] Covariance p,E:  4.09e-04, 8.22e-04, 1.65e-03, -4.16e-04, -8.35e-04, 
[ DEBUG5 "MyRemoveOverlay"]                  4.23e-04, -1.01e-03, -2.02e-03, 1.02e-03, 2.48e-03
[ DEBUG5 "MyRemoveOverlay"] Particles id:    
[ DEBUG5 "MyRemoveOverlay"] Tracks id:    
[ DEBUG5 "MyRemoveOverlay"] Clusters id:  [00017314]
[ DEBUG5 "MyRemoveOverlay"] Particle ids ( [id], PDG, (type)): 
[ DEBUG5 "MyRemoveOverlay"]                  [00017731], 000000, (000000) 
[ DEBUG5 "MyRemoveOverlay"]                  [00017732], 000000, (000000) 
[ DEBUG5 "MyRemoveOverlay"]                  [00017733], 000000, (000000) 
[ DEBUG5 "MyRemoveOverlay"]                  [00017734], 000000, (000000) 
[ DEBUG5 "MyRemoveOverlay"] 
[ DEBUG5 "MyRemoveOverlay"] 
[ DEBUG0 "MyRemoveOverlay"] 	MCParticle at index: 0 has PDG: 22 and MCParticle to Cluster link weight is 1.00e+00
[ DEBUG0 "MyRemoveOverlay"] 	MCParticle at index: 0 with PDG code: 22 has highest link weight to input cluster
[ DEBUG0 "MyRemoveOverlay"] 	Cluster at index: 0 has highest link weight to MCParticle = 1.00e+00
[ DEBUG0 "MyRemoveOverlay"] 	Cluster linked to MCParticle with highest weight
[ DEBUG6 "MyRemoveOverlay"] 		Found a linked MCParticle to cluster
[ DEBUG5 "MyRemoveOverlay"] ----------------------------- MCParticle -----------------------------
[ DEBUG5 "MyRemoveOverlay"] Id                                                               16042
[ DEBUG5 "MyRemoveOverlay"] PDG                                                                 22
[ DEBUG5 "MyRemoveOverlay"] Energy [GeV]                                                  1.15e-01
[ DEBUG5 "MyRemoveOverlay"] Momentum [GeV] (x,y,z)               -0.0430173, -0.0979033, 0.0431174
[ DEBUG5 "MyRemoveOverlay"] Momentum at Endpoint[GeV] (x,y,z)                                -0, -0, 0
[ DEBUG5 "MyRemoveOverlay"] GeneratorStatus                                                      1
[ DEBUG5 "MyRemoveOverlay"] Vertex [mm] (x,y,z)                         -243.75, -310.125, 259.131
[ DEBUG5 "MyRemoveOverlay"] Endpoint [mm] (x,y,z)                      -857.303, -1706.51, 874.111
[ DEBUG5 "MyRemoveOverlay"] Mass [GeV]                                                    2.28e-09
[ DEBUG5 "MyRemoveOverlay"] Charge                                                        0.00e+00
[ DEBUG5 "MyRemoveOverlay"] Parents                                                              1
[ DEBUG5 "MyRemoveOverlay"] Daughters                                                            0
[ DEBUG5 "MyRemoveOverlay"] simulator status bits: [sbvtcls]  s: created in simulation b: backscatter v: vertex is not endpoint of parent t: decayed in tracker c: decayed in calorimeter l: has left detector s: stopped o: overlay
[ DEBUG5 "MyRemoveOverlay"] [    c s ]
[ DEBUG5 "MyRemoveOverlay"] 
[ DEBUG7 "MyRemoveOverlay"] 		********** PFO AT INDEX 49 IS NOT OVERLAY **********
[ DEBUG8 "MyRemoveOverlay"] 
[ DEBUG8 "MyRemoveOverlay"] 		-------------------------------------------------------
[ DEBUG8 "MyRemoveOverlay"] 		Processing PFO at index 50
[ DEBUG5 "MyRemoveOverlay"] ------------------ ReconstructedParticle -----------------------------
[ DEBUG5 "MyRemoveOverlay"] Id                                                             0x17735
[ DEBUG5 "MyRemoveOverlay"] Compound                                                             0
[ DEBUG5 "MyRemoveOverlay"] Type                                                                22
[ DEBUG5 "MyRemoveOverlay"] Momentum (x,y,z)                       -1.04e+00, -1.50e+00, +9.26e-01
[ DEBUG5 "MyRemoveOverlay"] Mass [GeV]                                                    0.00e+00
[ DEBUG5 "MyRemoveOverlay"] Charge [e]                                                    0.00e+00
[ DEBUG5 "MyRemoveOverlay"] Energy [GeV]                                                  2.05e+00
[ DEBUG5 "MyRemoveOverlay"] ReferencePoint                         -1.08e+03, -1.56e+03, +9.63e+02
[ DEBUG5 "MyRemoveOverlay"] ParticleIDUsed                                                       0
[ DEBUG5 "MyRemoveOverlay"] GoodnessOfPID                                                 0.00e+00
[ DEBUG5 "MyRemoveOverlay"] Covariance p,E:  1.52e-02, 2.20e-02, 3.18e-02, -1.36e-02, -1.96e-02, 
[ DEBUG5 "MyRemoveOverlay"]                  1.21e-02, -3.00e-02, -4.33e-02, 2.67e-02, 5.91e-02
[ DEBUG5 "MyRemoveOverlay"] Particles id:    
[ DEBUG5 "MyRemoveOverlay"] Tracks id:    
[ DEBUG5 "MyRemoveOverlay"] Clusters id:  [00017315]
[ DEBUG5 "MyRemoveOverlay"] Particle ids ( [id], PDG, (type)): 
[ DEBUG5 "MyRemoveOverlay"]                  [00017736], 000000, (000000) 
[ DEBUG5 "MyRemoveOverlay"]                  [00017737], 000000, (000000) 
[ DEBUG5 "MyRemoveOverlay"]                  [00017738], 000000, (000000) 
[ DEBUG5 "MyRemoveOverlay"]                  [00017739], 000000, (000000) 
[ DEBUG5 "MyRemoveOverlay"] 
[ DEBUG5 "MyRemoveOverlay"] 
[ DEBUG0 "MyRemoveOverlay"] 	MCParticle at index: 0 has PDG: 22 and MCParticle to Cluster link weight is 9.88e-01
[ DEBUG0 "MyRemoveOverlay"] 	MCParticle at index: 0 with PDG code: 22 has highest link weight to input cluster
[ DEBUG0 "MyRemoveOverlay"] 	Cluster at index: 0 has highest link weight to MCParticle = 9.96e-01
[ DEBUG0 "MyRemoveOverlay"] 	Cluster linked to MCParticle with highest weight
[ DEBUG6 "MyRemoveOverlay"] 		Found a linked MCParticle to cluster
[ DEBUG5 "MyRemoveOverlay"] ----------------------------- MCParticle -----------------------------
[ DEBUG5 "MyRemoveOverlay"] Id                                                               16039
[ DEBUG5 "MyRemoveOverlay"] PDG                                                                 22
[ DEBUG5 "MyRemoveOverlay"] Energy [GeV]                                                  1.62e+00
[ DEBUG5 "MyRemoveOverlay"] Momentum [GeV] (x,y,z)                   -0.821598, -1.18759, 0.732057
[ DEBUG5 "MyRemoveOverlay"] Momentum at Endpoint[GeV] (x,y,z)                                -0, -0, 0
[ DEBUG5 "MyRemoveOverlay"] GeneratorStatus                                                      1
[ DEBUG5 "MyRemoveOverlay"] Vertex [mm] (x,y,z)               -0.000285954, -0.00038898, -0.121627
[ DEBUG5 "MyRemoveOverlay"] Endpoint [mm] (x,y,z)                      -1048.46, -1515.51, 934.069
[ DEBUG5 "MyRemoveOverlay"] Mass [GeV]                                                   -3.65e-08
[ DEBUG5 "MyRemoveOverlay"] Charge                                                        0.00e+00
[ DEBUG5 "MyRemoveOverlay"] Parents                                                              1
[ DEBUG5 "MyRemoveOverlay"] Daughters                                                            0
[ DEBUG5 "MyRemoveOverlay"] simulator status bits: [sbvtcls]  s: created in simulation b: backscatter v: vertex is not endpoint of parent t: decayed in tracker c: decayed in calorimeter l: has left detector s: stopped o: overlay
[ DEBUG5 "MyRemoveOverlay"] [    c s ]
[ DEBUG5 "MyRemoveOverlay"] 
[ DEBUG7 "MyRemoveOverlay"] 		********** PFO AT INDEX 50 IS NOT OVERLAY **********
[ DEBUG8 "MyRemoveOverlay"] 
[ DEBUG8 "MyRemoveOverlay"] 		-------------------------------------------------------
[ DEBUG8 "MyRemoveOverlay"] 		Processing PFO at index 51
[ DEBUG5 "MyRemoveOverlay"] ------------------ ReconstructedParticle -----------------------------
[ DEBUG5 "MyRemoveOverlay"] Id                                                             0x17740
[ DEBUG5 "MyRemoveOverlay"] Compound                                                             0
[ DEBUG5 "MyRemoveOverlay"] Type                                                                22
[ DEBUG5 "MyRemoveOverlay"] Momentum (x,y,z)                       -2.11e-01, -1.89e-01, +1.73e-01
[ DEBUG5 "MyRemoveOverlay"] Mass [GeV]                                                    0.00e+00
[ DEBUG5 "MyRemoveOverlay"] Charge [e]                                                    0.00e+00
[ DEBUG5 "MyRemoveOverlay"] Energy [GeV]                                                  3.32e-01
[ DEBUG5 "MyRemoveOverlay"] ReferencePoint                         -1.37e+03, -1.23e+03, +1.13e+03
[ DEBUG5 "MyRemoveOverlay"] ParticleIDUsed                                                       0
[ DEBUG5 "MyRemoveOverlay"] GoodnessOfPID                                                 0.00e+00
[ DEBUG5 "MyRemoveOverlay"] Covariance p,E:  3.79e-03, 3.41e-03, 3.07e-03, -3.11e-03, -2.80e-03, 
[ DEBUG5 "MyRemoveOverlay"]                  2.55e-03, -5.98e-03, -5.37e-03, 4.90e-03, 9.41e-03
[ DEBUG5 "MyRemoveOverlay"] Particles id:    
[ DEBUG5 "MyRemoveOverlay"] Tracks id:    
[ DEBUG5 "MyRemoveOverlay"] Clusters id:  [00017316]
[ DEBUG5 "MyRemoveOverlay"] Particle ids ( [id], PDG, (type)): 
[ DEBUG5 "MyRemoveOverlay"]                  [00017741], 000000, (000000) 
[ DEBUG5 "MyRemoveOverlay"]                  [00017742], 000000, (000000) 
[ DEBUG5 "MyRemoveOverlay"]                  [00017743], 000000, (000000) 
[ DEBUG5 "MyRemoveOverlay"]                  [00017744], 000000, (000000) 
[ DEBUG5 "MyRemoveOverlay"] 
[ DEBUG5 "MyRemoveOverlay"] 
[ DEBUG0 "MyRemoveOverlay"] 	MCParticle at index: 0 has PDG: 22 and MCParticle to Cluster link weight is 9.80e-01
[ DEBUG0 "MyRemoveOverlay"] 	MCParticle at index: 0 with PDG code: 22 has highest link weight to input cluster
[ DEBUG0 "MyRemoveOverlay"] 	Cluster at index: 0 has highest link weight to MCParticle = 1.00e+00
[ DEBUG0 "MyRemoveOverlay"] 	Cluster linked to MCParticle with highest weight
[ DEBUG6 "MyRemoveOverlay"] 		Found a linked MCParticle to cluster
[ DEBUG5 "MyRemoveOverlay"] ----------------------------- MCParticle -----------------------------
[ DEBUG5 "MyRemoveOverlay"] Id                                                               16040
[ DEBUG5 "MyRemoveOverlay"] PDG                                                                 22
[ DEBUG5 "MyRemoveOverlay"] Energy [GeV]                                                  2.39e-01
[ DEBUG5 "MyRemoveOverlay"] Momentum [GeV] (x,y,z)                  -0.151769, -0.136468, 0.123923
[ DEBUG5 "MyRemoveOverlay"] Momentum at Endpoint[GeV] (x,y,z)                                -0, -0, 0
[ DEBUG5 "MyRemoveOverlay"] GeneratorStatus                                                      1
[ DEBUG5 "MyRemoveOverlay"] Vertex [mm] (x,y,z)               -0.000285954, -0.00038898, -0.121627
[ DEBUG5 "MyRemoveOverlay"] Endpoint [mm] (x,y,z)                      -1350.25, -1214.12, 1102.38
[ DEBUG5 "MyRemoveOverlay"] Mass [GeV]                                                   -3.73e-09
[ DEBUG5 "MyRemoveOverlay"] Charge                                                        0.00e+00
[ DEBUG5 "MyRemoveOverlay"] Parents                                                              1
[ DEBUG5 "MyRemoveOverlay"] Daughters                                                            0
[ DEBUG5 "MyRemoveOverlay"] simulator status bits: [sbvtcls]  s: created in simulation b: backscatter v: vertex is not endpoint of parent t: decayed in tracker c: decayed in calorimeter l: has left detector s: stopped o: overlay
[ DEBUG5 "MyRemoveOverlay"] [    c s ]
[ DEBUG5 "MyRemoveOverlay"] 
[ DEBUG7 "MyRemoveOverlay"] 		********** PFO AT INDEX 51 IS NOT OVERLAY **********
[ DEBUG8 "MyRemoveOverlay"] 
[ DEBUG8 "MyRemoveOverlay"] 		-------------------------------------------------------
[ DEBUG8 "MyRemoveOverlay"] 		Processing PFO at index 52
[ DEBUG5 "MyRemoveOverlay"] ------------------ ReconstructedParticle -----------------------------
[ DEBUG5 "MyRemoveOverlay"] Id                                                             0x17745
[ DEBUG5 "MyRemoveOverlay"] Compound                                                             0
[ DEBUG5 "MyRemoveOverlay"] Type                                                              2112
[ DEBUG5 "MyRemoveOverlay"] Momentum (x,y,z)                       -9.92e-01, +3.43e-01, +7.70e-01
[ DEBUG5 "MyRemoveOverlay"] Mass [GeV]                                                    9.40e-01
[ DEBUG5 "MyRemoveOverlay"] Charge [e]                                                    0.00e+00
[ DEBUG5 "MyRemoveOverlay"] Energy [GeV]                                                  1.30e+00
[ DEBUG5 "MyRemoveOverlay"] ReferencePoint                         -1.86e+03, +6.42e+02, +1.44e+03
[ DEBUG5 "MyRemoveOverlay"] ParticleIDUsed                                                       0
[ DEBUG5 "MyRemoveOverlay"] GoodnessOfPID                                                 0.00e+00
[ DEBUG5 "MyRemoveOverlay"] Covariance p,E:  4.15e-01, -1.44e-01, 4.96e-02, -3.22e-01, 1.11e-01, 
[ DEBUG5 "MyRemoveOverlay"]                  2.50e-01, -4.42e-01, 1.53e-01, 3.43e-01, 4.70e-01
[ DEBUG5 "MyRemoveOverlay"] Particles id:    
[ DEBUG5 "MyRemoveOverlay"] Tracks id:    
[ DEBUG5 "MyRemoveOverlay"] Clusters id:  [00017317]
[ DEBUG5 "MyRemoveOverlay"] Particle ids ( [id], PDG, (type)): 
[ DEBUG5 "MyRemoveOverlay"]                  [00017746], 000000, (000000) 
[ DEBUG5 "MyRemoveOverlay"]                  [00017747], 000000, (000000) 
[ DEBUG5 "MyRemoveOverlay"]                  [00017748], 000000, (000000) 
[ DEBUG5 "MyRemoveOverlay"]                  [00017749], 000000, (000000) 
[ DEBUG5 "MyRemoveOverlay"] 
[ DEBUG5 "MyRemoveOverlay"] 
[ DEBUG0 "MyRemoveOverlay"] 	MCParticle at index: 0 has PDG: 22 and MCParticle to Cluster link weight is 9.43e-01
[ DEBUG0 "MyRemoveOverlay"] 	MCParticle at index: 0 with PDG code: 22 has highest link weight to input cluster
[ DEBUG0 "MyRemoveOverlay"] 	Cluster at index: 0 has highest link weight to MCParticle = 9.83e-01
[ DEBUG0 "MyRemoveOverlay"] 	Cluster linked to MCParticle with highest weight
[ DEBUG6 "MyRemoveOverlay"] 		Found a linked MCParticle to cluster
[ DEBUG5 "MyRemoveOverlay"] ----------------------------- MCParticle -----------------------------
[ DEBUG5 "MyRemoveOverlay"] Id                                                               16072
[ DEBUG5 "MyRemoveOverlay"] PDG                                                                 22
[ DEBUG5 "MyRemoveOverlay"] Energy [GeV]                                                  1.30e+00
[ DEBUG5 "MyRemoveOverlay"] Momentum [GeV] (x,y,z)                   -0.990248, 0.341595, 0.765897
[ DEBUG5 "MyRemoveOverlay"] Momentum at Endpoint[GeV] (x,y,z)                                 -0, 0, 0
[ DEBUG5 "MyRemoveOverlay"] GeneratorStatus                                                      1
[ DEBUG5 "MyRemoveOverlay"] Vertex [mm] (x,y,z)                      -0.887208, 0.340251, 0.938859
[ DEBUG5 "MyRemoveOverlay"] Endpoint [mm] (x,y,z)                       -1812.92, 625.417, 1402.43
[ DEBUG5 "MyRemoveOverlay"] Mass [GeV]                                                    1.49e-08
[ DEBUG5 "MyRemoveOverlay"] Charge                                                        0.00e+00
[ DEBUG5 "MyRemoveOverlay"] Parents                                                              1
[ DEBUG5 "MyRemoveOverlay"] Daughters                                                            0
[ DEBUG5 "MyRemoveOverlay"] simulator status bits: [sbvtcls]  s: created in simulation b: backscatter v: vertex is not endpoint of parent t: decayed in tracker c: decayed in calorimeter l: has left detector s: stopped o: overlay
[ DEBUG5 "MyRemoveOverlay"] [    c s ]
[ DEBUG5 "MyRemoveOverlay"] 
[ DEBUG7 "MyRemoveOverlay"] 		********** PFO AT INDEX 52 IS NOT OVERLAY **********
[ DEBUG8 "MyRemoveOverlay"] 
[ DEBUG8 "MyRemoveOverlay"] 		-------------------------------------------------------
[ DEBUG8 "MyRemoveOverlay"] 		Processing PFO at index 53
[ DEBUG5 "MyRemoveOverlay"] ------------------ ReconstructedParticle -----------------------------
[ DEBUG5 "MyRemoveOverlay"] Id                                                             0x17750
[ DEBUG5 "MyRemoveOverlay"] Compound                                                             0
[ DEBUG5 "MyRemoveOverlay"] Type                                                                22
[ DEBUG5 "MyRemoveOverlay"] Momentum (x,y,z)                       -2.54e-01, +6.43e-02, +4.61e-01
[ DEBUG5 "MyRemoveOverlay"] Mass [GeV]                                                    0.00e+00
[ DEBUG5 "MyRemoveOverlay"] Charge [e]                                                    0.00e+00
[ DEBUG5 "MyRemoveOverlay"] Energy [GeV]                                                  5.30e-01
[ DEBUG5 "MyRemoveOverlay"] ReferencePoint                         -1.34e+03, +3.41e+02, +2.44e+03
[ DEBUG5 "MyRemoveOverlay"] ParticleIDUsed                                                       0
[ DEBUG5 "MyRemoveOverlay"] GoodnessOfPID                                                 0.00e+00
[ DEBUG5 "MyRemoveOverlay"] Covariance p,E:  3.46e-03, -8.77e-04, 2.22e-04, -6.29e-03, 1.59e-03, 
[ DEBUG5 "MyRemoveOverlay"]                  1.14e-02, -7.24e-03, 1.83e-03, 1.32e-02, 1.51e-02
[ DEBUG5 "MyRemoveOverlay"] Particles id:    
[ DEBUG5 "MyRemoveOverlay"] Tracks id:    
[ DEBUG5 "MyRemoveOverlay"] Clusters id:  [00017318]
[ DEBUG5 "MyRemoveOverlay"] Particle ids ( [id], PDG, (type)): 
[ DEBUG5 "MyRemoveOverlay"]                  [00017751], 000000, (000000) 
[ DEBUG5 "MyRemoveOverlay"]                  [00017752], 000000, (000000) 
[ DEBUG5 "MyRemoveOverlay"]                  [00017753], 000000, (000000) 
[ DEBUG5 "MyRemoveOverlay"]                  [00017754], 000000, (000000) 
[ DEBUG5 "MyRemoveOverlay"] 
[ DEBUG5 "MyRemoveOverlay"] 
[ DEBUG0 "MyRemoveOverlay"] 	MCParticle at index: 0 has PDG: 22 and MCParticle to Cluster link weight is 9.84e-01
[ DEBUG0 "MyRemoveOverlay"] 	MCParticle at index: 0 with PDG code: 22 has highest link weight to input cluster
[ DEBUG0 "MyRemoveOverlay"] 	Cluster at index: 0 has highest link weight to MCParticle = 9.93e-01
[ DEBUG0 "MyRemoveOverlay"] 	Cluster linked to MCParticle with highest weight
[ DEBUG6 "MyRemoveOverlay"] 		Found a linked MCParticle to cluster
[ DEBUG5 "MyRemoveOverlay"] ----------------------------- MCParticle -----------------------------
[ DEBUG5 "MyRemoveOverlay"] Id                                                               16092
[ DEBUG5 "MyRemoveOverlay"] PDG                                                                 22
[ DEBUG5 "MyRemoveOverlay"] Energy [GeV]                                                  7.46e-01
[ DEBUG5 "MyRemoveOverlay"] Momentum [GeV] (x,y,z)                   -0.356591, 0.0896408, 0.64858
[ DEBUG5 "MyRemoveOverlay"] Momentum at Endpoint[GeV] (x,y,z)                                 -0, 0, 0
[ DEBUG5 "MyRemoveOverlay"] GeneratorStatus                                                      1
[ DEBUG5 "MyRemoveOverlay"] Vertex [mm] (x,y,z)                        -1.06661, 0.432044, 1.22123
[ DEBUG5 "MyRemoveOverlay"] Endpoint [mm] (x,y,z)                        -1330.67, 334.67, 2419.54
[ DEBUG5 "MyRemoveOverlay"] Mass [GeV]                                                    0.00e+00
[ DEBUG5 "MyRemoveOverlay"] Charge                                                        0.00e+00
[ DEBUG5 "MyRemoveOverlay"] Parents                                                              1
[ DEBUG5 "MyRemoveOverlay"] Daughters                                                            0
[ DEBUG5 "MyRemoveOverlay"] simulator status bits: [sbvtcls]  s: created in simulation b: backscatter v: vertex is not endpoint of parent t: decayed in tracker c: decayed in calorimeter l: has left detector s: stopped o: overlay
[ DEBUG5 "MyRemoveOverlay"] [    c s ]
[ DEBUG5 "MyRemoveOverlay"] 
[ DEBUG7 "MyRemoveOverlay"] 		********** PFO AT INDEX 53 IS NOT OVERLAY **********
[ DEBUG8 "MyRemoveOverlay"] 
[ DEBUG8 "MyRemoveOverlay"] 		-------------------------------------------------------
[ DEBUG8 "MyRemoveOverlay"] 		Processing PFO at index 54
[ DEBUG5 "MyRemoveOverlay"] ------------------ ReconstructedParticle -----------------------------
[ DEBUG5 "MyRemoveOverlay"] Id                                                             0x17755
[ DEBUG5 "MyRemoveOverlay"] Compound                                                             0
[ DEBUG5 "MyRemoveOverlay"] Type                                                                22
[ DEBUG5 "MyRemoveOverlay"] Momentum (x,y,z)                       -4.32e-01, -4.72e-01, +1.40e+00
[ DEBUG5 "MyRemoveOverlay"] Mass [GeV]                                                    0.00e+00
[ DEBUG5 "MyRemoveOverlay"] Charge [e]                                                    0.00e+00
[ DEBUG5 "MyRemoveOverlay"] Energy [GeV]                                                  1.54e+00
[ DEBUG5 "MyRemoveOverlay"] ReferencePoint                         -7.59e+02, -8.28e+02, +2.46e+03
[ DEBUG5 "MyRemoveOverlay"] ParticleIDUsed                                                       0
[ DEBUG5 "MyRemoveOverlay"] GoodnessOfPID                                                 0.00e+00
[ DEBUG5 "MyRemoveOverlay"] Covariance p,E:  3.50e-03, 3.81e-03, 4.16e-03, -1.13e-02, -1.24e-02, 
[ DEBUG5 "MyRemoveOverlay"]                  3.68e-02, -1.25e-02, -1.36e-02, 4.04e-02, 4.44e-02
[ DEBUG5 "MyRemoveOverlay"] Particles id:    
[ DEBUG5 "MyRemoveOverlay"] Tracks id:    
[ DEBUG5 "MyRemoveOverlay"] Clusters id:  [00017319]
[ DEBUG5 "MyRemoveOverlay"] Particle ids ( [id], PDG, (type)): 
[ DEBUG5 "MyRemoveOverlay"]                  [00017756], 000000, (000000) 
[ DEBUG5 "MyRemoveOverlay"]                  [00017757], 000000, (000000) 
[ DEBUG5 "MyRemoveOverlay"]                  [00017758], 000000, (000000) 
[ DEBUG5 "MyRemoveOverlay"]                  [00017759], 000000, (000000) 
[ DEBUG5 "MyRemoveOverlay"] 
[ DEBUG5 "MyRemoveOverlay"] 
[ DEBUG0 "MyRemoveOverlay"] 	MCParticle at index: 1 has PDG: 22 and MCParticle to Cluster link weight is 9.79e-01
[ DEBUG0 "MyRemoveOverlay"] 	MCParticle at index: 1 with PDG code: 22 has highest link weight to input cluster
[ DEBUG0 "MyRemoveOverlay"] 	Cluster at index: 0 has highest link weight to MCParticle = 1.00e+00
[ DEBUG0 "MyRemoveOverlay"] 	Cluster linked to MCParticle with highest weight
[ DEBUG6 "MyRemoveOverlay"] 		Found a linked MCParticle to cluster
[ DEBUG5 "MyRemoveOverlay"] ----------------------------- MCParticle -----------------------------
[ DEBUG5 "MyRemoveOverlay"] Id                                                               16049
[ DEBUG5 "MyRemoveOverlay"] PDG                                                                 22
[ DEBUG5 "MyRemoveOverlay"] Energy [GeV]                                                  1.89e+00
[ DEBUG5 "MyRemoveOverlay"] Momentum [GeV] (x,y,z)                   -0.522958, -0.580368, 1.71912
[ DEBUG5 "MyRemoveOverlay"] Momentum at Endpoint[GeV] (x,y,z)                                -0, -0, 0
[ DEBUG5 "MyRemoveOverlay"] GeneratorStatus                                                      1
[ DEBUG5 "MyRemoveOverlay"] Vertex [mm] (x,y,z)            -6.38629e-309, -6.10979e-309, -0.121879
[ DEBUG5 "MyRemoveOverlay"] Endpoint [mm] (x,y,z)                      -736.308, -817.139, 2420.35
[ DEBUG5 "MyRemoveOverlay"] Mass [GeV]                                                    4.71e-08
[ DEBUG5 "MyRemoveOverlay"] Charge                                                        0.00e+00
[ DEBUG5 "MyRemoveOverlay"] Parents                                                              1
[ DEBUG5 "MyRemoveOverlay"] Daughters                                                            0
[ DEBUG5 "MyRemoveOverlay"] simulator status bits: [sbvtcls]  s: created in simulation b: backscatter v: vertex is not endpoint of parent t: decayed in tracker c: decayed in calorimeter l: has left detector s: stopped o: overlay
[ DEBUG5 "MyRemoveOverlay"] [    c s ]
[ DEBUG5 "MyRemoveOverlay"] 
[ DEBUG7 "MyRemoveOverlay"] 		********** PFO AT INDEX 54 IS NOT OVERLAY **********
[ DEBUG8 "MyRemoveOverlay"] 
[ DEBUG8 "MyRemoveOverlay"] 		-------------------------------------------------------
[ DEBUG8 "MyRemoveOverlay"] 		Processing PFO at index 55
[ DEBUG5 "MyRemoveOverlay"] ------------------ ReconstructedParticle -----------------------------
[ DEBUG5 "MyRemoveOverlay"] Id                                                             0x17760
[ DEBUG5 "MyRemoveOverlay"] Compound                                                             0
[ DEBUG5 "MyRemoveOverlay"] Type                                                              2112
[ DEBUG5 "MyRemoveOverlay"] Momentum (x,y,z)                       -9.58e-02, -1.99e-01, +4.43e-01
[ DEBUG5 "MyRemoveOverlay"] Mass [GeV]                                                    9.40e-01
[ DEBUG5 "MyRemoveOverlay"] Charge [e]                                                    0.00e+00
[ DEBUG5 "MyRemoveOverlay"] Energy [GeV]                                                  4.95e-01
[ DEBUG5 "MyRemoveOverlay"] ReferencePoint                         -5.29e+02, -1.10e+03, +2.45e+03
[ DEBUG5 "MyRemoveOverlay"] ParticleIDUsed                                                       0
[ DEBUG5 "MyRemoveOverlay"] GoodnessOfPID                                                 0.00e+00
[ DEBUG5 "MyRemoveOverlay"] Covariance p,E:  3.08e-02, 6.40e-02, 1.33e-01, -1.42e-01, -2.96e-01, 
[ DEBUG5 "MyRemoveOverlay"]                  6.58e-01, -7.41e-02, -1.54e-01, 3.42e-01, 1.78e-01
[ DEBUG5 "MyRemoveOverlay"] Particles id:    
[ DEBUG5 "MyRemoveOverlay"] Tracks id:    
[ DEBUG5 "MyRemoveOverlay"] Clusters id:  [00017320]
[ DEBUG5 "MyRemoveOverlay"] Particle ids ( [id], PDG, (type)): 
[ DEBUG5 "MyRemoveOverlay"]                  [00017761], 000000, (000000) 
[ DEBUG5 "MyRemoveOverlay"]                  [00017762], 000000, (000000) 
[ DEBUG5 "MyRemoveOverlay"]                  [00017763], 000000, (000000) 
[ DEBUG5 "MyRemoveOverlay"]                  [00017764], 000000, (000000) 
[ DEBUG5 "MyRemoveOverlay"] 
[ DEBUG5 "MyRemoveOverlay"] 
[ DEBUG0 "MyRemoveOverlay"] 	MCParticle at index: 1 has PDG: 22 and MCParticle to Cluster link weight is 9.78e-01
[ DEBUG0 "MyRemoveOverlay"] 	MCParticle at index: 1 with PDG code: 22 has highest link weight to input cluster
[ DEBUG0 "MyRemoveOverlay"] 	Cluster at index: 0 has highest link weight to MCParticle = 1.00e+00
[ DEBUG0 "MyRemoveOverlay"] 	Cluster linked to MCParticle with highest weight
[ DEBUG6 "MyRemoveOverlay"] 		Found a linked MCParticle to cluster
[ DEBUG5 "MyRemoveOverlay"] ----------------------------- MCParticle -----------------------------
[ DEBUG5 "MyRemoveOverlay"] Id                                                               16129
[ DEBUG5 "MyRemoveOverlay"] PDG                                                                 22
[ DEBUG5 "MyRemoveOverlay"] Energy [GeV]                                                  4.58e-01
[ DEBUG5 "MyRemoveOverlay"] Momentum [GeV] (x,y,z)                   -0.173111, 0.308275, 0.291537
[ DEBUG5 "MyRemoveOverlay"] Momentum at Endpoint[GeV] (x,y,z)                                 -0, 0, 0
[ DEBUG5 "MyRemoveOverlay"] GeneratorStatus                                                      0
[ DEBUG5 "MyRemoveOverlay"] Vertex [mm] (x,y,z)                        -411.365, -1310.57, 2238.47
[ DEBUG5 "MyRemoveOverlay"] Endpoint [mm] (x,y,z)                      -519.322, -1118.32, 2420.28
[ DEBUG5 "MyRemoveOverlay"] Mass [GeV]                                                    0.00e+00
[ DEBUG5 "MyRemoveOverlay"] Charge                                                        0.00e+00
[ DEBUG5 "MyRemoveOverlay"] Parents                                                              1
[ DEBUG5 "MyRemoveOverlay"] Daughters                                                            0
[ DEBUG5 "MyRemoveOverlay"] simulator status bits: [sbvtcls]  s: created in simulation b: backscatter v: vertex is not endpoint of parent t: decayed in tracker c: decayed in calorimeter l: has left detector s: stopped o: overlay
[ DEBUG5 "MyRemoveOverlay"] [s   c s ]
[ DEBUG5 "MyRemoveOverlay"] 
[ DEBUG7 "MyRemoveOverlay"] 		********** PFO AT INDEX 55 IS NOT OVERLAY **********
[ DEBUG8 "MyRemoveOverlay"] 
[ DEBUG8 "MyRemoveOverlay"] 		-------------------------------------------------------
[ DEBUG8 "MyRemoveOverlay"] 		Processing PFO at index 56
[ DEBUG5 "MyRemoveOverlay"] ------------------ ReconstructedParticle -----------------------------
[ DEBUG5 "MyRemoveOverlay"] Id                                                             0x17765
[ DEBUG5 "MyRemoveOverlay"] Compound                                                             0
[ DEBUG5 "MyRemoveOverlay"] Type                                                                22
[ DEBUG5 "MyRemoveOverlay"] Momentum (x,y,z)                       +1.06e+00, +9.32e-01, +4.34e-01
[ DEBUG5 "MyRemoveOverlay"] Mass [GeV]                                                    0.00e+00
[ DEBUG5 "MyRemoveOverlay"] Charge [e]                                                    0.00e+00
[ DEBUG5 "MyRemoveOverlay"] Energy [GeV]                                                  1.48e+00
[ DEBUG5 "MyRemoveOverlay"] ReferencePoint                         +1.40e+03, +1.24e+03, +5.77e+02
[ DEBUG5 "MyRemoveOverlay"] ParticleIDUsed                                                       0
[ DEBUG5 "MyRemoveOverlay"] GoodnessOfPID                                                 0.00e+00
[ DEBUG5 "MyRemoveOverlay"] Covariance p,E:  2.18e-02, 1.92e-02, 1.70e-02, 8.96e-03, 7.89e-03, 
[ DEBUG5 "MyRemoveOverlay"]                  3.68e-03, 3.04e-02, 2.68e-02, 1.25e-02, 4.24e-02
[ DEBUG5 "MyRemoveOverlay"] Particles id:    
[ DEBUG5 "MyRemoveOverlay"] Tracks id:    
[ DEBUG5 "MyRemoveOverlay"] Clusters id:  [00017321]
[ DEBUG5 "MyRemoveOverlay"] Particle ids ( [id], PDG, (type)): 
[ DEBUG5 "MyRemoveOverlay"]                  [00017766], 000000, (000000) 
[ DEBUG5 "MyRemoveOverlay"]                  [00017767], 000000, (000000) 
[ DEBUG5 "MyRemoveOverlay"]                  [00017768], 000000, (000000) 
[ DEBUG5 "MyRemoveOverlay"]                  [00017769], 000000, (000000) 
[ DEBUG5 "MyRemoveOverlay"] 
[ DEBUG5 "MyRemoveOverlay"] 
[ DEBUG0 "MyRemoveOverlay"] 	MCParticle at index: 1 has PDG: 22 and MCParticle to Cluster link weight is 9.64e-01
[ DEBUG0 "MyRemoveOverlay"] 	MCParticle at index: 1 with PDG code: 22 has highest link weight to input cluster
[ DEBUG0 "MyRemoveOverlay"] 	Cluster at index: 0 has highest link weight to MCParticle = 1.00e+00
[ DEBUG0 "MyRemoveOverlay"] 	Cluster linked to MCParticle with highest weight
[ DEBUG6 "MyRemoveOverlay"] 		Found a linked MCParticle to cluster
[ DEBUG5 "MyRemoveOverlay"] ----------------------------- MCParticle -----------------------------
[ DEBUG5 "MyRemoveOverlay"] Id                                                               16053
[ DEBUG5 "MyRemoveOverlay"] PDG                                                                 22
[ DEBUG5 "MyRemoveOverlay"] Energy [GeV]                                                  1.23e+00
[ DEBUG5 "MyRemoveOverlay"] Momentum [GeV] (x,y,z)                    0.877051, 0.776782, 0.359706
[ DEBUG5 "MyRemoveOverlay"] Momentum at Endpoint[GeV] (x,y,z)                                  0, 0, 0
[ DEBUG5 "MyRemoveOverlay"] GeneratorStatus                                                      1
[ DEBUG5 "MyRemoveOverlay"] Vertex [mm] (x,y,z)                 0.000342179, 0.00032015, -0.121752
[ DEBUG5 "MyRemoveOverlay"] Endpoint [mm] (x,y,z)                        1362.97, 1207.14, 558.873
[ DEBUG5 "MyRemoveOverlay"] Mass [GeV]                                                   -1.49e-08
[ DEBUG5 "MyRemoveOverlay"] Charge                                                        0.00e+00
[ DEBUG5 "MyRemoveOverlay"] Parents                                                              1
[ DEBUG5 "MyRemoveOverlay"] Daughters                                                            0
[ DEBUG5 "MyRemoveOverlay"] simulator status bits: [sbvtcls]  s: created in simulation b: backscatter v: vertex is not endpoint of parent t: decayed in tracker c: decayed in calorimeter l: has left detector s: stopped o: overlay
[ DEBUG5 "MyRemoveOverlay"] [    c s ]
[ DEBUG5 "MyRemoveOverlay"] 
[ DEBUG7 "MyRemoveOverlay"] 		********** PFO AT INDEX 56 IS NOT OVERLAY **********
[ DEBUG8 "MyRemoveOverlay"] 
[ DEBUG8 "MyRemoveOverlay"] 		-------------------------------------------------------
[ DEBUG8 "MyRemoveOverlay"] 		Processing PFO at index 57
[ DEBUG5 "MyRemoveOverlay"] ------------------ ReconstructedParticle -----------------------------
[ DEBUG5 "MyRemoveOverlay"] Id                                                             0x17770
[ DEBUG5 "MyRemoveOverlay"] Compound                                                             0
[ DEBUG5 "MyRemoveOverlay"] Type                                                                22
[ DEBUG5 "MyRemoveOverlay"] Momentum (x,y,z)                       -8.49e-01, -1.45e-01, +5.79e-01
[ DEBUG5 "MyRemoveOverlay"] Mass [GeV]                                                    0.00e+00
[ DEBUG5 "MyRemoveOverlay"] Charge [e]                                                    0.00e+00
[ DEBUG5 "MyRemoveOverlay"] Energy [GeV]                                                  1.04e+00
[ DEBUG5 "MyRemoveOverlay"] ReferencePoint                         -1.86e+03, -3.18e+02, +1.27e+03
[ DEBUG5 "MyRemoveOverlay"] ParticleIDUsed                                                       0
[ DEBUG5 "MyRemoveOverlay"] GoodnessOfPID                                                 0.00e+00
[ DEBUG5 "MyRemoveOverlay"] Covariance p,E:  1.98e-02, 3.38e-03, 5.79e-04, -1.35e-02, -2.31e-03, 
[ DEBUG5 "MyRemoveOverlay"]                  9.25e-03, -2.42e-02, -4.14e-03, 1.66e-02, 2.96e-02
[ DEBUG5 "MyRemoveOverlay"] Particles id:    
[ DEBUG5 "MyRemoveOverlay"] Tracks id:    
[ DEBUG5 "MyRemoveOverlay"] Clusters id:  [00017322]
[ DEBUG5 "MyRemoveOverlay"] Particle ids ( [id], PDG, (type)): 
[ DEBUG5 "MyRemoveOverlay"]                  [00017771], 000000, (000000) 
[ DEBUG5 "MyRemoveOverlay"]                  [00017772], 000000, (000000) 
[ DEBUG5 "MyRemoveOverlay"]                  [00017773], 000000, (000000) 
[ DEBUG5 "MyRemoveOverlay"]                  [00017774], 000000, (000000) 
[ DEBUG5 "MyRemoveOverlay"] 
[ DEBUG5 "MyRemoveOverlay"] 
[ DEBUG0 "MyRemoveOverlay"] 	MCParticle at index: 0 has PDG: 22 and MCParticle to Cluster link weight is 9.86e-01
[ DEBUG0 "MyRemoveOverlay"] 	MCParticle at index: 0 with PDG code: 22 has highest link weight to input cluster
[ DEBUG0 "MyRemoveOverlay"] 	Cluster at index: 0 has highest link weight to MCParticle = 9.93e-01
[ DEBUG0 "MyRemoveOverlay"] 	Cluster linked to MCParticle with highest weight
[ DEBUG6 "MyRemoveOverlay"] 		Found a linked MCParticle to cluster
[ DEBUG5 "MyRemoveOverlay"] ----------------------------- MCParticle -----------------------------
[ DEBUG5 "MyRemoveOverlay"] Id                                                               16038
[ DEBUG5 "MyRemoveOverlay"] PDG                                                                 22
[ DEBUG5 "MyRemoveOverlay"] Energy [GeV]                                                  9.51e-01
[ DEBUG5 "MyRemoveOverlay"] Momentum [GeV] (x,y,z)                  -0.778771, -0.133377, 0.529619
[ DEBUG5 "MyRemoveOverlay"] Momentum at Endpoint[GeV] (x,y,z)                                -0, -0, 0
[ DEBUG5 "MyRemoveOverlay"] GeneratorStatus                                                      1
[ DEBUG5 "MyRemoveOverlay"] Vertex [mm] (x,y,z)              -0.000209888, -3.76462e-05, -0.121733
[ DEBUG5 "MyRemoveOverlay"] Endpoint [mm] (x,y,z)                       -1818.8, -311.499, 1236.79
[ DEBUG5 "MyRemoveOverlay"] Mass [GeV]                                                    1.05e-08
[ DEBUG5 "MyRemoveOverlay"] Charge                                                        0.00e+00
[ DEBUG5 "MyRemoveOverlay"] Parents                                                              1
[ DEBUG5 "MyRemoveOverlay"] Daughters                                                            0
[ DEBUG5 "MyRemoveOverlay"] simulator status bits: [sbvtcls]  s: created in simulation b: backscatter v: vertex is not endpoint of parent t: decayed in tracker c: decayed in calorimeter l: has left detector s: stopped o: overlay
[ DEBUG5 "MyRemoveOverlay"] [    c s ]
[ DEBUG5 "MyRemoveOverlay"] 
[ DEBUG7 "MyRemoveOverlay"] 		********** PFO AT INDEX 57 IS NOT OVERLAY **********
[ DEBUG8 "MyRemoveOverlay"] 
[ DEBUG8 "MyRemoveOverlay"] 		-------------------------------------------------------
[ DEBUG8 "MyRemoveOverlay"] 		Processing PFO at index 58
[ DEBUG5 "MyRemoveOverlay"] ------------------ ReconstructedParticle -----------------------------
[ DEBUG5 "MyRemoveOverlay"] Id                                                             0x17775
[ DEBUG5 "MyRemoveOverlay"] Compound                                                             0
[ DEBUG5 "MyRemoveOverlay"] Type                                                                22
[ DEBUG5 "MyRemoveOverlay"] Momentum (x,y,z)                       -1.52e-02, -2.50e-02, +1.41e-01
[ DEBUG5 "MyRemoveOverlay"] Mass [GeV]                                                    0.00e+00
[ DEBUG5 "MyRemoveOverlay"] Charge [e]                                                    0.00e+00
[ DEBUG5 "MyRemoveOverlay"] Energy [GeV]                                                  1.44e-01
[ DEBUG5 "MyRemoveOverlay"] ReferencePoint                         -2.64e+02, -4.34e+02, +2.45e+03
[ DEBUG5 "MyRemoveOverlay"] ParticleIDUsed                                                       0
[ DEBUG5 "MyRemoveOverlay"] GoodnessOfPID                                                 0.00e+00
[ DEBUG5 "MyRemoveOverlay"] Covariance p,E:  4.55e-05, 7.46e-05, 1.22e-04, -4.21e-04, -6.91e-04, 
[ DEBUG5 "MyRemoveOverlay"]                  3.90e-03, -4.30e-04, -7.06e-04, 3.99e-03, 4.07e-03
[ DEBUG5 "MyRemoveOverlay"] Particles id:    
[ DEBUG5 "MyRemoveOverlay"] Tracks id:    
[ DEBUG5 "MyRemoveOverlay"] Clusters id:  [00017323]
[ DEBUG5 "MyRemoveOverlay"] Particle ids ( [id], PDG, (type)): 
[ DEBUG5 "MyRemoveOverlay"]                  [00017776], 000000, (000000) 
[ DEBUG5 "MyRemoveOverlay"]                  [00017777], 000000, (000000) 
[ DEBUG5 "MyRemoveOverlay"]                  [00017778], 000000, (000000) 
[ DEBUG5 "MyRemoveOverlay"]                  [00017779], 000000, (000000) 
[ DEBUG5 "MyRemoveOverlay"] 
[ DEBUG5 "MyRemoveOverlay"] 
[ DEBUG0 "MyRemoveOverlay"] 	MCParticle at index: 0 has PDG: 22 and MCParticle to Cluster link weight is 1.00e+00
[ DEBUG0 "MyRemoveOverlay"] 	MCParticle at index: 0 with PDG code: 22 has highest link weight to input cluster
[ DEBUG6 "MyRemoveOverlay"] 		Cluster is not linked to a MCParticle
[ DEBUG7 "MyRemoveOverlay"] 		********** PFO AT INDEX 58 IS NOT OVERLAY **********
[ DEBUG8 "MyRemoveOverlay"] 
[ DEBUG8 "MyRemoveOverlay"] 		-------------------------------------------------------
[ DEBUG8 "MyRemoveOverlay"] 		Processing PFO at index 59
[ DEBUG5 "MyRemoveOverlay"] ------------------ ReconstructedParticle -----------------------------
[ DEBUG5 "MyRemoveOverlay"] Id                                                             0x17780
[ DEBUG5 "MyRemoveOverlay"] Compound                                                             0
[ DEBUG5 "MyRemoveOverlay"] Type                                                                22
[ DEBUG5 "MyRemoveOverlay"] Momentum (x,y,z)                       -1.05e-01, -5.73e-02, +5.31e-02
[ DEBUG5 "MyRemoveOverlay"] Mass [GeV]                                                    0.00e+00
[ DEBUG5 "MyRemoveOverlay"] Charge [e]                                                    0.00e+00
[ DEBUG5 "MyRemoveOverlay"] Energy [GeV]                                                  1.31e-01
[ DEBUG5 "MyRemoveOverlay"] ReferencePoint                         -1.70e+03, -9.24e+02, +8.57e+02
[ DEBUG5 "MyRemoveOverlay"] ParticleIDUsed                                                       0
[ DEBUG5 "MyRemoveOverlay"] GoodnessOfPID                                                 0.00e+00
[ DEBUG5 "MyRemoveOverlay"] Covariance p,E:  2.37e-03, 1.29e-03, 7.01e-04, -1.20e-03, -6.51e-04, 
[ DEBUG5 "MyRemoveOverlay"]                  6.04e-04, -2.95e-03, -1.61e-03, 1.49e-03, 3.68e-03
[ DEBUG5 "MyRemoveOverlay"] Particles id:    
[ DEBUG5 "MyRemoveOverlay"] Tracks id:    
[ DEBUG5 "MyRemoveOverlay"] Clusters id:  [00017324]
[ DEBUG5 "MyRemoveOverlay"] Particle ids ( [id], PDG, (type)): 
[ DEBUG5 "MyRemoveOverlay"]                  [00017781], 000000, (000000) 
[ DEBUG5 "MyRemoveOverlay"]                  [00017782], 000000, (000000) 
[ DEBUG5 "MyRemoveOverlay"]                  [00017783], 000000, (000000) 
[ DEBUG5 "MyRemoveOverlay"]                  [00017784], 000000, (000000) 
[ DEBUG5 "MyRemoveOverlay"] 
[ DEBUG5 "MyRemoveOverlay"] 
[ DEBUG0 "MyRemoveOverlay"] 	MCParticle at index: 0 has PDG: 22 and MCParticle to Cluster link weight is 1.00e+00
[ DEBUG0 "MyRemoveOverlay"] 	MCParticle at index: 0 with PDG code: 22 has highest link weight to input cluster
[ DEBUG0 "MyRemoveOverlay"] 	Cluster at index: 0 has highest link weight to MCParticle = 9.73e-01
[ DEBUG0 "MyRemoveOverlay"] 	Cluster linked to MCParticle with highest weight
[ DEBUG6 "MyRemoveOverlay"] 		Found a linked MCParticle to cluster
[ DEBUG5 "MyRemoveOverlay"] ----------------------------- MCParticle -----------------------------
[ DEBUG5 "MyRemoveOverlay"] Id                                                               16047
[ DEBUG5 "MyRemoveOverlay"] PDG                                                                 22
[ DEBUG5 "MyRemoveOverlay"] Energy [GeV]                                                  2.71e-01
[ DEBUG5 "MyRemoveOverlay"] Momentum [GeV] (x,y,z)                  -0.217783, -0.117982, 0.109353
[ DEBUG5 "MyRemoveOverlay"] Momentum at Endpoint[GeV] (x,y,z)                                -0, -0, 0
[ DEBUG5 "MyRemoveOverlay"] GeneratorStatus                                                      1
[ DEBUG5 "MyRemoveOverlay"] Vertex [mm] (x,y,z)              -0.000145521, -9.29339e-05, -0.121745
[ DEBUG5 "MyRemoveOverlay"] Endpoint [mm] (x,y,z)                      -1668.36, -903.823, 837.593
[ DEBUG5 "MyRemoveOverlay"] Mass [GeV]                                                    8.33e-09
[ DEBUG5 "MyRemoveOverlay"] Charge                                                        0.00e+00
[ DEBUG5 "MyRemoveOverlay"] Parents                                                              1
[ DEBUG5 "MyRemoveOverlay"] Daughters                                                            0
[ DEBUG5 "MyRemoveOverlay"] simulator status bits: [sbvtcls]  s: created in simulation b: backscatter v: vertex is not endpoint of parent t: decayed in tracker c: decayed in calorimeter l: has left detector s: stopped o: overlay
[ DEBUG5 "MyRemoveOverlay"] [    c s ]
[ DEBUG5 "MyRemoveOverlay"] 
[ DEBUG7 "MyRemoveOverlay"] 		********** PFO AT INDEX 59 IS NOT OVERLAY **********
[ DEBUG8 "MyRemoveOverlay"] 
[ DEBUG8 "MyRemoveOverlay"] 		-------------------------------------------------------
[ DEBUG8 "MyRemoveOverlay"] 		Processing PFO at index 60
[ DEBUG5 "MyRemoveOverlay"] ------------------ ReconstructedParticle -----------------------------
[ DEBUG5 "MyRemoveOverlay"] Id                                                             0x17785
[ DEBUG5 "MyRemoveOverlay"] Compound                                                             0
[ DEBUG5 "MyRemoveOverlay"] Type                                                                22
[ DEBUG5 "MyRemoveOverlay"] Momentum (x,y,z)                       -1.14e+00, -1.15e+00, +8.01e-01
[ DEBUG5 "MyRemoveOverlay"] Mass [GeV]                                                    0.00e+00
[ DEBUG5 "MyRemoveOverlay"] Charge [e]                                                    0.00e+00
[ DEBUG5 "MyRemoveOverlay"] Energy [GeV]                                                  1.81e+00
[ DEBUG5 "MyRemoveOverlay"] ReferencePoint                         -1.32e+03, -1.34e+03, +9.32e+02
[ DEBUG5 "MyRemoveOverlay"] ParticleIDUsed                                                       0
[ DEBUG5 "MyRemoveOverlay"] GoodnessOfPID                                                 0.00e+00
[ DEBUG5 "MyRemoveOverlay"] Covariance p,E:  2.07e-02, 2.09e-02, 2.11e-02, -1.46e-02, -1.47e-02, 
[ DEBUG5 "MyRemoveOverlay"]                  1.02e-02, -3.28e-02, -3.32e-02, 2.31e-02, 5.20e-02
[ DEBUG5 "MyRemoveOverlay"] Particles id:    
[ DEBUG5 "MyRemoveOverlay"] Tracks id:    
[ DEBUG5 "MyRemoveOverlay"] Clusters id:  [00017325]
[ DEBUG5 "MyRemoveOverlay"] Particle ids ( [id], PDG, (type)): 
[ DEBUG5 "MyRemoveOverlay"]                  [00017786], 000000, (000000) 
[ DEBUG5 "MyRemoveOverlay"]                  [00017787], 000000, (000000) 
[ DEBUG5 "MyRemoveOverlay"]                  [00017788], 000000, (000000) 
[ DEBUG5 "MyRemoveOverlay"]                  [00017789], 000000, (000000) 
[ DEBUG5 "MyRemoveOverlay"] 
[ DEBUG5 "MyRemoveOverlay"] 
[ DEBUG0 "MyRemoveOverlay"] 	MCParticle at index: 0 has PDG: 22 and MCParticle to Cluster link weight is 1.00e+00
[ DEBUG0 "MyRemoveOverlay"] 	MCParticle at index: 0 with PDG code: 22 has highest link weight to input cluster
[ DEBUG0 "MyRemoveOverlay"] 	Cluster at index: 0 has highest link weight to MCParticle = 9.98e-01
[ DEBUG0 "MyRemoveOverlay"] 	Cluster linked to MCParticle with highest weight
[ DEBUG6 "MyRemoveOverlay"] 		Found a linked MCParticle to cluster
[ DEBUG5 "MyRemoveOverlay"] ----------------------------- MCParticle -----------------------------
[ DEBUG5 "MyRemoveOverlay"] Id                                                               16044
[ DEBUG5 "MyRemoveOverlay"] PDG                                                                 22
[ DEBUG5 "MyRemoveOverlay"] Energy [GeV]                                                  1.85e+00
[ DEBUG5 "MyRemoveOverlay"] Momentum [GeV] (x,y,z)                    -1.16466, -1.17655, 0.820275
[ DEBUG5 "MyRemoveOverlay"] Momentum at Endpoint[GeV] (x,y,z)                                -0, -0, 0
[ DEBUG5 "MyRemoveOverlay"] GeneratorStatus                                                      1
[ DEBUG5 "MyRemoveOverlay"] Vertex [mm] (x,y,z)              -0.000182125, -0.000189027, -0.121753
[ DEBUG5 "MyRemoveOverlay"] Endpoint [mm] (x,y,z)                       -1288.4, -1301.55, 907.303
[ DEBUG5 "MyRemoveOverlay"] Mass [GeV]                                                   -5.96e-08
[ DEBUG5 "MyRemoveOverlay"] Charge                                                        0.00e+00
[ DEBUG5 "MyRemoveOverlay"] Parents                                                              1
[ DEBUG5 "MyRemoveOverlay"] Daughters                                                            0
[ DEBUG5 "MyRemoveOverlay"] simulator status bits: [sbvtcls]  s: created in simulation b: backscatter v: vertex is not endpoint of parent t: decayed in tracker c: decayed in calorimeter l: has left detector s: stopped o: overlay
[ DEBUG5 "MyRemoveOverlay"] [    c s ]
[ DEBUG5 "MyRemoveOverlay"] 
[ DEBUG7 "MyRemoveOverlay"] 		********** PFO AT INDEX 60 IS NOT OVERLAY **********
[ DEBUG8 "MyRemoveOverlay"] 
[ DEBUG8 "MyRemoveOverlay"] 		-------------------------------------------------------
[ DEBUG8 "MyRemoveOverlay"] 		Processing PFO at index 61
[ DEBUG5 "MyRemoveOverlay"] ------------------ ReconstructedParticle -----------------------------
[ DEBUG5 "MyRemoveOverlay"] Id                                                             0x17790
[ DEBUG5 "MyRemoveOverlay"] Compound                                                             0
[ DEBUG5 "MyRemoveOverlay"] Type                                                                22
[ DEBUG5 "MyRemoveOverlay"] Momentum (x,y,z)                       -6.68e-02, -1.44e-01, +8.24e-02
[ DEBUG5 "MyRemoveOverlay"] Mass [GeV]                                                    0.00e+00
[ DEBUG5 "MyRemoveOverlay"] Charge [e]                                                    0.00e+00
[ DEBUG5 "MyRemoveOverlay"] Energy [GeV]                                                  1.78e-01
[ DEBUG5 "MyRemoveOverlay"] ReferencePoint                         -8.23e+02, -1.77e+03, +1.02e+03
[ DEBUG5 "MyRemoveOverlay"] ParticleIDUsed                                                       0
[ DEBUG5 "MyRemoveOverlay"] GoodnessOfPID                                                 0.00e+00
[ DEBUG5 "MyRemoveOverlay"] Covariance p,E:  7.05e-04, 1.52e-03, 3.26e-03, -8.70e-04, -1.87e-03, 
[ DEBUG5 "MyRemoveOverlay"]                  1.07e-03, -1.88e-03, -4.05e-03, 2.33e-03, 5.04e-03
[ DEBUG5 "MyRemoveOverlay"] Particles id:    
[ DEBUG5 "MyRemoveOverlay"] Tracks id:    
[ DEBUG5 "MyRemoveOverlay"] Clusters id:  [00017326]
[ DEBUG5 "MyRemoveOverlay"] Particle ids ( [id], PDG, (type)): 
[ DEBUG5 "MyRemoveOverlay"]                  [00017791], 000000, (000000) 
[ DEBUG5 "MyRemoveOverlay"]                  [00017792], 000000, (000000) 
[ DEBUG5 "MyRemoveOverlay"]                  [00017793], 000000, (000000) 
[ DEBUG5 "MyRemoveOverlay"]                  [00017794], 000000, (000000) 
[ DEBUG5 "MyRemoveOverlay"] 
[ DEBUG5 "MyRemoveOverlay"] 
[ DEBUG0 "MyRemoveOverlay"] 	MCParticle at index: 0 has PDG: 22 and MCParticle to Cluster link weight is 1.00e+00
[ DEBUG0 "MyRemoveOverlay"] 	MCParticle at index: 0 with PDG code: 22 has highest link weight to input cluster
[ DEBUG0 "MyRemoveOverlay"] 	Cluster at index: 0 has highest link weight to MCParticle = 9.57e-01
[ DEBUG0 "MyRemoveOverlay"] 	Cluster linked to MCParticle with highest weight
[ DEBUG6 "MyRemoveOverlay"] 		Found a linked MCParticle to cluster
[ DEBUG5 "MyRemoveOverlay"] ----------------------------- MCParticle -----------------------------
[ DEBUG5 "MyRemoveOverlay"] Id                                                               16126
[ DEBUG5 "MyRemoveOverlay"] PDG                                                                 22
[ DEBUG5 "MyRemoveOverlay"] Energy [GeV]                                                  3.41e-01
[ DEBUG5 "MyRemoveOverlay"] Momentum [GeV] (x,y,z)                 -0.102531, -0.114337, -0.304131
[ DEBUG5 "MyRemoveOverlay"] Momentum at Endpoint[GeV] (x,y,z)                               -0, -0, -0
[ DEBUG5 "MyRemoveOverlay"] GeneratorStatus                                                      0
[ DEBUG5 "MyRemoveOverlay"] Vertex [mm] (x,y,z)                        -411.365, -1310.57, 2238.47
[ DEBUG5 "MyRemoveOverlay"] Endpoint [mm] (x,y,z)                      -805.414, -1749.99, 1069.62
[ DEBUG5 "MyRemoveOverlay"] Mass [GeV]                                                    0.00e+00
[ DEBUG5 "MyRemoveOverlay"] Charge                                                        0.00e+00
[ DEBUG5 "MyRemoveOverlay"] Parents                                                              1
[ DEBUG5 "MyRemoveOverlay"] Daughters                                                            0
[ DEBUG5 "MyRemoveOverlay"] simulator status bits: [sbvtcls]  s: created in simulation b: backscatter v: vertex is not endpoint of parent t: decayed in tracker c: decayed in calorimeter l: has left detector s: stopped o: overlay
[ DEBUG5 "MyRemoveOverlay"] [s   c s ]
[ DEBUG5 "MyRemoveOverlay"] 
[ DEBUG7 "MyRemoveOverlay"] 		********** PFO AT INDEX 61 IS NOT OVERLAY **********
[ DEBUG8 "MyRemoveOverlay"] 
[ DEBUG8 "MyRemoveOverlay"] 		-------------------------------------------------------
[ DEBUG8 "MyRemoveOverlay"] 		Processing PFO at index 62
[ DEBUG5 "MyRemoveOverlay"] ------------------ ReconstructedParticle -----------------------------
[ DEBUG5 "MyRemoveOverlay"] Id                                                             0x17795
[ DEBUG5 "MyRemoveOverlay"] Compound                                                             0
[ DEBUG5 "MyRemoveOverlay"] Type                                                                22
[ DEBUG5 "MyRemoveOverlay"] Momentum (x,y,z)                       -1.73e-01, +7.05e-02, +1.43e-01
[ DEBUG5 "MyRemoveOverlay"] Mass [GeV]                                                    0.00e+00
[ DEBUG5 "MyRemoveOverlay"] Charge [e]                                                    0.00e+00
[ DEBUG5 "MyRemoveOverlay"] Energy [GeV]                                                  2.36e-01
[ DEBUG5 "MyRemoveOverlay"] ReferencePoint                         -1.86e+03, +7.55e+02, +1.54e+03
[ DEBUG5 "MyRemoveOverlay"] ParticleIDUsed                                                       0
[ DEBUG5 "MyRemoveOverlay"] GoodnessOfPID                                                 0.00e+00
[ DEBUG5 "MyRemoveOverlay"] Covariance p,E:  3.25e-03, -1.32e-03, 5.38e-04, -2.69e-03, 1.09e-03, 
[ DEBUG5 "MyRemoveOverlay"]                  2.23e-03, -4.42e-03, 1.80e-03, 3.66e-03, 6.01e-03
[ DEBUG5 "MyRemoveOverlay"] Particles id:    
[ DEBUG5 "MyRemoveOverlay"] Tracks id:    
[ DEBUG5 "MyRemoveOverlay"] Clusters id:  [00017327]
[ DEBUG5 "MyRemoveOverlay"] Particle ids ( [id], PDG, (type)): 
[ DEBUG5 "MyRemoveOverlay"]                  [00017796], 000000, (000000) 
[ DEBUG5 "MyRemoveOverlay"]                  [00017797], 000000, (000000) 
[ DEBUG5 "MyRemoveOverlay"]                  [00017798], 000000, (000000) 
[ DEBUG5 "MyRemoveOverlay"]                  [00017799], 000000, (000000) 
[ DEBUG5 "MyRemoveOverlay"] 
[ DEBUG5 "MyRemoveOverlay"] 
[ DEBUG6 "MyRemoveOverlay"] 		Cluster is not linked to a MCParticle
[ DEBUG7 "MyRemoveOverlay"] 		********** PFO AT INDEX 62 IS NOT OVERLAY **********
[ DEBUG8 "MyRemoveOverlay"] 
[ DEBUG8 "MyRemoveOverlay"] 		-------------------------------------------------------
[ DEBUG8 "MyRemoveOverlay"] 		Processing PFO at index 63
[ DEBUG5 "MyRemoveOverlay"] ------------------ ReconstructedParticle -----------------------------
[ DEBUG5 "MyRemoveOverlay"] Id                                                             0x17800
[ DEBUG5 "MyRemoveOverlay"] Compound                                                             0
[ DEBUG5 "MyRemoveOverlay"] Type                                                                22
[ DEBUG5 "MyRemoveOverlay"] Momentum (x,y,z)                       -1.67e-01, +2.86e-01, +2.63e+00
[ DEBUG5 "MyRemoveOverlay"] Mass [GeV]                                                    0.00e+00
[ DEBUG5 "MyRemoveOverlay"] Charge [e]                                                    0.00e+00
[ DEBUG5 "MyRemoveOverlay"] Energy [GeV]                                                  2.65e+00
[ DEBUG5 "MyRemoveOverlay"] ReferencePoint                         -1.58e+02, +2.71e+02, +2.49e+03
[ DEBUG5 "MyRemoveOverlay"] ParticleIDUsed                                                       0
[ DEBUG5 "MyRemoveOverlay"] GoodnessOfPID                                                 0.00e+00
[ DEBUG5 "MyRemoveOverlay"] Covariance p,E:  3.13e-04, -5.19e-04, 9.09e-04, -4.82e-03, 8.23e-03, 
[ DEBUG5 "MyRemoveOverlay"]                  7.57e-02, -4.85e-03, 8.29e-03, 7.63e-02, 7.69e-02
[ DEBUG5 "MyRemoveOverlay"] Particles id:    
[ DEBUG5 "MyRemoveOverlay"] Tracks id:    
[ DEBUG5 "MyRemoveOverlay"] Clusters id:  [00017328]
[ DEBUG5 "MyRemoveOverlay"] Particle ids ( [id], PDG, (type)): 
[ DEBUG5 "MyRemoveOverlay"]                  [00017801], 000000, (000000) 
[ DEBUG5 "MyRemoveOverlay"]                  [00017802], 000000, (000000) 
[ DEBUG5 "MyRemoveOverlay"]                  [00017803], 000000, (000000) 
[ DEBUG5 "MyRemoveOverlay"]                  [00017804], 000000, (000000) 
[ DEBUG5 "MyRemoveOverlay"] 
[ DEBUG5 "MyRemoveOverlay"] 
[ DEBUG0 "MyRemoveOverlay"] 	MCParticle at index: 2 has PDG: 22 and MCParticle to Cluster link weight is 9.36e-01
[ DEBUG0 "MyRemoveOverlay"] 	MCParticle at index: 2 with PDG code: 22 has highest link weight to input cluster
[ DEBUG0 "MyRemoveOverlay"] 	Cluster at index: 0 has highest link weight to MCParticle = 9.99e-01
[ DEBUG0 "MyRemoveOverlay"] 	Cluster linked to MCParticle with highest weight
[ DEBUG6 "MyRemoveOverlay"] 		Found a linked MCParticle to cluster
[ DEBUG5 "MyRemoveOverlay"] ----------------------------- MCParticle -----------------------------
[ DEBUG5 "MyRemoveOverlay"] Id                                                               16161
[ DEBUG5 "MyRemoveOverlay"] PDG                                                                 22
[ DEBUG5 "MyRemoveOverlay"] Energy [GeV]                                                  2.58e+00
[ DEBUG5 "MyRemoveOverlay"] Momentum [GeV] (x,y,z)                     -0.16319, 0.278815, 2.55635
[ DEBUG5 "MyRemoveOverlay"] Momentum at Endpoint[GeV] (x,y,z)                                 -0, 0, 0
[ DEBUG5 "MyRemoveOverlay"] GeneratorStatus                                                      1
[ DEBUG5 "MyRemoveOverlay"] Vertex [mm] (x,y,z)                -1.26195e-05, 3.35234e-05, -0.21135
[ DEBUG5 "MyRemoveOverlay"] Endpoint [mm] (x,y,z)                        -155.26, 265.267, 2431.92
[ DEBUG5 "MyRemoveOverlay"] Mass [GeV]                                                    0.00e+00
[ DEBUG5 "MyRemoveOverlay"] Charge                                                        0.00e+00
[ DEBUG5 "MyRemoveOverlay"] Parents                                                              1
[ DEBUG5 "MyRemoveOverlay"] Daughters                                                            0
[ DEBUG5 "MyRemoveOverlay"] simulator status bits: [sbvtcls]  s: created in simulation b: backscatter v: vertex is not endpoint of parent t: decayed in tracker c: decayed in calorimeter l: has left detector s: stopped o: overlay
[ DEBUG5 "MyRemoveOverlay"] [    c so]
[ DEBUG5 "MyRemoveOverlay"] 
[ DEBUG7 "MyRemoveOverlay"] 		********** PFO AT INDEX 63 IS OVERLAY **********
[ DEBUG8 "MyRemoveOverlay"] 
[ DEBUG8 "MyRemoveOverlay"] 		-------------------------------------------------------
[ DEBUG8 "MyRemoveOverlay"] 		Processing PFO at index 64
[ DEBUG5 "MyRemoveOverlay"] ------------------ ReconstructedParticle -----------------------------
[ DEBUG5 "MyRemoveOverlay"] Id                                                             0x17805
[ DEBUG5 "MyRemoveOverlay"] Compound                                                             0
[ DEBUG5 "MyRemoveOverlay"] Type                                                                22
[ DEBUG5 "MyRemoveOverlay"] Momentum (x,y,z)                       +2.47e-01, +2.03e-01, -9.71e-02
[ DEBUG5 "MyRemoveOverlay"] Mass [GeV]                                                    0.00e+00
[ DEBUG5 "MyRemoveOverlay"] Charge [e]                                                    0.00e+00
[ DEBUG5 "MyRemoveOverlay"] Energy [GeV]                                                  3.34e-01
[ DEBUG5 "MyRemoveOverlay"] ReferencePoint                         +1.46e+03, +1.20e+03, -5.75e+02
[ DEBUG5 "MyRemoveOverlay"] ParticleIDUsed                                                       0
[ DEBUG5 "MyRemoveOverlay"] GoodnessOfPID                                                 0.00e+00
[ DEBUG5 "MyRemoveOverlay"] Covariance p,E:  5.16e-03, 4.26e-03, 3.52e-03, -2.03e-03, -1.68e-03, 
[ DEBUG5 "MyRemoveOverlay"]                  8.02e-04, 6.99e-03, 5.77e-03, -2.76e-03, 9.47e-03
[ DEBUG5 "MyRemoveOverlay"] Particles id:    
[ DEBUG5 "MyRemoveOverlay"] Tracks id:    
[ DEBUG5 "MyRemoveOverlay"] Clusters id:  [00017329]
[ DEBUG5 "MyRemoveOverlay"] Particle ids ( [id], PDG, (type)): 
[ DEBUG5 "MyRemoveOverlay"]                  [00017806], 000000, (000000) 
[ DEBUG5 "MyRemoveOverlay"]                  [00017807], 000000, (000000) 
[ DEBUG5 "MyRemoveOverlay"]                  [00017808], 000000, (000000) 
[ DEBUG5 "MyRemoveOverlay"]                  [00017809], 000000, (000000) 
[ DEBUG5 "MyRemoveOverlay"] 
[ DEBUG5 "MyRemoveOverlay"] 
[ DEBUG0 "MyRemoveOverlay"] 	MCParticle at index: 0 has PDG: 22 and MCParticle to Cluster link weight is 1.00e+00
[ DEBUG0 "MyRemoveOverlay"] 	MCParticle at index: 0 with PDG code: 22 has highest link weight to input cluster
[ DEBUG0 "MyRemoveOverlay"] 	Cluster at index: 0 has highest link weight to MCParticle = 1.00e+00
[ DEBUG0 "MyRemoveOverlay"] 	Cluster linked to MCParticle with highest weight
[ DEBUG6 "MyRemoveOverlay"] 		Found a linked MCParticle to cluster
[ DEBUG5 "MyRemoveOverlay"] ----------------------------- MCParticle -----------------------------
[ DEBUG5 "MyRemoveOverlay"] Id                                                               16218
[ DEBUG5 "MyRemoveOverlay"] PDG                                                                 22
[ DEBUG5 "MyRemoveOverlay"] Energy [GeV]                                                  3.99e-01
[ DEBUG5 "MyRemoveOverlay"] Momentum [GeV] (x,y,z)                   0.297372, 0.240012, -0.116014
[ DEBUG5 "MyRemoveOverlay"] Momentum at Endpoint[GeV] (x,y,z)                                 0, 0, -0
[ DEBUG5 "MyRemoveOverlay"] GeneratorStatus                                                      1
[ DEBUG5 "MyRemoveOverlay"] Vertex [mm] (x,y,z)                 5.81528e-05, 3.74818e-05, 0.132991
[ DEBUG5 "MyRemoveOverlay"] Endpoint [mm] (x,y,z)                       1435.23, 1158.38, -559.792
[ DEBUG5 "MyRemoveOverlay"] Mass [GeV]                                                    0.00e+00
[ DEBUG5 "MyRemoveOverlay"] Charge                                                        0.00e+00
[ DEBUG5 "MyRemoveOverlay"] Parents                                                              1
[ DEBUG5 "MyRemoveOverlay"] Daughters                                                            0
[ DEBUG5 "MyRemoveOverlay"] simulator status bits: [sbvtcls]  s: created in simulation b: backscatter v: vertex is not endpoint of parent t: decayed in tracker c: decayed in calorimeter l: has left detector s: stopped o: overlay
[ DEBUG5 "MyRemoveOverlay"] [    c so]
[ DEBUG5 "MyRemoveOverlay"] 
[ DEBUG7 "MyRemoveOverlay"] 		********** PFO AT INDEX 64 IS OVERLAY **********
[ DEBUG8 "MyRemoveOverlay"] 
[ DEBUG8 "MyRemoveOverlay"] 		-------------------------------------------------------
[ DEBUG8 "MyRemoveOverlay"] 		Processing PFO at index 65
[ DEBUG5 "MyRemoveOverlay"] ------------------ ReconstructedParticle -----------------------------
[ DEBUG5 "MyRemoveOverlay"] Id                                                             0x17810
[ DEBUG5 "MyRemoveOverlay"] Compound                                                             0
[ DEBUG5 "MyRemoveOverlay"] Type                                                                22
[ DEBUG5 "MyRemoveOverlay"] Momentum (x,y,z)                       -3.18e-02, +2.61e-01, +1.54e+00
[ DEBUG5 "MyRemoveOverlay"] Mass [GeV]                                                    0.00e+00
[ DEBUG5 "MyRemoveOverlay"] Charge [e]                                                    0.00e+00
[ DEBUG5 "MyRemoveOverlay"] Energy [GeV]                                                  1.56e+00
[ DEBUG5 "MyRemoveOverlay"] ReferencePoint                         -5.20e+01, +4.28e+02, +2.52e+03
[ DEBUG5 "MyRemoveOverlay"] ParticleIDUsed                                                       0
[ DEBUG5 "MyRemoveOverlay"] GoodnessOfPID                                                 0.00e+00
[ DEBUG5 "MyRemoveOverlay"] Covariance p,E:  4.04e-05, -1.41e-04, 1.27e-03, -9.05e-04, 7.42e-03, 
[ DEBUG5 "MyRemoveOverlay"]                  4.37e-02, -9.16e-04, 7.53e-03, 4.44e-02, 4.50e-02
[ DEBUG5 "MyRemoveOverlay"] Particles id:    
[ DEBUG5 "MyRemoveOverlay"] Tracks id:    
[ DEBUG5 "MyRemoveOverlay"] Clusters id:  [00017330]
[ DEBUG5 "MyRemoveOverlay"] Particle ids ( [id], PDG, (type)): 
[ DEBUG5 "MyRemoveOverlay"]                  [00017811], 000000, (000000) 
[ DEBUG5 "MyRemoveOverlay"]                  [00017812], 000000, (000000) 
[ DEBUG5 "MyRemoveOverlay"]                  [00017813], 000000, (000000) 
[ DEBUG5 "MyRemoveOverlay"]                  [00017814], 000000, (000000) 
[ DEBUG5 "MyRemoveOverlay"] 
[ DEBUG5 "MyRemoveOverlay"] 
[ DEBUG6 "MyRemoveOverlay"] 		Cluster is not linked to a MCParticle
[ DEBUG7 "MyRemoveOverlay"] 		********** PFO AT INDEX 65 IS NOT OVERLAY **********
[ DEBUG8 "MyRemoveOverlay"] 
[ DEBUG8 "MyRemoveOverlay"] 		-------------------------------------------------------
[ DEBUG8 "MyRemoveOverlay"] 		Processing PFO at index 66
[ DEBUG5 "MyRemoveOverlay"] ------------------ ReconstructedParticle -----------------------------
[ DEBUG5 "MyRemoveOverlay"] Id                                                             0x17815
[ DEBUG5 "MyRemoveOverlay"] Compound                                                             0
[ DEBUG5 "MyRemoveOverlay"] Type                                                                22
[ DEBUG5 "MyRemoveOverlay"] Momentum (x,y,z)                       -3.65e-02, -3.47e-02, +2.21e-01
[ DEBUG5 "MyRemoveOverlay"] Mass [GeV]                                                    0.00e+00
[ DEBUG5 "MyRemoveOverlay"] Charge [e]                                                    0.00e+00
[ DEBUG5 "MyRemoveOverlay"] Energy [GeV]                                                  2.27e-01
[ DEBUG5 "MyRemoveOverlay"] ReferencePoint                         -4.10e+02, -3.91e+02, +2.49e+03
[ DEBUG5 "MyRemoveOverlay"] ParticleIDUsed                                                       0
[ DEBUG5 "MyRemoveOverlay"] GoodnessOfPID                                                 0.00e+00
[ DEBUG5 "MyRemoveOverlay"] Covariance p,E:  1.67e-04, 1.58e-04, 1.51e-04, -1.01e-03, -9.59e-04, 
[ DEBUG5 "MyRemoveOverlay"]                  6.11e-03, -1.03e-03, -9.83e-04, 6.27e-03, 6.43e-03
[ DEBUG5 "MyRemoveOverlay"] Particles id:    
[ DEBUG5 "MyRemoveOverlay"] Tracks id:    
[ DEBUG5 "MyRemoveOverlay"] Clusters id:  [00017331]
[ DEBUG5 "MyRemoveOverlay"] Particle ids ( [id], PDG, (type)): 
[ DEBUG5 "MyRemoveOverlay"]                  [00017816], 000000, (000000) 
[ DEBUG5 "MyRemoveOverlay"]                  [00017817], 000000, (000000) 
[ DEBUG5 "MyRemoveOverlay"]                  [00017818], 000000, (000000) 
[ DEBUG5 "MyRemoveOverlay"]                  [00017819], 000000, (000000) 
[ DEBUG5 "MyRemoveOverlay"] 
[ DEBUG5 "MyRemoveOverlay"] 
[ DEBUG6 "MyRemoveOverlay"] 		Cluster is not linked to a MCParticle
[ DEBUG7 "MyRemoveOverlay"] 		********** PFO AT INDEX 66 IS NOT OVERLAY **********
[ DEBUG8 "MyRemoveOverlay"] 
[ DEBUG8 "MyRemoveOverlay"] 		-------------------------------------------------------
[ DEBUG8 "MyRemoveOverlay"] 		Processing PFO at index 67
[ DEBUG5 "MyRemoveOverlay"] ------------------ ReconstructedParticle -----------------------------
[ DEBUG5 "MyRemoveOverlay"] Id                                                             0x17820
[ DEBUG5 "MyRemoveOverlay"] Compound                                                             0
[ DEBUG5 "MyRemoveOverlay"] Type                                                                22
[ DEBUG5 "MyRemoveOverlay"] Momentum (x,y,z)                       +1.67e-01, +1.99e-01, +2.83e-02
[ DEBUG5 "MyRemoveOverlay"] Mass [GeV]                                                    0.00e+00
[ DEBUG5 "MyRemoveOverlay"] Charge [e]                                                    0.00e+00
[ DEBUG5 "MyRemoveOverlay"] Energy [GeV]                                                  2.61e-01
[ DEBUG5 "MyRemoveOverlay"] ReferencePoint                         +1.24e+03, +1.48e+03, +2.10e+02
[ DEBUG5 "MyRemoveOverlay"] ParticleIDUsed                                                       0
[ DEBUG5 "MyRemoveOverlay"] GoodnessOfPID                                                 0.00e+00
[ DEBUG5 "MyRemoveOverlay"] Covariance p,E:  3.01e-03, 3.60e-03, 4.30e-03, 5.11e-04, 6.11e-04, 
[ DEBUG5 "MyRemoveOverlay"]                  8.68e-05, 4.72e-03, 5.64e-03, 8.01e-04, 7.40e-03
[ DEBUG5 "MyRemoveOverlay"] Particles id:    
[ DEBUG5 "MyRemoveOverlay"] Tracks id:    
[ DEBUG5 "MyRemoveOverlay"] Clusters id:  [00017332]
[ DEBUG5 "MyRemoveOverlay"] Particle ids ( [id], PDG, (type)): 
[ DEBUG5 "MyRemoveOverlay"]                  [00017821], 000000, (000000) 
[ DEBUG5 "MyRemoveOverlay"]                  [00017822], 000000, (000000) 
[ DEBUG5 "MyRemoveOverlay"]                  [00017823], 000000, (000000) 
[ DEBUG5 "MyRemoveOverlay"]                  [00017824], 000000, (000000) 
[ DEBUG5 "MyRemoveOverlay"] 
[ DEBUG5 "MyRemoveOverlay"] 
[ DEBUG0 "MyRemoveOverlay"] 	MCParticle at index: 0 has PDG: 22 and MCParticle to Cluster link weight is 1.00e+00
[ DEBUG0 "MyRemoveOverlay"] 	MCParticle at index: 0 with PDG code: 22 has highest link weight to input cluster
[ DEBUG0 "MyRemoveOverlay"] 	Cluster at index: 0 has highest link weight to MCParticle = 1.00e+00
[ DEBUG0 "MyRemoveOverlay"] 	Cluster linked to MCParticle with highest weight
[ DEBUG6 "MyRemoveOverlay"] 		Found a linked MCParticle to cluster
[ DEBUG5 "MyRemoveOverlay"] ----------------------------- MCParticle -----------------------------
[ DEBUG5 "MyRemoveOverlay"] Id                                                               16054
[ DEBUG5 "MyRemoveOverlay"] PDG                                                                 22
[ DEBUG5 "MyRemoveOverlay"] Energy [GeV]                                                  2.63e-01
[ DEBUG5 "MyRemoveOverlay"] Momentum [GeV] (x,y,z)                   0.167529, 0.200549, 0.0288598
[ DEBUG5 "MyRemoveOverlay"] Momentum at Endpoint[GeV] (x,y,z)                                  0, 0, 0
[ DEBUG5 "MyRemoveOverlay"] GeneratorStatus                                                      1
[ DEBUG5 "MyRemoveOverlay"] Vertex [mm] (x,y,z)                 0.000342179, 0.00032015, -0.121752
[ DEBUG5 "MyRemoveOverlay"] Endpoint [mm] (x,y,z)                        1202.81, 1439.89, 207.083
[ DEBUG5 "MyRemoveOverlay"] Mass [GeV]                                                    3.73e-09
[ DEBUG5 "MyRemoveOverlay"] Charge                                                        0.00e+00
[ DEBUG5 "MyRemoveOverlay"] Parents                                                              1
[ DEBUG5 "MyRemoveOverlay"] Daughters                                                            0
[ DEBUG5 "MyRemoveOverlay"] simulator status bits: [sbvtcls]  s: created in simulation b: backscatter v: vertex is not endpoint of parent t: decayed in tracker c: decayed in calorimeter l: has left detector s: stopped o: overlay
[ DEBUG5 "MyRemoveOverlay"] [    c s ]
[ DEBUG5 "MyRemoveOverlay"] 
[ DEBUG7 "MyRemoveOverlay"] 		********** PFO AT INDEX 67 IS NOT OVERLAY **********
[ DEBUG8 "MyRemoveOverlay"] 
[ DEBUG8 "MyRemoveOverlay"] 		-------------------------------------------------------
[ DEBUG8 "MyRemoveOverlay"] 		Processing PFO at index 68
[ DEBUG5 "MyRemoveOverlay"] ------------------ ReconstructedParticle -----------------------------
[ DEBUG5 "MyRemoveOverlay"] Id                                                             0x17825
[ DEBUG5 "MyRemoveOverlay"] Compound                                                             0
[ DEBUG5 "MyRemoveOverlay"] Type                                                              2112
[ DEBUG5 "MyRemoveOverlay"] Momentum (x,y,z)                       +2.56e+00, +3.43e-02, +4.50e-01
[ DEBUG5 "MyRemoveOverlay"] Mass [GeV]                                                    9.40e-01
[ DEBUG5 "MyRemoveOverlay"] Charge [e]                                                    0.00e+00
[ DEBUG5 "MyRemoveOverlay"] Energy [GeV]                                                  2.60e+00
[ DEBUG5 "MyRemoveOverlay"] ReferencePoint                         +1.90e+03, +2.55e+01, +3.35e+02
[ DEBUG5 "MyRemoveOverlay"] ParticleIDUsed                                                       0
[ DEBUG5 "MyRemoveOverlay"] GoodnessOfPID                                                 0.00e+00
[ DEBUG5 "MyRemoveOverlay"] Covariance p,E:  1.03e+00, 1.38e-02, 2.30e-04, 1.82e-01, 2.44e-03, 
[ DEBUG5 "MyRemoveOverlay"]                  3.20e-02, 9.86e-01, 1.32e-02, 1.74e-01, 9.42e-01
[ DEBUG5 "MyRemoveOverlay"] Particles id:    
[ DEBUG5 "MyRemoveOverlay"] Tracks id:    
[ DEBUG5 "MyRemoveOverlay"] Clusters id:  [00017333]
[ DEBUG5 "MyRemoveOverlay"] Particle ids ( [id], PDG, (type)): 
[ DEBUG5 "MyRemoveOverlay"]                  [00017826], 000000, (000000) 
[ DEBUG5 "MyRemoveOverlay"]                  [00017827], 000000, (000000) 
[ DEBUG5 "MyRemoveOverlay"]                  [00017828], 000000, (000000) 
[ DEBUG5 "MyRemoveOverlay"]                  [00017829], 000000, (000000) 
[ DEBUG5 "MyRemoveOverlay"] 
[ DEBUG5 "MyRemoveOverlay"] 
[ DEBUG0 "MyRemoveOverlay"] 	MCParticle at index: 1 has PDG: 130 and MCParticle to Cluster link weight is 9.97e-01
[ DEBUG0 "MyRemoveOverlay"] 	MCParticle at index: 1 with PDG code: 130 has highest link weight to input cluster
[ DEBUG0 "MyRemoveOverlay"] 	Cluster at index: 0 has highest link weight to MCParticle = 9.94e-01
[ DEBUG0 "MyRemoveOverlay"] 	Cluster linked to MCParticle with highest weight
[ DEBUG6 "MyRemoveOverlay"] 		Found a linked MCParticle to cluster
[ DEBUG5 "MyRemoveOverlay"] ----------------------------- MCParticle -----------------------------
[ DEBUG5 "MyRemoveOverlay"] Id                                                               16031
[ DEBUG5 "MyRemoveOverlay"] PDG                                                                130
[ DEBUG5 "MyRemoveOverlay"] Energy [GeV]                                                  2.03e+00
[ DEBUG5 "MyRemoveOverlay"] Momentum [GeV] (x,y,z)                     1.94083, 0.0196864, 0.34247
[ DEBUG5 "MyRemoveOverlay"] Momentum at Endpoint[GeV] (x,y,z)                                  0, 0, 0
[ DEBUG5 "MyRemoveOverlay"] GeneratorStatus                                                      1
[ DEBUG5 "MyRemoveOverlay"] Vertex [mm] (x,y,z)              4.10201e-308, 4.16077e-310, -0.121879
[ DEBUG5 "MyRemoveOverlay"] Endpoint [mm] (x,y,z)                        1899.22, 19.2643, 335.006
[ DEBUG5 "MyRemoveOverlay"] Mass [GeV]                                                    4.98e-01
[ DEBUG5 "MyRemoveOverlay"] Charge                                                        0.00e+00
[ DEBUG5 "MyRemoveOverlay"] Parents                                                              1
[ DEBUG5 "MyRemoveOverlay"] Daughters                                                            0
[ DEBUG5 "MyRemoveOverlay"] simulator status bits: [sbvtcls]  s: created in simulation b: backscatter v: vertex is not endpoint of parent t: decayed in tracker c: decayed in calorimeter l: has left detector s: stopped o: overlay
[ DEBUG5 "MyRemoveOverlay"] [    c s ]
[ DEBUG5 "MyRemoveOverlay"] 
[ DEBUG7 "MyRemoveOverlay"] 		********** PFO AT INDEX 68 IS NOT OVERLAY **********
[ DEBUG8 "MyRemoveOverlay"] 
[ DEBUG8 "MyRemoveOverlay"] 		-------------------------------------------------------
[ DEBUG8 "MyRemoveOverlay"] 		Processing PFO at index 69
[ DEBUG5 "MyRemoveOverlay"] ------------------ ReconstructedParticle -----------------------------
[ DEBUG5 "MyRemoveOverlay"] Id                                                             0x17830
[ DEBUG5 "MyRemoveOverlay"] Compound                                                             0
[ DEBUG5 "MyRemoveOverlay"] Type                                                              2112
[ DEBUG5 "MyRemoveOverlay"] Momentum (x,y,z)                       -8.96e-01, -1.21e+00, +9.69e-01
[ DEBUG5 "MyRemoveOverlay"] Mass [GeV]                                                    9.40e-01
[ DEBUG5 "MyRemoveOverlay"] Charge [e]                                                    0.00e+00
[ DEBUG5 "MyRemoveOverlay"] Energy [GeV]                                                  1.79e+00
[ DEBUG5 "MyRemoveOverlay"] ReferencePoint                         -1.15e+03, -1.55e+03, +1.24e+03
[ DEBUG5 "MyRemoveOverlay"] ParticleIDUsed                                                       0
[ DEBUG5 "MyRemoveOverlay"] GoodnessOfPID                                                 0.00e+00
[ DEBUG5 "MyRemoveOverlay"] Covariance p,E:  2.07e-01, 2.79e-01, 3.77e-01, -2.24e-01, -3.02e-01, 
[ DEBUG5 "MyRemoveOverlay"]                  2.42e-01, -3.66e-01, -4.94e-01, 3.96e-01, 6.47e-01
[ DEBUG5 "MyRemoveOverlay"] Particles id:    
[ DEBUG5 "MyRemoveOverlay"] Tracks id:    
[ DEBUG5 "MyRemoveOverlay"] Clusters id:  [00017334]
[ DEBUG5 "MyRemoveOverlay"] Particle ids ( [id], PDG, (type)): 
[ DEBUG5 "MyRemoveOverlay"]                  [00017831], 000000, (000000) 
[ DEBUG5 "MyRemoveOverlay"]                  [00017832], 000000, (000000) 
[ DEBUG5 "MyRemoveOverlay"]                  [00017833], 000000, (000000) 
[ DEBUG5 "MyRemoveOverlay"]                  [00017834], 000000, (000000) 
[ DEBUG5 "MyRemoveOverlay"] 
[ DEBUG5 "MyRemoveOverlay"] 
[ DEBUG0 "MyRemoveOverlay"] 	MCParticle at index: 0 has PDG: 2112 and MCParticle to Cluster link weight is 1.00e+00
[ DEBUG0 "MyRemoveOverlay"] 	MCParticle at index: 0 with PDG code: 2112 has highest link weight to input cluster
[ DEBUG6 "MyRemoveOverlay"] 		Cluster is not linked to a MCParticle
[ DEBUG7 "MyRemoveOverlay"] 		********** PFO AT INDEX 69 IS NOT OVERLAY **********
[ DEBUG8 "MyRemoveOverlay"] 
[ DEBUG8 "MyRemoveOverlay"] 		-------------------------------------------------------
[ DEBUG8 "MyRemoveOverlay"] 		Processing PFO at index 70
[ DEBUG5 "MyRemoveOverlay"] ------------------ ReconstructedParticle -----------------------------
[ DEBUG5 "MyRemoveOverlay"] Id                                                             0x17835
[ DEBUG5 "MyRemoveOverlay"] Compound                                                             0
[ DEBUG5 "MyRemoveOverlay"] Type                                                                22
[ DEBUG5 "MyRemoveOverlay"] Momentum (x,y,z)                       -1.49e-02, -2.46e-02, +1.39e-01
[ DEBUG5 "MyRemoveOverlay"] Mass [GeV]                                                    0.00e+00
[ DEBUG5 "MyRemoveOverlay"] Charge [e]                                                    0.00e+00
[ DEBUG5 "MyRemoveOverlay"] Energy [GeV]                                                  1.42e-01
[ DEBUG5 "MyRemoveOverlay"] ReferencePoint                         -2.71e+02, -4.47e+02, +2.52e+03
[ DEBUG5 "MyRemoveOverlay"] ParticleIDUsed                                                       0
[ DEBUG5 "MyRemoveOverlay"] GoodnessOfPID                                                 0.00e+00
[ DEBUG5 "MyRemoveOverlay"] Covariance p,E:  4.45e-05, 7.33e-05, 1.21e-04, -4.13e-04, -6.81e-04, 
[ DEBUG5 "MyRemoveOverlay"]                  3.84e-03, -4.22e-04, -6.95e-04, 3.92e-03, 4.00e-03
[ DEBUG5 "MyRemoveOverlay"] Particles id:    
[ DEBUG5 "MyRemoveOverlay"] Tracks id:    
[ DEBUG5 "MyRemoveOverlay"] Clusters id:  [00017335]
[ DEBUG5 "MyRemoveOverlay"] Particle ids ( [id], PDG, (type)): 
[ DEBUG5 "MyRemoveOverlay"] 
[ DEBUG5 "MyRemoveOverlay"] 
[ DEBUG0 "MyRemoveOverlay"] 	MCParticle at index: 0 has PDG: 22 and MCParticle to Cluster link weight is 1.00e+00
[ DEBUG0 "MyRemoveOverlay"] 	MCParticle at index: 0 with PDG code: 22 has highest link weight to input cluster
[ DEBUG6 "MyRemoveOverlay"] 		Cluster is not linked to a MCParticle
[ DEBUG7 "MyRemoveOverlay"] 		********** PFO AT INDEX 70 IS NOT OVERLAY **********
[ DEBUG8 "MyRemoveOverlay"] 
[ DEBUG8 "MyRemoveOverlay"] 		-------------------------------------------------------
[ DEBUG8 "MyRemoveOverlay"] 		Processing PFO at index 71
[ DEBUG5 "MyRemoveOverlay"] ------------------ ReconstructedParticle -----------------------------
[ DEBUG5 "MyRemoveOverlay"] Id                                                             0x17836
[ DEBUG5 "MyRemoveOverlay"] Compound                                                             0
[ DEBUG5 "MyRemoveOverlay"] Type                                                              2112
[ DEBUG5 "MyRemoveOverlay"] Momentum (x,y,z)                       -4.81e-02, -8.75e-02, +8.08e-01
[ DEBUG5 "MyRemoveOverlay"] Mass [GeV]                                                    9.40e-01
[ DEBUG5 "MyRemoveOverlay"] Charge [e]                                                    0.00e+00
[ DEBUG5 "MyRemoveOverlay"] Energy [GeV]                                                  8.14e-01
[ DEBUG5 "MyRemoveOverlay"] ReferencePoint                         -1.57e+02, -2.85e+02, +2.63e+03
[ DEBUG5 "MyRemoveOverlay"] ParticleIDUsed                                                       0
[ DEBUG5 "MyRemoveOverlay"] GoodnessOfPID                                                 0.00e+00
[ DEBUG5 "MyRemoveOverlay"] Covariance p,E:  2.43e-03, 4.39e-03, 7.95e-03, -4.02e-02, -7.30e-02, 
[ DEBUG5 "MyRemoveOverlay"]                  6.75e-01, -2.65e-02, -4.82e-02, 4.45e-01, 2.94e-01
[ DEBUG5 "MyRemoveOverlay"] Particles id:    
[ DEBUG5 "MyRemoveOverlay"] Tracks id:    
[ DEBUG5 "MyRemoveOverlay"] Clusters id:  [00017336]
[ DEBUG5 "MyRemoveOverlay"] Particle ids ( [id], PDG, (type)): 
[ DEBUG5 "MyRemoveOverlay"] 
[ DEBUG5 "MyRemoveOverlay"] 
[ DEBUG0 "MyRemoveOverlay"] 	MCParticle at index: 0 has PDG: -211 and MCParticle to Cluster link weight is 1.00e+00
[ DEBUG0 "MyRemoveOverlay"] 	MCParticle at index: 0 with PDG code: -211 has highest link weight to input cluster
[ DEBUG6 "MyRemoveOverlay"] 		Cluster is not linked to a MCParticle
[ DEBUG7 "MyRemoveOverlay"] 		********** PFO AT INDEX 71 IS NOT OVERLAY **********
[ DEBUG8 "MyRemoveOverlay"] 
[ DEBUG8 "MyRemoveOverlay"] 		-------------------------------------------------------
[ DEBUG8 "MyRemoveOverlay"] 		Processing PFO at index 72
[ DEBUG5 "MyRemoveOverlay"] ------------------ ReconstructedParticle -----------------------------
[ DEBUG5 "MyRemoveOverlay"] Id                                                             0x17837
[ DEBUG5 "MyRemoveOverlay"] Compound                                                             0
[ DEBUG5 "MyRemoveOverlay"] Type                                                              2112
[ DEBUG5 "MyRemoveOverlay"] Momentum (x,y,z)                       -2.76e-02, -2.56e-01, +2.47e+00
[ DEBUG5 "MyRemoveOverlay"] Mass [GeV]                                                    9.40e-01
[ DEBUG5 "MyRemoveOverlay"] Charge [e]                                                    0.00e+00
[ DEBUG5 "MyRemoveOverlay"] Energy [GeV]                                                  2.48e+00
[ DEBUG5 "MyRemoveOverlay"] ReferencePoint                         -2.93e+01, -2.72e+02, +2.62e+03
[ DEBUG5 "MyRemoveOverlay"] ParticleIDUsed                                                       0
[ DEBUG5 "MyRemoveOverlay"] GoodnessOfPID                                                 0.00e+00
[ DEBUG5 "MyRemoveOverlay"] Covariance p,E:  1.36e-04, 1.20e-03, 1.10e-02, -1.14e-02, -1.05e-01, 
[ DEBUG5 "MyRemoveOverlay"]                  1.02e+00, -1.07e-02, -9.92e-02, 9.56e-01, 8.99e-01
[ DEBUG5 "MyRemoveOverlay"] Particles id:    
[ DEBUG5 "MyRemoveOverlay"] Tracks id:    
[ DEBUG5 "MyRemoveOverlay"] Clusters id:  [00017337]
[ DEBUG5 "MyRemoveOverlay"] Particle ids ( [id], PDG, (type)): 
[ DEBUG5 "MyRemoveOverlay"] 
[ DEBUG5 "MyRemoveOverlay"] 
[ DEBUG6 "MyRemoveOverlay"] 		Cluster is not linked to a MCParticle
[ DEBUG7 "MyRemoveOverlay"] 		********** PFO AT INDEX 72 IS NOT OVERLAY **********
[ DEBUG8 "MyRemoveOverlay"] 
[ DEBUG8 "MyRemoveOverlay"] 		-------------------------------------------------------
[ DEBUG8 "MyRemoveOverlay"] 		Processing PFO at index 73
[ DEBUG5 "MyRemoveOverlay"] ------------------ ReconstructedParticle -----------------------------
[ DEBUG5 "MyRemoveOverlay"] Id                                                             0x17838
[ DEBUG5 "MyRemoveOverlay"] Compound                                                             0
[ DEBUG5 "MyRemoveOverlay"] Type                                                              2112
[ DEBUG5 "MyRemoveOverlay"] Momentum (x,y,z)                       -3.31e-01, -1.89e-01, +2.65e-01
[ DEBUG5 "MyRemoveOverlay"] Mass [GeV]                                                    9.40e-01
[ DEBUG5 "MyRemoveOverlay"] Charge [e]                                                    0.00e+00
[ DEBUG5 "MyRemoveOverlay"] Energy [GeV]                                                  4.64e-01
[ DEBUG5 "MyRemoveOverlay"] ReferencePoint                         -1.81e+03, -1.03e+03, +1.45e+03
[ DEBUG5 "MyRemoveOverlay"] ParticleIDUsed                                                       0
[ DEBUG5 "MyRemoveOverlay"] GoodnessOfPID                                                 0.00e+00
[ DEBUG5 "MyRemoveOverlay"] Covariance p,E:  4.34e-01, 2.48e-01, 1.41e-01, -3.47e-01, -1.98e-01, 
[ DEBUG5 "MyRemoveOverlay"]                  2.78e-01, -2.69e-01, -1.54e-01, 2.15e-01, 1.67e-01
[ DEBUG5 "MyRemoveOverlay"] Particles id:    
[ DEBUG5 "MyRemoveOverlay"] Tracks id:    
[ DEBUG5 "MyRemoveOverlay"] Clusters id:  [00017338]
[ DEBUG5 "MyRemoveOverlay"] Particle ids ( [id], PDG, (type)): 
[ DEBUG5 "MyRemoveOverlay"] 
[ DEBUG5 "MyRemoveOverlay"] 
[ DEBUG0 "MyRemoveOverlay"] 	MCParticle at index: 0 has PDG: 321 and MCParticle to Cluster link weight is 1.00e+00
[ DEBUG0 "MyRemoveOverlay"] 	MCParticle at index: 0 with PDG code: 321 has highest link weight to input cluster
[ DEBUG6 "MyRemoveOverlay"] 		Cluster is not linked to a MCParticle
[ DEBUG7 "MyRemoveOverlay"] 		********** PFO AT INDEX 73 IS NOT OVERLAY **********
[ DEBUG8 "MyRemoveOverlay"] 
[ DEBUG8 "MyRemoveOverlay"] 		-------------------------------------------------------
[ DEBUG8 "MyRemoveOverlay"] 		Processing PFO at index 74
[ DEBUG5 "MyRemoveOverlay"] ------------------ ReconstructedParticle -----------------------------
[ DEBUG5 "MyRemoveOverlay"] Id                                                             0x17839
[ DEBUG5 "MyRemoveOverlay"] Compound                                                             0
[ DEBUG5 "MyRemoveOverlay"] Type                                                              2112
[ DEBUG5 "MyRemoveOverlay"] Momentum (x,y,z)                       +1.56e-01, +1.69e-01, +3.36e+00
[ DEBUG5 "MyRemoveOverlay"] Mass [GeV]                                                    9.40e-01
[ DEBUG5 "MyRemoveOverlay"] Charge [e]                                                    0.00e+00
[ DEBUG5 "MyRemoveOverlay"] Energy [GeV]                                                  3.37e+00
[ DEBUG5 "MyRemoveOverlay"] ReferencePoint                         +1.29e+02, +1.40e+02, +2.78e+03
[ DEBUG5 "MyRemoveOverlay"] ParticleIDUsed                                                       0
[ DEBUG5 "MyRemoveOverlay"] GoodnessOfPID                                                 0.00e+00
[ DEBUG5 "MyRemoveOverlay"] Covariance p,E:  3.29e-03, 2.90e-03, 3.86e-03, 6.07e-02, 6.59e-02, 
[ DEBUG5 "MyRemoveOverlay"]                  1.31e+00, 5.87e-02, 6.36e-02, 1.27e+00, 1.22e+00
[ DEBUG5 "MyRemoveOverlay"] Particles id:    
[ DEBUG5 "MyRemoveOverlay"] Tracks id:    
[ DEBUG5 "MyRemoveOverlay"] Clusters id:  [00017339]
[ DEBUG5 "MyRemoveOverlay"] Particle ids ( [id], PDG, (type)): 
[ DEBUG5 "MyRemoveOverlay"] 
[ DEBUG5 "MyRemoveOverlay"] 
[ DEBUG6 "MyRemoveOverlay"] 		Cluster is not linked to a MCParticle
[ DEBUG7 "MyRemoveOverlay"] 		********** PFO AT INDEX 74 IS NOT OVERLAY **********
[ DEBUG8 "MyRemoveOverlay"] 
[ DEBUG8 "MyRemoveOverlay"] 		-------------------------------------------------------
[ DEBUG8 "MyRemoveOverlay"] 		Processing PFO at index 75
[ DEBUG5 "MyRemoveOverlay"] ------------------ ReconstructedParticle -----------------------------
[ DEBUG5 "MyRemoveOverlay"] Id                                                             0x17840
[ DEBUG5 "MyRemoveOverlay"] Compound                                                             0
[ DEBUG5 "MyRemoveOverlay"] Type                                                              2112
[ DEBUG5 "MyRemoveOverlay"] Momentum (x,y,z)                       -4.94e+00, -5.52e+00, +1.05e+01
[ DEBUG5 "MyRemoveOverlay"] Mass [GeV]                                                    9.40e-01
[ DEBUG5 "MyRemoveOverlay"] Charge [e]                                                    0.00e+00
[ DEBUG5 "MyRemoveOverlay"] Energy [GeV]                                                  1.29e+01
[ DEBUG5 "MyRemoveOverlay"] ReferencePoint                         -1.35e+03, -1.51e+03, +2.89e+03
[ DEBUG5 "MyRemoveOverlay"] ParticleIDUsed                                                       0
[ DEBUG5 "MyRemoveOverlay"] GoodnessOfPID                                                 0.00e+00
[ DEBUG5 "MyRemoveOverlay"] Covariance p,E:  7.09e-01, 7.91e-01, 8.84e-01, -1.51e+00, -1.69e+00, 
[ DEBUG5 "MyRemoveOverlay"]                  3.22e+00, -1.84e+00, -2.06e+00, 3.93e+00, 4.79e+00
[ DEBUG5 "MyRemoveOverlay"] Particles id:    
[ DEBUG5 "MyRemoveOverlay"] Tracks id:    
[ DEBUG5 "MyRemoveOverlay"] Clusters id:  [00017340]
[ DEBUG5 "MyRemoveOverlay"] Particle ids ( [id], PDG, (type)): 
[ DEBUG5 "MyRemoveOverlay"] 
[ DEBUG5 "MyRemoveOverlay"] 
[ DEBUG0 "MyRemoveOverlay"] 	MCParticle at index: 1 has PDG: -2112 and MCParticle to Cluster link weight is 1.00e+00
[ DEBUG0 "MyRemoveOverlay"] 	MCParticle at index: 1 with PDG code: -2112 has highest link weight to input cluster
[ DEBUG0 "MyRemoveOverlay"] 	Cluster at index: 1 has highest link weight to MCParticle = 9.13e-01
[ DEBUG0 "MyRemoveOverlay"] 	Cluster linked to MCParticle with highest weight
[ DEBUG6 "MyRemoveOverlay"] 		Found a linked MCParticle to cluster
[ DEBUG5 "MyRemoveOverlay"] ----------------------------- MCParticle -----------------------------
[ DEBUG5 "MyRemoveOverlay"] Id                                                               16017
[ DEBUG5 "MyRemoveOverlay"] PDG                                                              -2112
[ DEBUG5 "MyRemoveOverlay"] Energy [GeV]                                                  7.98e+00
[ DEBUG5 "MyRemoveOverlay"] Momentum [GeV] (x,y,z)                      -3.03043, -3.4273, 6.47417
[ DEBUG5 "MyRemoveOverlay"] Momentum at Endpoint[GeV] (x,y,z)                                -0, -0, 0
[ DEBUG5 "MyRemoveOverlay"] GeneratorStatus                                                      1
[ DEBUG5 "MyRemoveOverlay"] Vertex [mm] (x,y,z)            -3.49573e-309, -4.08181e-309, -0.121879
[ DEBUG5 "MyRemoveOverlay"] Endpoint [mm] (x,y,z)                      -1310.02, -1485.76, 2805.91
[ DEBUG5 "MyRemoveOverlay"] Mass [GeV]                                                    9.40e-01
[ DEBUG5 "MyRemoveOverlay"] Charge                                                        0.00e+00
[ DEBUG5 "MyRemoveOverlay"] Parents                                                              1
[ DEBUG5 "MyRemoveOverlay"] Daughters                                                            0
[ DEBUG5 "MyRemoveOverlay"] simulator status bits: [sbvtcls]  s: created in simulation b: backscatter v: vertex is not endpoint of parent t: decayed in tracker c: decayed in calorimeter l: has left detector s: stopped o: overlay
[ DEBUG5 "MyRemoveOverlay"] [    c s ]
[ DEBUG5 "MyRemoveOverlay"] 
[ DEBUG7 "MyRemoveOverlay"] 		********** PFO AT INDEX 75 IS NOT OVERLAY **********
[ DEBUG8 "MyRemoveOverlay"] 
[ DEBUG8 "MyRemoveOverlay"] 		-------------------------------------------------------
[ DEBUG8 "MyRemoveOverlay"] 		Processing PFO at index 76
[ DEBUG5 "MyRemoveOverlay"] ------------------ ReconstructedParticle -----------------------------
[ DEBUG5 "MyRemoveOverlay"] Id                                                             0x17841
[ DEBUG5 "MyRemoveOverlay"] Compound                                                             0
[ DEBUG5 "MyRemoveOverlay"] Type                                                              2112
[ DEBUG5 "MyRemoveOverlay"] Momentum (x,y,z)                       -7.85e-02, +7.69e-03, +9.67e-01
[ DEBUG5 "MyRemoveOverlay"] Mass [GeV]                                                    9.40e-01
[ DEBUG5 "MyRemoveOverlay"] Charge [e]                                                    0.00e+00
[ DEBUG5 "MyRemoveOverlay"] Energy [GeV]                                                  9.70e-01
[ DEBUG5 "MyRemoveOverlay"] ReferencePoint                         -2.24e+02, +2.20e+01, +2.76e+03
[ DEBUG5 "MyRemoveOverlay"] ParticleIDUsed                                                       0
[ DEBUG5 "MyRemoveOverlay"] GoodnessOfPID                                                 0.00e+00
[ DEBUG5 "MyRemoveOverlay"] Covariance p,E:  4.50e-03, -4.13e-04, 1.05e-04, -5.47e-02, 5.36e-03, 
[ DEBUG5 "MyRemoveOverlay"]                  6.74e-01, -3.94e-02, 3.86e-03, 4.86e-01, 3.50e-01
[ DEBUG5 "MyRemoveOverlay"] Particles id:    
[ DEBUG5 "MyRemoveOverlay"] Tracks id:    
[ DEBUG5 "MyRemoveOverlay"] Clusters id:  [00017341]
[ DEBUG5 "MyRemoveOverlay"] Particle ids ( [id], PDG, (type)): 
[ DEBUG5 "MyRemoveOverlay"] 
[ DEBUG5 "MyRemoveOverlay"] 
[ DEBUG6 "MyRemoveOverlay"] 		Cluster is not linked to a MCParticle
[ DEBUG7 "MyRemoveOverlay"] 		********** PFO AT INDEX 76 IS NOT OVERLAY **********
[ DEBUG8 "MyRemoveOverlay"] 
[ DEBUG8 "MyRemoveOverlay"] 		-------------------------------------------------------
[ DEBUG8 "MyRemoveOverlay"] 		Processing PFO at index 77
[ DEBUG5 "MyRemoveOverlay"] ------------------ ReconstructedParticle -----------------------------
[ DEBUG5 "MyRemoveOverlay"] Id                                                             0x17842
[ DEBUG5 "MyRemoveOverlay"] Compound                                                             0
[ DEBUG5 "MyRemoveOverlay"] Type                                                                22
[ DEBUG5 "MyRemoveOverlay"] Momentum (x,y,z)                       +4.73e+00, -1.95e-01, +1.54e+00
[ DEBUG5 "MyRemoveOverlay"] Mass [GeV]                                                    0.00e+00
[ DEBUG5 "MyRemoveOverlay"] Charge [e]                                                    0.00e+00
[ DEBUG5 "MyRemoveOverlay"] Energy [GeV]                                                  4.98e+00
[ DEBUG5 "MyRemoveOverlay"] ReferencePoint                         +1.87e+03, -7.65e+01, +6.07e+02
[ DEBUG5 "MyRemoveOverlay"] ParticleIDUsed                                                       0
[ DEBUG5 "MyRemoveOverlay"] GoodnessOfPID                                                 0.00e+00
[ DEBUG5 "MyRemoveOverlay"] Covariance p,E:  1.32e-01, -5.41e-03, 2.31e-04, 4.28e-02, -1.76e-03, 
[ DEBUG5 "MyRemoveOverlay"]                  1.39e-02, 1.39e-01, -5.69e-03, 4.51e-02, 1.46e-01
[ DEBUG5 "MyRemoveOverlay"] Particles id:    
[ DEBUG5 "MyRemoveOverlay"] Tracks id:    
[ DEBUG5 "MyRemoveOverlay"] Clusters id:  [00017342]
[ DEBUG5 "MyRemoveOverlay"] Particle ids ( [id], PDG, (type)): 
[ DEBUG5 "MyRemoveOverlay"]                  [00017843], 000000, (000000) 
[ DEBUG5 "MyRemoveOverlay"]                  [00017844], 000000, (000000) 
[ DEBUG5 "MyRemoveOverlay"]                  [00017845], 000000, (000000) 
[ DEBUG5 "MyRemoveOverlay"]                  [00017846], 000000, (000000) 
[ DEBUG5 "MyRemoveOverlay"] 
[ DEBUG5 "MyRemoveOverlay"] 
[ DEBUG0 "MyRemoveOverlay"] 	MCParticle at index: 0 has PDG: 22 and MCParticle to Cluster link weight is 1.00e+00
[ DEBUG0 "MyRemoveOverlay"] 	MCParticle at index: 0 with PDG code: 22 has highest link weight to input cluster
[ DEBUG0 "MyRemoveOverlay"] 	Cluster at index: 0 has highest link weight to MCParticle = 9.98e-01
[ DEBUG0 "MyRemoveOverlay"] 	Cluster linked to MCParticle with highest weight
[ DEBUG6 "MyRemoveOverlay"] 		Found a linked MCParticle to cluster
[ DEBUG5 "MyRemoveOverlay"] ----------------------------- MCParticle -----------------------------
[ DEBUG5 "MyRemoveOverlay"] Id                                                               16082
[ DEBUG5 "MyRemoveOverlay"] PDG                                                                 22
[ DEBUG5 "MyRemoveOverlay"] Energy [GeV]                                                  5.33e+00
[ DEBUG5 "MyRemoveOverlay"] Momentum [GeV] (x,y,z)                     5.06412, -0.210682, 1.64547
[ DEBUG5 "MyRemoveOverlay"] Momentum at Endpoint[GeV] (x,y,z)                                 0, -0, 0
[ DEBUG5 "MyRemoveOverlay"] GeneratorStatus                                                      1
[ DEBUG5 "MyRemoveOverlay"] Vertex [mm] (x,y,z)                        4.21001, -0.123863, 1.36677
[ DEBUG5 "MyRemoveOverlay"] Endpoint [mm] (x,y,z)                       1774.88, -73.7889, 576.706
[ DEBUG5 "MyRemoveOverlay"] Mass [GeV]                                                    1.03e-07
[ DEBUG5 "MyRemoveOverlay"] Charge                                                        0.00e+00
[ DEBUG5 "MyRemoveOverlay"] Parents                                                              1
[ DEBUG5 "MyRemoveOverlay"] Daughters                                                            0
[ DEBUG5 "MyRemoveOverlay"] simulator status bits: [sbvtcls]  s: created in simulation b: backscatter v: vertex is not endpoint of parent t: decayed in tracker c: decayed in calorimeter l: has left detector s: stopped o: overlay
[ DEBUG5 "MyRemoveOverlay"] [    c s ]
[ DEBUG5 "MyRemoveOverlay"] 
[ DEBUG7 "MyRemoveOverlay"] 		********** PFO AT INDEX 77 IS NOT OVERLAY **********
[ DEBUG8 "MyRemoveOverlay"] 
[ DEBUG8 "MyRemoveOverlay"] 		-------------------------------------------------------
[ DEBUG8 "MyRemoveOverlay"] 		Processing PFO at index 78
[ DEBUG5 "MyRemoveOverlay"] ------------------ ReconstructedParticle -----------------------------
[ DEBUG5 "MyRemoveOverlay"] Id                                                             0x17847
[ DEBUG5 "MyRemoveOverlay"] Compound                                                             0
[ DEBUG5 "MyRemoveOverlay"] Type                                                                22
[ DEBUG5 "MyRemoveOverlay"] Momentum (x,y,z)                       +2.83e-01, -6.54e-02, +1.43e+00
[ DEBUG5 "MyRemoveOverlay"] Mass [GeV]                                                    0.00e+00
[ DEBUG5 "MyRemoveOverlay"] Charge [e]                                                    0.00e+00
[ DEBUG5 "MyRemoveOverlay"] Energy [GeV]                                                  1.46e+00
[ DEBUG5 "MyRemoveOverlay"] ReferencePoint                         +4.87e+02, -1.13e+02, +2.47e+03
[ DEBUG5 "MyRemoveOverlay"] ParticleIDUsed                                                       0
[ DEBUG5 "MyRemoveOverlay"] GoodnessOfPID                                                 0.00e+00
[ DEBUG5 "MyRemoveOverlay"] Covariance p,E:  1.58e-03, -3.64e-04, 8.75e-05, 7.98e-03, -1.84e-03, 
[ DEBUG5 "MyRemoveOverlay"]                  4.05e-02, 8.15e-03, -1.88e-03, 4.13e-02, 4.21e-02
[ DEBUG5 "MyRemoveOverlay"] Particles id:    
[ DEBUG5 "MyRemoveOverlay"] Tracks id:    
[ DEBUG5 "MyRemoveOverlay"] Clusters id:  [00017343]
[ DEBUG5 "MyRemoveOverlay"] Particle ids ( [id], PDG, (type)): 
[ DEBUG5 "MyRemoveOverlay"]                  [00017848], 000000, (000000) 
[ DEBUG5 "MyRemoveOverlay"]                  [00017849], 000000, (000000) 
[ DEBUG5 "MyRemoveOverlay"]                  [00017850], 000000, (000000) 
[ DEBUG5 "MyRemoveOverlay"]                  [00017851], 000000, (000000) 
[ DEBUG5 "MyRemoveOverlay"] 
[ DEBUG5 "MyRemoveOverlay"] 
[ DEBUG0 "MyRemoveOverlay"] 	MCParticle at index: 0 has PDG: 22 and MCParticle to Cluster link weight is 9.67e-01
[ DEBUG0 "MyRemoveOverlay"] 	MCParticle at index: 0 with PDG code: 22 has highest link weight to input cluster
[ DEBUG0 "MyRemoveOverlay"] 	Cluster at index: 0 has highest link weight to MCParticle = 9.95e-01
[ DEBUG0 "MyRemoveOverlay"] 	Cluster linked to MCParticle with highest weight
[ DEBUG6 "MyRemoveOverlay"] 		Found a linked MCParticle to cluster
[ DEBUG5 "MyRemoveOverlay"] ----------------------------- MCParticle -----------------------------
[ DEBUG5 "MyRemoveOverlay"] Id                                                               16185
[ DEBUG5 "MyRemoveOverlay"] PDG                                                                 22
[ DEBUG5 "MyRemoveOverlay"] Energy [GeV]                                                  1.69e+00
[ DEBUG5 "MyRemoveOverlay"] Momentum [GeV] (x,y,z)                   0.326269, -0.0757429, 1.65649
[ DEBUG5 "MyRemoveOverlay"] Momentum at Endpoint[GeV] (x,y,z)                                 0, -0, 0
[ DEBUG5 "MyRemoveOverlay"] GeneratorStatus                                                      1
[ DEBUG5 "MyRemoveOverlay"] Vertex [mm] (x,y,z)                5.0356e-05, -2.07676e-05, -0.211319
[ DEBUG5 "MyRemoveOverlay"] Endpoint [mm] (x,y,z)                        475.601, -110.41, 2414.45
[ DEBUG5 "MyRemoveOverlay"] Mass [GeV]                                                    0.00e+00
[ DEBUG5 "MyRemoveOverlay"] Charge                                                        0.00e+00
[ DEBUG5 "MyRemoveOverlay"] Parents                                                              1
[ DEBUG5 "MyRemoveOverlay"] Daughters                                                            0
[ DEBUG5 "MyRemoveOverlay"] simulator status bits: [sbvtcls]  s: created in simulation b: backscatter v: vertex is not endpoint of parent t: decayed in tracker c: decayed in calorimeter l: has left detector s: stopped o: overlay
[ DEBUG5 "MyRemoveOverlay"] [    c so]
[ DEBUG5 "MyRemoveOverlay"] 
[ DEBUG7 "MyRemoveOverlay"] 		********** PFO AT INDEX 78 IS OVERLAY **********
[ DEBUG8 "MyRemoveOverlay"] 
[ DEBUG8 "MyRemoveOverlay"] 		-------------------------------------------------------
[ DEBUG8 "MyRemoveOverlay"] 		Processing PFO at index 79
[ DEBUG5 "MyRemoveOverlay"] ------------------ ReconstructedParticle -----------------------------
[ DEBUG5 "MyRemoveOverlay"] Id                                                             0x17852
[ DEBUG5 "MyRemoveOverlay"] Compound                                                             0
[ DEBUG5 "MyRemoveOverlay"] Type                                                                22
[ DEBUG5 "MyRemoveOverlay"] Momentum (x,y,z)                       -5.43e-01, +2.86e-01, +5.41e-01
[ DEBUG5 "MyRemoveOverlay"] Mass [GeV]                                                    0.00e+00
[ DEBUG5 "MyRemoveOverlay"] Charge [e]                                                    0.00e+00
[ DEBUG5 "MyRemoveOverlay"] Energy [GeV]                                                  8.18e-01
[ DEBUG5 "MyRemoveOverlay"] ReferencePoint                         -1.71e+03, +8.98e+02, +1.70e+03
[ DEBUG5 "MyRemoveOverlay"] ParticleIDUsed                                                       0
[ DEBUG5 "MyRemoveOverlay"] GoodnessOfPID                                                 0.00e+00
[ DEBUG5 "MyRemoveOverlay"] Covariance p,E:  1.03e-02, -5.41e-03, 2.85e-03, -1.03e-02, 5.40e-03, 
[ DEBUG5 "MyRemoveOverlay"]                  1.02e-02, -1.55e-02, 8.16e-03, 1.55e-02, 2.34e-02
[ DEBUG5 "MyRemoveOverlay"] Particles id:    
[ DEBUG5 "MyRemoveOverlay"] Tracks id:    
[ DEBUG5 "MyRemoveOverlay"] Clusters id:  [00017344]
[ DEBUG5 "MyRemoveOverlay"] Particle ids ( [id], PDG, (type)): 
[ DEBUG5 "MyRemoveOverlay"]                  [00017853], 000000, (000000) 
[ DEBUG5 "MyRemoveOverlay"]                  [00017854], 000000, (000000) 
[ DEBUG5 "MyRemoveOverlay"]                  [00017855], 000000, (000000) 
[ DEBUG5 "MyRemoveOverlay"]                  [00017856], 000000, (000000) 
[ DEBUG5 "MyRemoveOverlay"] 
[ DEBUG5 "MyRemoveOverlay"] 
[ DEBUG0 "MyRemoveOverlay"] 	MCParticle at index: 1 has PDG: 22 and MCParticle to Cluster link weight is 9.43e-01
[ DEBUG0 "MyRemoveOverlay"] 	MCParticle at index: 1 with PDG code: 22 has highest link weight to input cluster
[ DEBUG0 "MyRemoveOverlay"] 	Cluster at index: 0 has highest link weight to MCParticle = 1.00e+00
[ DEBUG0 "MyRemoveOverlay"] 	Cluster linked to MCParticle with highest weight
[ DEBUG6 "MyRemoveOverlay"] 		Found a linked MCParticle to cluster
[ DEBUG5 "MyRemoveOverlay"] ----------------------------- MCParticle -----------------------------
[ DEBUG5 "MyRemoveOverlay"] Id                                                               16078
[ DEBUG5 "MyRemoveOverlay"] PDG                                                                 22
[ DEBUG5 "MyRemoveOverlay"] Energy [GeV]                                                  9.28e-01
[ DEBUG5 "MyRemoveOverlay"] Momentum [GeV] (x,y,z)                   -0.616207, 0.325514, 0.612385
[ DEBUG5 "MyRemoveOverlay"] Momentum at Endpoint[GeV] (x,y,z)                                 -0, 0, 0
[ DEBUG5 "MyRemoveOverlay"] GeneratorStatus                                                      1
[ DEBUG5 "MyRemoveOverlay"] Vertex [mm] (x,y,z)                      -0.886943, 0.340147, 0.938659
[ DEBUG5 "MyRemoveOverlay"] Endpoint [mm] (x,y,z)                       -1671.89, 883.054, 1661.58
[ DEBUG5 "MyRemoveOverlay"] Mass [GeV]                                                   -1.05e-08
[ DEBUG5 "MyRemoveOverlay"] Charge                                                        0.00e+00
[ DEBUG5 "MyRemoveOverlay"] Parents                                                              1
[ DEBUG5 "MyRemoveOverlay"] Daughters                                                            0
[ DEBUG5 "MyRemoveOverlay"] simulator status bits: [sbvtcls]  s: created in simulation b: backscatter v: vertex is not endpoint of parent t: decayed in tracker c: decayed in calorimeter l: has left detector s: stopped o: overlay
[ DEBUG5 "MyRemoveOverlay"] [    c s ]
[ DEBUG5 "MyRemoveOverlay"] 
[ DEBUG7 "MyRemoveOverlay"] 		********** PFO AT INDEX 79 IS NOT OVERLAY **********
[ DEBUG8 "MyRemoveOverlay"] 
[ DEBUG8 "MyRemoveOverlay"] 		-------------------------------------------------------
[ DEBUG8 "MyRemoveOverlay"] 		Processing PFO at index 80
[ DEBUG5 "MyRemoveOverlay"] ------------------ ReconstructedParticle -----------------------------
[ DEBUG5 "MyRemoveOverlay"] Id                                                             0x17857
[ DEBUG5 "MyRemoveOverlay"] Compound                                                             0
[ DEBUG5 "MyRemoveOverlay"] Type                                                                22
[ DEBUG5 "MyRemoveOverlay"] Momentum (x,y,z)                       +5.80e-02, -9.00e-02, +5.81e-01
[ DEBUG5 "MyRemoveOverlay"] Mass [GeV]                                                    0.00e+00
[ DEBUG5 "MyRemoveOverlay"] Charge [e]                                                    0.00e+00
[ DEBUG5 "MyRemoveOverlay"] Energy [GeV]                                                  5.90e-01
[ DEBUG5 "MyRemoveOverlay"] ReferencePoint                         +2.45e+02, -3.81e+02, +2.46e+03
[ DEBUG5 "MyRemoveOverlay"] ParticleIDUsed                                                       0
[ DEBUG5 "MyRemoveOverlay"] GoodnessOfPID                                                 0.00e+00
[ DEBUG5 "MyRemoveOverlay"] Covariance p,E:  1.63e-04, -2.52e-04, 3.92e-04, 1.63e-03, -2.53e-03, 
[ DEBUG5 "MyRemoveOverlay"]                  1.63e-02, 1.66e-03, -2.57e-03, 1.66e-02, 1.69e-02
[ DEBUG5 "MyRemoveOverlay"] Particles id:    
[ DEBUG5 "MyRemoveOverlay"] Tracks id:    
[ DEBUG5 "MyRemoveOverlay"] Clusters id:  [00017345]
[ DEBUG5 "MyRemoveOverlay"] Particle ids ( [id], PDG, (type)): 
[ DEBUG5 "MyRemoveOverlay"]                  [00017858], 000000, (000000) 
[ DEBUG5 "MyRemoveOverlay"]                  [00017859], 000000, (000000) 
[ DEBUG5 "MyRemoveOverlay"]                  [00017860], 000000, (000000) 
[ DEBUG5 "MyRemoveOverlay"]                  [00017861], 000000, (000000) 
[ DEBUG5 "MyRemoveOverlay"] 
[ DEBUG5 "MyRemoveOverlay"] 
[ DEBUG0 "MyRemoveOverlay"] 	MCParticle at index: 0 has PDG: 22 and MCParticle to Cluster link weight is 1.00e+00
[ DEBUG0 "MyRemoveOverlay"] 	MCParticle at index: 0 with PDG code: 22 has highest link weight to input cluster
[ DEBUG0 "MyRemoveOverlay"] 	Cluster at index: 0 has highest link weight to MCParticle = 9.40e-01
[ DEBUG0 "MyRemoveOverlay"] 	Cluster linked to MCParticle with highest weight
[ DEBUG6 "MyRemoveOverlay"] 		Found a linked MCParticle to cluster
[ DEBUG5 "MyRemoveOverlay"] ----------------------------- MCParticle -----------------------------
[ DEBUG5 "MyRemoveOverlay"] Id                                                               16184
[ DEBUG5 "MyRemoveOverlay"] PDG                                                                 22
[ DEBUG5 "MyRemoveOverlay"] Energy [GeV]                                                  5.17e-01
[ DEBUG5 "MyRemoveOverlay"] Momentum [GeV] (x,y,z)                   0.051455, -0.0800363, 0.50806
[ DEBUG5 "MyRemoveOverlay"] Momentum at Endpoint[GeV] (x,y,z)                                 0, -0, 0
[ DEBUG5 "MyRemoveOverlay"] GeneratorStatus                                                      1
[ DEBUG5 "MyRemoveOverlay"] Vertex [mm] (x,y,z)                5.0356e-05, -2.07676e-05, -0.211319
[ DEBUG5 "MyRemoveOverlay"] Endpoint [mm] (x,y,z)                       244.747, -380.695, 2416.39
[ DEBUG5 "MyRemoveOverlay"] Mass [GeV]                                                    0.00e+00
[ DEBUG5 "MyRemoveOverlay"] Charge                                                        0.00e+00
[ DEBUG5 "MyRemoveOverlay"] Parents                                                              1
[ DEBUG5 "MyRemoveOverlay"] Daughters                                                            0
[ DEBUG5 "MyRemoveOverlay"] simulator status bits: [sbvtcls]  s: created in simulation b: backscatter v: vertex is not endpoint of parent t: decayed in tracker c: decayed in calorimeter l: has left detector s: stopped o: overlay
[ DEBUG5 "MyRemoveOverlay"] [    c so]
[ DEBUG5 "MyRemoveOverlay"] 
[ DEBUG7 "MyRemoveOverlay"] 		********** PFO AT INDEX 80 IS OVERLAY **********
[ DEBUG8 "MyRemoveOverlay"] 
[ DEBUG8 "MyRemoveOverlay"] 		-------------------------------------------------------
[ DEBUG8 "MyRemoveOverlay"] 		Processing PFO at index 81
[ DEBUG5 "MyRemoveOverlay"] ------------------ ReconstructedParticle -----------------------------
[ DEBUG5 "MyRemoveOverlay"] Id                                                             0x17862
[ DEBUG5 "MyRemoveOverlay"] Compound                                                             0
[ DEBUG5 "MyRemoveOverlay"] Type                                                                22
[ DEBUG5 "MyRemoveOverlay"] Momentum (x,y,z)                       -4.84e-01, +4.19e-01, +9.27e-01
[ DEBUG5 "MyRemoveOverlay"] Mass [GeV]                                                    0.00e+00
[ DEBUG5 "MyRemoveOverlay"] Charge [e]                                                    0.00e+00
[ DEBUG5 "MyRemoveOverlay"] Energy [GeV]                                                  1.13e+00
[ DEBUG5 "MyRemoveOverlay"] ReferencePoint                         -1.28e+03, +1.11e+03, +2.45e+03
[ DEBUG5 "MyRemoveOverlay"] ParticleIDUsed                                                       0
[ DEBUG5 "MyRemoveOverlay"] GoodnessOfPID                                                 0.00e+00
[ DEBUG5 "MyRemoveOverlay"] Covariance p,E:  5.97e-03, -5.17e-03, 4.48e-03, -1.14e-02, 9.91e-03, 
[ DEBUG5 "MyRemoveOverlay"]                  2.19e-02, -1.39e-02, 1.20e-02, 2.66e-02, 3.24e-02
[ DEBUG5 "MyRemoveOverlay"] Particles id:    
[ DEBUG5 "MyRemoveOverlay"] Tracks id:    
[ DEBUG5 "MyRemoveOverlay"] Clusters id:  [00017346]
[ DEBUG5 "MyRemoveOverlay"] Particle ids ( [id], PDG, (type)): 
[ DEBUG5 "MyRemoveOverlay"]                  [00017863], 000000, (000000) 
[ DEBUG5 "MyRemoveOverlay"]                  [00017864], 000000, (000000) 
[ DEBUG5 "MyRemoveOverlay"]                  [00017865], 000000, (000000) 
[ DEBUG5 "MyRemoveOverlay"]                  [00017866], 000000, (000000) 
[ DEBUG5 "MyRemoveOverlay"] 
[ DEBUG5 "MyRemoveOverlay"] 
[ DEBUG0 "MyRemoveOverlay"] 	MCParticle at index: 0 has PDG: 22 and MCParticle to Cluster link weight is 1.00e+00
[ DEBUG0 "MyRemoveOverlay"] 	MCParticle at index: 0 with PDG code: 22 has highest link weight to input cluster
[ DEBUG0 "MyRemoveOverlay"] 	Cluster at index: 0 has highest link weight to MCParticle = 9.97e-01
[ DEBUG0 "MyRemoveOverlay"] 	Cluster linked to MCParticle with highest weight
[ DEBUG6 "MyRemoveOverlay"] 		Found a linked MCParticle to cluster
[ DEBUG5 "MyRemoveOverlay"] ----------------------------- MCParticle -----------------------------
[ DEBUG5 "MyRemoveOverlay"] Id                                                               16058
[ DEBUG5 "MyRemoveOverlay"] PDG                                                                 22
[ DEBUG5 "MyRemoveOverlay"] Energy [GeV]                                                  1.07e+00
[ DEBUG5 "MyRemoveOverlay"] Momentum [GeV] (x,y,z)                   -0.458303, 0.396442, 0.877383
[ DEBUG5 "MyRemoveOverlay"] Momentum at Endpoint[GeV] (x,y,z)                                 -0, 0, 0
[ DEBUG5 "MyRemoveOverlay"] GeneratorStatus                                                      1
[ DEBUG5 "MyRemoveOverlay"] Vertex [mm] (x,y,z)                      -0.886943, 0.340147, 0.938659
[ DEBUG5 "MyRemoveOverlay"] Endpoint [mm] (x,y,z)                        -1264.1, 1093.04, 2419.25
[ DEBUG5 "MyRemoveOverlay"] Mass [GeV]                                                   -1.49e-08
[ DEBUG5 "MyRemoveOverlay"] Charge                                                        0.00e+00
[ DEBUG5 "MyRemoveOverlay"] Parents                                                              1
[ DEBUG5 "MyRemoveOverlay"] Daughters                                                            0
[ DEBUG5 "MyRemoveOverlay"] simulator status bits: [sbvtcls]  s: created in simulation b: backscatter v: vertex is not endpoint of parent t: decayed in tracker c: decayed in calorimeter l: has left detector s: stopped o: overlay
[ DEBUG5 "MyRemoveOverlay"] [    c s ]
[ DEBUG5 "MyRemoveOverlay"] 
[ DEBUG7 "MyRemoveOverlay"] 		********** PFO AT INDEX 81 IS NOT OVERLAY **********
[ DEBUG8 "MyRemoveOverlay"] 
[ DEBUG8 "MyRemoveOverlay"] 		-------------------------------------------------------
[ DEBUG8 "MyRemoveOverlay"] 		Processing PFO at index 82
[ DEBUG5 "MyRemoveOverlay"] ------------------ ReconstructedParticle -----------------------------
[ DEBUG5 "MyRemoveOverlay"] Id                                                             0x17867
[ DEBUG5 "MyRemoveOverlay"] Compound                                                             0
[ DEBUG5 "MyRemoveOverlay"] Type                                                                22
[ DEBUG5 "MyRemoveOverlay"] Momentum (x,y,z)                       +1.61e-01, -4.46e-01, +1.51e+00
[ DEBUG5 "MyRemoveOverlay"] Mass [GeV]                                                    0.00e+00
[ DEBUG5 "MyRemoveOverlay"] Charge [e]                                                    0.00e+00
[ DEBUG5 "MyRemoveOverlay"] Energy [GeV]                                                  1.59e+00
[ DEBUG5 "MyRemoveOverlay"] ReferencePoint                         +2.63e+02, -7.28e+02, +2.47e+03
[ DEBUG5 "MyRemoveOverlay"] ParticleIDUsed                                                       0
[ DEBUG5 "MyRemoveOverlay"] GoodnessOfPID                                                 0.00e+00
[ DEBUG5 "MyRemoveOverlay"] Covariance p,E:  4.76e-04, -1.30e-03, 3.61e-03, 4.43e-03, -1.23e-02, 
[ DEBUG5 "MyRemoveOverlay"]                  4.16e-02, 4.65e-03, -1.28e-02, 4.36e-02, 4.57e-02
[ DEBUG5 "MyRemoveOverlay"] Particles id:    
[ DEBUG5 "MyRemoveOverlay"] Tracks id:    
[ DEBUG5 "MyRemoveOverlay"] Clusters id:  [00017347]
[ DEBUG5 "MyRemoveOverlay"] Particle ids ( [id], PDG, (type)): 
[ DEBUG5 "MyRemoveOverlay"]                  [00017868], 000000, (000000) 
[ DEBUG5 "MyRemoveOverlay"]                  [00017869], 000000, (000000) 
[ DEBUG5 "MyRemoveOverlay"]                  [00017870], 000000, (000000) 
[ DEBUG5 "MyRemoveOverlay"]                  [00017871], 000000, (000000) 
[ DEBUG5 "MyRemoveOverlay"] 
[ DEBUG5 "MyRemoveOverlay"] 
[ DEBUG0 "MyRemoveOverlay"] 	MCParticle at index: 1 has PDG: 22 and MCParticle to Cluster link weight is 9.75e-01
[ DEBUG0 "MyRemoveOverlay"] 	MCParticle at index: 1 with PDG code: 22 has highest link weight to input cluster
[ DEBUG0 "MyRemoveOverlay"] 	Cluster at index: 0 has highest link weight to MCParticle = 9.98e-01
[ DEBUG0 "MyRemoveOverlay"] 	Cluster linked to MCParticle with highest weight
[ DEBUG6 "MyRemoveOverlay"] 		Found a linked MCParticle to cluster
[ DEBUG5 "MyRemoveOverlay"] ----------------------------- MCParticle -----------------------------
[ DEBUG5 "MyRemoveOverlay"] Id                                                               16175
[ DEBUG5 "MyRemoveOverlay"] PDG                                                                 22
[ DEBUG5 "MyRemoveOverlay"] Energy [GeV]                                                  1.40e+00
[ DEBUG5 "MyRemoveOverlay"] Momentum [GeV] (x,y,z)                    0.141729, -0.394697, 1.33262
[ DEBUG5 "MyRemoveOverlay"] Momentum at Endpoint[GeV] (x,y,z)                                 0, -0, 0
[ DEBUG5 "MyRemoveOverlay"] GeneratorStatus                                                      1
[ DEBUG5 "MyRemoveOverlay"] Vertex [mm] (x,y,z)               8.84343e-05, -0.000162698, -0.211009
[ DEBUG5 "MyRemoveOverlay"] Endpoint [mm] (x,y,z)                         258.059, -718.66, 2426.2
[ DEBUG5 "MyRemoveOverlay"] Mass [GeV]                                                    0.00e+00
[ DEBUG5 "MyRemoveOverlay"] Charge                                                        0.00e+00
[ DEBUG5 "MyRemoveOverlay"] Parents                                                              1
[ DEBUG5 "MyRemoveOverlay"] Daughters                                                            0
[ DEBUG5 "MyRemoveOverlay"] simulator status bits: [sbvtcls]  s: created in simulation b: backscatter v: vertex is not endpoint of parent t: decayed in tracker c: decayed in calorimeter l: has left detector s: stopped o: overlay
[ DEBUG5 "MyRemoveOverlay"] [    c so]
[ DEBUG5 "MyRemoveOverlay"] 
[ DEBUG7 "MyRemoveOverlay"] 		********** PFO AT INDEX 82 IS OVERLAY **********
[ DEBUG8 "MyRemoveOverlay"] 
[ DEBUG8 "MyRemoveOverlay"] 		-------------------------------------------------------
[ DEBUG8 "MyRemoveOverlay"] 		Processing PFO at index 83
[ DEBUG5 "MyRemoveOverlay"] ------------------ ReconstructedParticle -----------------------------
[ DEBUG5 "MyRemoveOverlay"] Id                                                             0x17872
[ DEBUG5 "MyRemoveOverlay"] Compound                                                             0
[ DEBUG5 "MyRemoveOverlay"] Type                                                                22
[ DEBUG5 "MyRemoveOverlay"] Momentum (x,y,z)                       +8.59e-01, -5.44e-02, +4.00e-01
[ DEBUG5 "MyRemoveOverlay"] Mass [GeV]                                                    0.00e+00
[ DEBUG5 "MyRemoveOverlay"] Charge [e]                                                    0.00e+00
[ DEBUG5 "MyRemoveOverlay"] Energy [GeV]                                                  9.49e-01
[ DEBUG5 "MyRemoveOverlay"] ReferencePoint                         +1.85e+03, -1.17e+02, +8.62e+02
[ DEBUG5 "MyRemoveOverlay"] ParticleIDUsed                                                       0
[ DEBUG5 "MyRemoveOverlay"] GoodnessOfPID                                                 0.00e+00
[ DEBUG5 "MyRemoveOverlay"] Covariance p,E:  2.22e-02, -1.41e-03, 9.90e-05, 1.03e-02, -6.53e-04, 
[ DEBUG5 "MyRemoveOverlay"]                  4.83e-03, 2.46e-02, -1.55e-03, 1.14e-02, 2.71e-02
[ DEBUG5 "MyRemoveOverlay"] Particles id:    
[ DEBUG5 "MyRemoveOverlay"] Tracks id:    
[ DEBUG5 "MyRemoveOverlay"] Clusters id:  [00017348]
[ DEBUG5 "MyRemoveOverlay"] Particle ids ( [id], PDG, (type)): 
[ DEBUG5 "MyRemoveOverlay"]                  [00017873], 000000, (000000) 
[ DEBUG5 "MyRemoveOverlay"]                  [00017874], 000000, (000000) 
[ DEBUG5 "MyRemoveOverlay"]                  [00017875], 000000, (000000) 
[ DEBUG5 "MyRemoveOverlay"]                  [00017876], 000000, (000000) 
[ DEBUG5 "MyRemoveOverlay"] 
[ DEBUG5 "MyRemoveOverlay"] 
[ DEBUG6 "MyRemoveOverlay"] 		Cluster is not linked to a MCParticle
[ DEBUG7 "MyRemoveOverlay"] 		********** PFO AT INDEX 83 IS NOT OVERLAY **********
[ DEBUG8 "MyRemoveOverlay"] 
[ DEBUG8 "MyRemoveOverlay"] 		-------------------------------------------------------
[ DEBUG8 "MyRemoveOverlay"] 		Processing PFO at index 84
[ DEBUG5 "MyRemoveOverlay"] ------------------ ReconstructedParticle -----------------------------
[ DEBUG5 "MyRemoveOverlay"] Id                                                             0x17877
[ DEBUG5 "MyRemoveOverlay"] Compound                                                             0
[ DEBUG5 "MyRemoveOverlay"] Type                                                                22
[ DEBUG5 "MyRemoveOverlay"] Momentum (x,y,z)                       +1.83e+00, -2.77e-01, +5.05e-01
[ DEBUG5 "MyRemoveOverlay"] Mass [GeV]                                                    0.00e+00
[ DEBUG5 "MyRemoveOverlay"] Charge [e]                                                    0.00e+00
[ DEBUG5 "MyRemoveOverlay"] Energy [GeV]                                                  1.91e+00
[ DEBUG5 "MyRemoveOverlay"] ReferencePoint                         +1.86e+03, -2.82e+02, +5.16e+02
[ DEBUG5 "MyRemoveOverlay"] ParticleIDUsed                                                       0
[ DEBUG5 "MyRemoveOverlay"] GoodnessOfPID                                                 0.00e+00
[ DEBUG5 "MyRemoveOverlay"] Covariance p,E:  5.02e-02, -7.58e-03, 1.27e-03, 1.39e-02, -2.17e-03, 
[ DEBUG5 "MyRemoveOverlay"]                  3.95e-03, 5.26e-02, -7.98e-03, 1.46e-02, 5.52e-02
[ DEBUG5 "MyRemoveOverlay"] Particles id:    
[ DEBUG5 "MyRemoveOverlay"] Tracks id:    
[ DEBUG5 "MyRemoveOverlay"] Clusters id:  [00017349]
[ DEBUG5 "MyRemoveOverlay"] Particle ids ( [id], PDG, (type)): 
[ DEBUG5 "MyRemoveOverlay"]                  [00017878], 000000, (000000) 
[ DEBUG5 "MyRemoveOverlay"]                  [00017879], 000000, (000000) 
[ DEBUG5 "MyRemoveOverlay"]                  [00017880], 000000, (000000) 
[ DEBUG5 "MyRemoveOverlay"]                  [00017881], 000000, (000000) 
[ DEBUG5 "MyRemoveOverlay"] 
[ DEBUG5 "MyRemoveOverlay"] 
[ DEBUG6 "MyRemoveOverlay"] 		Cluster is not linked to a MCParticle
[ DEBUG7 "MyRemoveOverlay"] 		********** PFO AT INDEX 84 IS NOT OVERLAY **********
[ DEBUG8 "MyRemoveOverlay"] 
[ DEBUG8 "MyRemoveOverlay"] 		-------------------------------------------------------
[ DEBUG8 "MyRemoveOverlay"] 		Processing PFO at index 85
[ DEBUG5 "MyRemoveOverlay"] ------------------ ReconstructedParticle -----------------------------
[ DEBUG5 "MyRemoveOverlay"] Id                                                             0x17882
[ DEBUG5 "MyRemoveOverlay"] Compound                                                             0
[ DEBUG5 "MyRemoveOverlay"] Type                                                                22
[ DEBUG5 "MyRemoveOverlay"] Momentum (x,y,z)                       +1.58e-01, -1.54e-01, +6.92e-01
[ DEBUG5 "MyRemoveOverlay"] Mass [GeV]                                                    0.00e+00
[ DEBUG5 "MyRemoveOverlay"] Charge [e]                                                    0.00e+00
[ DEBUG5 "MyRemoveOverlay"] Energy [GeV]                                                  7.26e-01
[ DEBUG5 "MyRemoveOverlay"] ReferencePoint                         +5.62e+02, -5.49e+02, +2.47e+03
[ DEBUG5 "MyRemoveOverlay"] ParticleIDUsed                                                       0
[ DEBUG5 "MyRemoveOverlay"] GoodnessOfPID                                                 0.00e+00
[ DEBUG5 "MyRemoveOverlay"] Covariance p,E:  9.79e-04, -9.55e-04, 9.35e-04, 4.29e-03, -4.20e-03, 
[ DEBUG5 "MyRemoveOverlay"]                  1.89e-02, 4.51e-03, -4.40e-03, 1.98e-02, 2.08e-02
[ DEBUG5 "MyRemoveOverlay"] Particles id:    
[ DEBUG5 "MyRemoveOverlay"] Tracks id:    
[ DEBUG5 "MyRemoveOverlay"] Clusters id:  [00017350]
[ DEBUG5 "MyRemoveOverlay"] Particle ids ( [id], PDG, (type)): 
[ DEBUG5 "MyRemoveOverlay"]                  [00017883], 000000, (000000) 
[ DEBUG5 "MyRemoveOverlay"]                  [00017884], 000000, (000000) 
[ DEBUG5 "MyRemoveOverlay"]                  [00017885], 000000, (000000) 
[ DEBUG5 "MyRemoveOverlay"]                  [00017886], 000000, (000000) 
[ DEBUG5 "MyRemoveOverlay"] 
[ DEBUG5 "MyRemoveOverlay"] 
[ DEBUG6 "MyRemoveOverlay"] 		Cluster is not linked to a MCParticle
[ DEBUG7 "MyRemoveOverlay"] 		********** PFO AT INDEX 85 IS NOT OVERLAY **********
[ DEBUG8 "MyRemoveOverlay"] 
[ DEBUG8 "MyRemoveOverlay"] 		-------------------------------------------------------
[ DEBUG8 "MyRemoveOverlay"] 		Processing PFO at index 86
[ DEBUG5 "MyRemoveOverlay"] ------------------ ReconstructedParticle -----------------------------
[ DEBUG5 "MyRemoveOverlay"] Id                                                             0x17887
[ DEBUG5 "MyRemoveOverlay"] Compound                                                             0
[ DEBUG5 "MyRemoveOverlay"] Type                                                                22
[ DEBUG5 "MyRemoveOverlay"] Momentum (x,y,z)                       -2.43e-02, +7.45e-02, +1.14e+00
[ DEBUG5 "MyRemoveOverlay"] Mass [GeV]                                                    0.00e+00
[ DEBUG5 "MyRemoveOverlay"] Charge [e]                                                    0.00e+00
[ DEBUG5 "MyRemoveOverlay"] Energy [GeV]                                                  1.15e+00
[ DEBUG5 "MyRemoveOverlay"] ReferencePoint                         -5.21e+01, +1.60e+02, +2.46e+03
[ DEBUG5 "MyRemoveOverlay"] ParticleIDUsed                                                       0
[ DEBUG5 "MyRemoveOverlay"] GoodnessOfPID                                                 0.00e+00
[ DEBUG5 "MyRemoveOverlay"] Covariance p,E:  1.50e-05, -4.54e-05, 1.39e-04, -6.95e-04, 2.13e-03, 
[ DEBUG5 "MyRemoveOverlay"]                  3.28e-02, -6.97e-04, 2.14e-03, 3.28e-02, 3.29e-02
[ DEBUG5 "MyRemoveOverlay"] Particles id:    
[ DEBUG5 "MyRemoveOverlay"] Tracks id:    
[ DEBUG5 "MyRemoveOverlay"] Clusters id:  [00017351]
[ DEBUG5 "MyRemoveOverlay"] Particle ids ( [id], PDG, (type)): 
[ DEBUG5 "MyRemoveOverlay"] 
[ DEBUG5 "MyRemoveOverlay"] 
[ DEBUG0 "MyRemoveOverlay"] 	MCParticle at index: 0 has PDG: 321 and MCParticle to Cluster link weight is 1.00e+00
[ DEBUG0 "MyRemoveOverlay"] 	MCParticle at index: 0 with PDG code: 321 has highest link weight to input cluster
[ DEBUG6 "MyRemoveOverlay"] 		Cluster is not linked to a MCParticle
[ DEBUG7 "MyRemoveOverlay"] 		********** PFO AT INDEX 86 IS NOT OVERLAY **********
[ DEBUG8 "MyRemoveOverlay"] 
[ DEBUG8 "MyRemoveOverlay"] 		-------------------------------------------------------
[ DEBUG8 "MyRemoveOverlay"] 		Processing PFO at index 87
[ DEBUG5 "MyRemoveOverlay"] ------------------ ReconstructedParticle -----------------------------
[ DEBUG5 "MyRemoveOverlay"] Id                                                             0x17888
[ DEBUG5 "MyRemoveOverlay"] Compound                                                             0
[ DEBUG5 "MyRemoveOverlay"] Type                                                              2112
[ DEBUG5 "MyRemoveOverlay"] Momentum (x,y,z)                       -5.27e-02, +2.30e-01, +2.97e+00
[ DEBUG5 "MyRemoveOverlay"] Mass [GeV]                                                    9.40e-01
[ DEBUG5 "MyRemoveOverlay"] Charge [e]                                                    0.00e+00
[ DEBUG5 "MyRemoveOverlay"] Energy [GeV]                                                  2.98e+00
[ DEBUG5 "MyRemoveOverlay"] ReferencePoint                         -4.43e+01, +1.94e+02, +2.50e+03
[ DEBUG5 "MyRemoveOverlay"] ParticleIDUsed                                                       0
[ DEBUG5 "MyRemoveOverlay"] GoodnessOfPID                                                 0.00e+00
[ DEBUG5 "MyRemoveOverlay"] Covariance p,E:  6.55e-04, -1.21e-03, 7.90e-03, -2.10e-02, 9.15e-02, 
[ DEBUG5 "MyRemoveOverlay"]                  1.18e+00, -2.00e-02, 8.76e-02, 1.13e+00, 1.08e+00
[ DEBUG5 "MyRemoveOverlay"] Particles id:    
[ DEBUG5 "MyRemoveOverlay"] Tracks id:    
[ DEBUG5 "MyRemoveOverlay"] Clusters id:  [00017352]
[ DEBUG5 "MyRemoveOverlay"] Particle ids ( [id], PDG, (type)): 
[ DEBUG5 "MyRemoveOverlay"] 
[ DEBUG5 "MyRemoveOverlay"] 
[ DEBUG0 "MyRemoveOverlay"] 	MCParticle at index: 1 has PDG: 321 and MCParticle to Cluster link weight is 9.72e-01
[ DEBUG0 "MyRemoveOverlay"] 	MCParticle at index: 1 with PDG code: 321 has highest link weight to input cluster
[ DEBUG6 "MyRemoveOverlay"] 		Cluster is not linked to a MCParticle
[ DEBUG7 "MyRemoveOverlay"] 		********** PFO AT INDEX 87 IS NOT OVERLAY **********
[ DEBUG8 "MyRemoveOverlay"] 
[ DEBUG8 "MyRemoveOverlay"] 		-------------------------------------------------------
[ DEBUG8 "MyRemoveOverlay"] 		Processing PFO at index 88
[ DEBUG5 "MyRemoveOverlay"] ------------------ ReconstructedParticle -----------------------------
[ DEBUG5 "MyRemoveOverlay"] Id                                                             0x17889
[ DEBUG5 "MyRemoveOverlay"] Compound                                                             0
[ DEBUG5 "MyRemoveOverlay"] Type                                                               -13
[ DEBUG5 "MyRemoveOverlay"] Momentum (x,y,z)                       -8.41e+00, +1.32e+01, +3.66e+00
[ DEBUG5 "MyRemoveOverlay"] Mass [GeV]                                                    1.06e-01
[ DEBUG5 "MyRemoveOverlay"] Charge [e]                                                    1.00e+00
[ DEBUG5 "MyRemoveOverlay"] Energy [GeV]                                                  1.61e+01
[ DEBUG5 "MyRemoveOverlay"] ReferencePoint                         -8.59e+00, +1.35e+01, +3.62e+00
[ DEBUG5 "MyRemoveOverlay"] ParticleIDUsed                                                       0
[ DEBUG5 "MyRemoveOverlay"] GoodnessOfPID                                                 0.00e+00
[ DEBUG5 "MyRemoveOverlay"] Covariance p,E:  5.49e-05, -8.54e-05, 1.36e-04, -2.36e-05, 3.74e-05, 
[ DEBUG5 "MyRemoveOverlay"]                  1.14e-05, -1.04e-04, 1.65e-04, 4.56e-05, 2.01e-04
[ DEBUG5 "MyRemoveOverlay"] Particles id:    
[ DEBUG5 "MyRemoveOverlay"] Tracks id:    [00016672]
[ DEBUG5 "MyRemoveOverlay"] Clusters id:  [00017353]
[ DEBUG5 "MyRemoveOverlay"] Particle ids ( [id], PDG, (type)): 
[ DEBUG5 "MyRemoveOverlay"]                  [00017890], 000211, (000000) 
[ DEBUG5 "MyRemoveOverlay"]                  [00017891], 000000, (000000) 
[ DEBUG5 "MyRemoveOverlay"]                  [00017892], 000000, (000000) 
[ DEBUG5 "MyRemoveOverlay"]                  [00017893], 000000, (000000) 
[ DEBUG5 "MyRemoveOverlay"]                  [00017894], 000000, (000000) 
[ DEBUG5 "MyRemoveOverlay"]                  [00017895], 000000, (000000) 
[ DEBUG5 "MyRemoveOverlay"]                  [00017896], 000013, (000000) 
[ DEBUG5 "MyRemoveOverlay"]                  [00017897], 000211, (000000) 
[ DEBUG5 "MyRemoveOverlay"]                  [00017898], 000013, (000000) 
[ DEBUG5 "MyRemoveOverlay"] 
[ DEBUG5 "MyRemoveOverlay"] 
[ DEBUG0 "MyRemoveOverlay"] 	MCParticle at index: 0 has PDG: -13 and MCParticle to Track link weight is 1.00e+00
[ DEBUG0 "MyRemoveOverlay"] 	MCParticle at index: 0 with PDG code: -13 has highest link weight to input track
[ DEBUG0 "MyRemoveOverlay"] 	Track at index: 0 has highest link weight to MCParticle = 1.00e+00
[ DEBUG0 "MyRemoveOverlay"] 	Track linked to MCParticle with highest weight
[ DEBUG6 "MyRemoveOverlay"] 		Found a linked MCParticle to track
[ DEBUG5 "MyRemoveOverlay"] ----------------------------- MCParticle -----------------------------
[ DEBUG5 "MyRemoveOverlay"] Id                                                               15964
[ DEBUG5 "MyRemoveOverlay"] PDG                                                                -13
[ DEBUG5 "MyRemoveOverlay"] Energy [GeV]                                                  1.61e+01
[ DEBUG5 "MyRemoveOverlay"] Momentum [GeV] (x,y,z)                      -8.40763, 13.2127, 3.65896
[ DEBUG5 "MyRemoveOverlay"] Momentum at Endpoint[GeV] (x,y,z)               -7.08324, 5.63659, 2.21995
[ DEBUG5 "MyRemoveOverlay"] GeneratorStatus                                                      1
[ DEBUG5 "MyRemoveOverlay"] Vertex [mm] (x,y,z)                                    0, 0, -0.121879
[ DEBUG5 "MyRemoveOverlay"] Endpoint [mm] (x,y,z)                         -10510.2, 15000, 4536.74
[ DEBUG5 "MyRemoveOverlay"] Mass [GeV]                                                    1.06e-01
[ DEBUG5 "MyRemoveOverlay"] Charge                                                        1.00e+00
[ DEBUG5 "MyRemoveOverlay"] Parents                                                              1
[ DEBUG5 "MyRemoveOverlay"] Daughters                                                            0
[ DEBUG5 "MyRemoveOverlay"] simulator status bits: [sbvtcls]  s: created in simulation b: backscatter v: vertex is not endpoint of parent t: decayed in tracker c: decayed in calorimeter l: has left detector s: stopped o: overlay
[ DEBUG5 "MyRemoveOverlay"] [     l  ]
[ DEBUG5 "MyRemoveOverlay"] 
[ DEBUG0 "MyRemoveOverlay"] 	MCParticle at index: 0 has PDG: -13 and MCParticle to Cluster link weight is 1.00e+00
[ DEBUG0 "MyRemoveOverlay"] 	MCParticle at index: 0 with PDG code: -13 has highest link weight to input cluster
[ DEBUG0 "MyRemoveOverlay"] 	Cluster at index: 0 has highest link weight to MCParticle = 9.93e-01
[ DEBUG0 "MyRemoveOverlay"] 	Cluster linked to MCParticle with highest weight
[ DEBUG6 "MyRemoveOverlay"] 		Found a linked MCParticle to cluster
[ DEBUG5 "MyRemoveOverlay"] ----------------------------- MCParticle -----------------------------
[ DEBUG5 "MyRemoveOverlay"] Id                                                               15964
[ DEBUG5 "MyRemoveOverlay"] PDG                                                                -13
[ DEBUG5 "MyRemoveOverlay"] Energy [GeV]                                                  1.61e+01
[ DEBUG5 "MyRemoveOverlay"] Momentum [GeV] (x,y,z)                      -8.40763, 13.2127, 3.65896
[ DEBUG5 "MyRemoveOverlay"] Momentum at Endpoint[GeV] (x,y,z)               -7.08324, 5.63659, 2.21995
[ DEBUG5 "MyRemoveOverlay"] GeneratorStatus                                                      1
[ DEBUG5 "MyRemoveOverlay"] Vertex [mm] (x,y,z)                                    0, 0, -0.121879
[ DEBUG5 "MyRemoveOverlay"] Endpoint [mm] (x,y,z)                         -10510.2, 15000, 4536.74
[ DEBUG5 "MyRemoveOverlay"] Mass [GeV]                                                    1.06e-01
[ DEBUG5 "MyRemoveOverlay"] Charge                                                        1.00e+00
[ DEBUG5 "MyRemoveOverlay"] Parents                                                              1
[ DEBUG5 "MyRemoveOverlay"] Daughters                                                            0
[ DEBUG5 "MyRemoveOverlay"] simulator status bits: [sbvtcls]  s: created in simulation b: backscatter v: vertex is not endpoint of parent t: decayed in tracker c: decayed in calorimeter l: has left detector s: stopped o: overlay
[ DEBUG5 "MyRemoveOverlay"] [     l  ]
[ DEBUG5 "MyRemoveOverlay"] 
[ DEBUG7 "MyRemoveOverlay"] 		********** PFO AT INDEX 88 IS NOT OVERLAY **********
[ DEBUG8 "MyRemoveOverlay"] 
[ DEBUG8 "MyRemoveOverlay"] 		-------------------------------------------------------
[ DEBUG8 "MyRemoveOverlay"] 		Processing PFO at index 89
[ DEBUG5 "MyRemoveOverlay"] ------------------ ReconstructedParticle -----------------------------
[ DEBUG5 "MyRemoveOverlay"] Id                                                             0x17899
[ DEBUG5 "MyRemoveOverlay"] Compound                                                             0
[ DEBUG5 "MyRemoveOverlay"] Type                                                                13
[ DEBUG5 "MyRemoveOverlay"] Momentum (x,y,z)                       -5.04e+00, +7.56e+00, +2.24e+00
[ DEBUG5 "MyRemoveOverlay"] Mass [GeV]                                                    1.06e-01
[ DEBUG5 "MyRemoveOverlay"] Charge [e]                                                   -1.00e+00
[ DEBUG5 "MyRemoveOverlay"] Energy [GeV]                                                  9.36e+00
[ DEBUG5 "MyRemoveOverlay"] ReferencePoint                         -8.87e+00, +1.33e+01, +3.81e+00
[ DEBUG5 "MyRemoveOverlay"] ParticleIDUsed                                                       0
[ DEBUG5 "MyRemoveOverlay"] GoodnessOfPID                                                 0.00e+00
[ DEBUG5 "MyRemoveOverlay"] Covariance p,E:  1.68e-05, -2.37e-05, 3.60e-05, -7.04e-06, 1.04e-05, 
[ DEBUG5 "MyRemoveOverlay"]                  3.94e-06, -2.99e-05, 4.43e-05, 1.32e-05, 5.51e-05
[ DEBUG5 "MyRemoveOverlay"] Particles id:    
[ DEBUG5 "MyRemoveOverlay"] Tracks id:    [00016727]
[ DEBUG5 "MyRemoveOverlay"] Clusters id:  [00017354]
[ DEBUG5 "MyRemoveOverlay"] Particle ids ( [id], PDG, (type)): 
[ DEBUG5 "MyRemoveOverlay"]                  [00017900], 000211, (000000) 
[ DEBUG5 "MyRemoveOverlay"]                  [00017901], 000000, (000000) 
[ DEBUG5 "MyRemoveOverlay"]                  [00017902], 000000, (000000) 
[ DEBUG5 "MyRemoveOverlay"]                  [00017903], 000000, (000000) 
[ DEBUG5 "MyRemoveOverlay"]                  [00017904], 000000, (000000) 
[ DEBUG5 "MyRemoveOverlay"]                  [00017905], 000000, (000000) 
[ DEBUG5 "MyRemoveOverlay"]                  [00017906], 000013, (000000) 
[ DEBUG5 "MyRemoveOverlay"]                  [00017907], 000211, (000000) 
[ DEBUG5 "MyRemoveOverlay"]                  [00017908], 000013, (000000) 
[ DEBUG5 "MyRemoveOverlay"] 
[ DEBUG5 "MyRemoveOverlay"] 
[ DEBUG0 "MyRemoveOverlay"] 	MCParticle at index: 0 has PDG: 13 and MCParticle to Track link weight is 1.00e+00
[ DEBUG0 "MyRemoveOverlay"] 	MCParticle at index: 0 with PDG code: 13 has highest link weight to input track
[ DEBUG0 "MyRemoveOverlay"] 	Track at index: 0 has highest link weight to MCParticle = 9.91e-01
[ DEBUG0 "MyRemoveOverlay"] 	Track linked to MCParticle with highest weight
[ DEBUG6 "MyRemoveOverlay"] 		Found a linked MCParticle to track
[ DEBUG5 "MyRemoveOverlay"] ----------------------------- MCParticle -----------------------------
[ DEBUG5 "MyRemoveOverlay"] Id                                                               15965
[ DEBUG5 "MyRemoveOverlay"] PDG                                                                 13
[ DEBUG5 "MyRemoveOverlay"] Energy [GeV]                                                  9.36e+00
[ DEBUG5 "MyRemoveOverlay"] Momentum [GeV] (x,y,z)                      -5.03401, 7.56196, 2.23619
[ DEBUG5 "MyRemoveOverlay"] Momentum at Endpoint[GeV] (x,y,z)                2.06486, 2.64672, 0.69838
[ DEBUG5 "MyRemoveOverlay"] GeneratorStatus                                                      1
[ DEBUG5 "MyRemoveOverlay"] Vertex [mm] (x,y,z)                                    0, 0, -0.121879
[ DEBUG5 "MyRemoveOverlay"] Endpoint [mm] (x,y,z)                          -5005.89, 15000, 4041.9
[ DEBUG5 "MyRemoveOverlay"] Mass [GeV]                                                    1.06e-01
[ DEBUG5 "MyRemoveOverlay"] Charge                                                       -1.00e+00
[ DEBUG5 "MyRemoveOverlay"] Parents                                                              1
[ DEBUG5 "MyRemoveOverlay"] Daughters                                                            0
[ DEBUG5 "MyRemoveOverlay"] simulator status bits: [sbvtcls]  s: created in simulation b: backscatter v: vertex is not endpoint of parent t: decayed in tracker c: decayed in calorimeter l: has left detector s: stopped o: overlay
[ DEBUG5 "MyRemoveOverlay"] [     l  ]
[ DEBUG5 "MyRemoveOverlay"] 
[ DEBUG0 "MyRemoveOverlay"] 	MCParticle at index: 0 has PDG: 13 and MCParticle to Cluster link weight is 1.00e+00
[ DEBUG0 "MyRemoveOverlay"] 	MCParticle at index: 0 with PDG code: 13 has highest link weight to input cluster
[ DEBUG0 "MyRemoveOverlay"] 	Cluster at index: 0 has highest link weight to MCParticle = 9.68e-01
[ DEBUG0 "MyRemoveOverlay"] 	Cluster linked to MCParticle with highest weight
[ DEBUG6 "MyRemoveOverlay"] 		Found a linked MCParticle to cluster
[ DEBUG5 "MyRemoveOverlay"] ----------------------------- MCParticle -----------------------------
[ DEBUG5 "MyRemoveOverlay"] Id                                                               15965
[ DEBUG5 "MyRemoveOverlay"] PDG                                                                 13
[ DEBUG5 "MyRemoveOverlay"] Energy [GeV]                                                  9.36e+00
[ DEBUG5 "MyRemoveOverlay"] Momentum [GeV] (x,y,z)                      -5.03401, 7.56196, 2.23619
[ DEBUG5 "MyRemoveOverlay"] Momentum at Endpoint[GeV] (x,y,z)                2.06486, 2.64672, 0.69838
[ DEBUG5 "MyRemoveOverlay"] GeneratorStatus                                                      1
[ DEBUG5 "MyRemoveOverlay"] Vertex [mm] (x,y,z)                                    0, 0, -0.121879
[ DEBUG5 "MyRemoveOverlay"] Endpoint [mm] (x,y,z)                          -5005.89, 15000, 4041.9
[ DEBUG5 "MyRemoveOverlay"] Mass [GeV]                                                    1.06e-01
[ DEBUG5 "MyRemoveOverlay"] Charge                                                       -1.00e+00
[ DEBUG5 "MyRemoveOverlay"] Parents                                                              1
[ DEBUG5 "MyRemoveOverlay"] Daughters                                                            0
[ DEBUG5 "MyRemoveOverlay"] simulator status bits: [sbvtcls]  s: created in simulation b: backscatter v: vertex is not endpoint of parent t: decayed in tracker c: decayed in calorimeter l: has left detector s: stopped o: overlay
[ DEBUG5 "MyRemoveOverlay"] [     l  ]
[ DEBUG5 "MyRemoveOverlay"] 
[ DEBUG7 "MyRemoveOverlay"] 		********** PFO AT INDEX 89 IS NOT OVERLAY **********
[ DEBUG9 "MyRemoveOverlay"] 	CHECK : processed event: 182406 (Number of inputPFOS: 90 , Number of outputPFOs: 75)
[ WARNING "mytruejet"]  processing event: 182407   in run:  500076
[ MESSAGE4 "mytruejet"]  =====================================
[ MESSAGE "MyChargedPFOCorrection"] 
[ MESSAGE "MyChargedPFOCorrection"] 	////////////////////////////////////////////////////////////////////////////
[ MESSAGE "MyChargedPFOCorrection"] 	////////////////////	Processing event 	182407	////////////////////
[ MESSAGE "MyChargedPFOCorrection"] 	////////////////////////////////////////////////////////////////////////////
[ MESSAGE "MyAddNeutralPFOCovMat"] 
[ MESSAGE "MyAddNeutralPFOCovMat"] 	////////////////////////////////////////////////////////////////////////////
[ MESSAGE "MyAddNeutralPFOCovMat"] 	////////////////////	Processing event 	182407	////////////////////
[ MESSAGE "MyAddNeutralPFOCovMat"] 	////////////////////////////////////////////////////////////////////////////
[ MESSAGE "MyRemoveOverlay"] 
[ MESSAGE "MyRemoveOverlay"] 		////////////////////////////////////////////////////////////////////////////
[ MESSAGE "MyRemoveOverlay"] 		////////////////////	Processing event 	182407	////////////////////
[ MESSAGE "MyRemoveOverlay"] 		////////////////////////////////////////////////////////////////////////////
[ DEBUG9 "MyRemoveOverlay"] 		Total Number of PFOs: 75
[ DEBUG8 "MyRemoveOverlay"] 
[ DEBUG8 "MyRemoveOverlay"] 		-------------------------------------------------------
[ DEBUG8 "MyRemoveOverlay"] 		Processing PFO at index 0
[ DEBUG5 "MyRemoveOverlay"] ------------------ ReconstructedParticle -----------------------------
[ DEBUG5 "MyRemoveOverlay"] Id                                                             0x21047
[ DEBUG5 "MyRemoveOverlay"] Compound                                                             0
[ DEBUG5 "MyRemoveOverlay"] Type                                                               211
[ DEBUG5 "MyRemoveOverlay"] Momentum (x,y,z)                       +2.40e-01, -6.21e-01, -9.35e-01
[ DEBUG5 "MyRemoveOverlay"] Mass [GeV]                                                    1.40e-01
[ DEBUG5 "MyRemoveOverlay"] Charge [e]                                                    1.00e+00
[ DEBUG5 "MyRemoveOverlay"] Energy [GeV]                                                  1.16e+00
[ DEBUG5 "MyRemoveOverlay"] ReferencePoint                         +5.76e+00, -1.56e+01, -2.32e+01
[ DEBUG5 "MyRemoveOverlay"] ParticleIDUsed                                                       0
[ DEBUG5 "MyRemoveOverlay"] GoodnessOfPID                                                 0.00e+00
[ DEBUG5 "MyRemoveOverlay"] Covariance p,E:  8.20e-07, -4.00e-08, 1.06e-06, -1.32e-07, 3.71e-07, 
[ DEBUG5 "MyRemoveOverlay"]                  1.33e-06, 2.99e-07, -8.78e-07, -1.30e-06, 1.58e-06
[ DEBUG5 "MyRemoveOverlay"] Particles id:    
[ DEBUG5 "MyRemoveOverlay"] Tracks id:    [00020195]
[ DEBUG5 "MyRemoveOverlay"] Clusters id:  [00020978]
[ DEBUG5 "MyRemoveOverlay"] Particle ids ( [id], PDG, (type)): 
[ DEBUG5 "MyRemoveOverlay"]                  [00021048], 000211, (000000) 
[ DEBUG5 "MyRemoveOverlay"]                  [00021049], 000000, (000000) 
[ DEBUG5 "MyRemoveOverlay"]                  [00021050], 000000, (000000) 
[ DEBUG5 "MyRemoveOverlay"]                  [00021051], 000000, (000000) 
[ DEBUG5 "MyRemoveOverlay"]                  [00021052], 000000, (000000) 
[ DEBUG5 "MyRemoveOverlay"]                  [00021053], 000000, (000000) 
[ DEBUG5 "MyRemoveOverlay"]                  [00021054], 000013, (000000) 
[ DEBUG5 "MyRemoveOverlay"]                  [00021055], 000011, (000000) 
[ DEBUG5 "MyRemoveOverlay"]                  [00021056], 000211, (000000) 
[ DEBUG5 "MyRemoveOverlay"] 
[ DEBUG5 "MyRemoveOverlay"] 
[ DEBUG0 "MyRemoveOverlay"] 	MCParticle at index: 0 has PDG: 211 and MCParticle to Track link weight is 1.00e+00
[ DEBUG0 "MyRemoveOverlay"] 	MCParticle at index: 0 with PDG code: 211 has highest link weight to input track
[ DEBUG0 "MyRemoveOverlay"] 	Track at index: 0 has highest link weight to MCParticle = 9.80e-01
[ DEBUG0 "MyRemoveOverlay"] 	Track linked to MCParticle with highest weight
[ DEBUG6 "MyRemoveOverlay"] 		Found a linked MCParticle to track
[ DEBUG5 "MyRemoveOverlay"] ----------------------------- MCParticle -----------------------------
[ DEBUG5 "MyRemoveOverlay"] Id                                                               19486
[ DEBUG5 "MyRemoveOverlay"] PDG                                                                211
[ DEBUG5 "MyRemoveOverlay"] Energy [GeV]                                                  1.16e+00
[ DEBUG5 "MyRemoveOverlay"] Momentum [GeV] (x,y,z)                   0.239127, -0.621205, -0.93383
[ DEBUG5 "MyRemoveOverlay"] Momentum at Endpoint[GeV] (x,y,z)                                -0, 0, -0
[ DEBUG5 "MyRemoveOverlay"] GeneratorStatus                                                      1
[ DEBUG5 "MyRemoveOverlay"] Vertex [mm] (x,y,z)              7.0341e-309, -7.04964e-309, 0.0888168
[ DEBUG5 "MyRemoveOverlay"] Endpoint [mm] (x,y,z)                     -1050.13, -664.782, -2438.51
[ DEBUG5 "MyRemoveOverlay"] Mass [GeV]                                                    1.40e-01
[ DEBUG5 "MyRemoveOverlay"] Charge                                                        1.00e+00
[ DEBUG5 "MyRemoveOverlay"] Parents                                                              1
[ DEBUG5 "MyRemoveOverlay"] Daughters                                                            0
[ DEBUG5 "MyRemoveOverlay"] simulator status bits: [sbvtcls]  s: created in simulation b: backscatter v: vertex is not endpoint of parent t: decayed in tracker c: decayed in calorimeter l: has left detector s: stopped o: overlay
[ DEBUG5 "MyRemoveOverlay"] [    c s ]
[ DEBUG5 "MyRemoveOverlay"] 
[ DEBUG0 "MyRemoveOverlay"] 	MCParticle at index: 0 has PDG: 211 and MCParticle to Cluster link weight is 1.00e+00
[ DEBUG0 "MyRemoveOverlay"] 	MCParticle at index: 0 with PDG code: 211 has highest link weight to input cluster
[ DEBUG6 "MyRemoveOverlay"] 		Cluster is not linked to a MCParticle
[ DEBUG7 "MyRemoveOverlay"] 		********** PFO AT INDEX 0 IS NOT OVERLAY **********
[ DEBUG8 "MyRemoveOverlay"] 
[ DEBUG8 "MyRemoveOverlay"] 		-------------------------------------------------------
[ DEBUG8 "MyRemoveOverlay"] 		Processing PFO at index 1
[ DEBUG5 "MyRemoveOverlay"] ------------------ ReconstructedParticle -----------------------------
[ DEBUG5 "MyRemoveOverlay"] Id                                                             0x21057
[ DEBUG5 "MyRemoveOverlay"] Compound                                                             0
[ DEBUG5 "MyRemoveOverlay"] Type                                                               211
[ DEBUG5 "MyRemoveOverlay"] Momentum (x,y,z)                       -3.01e-01, -5.69e-01, -2.32e+00
[ DEBUG5 "MyRemoveOverlay"] Mass [GeV]                                                    1.40e-01
[ DEBUG5 "MyRemoveOverlay"] Charge [e]                                                    1.00e+00
[ DEBUG5 "MyRemoveOverlay"] Energy [GeV]                                                  2.41e+00
[ DEBUG5 "MyRemoveOverlay"] ReferencePoint                         -3.02e+01, -5.21e+01, -2.18e+02
[ DEBUG5 "MyRemoveOverlay"] ParticleIDUsed                                                       0
[ DEBUG5 "MyRemoveOverlay"] GoodnessOfPID                                                 0.00e+00
[ DEBUG5 "MyRemoveOverlay"] Covariance p,E:  1.31e-05, 7.28e-06, 1.73e-05, 3.10e-05, 4.35e-05, 
[ DEBUG5 "MyRemoveOverlay"]                  1.99e-04, -3.32e-05, -4.68e-05, -2.05e-04, 2.13e-04
[ DEBUG5 "MyRemoveOverlay"] Particles id:    
[ DEBUG5 "MyRemoveOverlay"] Tracks id:    [00020220]
[ DEBUG5 "MyRemoveOverlay"] Clusters id:  [00020979]
[ DEBUG5 "MyRemoveOverlay"] Particle ids ( [id], PDG, (type)): 
[ DEBUG5 "MyRemoveOverlay"]                  [00021058], 000211, (000000) 
[ DEBUG5 "MyRemoveOverlay"]                  [00021059], 000000, (000000) 
[ DEBUG5 "MyRemoveOverlay"]                  [00021060], 000000, (000000) 
[ DEBUG5 "MyRemoveOverlay"]                  [00021061], 000000, (000000) 
[ DEBUG5 "MyRemoveOverlay"]                  [00021062], 000000, (000000) 
[ DEBUG5 "MyRemoveOverlay"]                  [00021063], 000000, (000000) 
[ DEBUG5 "MyRemoveOverlay"]                  [00021064], 000211, (000000) 
[ DEBUG5 "MyRemoveOverlay"]                  [00021065], 000011, (000000) 
[ DEBUG5 "MyRemoveOverlay"]                  [00021066], 000211, (000000) 
[ DEBUG5 "MyRemoveOverlay"] 
[ DEBUG5 "MyRemoveOverlay"] 
[ DEBUG0 "MyRemoveOverlay"] 	MCParticle at index: 0 has PDG: 211 and MCParticle to Track link weight is 1.00e+00
[ DEBUG0 "MyRemoveOverlay"] 	MCParticle at index: 0 with PDG code: 211 has highest link weight to input track
[ DEBUG6 "MyRemoveOverlay"] 		Track is not linked to a MCParticle
[ DEBUG0 "MyRemoveOverlay"] 	MCParticle at index: 1 has PDG: 211 and MCParticle to Cluster link weight is 9.36e-01
[ DEBUG0 "MyRemoveOverlay"] 	MCParticle at index: 1 with PDG code: 211 has highest link weight to input cluster
[ DEBUG6 "MyRemoveOverlay"] 		Cluster is not linked to a MCParticle
[ DEBUG7 "MyRemoveOverlay"] 		********** PFO AT INDEX 1 IS NOT OVERLAY **********
[ DEBUG8 "MyRemoveOverlay"] 
[ DEBUG8 "MyRemoveOverlay"] 		-------------------------------------------------------
[ DEBUG8 "MyRemoveOverlay"] 		Processing PFO at index 2
[ DEBUG5 "MyRemoveOverlay"] ------------------ ReconstructedParticle -----------------------------
[ DEBUG5 "MyRemoveOverlay"] Id                                                             0x21067
[ DEBUG5 "MyRemoveOverlay"] Compound                                                             0
[ DEBUG5 "MyRemoveOverlay"] Type                                                               211
[ DEBUG5 "MyRemoveOverlay"] Momentum (x,y,z)                       +6.40e-02, -9.96e-02, -4.79e-01
[ DEBUG5 "MyRemoveOverlay"] Mass [GeV]                                                    1.06e-01
[ DEBUG5 "MyRemoveOverlay"] Charge [e]                                                    1.00e+00
[ DEBUG5 "MyRemoveOverlay"] Energy [GeV]                                                  5.05e-01
[ DEBUG5 "MyRemoveOverlay"] ReferencePoint                         -9.44e+01, -8.70e+01, -2.10e+02
[ DEBUG5 "MyRemoveOverlay"] ParticleIDUsed                                                       0
[ DEBUG5 "MyRemoveOverlay"] GoodnessOfPID                                                 0.00e+00
[ DEBUG5 "MyRemoveOverlay"] Covariance p,E:  6.81e-06, 1.06e-05, 1.97e-05, 1.94e-05, 3.44e-05, 
[ DEBUG5 "MyRemoveOverlay"]                  6.34e-05, -2.27e-05, -4.04e-05, -7.35e-05, 8.53e-05
[ DEBUG5 "MyRemoveOverlay"] Particles id:    
[ DEBUG5 "MyRemoveOverlay"] Tracks id:    [00020400], [00020360]
[ DEBUG5 "MyRemoveOverlay"] Clusters id:  [00020980]
[ DEBUG5 "MyRemoveOverlay"] Particle ids ( [id], PDG, (type)): 
[ DEBUG5 "MyRemoveOverlay"]                  [00021068], 000013, (000000) 
[ DEBUG5 "MyRemoveOverlay"]                  [00021069], 000011, (000000) 
[ DEBUG5 "MyRemoveOverlay"]                  [00021070], 000011, (000000) 
[ DEBUG5 "MyRemoveOverlay"]                  [00021071], 000011, (000000) 
[ DEBUG5 "MyRemoveOverlay"]                  [00021072], 000011, (000000) 
[ DEBUG5 "MyRemoveOverlay"] 
[ DEBUG5 "MyRemoveOverlay"] 
[ DEBUG6 "MyRemoveOverlay"] 		Track is not linked to a MCParticle
[ DEBUG0 "MyRemoveOverlay"] 	MCParticle at index: 0 has PDG: 211 and MCParticle to Track link weight is 9.60e-01
[ DEBUG0 "MyRemoveOverlay"] 	MCParticle at index: 0 with PDG code: 211 has highest link weight to input track
[ DEBUG6 "MyRemoveOverlay"] 		Track is not linked to a MCParticle
[ DEBUG6 "MyRemoveOverlay"] 		Cluster is not linked to a MCParticle
[ DEBUG7 "MyRemoveOverlay"] 		********** PFO AT INDEX 2 IS NOT OVERLAY **********
[ DEBUG8 "MyRemoveOverlay"] 
[ DEBUG8 "MyRemoveOverlay"] 		-------------------------------------------------------
[ DEBUG8 "MyRemoveOverlay"] 		Processing PFO at index 3
[ DEBUG5 "MyRemoveOverlay"] ------------------ ReconstructedParticle -----------------------------
[ DEBUG5 "MyRemoveOverlay"] Id                                                             0x21073
[ DEBUG5 "MyRemoveOverlay"] Compound                                                             0
[ DEBUG5 "MyRemoveOverlay"] Type                                                               211
[ DEBUG5 "MyRemoveOverlay"] Momentum (x,y,z)                       -4.36e-01, -1.64e+00, -4.81e+00
[ DEBUG5 "MyRemoveOverlay"] Mass [GeV]                                                    1.40e-01
[ DEBUG5 "MyRemoveOverlay"] Charge [e]                                                    1.00e+00
[ DEBUG5 "MyRemoveOverlay"] Energy [GeV]                                                  5.10e+00
[ DEBUG5 "MyRemoveOverlay"] ReferencePoint                         -4.34e+00, -1.60e+01, -4.67e+01
[ DEBUG5 "MyRemoveOverlay"] ParticleIDUsed                                                       0
[ DEBUG5 "MyRemoveOverlay"] GoodnessOfPID                                                 0.00e+00
[ DEBUG5 "MyRemoveOverlay"] Covariance p,E:  4.90e-06, 1.16e-05, 4.23e-05, 3.42e-05, 1.20e-04, 
[ DEBUG5 "MyRemoveOverlay"]                  3.55e-04, -3.64e-05, -1.28e-04, -3.76e-04, 3.99e-04
[ DEBUG5 "MyRemoveOverlay"] Particles id:    
[ DEBUG5 "MyRemoveOverlay"] Tracks id:    [00020180]
[ DEBUG5 "MyRemoveOverlay"] Clusters id:  [00020981]
[ DEBUG5 "MyRemoveOverlay"] Particle ids ( [id], PDG, (type)): 
[ DEBUG5 "MyRemoveOverlay"]                  [00021074], 000211, (000000) 
[ DEBUG5 "MyRemoveOverlay"]                  [00021075], 000000, (000000) 
[ DEBUG5 "MyRemoveOverlay"]                  [00021076], 000000, (000000) 
[ DEBUG5 "MyRemoveOverlay"]                  [00021077], 000000, (000000) 
[ DEBUG5 "MyRemoveOverlay"]                  [00021078], 000000, (000000) 
[ DEBUG5 "MyRemoveOverlay"]                  [00021079], 000000, (000000) 
[ DEBUG5 "MyRemoveOverlay"]                  [00021080], 000211, (000000) 
[ DEBUG5 "MyRemoveOverlay"]                  [00021081], 000211, (000000) 
[ DEBUG5 "MyRemoveOverlay"]                  [00021082], 000211, (000000) 
[ DEBUG5 "MyRemoveOverlay"] 
[ DEBUG5 "MyRemoveOverlay"] 
[ DEBUG0 "MyRemoveOverlay"] 	MCParticle at index: 0 has PDG: 211 and MCParticle to Track link weight is 1.00e+00
[ DEBUG0 "MyRemoveOverlay"] 	MCParticle at index: 0 with PDG code: 211 has highest link weight to input track
[ DEBUG6 "MyRemoveOverlay"] 		Track is not linked to a MCParticle
[ DEBUG6 "MyRemoveOverlay"] 		Cluster is not linked to a MCParticle
[ DEBUG7 "MyRemoveOverlay"] 		********** PFO AT INDEX 3 IS NOT OVERLAY **********
[ DEBUG8 "MyRemoveOverlay"] 
[ DEBUG8 "MyRemoveOverlay"] 		-------------------------------------------------------
[ DEBUG8 "MyRemoveOverlay"] 		Processing PFO at index 4
[ DEBUG5 "MyRemoveOverlay"] ------------------ ReconstructedParticle -----------------------------
[ DEBUG5 "MyRemoveOverlay"] Id                                                             0x21083
[ DEBUG5 "MyRemoveOverlay"] Compound                                                             0
[ DEBUG5 "MyRemoveOverlay"] Type                                                               -11
[ DEBUG5 "MyRemoveOverlay"] Momentum (x,y,z)                       -8.05e-01, -2.56e+00, -7.98e+00
[ DEBUG5 "MyRemoveOverlay"] Mass [GeV]                                                    5.11e-04
[ DEBUG5 "MyRemoveOverlay"] Charge [e]                                                    1.00e+00
[ DEBUG5 "MyRemoveOverlay"] Energy [GeV]                                                  8.42e+00
[ DEBUG5 "MyRemoveOverlay"] ReferencePoint                         -4.15e+01, -1.18e+02, -3.72e+02
[ DEBUG5 "MyRemoveOverlay"] ParticleIDUsed                                                       0
[ DEBUG5 "MyRemoveOverlay"] GoodnessOfPID                                                 0.00e+00
[ DEBUG5 "MyRemoveOverlay"] Covariance p,E:  2.62e-05, 5.52e-05, 1.46e-04, 1.74e-04, 4.47e-04, 
[ DEBUG5 "MyRemoveOverlay"]                  1.42e-03, -1.84e-04, -4.73e-04, -1.50e-03, 1.58e-03
[ DEBUG5 "MyRemoveOverlay"] Particles id:    
[ DEBUG5 "MyRemoveOverlay"] Tracks id:    [00020305]
[ DEBUG5 "MyRemoveOverlay"] Clusters id:  [00020982]
[ DEBUG5 "MyRemoveOverlay"] Particle ids ( [id], PDG, (type)): 
[ DEBUG5 "MyRemoveOverlay"]                  [00021084], 000011, (000000) 
[ DEBUG5 "MyRemoveOverlay"]                  [00021085], 000000, (000000) 
[ DEBUG5 "MyRemoveOverlay"]                  [00021086], 000000, (000000) 
[ DEBUG5 "MyRemoveOverlay"]                  [00021087], 000000, (000000) 
[ DEBUG5 "MyRemoveOverlay"]                  [00021088], 000000, (000000) 
[ DEBUG5 "MyRemoveOverlay"]                  [00021089], 000000, (000000) 
[ DEBUG5 "MyRemoveOverlay"]                  [00021090], 000011, (000000) 
[ DEBUG5 "MyRemoveOverlay"]                  [00021091], 000011, (000000) 
[ DEBUG5 "MyRemoveOverlay"]                  [00021092], 000011, (000000) 
[ DEBUG5 "MyRemoveOverlay"] 
[ DEBUG5 "MyRemoveOverlay"] 
[ DEBUG0 "MyRemoveOverlay"] 	MCParticle at index: 0 has PDG: -11 and MCParticle to Track link weight is 1.00e+00
[ DEBUG0 "MyRemoveOverlay"] 	MCParticle at index: 0 with PDG code: -11 has highest link weight to input track
[ DEBUG0 "MyRemoveOverlay"] 	Track at index: 0 has highest link weight to MCParticle = 1.00e+00
[ DEBUG0 "MyRemoveOverlay"] 	Track linked to MCParticle with highest weight
[ DEBUG6 "MyRemoveOverlay"] 		Found a linked MCParticle to track
[ DEBUG5 "MyRemoveOverlay"] ----------------------------- MCParticle -----------------------------
[ DEBUG5 "MyRemoveOverlay"] Id                                                               19547
[ DEBUG5 "MyRemoveOverlay"] PDG                                                                -11
[ DEBUG5 "MyRemoveOverlay"] Energy [GeV]                                                  8.41e+00
[ DEBUG5 "MyRemoveOverlay"] Momentum [GeV] (x,y,z)                     -0.878332, -2.536, -7.97473
[ DEBUG5 "MyRemoveOverlay"] Momentum at Endpoint[GeV] (x,y,z)                                 -0, 0, 0
[ DEBUG5 "MyRemoveOverlay"] GeneratorStatus                                                      0
[ DEBUG5 "MyRemoveOverlay"] Vertex [mm] (x,y,z)                        -24.356, -70.3661, -221.136
[ DEBUG5 "MyRemoveOverlay"] Endpoint [mm] (x,y,z)                     -362.316, -733.547, -2450.88
[ DEBUG5 "MyRemoveOverlay"] Mass [GeV]                                                    5.11e-04
[ DEBUG5 "MyRemoveOverlay"] Charge                                                        1.00e+00
[ DEBUG5 "MyRemoveOverlay"] Parents                                                              1
[ DEBUG5 "MyRemoveOverlay"] Daughters                                                            0
[ DEBUG5 "MyRemoveOverlay"] simulator status bits: [sbvtcls]  s: created in simulation b: backscatter v: vertex is not endpoint of parent t: decayed in tracker c: decayed in calorimeter l: has left detector s: stopped o: overlay
[ DEBUG5 "MyRemoveOverlay"] [s   c s ]
[ DEBUG5 "MyRemoveOverlay"] 
[ DEBUG0 "MyRemoveOverlay"] 	MCParticle at index: 2 has PDG: -11 and MCParticle to Cluster link weight is 9.98e-01
[ DEBUG0 "MyRemoveOverlay"] 	MCParticle at index: 2 with PDG code: -11 has highest link weight to input cluster
[ DEBUG0 "MyRemoveOverlay"] 	Cluster at index: 1 has highest link weight to MCParticle = 9.56e-01
[ DEBUG0 "MyRemoveOverlay"] 	Cluster linked to MCParticle with highest weight
[ DEBUG6 "MyRemoveOverlay"] 		Found a linked MCParticle to cluster
[ DEBUG5 "MyRemoveOverlay"] ----------------------------- MCParticle -----------------------------
[ DEBUG5 "MyRemoveOverlay"] Id                                                               19547
[ DEBUG5 "MyRemoveOverlay"] PDG                                                                -11
[ DEBUG5 "MyRemoveOverlay"] Energy [GeV]                                                  8.41e+00
[ DEBUG5 "MyRemoveOverlay"] Momentum [GeV] (x,y,z)                     -0.878332, -2.536, -7.97473
[ DEBUG5 "MyRemoveOverlay"] Momentum at Endpoint[GeV] (x,y,z)                                 -0, 0, 0
[ DEBUG5 "MyRemoveOverlay"] GeneratorStatus                                                      0
[ DEBUG5 "MyRemoveOverlay"] Vertex [mm] (x,y,z)                        -24.356, -70.3661, -221.136
[ DEBUG5 "MyRemoveOverlay"] Endpoint [mm] (x,y,z)                     -362.316, -733.547, -2450.88
[ DEBUG5 "MyRemoveOverlay"] Mass [GeV]                                                    5.11e-04
[ DEBUG5 "MyRemoveOverlay"] Charge                                                        1.00e+00
[ DEBUG5 "MyRemoveOverlay"] Parents                                                              1
[ DEBUG5 "MyRemoveOverlay"] Daughters                                                            0
[ DEBUG5 "MyRemoveOverlay"] simulator status bits: [sbvtcls]  s: created in simulation b: backscatter v: vertex is not endpoint of parent t: decayed in tracker c: decayed in calorimeter l: has left detector s: stopped o: overlay
[ DEBUG5 "MyRemoveOverlay"] [s   c s ]
[ DEBUG5 "MyRemoveOverlay"] 
[ DEBUG7 "MyRemoveOverlay"] 		********** PFO AT INDEX 4 IS NOT OVERLAY **********
[ DEBUG8 "MyRemoveOverlay"] 
[ DEBUG8 "MyRemoveOverlay"] 		-------------------------------------------------------
[ DEBUG8 "MyRemoveOverlay"] 		Processing PFO at index 5
[ DEBUG5 "MyRemoveOverlay"] ------------------ ReconstructedParticle -----------------------------
[ DEBUG5 "MyRemoveOverlay"] Id                                                             0x21093
[ DEBUG5 "MyRemoveOverlay"] Compound                                                             0
[ DEBUG5 "MyRemoveOverlay"] Type                                                              2212
[ DEBUG5 "MyRemoveOverlay"] Momentum (x,y,z)                       -8.60e-01, -2.32e+00, -8.17e+00
[ DEBUG5 "MyRemoveOverlay"] Mass [GeV]                                                    9.38e-01
[ DEBUG5 "MyRemoveOverlay"] Charge [e]                                                    1.00e+00
[ DEBUG5 "MyRemoveOverlay"] Energy [GeV]                                                  8.59e+00
[ DEBUG5 "MyRemoveOverlay"] ReferencePoint                         -6.01e+00, -1.60e+01, -5.63e+01
[ DEBUG5 "MyRemoveOverlay"] ParticleIDUsed                                                       0
[ DEBUG5 "MyRemoveOverlay"] GoodnessOfPID                                                 0.00e+00
[ DEBUG5 "MyRemoveOverlay"] Covariance p,E:  2.21e-05, 5.03e-05, 1.35e-04, 1.78e-04, 4.67e-04, 
[ DEBUG5 "MyRemoveOverlay"]                  1.65e-03, -1.85e-04, -4.86e-04, -1.72e-03, 1.78e-03
[ DEBUG5 "MyRemoveOverlay"] Particles id:    
[ DEBUG5 "MyRemoveOverlay"] Tracks id:    [00020265]
[ DEBUG5 "MyRemoveOverlay"] Clusters id:  [00020983]
[ DEBUG5 "MyRemoveOverlay"] Particle ids ( [id], PDG, (type)): 
[ DEBUG5 "MyRemoveOverlay"]                  [00021094], 002212, (000000) 
[ DEBUG5 "MyRemoveOverlay"]                  [00021095], 000000, (000000) 
[ DEBUG5 "MyRemoveOverlay"]                  [00021096], 000000, (000000) 
[ DEBUG5 "MyRemoveOverlay"]                  [00021097], 000000, (000000) 
[ DEBUG5 "MyRemoveOverlay"]                  [00021098], 000000, (000000) 
[ DEBUG5 "MyRemoveOverlay"]                  [00021099], 000000, (000000) 
[ DEBUG5 "MyRemoveOverlay"]                  [00021100], 000211, (000000) 
[ DEBUG5 "MyRemoveOverlay"]                  [00021101], 002212, (000000) 
[ DEBUG5 "MyRemoveOverlay"]                  [00021102], 000011, (000000) 
[ DEBUG5 "MyRemoveOverlay"] 
[ DEBUG5 "MyRemoveOverlay"] 
[ DEBUG0 "MyRemoveOverlay"] 	MCParticle at index: 0 has PDG: 2212 and MCParticle to Track link weight is 1.00e+00
[ DEBUG0 "MyRemoveOverlay"] 	MCParticle at index: 0 with PDG code: 2212 has highest link weight to input track
[ DEBUG0 "MyRemoveOverlay"] 	Track at index: 0 has highest link weight to MCParticle = 9.66e-01
[ DEBUG0 "MyRemoveOverlay"] 	Track linked to MCParticle with highest weight
[ DEBUG6 "MyRemoveOverlay"] 		Found a linked MCParticle to track
[ DEBUG5 "MyRemoveOverlay"] ----------------------------- MCParticle -----------------------------
[ DEBUG5 "MyRemoveOverlay"] Id                                                               19442
[ DEBUG5 "MyRemoveOverlay"] PDG                                                               2212
[ DEBUG5 "MyRemoveOverlay"] Energy [GeV]                                                  8.48e+00
[ DEBUG5 "MyRemoveOverlay"] Momentum [GeV] (x,y,z)                   -0.850712, -2.28795, -8.07021
[ DEBUG5 "MyRemoveOverlay"] Momentum at Endpoint[GeV] (x,y,z)                               -0, -0, -0
[ DEBUG5 "MyRemoveOverlay"] GeneratorStatus                                                      1
[ DEBUG5 "MyRemoveOverlay"] Vertex [mm] (x,y,z)                                    0, 0, 0.0888168
[ DEBUG5 "MyRemoveOverlay"] Endpoint [mm] (x,y,z)                     -362.092, -642.411, -2450.18
[ DEBUG5 "MyRemoveOverlay"] Mass [GeV]                                                    9.38e-01
[ DEBUG5 "MyRemoveOverlay"] Charge                                                        1.00e+00
[ DEBUG5 "MyRemoveOverlay"] Parents                                                              1
[ DEBUG5 "MyRemoveOverlay"] Daughters                                                            0
[ DEBUG5 "MyRemoveOverlay"] simulator status bits: [sbvtcls]  s: created in simulation b: backscatter v: vertex is not endpoint of parent t: decayed in tracker c: decayed in calorimeter l: has left detector s: stopped o: overlay
[ DEBUG5 "MyRemoveOverlay"] [    c s ]
[ DEBUG5 "MyRemoveOverlay"] 
[ DEBUG6 "MyRemoveOverlay"] 		Cluster is not linked to a MCParticle
[ DEBUG7 "MyRemoveOverlay"] 		********** PFO AT INDEX 5 IS NOT OVERLAY **********
[ DEBUG8 "MyRemoveOverlay"] 
[ DEBUG8 "MyRemoveOverlay"] 		-------------------------------------------------------
[ DEBUG8 "MyRemoveOverlay"] 		Processing PFO at index 6
[ DEBUG5 "MyRemoveOverlay"] ------------------ ReconstructedParticle -----------------------------
[ DEBUG5 "MyRemoveOverlay"] Id                                                             0x21103
[ DEBUG5 "MyRemoveOverlay"] Compound                                                             0
[ DEBUG5 "MyRemoveOverlay"] Type                                                              2212
[ DEBUG5 "MyRemoveOverlay"] Momentum (x,y,z)                       -1.38e+00, -4.47e+00, -1.57e+01
[ DEBUG5 "MyRemoveOverlay"] Mass [GeV]                                                    9.38e-01
[ DEBUG5 "MyRemoveOverlay"] Charge [e]                                                    1.00e+00
[ DEBUG5 "MyRemoveOverlay"] Energy [GeV]                                                  1.64e+01
[ DEBUG5 "MyRemoveOverlay"] ReferencePoint                         -2.00e+01, -6.28e+01, -2.21e+02
[ DEBUG5 "MyRemoveOverlay"] ParticleIDUsed                                                       0
[ DEBUG5 "MyRemoveOverlay"] GoodnessOfPID                                                 0.00e+00
[ DEBUG5 "MyRemoveOverlay"] Covariance p,E:  7.66e-05, 2.09e-04, 6.28e-04, 7.39e-04, 2.20e-03, 
[ DEBUG5 "MyRemoveOverlay"]                  7.78e-03, -7.70e-04, -2.29e-03, -8.11e-03, 8.45e-03
[ DEBUG5 "MyRemoveOverlay"] Particles id:    
[ DEBUG5 "MyRemoveOverlay"] Tracks id:    [00020240]
[ DEBUG5 "MyRemoveOverlay"] Clusters id:  [00020984]
[ DEBUG5 "MyRemoveOverlay"] Particle ids ( [id], PDG, (type)): 
[ DEBUG5 "MyRemoveOverlay"]                  [00021104], 002212, (000000) 
[ DEBUG5 "MyRemoveOverlay"]                  [00021105], 000000, (000000) 
[ DEBUG5 "MyRemoveOverlay"]                  [00021106], 000000, (000000) 
[ DEBUG5 "MyRemoveOverlay"]                  [00021107], 000000, (000000) 
[ DEBUG5 "MyRemoveOverlay"]                  [00021108], 000000, (000000) 
[ DEBUG5 "MyRemoveOverlay"]                  [00021109], 000000, (000000) 
[ DEBUG5 "MyRemoveOverlay"]                  [00021110], 000011, (000000) 
[ DEBUG5 "MyRemoveOverlay"]                  [00021111], 002212, (000000) 
[ DEBUG5 "MyRemoveOverlay"]                  [00021112], 000011, (000000) 
[ DEBUG5 "MyRemoveOverlay"] 
[ DEBUG5 "MyRemoveOverlay"] 
[ DEBUG0 "MyRemoveOverlay"] 	MCParticle at index: 0 has PDG: 2212 and MCParticle to Track link weight is 1.00e+00
[ DEBUG0 "MyRemoveOverlay"] 	MCParticle at index: 0 with PDG code: 2212 has highest link weight to input track
[ DEBUG0 "MyRemoveOverlay"] 	Track at index: 0 has highest link weight to MCParticle = 9.14e-01
[ DEBUG0 "MyRemoveOverlay"] 	Track linked to MCParticle with highest weight
[ DEBUG6 "MyRemoveOverlay"] 		Found a linked MCParticle to track
[ DEBUG5 "MyRemoveOverlay"] ----------------------------- MCParticle -----------------------------
[ DEBUG5 "MyRemoveOverlay"] Id                                                               19436
[ DEBUG5 "MyRemoveOverlay"] PDG                                                               2212
[ DEBUG5 "MyRemoveOverlay"] Energy [GeV]                                                  1.66e+01
[ DEBUG5 "MyRemoveOverlay"] Momentum [GeV] (x,y,z)                     -1.3987, -4.51323, -15.8431
[ DEBUG5 "MyRemoveOverlay"] Momentum at Endpoint[GeV] (x,y,z)                               -0, -0, -0
[ DEBUG5 "MyRemoveOverlay"] GeneratorStatus                                                      1
[ DEBUG5 "MyRemoveOverlay"] Vertex [mm] (x,y,z)                                    0, 0, 0.0888168
[ DEBUG5 "MyRemoveOverlay"] Endpoint [mm] (x,y,z)                     -270.774, -674.478, -2438.07
[ DEBUG5 "MyRemoveOverlay"] Mass [GeV]                                                    9.38e-01
[ DEBUG5 "MyRemoveOverlay"] Charge                                                        1.00e+00
[ DEBUG5 "MyRemoveOverlay"] Parents                                                              1
[ DEBUG5 "MyRemoveOverlay"] Daughters                                                            2
[ DEBUG5 "MyRemoveOverlay"] simulator status bits: [sbvtcls]  s: created in simulation b: backscatter v: vertex is not endpoint of parent t: decayed in tracker c: decayed in calorimeter l: has left detector s: stopped o: overlay
[ DEBUG5 "MyRemoveOverlay"] [    c s ]
[ DEBUG5 "MyRemoveOverlay"] 
[ DEBUG6 "MyRemoveOverlay"] 		Cluster is not linked to a MCParticle
[ DEBUG7 "MyRemoveOverlay"] 		********** PFO AT INDEX 6 IS NOT OVERLAY **********
[ DEBUG8 "MyRemoveOverlay"] 
[ DEBUG8 "MyRemoveOverlay"] 		-------------------------------------------------------
[ DEBUG8 "MyRemoveOverlay"] 		Processing PFO at index 7
[ DEBUG5 "MyRemoveOverlay"] ------------------ ReconstructedParticle -----------------------------
[ DEBUG5 "MyRemoveOverlay"] Id                                                             0x21113
[ DEBUG5 "MyRemoveOverlay"] Compound                                                             0
[ DEBUG5 "MyRemoveOverlay"] Type                                                              -211
[ DEBUG5 "MyRemoveOverlay"] Momentum (x,y,z)                       +3.52e-01, -4.05e-02, -1.36e-02
[ DEBUG5 "MyRemoveOverlay"] Mass [GeV]                                                    1.40e-01
[ DEBUG5 "MyRemoveOverlay"] Charge [e]                                                   -1.00e+00
[ DEBUG5 "MyRemoveOverlay"] Energy [GeV]                                                  3.81e-01
[ DEBUG5 "MyRemoveOverlay"] ReferencePoint                         +8.48e+01, +2.53e+01, -9.08e+00
[ DEBUG5 "MyRemoveOverlay"] ParticleIDUsed                                                       0
[ DEBUG5 "MyRemoveOverlay"] GoodnessOfPID                                                 0.00e+00
[ DEBUG5 "MyRemoveOverlay"] Covariance p,E:  1.94e-05, 2.80e-06, 8.99e-07, -2.00e-06, -2.93e-07, 
[ DEBUG5 "MyRemoveOverlay"]                  7.00e-07, 1.84e-05, 2.69e-06, -1.94e-06, 1.74e-05
[ DEBUG5 "MyRemoveOverlay"] Particles id:    
[ DEBUG5 "MyRemoveOverlay"] Tracks id:    [00020385], [00020330]
[ DEBUG5 "MyRemoveOverlay"] Clusters id:  [00020985]
[ DEBUG5 "MyRemoveOverlay"] Particle ids ( [id], PDG, (type)): 
[ DEBUG5 "MyRemoveOverlay"]                  [00021114], 000211, (000000) 
[ DEBUG5 "MyRemoveOverlay"]                  [00021115], 000011, (000000) 
[ DEBUG5 "MyRemoveOverlay"]                  [00021116], 000211, (000000) 
[ DEBUG5 "MyRemoveOverlay"]                  [00021117], 000211, (000000) 
[ DEBUG5 "MyRemoveOverlay"]                  [00021118], 000321, (000000) 
[ DEBUG5 "MyRemoveOverlay"] 
[ DEBUG5 "MyRemoveOverlay"] 
[ DEBUG0 "MyRemoveOverlay"] 	MCParticle at index: 0 has PDG: -211 and MCParticle to Track link weight is 1.00e+00
[ DEBUG0 "MyRemoveOverlay"] 	MCParticle at index: 0 with PDG code: -211 has highest link weight to input track
[ DEBUG6 "MyRemoveOverlay"] 		Track is not linked to a MCParticle
[ DEBUG0 "MyRemoveOverlay"] 	MCParticle at index: 0 has PDG: -211 and MCParticle to Track link weight is 1.00e+00
[ DEBUG0 "MyRemoveOverlay"] 	MCParticle at index: 0 with PDG code: -211 has highest link weight to input track
[ DEBUG6 "MyRemoveOverlay"] 		Track is not linked to a MCParticle
[ DEBUG6 "MyRemoveOverlay"] 		Cluster is not linked to a MCParticle
[ DEBUG7 "MyRemoveOverlay"] 		********** PFO AT INDEX 7 IS NOT OVERLAY **********
[ DEBUG8 "MyRemoveOverlay"] 
[ DEBUG8 "MyRemoveOverlay"] 		-------------------------------------------------------
[ DEBUG8 "MyRemoveOverlay"] 		Processing PFO at index 8
[ DEBUG5 "MyRemoveOverlay"] ------------------ ReconstructedParticle -----------------------------
[ DEBUG5 "MyRemoveOverlay"] Id                                                             0x21119
[ DEBUG5 "MyRemoveOverlay"] Compound                                                             0
[ DEBUG5 "MyRemoveOverlay"] Type                                                              -211
[ DEBUG5 "MyRemoveOverlay"] Momentum (x,y,z)                       -8.64e-01, -2.06e+00, -6.44e+00
[ DEBUG5 "MyRemoveOverlay"] Mass [GeV]                                                    1.40e-01
[ DEBUG5 "MyRemoveOverlay"] Charge [e]                                                   -1.00e+00
[ DEBUG5 "MyRemoveOverlay"] Energy [GeV]                                                  6.82e+00
[ DEBUG5 "MyRemoveOverlay"] ReferencePoint                         -6.61e+00, -1.60e+01, -4.97e+01
[ DEBUG5 "MyRemoveOverlay"] ParticleIDUsed                                                       0
[ DEBUG5 "MyRemoveOverlay"] GoodnessOfPID                                                 0.00e+00
[ DEBUG5 "MyRemoveOverlay"] Covariance p,E:  1.28e-05, 2.88e-05, 7.28e-05, 8.94e-05, 2.23e-04, 
[ DEBUG5 "MyRemoveOverlay"]                  6.93e-04, -9.48e-05, -2.36e-04, -7.33e-04, 7.75e-04
[ DEBUG5 "MyRemoveOverlay"] Particles id:    
[ DEBUG5 "MyRemoveOverlay"] Tracks id:    [00020155]
[ DEBUG5 "MyRemoveOverlay"] Clusters id:  [00020986]
[ DEBUG5 "MyRemoveOverlay"] Particle ids ( [id], PDG, (type)): 
[ DEBUG5 "MyRemoveOverlay"]                  [00021120], 000211, (000000) 
[ DEBUG5 "MyRemoveOverlay"]                  [00021121], 000000, (000000) 
[ DEBUG5 "MyRemoveOverlay"]                  [00021122], 000000, (000000) 
[ DEBUG5 "MyRemoveOverlay"]                  [00021123], 000000, (000000) 
[ DEBUG5 "MyRemoveOverlay"]                  [00021124], 000000, (000000) 
[ DEBUG5 "MyRemoveOverlay"]                  [00021125], 000000, (000000) 
[ DEBUG5 "MyRemoveOverlay"]                  [00021126], 000011, (000000) 
[ DEBUG5 "MyRemoveOverlay"]                  [00021127], 000011, (000000) 
[ DEBUG5 "MyRemoveOverlay"]                  [00021128], 000211, (000000) 
[ DEBUG5 "MyRemoveOverlay"] 
[ DEBUG5 "MyRemoveOverlay"] 
[ DEBUG0 "MyRemoveOverlay"] 	MCParticle at index: 0 has PDG: -211 and MCParticle to Track link weight is 1.00e+00
[ DEBUG0 "MyRemoveOverlay"] 	MCParticle at index: 0 with PDG code: -211 has highest link weight to input track
[ DEBUG0 "MyRemoveOverlay"] 	Track at index: 0 has highest link weight to MCParticle = 9.73e-01
[ DEBUG0 "MyRemoveOverlay"] 	Track linked to MCParticle with highest weight
[ DEBUG6 "MyRemoveOverlay"] 		Found a linked MCParticle to track
[ DEBUG5 "MyRemoveOverlay"] ----------------------------- MCParticle -----------------------------
[ DEBUG5 "MyRemoveOverlay"] Id                                                               19454
[ DEBUG5 "MyRemoveOverlay"] PDG                                                               -211
[ DEBUG5 "MyRemoveOverlay"] Energy [GeV]                                                  6.84e+00
[ DEBUG5 "MyRemoveOverlay"] Momentum [GeV] (x,y,z)                   -0.865049, -2.06802, -6.46343
[ DEBUG5 "MyRemoveOverlay"] Momentum at Endpoint[GeV] (x,y,z)                                0, -0, -0
[ DEBUG5 "MyRemoveOverlay"] GeneratorStatus                                                      1
[ DEBUG5 "MyRemoveOverlay"] Vertex [mm] (x,y,z)            -9.05664e-310, -2.36071e-309, 0.0888168
[ DEBUG5 "MyRemoveOverlay"] Endpoint [mm] (x,y,z)                     -164.529, -848.657, -2507.33
[ DEBUG5 "MyRemoveOverlay"] Mass [GeV]                                                    1.40e-01
[ DEBUG5 "MyRemoveOverlay"] Charge                                                       -1.00e+00
[ DEBUG5 "MyRemoveOverlay"] Parents                                                              1
[ DEBUG5 "MyRemoveOverlay"] Daughters                                                            0
[ DEBUG5 "MyRemoveOverlay"] simulator status bits: [sbvtcls]  s: created in simulation b: backscatter v: vertex is not endpoint of parent t: decayed in tracker c: decayed in calorimeter l: has left detector s: stopped o: overlay
[ DEBUG5 "MyRemoveOverlay"] [    c s ]
[ DEBUG5 "MyRemoveOverlay"] 
[ DEBUG6 "MyRemoveOverlay"] 		Cluster is not linked to a MCParticle
[ DEBUG7 "MyRemoveOverlay"] 		********** PFO AT INDEX 8 IS NOT OVERLAY **********
[ DEBUG8 "MyRemoveOverlay"] 
[ DEBUG8 "MyRemoveOverlay"] 		-------------------------------------------------------
[ DEBUG8 "MyRemoveOverlay"] 		Processing PFO at index 9
[ DEBUG5 "MyRemoveOverlay"] ------------------ ReconstructedParticle -----------------------------
[ DEBUG5 "MyRemoveOverlay"] Id                                                             0x21129
[ DEBUG5 "MyRemoveOverlay"] Compound                                                             0
[ DEBUG5 "MyRemoveOverlay"] Type                                                              -211
[ DEBUG5 "MyRemoveOverlay"] Momentum (x,y,z)                       -9.57e-01, -3.12e+00, -9.43e+00
[ DEBUG5 "MyRemoveOverlay"] Mass [GeV]                                                    1.40e-01
[ DEBUG5 "MyRemoveOverlay"] Charge [e]                                                   -1.00e+00
[ DEBUG5 "MyRemoveOverlay"] Energy [GeV]                                                  9.98e+00
[ DEBUG5 "MyRemoveOverlay"] ReferencePoint                         -4.84e+00, -1.60e+01, -4.81e+01
[ DEBUG5 "MyRemoveOverlay"] ParticleIDUsed                                                       0
[ DEBUG5 "MyRemoveOverlay"] GoodnessOfPID                                                 0.00e+00
[ DEBUG5 "MyRemoveOverlay"] Covariance p,E:  1.74e-05, 5.30e-05, 1.81e-04, 1.60e-04, 5.41e-04, 
[ DEBUG5 "MyRemoveOverlay"]                  1.63e-03, -1.69e-04, -5.73e-04, -1.73e-03, 1.83e-03
[ DEBUG5 "MyRemoveOverlay"] Particles id:    
[ DEBUG5 "MyRemoveOverlay"] Tracks id:    [00020215]
[ DEBUG5 "MyRemoveOverlay"] Clusters id:  [00020987]
[ DEBUG5 "MyRemoveOverlay"] Particle ids ( [id], PDG, (type)): 
[ DEBUG5 "MyRemoveOverlay"]                  [00021130], 000211, (000000) 
[ DEBUG5 "MyRemoveOverlay"]                  [00021131], 000000, (000000) 
[ DEBUG5 "MyRemoveOverlay"]                  [00021132], 000000, (000000) 
[ DEBUG5 "MyRemoveOverlay"]                  [00021133], 000000, (000000) 
[ DEBUG5 "MyRemoveOverlay"]                  [00021134], 000000, (000000) 
[ DEBUG5 "MyRemoveOverlay"]                  [00021135], 000000, (000000) 
[ DEBUG5 "MyRemoveOverlay"]                  [00021136], 000211, (000000) 
[ DEBUG5 "MyRemoveOverlay"]                  [00021137], 000211, (000000) 
[ DEBUG5 "MyRemoveOverlay"]                  [00021138], 000211, (000000) 
[ DEBUG5 "MyRemoveOverlay"] 
[ DEBUG5 "MyRemoveOverlay"] 
[ DEBUG0 "MyRemoveOverlay"] 	MCParticle at index: 0 has PDG: -211 and MCParticle to Track link weight is 1.00e+00
[ DEBUG0 "MyRemoveOverlay"] 	MCParticle at index: 0 with PDG code: -211 has highest link weight to input track
[ DEBUG0 "MyRemoveOverlay"] 	Track at index: 0 has highest link weight to MCParticle = 9.46e-01
[ DEBUG0 "MyRemoveOverlay"] 	Track linked to MCParticle with highest weight
[ DEBUG6 "MyRemoveOverlay"] 		Found a linked MCParticle to track
[ DEBUG5 "MyRemoveOverlay"] ----------------------------- MCParticle -----------------------------
[ DEBUG5 "MyRemoveOverlay"] Id                                                               19456
[ DEBUG5 "MyRemoveOverlay"] PDG                                                               -211
[ DEBUG5 "MyRemoveOverlay"] Energy [GeV]                                                  9.99e+00
[ DEBUG5 "MyRemoveOverlay"] Momentum [GeV] (x,y,z)                   -0.958128, -3.12965, -9.44176
[ DEBUG5 "MyRemoveOverlay"] Momentum at Endpoint[GeV] (x,y,z)                                0, -0, -0
[ DEBUG5 "MyRemoveOverlay"] GeneratorStatus                                                      1
[ DEBUG5 "MyRemoveOverlay"] Vertex [mm] (x,y,z)             -5.9216e-310, -1.85108e-309, 0.0888168
[ DEBUG5 "MyRemoveOverlay"] Endpoint [mm] (x,y,z)                     -134.784, -944.053, -2761.56
[ DEBUG5 "MyRemoveOverlay"] Mass [GeV]                                                    1.40e-01
[ DEBUG5 "MyRemoveOverlay"] Charge                                                       -1.00e+00
[ DEBUG5 "MyRemoveOverlay"] Parents                                                              1
[ DEBUG5 "MyRemoveOverlay"] Daughters                                                            0
[ DEBUG5 "MyRemoveOverlay"] simulator status bits: [sbvtcls]  s: created in simulation b: backscatter v: vertex is not endpoint of parent t: decayed in tracker c: decayed in calorimeter l: has left detector s: stopped o: overlay
[ DEBUG5 "MyRemoveOverlay"] [    c s ]
[ DEBUG5 "MyRemoveOverlay"] 
[ DEBUG6 "MyRemoveOverlay"] 		Cluster is not linked to a MCParticle
[ DEBUG7 "MyRemoveOverlay"] 		********** PFO AT INDEX 9 IS NOT OVERLAY **********
[ DEBUG8 "MyRemoveOverlay"] 
[ DEBUG8 "MyRemoveOverlay"] 		-------------------------------------------------------
[ DEBUG8 "MyRemoveOverlay"] 		Processing PFO at index 10
[ DEBUG5 "MyRemoveOverlay"] ------------------ ReconstructedParticle -----------------------------
[ DEBUG5 "MyRemoveOverlay"] Id                                                             0x21139
[ DEBUG5 "MyRemoveOverlay"] Compound                                                             0
[ DEBUG5 "MyRemoveOverlay"] Type                                                             -2212
[ DEBUG5 "MyRemoveOverlay"] Momentum (x,y,z)                       -6.80e-01, -2.42e+00, -5.46e+00
[ DEBUG5 "MyRemoveOverlay"] Mass [GeV]                                                    9.38e-01
[ DEBUG5 "MyRemoveOverlay"] Charge [e]                                                   -1.00e+00
[ DEBUG5 "MyRemoveOverlay"] Energy [GeV]                                                  6.09e+00
[ DEBUG5 "MyRemoveOverlay"] ReferencePoint                         -4.43e+00, -1.60e+01, -3.59e+01
[ DEBUG5 "MyRemoveOverlay"] ParticleIDUsed                                                       0
[ DEBUG5 "MyRemoveOverlay"] GoodnessOfPID                                                 0.00e+00
[ DEBUG5 "MyRemoveOverlay"] Covariance p,E:  3.54e-06, 8.20e-06, 3.18e-05, 1.85e-05, 6.89e-05, 
[ DEBUG5 "MyRemoveOverlay"]                  1.56e-04, -2.02e-05, -7.55e-05, -1.70e-04, 1.85e-04
[ DEBUG5 "MyRemoveOverlay"] Particles id:    
[ DEBUG5 "MyRemoveOverlay"] Tracks id:    [00020245]
[ DEBUG5 "MyRemoveOverlay"] Clusters id:  [00020988]
[ DEBUG5 "MyRemoveOverlay"] Particle ids ( [id], PDG, (type)): 
[ DEBUG5 "MyRemoveOverlay"]                  [00021140], 002212, (000000) 
[ DEBUG5 "MyRemoveOverlay"]                  [00021141], 000000, (000000) 
[ DEBUG5 "MyRemoveOverlay"]                  [00021142], 000000, (000000) 
[ DEBUG5 "MyRemoveOverlay"]                  [00021143], 000000, (000000) 
[ DEBUG5 "MyRemoveOverlay"]                  [00021144], 000000, (000000) 
[ DEBUG5 "MyRemoveOverlay"]                  [00021145], 000000, (000000) 
[ DEBUG5 "MyRemoveOverlay"]                  [00021146], 000211, (000000) 
[ DEBUG5 "MyRemoveOverlay"]                  [00021147], 000011, (000000) 
[ DEBUG5 "MyRemoveOverlay"]                  [00021148], 002212, (000000) 
[ DEBUG5 "MyRemoveOverlay"] 
[ DEBUG5 "MyRemoveOverlay"] 
[ DEBUG0 "MyRemoveOverlay"] 	MCParticle at index: 0 has PDG: -2212 and MCParticle to Track link weight is 1.00e+00
[ DEBUG0 "MyRemoveOverlay"] 	MCParticle at index: 0 with PDG code: -2212 has highest link weight to input track
[ DEBUG0 "MyRemoveOverlay"] 	Track at index: 0 has highest link weight to MCParticle = 9.13e-01
[ DEBUG0 "MyRemoveOverlay"] 	Track linked to MCParticle with highest weight
[ DEBUG6 "MyRemoveOverlay"] 		Found a linked MCParticle to track
[ DEBUG5 "MyRemoveOverlay"] ----------------------------- MCParticle -----------------------------
[ DEBUG5 "MyRemoveOverlay"] Id                                                               19435
[ DEBUG5 "MyRemoveOverlay"] PDG                                                              -2212
[ DEBUG5 "MyRemoveOverlay"] Energy [GeV]                                                  6.07e+00
[ DEBUG5 "MyRemoveOverlay"] Momentum [GeV] (x,y,z)                   -0.677726, -2.41451, -5.44936
[ DEBUG5 "MyRemoveOverlay"] Momentum at Endpoint[GeV] (x,y,z)                                0, -0, -0
[ DEBUG5 "MyRemoveOverlay"] GeneratorStatus                                                      1
[ DEBUG5 "MyRemoveOverlay"] Vertex [mm] (x,y,z)                                    0, 0, 0.0888168
[ DEBUG5 "MyRemoveOverlay"] Endpoint [mm] (x,y,z)                     -42.7947, -1117.68, -2450.88
[ DEBUG5 "MyRemoveOverlay"] Mass [GeV]                                                    9.38e-01
[ DEBUG5 "MyRemoveOverlay"] Charge                                                       -1.00e+00
[ DEBUG5 "MyRemoveOverlay"] Parents                                                              1
[ DEBUG5 "MyRemoveOverlay"] Daughters                                                            0
[ DEBUG5 "MyRemoveOverlay"] simulator status bits: [sbvtcls]  s: created in simulation b: backscatter v: vertex is not endpoint of parent t: decayed in tracker c: decayed in calorimeter l: has left detector s: stopped o: overlay
[ DEBUG5 "MyRemoveOverlay"] [    c s ]
[ DEBUG5 "MyRemoveOverlay"] 
[ DEBUG0 "MyRemoveOverlay"] 	MCParticle at index: 0 has PDG: -2212 and MCParticle to Cluster link weight is 9.88e-01
[ DEBUG0 "MyRemoveOverlay"] 	MCParticle at index: 0 with PDG code: -2212 has highest link weight to input cluster
[ DEBUG6 "MyRemoveOverlay"] 		Cluster is not linked to a MCParticle
[ DEBUG7 "MyRemoveOverlay"] 		********** PFO AT INDEX 10 IS NOT OVERLAY **********
[ DEBUG8 "MyRemoveOverlay"] 
[ DEBUG8 "MyRemoveOverlay"] 		-------------------------------------------------------
[ DEBUG8 "MyRemoveOverlay"] 		Processing PFO at index 11
[ DEBUG5 "MyRemoveOverlay"] ------------------ ReconstructedParticle -----------------------------
[ DEBUG5 "MyRemoveOverlay"] Id                                                             0x21149
[ DEBUG5 "MyRemoveOverlay"] Compound                                                             0
[ DEBUG5 "MyRemoveOverlay"] Type                                                              -321
[ DEBUG5 "MyRemoveOverlay"] Momentum (x,y,z)                       -2.86e-01, -4.22e-01, -2.05e+00
[ DEBUG5 "MyRemoveOverlay"] Mass [GeV]                                                    4.94e-01
[ DEBUG5 "MyRemoveOverlay"] Charge [e]                                                   -1.00e+00
[ DEBUG5 "MyRemoveOverlay"] Energy [GeV]                                                  2.17e+00
[ DEBUG5 "MyRemoveOverlay"] ReferencePoint                         -2.76e+01, -4.66e+01, -2.18e+02
[ DEBUG5 "MyRemoveOverlay"] ParticleIDUsed                                                       0
[ DEBUG5 "MyRemoveOverlay"] GoodnessOfPID                                                 0.00e+00
[ DEBUG5 "MyRemoveOverlay"] Covariance p,E:  9.30e-06, 4.40e-06, 1.75e-05, 2.00e-05, 4.20e-05, 
[ DEBUG5 "MyRemoveOverlay"]                  1.92e-04, -2.10e-05, -4.37e-05, -1.93e-04, 1.93e-04
[ DEBUG5 "MyRemoveOverlay"] Particles id:    
[ DEBUG5 "MyRemoveOverlay"] Tracks id:    [00020160]
[ DEBUG5 "MyRemoveOverlay"] Clusters id:  [00020989]
[ DEBUG5 "MyRemoveOverlay"] Particle ids ( [id], PDG, (type)): 
[ DEBUG5 "MyRemoveOverlay"]                  [00021150], 000321, (000000) 
[ DEBUG5 "MyRemoveOverlay"]                  [00021151], 000000, (000000) 
[ DEBUG5 "MyRemoveOverlay"]                  [00021152], 000000, (000000) 
[ DEBUG5 "MyRemoveOverlay"]                  [00021153], 000000, (000000) 
[ DEBUG5 "MyRemoveOverlay"]                  [00021154], 000000, (000000) 
[ DEBUG5 "MyRemoveOverlay"]                  [00021155], 000000, (000000) 
[ DEBUG5 "MyRemoveOverlay"]                  [00021156], 000011, (000000) 
[ DEBUG5 "MyRemoveOverlay"]                  [00021157], 000013, (000000) 
[ DEBUG5 "MyRemoveOverlay"]                  [00021158], 000013, (000000) 
[ DEBUG5 "MyRemoveOverlay"] 
[ DEBUG5 "MyRemoveOverlay"] 
[ DEBUG0 "MyRemoveOverlay"] 	MCParticle at index: 0 has PDG: -321 and MCParticle to Track link weight is 1.00e+00
[ DEBUG0 "MyRemoveOverlay"] 	MCParticle at index: 0 with PDG code: -321 has highest link weight to input track
[ DEBUG0 "MyRemoveOverlay"] 	Track at index: 0 has highest link weight to MCParticle = 1.00e+00
[ DEBUG0 "MyRemoveOverlay"] 	Track linked to MCParticle with highest weight
[ DEBUG6 "MyRemoveOverlay"] 		Found a linked MCParticle to track
[ DEBUG5 "MyRemoveOverlay"] ----------------------------- MCParticle -----------------------------
[ DEBUG5 "MyRemoveOverlay"] Id                                                               19632
[ DEBUG5 "MyRemoveOverlay"] PDG                                                               -321
[ DEBUG5 "MyRemoveOverlay"] Energy [GeV]                                                  2.18e+00
[ DEBUG5 "MyRemoveOverlay"] Momentum [GeV] (x,y,z)                  -0.283763, -0.424141, -2.05748
[ DEBUG5 "MyRemoveOverlay"] Momentum at Endpoint[GeV] (x,y,z)                                0, -0, -0
[ DEBUG5 "MyRemoveOverlay"] GeneratorStatus                                                      1
[ DEBUG5 "MyRemoveOverlay"] Vertex [mm] (x,y,z)           -5.10629e-309, -4.70701e-309, -0.0283088
[ DEBUG5 "MyRemoveOverlay"] Endpoint [mm] (x,y,z)                      18.4865, -568.732, -2445.65
[ DEBUG5 "MyRemoveOverlay"] Mass [GeV]                                                    4.94e-01
[ DEBUG5 "MyRemoveOverlay"] Charge                                                       -1.00e+00
[ DEBUG5 "MyRemoveOverlay"] Parents                                                              1
[ DEBUG5 "MyRemoveOverlay"] Daughters                                                            0
[ DEBUG5 "MyRemoveOverlay"] simulator status bits: [sbvtcls]  s: created in simulation b: backscatter v: vertex is not endpoint of parent t: decayed in tracker c: decayed in calorimeter l: has left detector s: stopped o: overlay
[ DEBUG5 "MyRemoveOverlay"] [    c so]
[ DEBUG5 "MyRemoveOverlay"] 
[ DEBUG6 "MyRemoveOverlay"] 		Cluster is not linked to a MCParticle
[ DEBUG7 "MyRemoveOverlay"] 		********** PFO AT INDEX 11 IS OVERLAY **********
[ DEBUG8 "MyRemoveOverlay"] 
[ DEBUG8 "MyRemoveOverlay"] 		-------------------------------------------------------
[ DEBUG8 "MyRemoveOverlay"] 		Processing PFO at index 12
[ DEBUG5 "MyRemoveOverlay"] ------------------ ReconstructedParticle -----------------------------
[ DEBUG5 "MyRemoveOverlay"] Id                                                             0x21159
[ DEBUG5 "MyRemoveOverlay"] Compound                                                             0
[ DEBUG5 "MyRemoveOverlay"] Type                                                                11
[ DEBUG5 "MyRemoveOverlay"] Momentum (x,y,z)                       -3.92e-01, -9.03e-01, -2.93e+00
[ DEBUG5 "MyRemoveOverlay"] Mass [GeV]                                                    5.11e-04
[ DEBUG5 "MyRemoveOverlay"] Charge [e]                                                   -1.00e+00
[ DEBUG5 "MyRemoveOverlay"] Energy [GeV]                                                  3.09e+00
[ DEBUG5 "MyRemoveOverlay"] ReferencePoint                         -1.24e+01, -3.70e+01, -1.14e+02
[ DEBUG5 "MyRemoveOverlay"] ParticleIDUsed                                                       0
[ DEBUG5 "MyRemoveOverlay"] GoodnessOfPID                                                 0.00e+00
[ DEBUG5 "MyRemoveOverlay"] Covariance p,E:  6.32e-06, 4.04e-06, 2.15e-05, 1.25e-05, 4.81e-05, 
[ DEBUG5 "MyRemoveOverlay"]                  1.50e-04, -1.38e-05, -5.24e-05, -1.58e-04, 1.67e-04
[ DEBUG5 "MyRemoveOverlay"] Particles id:    
[ DEBUG5 "MyRemoveOverlay"] Tracks id:    [00020230]
[ DEBUG5 "MyRemoveOverlay"] Clusters id:  [00020990]
[ DEBUG5 "MyRemoveOverlay"] Particle ids ( [id], PDG, (type)): 
[ DEBUG5 "MyRemoveOverlay"]                  [00021160], 000011, (000000) 
[ DEBUG5 "MyRemoveOverlay"]                  [00021161], 000000, (000000) 
[ DEBUG5 "MyRemoveOverlay"]                  [00021162], 000000, (000000) 
[ DEBUG5 "MyRemoveOverlay"]                  [00021163], 000000, (000000) 
[ DEBUG5 "MyRemoveOverlay"]                  [00021164], 000000, (000000) 
[ DEBUG5 "MyRemoveOverlay"]                  [00021165], 000000, (000000) 
[ DEBUG5 "MyRemoveOverlay"]                  [00021166], 000011, (000000) 
[ DEBUG5 "MyRemoveOverlay"]                  [00021167], 000011, (000000) 
[ DEBUG5 "MyRemoveOverlay"]                  [00021168], 000011, (000000) 
[ DEBUG5 "MyRemoveOverlay"] 
[ DEBUG5 "MyRemoveOverlay"] 
[ DEBUG0 "MyRemoveOverlay"] 	MCParticle at index: 1 has PDG: 11 and MCParticle to Track link weight is 9.84e-01
[ DEBUG0 "MyRemoveOverlay"] 	MCParticle at index: 1 with PDG code: 11 has highest link weight to input track
[ DEBUG0 "MyRemoveOverlay"] 	Track at index: 0 has highest link weight to MCParticle = 9.52e-01
[ DEBUG0 "MyRemoveOverlay"] 	Track linked to MCParticle with highest weight
[ DEBUG6 "MyRemoveOverlay"] 		Found a linked MCParticle to track
[ DEBUG5 "MyRemoveOverlay"] ----------------------------- MCParticle -----------------------------
[ DEBUG5 "MyRemoveOverlay"] Id                                                               19546
[ DEBUG5 "MyRemoveOverlay"] PDG                                                                 11
[ DEBUG5 "MyRemoveOverlay"] Energy [GeV]                                                  3.07e+00
[ DEBUG5 "MyRemoveOverlay"] Momentum [GeV] (x,y,z)                  -0.320279, -0.926871, -2.91224
[ DEBUG5 "MyRemoveOverlay"] Momentum at Endpoint[GeV] (x,y,z)                                -0, -0, 0
[ DEBUG5 "MyRemoveOverlay"] GeneratorStatus                                                      0
[ DEBUG5 "MyRemoveOverlay"] Vertex [mm] (x,y,z)                        -24.356, -70.3661, -221.136
[ DEBUG5 "MyRemoveOverlay"] Endpoint [mm] (x,y,z)                      24.9292, -789.798, -2426.27
[ DEBUG5 "MyRemoveOverlay"] Mass [GeV]                                                    5.11e-04
[ DEBUG5 "MyRemoveOverlay"] Charge                                                       -1.00e+00
[ DEBUG5 "MyRemoveOverlay"] Parents                                                              1
[ DEBUG5 "MyRemoveOverlay"] Daughters                                                            0
[ DEBUG5 "MyRemoveOverlay"] simulator status bits: [sbvtcls]  s: created in simulation b: backscatter v: vertex is not endpoint of parent t: decayed in tracker c: decayed in calorimeter l: has left detector s: stopped o: overlay
[ DEBUG5 "MyRemoveOverlay"] [s   c s ]
[ DEBUG5 "MyRemoveOverlay"] 
[ DEBUG0 "MyRemoveOverlay"] 	MCParticle at index: 1 has PDG: 11 and MCParticle to Cluster link weight is 9.98e-01
[ DEBUG0 "MyRemoveOverlay"] 	MCParticle at index: 1 with PDG code: 11 has highest link weight to input cluster
[ DEBUG0 "MyRemoveOverlay"] 	Cluster at index: 0 has highest link weight to MCParticle = 9.87e-01
[ DEBUG0 "MyRemoveOverlay"] 	Cluster linked to MCParticle with highest weight
[ DEBUG6 "MyRemoveOverlay"] 		Found a linked MCParticle to cluster
[ DEBUG5 "MyRemoveOverlay"] ----------------------------- MCParticle -----------------------------
[ DEBUG5 "MyRemoveOverlay"] Id                                                               19546
[ DEBUG5 "MyRemoveOverlay"] PDG                                                                 11
[ DEBUG5 "MyRemoveOverlay"] Energy [GeV]                                                  3.07e+00
[ DEBUG5 "MyRemoveOverlay"] Momentum [GeV] (x,y,z)                  -0.320279, -0.926871, -2.91224
[ DEBUG5 "MyRemoveOverlay"] Momentum at Endpoint[GeV] (x,y,z)                                -0, -0, 0
[ DEBUG5 "MyRemoveOverlay"] GeneratorStatus                                                      0
[ DEBUG5 "MyRemoveOverlay"] Vertex [mm] (x,y,z)                        -24.356, -70.3661, -221.136
[ DEBUG5 "MyRemoveOverlay"] Endpoint [mm] (x,y,z)                      24.9292, -789.798, -2426.27
[ DEBUG5 "MyRemoveOverlay"] Mass [GeV]                                                    5.11e-04
[ DEBUG5 "MyRemoveOverlay"] Charge                                                       -1.00e+00
[ DEBUG5 "MyRemoveOverlay"] Parents                                                              1
[ DEBUG5 "MyRemoveOverlay"] Daughters                                                            0
[ DEBUG5 "MyRemoveOverlay"] simulator status bits: [sbvtcls]  s: created in simulation b: backscatter v: vertex is not endpoint of parent t: decayed in tracker c: decayed in calorimeter l: has left detector s: stopped o: overlay
[ DEBUG5 "MyRemoveOverlay"] [s   c s ]
[ DEBUG5 "MyRemoveOverlay"] 
[ DEBUG7 "MyRemoveOverlay"] 		********** PFO AT INDEX 12 IS NOT OVERLAY **********
[ DEBUG8 "MyRemoveOverlay"] 
[ DEBUG8 "MyRemoveOverlay"] 		-------------------------------------------------------
[ DEBUG8 "MyRemoveOverlay"] 		Processing PFO at index 13
[ DEBUG5 "MyRemoveOverlay"] ------------------ ReconstructedParticle -----------------------------
[ DEBUG5 "MyRemoveOverlay"] Id                                                             0x21169
[ DEBUG5 "MyRemoveOverlay"] Compound                                                             0
[ DEBUG5 "MyRemoveOverlay"] Type                                                               211
[ DEBUG5 "MyRemoveOverlay"] Momentum (x,y,z)                       -1.50e-01, -4.17e-02, -2.44e-01
[ DEBUG5 "MyRemoveOverlay"] Mass [GeV]                                                    1.40e-01
[ DEBUG5 "MyRemoveOverlay"] Charge [e]                                                    1.00e+00
[ DEBUG5 "MyRemoveOverlay"] Energy [GeV]                                                  3.21e-01
[ DEBUG5 "MyRemoveOverlay"] ReferencePoint                         -1.57e+01, -3.30e+00, -2.52e+01
[ DEBUG5 "MyRemoveOverlay"] ParticleIDUsed                                                       0
[ DEBUG5 "MyRemoveOverlay"] GoodnessOfPID                                                 0.00e+00
[ DEBUG5 "MyRemoveOverlay"] Covariance p,E:  9.89e-06, 1.20e-06, 9.67e-07, 1.42e-05, 2.03e-06, 
[ DEBUG5 "MyRemoveOverlay"]                  2.31e-05, -1.56e-05, -2.23e-06, -2.45e-05, 2.62e-05
[ DEBUG5 "MyRemoveOverlay"] Particles id:    
[ DEBUG5 "MyRemoveOverlay"] Tracks id:    [00020395]
[ DEBUG5 "MyRemoveOverlay"] Clusters id:  
[ DEBUG5 "MyRemoveOverlay"] Particle ids ( [id], PDG, (type)): 
[ DEBUG5 "MyRemoveOverlay"]                  [00021170], 000011, (000000) 
[ DEBUG5 "MyRemoveOverlay"]                  [00021171], 000011, (000000) 
[ DEBUG5 "MyRemoveOverlay"]                  [00021172], 000011, (000000) 
[ DEBUG5 "MyRemoveOverlay"]                  [00021173], 000011, (000000) 
[ DEBUG5 "MyRemoveOverlay"]                  [00021174], 000000, (000000) 
[ DEBUG5 "MyRemoveOverlay"] 
[ DEBUG5 "MyRemoveOverlay"] 
[ DEBUG0 "MyRemoveOverlay"] 	MCParticle at index: 0 has PDG: 211 and MCParticle to Track link weight is 1.00e+00
[ DEBUG0 "MyRemoveOverlay"] 	MCParticle at index: 0 with PDG code: 211 has highest link weight to input track
[ DEBUG6 "MyRemoveOverlay"] 		Track is not linked to a MCParticle
[ DEBUG7 "MyRemoveOverlay"] 		********** PFO AT INDEX 13 IS NOT OVERLAY **********
[ DEBUG8 "MyRemoveOverlay"] 
[ DEBUG8 "MyRemoveOverlay"] 		-------------------------------------------------------
[ DEBUG8 "MyRemoveOverlay"] 		Processing PFO at index 14
[ DEBUG5 "MyRemoveOverlay"] ------------------ ReconstructedParticle -----------------------------
[ DEBUG5 "MyRemoveOverlay"] Id                                                             0x21175
[ DEBUG5 "MyRemoveOverlay"] Compound                                                             0
[ DEBUG5 "MyRemoveOverlay"] Type                                                              -211
[ DEBUG5 "MyRemoveOverlay"] Momentum (x,y,z)                       +2.21e-01, -2.36e-02, -3.82e-01
[ DEBUG5 "MyRemoveOverlay"] Mass [GeV]                                                    1.40e-01
[ DEBUG5 "MyRemoveOverlay"] Charge [e]                                                   -1.00e+00
[ DEBUG5 "MyRemoveOverlay"] Energy [GeV]                                                  4.63e-01
[ DEBUG5 "MyRemoveOverlay"] ReferencePoint                         +1.72e+01, -1.11e+00, -2.97e+01
[ DEBUG5 "MyRemoveOverlay"] ParticleIDUsed                                                       0
[ DEBUG5 "MyRemoveOverlay"] GoodnessOfPID                                                 0.00e+00
[ DEBUG5 "MyRemoveOverlay"] Covariance p,E:  1.86e-05, -8.08e-08, 8.44e-07, -3.06e-05, 1.90e-07, 
[ DEBUG5 "MyRemoveOverlay"]                  5.32e-05, 3.41e-05, -2.38e-07, -5.85e-05, 6.45e-05
[ DEBUG5 "MyRemoveOverlay"] Particles id:    
[ DEBUG5 "MyRemoveOverlay"] Tracks id:    [00020375]
[ DEBUG5 "MyRemoveOverlay"] Clusters id:  [00020991]
[ DEBUG5 "MyRemoveOverlay"] Particle ids ( [id], PDG, (type)): 
[ DEBUG5 "MyRemoveOverlay"]                  [00021176], 000211, (000000) 
[ DEBUG5 "MyRemoveOverlay"]                  [00021177], 000011, (000000) 
[ DEBUG5 "MyRemoveOverlay"]                  [00021178], 000011, (000000) 
[ DEBUG5 "MyRemoveOverlay"]                  [00021179], 000211, (000000) 
[ DEBUG5 "MyRemoveOverlay"]                  [00021180], 000211, (000000) 
[ DEBUG5 "MyRemoveOverlay"] 
[ DEBUG5 "MyRemoveOverlay"] 
[ DEBUG0 "MyRemoveOverlay"] 	MCParticle at index: 0 has PDG: -211 and MCParticle to Track link weight is 1.00e+00
[ DEBUG0 "MyRemoveOverlay"] 	MCParticle at index: 0 with PDG code: -211 has highest link weight to input track
[ DEBUG6 "MyRemoveOverlay"] 		Track is not linked to a MCParticle
[ DEBUG0 "MyRemoveOverlay"] 	MCParticle at index: 2 has PDG: -13 and MCParticle to Cluster link weight is 9.19e-01
[ DEBUG0 "MyRemoveOverlay"] 	MCParticle at index: 2 with PDG code: -13 has highest link weight to input cluster
[ DEBUG0 "MyRemoveOverlay"] 	Cluster at index: 0 has highest link weight to MCParticle = 1.00e+00
[ DEBUG0 "MyRemoveOverlay"] 	Cluster linked to MCParticle with highest weight
[ DEBUG6 "MyRemoveOverlay"] 		Found a linked MCParticle to cluster
[ DEBUG5 "MyRemoveOverlay"] ----------------------------- MCParticle -----------------------------
[ DEBUG5 "MyRemoveOverlay"] Id                                                               19620
[ DEBUG5 "MyRemoveOverlay"] PDG                                                                -13
[ DEBUG5 "MyRemoveOverlay"] Energy [GeV]                                                  4.77e-01
[ DEBUG5 "MyRemoveOverlay"] Momentum [GeV] (x,y,z)                -0.0395665, 0.0675614, -0.458628
[ DEBUG5 "MyRemoveOverlay"] Momentum at Endpoint[GeV] (x,y,z)                                 0, 0, -0
[ DEBUG5 "MyRemoveOverlay"] GeneratorStatus                                                      0
[ DEBUG5 "MyRemoveOverlay"] Vertex [mm] (x,y,z)                          56.5429, 70.242, -979.578
[ DEBUG5 "MyRemoveOverlay"] Endpoint [mm] (x,y,z)                        156.51, 87.1689, -2825.45
[ DEBUG5 "MyRemoveOverlay"] Mass [GeV]                                                    1.06e-01
[ DEBUG5 "MyRemoveOverlay"] Charge                                                        1.00e+00
[ DEBUG5 "MyRemoveOverlay"] Parents                                                              1
[ DEBUG5 "MyRemoveOverlay"] Daughters                                                            0
[ DEBUG5 "MyRemoveOverlay"] simulator status bits: [sbvtcls]  s: created in simulation b: backscatter v: vertex is not endpoint of parent t: decayed in tracker c: decayed in calorimeter l: has left detector s: stopped o: overlay
[ DEBUG5 "MyRemoveOverlay"] [s   c so]
[ DEBUG5 "MyRemoveOverlay"] 
[ DEBUG7 "MyRemoveOverlay"] 		********** PFO AT INDEX 14 IS OVERLAY **********
[ DEBUG8 "MyRemoveOverlay"] 
[ DEBUG8 "MyRemoveOverlay"] 		-------------------------------------------------------
[ DEBUG8 "MyRemoveOverlay"] 		Processing PFO at index 15
[ DEBUG5 "MyRemoveOverlay"] ------------------ ReconstructedParticle -----------------------------
[ DEBUG5 "MyRemoveOverlay"] Id                                                             0x21181
[ DEBUG5 "MyRemoveOverlay"] Compound                                                             0
[ DEBUG5 "MyRemoveOverlay"] Type                                                               211
[ DEBUG5 "MyRemoveOverlay"] Momentum (x,y,z)                       -2.52e-01, -2.21e-01, -4.50e-01
[ DEBUG5 "MyRemoveOverlay"] Mass [GeV]                                                    1.40e-01
[ DEBUG5 "MyRemoveOverlay"] Charge [e]                                                    1.00e+00
[ DEBUG5 "MyRemoveOverlay"] Energy [GeV]                                                  5.78e-01
[ DEBUG5 "MyRemoveOverlay"] ReferencePoint                         -1.27e+01, -1.06e+01, -2.18e+01
[ DEBUG5 "MyRemoveOverlay"] ParticleIDUsed                                                       0
[ DEBUG5 "MyRemoveOverlay"] GoodnessOfPID                                                 0.00e+00
[ DEBUG5 "MyRemoveOverlay"] Covariance p,E:  9.26e-07, 7.14e-08, 7.55e-07, 2.40e-07, 1.89e-07, 
[ DEBUG5 "MyRemoveOverlay"]                  1.10e-06, -6.17e-07, -4.66e-07, -1.03e-06, 1.25e-06
[ DEBUG5 "MyRemoveOverlay"] Particles id:    
[ DEBUG5 "MyRemoveOverlay"] Tracks id:    [00020200]
[ DEBUG5 "MyRemoveOverlay"] Clusters id:  
[ DEBUG5 "MyRemoveOverlay"] Particle ids ( [id], PDG, (type)): 
[ DEBUG5 "MyRemoveOverlay"]                  [00021182], 000211, (000000) 
[ DEBUG5 "MyRemoveOverlay"]                  [00021183], 000211, (000000) 
[ DEBUG5 "MyRemoveOverlay"]                  [00021184], 000011, (000000) 
[ DEBUG5 "MyRemoveOverlay"]                  [00021185], 000011, (000000) 
[ DEBUG5 "MyRemoveOverlay"]                  [00021186], 000000, (000000) 
[ DEBUG5 "MyRemoveOverlay"] 
[ DEBUG5 "MyRemoveOverlay"] 
[ DEBUG0 "MyRemoveOverlay"] 	MCParticle at index: 0 has PDG: 211 and MCParticle to Track link weight is 1.00e+00
[ DEBUG0 "MyRemoveOverlay"] 	MCParticle at index: 0 with PDG code: 211 has highest link weight to input track
[ DEBUG6 "MyRemoveOverlay"] 		Track is not linked to a MCParticle
[ DEBUG7 "MyRemoveOverlay"] 		********** PFO AT INDEX 15 IS NOT OVERLAY **********
[ DEBUG8 "MyRemoveOverlay"] 
[ DEBUG8 "MyRemoveOverlay"] 		-------------------------------------------------------
[ DEBUG8 "MyRemoveOverlay"] 		Processing PFO at index 16
[ DEBUG5 "MyRemoveOverlay"] ------------------ ReconstructedParticle -----------------------------
[ DEBUG5 "MyRemoveOverlay"] Id                                                             0x21187
[ DEBUG5 "MyRemoveOverlay"] Compound                                                             0
[ DEBUG5 "MyRemoveOverlay"] Type                                                               211
[ DEBUG5 "MyRemoveOverlay"] Momentum (x,y,z)                       +2.14e-01, -1.33e-01, -3.52e-01
[ DEBUG5 "MyRemoveOverlay"] Mass [GeV]                                                    1.40e-01
[ DEBUG5 "MyRemoveOverlay"] Charge [e]                                                    1.00e+00
[ DEBUG5 "MyRemoveOverlay"] Energy [GeV]                                                  4.55e-01
[ DEBUG5 "MyRemoveOverlay"] ReferencePoint                         +4.44e+01, -3.72e+02, -5.87e+02
[ DEBUG5 "MyRemoveOverlay"] ParticleIDUsed                                                       0
[ DEBUG5 "MyRemoveOverlay"] GoodnessOfPID                                                 0.00e+00
[ DEBUG5 "MyRemoveOverlay"] Covariance p,E:  4.10e-06, -3.06e-06, 1.86e-05, 2.70e-06, -6.11e-06, 
[ DEBUG5 "MyRemoveOverlay"]                  7.76e-06, 7.32e-07, -2.15e-06, -2.95e-06, 3.26e-06
[ DEBUG5 "MyRemoveOverlay"] Particles id:    
[ DEBUG5 "MyRemoveOverlay"] Tracks id:    [00020290]
[ DEBUG5 "MyRemoveOverlay"] Clusters id:  [00020992]
[ DEBUG5 "MyRemoveOverlay"] Particle ids ( [id], PDG, (type)): 
[ DEBUG5 "MyRemoveOverlay"]                  [00021188], 000211, (000000) 
[ DEBUG5 "MyRemoveOverlay"]                  [00021189], 000211, (000000) 
[ DEBUG5 "MyRemoveOverlay"]                  [00021190], 000011, (000000) 
[ DEBUG5 "MyRemoveOverlay"]                  [00021191], 000011, (000000) 
[ DEBUG5 "MyRemoveOverlay"]                  [00021192], 000211, (000000) 
[ DEBUG5 "MyRemoveOverlay"] 
[ DEBUG5 "MyRemoveOverlay"] 
[ DEBUG0 "MyRemoveOverlay"] 	MCParticle at index: 0 has PDG: 211 and MCParticle to Track link weight is 1.00e+00
[ DEBUG0 "MyRemoveOverlay"] 	MCParticle at index: 0 with PDG code: 211 has highest link weight to input track
[ DEBUG6 "MyRemoveOverlay"] 		Track is not linked to a MCParticle
[ DEBUG6 "MyRemoveOverlay"] 		Cluster is not linked to a MCParticle
[ DEBUG7 "MyRemoveOverlay"] 		********** PFO AT INDEX 16 IS NOT OVERLAY **********
[ DEBUG8 "MyRemoveOverlay"] 
[ DEBUG8 "MyRemoveOverlay"] 		-------------------------------------------------------
[ DEBUG8 "MyRemoveOverlay"] 		Processing PFO at index 17
[ DEBUG5 "MyRemoveOverlay"] ------------------ ReconstructedParticle -----------------------------
[ DEBUG5 "MyRemoveOverlay"] Id                                                             0x21193
[ DEBUG5 "MyRemoveOverlay"] Compound                                                             0
[ DEBUG5 "MyRemoveOverlay"] Type                                                              -211
[ DEBUG5 "MyRemoveOverlay"] Momentum (x,y,z)                       -2.77e-01, -7.35e-01, -2.31e+00
[ DEBUG5 "MyRemoveOverlay"] Mass [GeV]                                                    1.40e-01
[ DEBUG5 "MyRemoveOverlay"] Charge [e]                                                   -1.00e+00
[ DEBUG5 "MyRemoveOverlay"] Energy [GeV]                                                  2.45e+00
[ DEBUG5 "MyRemoveOverlay"] ReferencePoint                         -2.15e+01, -7.35e+01, -2.21e+02
[ DEBUG5 "MyRemoveOverlay"] ParticleIDUsed                                                       0
[ DEBUG5 "MyRemoveOverlay"] GoodnessOfPID                                                 0.00e+00
[ DEBUG5 "MyRemoveOverlay"] Covariance p,E:  5.15e-06, 1.16e-06, 1.60e-05, 3.94e-06, 3.02e-05, 
[ DEBUG5 "MyRemoveOverlay"]                  9.14e-05, -4.66e-06, -3.34e-05, -9.59e-05, 1.01e-04
[ DEBUG5 "MyRemoveOverlay"] Particles id:    
[ DEBUG5 "MyRemoveOverlay"] Tracks id:    [00020355]
[ DEBUG5 "MyRemoveOverlay"] Clusters id:  [00020993]
[ DEBUG5 "MyRemoveOverlay"] Particle ids ( [id], PDG, (type)): 
[ DEBUG5 "MyRemoveOverlay"]                  [00021194], 000211, (000000) 
[ DEBUG5 "MyRemoveOverlay"]                  [00021195], 000000, (000000) 
[ DEBUG5 "MyRemoveOverlay"]                  [00021196], 000000, (000000) 
[ DEBUG5 "MyRemoveOverlay"]                  [00021197], 000000, (000000) 
[ DEBUG5 "MyRemoveOverlay"]                  [00021198], 000000, (000000) 
[ DEBUG5 "MyRemoveOverlay"]                  [00021199], 000000, (000000) 
[ DEBUG5 "MyRemoveOverlay"]                  [00021200], 000011, (000000) 
[ DEBUG5 "MyRemoveOverlay"]                  [00021201], 000011, (000000) 
[ DEBUG5 "MyRemoveOverlay"]                  [00021202], 000211, (000000) 
[ DEBUG5 "MyRemoveOverlay"] 
[ DEBUG5 "MyRemoveOverlay"] 
[ DEBUG0 "MyRemoveOverlay"] 	MCParticle at index: 0 has PDG: -211 and MCParticle to Track link weight is 9.83e-01
[ DEBUG0 "MyRemoveOverlay"] 	MCParticle at index: 0 with PDG code: -211 has highest link weight to input track
[ DEBUG6 "MyRemoveOverlay"] 		Track is not linked to a MCParticle
[ DEBUG0 "MyRemoveOverlay"] 	MCParticle at index: 0 has PDG: -211 and MCParticle to Cluster link weight is 9.27e-01
[ DEBUG0 "MyRemoveOverlay"] 	MCParticle at index: 0 with PDG code: -211 has highest link weight to input cluster
[ DEBUG6 "MyRemoveOverlay"] 		Cluster is not linked to a MCParticle
[ DEBUG7 "MyRemoveOverlay"] 		********** PFO AT INDEX 17 IS NOT OVERLAY **********
[ DEBUG8 "MyRemoveOverlay"] 
[ DEBUG8 "MyRemoveOverlay"] 		-------------------------------------------------------
[ DEBUG8 "MyRemoveOverlay"] 		Processing PFO at index 18
[ DEBUG5 "MyRemoveOverlay"] ------------------ ReconstructedParticle -----------------------------
[ DEBUG5 "MyRemoveOverlay"] Id                                                             0x21203
[ DEBUG5 "MyRemoveOverlay"] Compound                                                             0
[ DEBUG5 "MyRemoveOverlay"] Type                                                             -2212
[ DEBUG5 "MyRemoveOverlay"] Momentum (x,y,z)                       -2.44e-02, -7.70e-01, -3.46e+00
[ DEBUG5 "MyRemoveOverlay"] Mass [GeV]                                                    9.38e-01
[ DEBUG5 "MyRemoveOverlay"] Charge [e]                                                   -1.00e+00
[ DEBUG5 "MyRemoveOverlay"] Energy [GeV]                                                  3.67e+00
[ DEBUG5 "MyRemoveOverlay"] ReferencePoint                         +9.92e+01, -3.62e+02, -1.69e+03
[ DEBUG5 "MyRemoveOverlay"] ParticleIDUsed                                                       0
[ DEBUG5 "MyRemoveOverlay"] GoodnessOfPID                                                 0.00e+00
[ DEBUG5 "MyRemoveOverlay"] Covariance p,E:  6.27e-04, -1.13e-03, 2.29e-03, -4.96e-03, 9.87e-03, 
[ DEBUG5 "MyRemoveOverlay"]                  4.38e-02, 4.91e-03, -9.79e-03, -4.34e-02, 4.30e-02
[ DEBUG5 "MyRemoveOverlay"] Particles id:    
[ DEBUG5 "MyRemoveOverlay"] Tracks id:    [00020295]
[ DEBUG5 "MyRemoveOverlay"] Clusters id:  [00020994]
[ DEBUG5 "MyRemoveOverlay"] Particle ids ( [id], PDG, (type)): 
[ DEBUG5 "MyRemoveOverlay"]                  [00021204], 000013, (000000) 
[ DEBUG5 "MyRemoveOverlay"]                  [00021205], 000000, (000000) 
[ DEBUG5 "MyRemoveOverlay"]                  [00021206], 000000, (000000) 
[ DEBUG5 "MyRemoveOverlay"]                  [00021207], 000000, (000000) 
[ DEBUG5 "MyRemoveOverlay"]                  [00021208], 000000, (000000) 
[ DEBUG5 "MyRemoveOverlay"]                  [00021209], 000000, (000000) 
[ DEBUG5 "MyRemoveOverlay"]                  [00021210], 000211, (000000) 
[ DEBUG5 "MyRemoveOverlay"]                  [00021211], 000011, (000000) 
[ DEBUG5 "MyRemoveOverlay"]                  [00021212], 002212, (000000) 
[ DEBUG5 "MyRemoveOverlay"] 
[ DEBUG5 "MyRemoveOverlay"] 
[ DEBUG0 "MyRemoveOverlay"] 	MCParticle at index: 0 has PDG: -2212 and MCParticle to Track link weight is 1.00e+00
[ DEBUG0 "MyRemoveOverlay"] 	MCParticle at index: 0 with PDG code: -2212 has highest link weight to input track
[ DEBUG6 "MyRemoveOverlay"] 		Track is not linked to a MCParticle
[ DEBUG6 "MyRemoveOverlay"] 		Cluster is not linked to a MCParticle
[ DEBUG7 "MyRemoveOverlay"] 		********** PFO AT INDEX 18 IS NOT OVERLAY **********
[ DEBUG8 "MyRemoveOverlay"] 
[ DEBUG8 "MyRemoveOverlay"] 		-------------------------------------------------------
[ DEBUG8 "MyRemoveOverlay"] 		Processing PFO at index 19
[ DEBUG5 "MyRemoveOverlay"] ------------------ ReconstructedParticle -----------------------------
[ DEBUG5 "MyRemoveOverlay"] Id                                                             0x21213
[ DEBUG5 "MyRemoveOverlay"] Compound                                                             0
[ DEBUG5 "MyRemoveOverlay"] Type                                                              -211
[ DEBUG5 "MyRemoveOverlay"] Momentum (x,y,z)                       +3.43e-01, -3.48e-02, -4.36e-03
[ DEBUG5 "MyRemoveOverlay"] Mass [GeV]                                                    1.40e-01
[ DEBUG5 "MyRemoveOverlay"] Charge [e]                                                   -1.00e+00
[ DEBUG5 "MyRemoveOverlay"] Energy [GeV]                                                  3.72e-01
[ DEBUG5 "MyRemoveOverlay"] ReferencePoint                         +1.52e+02, +5.12e+01, -1.56e+02
[ DEBUG5 "MyRemoveOverlay"] ParticleIDUsed                                                       0
[ DEBUG5 "MyRemoveOverlay"] GoodnessOfPID                                                 0.00e+00
[ DEBUG5 "MyRemoveOverlay"] Covariance p,E:  2.76e-07, 1.94e-07, 9.93e-07, 1.66e-08, 3.93e-09, 
[ DEBUG5 "MyRemoveOverlay"]                  1.47e-06, 2.36e-07, 8.57e-08, -2.34e-09, 2.10e-07
[ DEBUG5 "MyRemoveOverlay"] Particles id:    
[ DEBUG5 "MyRemoveOverlay"] Tracks id:    [00020345]
[ DEBUG5 "MyRemoveOverlay"] Clusters id:  [00020995]
[ DEBUG5 "MyRemoveOverlay"] Particle ids ( [id], PDG, (type)): 
[ DEBUG5 "MyRemoveOverlay"]                  [00021214], 000211, (000000) 
[ DEBUG5 "MyRemoveOverlay"]                  [00021215], 000211, (000000) 
[ DEBUG5 "MyRemoveOverlay"]                  [00021216], 000011, (000000) 
[ DEBUG5 "MyRemoveOverlay"]                  [00021217], 000011, (000000) 
[ DEBUG5 "MyRemoveOverlay"]                  [00021218], 000000, (000000) 
[ DEBUG5 "MyRemoveOverlay"] 
[ DEBUG5 "MyRemoveOverlay"] 
[ DEBUG0 "MyRemoveOverlay"] 	MCParticle at index: 0 has PDG: -211 and MCParticle to Track link weight is 1.00e+00
[ DEBUG0 "MyRemoveOverlay"] 	MCParticle at index: 0 with PDG code: -211 has highest link weight to input track
[ DEBUG6 "MyRemoveOverlay"] 		Track is not linked to a MCParticle
[ DEBUG6 "MyRemoveOverlay"] 		Cluster is not linked to a MCParticle
[ DEBUG7 "MyRemoveOverlay"] 		********** PFO AT INDEX 19 IS NOT OVERLAY **********
[ DEBUG8 "MyRemoveOverlay"] 
[ DEBUG8 "MyRemoveOverlay"] 		-------------------------------------------------------
[ DEBUG8 "MyRemoveOverlay"] 		Processing PFO at index 20
[ DEBUG5 "MyRemoveOverlay"] ------------------ ReconstructedParticle -----------------------------
[ DEBUG5 "MyRemoveOverlay"] Id                                                             0x21219
[ DEBUG5 "MyRemoveOverlay"] Compound                                                             0
[ DEBUG5 "MyRemoveOverlay"] Type                                                               211
[ DEBUG5 "MyRemoveOverlay"] Momentum (x,y,z)                       -1.87e-02, +2.33e-01, -3.17e-01
[ DEBUG5 "MyRemoveOverlay"] Mass [GeV]                                                    1.40e-01
[ DEBUG5 "MyRemoveOverlay"] Charge [e]                                                    1.00e+00
[ DEBUG5 "MyRemoveOverlay"] Energy [GeV]                                                  4.18e-01
[ DEBUG5 "MyRemoveOverlay"] ReferencePoint                         -8.46e-01, +1.60e+01, -2.17e+01
[ DEBUG5 "MyRemoveOverlay"] ParticleIDUsed                                                       0
[ DEBUG5 "MyRemoveOverlay"] GoodnessOfPID                                                 0.00e+00
[ DEBUG5 "MyRemoveOverlay"] Covariance p,E:  7.40e-07, 2.95e-07, 1.44e-05, -3.28e-07, -1.85e-05, 
[ DEBUG5 "MyRemoveOverlay"]                  2.57e-05, 3.80e-07, 2.21e-05, -2.98e-05, 3.49e-05
[ DEBUG5 "MyRemoveOverlay"] Particles id:    
[ DEBUG5 "MyRemoveOverlay"] Tracks id:    [00020380]
[ DEBUG5 "MyRemoveOverlay"] Clusters id:  [00020996]
[ DEBUG5 "MyRemoveOverlay"] Particle ids ( [id], PDG, (type)): 
[ DEBUG5 "MyRemoveOverlay"]                  [00021220], 000013, (000000) 
[ DEBUG5 "MyRemoveOverlay"]                  [00021221], 000011, (000000) 
[ DEBUG5 "MyRemoveOverlay"]                  [00021222], 000000, (000000) 
[ DEBUG5 "MyRemoveOverlay"]                  [00021223], 000000, (000000) 
[ DEBUG5 "MyRemoveOverlay"]                  [00021224], 000000, (000000) 
[ DEBUG5 "MyRemoveOverlay"]                  [00021225], 000000, (000000) 
[ DEBUG5 "MyRemoveOverlay"]                  [00021226], 000013, (000000) 
[ DEBUG5 "MyRemoveOverlay"]                  [00021227], 000211, (000000) 
[ DEBUG5 "MyRemoveOverlay"]                  [00021228], 000011, (000000) 
[ DEBUG5 "MyRemoveOverlay"] 
[ DEBUG5 "MyRemoveOverlay"] 
[ DEBUG6 "MyRemoveOverlay"] 		Track is not linked to a MCParticle
[ DEBUG0 "MyRemoveOverlay"] 	MCParticle at index: 0 has PDG: -211 and MCParticle to Cluster link weight is 9.08e-01
[ DEBUG0 "MyRemoveOverlay"] 	MCParticle at index: 0 with PDG code: -211 has highest link weight to input cluster
[ DEBUG6 "MyRemoveOverlay"] 		Cluster is not linked to a MCParticle
[ DEBUG7 "MyRemoveOverlay"] 		********** PFO AT INDEX 20 IS NOT OVERLAY **********
[ DEBUG8 "MyRemoveOverlay"] 
[ DEBUG8 "MyRemoveOverlay"] 		-------------------------------------------------------
[ DEBUG8 "MyRemoveOverlay"] 		Processing PFO at index 21
[ DEBUG5 "MyRemoveOverlay"] ------------------ ReconstructedParticle -----------------------------
[ DEBUG5 "MyRemoveOverlay"] Id                                                             0x21229
[ DEBUG5 "MyRemoveOverlay"] Compound                                                             0
[ DEBUG5 "MyRemoveOverlay"] Type                                                              -211
[ DEBUG5 "MyRemoveOverlay"] Momentum (x,y,z)                       -3.30e-02, -4.05e-01, -3.27e-01
[ DEBUG5 "MyRemoveOverlay"] Mass [GeV]                                                    1.40e-01
[ DEBUG5 "MyRemoveOverlay"] Charge [e]                                                   -1.00e+00
[ DEBUG5 "MyRemoveOverlay"] Energy [GeV]                                                  5.40e-01
[ DEBUG5 "MyRemoveOverlay"] ReferencePoint                         -9.62e-01, -1.60e+01, -1.26e+01
[ DEBUG5 "MyRemoveOverlay"] ParticleIDUsed                                                       0
[ DEBUG5 "MyRemoveOverlay"] GoodnessOfPID                                                 0.00e+00
[ DEBUG5 "MyRemoveOverlay"] Covariance p,E:  5.90e-07, -3.21e-08, 5.53e-07, -7.82e-09, -1.92e-08, 
[ DEBUG5 "MyRemoveOverlay"]                  5.57e-07, -7.27e-09, -4.02e-07, -3.22e-07, 4.97e-07
[ DEBUG5 "MyRemoveOverlay"] Particles id:    
[ DEBUG5 "MyRemoveOverlay"] Tracks id:    [00020175]
[ DEBUG5 "MyRemoveOverlay"] Clusters id:  [00020997]
[ DEBUG5 "MyRemoveOverlay"] Particle ids ( [id], PDG, (type)): 
[ DEBUG5 "MyRemoveOverlay"]                  [00021230], 000013, (000000) 
[ DEBUG5 "MyRemoveOverlay"]                  [00021231], 000013, (000000) 
[ DEBUG5 "MyRemoveOverlay"]                  [00021232], 000000, (000000) 
[ DEBUG5 "MyRemoveOverlay"]                  [00021233], 000000, (000000) 
[ DEBUG5 "MyRemoveOverlay"]                  [00021234], 000000, (000000) 
[ DEBUG5 "MyRemoveOverlay"]                  [00021235], 000000, (000000) 
[ DEBUG5 "MyRemoveOverlay"]                  [00021236], 000211, (000000) 
[ DEBUG5 "MyRemoveOverlay"]                  [00021237], 000013, (000000) 
[ DEBUG5 "MyRemoveOverlay"]                  [00021238], 000013, (000000) 
[ DEBUG5 "MyRemoveOverlay"] 
[ DEBUG5 "MyRemoveOverlay"] 
[ DEBUG0 "MyRemoveOverlay"] 	MCParticle at index: 0 has PDG: -211 and MCParticle to Track link weight is 9.86e-01
[ DEBUG0 "MyRemoveOverlay"] 	MCParticle at index: 0 with PDG code: -211 has highest link weight to input track
[ DEBUG6 "MyRemoveOverlay"] 		Track is not linked to a MCParticle
[ DEBUG0 "MyRemoveOverlay"] 	MCParticle at index: 1 has PDG: -211 and MCParticle to Cluster link weight is 9.96e-01
[ DEBUG0 "MyRemoveOverlay"] 	MCParticle at index: 1 with PDG code: -211 has highest link weight to input cluster
[ DEBUG0 "MyRemoveOverlay"] 	Cluster at index: 0 has highest link weight to MCParticle = 1.00e+00
[ DEBUG0 "MyRemoveOverlay"] 	Cluster linked to MCParticle with highest weight
[ DEBUG6 "MyRemoveOverlay"] 		Found a linked MCParticle to cluster
[ DEBUG5 "MyRemoveOverlay"] ----------------------------- MCParticle -----------------------------
[ DEBUG5 "MyRemoveOverlay"] Id                                                               19586
[ DEBUG5 "MyRemoveOverlay"] PDG                                                               -211
[ DEBUG5 "MyRemoveOverlay"] Energy [GeV]                                                  5.46e-01
[ DEBUG5 "MyRemoveOverlay"] Momentum [GeV] (x,y,z)                -0.0330579, -0.410219, -0.330443
[ DEBUG5 "MyRemoveOverlay"] Momentum at Endpoint[GeV] (x,y,z)                                 0, 0, -0
[ DEBUG5 "MyRemoveOverlay"] GeneratorStatus                                                      1
[ DEBUG5 "MyRemoveOverlay"] Vertex [mm] (x,y,z)              -2.39191e-310, -8.75763e-310, 0.29687
[ DEBUG5 "MyRemoveOverlay"] Endpoint [mm] (x,y,z)                      567.466, -333.646, -2572.86
[ DEBUG5 "MyRemoveOverlay"] Mass [GeV]                                                    1.40e-01
[ DEBUG5 "MyRemoveOverlay"] Charge                                                       -1.00e+00
[ DEBUG5 "MyRemoveOverlay"] Parents                                                              1
[ DEBUG5 "MyRemoveOverlay"] Daughters                                                            1
[ DEBUG5 "MyRemoveOverlay"] simulator status bits: [sbvtcls]  s: created in simulation b: backscatter v: vertex is not endpoint of parent t: decayed in tracker c: decayed in calorimeter l: has left detector s: stopped o: overlay
[ DEBUG5 "MyRemoveOverlay"] [    c so]
[ DEBUG5 "MyRemoveOverlay"] 
[ DEBUG7 "MyRemoveOverlay"] 		********** PFO AT INDEX 21 IS OVERLAY **********
[ DEBUG8 "MyRemoveOverlay"] 
[ DEBUG8 "MyRemoveOverlay"] 		-------------------------------------------------------
[ DEBUG8 "MyRemoveOverlay"] 		Processing PFO at index 22
[ DEBUG5 "MyRemoveOverlay"] ------------------ ReconstructedParticle -----------------------------
[ DEBUG5 "MyRemoveOverlay"] Id                                                             0x21239
[ DEBUG5 "MyRemoveOverlay"] Compound                                                             0
[ DEBUG5 "MyRemoveOverlay"] Type                                                              -211
[ DEBUG5 "MyRemoveOverlay"] Momentum (x,y,z)                       -2.29e-01, -3.92e-01, -5.03e-01
[ DEBUG5 "MyRemoveOverlay"] Mass [GeV]                                                    1.40e-01
[ DEBUG5 "MyRemoveOverlay"] Charge [e]                                                   -1.00e+00
[ DEBUG5 "MyRemoveOverlay"] Energy [GeV]                                                  6.92e-01
[ DEBUG5 "MyRemoveOverlay"] ReferencePoint                         -7.87e+00, -1.40e+01, -1.78e+01
[ DEBUG5 "MyRemoveOverlay"] ParticleIDUsed                                                       0
[ DEBUG5 "MyRemoveOverlay"] GoodnessOfPID                                                 0.00e+00
[ DEBUG5 "MyRemoveOverlay"] Covariance p,E:  6.54e-07, -2.36e-08, 7.11e-07, 1.16e-08, 2.72e-08, 
[ DEBUG5 "MyRemoveOverlay"]                  6.81e-07, -2.12e-07, -4.14e-07, -5.15e-07, 6.79e-07
[ DEBUG5 "MyRemoveOverlay"] Particles id:    
[ DEBUG5 "MyRemoveOverlay"] Tracks id:    [00020270]
[ DEBUG5 "MyRemoveOverlay"] Clusters id:  [00020998]
[ DEBUG5 "MyRemoveOverlay"] Particle ids ( [id], PDG, (type)): 
[ DEBUG5 "MyRemoveOverlay"]                  [00021240], 000013, (000000) 
[ DEBUG5 "MyRemoveOverlay"]                  [00021241], 000000, (000000) 
[ DEBUG5 "MyRemoveOverlay"]                  [00021242], 000000, (000000) 
[ DEBUG5 "MyRemoveOverlay"]                  [00021243], 000000, (000000) 
[ DEBUG5 "MyRemoveOverlay"]                  [00021244], 000000, (000000) 
[ DEBUG5 "MyRemoveOverlay"]                  [00021245], 000013, (000000) 
[ DEBUG5 "MyRemoveOverlay"]                  [00021246], 000013, (000000) 
[ DEBUG5 "MyRemoveOverlay"]                  [00021247], 000013, (000000) 
[ DEBUG5 "MyRemoveOverlay"]                  [00021248], 000013, (000000) 
[ DEBUG5 "MyRemoveOverlay"] 
[ DEBUG5 "MyRemoveOverlay"] 
[ DEBUG0 "MyRemoveOverlay"] 	MCParticle at index: 0 has PDG: -211 and MCParticle to Track link weight is 1.00e+00
[ DEBUG0 "MyRemoveOverlay"] 	MCParticle at index: 0 with PDG code: -211 has highest link weight to input track
[ DEBUG6 "MyRemoveOverlay"] 		Track is not linked to a MCParticle
[ DEBUG6 "MyRemoveOverlay"] 		Cluster is not linked to a MCParticle
[ DEBUG7 "MyRemoveOverlay"] 		********** PFO AT INDEX 22 IS NOT OVERLAY **********
[ DEBUG8 "MyRemoveOverlay"] 
[ DEBUG8 "MyRemoveOverlay"] 		-------------------------------------------------------
[ DEBUG8 "MyRemoveOverlay"] 		Processing PFO at index 23
[ DEBUG5 "MyRemoveOverlay"] ------------------ ReconstructedParticle -----------------------------
[ DEBUG5 "MyRemoveOverlay"] Id                                                             0x21249
[ DEBUG5 "MyRemoveOverlay"] Compound                                                             0
[ DEBUG5 "MyRemoveOverlay"] Type                                                               -11
[ DEBUG5 "MyRemoveOverlay"] Momentum (x,y,z)                       -2.90e-01, -9.62e-01, -6.92e-01
[ DEBUG5 "MyRemoveOverlay"] Mass [GeV]                                                    5.11e-04
[ DEBUG5 "MyRemoveOverlay"] Charge [e]                                                    1.00e+00
[ DEBUG5 "MyRemoveOverlay"] Energy [GeV]                                                  1.22e+00
[ DEBUG5 "MyRemoveOverlay"] ReferencePoint                         -4.94e+00, -1.60e+01, -1.14e+01
[ DEBUG5 "MyRemoveOverlay"] ParticleIDUsed                                                       0
[ DEBUG5 "MyRemoveOverlay"] GoodnessOfPID                                                 0.00e+00
[ DEBUG5 "MyRemoveOverlay"] Covariance p,E:  6.20e-07, 6.20e-08, 7.25e-07, 3.46e-08, 1.07e-07, 
[ DEBUG5 "MyRemoveOverlay"]                  6.65e-07, -2.16e-07, -6.47e-07, -4.69e-07, 8.28e-07
[ DEBUG5 "MyRemoveOverlay"] Particles id:    
[ DEBUG5 "MyRemoveOverlay"] Tracks id:    [00020190]
[ DEBUG5 "MyRemoveOverlay"] Clusters id:  [00020999]
[ DEBUG5 "MyRemoveOverlay"] Particle ids ( [id], PDG, (type)): 
[ DEBUG5 "MyRemoveOverlay"]                  [00021250], 000321, (000000) 
[ DEBUG5 "MyRemoveOverlay"]                  [00021251], 000000, (000000) 
[ DEBUG5 "MyRemoveOverlay"]                  [00021252], 000000, (000000) 
[ DEBUG5 "MyRemoveOverlay"]                  [00021253], 000000, (000000) 
[ DEBUG5 "MyRemoveOverlay"]                  [00021254], 000000, (000000) 
[ DEBUG5 "MyRemoveOverlay"]                  [00021255], 000000, (000000) 
[ DEBUG5 "MyRemoveOverlay"]                  [00021256], 000011, (000000) 
[ DEBUG5 "MyRemoveOverlay"]                  [00021257], 000011, (000000) 
[ DEBUG5 "MyRemoveOverlay"]                  [00021258], 000321, (000000) 
[ DEBUG5 "MyRemoveOverlay"] 
[ DEBUG5 "MyRemoveOverlay"] 
[ DEBUG0 "MyRemoveOverlay"] 	MCParticle at index: 0 has PDG: 211 and MCParticle to Track link weight is 1.00e+00
[ DEBUG0 "MyRemoveOverlay"] 	MCParticle at index: 0 with PDG code: 211 has highest link weight to input track
[ DEBUG0 "MyRemoveOverlay"] 	Track at index: 0 has highest link weight to MCParticle = 9.91e-01
[ DEBUG0 "MyRemoveOverlay"] 	Track linked to MCParticle with highest weight
[ DEBUG6 "MyRemoveOverlay"] 		Found a linked MCParticle to track
[ DEBUG5 "MyRemoveOverlay"] ----------------------------- MCParticle -----------------------------
[ DEBUG5 "MyRemoveOverlay"] Id                                                               19461
[ DEBUG5 "MyRemoveOverlay"] PDG                                                                211
[ DEBUG5 "MyRemoveOverlay"] Energy [GeV]                                                  1.23e+00
[ DEBUG5 "MyRemoveOverlay"] Momentum [GeV] (x,y,z)                 -0.288853, -0.962592, -0.690974
[ DEBUG5 "MyRemoveOverlay"] Momentum at Endpoint[GeV] (x,y,z)                                 0, 0, -0
[ DEBUG5 "MyRemoveOverlay"] GeneratorStatus                                                      1
[ DEBUG5 "MyRemoveOverlay"] Vertex [mm] (x,y,z)            -1.68876e-308, -4.52627e-308, 0.0888168
[ DEBUG5 "MyRemoveOverlay"] Endpoint [mm] (x,y,z)                      -1831.95, 200.409, -1842.26
[ DEBUG5 "MyRemoveOverlay"] Mass [GeV]                                                    1.40e-01
[ DEBUG5 "MyRemoveOverlay"] Charge                                                        1.00e+00
[ DEBUG5 "MyRemoveOverlay"] Parents                                                              1
[ DEBUG5 "MyRemoveOverlay"] Daughters                                                            0
[ DEBUG5 "MyRemoveOverlay"] simulator status bits: [sbvtcls]  s: created in simulation b: backscatter v: vertex is not endpoint of parent t: decayed in tracker c: decayed in calorimeter l: has left detector s: stopped o: overlay
[ DEBUG5 "MyRemoveOverlay"] [    c s ]
[ DEBUG5 "MyRemoveOverlay"] 
[ DEBUG0 "MyRemoveOverlay"] 	MCParticle at index: 0 has PDG: 211 and MCParticle to Cluster link weight is 1.00e+00
[ DEBUG0 "MyRemoveOverlay"] 	MCParticle at index: 0 with PDG code: 211 has highest link weight to input cluster
[ DEBUG6 "MyRemoveOverlay"] 		Cluster is not linked to a MCParticle
[ DEBUG7 "MyRemoveOverlay"] 		********** PFO AT INDEX 23 IS NOT OVERLAY **********
[ DEBUG8 "MyRemoveOverlay"] 
[ DEBUG8 "MyRemoveOverlay"] 		-------------------------------------------------------
[ DEBUG8 "MyRemoveOverlay"] 		Processing PFO at index 24
[ DEBUG5 "MyRemoveOverlay"] ------------------ ReconstructedParticle -----------------------------
[ DEBUG5 "MyRemoveOverlay"] Id                                                             0x21259
[ DEBUG5 "MyRemoveOverlay"] Compound                                                             0
[ DEBUG5 "MyRemoveOverlay"] Type                                                             -2212
[ DEBUG5 "MyRemoveOverlay"] Momentum (x,y,z)                       +8.95e-01, +1.30e+00, -3.97e-01
[ DEBUG5 "MyRemoveOverlay"] Mass [GeV]                                                    9.38e-01
[ DEBUG5 "MyRemoveOverlay"] Charge [e]                                                   -1.00e+00
[ DEBUG5 "MyRemoveOverlay"] Energy [GeV]                                                  1.88e+00
[ DEBUG5 "MyRemoveOverlay"] ReferencePoint                         +8.98e+00, +1.32e+01, -4.02e+00
[ DEBUG5 "MyRemoveOverlay"] ParticleIDUsed                                                       0
[ DEBUG5 "MyRemoveOverlay"] GoodnessOfPID                                                 0.00e+00
[ DEBUG5 "MyRemoveOverlay"] Covariance p,E:  9.51e-07, 4.54e-07, 1.36e-06, -1.37e-07, -2.11e-07, 
[ DEBUG5 "MyRemoveOverlay"]                  7.21e-07, 7.97e-07, 1.20e-06, -3.64e-07, 1.29e-06
[ DEBUG5 "MyRemoveOverlay"] Particles id:    
[ DEBUG5 "MyRemoveOverlay"] Tracks id:    [00020210]
[ DEBUG5 "MyRemoveOverlay"] Clusters id:  [00021000]
[ DEBUG5 "MyRemoveOverlay"] Particle ids ( [id], PDG, (type)): 
[ DEBUG5 "MyRemoveOverlay"]                  [00021260], 000000, (000000) 
[ DEBUG5 "MyRemoveOverlay"]                  [00021261], 000000, (000000) 
[ DEBUG5 "MyRemoveOverlay"]                  [00021262], 000000, (000000) 
[ DEBUG5 "MyRemoveOverlay"]                  [00021263], 000000, (000000) 
[ DEBUG5 "MyRemoveOverlay"]                  [00021264], 000000, (000000) 
[ DEBUG5 "MyRemoveOverlay"]                  [00021265], 000011, (000000) 
[ DEBUG5 "MyRemoveOverlay"]                  [00021266], 000011, (000000) 
[ DEBUG5 "MyRemoveOverlay"]                  [00021267], 000011, (000000) 
[ DEBUG5 "MyRemoveOverlay"]                  [00021268], 000011, (000000) 
[ DEBUG5 "MyRemoveOverlay"] 
[ DEBUG5 "MyRemoveOverlay"] 
[ DEBUG0 "MyRemoveOverlay"] 	MCParticle at index: 0 has PDG: -2212 and MCParticle to Track link weight is 1.00e+00
[ DEBUG0 "MyRemoveOverlay"] 	MCParticle at index: 0 with PDG code: -2212 has highest link weight to input track
[ DEBUG0 "MyRemoveOverlay"] 	Track at index: 0 has highest link weight to MCParticle = 9.32e-01
[ DEBUG0 "MyRemoveOverlay"] 	Track linked to MCParticle with highest weight
[ DEBUG6 "MyRemoveOverlay"] 		Found a linked MCParticle to track
[ DEBUG5 "MyRemoveOverlay"] ----------------------------- MCParticle -----------------------------
[ DEBUG5 "MyRemoveOverlay"] Id                                                               19651
[ DEBUG5 "MyRemoveOverlay"] PDG                                                              -2212
[ DEBUG5 "MyRemoveOverlay"] Energy [GeV]                                                  1.88e+00
[ DEBUG5 "MyRemoveOverlay"] Momentum [GeV] (x,y,z)                    0.892087, 1.29791, -0.393895
[ DEBUG5 "MyRemoveOverlay"] Momentum at Endpoint[GeV] (x,y,z)                                -0, 0, -0
[ DEBUG5 "MyRemoveOverlay"] GeneratorStatus                                                      1
[ DEBUG5 "MyRemoveOverlay"] Vertex [mm] (x,y,z)                                   0, 0, -0.0283088
[ DEBUG5 "MyRemoveOverlay"] Endpoint [mm] (x,y,z)                      -84.9371, 1813.45, -488.889
[ DEBUG5 "MyRemoveOverlay"] Mass [GeV]                                                    9.38e-01
[ DEBUG5 "MyRemoveOverlay"] Charge                                                       -1.00e+00
[ DEBUG5 "MyRemoveOverlay"] Parents                                                              1
[ DEBUG5 "MyRemoveOverlay"] Daughters                                                            2
[ DEBUG5 "MyRemoveOverlay"] simulator status bits: [sbvtcls]  s: created in simulation b: backscatter v: vertex is not endpoint of parent t: decayed in tracker c: decayed in calorimeter l: has left detector s: stopped o: overlay
[ DEBUG5 "MyRemoveOverlay"] [    c so]
[ DEBUG5 "MyRemoveOverlay"] 
[ DEBUG0 "MyRemoveOverlay"] 	MCParticle at index: 0 has PDG: -2212 and MCParticle to Cluster link weight is 9.87e-01
[ DEBUG0 "MyRemoveOverlay"] 	MCParticle at index: 0 with PDG code: -2212 has highest link weight to input cluster
[ DEBUG6 "MyRemoveOverlay"] 		Cluster is not linked to a MCParticle
[ DEBUG7 "MyRemoveOverlay"] 		********** PFO AT INDEX 24 IS OVERLAY **********
[ DEBUG8 "MyRemoveOverlay"] 
[ DEBUG8 "MyRemoveOverlay"] 		-------------------------------------------------------
[ DEBUG8 "MyRemoveOverlay"] 		Processing PFO at index 25
[ DEBUG5 "MyRemoveOverlay"] ------------------ ReconstructedParticle -----------------------------
[ DEBUG5 "MyRemoveOverlay"] Id                                                             0x21269
[ DEBUG5 "MyRemoveOverlay"] Compound                                                             0
[ DEBUG5 "MyRemoveOverlay"] Type                                                              -211
[ DEBUG5 "MyRemoveOverlay"] Momentum (x,y,z)                       +2.39e+00, +1.56e+00, +2.81e+00
[ DEBUG5 "MyRemoveOverlay"] Mass [GeV]                                                    1.40e-01
[ DEBUG5 "MyRemoveOverlay"] Charge [e]                                                   -1.00e+00
[ DEBUG5 "MyRemoveOverlay"] Energy [GeV]                                                  4.01e+00
[ DEBUG5 "MyRemoveOverlay"] ReferencePoint                         +1.43e+01, +9.36e+00, +1.69e+01
[ DEBUG5 "MyRemoveOverlay"] ParticleIDUsed                                                       0
[ DEBUG5 "MyRemoveOverlay"] GoodnessOfPID                                                 0.00e+00
[ DEBUG5 "MyRemoveOverlay"] Covariance p,E:  4.73e-06, 2.62e-06, 2.54e-06, 4.67e-06, 3.13e-06, 
[ DEBUG5 "MyRemoveOverlay"]                  6.29e-06, 7.11e-06, 4.74e-06, 8.41e-06, 1.20e-05
[ DEBUG5 "MyRemoveOverlay"] Particles id:    
[ DEBUG5 "MyRemoveOverlay"] Tracks id:    [00020205]
[ DEBUG5 "MyRemoveOverlay"] Clusters id:  [00021001]
[ DEBUG5 "MyRemoveOverlay"] Particle ids ( [id], PDG, (type)): 
[ DEBUG5 "MyRemoveOverlay"]                  [00021270], 000211, (000000) 
[ DEBUG5 "MyRemoveOverlay"]                  [00021271], 000000, (000000) 
[ DEBUG5 "MyRemoveOverlay"]                  [00021272], 000000, (000000) 
[ DEBUG5 "MyRemoveOverlay"]                  [00021273], 000000, (000000) 
[ DEBUG5 "MyRemoveOverlay"]                  [00021274], 000000, (000000) 
[ DEBUG5 "MyRemoveOverlay"]                  [00021275], 000000, (000000) 
[ DEBUG5 "MyRemoveOverlay"]                  [00021276], 000011, (000000) 
[ DEBUG5 "MyRemoveOverlay"]                  [00021277], 000211, (000000) 
[ DEBUG5 "MyRemoveOverlay"]                  [00021278], 000011, (000000) 
[ DEBUG5 "MyRemoveOverlay"] 
[ DEBUG5 "MyRemoveOverlay"] 
[ DEBUG0 "MyRemoveOverlay"] 	MCParticle at index: 0 has PDG: -211 and MCParticle to Track link weight is 1.00e+00
[ DEBUG0 "MyRemoveOverlay"] 	MCParticle at index: 0 with PDG code: -211 has highest link weight to input track
[ DEBUG0 "MyRemoveOverlay"] 	Track at index: 0 has highest link weight to MCParticle = 9.87e-01
[ DEBUG0 "MyRemoveOverlay"] 	Track linked to MCParticle with highest weight
[ DEBUG6 "MyRemoveOverlay"] 		Found a linked MCParticle to track
[ DEBUG5 "MyRemoveOverlay"] ----------------------------- MCParticle -----------------------------
[ DEBUG5 "MyRemoveOverlay"] Id                                                               19499
[ DEBUG5 "MyRemoveOverlay"] PDG                                                               -211
[ DEBUG5 "MyRemoveOverlay"] Energy [GeV]                                                  4.00e+00
[ DEBUG5 "MyRemoveOverlay"] Momentum [GeV] (x,y,z)                        2.38737, 1.5526, 2.80069
[ DEBUG5 "MyRemoveOverlay"] Momentum at Endpoint[GeV] (x,y,z)                                  0, 0, 0
[ DEBUG5 "MyRemoveOverlay"] GeneratorStatus                                                      1
[ DEBUG5 "MyRemoveOverlay"] Vertex [mm] (x,y,z)              8.45294e-309, 4.93896e-309, 0.0888168
[ DEBUG5 "MyRemoveOverlay"] Endpoint [mm] (x,y,z)                         1133.51, 1537.86, 1917.8
[ DEBUG5 "MyRemoveOverlay"] Mass [GeV]                                                    1.40e-01
[ DEBUG5 "MyRemoveOverlay"] Charge                                                       -1.00e+00
[ DEBUG5 "MyRemoveOverlay"] Parents                                                              1
[ DEBUG5 "MyRemoveOverlay"] Daughters                                                            0
[ DEBUG5 "MyRemoveOverlay"] simulator status bits: [sbvtcls]  s: created in simulation b: backscatter v: vertex is not endpoint of parent t: decayed in tracker c: decayed in calorimeter l: has left detector s: stopped o: overlay
[ DEBUG5 "MyRemoveOverlay"] [    c s ]
[ DEBUG5 "MyRemoveOverlay"] 
[ DEBUG0 "MyRemoveOverlay"] 	MCParticle at index: 0 has PDG: -211 and MCParticle to Cluster link weight is 1.00e+00
[ DEBUG0 "MyRemoveOverlay"] 	MCParticle at index: 0 with PDG code: -211 has highest link weight to input cluster
[ DEBUG0 "MyRemoveOverlay"] 	Cluster at index: 0 has highest link weight to MCParticle = 1.00e+00
[ DEBUG0 "MyRemoveOverlay"] 	Cluster linked to MCParticle with highest weight
[ DEBUG6 "MyRemoveOverlay"] 		Found a linked MCParticle to cluster
[ DEBUG5 "MyRemoveOverlay"] ----------------------------- MCParticle -----------------------------
[ DEBUG5 "MyRemoveOverlay"] Id                                                               19499
[ DEBUG5 "MyRemoveOverlay"] PDG                                                               -211
[ DEBUG5 "MyRemoveOverlay"] Energy [GeV]                                                  4.00e+00
[ DEBUG5 "MyRemoveOverlay"] Momentum [GeV] (x,y,z)                        2.38737, 1.5526, 2.80069
[ DEBUG5 "MyRemoveOverlay"] Momentum at Endpoint[GeV] (x,y,z)                                  0, 0, 0
[ DEBUG5 "MyRemoveOverlay"] GeneratorStatus                                                      1
[ DEBUG5 "MyRemoveOverlay"] Vertex [mm] (x,y,z)              8.45294e-309, 4.93896e-309, 0.0888168
[ DEBUG5 "MyRemoveOverlay"] Endpoint [mm] (x,y,z)                         1133.51, 1537.86, 1917.8
[ DEBUG5 "MyRemoveOverlay"] Mass [GeV]                                                    1.40e-01
[ DEBUG5 "MyRemoveOverlay"] Charge                                                       -1.00e+00
[ DEBUG5 "MyRemoveOverlay"] Parents                                                              1
[ DEBUG5 "MyRemoveOverlay"] Daughters                                                            0
[ DEBUG5 "MyRemoveOverlay"] simulator status bits: [sbvtcls]  s: created in simulation b: backscatter v: vertex is not endpoint of parent t: decayed in tracker c: decayed in calorimeter l: has left detector s: stopped o: overlay
[ DEBUG5 "MyRemoveOverlay"] [    c s ]
[ DEBUG5 "MyRemoveOverlay"] 
[ DEBUG7 "MyRemoveOverlay"] 		********** PFO AT INDEX 25 IS NOT OVERLAY **********
[ DEBUG8 "MyRemoveOverlay"] 
[ DEBUG8 "MyRemoveOverlay"] 		-------------------------------------------------------
[ DEBUG8 "MyRemoveOverlay"] 		Processing PFO at index 26
[ DEBUG5 "MyRemoveOverlay"] ------------------ ReconstructedParticle -----------------------------
[ DEBUG5 "MyRemoveOverlay"] Id                                                             0x21279
[ DEBUG5 "MyRemoveOverlay"] Compound                                                             0
[ DEBUG5 "MyRemoveOverlay"] Type                                                              -211
[ DEBUG5 "MyRemoveOverlay"] Momentum (x,y,z)                       +3.66e+00, +2.12e+00, +4.60e+00
[ DEBUG5 "MyRemoveOverlay"] Mass [GeV]                                                    1.40e-01
[ DEBUG5 "MyRemoveOverlay"] Charge [e]                                                   -1.00e+00
[ DEBUG5 "MyRemoveOverlay"] Energy [GeV]                                                  6.25e+00
[ DEBUG5 "MyRemoveOverlay"] ReferencePoint                         +1.51e+01, +8.79e+00, +1.91e+01
[ DEBUG5 "MyRemoveOverlay"] ParticleIDUsed                                                       0
[ DEBUG5 "MyRemoveOverlay"] GoodnessOfPID                                                 0.00e+00
[ DEBUG5 "MyRemoveOverlay"] Covariance p,E:  1.11e-05, 5.97e-06, 4.49e-06, 1.28e-05, 7.62e-06, 
[ DEBUG5 "MyRemoveOverlay"]                  1.71e-05, 1.80e-05, 1.06e-05, 2.27e-05, 3.08e-05
[ DEBUG5 "MyRemoveOverlay"] Particles id:    
[ DEBUG5 "MyRemoveOverlay"] Tracks id:    [00020300]
[ DEBUG5 "MyRemoveOverlay"] Clusters id:  [00021002]
[ DEBUG5 "MyRemoveOverlay"] Particle ids ( [id], PDG, (type)): 
[ DEBUG5 "MyRemoveOverlay"]                  [00021280], 000211, (000000) 
[ DEBUG5 "MyRemoveOverlay"]                  [00021281], 000000, (000000) 
[ DEBUG5 "MyRemoveOverlay"]                  [00021282], 000000, (000000) 
[ DEBUG5 "MyRemoveOverlay"]                  [00021283], 000000, (000000) 
[ DEBUG5 "MyRemoveOverlay"]                  [00021284], 000000, (000000) 
[ DEBUG5 "MyRemoveOverlay"]                  [00021285], 000000, (000000) 
[ DEBUG5 "MyRemoveOverlay"]                  [00021286], 000011, (000000) 
[ DEBUG5 "MyRemoveOverlay"]                  [00021287], 000211, (000000) 
[ DEBUG5 "MyRemoveOverlay"]                  [00021288], 000011, (000000) 
[ DEBUG5 "MyRemoveOverlay"] 
[ DEBUG5 "MyRemoveOverlay"] 
[ DEBUG0 "MyRemoveOverlay"] 	MCParticle at index: 0 has PDG: -211 and MCParticle to Track link weight is 1.00e+00
[ DEBUG0 "MyRemoveOverlay"] 	MCParticle at index: 0 with PDG code: -211 has highest link weight to input track
[ DEBUG0 "MyRemoveOverlay"] 	Track at index: 0 has highest link weight to MCParticle = 9.91e-01
[ DEBUG0 "MyRemoveOverlay"] 	Track linked to MCParticle with highest weight
[ DEBUG6 "MyRemoveOverlay"] 		Found a linked MCParticle to track
[ DEBUG5 "MyRemoveOverlay"] ----------------------------- MCParticle -----------------------------
[ DEBUG5 "MyRemoveOverlay"] Id                                                               19476
[ DEBUG5 "MyRemoveOverlay"] PDG                                                               -211
[ DEBUG5 "MyRemoveOverlay"] Energy [GeV]                                                  6.25e+00
[ DEBUG5 "MyRemoveOverlay"] Momentum [GeV] (x,y,z)                       3.66068, 2.12036, 4.60469
[ DEBUG5 "MyRemoveOverlay"] Momentum at Endpoint[GeV] (x,y,z)                                  0, 0, 0
[ DEBUG5 "MyRemoveOverlay"] GeneratorStatus                                                      1
[ DEBUG5 "MyRemoveOverlay"] Vertex [mm] (x,y,z)                                    0, 0, 0.0888168
[ DEBUG5 "MyRemoveOverlay"] Endpoint [mm] (x,y,z)                        1385.61, 1336.68, 2115.99
[ DEBUG5 "MyRemoveOverlay"] Mass [GeV]                                                    1.40e-01
[ DEBUG5 "MyRemoveOverlay"] Charge                                                       -1.00e+00
[ DEBUG5 "MyRemoveOverlay"] Parents                                                              1
[ DEBUG5 "MyRemoveOverlay"] Daughters                                                            0
[ DEBUG5 "MyRemoveOverlay"] simulator status bits: [sbvtcls]  s: created in simulation b: backscatter v: vertex is not endpoint of parent t: decayed in tracker c: decayed in calorimeter l: has left detector s: stopped o: overlay
[ DEBUG5 "MyRemoveOverlay"] [    c s ]
[ DEBUG5 "MyRemoveOverlay"] 
[ DEBUG0 "MyRemoveOverlay"] 	MCParticle at index: 0 has PDG: -211 and MCParticle to Cluster link weight is 9.88e-01
[ DEBUG0 "MyRemoveOverlay"] 	MCParticle at index: 0 with PDG code: -211 has highest link weight to input cluster
[ DEBUG0 "MyRemoveOverlay"] 	Cluster at index: 0 has highest link weight to MCParticle = 9.13e-01
[ DEBUG0 "MyRemoveOverlay"] 	Cluster linked to MCParticle with highest weight
[ DEBUG6 "MyRemoveOverlay"] 		Found a linked MCParticle to cluster
[ DEBUG5 "MyRemoveOverlay"] ----------------------------- MCParticle -----------------------------
[ DEBUG5 "MyRemoveOverlay"] Id                                                               19476
[ DEBUG5 "MyRemoveOverlay"] PDG                                                               -211
[ DEBUG5 "MyRemoveOverlay"] Energy [GeV]                                                  6.25e+00
[ DEBUG5 "MyRemoveOverlay"] Momentum [GeV] (x,y,z)                       3.66068, 2.12036, 4.60469
[ DEBUG5 "MyRemoveOverlay"] Momentum at Endpoint[GeV] (x,y,z)                                  0, 0, 0
[ DEBUG5 "MyRemoveOverlay"] GeneratorStatus                                                      1
[ DEBUG5 "MyRemoveOverlay"] Vertex [mm] (x,y,z)                                    0, 0, 0.0888168
[ DEBUG5 "MyRemoveOverlay"] Endpoint [mm] (x,y,z)                        1385.61, 1336.68, 2115.99
[ DEBUG5 "MyRemoveOverlay"] Mass [GeV]                                                    1.40e-01
[ DEBUG5 "MyRemoveOverlay"] Charge                                                       -1.00e+00
[ DEBUG5 "MyRemoveOverlay"] Parents                                                              1
[ DEBUG5 "MyRemoveOverlay"] Daughters                                                            0
[ DEBUG5 "MyRemoveOverlay"] simulator status bits: [sbvtcls]  s: created in simulation b: backscatter v: vertex is not endpoint of parent t: decayed in tracker c: decayed in calorimeter l: has left detector s: stopped o: overlay
[ DEBUG5 "MyRemoveOverlay"] [    c s ]
[ DEBUG5 "MyRemoveOverlay"] 
[ DEBUG7 "MyRemoveOverlay"] 		********** PFO AT INDEX 26 IS NOT OVERLAY **********
[ DEBUG8 "MyRemoveOverlay"] 
[ DEBUG8 "MyRemoveOverlay"] 		-------------------------------------------------------
[ DEBUG8 "MyRemoveOverlay"] 		Processing PFO at index 27
[ DEBUG5 "MyRemoveOverlay"] ------------------ ReconstructedParticle -----------------------------
[ DEBUG5 "MyRemoveOverlay"] Id                                                             0x21289
[ DEBUG5 "MyRemoveOverlay"] Compound                                                             0
[ DEBUG5 "MyRemoveOverlay"] Type                                                               211
[ DEBUG5 "MyRemoveOverlay"] Momentum (x,y,z)                       +3.55e+01, +1.83e+01, +4.56e+01
[ DEBUG5 "MyRemoveOverlay"] Mass [GeV]                                                    1.40e-01
[ DEBUG5 "MyRemoveOverlay"] Charge [e]                                                    1.00e+00
[ DEBUG5 "MyRemoveOverlay"] Energy [GeV]                                                  6.06e+01
[ DEBUG5 "MyRemoveOverlay"] ReferencePoint                         +1.44e+01, +7.42e+00, +1.85e+01
[ DEBUG5 "MyRemoveOverlay"] ParticleIDUsed                                                       0
[ DEBUG5 "MyRemoveOverlay"] GoodnessOfPID                                                 0.00e+00
[ DEBUG5 "MyRemoveOverlay"] Covariance p,E:  3.75e-03, 1.92e-03, 9.91e-04, 4.80e-03, 2.47e-03, 
[ DEBUG5 "MyRemoveOverlay"]                  6.16e-03, 6.39e-03, 3.28e-03, 8.19e-03, 1.09e-02
[ DEBUG5 "MyRemoveOverlay"] Particles id:    
[ DEBUG5 "MyRemoveOverlay"] Tracks id:    [00020250]
[ DEBUG5 "MyRemoveOverlay"] Clusters id:  [00021003]
[ DEBUG5 "MyRemoveOverlay"] Particle ids ( [id], PDG, (type)): 
[ DEBUG5 "MyRemoveOverlay"]                  [00021290], 000211, (000000) 
[ DEBUG5 "MyRemoveOverlay"]                  [00021291], 000000, (000000) 
[ DEBUG5 "MyRemoveOverlay"]                  [00021292], 000000, (000000) 
[ DEBUG5 "MyRemoveOverlay"]                  [00021293], 000000, (000000) 
[ DEBUG5 "MyRemoveOverlay"]                  [00021294], 000000, (000000) 
[ DEBUG5 "MyRemoveOverlay"]                  [00021295], 000000, (000000) 
[ DEBUG5 "MyRemoveOverlay"]                  [00021296], 000211, (000000) 
[ DEBUG5 "MyRemoveOverlay"]                  [00021297], 000211, (000000) 
[ DEBUG5 "MyRemoveOverlay"]                  [00021298], 000211, (000000) 
[ DEBUG5 "MyRemoveOverlay"] 
[ DEBUG5 "MyRemoveOverlay"] 
[ DEBUG0 "MyRemoveOverlay"] 	MCParticle at index: 0 has PDG: 211 and MCParticle to Track link weight is 1.00e+00
[ DEBUG0 "MyRemoveOverlay"] 	MCParticle at index: 0 with PDG code: 211 has highest link weight to input track
[ DEBUG0 "MyRemoveOverlay"] 	Track at index: 0 has highest link weight to MCParticle = 9.91e-01
[ DEBUG0 "MyRemoveOverlay"] 	Track linked to MCParticle with highest weight
[ DEBUG6 "MyRemoveOverlay"] 		Found a linked MCParticle to track
[ DEBUG5 "MyRemoveOverlay"] ----------------------------- MCParticle -----------------------------
[ DEBUG5 "MyRemoveOverlay"] Id                                                               19452
[ DEBUG5 "MyRemoveOverlay"] PDG                                                                211
[ DEBUG5 "MyRemoveOverlay"] Energy [GeV]                                                  6.05e+01
[ DEBUG5 "MyRemoveOverlay"] Momentum [GeV] (x,y,z)                       35.4211, 18.2771, 45.4479
[ DEBUG5 "MyRemoveOverlay"] Momentum at Endpoint[GeV] (x,y,z)                                  0, 0, 0
[ DEBUG5 "MyRemoveOverlay"] GeneratorStatus                                                      1
[ DEBUG5 "MyRemoveOverlay"] Vertex [mm] (x,y,z)                                    0, 0, 0.0888168
[ DEBUG5 "MyRemoveOverlay"] Endpoint [mm] (x,y,z)                         2204.81, 1048.7, 2784.93
[ DEBUG5 "MyRemoveOverlay"] Mass [GeV]                                                    1.40e-01
[ DEBUG5 "MyRemoveOverlay"] Charge                                                        1.00e+00
[ DEBUG5 "MyRemoveOverlay"] Parents                                                              1
[ DEBUG5 "MyRemoveOverlay"] Daughters                                                            0
[ DEBUG5 "MyRemoveOverlay"] simulator status bits: [sbvtcls]  s: created in simulation b: backscatter v: vertex is not endpoint of parent t: decayed in tracker c: decayed in calorimeter l: has left detector s: stopped o: overlay
[ DEBUG5 "MyRemoveOverlay"] [    c s ]
[ DEBUG5 "MyRemoveOverlay"] 
[ DEBUG0 "MyRemoveOverlay"] 	MCParticle at index: 1 has PDG: 211 and MCParticle to Cluster link weight is 9.99e-01
[ DEBUG0 "MyRemoveOverlay"] 	MCParticle at index: 1 with PDG code: 211 has highest link weight to input cluster
[ DEBUG6 "MyRemoveOverlay"] 		Cluster is not linked to a MCParticle
[ DEBUG7 "MyRemoveOverlay"] 		********** PFO AT INDEX 27 IS NOT OVERLAY **********
[ DEBUG8 "MyRemoveOverlay"] 
[ DEBUG8 "MyRemoveOverlay"] 		-------------------------------------------------------
[ DEBUG8 "MyRemoveOverlay"] 		Processing PFO at index 28
[ DEBUG5 "MyRemoveOverlay"] ------------------ ReconstructedParticle -----------------------------
[ DEBUG5 "MyRemoveOverlay"] Id                                                             0x21299
[ DEBUG5 "MyRemoveOverlay"] Compound                                                             0
[ DEBUG5 "MyRemoveOverlay"] Type                                                               211
[ DEBUG5 "MyRemoveOverlay"] Momentum (x,y,z)                       +8.13e-02, -1.94e-01, +1.09e-01
[ DEBUG5 "MyRemoveOverlay"] Mass [GeV]                                                    1.40e-01
[ DEBUG5 "MyRemoveOverlay"] Charge [e]                                                    1.00e+00
[ DEBUG5 "MyRemoveOverlay"] Energy [GeV]                                                  2.75e-01
[ DEBUG5 "MyRemoveOverlay"] ReferencePoint                         +5.76e+00, -1.56e+01, +8.60e+00
[ DEBUG5 "MyRemoveOverlay"] ParticleIDUsed                                                       0
[ DEBUG5 "MyRemoveOverlay"] GoodnessOfPID                                                 0.00e+00
[ DEBUG5 "MyRemoveOverlay"] Covariance p,E:  1.11e-06, -1.89e-06, 7.10e-06, 1.03e-06, -3.46e-06, 
[ DEBUG5 "MyRemoveOverlay"]                  2.42e-06, 2.07e-06, -6.94e-06, 3.70e-06, 6.98e-06
[ DEBUG5 "MyRemoveOverlay"] Particles id:    
[ DEBUG5 "MyRemoveOverlay"] Tracks id:    [00020370]
[ DEBUG5 "MyRemoveOverlay"] Clusters id:  
[ DEBUG5 "MyRemoveOverlay"] Particle ids ( [id], PDG, (type)): 
[ DEBUG5 "MyRemoveOverlay"]                  [00021300], 000011, (000000) 
[ DEBUG5 "MyRemoveOverlay"]                  [00021301], 000011, (000000) 
[ DEBUG5 "MyRemoveOverlay"]                  [00021302], 000011, (000000) 
[ DEBUG5 "MyRemoveOverlay"]                  [00021303], 000011, (000000) 
[ DEBUG5 "MyRemoveOverlay"]                  [00021304], 000000, (000000) 
[ DEBUG5 "MyRemoveOverlay"] 
[ DEBUG5 "MyRemoveOverlay"] 
[ DEBUG0 "MyRemoveOverlay"] 	MCParticle at index: 0 has PDG: 211 and MCParticle to Track link weight is 1.00e+00
[ DEBUG0 "MyRemoveOverlay"] 	MCParticle at index: 0 with PDG code: 211 has highest link weight to input track
[ DEBUG6 "MyRemoveOverlay"] 		Track is not linked to a MCParticle
[ DEBUG7 "MyRemoveOverlay"] 		********** PFO AT INDEX 28 IS NOT OVERLAY **********
[ DEBUG8 "MyRemoveOverlay"] 
[ DEBUG8 "MyRemoveOverlay"] 		-------------------------------------------------------
[ DEBUG8 "MyRemoveOverlay"] 		Processing PFO at index 29
[ DEBUG5 "MyRemoveOverlay"] ------------------ ReconstructedParticle -----------------------------
[ DEBUG5 "MyRemoveOverlay"] Id                                                             0x21305
[ DEBUG5 "MyRemoveOverlay"] Compound                                                             0
[ DEBUG5 "MyRemoveOverlay"] Type                                                               211
[ DEBUG5 "MyRemoveOverlay"] Momentum (x,y,z)                       +7.20e-02, -4.46e-02, +1.66e-01
[ DEBUG5 "MyRemoveOverlay"] Mass [GeV]                                                    1.40e-01
[ DEBUG5 "MyRemoveOverlay"] Charge [e]                                                    1.00e+00
[ DEBUG5 "MyRemoveOverlay"] Energy [GeV]                                                  2.33e-01
[ DEBUG5 "MyRemoveOverlay"] ReferencePoint                         +1.35e+01, -1.02e+01, +3.32e+01
[ DEBUG5 "MyRemoveOverlay"] ParticleIDUsed                                                       0
[ DEBUG5 "MyRemoveOverlay"] GoodnessOfPID                                                 0.00e+00
[ DEBUG5 "MyRemoveOverlay"] Covariance p,E:  5.64e-06, -4.67e-06, 5.97e-06, 1.25e-05, -1.23e-05, 
[ DEBUG5 "MyRemoveOverlay"]                  3.48e-05, 1.15e-05, -1.14e-05, 3.11e-05, 2.79e-05
[ DEBUG5 "MyRemoveOverlay"] Particles id:    
[ DEBUG5 "MyRemoveOverlay"] Tracks id:    [00020390]
[ DEBUG5 "MyRemoveOverlay"] Clusters id:  [00021004]
[ DEBUG5 "MyRemoveOverlay"] Particle ids ( [id], PDG, (type)): 
[ DEBUG5 "MyRemoveOverlay"]                  [00021306], 000013, (000000) 
[ DEBUG5 "MyRemoveOverlay"]                  [00021307], 000011, (000000) 
[ DEBUG5 "MyRemoveOverlay"]                  [00021308], 000000, (000000) 
[ DEBUG5 "MyRemoveOverlay"]                  [00021309], 000000, (000000) 
[ DEBUG5 "MyRemoveOverlay"]                  [00021310], 000000, (000000) 
[ DEBUG5 "MyRemoveOverlay"]                  [00021311], 000000, (000000) 
[ DEBUG5 "MyRemoveOverlay"]                  [00021312], 000211, (000000) 
[ DEBUG5 "MyRemoveOverlay"]                  [00021313], 000013, (000000) 
[ DEBUG5 "MyRemoveOverlay"]                  [00021314], 000013, (000000) 
[ DEBUG5 "MyRemoveOverlay"] 
[ DEBUG5 "MyRemoveOverlay"] 
[ DEBUG0 "MyRemoveOverlay"] 	MCParticle at index: 0 has PDG: -11 and MCParticle to Track link weight is 1.00e+00
[ DEBUG0 "MyRemoveOverlay"] 	MCParticle at index: 0 with PDG code: -11 has highest link weight to input track
[ DEBUG6 "MyRemoveOverlay"] 		Track is not linked to a MCParticle
[ DEBUG6 "MyRemoveOverlay"] 		Cluster is not linked to a MCParticle
[ DEBUG7 "MyRemoveOverlay"] 		********** PFO AT INDEX 29 IS NOT OVERLAY **********
[ DEBUG8 "MyRemoveOverlay"] 
[ DEBUG8 "MyRemoveOverlay"] 		-------------------------------------------------------
[ DEBUG8 "MyRemoveOverlay"] 		Processing PFO at index 30
[ DEBUG5 "MyRemoveOverlay"] ------------------ ReconstructedParticle -----------------------------
[ DEBUG5 "MyRemoveOverlay"] Id                                                             0x21315
[ DEBUG5 "MyRemoveOverlay"] Compound                                                             0
[ DEBUG5 "MyRemoveOverlay"] Type                                                               211
[ DEBUG5 "MyRemoveOverlay"] Momentum (x,y,z)                       +8.51e-02, -3.56e-01, +4.00e-01
[ DEBUG5 "MyRemoveOverlay"] Mass [GeV]                                                    1.40e-01
[ DEBUG5 "MyRemoveOverlay"] Charge [e]                                                    1.00e+00
[ DEBUG5 "MyRemoveOverlay"] Energy [GeV]                                                  5.60e-01
[ DEBUG5 "MyRemoveOverlay"] ReferencePoint                         +6.65e+00, -3.70e+01, +4.09e+01
[ DEBUG5 "MyRemoveOverlay"] ParticleIDUsed                                                       0
[ DEBUG5 "MyRemoveOverlay"] GoodnessOfPID                                                 0.00e+00
[ DEBUG5 "MyRemoveOverlay"] Covariance p,E:  1.19e-06, 1.22e-07, 1.11e-06, -5.76e-08, 1.41e-07, 
[ DEBUG5 "MyRemoveOverlay"]                  1.03e-06, 6.18e-08, -5.85e-07, 6.38e-07, 8.37e-07
[ DEBUG5 "MyRemoveOverlay"] Particles id:    
[ DEBUG5 "MyRemoveOverlay"] Tracks id:    [00020185]
[ DEBUG5 "MyRemoveOverlay"] Clusters id:  [00021005]
[ DEBUG5 "MyRemoveOverlay"] Particle ids ( [id], PDG, (type)): 
[ DEBUG5 "MyRemoveOverlay"]                  [00021316], 000211, (000000) 
[ DEBUG5 "MyRemoveOverlay"]                  [00021317], 000211, (000000) 
[ DEBUG5 "MyRemoveOverlay"]                  [00021318], 000211, (000000) 
[ DEBUG5 "MyRemoveOverlay"]                  [00021319], 000211, (000000) 
[ DEBUG5 "MyRemoveOverlay"]                  [00021320], 000211, (000000) 
[ DEBUG5 "MyRemoveOverlay"] 
[ DEBUG5 "MyRemoveOverlay"] 
[ DEBUG0 "MyRemoveOverlay"] 	MCParticle at index: 0 has PDG: 211 and MCParticle to Track link weight is 1.00e+00
[ DEBUG0 "MyRemoveOverlay"] 	MCParticle at index: 0 with PDG code: 211 has highest link weight to input track
[ DEBUG6 "MyRemoveOverlay"] 		Track is not linked to a MCParticle
[ DEBUG6 "MyRemoveOverlay"] 		Cluster is not linked to a MCParticle
[ DEBUG7 "MyRemoveOverlay"] 		********** PFO AT INDEX 30 IS NOT OVERLAY **********
[ DEBUG8 "MyRemoveOverlay"] 
[ DEBUG8 "MyRemoveOverlay"] 		-------------------------------------------------------
[ DEBUG8 "MyRemoveOverlay"] 		Processing PFO at index 31
[ DEBUG5 "MyRemoveOverlay"] ------------------ ReconstructedParticle -----------------------------
[ DEBUG5 "MyRemoveOverlay"] Id                                                             0x21321
[ DEBUG5 "MyRemoveOverlay"] Compound                                                             0
[ DEBUG5 "MyRemoveOverlay"] Type                                                                11
[ DEBUG5 "MyRemoveOverlay"] Momentum (x,y,z)                       -1.24e-01, -2.29e-01, +4.44e-01
[ DEBUG5 "MyRemoveOverlay"] Mass [GeV]                                                    5.11e-04
[ DEBUG5 "MyRemoveOverlay"] Charge [e]                                                   -1.00e+00
[ DEBUG5 "MyRemoveOverlay"] Energy [GeV]                                                  5.15e-01
[ DEBUG5 "MyRemoveOverlay"] ReferencePoint                         -2.12e+01, -5.40e+01, +9.93e+01
[ DEBUG5 "MyRemoveOverlay"] ParticleIDUsed                                                       0
[ DEBUG5 "MyRemoveOverlay"] GoodnessOfPID                                                 0.00e+00
[ DEBUG5 "MyRemoveOverlay"] Covariance p,E:  2.06e-06, -2.31e-07, 2.80e-06, 1.97e-08, -3.35e-07, 
[ DEBUG5 "MyRemoveOverlay"]                  2.73e-06, -3.78e-07, -1.48e-06, 2.50e-06, 2.91e-06
[ DEBUG5 "MyRemoveOverlay"] Particles id:    
[ DEBUG5 "MyRemoveOverlay"] Tracks id:    [00020340]
[ DEBUG5 "MyRemoveOverlay"] Clusters id:  [00021006]
[ DEBUG5 "MyRemoveOverlay"] Particle ids ( [id], PDG, (type)): 
[ DEBUG5 "MyRemoveOverlay"]                  [00021322], 000211, (000000) 
[ DEBUG5 "MyRemoveOverlay"]                  [00021323], 000211, (000000) 
[ DEBUG5 "MyRemoveOverlay"]                  [00021324], 000011, (000000) 
[ DEBUG5 "MyRemoveOverlay"]                  [00021325], 000011, (000000) 
[ DEBUG5 "MyRemoveOverlay"]                  [00021326], 000000, (000000) 
[ DEBUG5 "MyRemoveOverlay"] 
[ DEBUG5 "MyRemoveOverlay"] 
[ DEBUG0 "MyRemoveOverlay"] 	MCParticle at index: 0 has PDG: -211 and MCParticle to Track link weight is 1.00e+00
[ DEBUG0 "MyRemoveOverlay"] 	MCParticle at index: 0 with PDG code: -211 has highest link weight to input track
[ DEBUG6 "MyRemoveOverlay"] 		Track is not linked to a MCParticle
[ DEBUG0 "MyRemoveOverlay"] 	MCParticle at index: 1 has PDG: -211 and MCParticle to Cluster link weight is 9.83e-01
[ DEBUG0 "MyRemoveOverlay"] 	MCParticle at index: 1 with PDG code: -211 has highest link weight to input cluster
[ DEBUG0 "MyRemoveOverlay"] 	Cluster at index: 0 has highest link weight to MCParticle = 1.00e+00
[ DEBUG0 "MyRemoveOverlay"] 	Cluster linked to MCParticle with highest weight
[ DEBUG6 "MyRemoveOverlay"] 		Found a linked MCParticle to cluster
[ DEBUG5 "MyRemoveOverlay"] ----------------------------- MCParticle -----------------------------
[ DEBUG5 "MyRemoveOverlay"] Id                                                               19645
[ DEBUG5 "MyRemoveOverlay"] PDG                                                               -211
[ DEBUG5 "MyRemoveOverlay"] Energy [GeV]                                                  5.32e-01
[ DEBUG5 "MyRemoveOverlay"] Momentum [GeV] (x,y,z)                  -0.122492, -0.229231, 0.442682
[ DEBUG5 "MyRemoveOverlay"] Momentum at Endpoint[GeV] (x,y,z)                                -0, -0, 0
[ DEBUG5 "MyRemoveOverlay"] GeneratorStatus                                                      1
[ DEBUG5 "MyRemoveOverlay"] Vertex [mm] (x,y,z)           -8.64957e-309, -4.24071e-309, -0.0283088
[ DEBUG5 "MyRemoveOverlay"] Endpoint [mm] (x,y,z)                         84.7358, 83.6125, 2416.8
[ DEBUG5 "MyRemoveOverlay"] Mass [GeV]                                                    1.40e-01
[ DEBUG5 "MyRemoveOverlay"] Charge                                                       -1.00e+00
[ DEBUG5 "MyRemoveOverlay"] Parents                                                              1
[ DEBUG5 "MyRemoveOverlay"] Daughters                                                            0
[ DEBUG5 "MyRemoveOverlay"] simulator status bits: [sbvtcls]  s: created in simulation b: backscatter v: vertex is not endpoint of parent t: decayed in tracker c: decayed in calorimeter l: has left detector s: stopped o: overlay
[ DEBUG5 "MyRemoveOverlay"] [    c so]
[ DEBUG5 "MyRemoveOverlay"] 
[ DEBUG7 "MyRemoveOverlay"] 		********** PFO AT INDEX 31 IS OVERLAY **********
[ DEBUG8 "MyRemoveOverlay"] 
[ DEBUG8 "MyRemoveOverlay"] 		-------------------------------------------------------
[ DEBUG8 "MyRemoveOverlay"] 		Processing PFO at index 32
[ DEBUG5 "MyRemoveOverlay"] ------------------ ReconstructedParticle -----------------------------
[ DEBUG5 "MyRemoveOverlay"] Id                                                             0x21327
[ DEBUG5 "MyRemoveOverlay"] Compound                                                             0
[ DEBUG5 "MyRemoveOverlay"] Type                                                               211
[ DEBUG5 "MyRemoveOverlay"] Momentum (x,y,z)                       +2.57e-01, +8.58e-02, +1.94e-01
[ DEBUG5 "MyRemoveOverlay"] Mass [GeV]                                                    1.40e-01
[ DEBUG5 "MyRemoveOverlay"] Charge [e]                                                    1.00e+00
[ DEBUG5 "MyRemoveOverlay"] Energy [GeV]                                                  3.61e-01
[ DEBUG5 "MyRemoveOverlay"] ReferencePoint                         +1.53e+01, +4.61e+00, +1.14e+01
[ DEBUG5 "MyRemoveOverlay"] ParticleIDUsed                                                       0
[ DEBUG5 "MyRemoveOverlay"] GoodnessOfPID                                                 0.00e+00
[ DEBUG5 "MyRemoveOverlay"] Covariance p,E:  7.22e-07, -1.14e-08, 5.62e-07, 9.89e-08, 1.77e-08, 
[ DEBUG5 "MyRemoveOverlay"]                  6.31e-07, 5.64e-07, 1.35e-07, 4.13e-07, 6.55e-07
[ DEBUG5 "MyRemoveOverlay"] Particles id:    
[ DEBUG5 "MyRemoveOverlay"] Tracks id:    [00020275]
[ DEBUG5 "MyRemoveOverlay"] Clusters id:  
[ DEBUG5 "MyRemoveOverlay"] Particle ids ( [id], PDG, (type)): 
[ DEBUG5 "MyRemoveOverlay"]                  [00021328], 000211, (000000) 
[ DEBUG5 "MyRemoveOverlay"]                  [00021329], 000211, (000000) 
[ DEBUG5 "MyRemoveOverlay"]                  [00021330], 000011, (000000) 
[ DEBUG5 "MyRemoveOverlay"]                  [00021331], 000011, (000000) 
[ DEBUG5 "MyRemoveOverlay"]                  [00021332], 000000, (000000) 
[ DEBUG5 "MyRemoveOverlay"] 
[ DEBUG5 "MyRemoveOverlay"] 
[ DEBUG0 "MyRemoveOverlay"] 	MCParticle at index: 0 has PDG: 211 and MCParticle to Track link weight is 1.00e+00
[ DEBUG0 "MyRemoveOverlay"] 	MCParticle at index: 0 with PDG code: 211 has highest link weight to input track
[ DEBUG6 "MyRemoveOverlay"] 		Track is not linked to a MCParticle
[ DEBUG7 "MyRemoveOverlay"] 		********** PFO AT INDEX 32 IS NOT OVERLAY **********
[ DEBUG8 "MyRemoveOverlay"] 
[ DEBUG8 "MyRemoveOverlay"] 		-------------------------------------------------------
[ DEBUG8 "MyRemoveOverlay"] 		Processing PFO at index 33
[ DEBUG5 "MyRemoveOverlay"] ------------------ ReconstructedParticle -----------------------------
[ DEBUG5 "MyRemoveOverlay"] Id                                                             0x21333
[ DEBUG5 "MyRemoveOverlay"] Compound                                                             0
[ DEBUG5 "MyRemoveOverlay"] Type                                                              -211
[ DEBUG5 "MyRemoveOverlay"] Momentum (x,y,z)                       -3.80e-01, +1.22e-01, +2.31e-01
[ DEBUG5 "MyRemoveOverlay"] Mass [GeV]                                                    1.40e-01
[ DEBUG5 "MyRemoveOverlay"] Charge [e]                                                   -1.00e+00
[ DEBUG5 "MyRemoveOverlay"] Energy [GeV]                                                  4.82e-01
[ DEBUG5 "MyRemoveOverlay"] ReferencePoint                         -1.53e+01, +4.56e+00, +9.59e+00
[ DEBUG5 "MyRemoveOverlay"] ParticleIDUsed                                                       0
[ DEBUG5 "MyRemoveOverlay"] GoodnessOfPID                                                 0.00e+00
[ DEBUG5 "MyRemoveOverlay"] Covariance p,E:  4.18e-07, 6.25e-08, 5.15e-07, 7.78e-08, -2.43e-08, 
[ DEBUG5 "MyRemoveOverlay"]                  4.84e-07, -2.76e-07, 6.94e-08, 1.64e-07, 3.14e-07
[ DEBUG5 "MyRemoveOverlay"] Particles id:    
[ DEBUG5 "MyRemoveOverlay"] Tracks id:    [00020165]
[ DEBUG5 "MyRemoveOverlay"] Clusters id:  
[ DEBUG5 "MyRemoveOverlay"] Particle ids ( [id], PDG, (type)): 
[ DEBUG5 "MyRemoveOverlay"]                  [00021334], 000011, (000000) 
[ DEBUG5 "MyRemoveOverlay"]                  [00021335], 000011, (000000) 
[ DEBUG5 "MyRemoveOverlay"]                  [00021336], 000000, (000000) 
[ DEBUG5 "MyRemoveOverlay"]                  [00021337], 000211, (000000) 
[ DEBUG5 "MyRemoveOverlay"]                  [00021338], 000211, (000000) 
[ DEBUG5 "MyRemoveOverlay"] 
[ DEBUG5 "MyRemoveOverlay"] 
[ DEBUG0 "MyRemoveOverlay"] 	MCParticle at index: 0 has PDG: -211 and MCParticle to Track link weight is 1.00e+00
[ DEBUG0 "MyRemoveOverlay"] 	MCParticle at index: 0 with PDG code: -211 has highest link weight to input track
[ DEBUG6 "MyRemoveOverlay"] 		Track is not linked to a MCParticle
[ DEBUG7 "MyRemoveOverlay"] 		********** PFO AT INDEX 33 IS NOT OVERLAY **********
[ DEBUG8 "MyRemoveOverlay"] 
[ DEBUG8 "MyRemoveOverlay"] 		-------------------------------------------------------
[ DEBUG8 "MyRemoveOverlay"] 		Processing PFO at index 34
[ DEBUG5 "MyRemoveOverlay"] ------------------ ReconstructedParticle -----------------------------
[ DEBUG5 "MyRemoveOverlay"] Id                                                             0x21339
[ DEBUG5 "MyRemoveOverlay"] Compound                                                             0
[ DEBUG5 "MyRemoveOverlay"] Type                                                               211
[ DEBUG5 "MyRemoveOverlay"] Momentum (x,y,z)                       -5.46e-01, -2.38e-01, +2.33e-01
[ DEBUG5 "MyRemoveOverlay"] Mass [GeV]                                                    1.40e-01
[ DEBUG5 "MyRemoveOverlay"] Charge [e]                                                    1.00e+00
[ DEBUG5 "MyRemoveOverlay"] Energy [GeV]                                                  6.54e-01
[ DEBUG5 "MyRemoveOverlay"] ReferencePoint                         -1.48e+01, -6.21e+00, +6.23e+00
[ DEBUG5 "MyRemoveOverlay"] ParticleIDUsed                                                       0
[ DEBUG5 "MyRemoveOverlay"] GoodnessOfPID                                                 0.00e+00
[ DEBUG5 "MyRemoveOverlay"] Covariance p,E:  3.53e-07, -7.85e-08, 4.63e-07, 6.69e-08, 2.93e-08, 
[ DEBUG5 "MyRemoveOverlay"]                  4.72e-07, -2.42e-07, -9.27e-08, 1.01e-07, 2.72e-07
[ DEBUG5 "MyRemoveOverlay"] Particles id:    
[ DEBUG5 "MyRemoveOverlay"] Tracks id:    [00020260]
[ DEBUG5 "MyRemoveOverlay"] Clusters id:  [00021007]
[ DEBUG5 "MyRemoveOverlay"] Particle ids ( [id], PDG, (type)): 
[ DEBUG5 "MyRemoveOverlay"]                  [00021340], 000013, (000000) 
[ DEBUG5 "MyRemoveOverlay"]                  [00021341], 000013, (000000) 
[ DEBUG5 "MyRemoveOverlay"]                  [00021342], 000000, (000000) 
[ DEBUG5 "MyRemoveOverlay"]                  [00021343], 000000, (000000) 
[ DEBUG5 "MyRemoveOverlay"]                  [00021344], 000000, (000000) 
[ DEBUG5 "MyRemoveOverlay"]                  [00021345], 000000, (000000) 
[ DEBUG5 "MyRemoveOverlay"]                  [00021346], 000013, (000000) 
[ DEBUG5 "MyRemoveOverlay"]                  [00021347], 000011, (000000) 
[ DEBUG5 "MyRemoveOverlay"]                  [00021348], 000013, (000000) 
[ DEBUG5 "MyRemoveOverlay"] 
[ DEBUG5 "MyRemoveOverlay"] 
[ DEBUG0 "MyRemoveOverlay"] 	MCParticle at index: 0 has PDG: 211 and MCParticle to Track link weight is 1.00e+00
[ DEBUG0 "MyRemoveOverlay"] 	MCParticle at index: 0 with PDG code: 211 has highest link weight to input track
[ DEBUG6 "MyRemoveOverlay"] 		Track is not linked to a MCParticle
[ DEBUG0 "MyRemoveOverlay"] 	MCParticle at index: 0 has PDG: 211 and MCParticle to Cluster link weight is 1.00e+00
[ DEBUG0 "MyRemoveOverlay"] 	MCParticle at index: 0 with PDG code: 211 has highest link weight to input cluster
[ DEBUG6 "MyRemoveOverlay"] 		Cluster is not linked to a MCParticle
[ DEBUG7 "MyRemoveOverlay"] 		********** PFO AT INDEX 34 IS NOT OVERLAY **********
[ DEBUG8 "MyRemoveOverlay"] 
[ DEBUG8 "MyRemoveOverlay"] 		-------------------------------------------------------
[ DEBUG8 "MyRemoveOverlay"] 		Processing PFO at index 35
[ DEBUG5 "MyRemoveOverlay"] ------------------ ReconstructedParticle -----------------------------
[ DEBUG5 "MyRemoveOverlay"] Id                                                             0x21349
[ DEBUG5 "MyRemoveOverlay"] Compound                                                             0
[ DEBUG5 "MyRemoveOverlay"] Type                                                              -211
[ DEBUG5 "MyRemoveOverlay"] Momentum (x,y,z)                       -2.56e-01, -1.80e-01, +1.17e-01
[ DEBUG5 "MyRemoveOverlay"] Mass [GeV]                                                    1.40e-01
[ DEBUG5 "MyRemoveOverlay"] Charge [e]                                                   -1.00e+00
[ DEBUG5 "MyRemoveOverlay"] Energy [GeV]                                                  3.62e-01
[ DEBUG5 "MyRemoveOverlay"] ReferencePoint                         -1.35e+01, -9.94e+00, +6.42e+00
[ DEBUG5 "MyRemoveOverlay"] ParticleIDUsed                                                       0
[ DEBUG5 "MyRemoveOverlay"] GoodnessOfPID                                                 0.00e+00
[ DEBUG5 "MyRemoveOverlay"] Covariance p,E:  4.73e-07, 2.10e-09, 5.52e-07, 9.80e-09, -3.08e-09, 
[ DEBUG5 "MyRemoveOverlay"]                  5.18e-07, -3.33e-07, -2.77e-07, 1.62e-07, 4.25e-07
[ DEBUG5 "MyRemoveOverlay"] Particles id:    
[ DEBUG5 "MyRemoveOverlay"] Tracks id:    [00020280]
[ DEBUG5 "MyRemoveOverlay"] Clusters id:  
[ DEBUG5 "MyRemoveOverlay"] Particle ids ( [id], PDG, (type)): 
[ DEBUG5 "MyRemoveOverlay"]                  [00021350], 000211, (000000) 
[ DEBUG5 "MyRemoveOverlay"]                  [00021351], 000211, (000000) 
[ DEBUG5 "MyRemoveOverlay"]                  [00021352], 000011, (000000) 
[ DEBUG5 "MyRemoveOverlay"]                  [00021353], 000011, (000000) 
[ DEBUG5 "MyRemoveOverlay"]                  [00021354], 000000, (000000) 
[ DEBUG5 "MyRemoveOverlay"] 
[ DEBUG5 "MyRemoveOverlay"] 
[ DEBUG0 "MyRemoveOverlay"] 	MCParticle at index: 0 has PDG: -211 and MCParticle to Track link weight is 1.00e+00
[ DEBUG0 "MyRemoveOverlay"] 	MCParticle at index: 0 with PDG code: -211 has highest link weight to input track
[ DEBUG6 "MyRemoveOverlay"] 		Track is not linked to a MCParticle
[ DEBUG7 "MyRemoveOverlay"] 		********** PFO AT INDEX 35 IS NOT OVERLAY **********
[ DEBUG8 "MyRemoveOverlay"] 
[ DEBUG8 "MyRemoveOverlay"] 		-------------------------------------------------------
[ DEBUG8 "MyRemoveOverlay"] 		Processing PFO at index 36
[ DEBUG5 "MyRemoveOverlay"] ------------------ ReconstructedParticle -----------------------------
[ DEBUG5 "MyRemoveOverlay"] Id                                                             0x21355
[ DEBUG5 "MyRemoveOverlay"] Compound                                                             0
[ DEBUG5 "MyRemoveOverlay"] Type                                                                11
[ DEBUG5 "MyRemoveOverlay"] Momentum (x,y,z)                       +3.74e-01, -3.36e-01, +7.53e-01
[ DEBUG5 "MyRemoveOverlay"] Mass [GeV]                                                    5.11e-04
[ DEBUG5 "MyRemoveOverlay"] Charge [e]                                                   -1.00e+00
[ DEBUG5 "MyRemoveOverlay"] Energy [GeV]                                                  9.06e-01
[ DEBUG5 "MyRemoveOverlay"] ReferencePoint                         +1.31e+01, -1.13e+01, +2.60e+01
[ DEBUG5 "MyRemoveOverlay"] ParticleIDUsed                                                       0
[ DEBUG5 "MyRemoveOverlay"] GoodnessOfPID                                                 0.00e+00
[ DEBUG5 "MyRemoveOverlay"] Covariance p,E:  7.69e-07, -8.34e-08, 6.82e-07, 2.14e-07, -1.60e-07, 
[ DEBUG5 "MyRemoveOverlay"]                  1.03e-06, 5.26e-07, -4.20e-07, 1.01e-06, 1.21e-06
[ DEBUG5 "MyRemoveOverlay"] Particles id:    
[ DEBUG5 "MyRemoveOverlay"] Tracks id:    [00020285]
[ DEBUG5 "MyRemoveOverlay"] Clusters id:  [00021008]
[ DEBUG5 "MyRemoveOverlay"] Particle ids ( [id], PDG, (type)): 
[ DEBUG5 "MyRemoveOverlay"]                  [00021356], 000211, (000000) 
[ DEBUG5 "MyRemoveOverlay"]                  [00021357], 000211, (000000) 
[ DEBUG5 "MyRemoveOverlay"]                  [00021358], 000000, (000000) 
[ DEBUG5 "MyRemoveOverlay"]                  [00021359], 000000, (000000) 
[ DEBUG5 "MyRemoveOverlay"]                  [00021360], 000000, (000000) 
[ DEBUG5 "MyRemoveOverlay"]                  [00021361], 000000, (000000) 
[ DEBUG5 "MyRemoveOverlay"]                  [00021362], 000211, (000000) 
[ DEBUG5 "MyRemoveOverlay"]                  [00021363], 000011, (000000) 
[ DEBUG5 "MyRemoveOverlay"]                  [00021364], 000211, (000000) 
[ DEBUG5 "MyRemoveOverlay"] 
[ DEBUG5 "MyRemoveOverlay"] 
[ DEBUG0 "MyRemoveOverlay"] 	MCParticle at index: 0 has PDG: -211 and MCParticle to Track link weight is 1.00e+00
[ DEBUG0 "MyRemoveOverlay"] 	MCParticle at index: 0 with PDG code: -211 has highest link weight to input track
[ DEBUG6 "MyRemoveOverlay"] 		Track is not linked to a MCParticle
[ DEBUG0 "MyRemoveOverlay"] 	MCParticle at index: 0 has PDG: -211 and MCParticle to Cluster link weight is 1.00e+00
[ DEBUG0 "MyRemoveOverlay"] 	MCParticle at index: 0 with PDG code: -211 has highest link weight to input cluster
[ DEBUG0 "MyRemoveOverlay"] 	Cluster at index: 0 has highest link weight to MCParticle = 1.00e+00
[ DEBUG0 "MyRemoveOverlay"] 	Cluster linked to MCParticle with highest weight
[ DEBUG6 "MyRemoveOverlay"] 		Found a linked MCParticle to cluster
[ DEBUG5 "MyRemoveOverlay"] ----------------------------- MCParticle -----------------------------
[ DEBUG5 "MyRemoveOverlay"] Id                                                               19488
[ DEBUG5 "MyRemoveOverlay"] PDG                                                               -211
[ DEBUG5 "MyRemoveOverlay"] Energy [GeV]                                                  9.17e-01
[ DEBUG5 "MyRemoveOverlay"] Momentum [GeV] (x,y,z)                   0.375081, -0.336606, 0.753194
[ DEBUG5 "MyRemoveOverlay"] Momentum at Endpoint[GeV] (x,y,z)                                 -0, 0, 0
[ DEBUG5 "MyRemoveOverlay"] GeneratorStatus                                                      1
[ DEBUG5 "MyRemoveOverlay"] Vertex [mm] (x,y,z)                                    0, 0, 0.0888168
[ DEBUG5 "MyRemoveOverlay"] Endpoint [mm] (x,y,z)                         507.77, 777.669, 2464.78
[ DEBUG5 "MyRemoveOverlay"] Mass [GeV]                                                    1.40e-01
[ DEBUG5 "MyRemoveOverlay"] Charge                                                       -1.00e+00
[ DEBUG5 "MyRemoveOverlay"] Parents                                                              1
[ DEBUG5 "MyRemoveOverlay"] Daughters                                                            0
[ DEBUG5 "MyRemoveOverlay"] simulator status bits: [sbvtcls]  s: created in simulation b: backscatter v: vertex is not endpoint of parent t: decayed in tracker c: decayed in calorimeter l: has left detector s: stopped o: overlay
[ DEBUG5 "MyRemoveOverlay"] [    c s ]
[ DEBUG5 "MyRemoveOverlay"] 
[ DEBUG7 "MyRemoveOverlay"] 		********** PFO AT INDEX 36 IS NOT OVERLAY **********
[ DEBUG8 "MyRemoveOverlay"] 
[ DEBUG8 "MyRemoveOverlay"] 		-------------------------------------------------------
[ DEBUG8 "MyRemoveOverlay"] 		Processing PFO at index 37
[ DEBUG5 "MyRemoveOverlay"] ------------------ ReconstructedParticle -----------------------------
[ DEBUG5 "MyRemoveOverlay"] Id                                                             0x21365
[ DEBUG5 "MyRemoveOverlay"] Compound                                                             0
[ DEBUG5 "MyRemoveOverlay"] Type                                                              -211
[ DEBUG5 "MyRemoveOverlay"] Momentum (x,y,z)                       +9.52e-01, +3.87e-01, +1.72e+00
[ DEBUG5 "MyRemoveOverlay"] Mass [GeV]                                                    1.40e-01
[ DEBUG5 "MyRemoveOverlay"] Charge [e]                                                   -1.00e+00
[ DEBUG5 "MyRemoveOverlay"] Energy [GeV]                                                  2.00e+00
[ DEBUG5 "MyRemoveOverlay"] ReferencePoint                         +1.48e+01, +6.16e+00, +2.68e+01
[ DEBUG5 "MyRemoveOverlay"] ParticleIDUsed                                                       0
[ DEBUG5 "MyRemoveOverlay"] GoodnessOfPID                                                 0.00e+00
[ DEBUG5 "MyRemoveOverlay"] Covariance p,E:  2.34e-06, 6.34e-07, 1.23e-06, 2.65e-06, 1.17e-06, 
[ DEBUG5 "MyRemoveOverlay"]                  5.73e-06, 3.50e-06, 1.54e-06, 6.39e-06, 7.43e-06
[ DEBUG5 "MyRemoveOverlay"] Particles id:    
[ DEBUG5 "MyRemoveOverlay"] Tracks id:    [00020255]
[ DEBUG5 "MyRemoveOverlay"] Clusters id:  [00021009]
[ DEBUG5 "MyRemoveOverlay"] Particle ids ( [id], PDG, (type)): 
[ DEBUG5 "MyRemoveOverlay"]                  [00021366], 000211, (000000) 
[ DEBUG5 "MyRemoveOverlay"]                  [00021367], 002212, (000000) 
[ DEBUG5 "MyRemoveOverlay"]                  [00021368], 000000, (000000) 
[ DEBUG5 "MyRemoveOverlay"]                  [00021369], 000000, (000000) 
[ DEBUG5 "MyRemoveOverlay"]                  [00021370], 000000, (000000) 
[ DEBUG5 "MyRemoveOverlay"]                  [00021371], 000000, (000000) 
[ DEBUG5 "MyRemoveOverlay"]                  [00021372], 000211, (000000) 
[ DEBUG5 "MyRemoveOverlay"]                  [00021373], 000211, (000000) 
[ DEBUG5 "MyRemoveOverlay"]                  [00021374], 002212, (000000) 
[ DEBUG5 "MyRemoveOverlay"] 
[ DEBUG5 "MyRemoveOverlay"] 
[ DEBUG0 "MyRemoveOverlay"] 	MCParticle at index: 0 has PDG: -211 and MCParticle to Track link weight is 1.00e+00
[ DEBUG0 "MyRemoveOverlay"] 	MCParticle at index: 0 with PDG code: -211 has highest link weight to input track
[ DEBUG0 "MyRemoveOverlay"] 	Track at index: 0 has highest link weight to MCParticle = 1.00e+00
[ DEBUG0 "MyRemoveOverlay"] 	Track linked to MCParticle with highest weight
[ DEBUG6 "MyRemoveOverlay"] 		Found a linked MCParticle to track
[ DEBUG5 "MyRemoveOverlay"] ----------------------------- MCParticle -----------------------------
[ DEBUG5 "MyRemoveOverlay"] Id                                                               19473
[ DEBUG5 "MyRemoveOverlay"] PDG                                                               -211
[ DEBUG5 "MyRemoveOverlay"] Energy [GeV]                                                  2.00e+00
[ DEBUG5 "MyRemoveOverlay"] Momentum [GeV] (x,y,z)                     0.951159, 0.386712, 1.71295
[ DEBUG5 "MyRemoveOverlay"] Momentum at Endpoint[GeV] (x,y,z)                                 -0, 0, 0
[ DEBUG5 "MyRemoveOverlay"] GeneratorStatus                                                      1
[ DEBUG5 "MyRemoveOverlay"] Vertex [mm] (x,y,z)                                    0, 0, 0.0888168
[ DEBUG5 "MyRemoveOverlay"] Endpoint [mm] (x,y,z)                         501.98, 1388.02, 2787.29
[ DEBUG5 "MyRemoveOverlay"] Mass [GeV]                                                    1.40e-01
[ DEBUG5 "MyRemoveOverlay"] Charge                                                       -1.00e+00
[ DEBUG5 "MyRemoveOverlay"] Parents                                                              1
[ DEBUG5 "MyRemoveOverlay"] Daughters                                                            0
[ DEBUG5 "MyRemoveOverlay"] simulator status bits: [sbvtcls]  s: created in simulation b: backscatter v: vertex is not endpoint of parent t: decayed in tracker c: decayed in calorimeter l: has left detector s: stopped o: overlay
[ DEBUG5 "MyRemoveOverlay"] [    c s ]
[ DEBUG5 "MyRemoveOverlay"] 
[ DEBUG0 "MyRemoveOverlay"] 	MCParticle at index: 0 has PDG: -211 and MCParticle to Cluster link weight is 1.00e+00
[ DEBUG0 "MyRemoveOverlay"] 	MCParticle at index: 0 with PDG code: -211 has highest link weight to input cluster
[ DEBUG0 "MyRemoveOverlay"] 	Cluster at index: 0 has highest link weight to MCParticle = 9.46e-01
[ DEBUG0 "MyRemoveOverlay"] 	Cluster linked to MCParticle with highest weight
[ DEBUG6 "MyRemoveOverlay"] 		Found a linked MCParticle to cluster
[ DEBUG5 "MyRemoveOverlay"] ----------------------------- MCParticle -----------------------------
[ DEBUG5 "MyRemoveOverlay"] Id                                                               19473
[ DEBUG5 "MyRemoveOverlay"] PDG                                                               -211
[ DEBUG5 "MyRemoveOverlay"] Energy [GeV]                                                  2.00e+00
[ DEBUG5 "MyRemoveOverlay"] Momentum [GeV] (x,y,z)                     0.951159, 0.386712, 1.71295
[ DEBUG5 "MyRemoveOverlay"] Momentum at Endpoint[GeV] (x,y,z)                                 -0, 0, 0
[ DEBUG5 "MyRemoveOverlay"] GeneratorStatus                                                      1
[ DEBUG5 "MyRemoveOverlay"] Vertex [mm] (x,y,z)                                    0, 0, 0.0888168
[ DEBUG5 "MyRemoveOverlay"] Endpoint [mm] (x,y,z)                         501.98, 1388.02, 2787.29
[ DEBUG5 "MyRemoveOverlay"] Mass [GeV]                                                    1.40e-01
[ DEBUG5 "MyRemoveOverlay"] Charge                                                       -1.00e+00
[ DEBUG5 "MyRemoveOverlay"] Parents                                                              1
[ DEBUG5 "MyRemoveOverlay"] Daughters                                                            0
[ DEBUG5 "MyRemoveOverlay"] simulator status bits: [sbvtcls]  s: created in simulation b: backscatter v: vertex is not endpoint of parent t: decayed in tracker c: decayed in calorimeter l: has left detector s: stopped o: overlay
[ DEBUG5 "MyRemoveOverlay"] [    c s ]
[ DEBUG5 "MyRemoveOverlay"] 
[ DEBUG7 "MyRemoveOverlay"] 		********** PFO AT INDEX 37 IS NOT OVERLAY **********
[ DEBUG8 "MyRemoveOverlay"] 
[ DEBUG8 "MyRemoveOverlay"] 		-------------------------------------------------------
[ DEBUG8 "MyRemoveOverlay"] 		Processing PFO at index 38
[ DEBUG5 "MyRemoveOverlay"] ------------------ ReconstructedParticle -----------------------------
[ DEBUG5 "MyRemoveOverlay"] Id                                                             0x21375
[ DEBUG5 "MyRemoveOverlay"] Compound                                                             0
[ DEBUG5 "MyRemoveOverlay"] Type                                                               211
[ DEBUG5 "MyRemoveOverlay"] Momentum (x,y,z)                       +5.03e-01, +5.25e-01, +1.04e+00
[ DEBUG5 "MyRemoveOverlay"] Mass [GeV]                                                    1.40e-01
[ DEBUG5 "MyRemoveOverlay"] Charge [e]                                                    1.00e+00
[ DEBUG5 "MyRemoveOverlay"] Energy [GeV]                                                  1.27e+00
[ DEBUG5 "MyRemoveOverlay"] ReferencePoint                         +1.13e+01, +1.15e+01, +2.31e+01
[ DEBUG5 "MyRemoveOverlay"] ParticleIDUsed                                                       0
[ DEBUG5 "MyRemoveOverlay"] GoodnessOfPID                                                 0.00e+00
[ DEBUG5 "MyRemoveOverlay"] Covariance p,E:  1.06e-06, 2.01e-07, 9.90e-07, 4.59e-07, 4.45e-07, 
[ DEBUG5 "MyRemoveOverlay"]                  1.69e-06, 8.77e-07, 8.50e-07, 1.74e-06, 2.11e-06
[ DEBUG5 "MyRemoveOverlay"] Particles id:    
[ DEBUG5 "MyRemoveOverlay"] Tracks id:    [00020170]
[ DEBUG5 "MyRemoveOverlay"] Clusters id:  [00021010]
[ DEBUG5 "MyRemoveOverlay"] Particle ids ( [id], PDG, (type)): 
[ DEBUG5 "MyRemoveOverlay"]                  [00021376], 000211, (000000) 
[ DEBUG5 "MyRemoveOverlay"]                  [00021377], 000211, (000000) 
[ DEBUG5 "MyRemoveOverlay"]                  [00021378], 000000, (000000) 
[ DEBUG5 "MyRemoveOverlay"]                  [00021379], 000000, (000000) 
[ DEBUG5 "MyRemoveOverlay"]                  [00021380], 000000, (000000) 
[ DEBUG5 "MyRemoveOverlay"]                  [00021381], 000000, (000000) 
[ DEBUG5 "MyRemoveOverlay"]                  [00021382], 000011, (000000) 
[ DEBUG5 "MyRemoveOverlay"]                  [00021383], 000211, (000000) 
[ DEBUG5 "MyRemoveOverlay"]                  [00021384], 000211, (000000) 
[ DEBUG5 "MyRemoveOverlay"] 
[ DEBUG5 "MyRemoveOverlay"] 
[ DEBUG0 "MyRemoveOverlay"] 	MCParticle at index: 0 has PDG: 211 and MCParticle to Track link weight is 1.00e+00
[ DEBUG0 "MyRemoveOverlay"] 	MCParticle at index: 0 with PDG code: 211 has highest link weight to input track
[ DEBUG0 "MyRemoveOverlay"] 	Track at index: 0 has highest link weight to MCParticle = 9.81e-01
[ DEBUG0 "MyRemoveOverlay"] 	Track linked to MCParticle with highest weight
[ DEBUG6 "MyRemoveOverlay"] 		Found a linked MCParticle to track
[ DEBUG5 "MyRemoveOverlay"] ----------------------------- MCParticle -----------------------------
[ DEBUG5 "MyRemoveOverlay"] Id                                                               19474
[ DEBUG5 "MyRemoveOverlay"] PDG                                                                211
[ DEBUG5 "MyRemoveOverlay"] Energy [GeV]                                                  1.27e+00
[ DEBUG5 "MyRemoveOverlay"] Momentum [GeV] (x,y,z)                      0.503181, 0.526306, 1.0363
[ DEBUG5 "MyRemoveOverlay"] Momentum at Endpoint[GeV] (x,y,z)                                -0, -0, 0
[ DEBUG5 "MyRemoveOverlay"] GeneratorStatus                                                      1
[ DEBUG5 "MyRemoveOverlay"] Vertex [mm] (x,y,z)                                    0, 0, 0.0888168
[ DEBUG5 "MyRemoveOverlay"] Endpoint [mm] (x,y,z)                       1118.64, -734.564, 2682.66
[ DEBUG5 "MyRemoveOverlay"] Mass [GeV]                                                    1.40e-01
[ DEBUG5 "MyRemoveOverlay"] Charge                                                        1.00e+00
[ DEBUG5 "MyRemoveOverlay"] Parents                                                              1
[ DEBUG5 "MyRemoveOverlay"] Daughters                                                            0
[ DEBUG5 "MyRemoveOverlay"] simulator status bits: [sbvtcls]  s: created in simulation b: backscatter v: vertex is not endpoint of parent t: decayed in tracker c: decayed in calorimeter l: has left detector s: stopped o: overlay
[ DEBUG5 "MyRemoveOverlay"] [    c s ]
[ DEBUG5 "MyRemoveOverlay"] 
[ DEBUG0 "MyRemoveOverlay"] 	MCParticle at index: 0 has PDG: 211 and MCParticle to Cluster link weight is 1.00e+00
[ DEBUG0 "MyRemoveOverlay"] 	MCParticle at index: 0 with PDG code: 211 has highest link weight to input cluster
[ DEBUG6 "MyRemoveOverlay"] 		Cluster is not linked to a MCParticle
[ DEBUG7 "MyRemoveOverlay"] 		********** PFO AT INDEX 38 IS NOT OVERLAY **********
[ DEBUG8 "MyRemoveOverlay"] 
[ DEBUG8 "MyRemoveOverlay"] 		-------------------------------------------------------
[ DEBUG8 "MyRemoveOverlay"] 		Processing PFO at index 39
[ DEBUG5 "MyRemoveOverlay"] ------------------ ReconstructedParticle -----------------------------
[ DEBUG5 "MyRemoveOverlay"] Id                                                             0x21385
[ DEBUG5 "MyRemoveOverlay"] Compound                                                             0
[ DEBUG5 "MyRemoveOverlay"] Type                                                                22
[ DEBUG5 "MyRemoveOverlay"] Momentum (x,y,z)                       +1.31e-02, +9.74e-02, -3.33e-01
[ DEBUG5 "MyRemoveOverlay"] Mass [GeV]                                                    0.00e+00
[ DEBUG5 "MyRemoveOverlay"] Charge [e]                                                    0.00e+00
[ DEBUG5 "MyRemoveOverlay"] Energy [GeV]                                                  3.47e-01
[ DEBUG5 "MyRemoveOverlay"] ReferencePoint                         +9.68e+01, +7.22e+02, -2.47e+03
[ DEBUG5 "MyRemoveOverlay"] ParticleIDUsed                                                       0
[ DEBUG5 "MyRemoveOverlay"] GoodnessOfPID                                                 0.00e+00
[ DEBUG5 "MyRemoveOverlay"] Covariance p,E:  1.43e-05, 1.04e-04, 7.78e-04, -3.56e-04, -2.66e-03, 
[ DEBUG5 "MyRemoveOverlay"]                  9.07e-03, 3.71e-04, 2.77e-03, -9.46e-03, 9.86e-03
[ DEBUG5 "MyRemoveOverlay"] Particles id:    
[ DEBUG5 "MyRemoveOverlay"] Tracks id:    
[ DEBUG5 "MyRemoveOverlay"] Clusters id:  [00021011]
[ DEBUG5 "MyRemoveOverlay"] Particle ids ( [id], PDG, (type)): 
[ DEBUG5 "MyRemoveOverlay"]                  [00021386], 000000, (000000) 
[ DEBUG5 "MyRemoveOverlay"]                  [00021387], 000000, (000000) 
[ DEBUG5 "MyRemoveOverlay"]                  [00021388], 000000, (000000) 
[ DEBUG5 "MyRemoveOverlay"]                  [00021389], 000000, (000000) 
[ DEBUG5 "MyRemoveOverlay"] 
[ DEBUG5 "MyRemoveOverlay"] 
[ DEBUG6 "MyRemoveOverlay"] 		Cluster is not linked to a MCParticle
[ DEBUG7 "MyRemoveOverlay"] 		********** PFO AT INDEX 39 IS NOT OVERLAY **********
[ DEBUG8 "MyRemoveOverlay"] 
[ DEBUG8 "MyRemoveOverlay"] 		-------------------------------------------------------
[ DEBUG8 "MyRemoveOverlay"] 		Processing PFO at index 40
[ DEBUG5 "MyRemoveOverlay"] ------------------ ReconstructedParticle -----------------------------
[ DEBUG5 "MyRemoveOverlay"] Id                                                             0x21390
[ DEBUG5 "MyRemoveOverlay"] Compound                                                             0
[ DEBUG5 "MyRemoveOverlay"] Type                                                                22
[ DEBUG5 "MyRemoveOverlay"] Momentum (x,y,z)                       +2.06e-01, +1.18e-01, -1.07e-01
[ DEBUG5 "MyRemoveOverlay"] Mass [GeV]                                                    0.00e+00
[ DEBUG5 "MyRemoveOverlay"] Charge [e]                                                    0.00e+00
[ DEBUG5 "MyRemoveOverlay"] Energy [GeV]                                                  2.61e-01
[ DEBUG5 "MyRemoveOverlay"] ReferencePoint                         +1.68e+03, +9.60e+02, -8.75e+02
[ DEBUG5 "MyRemoveOverlay"] ParticleIDUsed                                                       0
[ DEBUG5 "MyRemoveOverlay"] GoodnessOfPID                                                 0.00e+00
[ DEBUG5 "MyRemoveOverlay"] Covariance p,E:  4.61e-03, 2.64e-03, 1.51e-03, -2.40e-03, -1.37e-03, 
[ DEBUG5 "MyRemoveOverlay"]                  1.25e-03, 5.83e-03, 3.33e-03, -3.04e-03, 7.37e-03
[ DEBUG5 "MyRemoveOverlay"] Particles id:    
[ DEBUG5 "MyRemoveOverlay"] Tracks id:    
[ DEBUG5 "MyRemoveOverlay"] Clusters id:  [00021012]
[ DEBUG5 "MyRemoveOverlay"] Particle ids ( [id], PDG, (type)): 
[ DEBUG5 "MyRemoveOverlay"]                  [00021391], 000000, (000000) 
[ DEBUG5 "MyRemoveOverlay"]                  [00021392], 000000, (000000) 
[ DEBUG5 "MyRemoveOverlay"]                  [00021393], 000000, (000000) 
[ DEBUG5 "MyRemoveOverlay"]                  [00021394], 000000, (000000) 
[ DEBUG5 "MyRemoveOverlay"] 
[ DEBUG5 "MyRemoveOverlay"] 
[ DEBUG0 "MyRemoveOverlay"] 	MCParticle at index: 0 has PDG: 22 and MCParticle to Cluster link weight is 9.56e-01
[ DEBUG0 "MyRemoveOverlay"] 	MCParticle at index: 0 with PDG code: 22 has highest link weight to input cluster
[ DEBUG0 "MyRemoveOverlay"] 	Cluster at index: 0 has highest link weight to MCParticle = 1.00e+00
[ DEBUG0 "MyRemoveOverlay"] 	Cluster linked to MCParticle with highest weight
[ DEBUG6 "MyRemoveOverlay"] 		Found a linked MCParticle to cluster
[ DEBUG5 "MyRemoveOverlay"] ----------------------------- MCParticle -----------------------------
[ DEBUG5 "MyRemoveOverlay"] Id                                                               19579
[ DEBUG5 "MyRemoveOverlay"] PDG                                                                 22
[ DEBUG5 "MyRemoveOverlay"] Energy [GeV]                                                  1.61e-01
[ DEBUG5 "MyRemoveOverlay"] Momentum [GeV] (x,y,z)                 0.127159, 0.0726606, -0.0657077
[ DEBUG5 "MyRemoveOverlay"] Momentum at Endpoint[GeV] (x,y,z)                                0, -0, -0
[ DEBUG5 "MyRemoveOverlay"] GeneratorStatus                                                      1
[ DEBUG5 "MyRemoveOverlay"] Vertex [mm] (x,y,z)                 3.23643e-05, 4.70301e-05, 0.296851
[ DEBUG5 "MyRemoveOverlay"] Endpoint [mm] (x,y,z)                       1629.99, 923.946, -849.867
[ DEBUG5 "MyRemoveOverlay"] Mass [GeV]                                                    0.00e+00
[ DEBUG5 "MyRemoveOverlay"] Charge                                                        0.00e+00
[ DEBUG5 "MyRemoveOverlay"] Parents                                                              1
[ DEBUG5 "MyRemoveOverlay"] Daughters                                                            0
[ DEBUG5 "MyRemoveOverlay"] simulator status bits: [sbvtcls]  s: created in simulation b: backscatter v: vertex is not endpoint of parent t: decayed in tracker c: decayed in calorimeter l: has left detector s: stopped o: overlay
[ DEBUG5 "MyRemoveOverlay"] [    c so]
[ DEBUG5 "MyRemoveOverlay"] 
[ DEBUG7 "MyRemoveOverlay"] 		********** PFO AT INDEX 40 IS OVERLAY **********
[ DEBUG8 "MyRemoveOverlay"] 
[ DEBUG8 "MyRemoveOverlay"] 		-------------------------------------------------------
[ DEBUG8 "MyRemoveOverlay"] 		Processing PFO at index 41
[ DEBUG5 "MyRemoveOverlay"] ------------------ ReconstructedParticle -----------------------------
[ DEBUG5 "MyRemoveOverlay"] Id                                                             0x21395
[ DEBUG5 "MyRemoveOverlay"] Compound                                                             0
[ DEBUG5 "MyRemoveOverlay"] Type                                                                22
[ DEBUG5 "MyRemoveOverlay"] Momentum (x,y,z)                       +1.90e-01, -9.77e-02, -3.47e-02
[ DEBUG5 "MyRemoveOverlay"] Mass [GeV]                                                    0.00e+00
[ DEBUG5 "MyRemoveOverlay"] Charge [e]                                                    0.00e+00
[ DEBUG5 "MyRemoveOverlay"] Energy [GeV]                                                  2.17e-01
[ DEBUG5 "MyRemoveOverlay"] ReferencePoint                         +1.71e+03, -8.79e+02, -3.12e+02
[ DEBUG5 "MyRemoveOverlay"] ParticleIDUsed                                                       0
[ DEBUG5 "MyRemoveOverlay"] GoodnessOfPID                                                 0.00e+00
[ DEBUG5 "MyRemoveOverlay"] Covariance p,E:  4.72e-03, -2.43e-03, 1.25e-03, -8.62e-04, 4.43e-04, 
[ DEBUG5 "MyRemoveOverlay"]                  1.57e-04, 5.38e-03, -2.76e-03, -9.82e-04, 6.12e-03
[ DEBUG5 "MyRemoveOverlay"] Particles id:    
[ DEBUG5 "MyRemoveOverlay"] Tracks id:    
[ DEBUG5 "MyRemoveOverlay"] Clusters id:  [00021013]
[ DEBUG5 "MyRemoveOverlay"] Particle ids ( [id], PDG, (type)): 
[ DEBUG5 "MyRemoveOverlay"]                  [00021396], 000000, (000000) 
[ DEBUG5 "MyRemoveOverlay"]                  [00021397], 000000, (000000) 
[ DEBUG5 "MyRemoveOverlay"]                  [00021398], 000000, (000000) 
[ DEBUG5 "MyRemoveOverlay"]                  [00021399], 000000, (000000) 
[ DEBUG5 "MyRemoveOverlay"] 
[ DEBUG5 "MyRemoveOverlay"] 
[ DEBUG0 "MyRemoveOverlay"] 	MCParticle at index: 0 has PDG: 22 and MCParticle to Cluster link weight is 1.00e+00
[ DEBUG0 "MyRemoveOverlay"] 	MCParticle at index: 0 with PDG code: 22 has highest link weight to input cluster
[ DEBUG0 "MyRemoveOverlay"] 	Cluster at index: 0 has highest link weight to MCParticle = 1.00e+00
[ DEBUG0 "MyRemoveOverlay"] 	Cluster linked to MCParticle with highest weight
[ DEBUG6 "MyRemoveOverlay"] 		Found a linked MCParticle to cluster
[ DEBUG5 "MyRemoveOverlay"] ----------------------------- MCParticle -----------------------------
[ DEBUG5 "MyRemoveOverlay"] Id                                                               19496
[ DEBUG5 "MyRemoveOverlay"] PDG                                                                 22
[ DEBUG5 "MyRemoveOverlay"] Energy [GeV]                                                  1.81e-01
[ DEBUG5 "MyRemoveOverlay"] Momentum [GeV] (x,y,z)                 0.15903, -0.0819074, -0.0288314
[ DEBUG5 "MyRemoveOverlay"] Momentum at Endpoint[GeV] (x,y,z)                                0, -0, -0
[ DEBUG5 "MyRemoveOverlay"] GeneratorStatus                                                      1
[ DEBUG5 "MyRemoveOverlay"] Vertex [mm] (x,y,z)               3.93218e-05, -2.45947e-05, 0.0888242
[ DEBUG5 "MyRemoveOverlay"] Endpoint [mm] (x,y,z)                      1686.13, -868.434, -305.599
[ DEBUG5 "MyRemoveOverlay"] Mass [GeV]                                                    0.00e+00
[ DEBUG5 "MyRemoveOverlay"] Charge                                                        0.00e+00
[ DEBUG5 "MyRemoveOverlay"] Parents                                                              1
[ DEBUG5 "MyRemoveOverlay"] Daughters                                                            0
[ DEBUG5 "MyRemoveOverlay"] simulator status bits: [sbvtcls]  s: created in simulation b: backscatter v: vertex is not endpoint of parent t: decayed in tracker c: decayed in calorimeter l: has left detector s: stopped o: overlay
[ DEBUG5 "MyRemoveOverlay"] [    c s ]
[ DEBUG5 "MyRemoveOverlay"] 
[ DEBUG7 "MyRemoveOverlay"] 		********** PFO AT INDEX 41 IS NOT OVERLAY **********
[ DEBUG8 "MyRemoveOverlay"] 
[ DEBUG8 "MyRemoveOverlay"] 		-------------------------------------------------------
[ DEBUG8 "MyRemoveOverlay"] 		Processing PFO at index 42
[ DEBUG5 "MyRemoveOverlay"] ------------------ ReconstructedParticle -----------------------------
[ DEBUG5 "MyRemoveOverlay"] Id                                                             0x21400
[ DEBUG5 "MyRemoveOverlay"] Compound                                                             0
[ DEBUG5 "MyRemoveOverlay"] Type                                                                22
[ DEBUG5 "MyRemoveOverlay"] Momentum (x,y,z)                       +6.40e-02, -2.59e-01, +2.73e-03
[ DEBUG5 "MyRemoveOverlay"] Mass [GeV]                                                    0.00e+00
[ DEBUG5 "MyRemoveOverlay"] Charge [e]                                                    0.00e+00
[ DEBUG5 "MyRemoveOverlay"] Energy [GeV]                                                  2.67e-01
[ DEBUG5 "MyRemoveOverlay"] ReferencePoint                         +4.54e+02, -1.84e+03, +1.94e+01
[ DEBUG5 "MyRemoveOverlay"] ParticleIDUsed                                                       0
[ DEBUG5 "MyRemoveOverlay"] GoodnessOfPID                                                 0.00e+00
[ DEBUG5 "MyRemoveOverlay"] Covariance p,E:  4.35e-04, -1.76e-03, 7.12e-03, 1.85e-05, -7.51e-05, 
[ DEBUG5 "MyRemoveOverlay"]                  8.60e-07, 1.81e-03, -7.33e-03, 7.73e-05, 7.55e-03
[ DEBUG5 "MyRemoveOverlay"] Particles id:    
[ DEBUG5 "MyRemoveOverlay"] Tracks id:    
[ DEBUG5 "MyRemoveOverlay"] Clusters id:  [00021014]
[ DEBUG5 "MyRemoveOverlay"] Particle ids ( [id], PDG, (type)): 
[ DEBUG5 "MyRemoveOverlay"]                  [00021401], 000000, (000000) 
[ DEBUG5 "MyRemoveOverlay"]                  [00021402], 000000, (000000) 
[ DEBUG5 "MyRemoveOverlay"]                  [00021403], 000000, (000000) 
[ DEBUG5 "MyRemoveOverlay"]                  [00021404], 000000, (000000) 
[ DEBUG5 "MyRemoveOverlay"] 
[ DEBUG5 "MyRemoveOverlay"] 
[ DEBUG0 "MyRemoveOverlay"] 	MCParticle at index: 0 has PDG: 22 and MCParticle to Cluster link weight is 1.00e+00
[ DEBUG0 "MyRemoveOverlay"] 	MCParticle at index: 0 with PDG code: 22 has highest link weight to input cluster
[ DEBUG0 "MyRemoveOverlay"] 	Cluster at index: 1 has highest link weight to MCParticle = 9.59e-01
[ DEBUG0 "MyRemoveOverlay"] 	Cluster linked to MCParticle with highest weight
[ DEBUG6 "MyRemoveOverlay"] 		Found a linked MCParticle to cluster
[ DEBUG5 "MyRemoveOverlay"] ----------------------------- MCParticle -----------------------------
[ DEBUG5 "MyRemoveOverlay"] Id                                                               19485
[ DEBUG5 "MyRemoveOverlay"] PDG                                                                 22
[ DEBUG5 "MyRemoveOverlay"] Energy [GeV]                                                  1.19e-01
[ DEBUG5 "MyRemoveOverlay"] Momentum [GeV] (x,y,z)               0.0289194, -0.115913, 0.000927035
[ DEBUG5 "MyRemoveOverlay"] Momentum at Endpoint[GeV] (x,y,z)                                 0, -0, 0
[ DEBUG5 "MyRemoveOverlay"] GeneratorStatus                                                      1
[ DEBUG5 "MyRemoveOverlay"] Vertex [mm] (x,y,z)              -1.58224e-05, -4.82623e-05, 0.0888194
[ DEBUG5 "MyRemoveOverlay"] Endpoint [mm] (x,y,z)                       450.995, -1807.65, 14.5458
[ DEBUG5 "MyRemoveOverlay"] Mass [GeV]                                                    2.28e-09
[ DEBUG5 "MyRemoveOverlay"] Charge                                                        0.00e+00
[ DEBUG5 "MyRemoveOverlay"] Parents                                                              1
[ DEBUG5 "MyRemoveOverlay"] Daughters                                                            0
[ DEBUG5 "MyRemoveOverlay"] simulator status bits: [sbvtcls]  s: created in simulation b: backscatter v: vertex is not endpoint of parent t: decayed in tracker c: decayed in calorimeter l: has left detector s: stopped o: overlay
[ DEBUG5 "MyRemoveOverlay"] [    c s ]
[ DEBUG5 "MyRemoveOverlay"] 
[ DEBUG7 "MyRemoveOverlay"] 		********** PFO AT INDEX 42 IS NOT OVERLAY **********
[ DEBUG8 "MyRemoveOverlay"] 
[ DEBUG8 "MyRemoveOverlay"] 		-------------------------------------------------------
[ DEBUG8 "MyRemoveOverlay"] 		Processing PFO at index 43
[ DEBUG5 "MyRemoveOverlay"] ------------------ ReconstructedParticle -----------------------------
[ DEBUG5 "MyRemoveOverlay"] Id                                                             0x21405
[ DEBUG5 "MyRemoveOverlay"] Compound                                                             0
[ DEBUG5 "MyRemoveOverlay"] Type                                                              2112
[ DEBUG5 "MyRemoveOverlay"] Momentum (x,y,z)                       +7.11e-01, -7.05e-01, +2.65e-01
[ DEBUG5 "MyRemoveOverlay"] Mass [GeV]                                                    9.40e-01
[ DEBUG5 "MyRemoveOverlay"] Charge [e]                                                    0.00e+00
[ DEBUG5 "MyRemoveOverlay"] Energy [GeV]                                                  1.04e+00
[ DEBUG5 "MyRemoveOverlay"] ReferencePoint                         +1.32e+03, -1.31e+03, +4.91e+02
[ DEBUG5 "MyRemoveOverlay"] ParticleIDUsed                                                       0
[ DEBUG5 "MyRemoveOverlay"] GoodnessOfPID                                                 0.00e+00
[ DEBUG5 "MyRemoveOverlay"] Covariance p,E:  3.21e-01, -3.18e-01, 3.16e-01, 1.20e-01, -1.19e-01, 
[ DEBUG5 "MyRemoveOverlay"]                  4.45e-02, 3.47e-01, -3.44e-01, 1.29e-01, 3.74e-01
[ DEBUG5 "MyRemoveOverlay"] Particles id:    
[ DEBUG5 "MyRemoveOverlay"] Tracks id:    
[ DEBUG5 "MyRemoveOverlay"] Clusters id:  [00021015]
[ DEBUG5 "MyRemoveOverlay"] Particle ids ( [id], PDG, (type)): 
[ DEBUG5 "MyRemoveOverlay"]                  [00021406], 000000, (000000) 
[ DEBUG5 "MyRemoveOverlay"]                  [00021407], 000000, (000000) 
[ DEBUG5 "MyRemoveOverlay"]                  [00021408], 000000, (000000) 
[ DEBUG5 "MyRemoveOverlay"]                  [00021409], 000000, (000000) 
[ DEBUG5 "MyRemoveOverlay"] 
[ DEBUG5 "MyRemoveOverlay"] 
[ DEBUG0 "MyRemoveOverlay"] 	MCParticle at index: 0 has PDG: 22 and MCParticle to Cluster link weight is 1.00e+00
[ DEBUG0 "MyRemoveOverlay"] 	MCParticle at index: 0 with PDG code: 22 has highest link weight to input cluster
[ DEBUG0 "MyRemoveOverlay"] 	Cluster at index: 0 has highest link weight to MCParticle = 9.96e-01
[ DEBUG0 "MyRemoveOverlay"] 	Cluster linked to MCParticle with highest weight
[ DEBUG6 "MyRemoveOverlay"] 		Found a linked MCParticle to cluster
[ DEBUG5 "MyRemoveOverlay"] ----------------------------- MCParticle -----------------------------
[ DEBUG5 "MyRemoveOverlay"] Id                                                               19506
[ DEBUG5 "MyRemoveOverlay"] PDG                                                                 22
[ DEBUG5 "MyRemoveOverlay"] Energy [GeV]                                                  6.27e-01
[ DEBUG5 "MyRemoveOverlay"] Momentum [GeV] (x,y,z)                    0.42999, -0.426205, 0.162468
[ DEBUG5 "MyRemoveOverlay"] Momentum at Endpoint[GeV] (x,y,z)                                 0, -0, 0
[ DEBUG5 "MyRemoveOverlay"] GeneratorStatus                                                      1
[ DEBUG5 "MyRemoveOverlay"] Vertex [mm] (x,y,z)               0.000208328, -0.000230274, 0.0888822
[ DEBUG5 "MyRemoveOverlay"] Endpoint [mm] (x,y,z)                       1283.74, -1272.44, 485.141
[ DEBUG5 "MyRemoveOverlay"] Mass [GeV]                                                   -1.05e-08
[ DEBUG5 "MyRemoveOverlay"] Charge                                                        0.00e+00
[ DEBUG5 "MyRemoveOverlay"] Parents                                                              1
[ DEBUG5 "MyRemoveOverlay"] Daughters                                                            0
[ DEBUG5 "MyRemoveOverlay"] simulator status bits: [sbvtcls]  s: created in simulation b: backscatter v: vertex is not endpoint of parent t: decayed in tracker c: decayed in calorimeter l: has left detector s: stopped o: overlay
[ DEBUG5 "MyRemoveOverlay"] [    c s ]
[ DEBUG5 "MyRemoveOverlay"] 
[ DEBUG7 "MyRemoveOverlay"] 		********** PFO AT INDEX 43 IS NOT OVERLAY **********
[ DEBUG8 "MyRemoveOverlay"] 
[ DEBUG8 "MyRemoveOverlay"] 		-------------------------------------------------------
[ DEBUG8 "MyRemoveOverlay"] 		Processing PFO at index 44
[ DEBUG5 "MyRemoveOverlay"] ------------------ ReconstructedParticle -----------------------------
[ DEBUG5 "MyRemoveOverlay"] Id                                                             0x21410
[ DEBUG5 "MyRemoveOverlay"] Compound                                                             0
[ DEBUG5 "MyRemoveOverlay"] Type                                                                22
[ DEBUG5 "MyRemoveOverlay"] Momentum (x,y,z)                       +1.54e+00, +8.66e-01, +1.05e+00
[ DEBUG5 "MyRemoveOverlay"] Mass [GeV]                                                    0.00e+00
[ DEBUG5 "MyRemoveOverlay"] Charge [e]                                                    0.00e+00
[ DEBUG5 "MyRemoveOverlay"] Energy [GeV]                                                  2.06e+00
[ DEBUG5 "MyRemoveOverlay"] ReferencePoint                         +1.68e+03, +9.42e+02, +1.14e+03
[ DEBUG5 "MyRemoveOverlay"] ParticleIDUsed                                                       0
[ DEBUG5 "MyRemoveOverlay"] GoodnessOfPID                                                 0.00e+00
[ DEBUG5 "MyRemoveOverlay"] Covariance p,E:  3.32e-02, 1.86e-02, 1.05e-02, 2.26e-02, 1.27e-02, 
[ DEBUG5 "MyRemoveOverlay"]                  1.54e-02, 4.42e-02, 2.48e-02, 3.01e-02, 5.90e-02
[ DEBUG5 "MyRemoveOverlay"] Particles id:    
[ DEBUG5 "MyRemoveOverlay"] Tracks id:    
[ DEBUG5 "MyRemoveOverlay"] Clusters id:  [00021016]
[ DEBUG5 "MyRemoveOverlay"] Particle ids ( [id], PDG, (type)): 
[ DEBUG5 "MyRemoveOverlay"]                  [00021411], 000000, (000000) 
[ DEBUG5 "MyRemoveOverlay"]                  [00021412], 000000, (000000) 
[ DEBUG5 "MyRemoveOverlay"]                  [00021413], 000000, (000000) 
[ DEBUG5 "MyRemoveOverlay"]                  [00021414], 000000, (000000) 
[ DEBUG5 "MyRemoveOverlay"] 
[ DEBUG5 "MyRemoveOverlay"] 
[ DEBUG0 "MyRemoveOverlay"] 	MCParticle at index: 0 has PDG: 22 and MCParticle to Cluster link weight is 9.81e-01
[ DEBUG0 "MyRemoveOverlay"] 	MCParticle at index: 0 with PDG code: 22 has highest link weight to input cluster
[ DEBUG0 "MyRemoveOverlay"] 	Cluster at index: 0 has highest link weight to MCParticle = 9.96e-01
[ DEBUG0 "MyRemoveOverlay"] 	Cluster linked to MCParticle with highest weight
[ DEBUG6 "MyRemoveOverlay"] 		Found a linked MCParticle to cluster
[ DEBUG5 "MyRemoveOverlay"] ----------------------------- MCParticle -----------------------------
[ DEBUG5 "MyRemoveOverlay"] Id                                                               19503
[ DEBUG5 "MyRemoveOverlay"] PDG                                                                 22
[ DEBUG5 "MyRemoveOverlay"] Energy [GeV]                                                  2.21e+00
[ DEBUG5 "MyRemoveOverlay"] Momentum [GeV] (x,y,z)                       1.6577, 0.935619, 1.12718
[ DEBUG5 "MyRemoveOverlay"] Momentum at Endpoint[GeV] (x,y,z)                                  0, 0, 0
[ DEBUG5 "MyRemoveOverlay"] GeneratorStatus                                                      1
[ DEBUG5 "MyRemoveOverlay"] Vertex [mm] (x,y,z)                5.50145e-05, 3.14175e-05, 0.0888551
[ DEBUG5 "MyRemoveOverlay"] Endpoint [mm] (x,y,z)                        1632.81, 921.572, 1110.35
[ DEBUG5 "MyRemoveOverlay"] Mass [GeV]                                                   -4.21e-08
[ DEBUG5 "MyRemoveOverlay"] Charge                                                        0.00e+00
[ DEBUG5 "MyRemoveOverlay"] Parents                                                              1
[ DEBUG5 "MyRemoveOverlay"] Daughters                                                            0
[ DEBUG5 "MyRemoveOverlay"] simulator status bits: [sbvtcls]  s: created in simulation b: backscatter v: vertex is not endpoint of parent t: decayed in tracker c: decayed in calorimeter l: has left detector s: stopped o: overlay
[ DEBUG5 "MyRemoveOverlay"] [    c s ]
[ DEBUG5 "MyRemoveOverlay"] 
[ DEBUG7 "MyRemoveOverlay"] 		********** PFO AT INDEX 44 IS NOT OVERLAY **********
[ DEBUG8 "MyRemoveOverlay"] 
[ DEBUG8 "MyRemoveOverlay"] 		-------------------------------------------------------
[ DEBUG8 "MyRemoveOverlay"] 		Processing PFO at index 45
[ DEBUG5 "MyRemoveOverlay"] ------------------ ReconstructedParticle -----------------------------
[ DEBUG5 "MyRemoveOverlay"] Id                                                             0x21415
[ DEBUG5 "MyRemoveOverlay"] Compound                                                             0
[ DEBUG5 "MyRemoveOverlay"] Type                                                                22
[ DEBUG5 "MyRemoveOverlay"] Momentum (x,y,z)                       +8.44e-01, +4.50e-01, +7.07e-01
[ DEBUG5 "MyRemoveOverlay"] Mass [GeV]                                                    0.00e+00
[ DEBUG5 "MyRemoveOverlay"] Charge [e]                                                    0.00e+00
[ DEBUG5 "MyRemoveOverlay"] Energy [GeV]                                                  1.19e+00
[ DEBUG5 "MyRemoveOverlay"] ReferencePoint                         +1.71e+03, +9.14e+02, +1.44e+03
[ DEBUG5 "MyRemoveOverlay"] ParticleIDUsed                                                       0
[ DEBUG5 "MyRemoveOverlay"] GoodnessOfPID                                                 0.00e+00
[ DEBUG5 "MyRemoveOverlay"] Covariance p,E:  1.64e-02, 8.72e-03, 4.65e-03, 1.37e-02, 7.30e-03, 
[ DEBUG5 "MyRemoveOverlay"]                  1.15e-02, 2.30e-02, 1.23e-02, 1.93e-02, 3.25e-02
[ DEBUG5 "MyRemoveOverlay"] Particles id:    
[ DEBUG5 "MyRemoveOverlay"] Tracks id:    
[ DEBUG5 "MyRemoveOverlay"] Clusters id:  [00021017]
[ DEBUG5 "MyRemoveOverlay"] Particle ids ( [id], PDG, (type)): 
[ DEBUG5 "MyRemoveOverlay"]                  [00021416], 000000, (000000) 
[ DEBUG5 "MyRemoveOverlay"]                  [00021417], 000000, (000000) 
[ DEBUG5 "MyRemoveOverlay"]                  [00021418], 000000, (000000) 
[ DEBUG5 "MyRemoveOverlay"]                  [00021419], 000000, (000000) 
[ DEBUG5 "MyRemoveOverlay"] 
[ DEBUG5 "MyRemoveOverlay"] 
[ DEBUG0 "MyRemoveOverlay"] 	MCParticle at index: 0 has PDG: 22 and MCParticle to Cluster link weight is 1.00e+00
[ DEBUG0 "MyRemoveOverlay"] 	MCParticle at index: 0 with PDG code: 22 has highest link weight to input cluster
[ DEBUG0 "MyRemoveOverlay"] 	Cluster at index: 0 has highest link weight to MCParticle = 1.00e+00
[ DEBUG0 "MyRemoveOverlay"] 	Cluster linked to MCParticle with highest weight
[ DEBUG6 "MyRemoveOverlay"] 		Found a linked MCParticle to cluster
[ DEBUG5 "MyRemoveOverlay"] ----------------------------- MCParticle -----------------------------
[ DEBUG5 "MyRemoveOverlay"] Id                                                               19510
[ DEBUG5 "MyRemoveOverlay"] PDG                                                                 22
[ DEBUG5 "MyRemoveOverlay"] Energy [GeV]                                                  9.88e-01
[ DEBUG5 "MyRemoveOverlay"] Momentum [GeV] (x,y,z)                    0.701066, 0.372714, 0.587639
[ DEBUG5 "MyRemoveOverlay"] Momentum at Endpoint[GeV] (x,y,z)                                  0, 0, 0
[ DEBUG5 "MyRemoveOverlay"] GeneratorStatus                                                      1
[ DEBUG5 "MyRemoveOverlay"] Vertex [mm] (x,y,z)                2.19801e-05, 1.09394e-05, 0.0888374
[ DEBUG5 "MyRemoveOverlay"] Endpoint [mm] (x,y,z)                        1667.93, 886.734, 1398.16
[ DEBUG5 "MyRemoveOverlay"] Mass [GeV]                                                   -2.11e-08
[ DEBUG5 "MyRemoveOverlay"] Charge                                                        0.00e+00
[ DEBUG5 "MyRemoveOverlay"] Parents                                                              1
[ DEBUG5 "MyRemoveOverlay"] Daughters                                                            0
[ DEBUG5 "MyRemoveOverlay"] simulator status bits: [sbvtcls]  s: created in simulation b: backscatter v: vertex is not endpoint of parent t: decayed in tracker c: decayed in calorimeter l: has left detector s: stopped o: overlay
[ DEBUG5 "MyRemoveOverlay"] [    c s ]
[ DEBUG5 "MyRemoveOverlay"] 
[ DEBUG7 "MyRemoveOverlay"] 		********** PFO AT INDEX 45 IS NOT OVERLAY **********
[ DEBUG8 "MyRemoveOverlay"] 
[ DEBUG8 "MyRemoveOverlay"] 		-------------------------------------------------------
[ DEBUG8 "MyRemoveOverlay"] 		Processing PFO at index 46
[ DEBUG5 "MyRemoveOverlay"] ------------------ ReconstructedParticle -----------------------------
[ DEBUG5 "MyRemoveOverlay"] Id                                                             0x21420
[ DEBUG5 "MyRemoveOverlay"] Compound                                                             0
[ DEBUG5 "MyRemoveOverlay"] Type                                                                22
[ DEBUG5 "MyRemoveOverlay"] Momentum (x,y,z)                       -3.03e-02, +4.30e-02, +2.03e-01
[ DEBUG5 "MyRemoveOverlay"] Mass [GeV]                                                    0.00e+00
[ DEBUG5 "MyRemoveOverlay"] Charge [e]                                                    0.00e+00
[ DEBUG5 "MyRemoveOverlay"] Energy [GeV]                                                  2.09e-01
[ DEBUG5 "MyRemoveOverlay"] ReferencePoint                         -3.63e+02, +5.16e+02, +2.43e+03
[ DEBUG5 "MyRemoveOverlay"] ParticleIDUsed                                                       0
[ DEBUG5 "MyRemoveOverlay"] GoodnessOfPID                                                 0.00e+00
[ DEBUG5 "MyRemoveOverlay"] Covariance p,E:  1.24e-04, -1.77e-04, 2.52e-04, -8.29e-04, 1.18e-03, 
[ DEBUG5 "MyRemoveOverlay"]                  5.55e-03, -8.57e-04, 1.22e-03, 5.74e-03, 5.93e-03
[ DEBUG5 "MyRemoveOverlay"] Particles id:    
[ DEBUG5 "MyRemoveOverlay"] Tracks id:    
[ DEBUG5 "MyRemoveOverlay"] Clusters id:  [00021018]
[ DEBUG5 "MyRemoveOverlay"] Particle ids ( [id], PDG, (type)): 
[ DEBUG5 "MyRemoveOverlay"]                  [00021421], 000000, (000000) 
[ DEBUG5 "MyRemoveOverlay"]                  [00021422], 000000, (000000) 
[ DEBUG5 "MyRemoveOverlay"]                  [00021423], 000000, (000000) 
[ DEBUG5 "MyRemoveOverlay"]                  [00021424], 000000, (000000) 
[ DEBUG5 "MyRemoveOverlay"] 
[ DEBUG5 "MyRemoveOverlay"] 
[ DEBUG0 "MyRemoveOverlay"] 	MCParticle at index: 0 has PDG: 211 and MCParticle to Cluster link weight is 9.23e-01
[ DEBUG0 "MyRemoveOverlay"] 	MCParticle at index: 0 with PDG code: 211 has highest link weight to input cluster
[ DEBUG6 "MyRemoveOverlay"] 		Cluster is not linked to a MCParticle
[ DEBUG7 "MyRemoveOverlay"] 		********** PFO AT INDEX 46 IS NOT OVERLAY **********
[ DEBUG8 "MyRemoveOverlay"] 
[ DEBUG8 "MyRemoveOverlay"] 		-------------------------------------------------------
[ DEBUG8 "MyRemoveOverlay"] 		Processing PFO at index 47
[ DEBUG5 "MyRemoveOverlay"] ------------------ ReconstructedParticle -----------------------------
[ DEBUG5 "MyRemoveOverlay"] Id                                                             0x21425
[ DEBUG5 "MyRemoveOverlay"] Compound                                                             0
[ DEBUG5 "MyRemoveOverlay"] Type                                                                22
[ DEBUG5 "MyRemoveOverlay"] Momentum (x,y,z)                       +1.36e-02, +8.82e-02, +1.50e-01
[ DEBUG5 "MyRemoveOverlay"] Mass [GeV]                                                    0.00e+00
[ DEBUG5 "MyRemoveOverlay"] Charge [e]                                                    0.00e+00
[ DEBUG5 "MyRemoveOverlay"] Energy [GeV]                                                  1.74e-01
[ DEBUG5 "MyRemoveOverlay"] ReferencePoint                         +2.21e+02, +1.43e+03, +2.43e+03
[ DEBUG5 "MyRemoveOverlay"] ParticleIDUsed                                                       0
[ DEBUG5 "MyRemoveOverlay"] GoodnessOfPID                                                 0.00e+00
[ DEBUG5 "MyRemoveOverlay"] Covariance p,E:  3.01e-05, 1.95e-04, 1.26e-03, 3.31e-04, 2.14e-03, 
[ DEBUG5 "MyRemoveOverlay"]                  3.64e-03, 3.85e-04, 2.49e-03, 4.23e-03, 4.93e-03
[ DEBUG5 "MyRemoveOverlay"] Particles id:    
[ DEBUG5 "MyRemoveOverlay"] Tracks id:    
[ DEBUG5 "MyRemoveOverlay"] Clusters id:  [00021019]
[ DEBUG5 "MyRemoveOverlay"] Particle ids ( [id], PDG, (type)): 
[ DEBUG5 "MyRemoveOverlay"]                  [00021426], 000000, (000000) 
[ DEBUG5 "MyRemoveOverlay"]                  [00021427], 000000, (000000) 
[ DEBUG5 "MyRemoveOverlay"]                  [00021428], 000000, (000000) 
[ DEBUG5 "MyRemoveOverlay"]                  [00021429], 000000, (000000) 
[ DEBUG5 "MyRemoveOverlay"] 
[ DEBUG5 "MyRemoveOverlay"] 
[ DEBUG0 "MyRemoveOverlay"] 	MCParticle at index: 0 has PDG: 22 and MCParticle to Cluster link weight is 1.00e+00
[ DEBUG0 "MyRemoveOverlay"] 	MCParticle at index: 0 with PDG code: 22 has highest link weight to input cluster
[ DEBUG0 "MyRemoveOverlay"] 	Cluster at index: 0 has highest link weight to MCParticle = 9.19e-01
[ DEBUG0 "MyRemoveOverlay"] 	Cluster linked to MCParticle with highest weight
[ DEBUG6 "MyRemoveOverlay"] 		Found a linked MCParticle to cluster
[ DEBUG5 "MyRemoveOverlay"] ----------------------------- MCParticle -----------------------------
[ DEBUG5 "MyRemoveOverlay"] Id                                                               19498
[ DEBUG5 "MyRemoveOverlay"] PDG                                                                 22
[ DEBUG5 "MyRemoveOverlay"] Energy [GeV]                                                  1.80e-01
[ DEBUG5 "MyRemoveOverlay"] Momentum [GeV] (x,y,z)                  0.0137454, 0.0909716, 0.154616
[ DEBUG5 "MyRemoveOverlay"] Momentum at Endpoint[GeV] (x,y,z)                                  0, 0, 0
[ DEBUG5 "MyRemoveOverlay"] GeneratorStatus                                                      1
[ DEBUG5 "MyRemoveOverlay"] Vertex [mm] (x,y,z)                 0.000208388, 0.000264446, 0.089414
[ DEBUG5 "MyRemoveOverlay"] Endpoint [mm] (x,y,z)                        214.534, 1419.85, 2413.28
[ DEBUG5 "MyRemoveOverlay"] Mass [GeV]                                                    3.73e-09
[ DEBUG5 "MyRemoveOverlay"] Charge                                                        0.00e+00
[ DEBUG5 "MyRemoveOverlay"] Parents                                                              1
[ DEBUG5 "MyRemoveOverlay"] Daughters                                                            0
[ DEBUG5 "MyRemoveOverlay"] simulator status bits: [sbvtcls]  s: created in simulation b: backscatter v: vertex is not endpoint of parent t: decayed in tracker c: decayed in calorimeter l: has left detector s: stopped o: overlay
[ DEBUG5 "MyRemoveOverlay"] [    c s ]
[ DEBUG5 "MyRemoveOverlay"] 
[ DEBUG7 "MyRemoveOverlay"] 		********** PFO AT INDEX 47 IS NOT OVERLAY **********
[ DEBUG8 "MyRemoveOverlay"] 
[ DEBUG8 "MyRemoveOverlay"] 		-------------------------------------------------------
[ DEBUG8 "MyRemoveOverlay"] 		Processing PFO at index 48
[ DEBUG5 "MyRemoveOverlay"] ------------------ ReconstructedParticle -----------------------------
[ DEBUG5 "MyRemoveOverlay"] Id                                                             0x21430
[ DEBUG5 "MyRemoveOverlay"] Compound                                                             0
[ DEBUG5 "MyRemoveOverlay"] Type                                                                22
[ DEBUG5 "MyRemoveOverlay"] Momentum (x,y,z)                       +1.04e-01, -9.55e-02, +3.94e-01
[ DEBUG5 "MyRemoveOverlay"] Mass [GeV]                                                    0.00e+00
[ DEBUG5 "MyRemoveOverlay"] Charge [e]                                                    0.00e+00
[ DEBUG5 "MyRemoveOverlay"] Energy [GeV]                                                  4.19e-01
[ DEBUG5 "MyRemoveOverlay"] ReferencePoint                         +6.48e+02, -5.94e+02, +2.45e+03
[ DEBUG5 "MyRemoveOverlay"] ParticleIDUsed                                                       0
[ DEBUG5 "MyRemoveOverlay"] GoodnessOfPID                                                 0.00e+00
[ DEBUG5 "MyRemoveOverlay"] Covariance p,E:  7.39e-04, -6.77e-04, 6.20e-04, 2.79e-03, -2.56e-03, 
[ DEBUG5 "MyRemoveOverlay"]                  1.06e-02, 2.97e-03, -2.72e-03, 1.12e-02, 1.19e-02
[ DEBUG5 "MyRemoveOverlay"] Particles id:    
[ DEBUG5 "MyRemoveOverlay"] Tracks id:    
[ DEBUG5 "MyRemoveOverlay"] Clusters id:  [00021020]
[ DEBUG5 "MyRemoveOverlay"] Particle ids ( [id], PDG, (type)): 
[ DEBUG5 "MyRemoveOverlay"]                  [00021431], 000000, (000000) 
[ DEBUG5 "MyRemoveOverlay"]                  [00021432], 000000, (000000) 
[ DEBUG5 "MyRemoveOverlay"]                  [00021433], 000000, (000000) 
[ DEBUG5 "MyRemoveOverlay"]                  [00021434], 000000, (000000) 
[ DEBUG5 "MyRemoveOverlay"] 
[ DEBUG5 "MyRemoveOverlay"] 
[ DEBUG0 "MyRemoveOverlay"] 	MCParticle at index: 0 has PDG: 22 and MCParticle to Cluster link weight is 1.00e+00
[ DEBUG0 "MyRemoveOverlay"] 	MCParticle at index: 0 with PDG code: 22 has highest link weight to input cluster
[ DEBUG0 "MyRemoveOverlay"] 	Cluster at index: 0 has highest link weight to MCParticle = 1.00e+00
[ DEBUG0 "MyRemoveOverlay"] 	Cluster linked to MCParticle with highest weight
[ DEBUG6 "MyRemoveOverlay"] 		Found a linked MCParticle to cluster
[ DEBUG5 "MyRemoveOverlay"] ----------------------------- MCParticle -----------------------------
[ DEBUG5 "MyRemoveOverlay"] Id                                                               19561
[ DEBUG5 "MyRemoveOverlay"] PDG                                                                 22
[ DEBUG5 "MyRemoveOverlay"] Energy [GeV]                                                  3.75e-01
[ DEBUG5 "MyRemoveOverlay"] Momentum [GeV] (x,y,z)                  0.0932587, -0.0858407, 0.35297
[ DEBUG5 "MyRemoveOverlay"] Momentum at Endpoint[GeV] (x,y,z)                                 0, -0, 0
[ DEBUG5 "MyRemoveOverlay"] GeneratorStatus                                                      1
[ DEBUG5 "MyRemoveOverlay"] Vertex [mm] (x,y,z)              9.78397e-05, -0.000289924, -0.0620928
[ DEBUG5 "MyRemoveOverlay"] Endpoint [mm] (x,y,z)                       637.961, -587.216, 2414.52
[ DEBUG5 "MyRemoveOverlay"] Mass [GeV]                                                    0.00e+00
[ DEBUG5 "MyRemoveOverlay"] Charge                                                        0.00e+00
[ DEBUG5 "MyRemoveOverlay"] Parents                                                              1
[ DEBUG5 "MyRemoveOverlay"] Daughters                                                            0
[ DEBUG5 "MyRemoveOverlay"] simulator status bits: [sbvtcls]  s: created in simulation b: backscatter v: vertex is not endpoint of parent t: decayed in tracker c: decayed in calorimeter l: has left detector s: stopped o: overlay
[ DEBUG5 "MyRemoveOverlay"] [    c so]
[ DEBUG5 "MyRemoveOverlay"] 
[ DEBUG7 "MyRemoveOverlay"] 		********** PFO AT INDEX 48 IS OVERLAY **********
[ DEBUG8 "MyRemoveOverlay"] 
[ DEBUG8 "MyRemoveOverlay"] 		-------------------------------------------------------
[ DEBUG8 "MyRemoveOverlay"] 		Processing PFO at index 49
[ DEBUG5 "MyRemoveOverlay"] ------------------ ReconstructedParticle -----------------------------
[ DEBUG5 "MyRemoveOverlay"] Id                                                             0x21435
[ DEBUG5 "MyRemoveOverlay"] Compound                                                             0
[ DEBUG5 "MyRemoveOverlay"] Type                                                                22
[ DEBUG5 "MyRemoveOverlay"] Momentum (x,y,z)                       +5.38e-02, +4.44e-02, +1.66e-01
[ DEBUG5 "MyRemoveOverlay"] Mass [GeV]                                                    0.00e+00
[ DEBUG5 "MyRemoveOverlay"] Charge [e]                                                    0.00e+00
[ DEBUG5 "MyRemoveOverlay"] Energy [GeV]                                                  1.80e-01
[ DEBUG5 "MyRemoveOverlay"] ReferencePoint                         +8.01e+02, +6.61e+02, +2.48e+03
[ DEBUG5 "MyRemoveOverlay"] ParticleIDUsed                                                       0
[ DEBUG5 "MyRemoveOverlay"] GoodnessOfPID                                                 0.00e+00
[ DEBUG5 "MyRemoveOverlay"] Covariance p,E:  4.54e-04, 3.75e-04, 3.10e-04, 1.40e-03, 1.16e-03, 
[ DEBUG5 "MyRemoveOverlay"]                  4.34e-03, 1.52e-03, 1.26e-03, 4.70e-03, 5.10e-03
[ DEBUG5 "MyRemoveOverlay"] Particles id:    
[ DEBUG5 "MyRemoveOverlay"] Tracks id:    
[ DEBUG5 "MyRemoveOverlay"] Clusters id:  [00021021]
[ DEBUG5 "MyRemoveOverlay"] Particle ids ( [id], PDG, (type)): 
[ DEBUG5 "MyRemoveOverlay"]                  [00021436], 000000, (000000) 
[ DEBUG5 "MyRemoveOverlay"]                  [00021437], 000000, (000000) 
[ DEBUG5 "MyRemoveOverlay"]                  [00021438], 000000, (000000) 
[ DEBUG5 "MyRemoveOverlay"]                  [00021439], 000000, (000000) 
[ DEBUG5 "MyRemoveOverlay"] 
[ DEBUG5 "MyRemoveOverlay"] 
[ DEBUG0 "MyRemoveOverlay"] 	MCParticle at index: 0 has PDG: 22 and MCParticle to Cluster link weight is 1.00e+00
[ DEBUG0 "MyRemoveOverlay"] 	MCParticle at index: 0 with PDG code: 22 has highest link weight to input cluster
[ DEBUG0 "MyRemoveOverlay"] 	Cluster at index: 0 has highest link weight to MCParticle = 1.00e+00
[ DEBUG0 "MyRemoveOverlay"] 	Cluster linked to MCParticle with highest weight
[ DEBUG6 "MyRemoveOverlay"] 		Found a linked MCParticle to cluster
[ DEBUG5 "MyRemoveOverlay"] ----------------------------- MCParticle -----------------------------
[ DEBUG5 "MyRemoveOverlay"] Id                                                               19491
[ DEBUG5 "MyRemoveOverlay"] PDG                                                                 22
[ DEBUG5 "MyRemoveOverlay"] Energy [GeV]                                                  1.52e-01
[ DEBUG5 "MyRemoveOverlay"] Momentum [GeV] (x,y,z)                  0.0459253, 0.0374308, 0.140117
[ DEBUG5 "MyRemoveOverlay"] Momentum at Endpoint[GeV] (x,y,z)                                  0, 0, 0
[ DEBUG5 "MyRemoveOverlay"] GeneratorStatus                                                      1
[ DEBUG5 "MyRemoveOverlay"] Vertex [mm] (x,y,z)               -2.01762e-06, 7.41826e-06, 0.0888374
[ DEBUG5 "MyRemoveOverlay"] Endpoint [mm] (x,y,z)                        791.435, 645.049, 2414.74
[ DEBUG5 "MyRemoveOverlay"] Mass [GeV]                                                   -4.17e-09
[ DEBUG5 "MyRemoveOverlay"] Charge                                                        0.00e+00
[ DEBUG5 "MyRemoveOverlay"] Parents                                                              1
[ DEBUG5 "MyRemoveOverlay"] Daughters                                                            0
[ DEBUG5 "MyRemoveOverlay"] simulator status bits: [sbvtcls]  s: created in simulation b: backscatter v: vertex is not endpoint of parent t: decayed in tracker c: decayed in calorimeter l: has left detector s: stopped o: overlay
[ DEBUG5 "MyRemoveOverlay"] [    c s ]
[ DEBUG5 "MyRemoveOverlay"] 
[ DEBUG7 "MyRemoveOverlay"] 		********** PFO AT INDEX 49 IS NOT OVERLAY **********
[ DEBUG8 "MyRemoveOverlay"] 
[ DEBUG8 "MyRemoveOverlay"] 		-------------------------------------------------------
[ DEBUG8 "MyRemoveOverlay"] 		Processing PFO at index 50
[ DEBUG5 "MyRemoveOverlay"] ------------------ ReconstructedParticle -----------------------------
[ DEBUG5 "MyRemoveOverlay"] Id                                                             0x21440
[ DEBUG5 "MyRemoveOverlay"] Compound                                                             0
[ DEBUG5 "MyRemoveOverlay"] Type                                                              2112
[ DEBUG5 "MyRemoveOverlay"] Momentum (x,y,z)                       +1.39e-01, +6.60e-02, +4.08e-01
[ DEBUG5 "MyRemoveOverlay"] Mass [GeV]                                                    9.40e-01
[ DEBUG5 "MyRemoveOverlay"] Charge [e]                                                    0.00e+00
[ DEBUG5 "MyRemoveOverlay"] Energy [GeV]                                                  4.36e-01
[ DEBUG5 "MyRemoveOverlay"] ReferencePoint                         +8.29e+02, +3.93e+02, +2.43e+03
[ DEBUG5 "MyRemoveOverlay"] ParticleIDUsed                                                       0
[ DEBUG5 "MyRemoveOverlay"] GoodnessOfPID                                                 0.00e+00
[ DEBUG5 "MyRemoveOverlay"] Covariance p,E:  9.02e-02, 4.27e-02, 2.03e-02, 2.65e-01, 1.25e-01, 
[ DEBUG5 "MyRemoveOverlay"]                  7.76e-01, 1.19e-01, 5.65e-02, 3.49e-01, 1.57e-01
[ DEBUG5 "MyRemoveOverlay"] Particles id:    
[ DEBUG5 "MyRemoveOverlay"] Tracks id:    
[ DEBUG5 "MyRemoveOverlay"] Clusters id:  [00021022]
[ DEBUG5 "MyRemoveOverlay"] Particle ids ( [id], PDG, (type)): 
[ DEBUG5 "MyRemoveOverlay"]                  [00021441], 000000, (000000) 
[ DEBUG5 "MyRemoveOverlay"]                  [00021442], 000000, (000000) 
[ DEBUG5 "MyRemoveOverlay"]                  [00021443], 000000, (000000) 
[ DEBUG5 "MyRemoveOverlay"]                  [00021444], 000000, (000000) 
[ DEBUG5 "MyRemoveOverlay"] 
[ DEBUG5 "MyRemoveOverlay"] 
[ DEBUG6 "MyRemoveOverlay"] 		Cluster is not linked to a MCParticle
[ DEBUG7 "MyRemoveOverlay"] 		********** PFO AT INDEX 50 IS NOT OVERLAY **********
[ DEBUG8 "MyRemoveOverlay"] 
[ DEBUG8 "MyRemoveOverlay"] 		-------------------------------------------------------
[ DEBUG8 "MyRemoveOverlay"] 		Processing PFO at index 51
[ DEBUG5 "MyRemoveOverlay"] ------------------ ReconstructedParticle -----------------------------
[ DEBUG5 "MyRemoveOverlay"] Id                                                             0x21445
[ DEBUG5 "MyRemoveOverlay"] Compound                                                             0
[ DEBUG5 "MyRemoveOverlay"] Type                                                                22
[ DEBUG5 "MyRemoveOverlay"] Momentum (x,y,z)                       +2.51e+00, +1.12e+00, +3.61e+00
[ DEBUG5 "MyRemoveOverlay"] Mass [GeV]                                                    0.00e+00
[ DEBUG5 "MyRemoveOverlay"] Charge [e]                                                    0.00e+00
[ DEBUG5 "MyRemoveOverlay"] Energy [GeV]                                                  4.53e+00
[ DEBUG5 "MyRemoveOverlay"] ReferencePoint                         +1.70e+03, +7.58e+02, +2.45e+03
[ DEBUG5 "MyRemoveOverlay"] ParticleIDUsed                                                       0
[ DEBUG5 "MyRemoveOverlay"] GoodnessOfPID                                                 0.00e+00
[ DEBUG5 "MyRemoveOverlay"] Covariance p,E:  4.05e-02, 1.80e-02, 8.04e-03, 5.83e-02, 2.60e-02, 
[ DEBUG5 "MyRemoveOverlay"]                  8.40e-02, 7.33e-02, 3.26e-02, 1.05e-01, 1.33e-01
[ DEBUG5 "MyRemoveOverlay"] Particles id:    
[ DEBUG5 "MyRemoveOverlay"] Tracks id:    
[ DEBUG5 "MyRemoveOverlay"] Clusters id:  [00021023]
[ DEBUG5 "MyRemoveOverlay"] Particle ids ( [id], PDG, (type)): 
[ DEBUG5 "MyRemoveOverlay"]                  [00021446], 000000, (000000) 
[ DEBUG5 "MyRemoveOverlay"]                  [00021447], 000000, (000000) 
[ DEBUG5 "MyRemoveOverlay"]                  [00021448], 000000, (000000) 
[ DEBUG5 "MyRemoveOverlay"]                  [00021449], 000000, (000000) 
[ DEBUG5 "MyRemoveOverlay"] 
[ DEBUG5 "MyRemoveOverlay"] 
[ DEBUG6 "MyRemoveOverlay"] 		Cluster is not linked to a MCParticle
[ DEBUG7 "MyRemoveOverlay"] 		********** PFO AT INDEX 51 IS NOT OVERLAY **********
[ DEBUG8 "MyRemoveOverlay"] 
[ DEBUG8 "MyRemoveOverlay"] 		-------------------------------------------------------
[ DEBUG8 "MyRemoveOverlay"] 		Processing PFO at index 52
[ DEBUG5 "MyRemoveOverlay"] ------------------ ReconstructedParticle -----------------------------
[ DEBUG5 "MyRemoveOverlay"] Id                                                             0x21450
[ DEBUG5 "MyRemoveOverlay"] Compound                                                             0
[ DEBUG5 "MyRemoveOverlay"] Type                                                                22
[ DEBUG5 "MyRemoveOverlay"] Momentum (x,y,z)                       +5.38e-02, +1.41e-01, -2.32e-02
[ DEBUG5 "MyRemoveOverlay"] Mass [GeV]                                                    0.00e+00
[ DEBUG5 "MyRemoveOverlay"] Charge [e]                                                    0.00e+00
[ DEBUG5 "MyRemoveOverlay"] Energy [GeV]                                                  1.52e-01
[ DEBUG5 "MyRemoveOverlay"] ReferencePoint                         +6.98e+02, +1.82e+03, -3.02e+02
[ DEBUG5 "MyRemoveOverlay"] ParticleIDUsed                                                       0
[ DEBUG5 "MyRemoveOverlay"] GoodnessOfPID                                                 0.00e+00
[ DEBUG5 "MyRemoveOverlay"] Covariance p,E:  4.91e-04, 1.28e-03, 3.35e-03, -2.12e-04, -5.55e-04, 
[ DEBUG5 "MyRemoveOverlay"]                  9.19e-05, 1.39e-03, 3.63e-03, -6.01e-04, 3.94e-03
[ DEBUG5 "MyRemoveOverlay"] Particles id:    
[ DEBUG5 "MyRemoveOverlay"] Tracks id:    
[ DEBUG5 "MyRemoveOverlay"] Clusters id:  [00021024]
[ DEBUG5 "MyRemoveOverlay"] Particle ids ( [id], PDG, (type)): 
[ DEBUG5 "MyRemoveOverlay"]                  [00021451], 000000, (000000) 
[ DEBUG5 "MyRemoveOverlay"]                  [00021452], 000000, (000000) 
[ DEBUG5 "MyRemoveOverlay"]                  [00021453], 000000, (000000) 
[ DEBUG5 "MyRemoveOverlay"]                  [00021454], 000000, (000000) 
[ DEBUG5 "MyRemoveOverlay"] 
[ DEBUG5 "MyRemoveOverlay"] 
[ DEBUG0 "MyRemoveOverlay"] 	MCParticle at index: 0 has PDG: 22 and MCParticle to Cluster link weight is 1.00e+00
[ DEBUG0 "MyRemoveOverlay"] 	MCParticle at index: 0 with PDG code: 22 has highest link weight to input cluster
[ DEBUG6 "MyRemoveOverlay"] 		Cluster is not linked to a MCParticle
[ DEBUG7 "MyRemoveOverlay"] 		********** PFO AT INDEX 52 IS NOT OVERLAY **********
[ DEBUG8 "MyRemoveOverlay"] 
[ DEBUG8 "MyRemoveOverlay"] 		-------------------------------------------------------
[ DEBUG8 "MyRemoveOverlay"] 		Processing PFO at index 53
[ DEBUG5 "MyRemoveOverlay"] ------------------ ReconstructedParticle -----------------------------
[ DEBUG5 "MyRemoveOverlay"] Id                                                             0x21455
[ DEBUG5 "MyRemoveOverlay"] Compound                                                             0
[ DEBUG5 "MyRemoveOverlay"] Type                                                                22
[ DEBUG5 "MyRemoveOverlay"] Momentum (x,y,z)                       -2.91e-01, +7.41e-02, +1.76e-01
[ DEBUG5 "MyRemoveOverlay"] Mass [GeV]                                                    0.00e+00
[ DEBUG5 "MyRemoveOverlay"] Charge [e]                                                    0.00e+00
[ DEBUG5 "MyRemoveOverlay"] Energy [GeV]                                                  3.48e-01
[ DEBUG5 "MyRemoveOverlay"] ReferencePoint                         -1.86e+03, +4.74e+02, +1.13e+03
[ DEBUG5 "MyRemoveOverlay"] ParticleIDUsed                                                       0
[ DEBUG5 "MyRemoveOverlay"] GoodnessOfPID                                                 0.00e+00
[ DEBUG5 "MyRemoveOverlay"] Covariance p,E:  6.88e-03, -1.75e-03, 4.50e-04, -4.17e-03, 1.07e-03, 
[ DEBUG5 "MyRemoveOverlay"]                  2.54e-03, -8.24e-03, 2.10e-03, 5.00e-03, 9.86e-03
[ DEBUG5 "MyRemoveOverlay"] Particles id:    
[ DEBUG5 "MyRemoveOverlay"] Tracks id:    
[ DEBUG5 "MyRemoveOverlay"] Clusters id:  [00021025]
[ DEBUG5 "MyRemoveOverlay"] Particle ids ( [id], PDG, (type)): 
[ DEBUG5 "MyRemoveOverlay"]                  [00021456], 000000, (000000) 
[ DEBUG5 "MyRemoveOverlay"]                  [00021457], 000000, (000000) 
[ DEBUG5 "MyRemoveOverlay"]                  [00021458], 000000, (000000) 
[ DEBUG5 "MyRemoveOverlay"]                  [00021459], 000000, (000000) 
[ DEBUG5 "MyRemoveOverlay"] 
[ DEBUG5 "MyRemoveOverlay"] 
[ DEBUG6 "MyRemoveOverlay"] 		Cluster is not linked to a MCParticle
[ DEBUG7 "MyRemoveOverlay"] 		********** PFO AT INDEX 53 IS NOT OVERLAY **********
[ DEBUG8 "MyRemoveOverlay"] 
[ DEBUG8 "MyRemoveOverlay"] 		-------------------------------------------------------
[ DEBUG8 "MyRemoveOverlay"] 		Processing PFO at index 54
[ DEBUG5 "MyRemoveOverlay"] ------------------ ReconstructedParticle -----------------------------
[ DEBUG5 "MyRemoveOverlay"] Id                                                             0x21460
[ DEBUG5 "MyRemoveOverlay"] Compound                                                             0
[ DEBUG5 "MyRemoveOverlay"] Type                                                                22
[ DEBUG5 "MyRemoveOverlay"] Momentum (x,y,z)                       +1.04e-01, +3.05e-02, +1.11e-01
[ DEBUG5 "MyRemoveOverlay"] Mass [GeV]                                                    0.00e+00
[ DEBUG5 "MyRemoveOverlay"] Charge [e]                                                    0.00e+00
[ DEBUG5 "MyRemoveOverlay"] Energy [GeV]                                                  1.55e-01
[ DEBUG5 "MyRemoveOverlay"] ReferencePoint                         +1.82e+03, +5.31e+02, +1.93e+03
[ DEBUG5 "MyRemoveOverlay"] ParticleIDUsed                                                       0
[ DEBUG5 "MyRemoveOverlay"] GoodnessOfPID                                                 0.00e+00
[ DEBUG5 "MyRemoveOverlay"] Covariance p,E:  1.98e-03, 5.78e-04, 1.69e-04, 2.10e-03, 6.14e-04, 
[ DEBUG5 "MyRemoveOverlay"]                  2.23e-03, 2.94e-03, 8.60e-04, 3.12e-03, 4.38e-03
[ DEBUG5 "MyRemoveOverlay"] Particles id:    
[ DEBUG5 "MyRemoveOverlay"] Tracks id:    
[ DEBUG5 "MyRemoveOverlay"] Clusters id:  [00021026]
[ DEBUG5 "MyRemoveOverlay"] Particle ids ( [id], PDG, (type)): 
[ DEBUG5 "MyRemoveOverlay"]                  [00021461], 000000, (000000) 
[ DEBUG5 "MyRemoveOverlay"]                  [00021462], 000000, (000000) 
[ DEBUG5 "MyRemoveOverlay"]                  [00021463], 000000, (000000) 
[ DEBUG5 "MyRemoveOverlay"]                  [00021464], 000000, (000000) 
[ DEBUG5 "MyRemoveOverlay"] 
[ DEBUG5 "MyRemoveOverlay"] 
[ DEBUG0 "MyRemoveOverlay"] 	MCParticle at index: 0 has PDG: 22 and MCParticle to Cluster link weight is 1.00e+00
[ DEBUG0 "MyRemoveOverlay"] 	MCParticle at index: 0 with PDG code: 22 has highest link weight to input cluster
[ DEBUG0 "MyRemoveOverlay"] 	Cluster at index: 0 has highest link weight to MCParticle = 1.00e+00
[ DEBUG0 "MyRemoveOverlay"] 	Cluster linked to MCParticle with highest weight
[ DEBUG6 "MyRemoveOverlay"] 		Found a linked MCParticle to cluster
[ DEBUG5 "MyRemoveOverlay"] ----------------------------- MCParticle -----------------------------
[ DEBUG5 "MyRemoveOverlay"] Id                                                               19505
[ DEBUG5 "MyRemoveOverlay"] PDG                                                                 22
[ DEBUG5 "MyRemoveOverlay"] Energy [GeV]                                                  1.58e-01
[ DEBUG5 "MyRemoveOverlay"] Momentum [GeV] (x,y,z)                   0.106058, 0.0309861, 0.112273
[ DEBUG5 "MyRemoveOverlay"] Momentum at Endpoint[GeV] (x,y,z)                                  0, 0, 0
[ DEBUG5 "MyRemoveOverlay"] GeneratorStatus                                                      1
[ DEBUG5 "MyRemoveOverlay"] Vertex [mm] (x,y,z)                0.000449791, 0.000197516, 0.0894556
[ DEBUG5 "MyRemoveOverlay"] Endpoint [mm] (x,y,z)                         1812.49, 529.542, 1918.8
[ DEBUG5 "MyRemoveOverlay"] Mass [GeV]                                                    4.93e-09
[ DEBUG5 "MyRemoveOverlay"] Charge                                                        0.00e+00
[ DEBUG5 "MyRemoveOverlay"] Parents                                                              1
[ DEBUG5 "MyRemoveOverlay"] Daughters                                                            0
[ DEBUG5 "MyRemoveOverlay"] simulator status bits: [sbvtcls]  s: created in simulation b: backscatter v: vertex is not endpoint of parent t: decayed in tracker c: decayed in calorimeter l: has left detector s: stopped o: overlay
[ DEBUG5 "MyRemoveOverlay"] [    c s ]
[ DEBUG5 "MyRemoveOverlay"] 
[ DEBUG7 "MyRemoveOverlay"] 		********** PFO AT INDEX 54 IS NOT OVERLAY **********
[ DEBUG8 "MyRemoveOverlay"] 
[ DEBUG8 "MyRemoveOverlay"] 		-------------------------------------------------------
[ DEBUG8 "MyRemoveOverlay"] 		Processing PFO at index 55
[ DEBUG5 "MyRemoveOverlay"] ------------------ ReconstructedParticle -----------------------------
[ DEBUG5 "MyRemoveOverlay"] Id                                                             0x21465
[ DEBUG5 "MyRemoveOverlay"] Compound                                                             0
[ DEBUG5 "MyRemoveOverlay"] Type                                                                22
[ DEBUG5 "MyRemoveOverlay"] Momentum (x,y,z)                       -2.95e-02, -4.30e-02, -2.68e-02
[ DEBUG5 "MyRemoveOverlay"] Mass [GeV]                                                    0.00e+00
[ DEBUG5 "MyRemoveOverlay"] Charge [e]                                                    0.00e+00
[ DEBUG5 "MyRemoveOverlay"] Energy [GeV]                                                  5.86e-02
[ DEBUG5 "MyRemoveOverlay"] ReferencePoint                         -1.06e+03, -1.55e+03, -9.65e+02
[ DEBUG5 "MyRemoveOverlay"] ParticleIDUsed                                                       0
[ DEBUG5 "MyRemoveOverlay"] GoodnessOfPID                                                 0.00e+00
[ DEBUG5 "MyRemoveOverlay"] Covariance p,E:  4.16e-04, 6.06e-04, 8.84e-04, 3.78e-04, 5.51e-04, 
[ DEBUG5 "MyRemoveOverlay"]                  3.44e-04, -8.26e-04, -1.20e-03, -7.51e-04, 1.64e-03
[ DEBUG5 "MyRemoveOverlay"] Particles id:    
[ DEBUG5 "MyRemoveOverlay"] Tracks id:    
[ DEBUG5 "MyRemoveOverlay"] Clusters id:  [00021027]
[ DEBUG5 "MyRemoveOverlay"] Particle ids ( [id], PDG, (type)): 
[ DEBUG5 "MyRemoveOverlay"]                  [00021466], 000000, (000000) 
[ DEBUG5 "MyRemoveOverlay"]                  [00021467], 000000, (000000) 
[ DEBUG5 "MyRemoveOverlay"]                  [00021468], 000000, (000000) 
[ DEBUG5 "MyRemoveOverlay"]                  [00021469], 000000, (000000) 
[ DEBUG5 "MyRemoveOverlay"] 
[ DEBUG5 "MyRemoveOverlay"] 
[ DEBUG0 "MyRemoveOverlay"] 	MCParticle at index: 0 has PDG: 22 and MCParticle to Cluster link weight is 1.00e+00
[ DEBUG0 "MyRemoveOverlay"] 	MCParticle at index: 0 with PDG code: 22 has highest link weight to input cluster
[ DEBUG0 "MyRemoveOverlay"] 	Cluster at index: 0 has highest link weight to MCParticle = 1.00e+00
[ DEBUG0 "MyRemoveOverlay"] 	Cluster linked to MCParticle with highest weight
[ DEBUG6 "MyRemoveOverlay"] 		Found a linked MCParticle to cluster
[ DEBUG5 "MyRemoveOverlay"] ----------------------------- MCParticle -----------------------------
[ DEBUG5 "MyRemoveOverlay"] Id                                                               19563
[ DEBUG5 "MyRemoveOverlay"] PDG                                                                 22
[ DEBUG5 "MyRemoveOverlay"] Energy [GeV]                                                  1.16e-01
[ DEBUG5 "MyRemoveOverlay"] Momentum [GeV] (x,y,z)               -0.0575945, -0.0852198, -0.053343
[ DEBUG5 "MyRemoveOverlay"] Momentum at Endpoint[GeV] (x,y,z)                               -0, -0, -0
[ DEBUG5 "MyRemoveOverlay"] GeneratorStatus                                                      1
[ DEBUG5 "MyRemoveOverlay"] Vertex [mm] (x,y,z)             -5.19554e-05, -2.99538e-05, -0.0628641
[ DEBUG5 "MyRemoveOverlay"] Endpoint [mm] (x,y,z)                        -1038.08, -1536, -961.518
[ DEBUG5 "MyRemoveOverlay"] Mass [GeV]                                                    0.00e+00
[ DEBUG5 "MyRemoveOverlay"] Charge                                                        0.00e+00
[ DEBUG5 "MyRemoveOverlay"] Parents                                                              1
[ DEBUG5 "MyRemoveOverlay"] Daughters                                                            0
[ DEBUG5 "MyRemoveOverlay"] simulator status bits: [sbvtcls]  s: created in simulation b: backscatter v: vertex is not endpoint of parent t: decayed in tracker c: decayed in calorimeter l: has left detector s: stopped o: overlay
[ DEBUG5 "MyRemoveOverlay"] [    c so]
[ DEBUG5 "MyRemoveOverlay"] 
[ DEBUG7 "MyRemoveOverlay"] 		********** PFO AT INDEX 55 IS OVERLAY **********
[ DEBUG8 "MyRemoveOverlay"] 
[ DEBUG8 "MyRemoveOverlay"] 		-------------------------------------------------------
[ DEBUG8 "MyRemoveOverlay"] 		Processing PFO at index 56
[ DEBUG5 "MyRemoveOverlay"] ------------------ ReconstructedParticle -----------------------------
[ DEBUG5 "MyRemoveOverlay"] Id                                                             0x21470
[ DEBUG5 "MyRemoveOverlay"] Compound                                                             0
[ DEBUG5 "MyRemoveOverlay"] Type                                                                22
[ DEBUG5 "MyRemoveOverlay"] Momentum (x,y,z)                       +1.48e-02, +2.52e-01, -9.34e-02
[ DEBUG5 "MyRemoveOverlay"] Mass [GeV]                                                    0.00e+00
[ DEBUG5 "MyRemoveOverlay"] Charge [e]                                                    0.00e+00
[ DEBUG5 "MyRemoveOverlay"] Energy [GeV]                                                  2.69e-01
[ DEBUG5 "MyRemoveOverlay"] ReferencePoint                         +1.09e+02, +1.86e+03, -6.89e+02
[ DEBUG5 "MyRemoveOverlay"] ParticleIDUsed                                                       0
[ DEBUG5 "MyRemoveOverlay"] GoodnessOfPID                                                 0.00e+00
[ DEBUG5 "MyRemoveOverlay"] Covariance p,E:  2.41e-05, 3.92e-04, 6.69e-03, -1.45e-04, -2.48e-03, 
[ DEBUG5 "MyRemoveOverlay"]                  9.19e-04, 4.19e-04, 7.14e-03, -2.65e-03, 7.63e-03
[ DEBUG5 "MyRemoveOverlay"] Particles id:    
[ DEBUG5 "MyRemoveOverlay"] Tracks id:    
[ DEBUG5 "MyRemoveOverlay"] Clusters id:  [00021028]
[ DEBUG5 "MyRemoveOverlay"] Particle ids ( [id], PDG, (type)): 
[ DEBUG5 "MyRemoveOverlay"]                  [00021471], 000000, (000000) 
[ DEBUG5 "MyRemoveOverlay"]                  [00021472], 000000, (000000) 
[ DEBUG5 "MyRemoveOverlay"]                  [00021473], 000000, (000000) 
[ DEBUG5 "MyRemoveOverlay"]                  [00021474], 000000, (000000) 
[ DEBUG5 "MyRemoveOverlay"] 
[ DEBUG5 "MyRemoveOverlay"] 
[ DEBUG6 "MyRemoveOverlay"] 		Cluster is not linked to a MCParticle
[ DEBUG7 "MyRemoveOverlay"] 		********** PFO AT INDEX 56 IS NOT OVERLAY **********
[ DEBUG8 "MyRemoveOverlay"] 
[ DEBUG8 "MyRemoveOverlay"] 		-------------------------------------------------------
[ DEBUG8 "MyRemoveOverlay"] 		Processing PFO at index 57
[ DEBUG5 "MyRemoveOverlay"] ------------------ ReconstructedParticle -----------------------------
[ DEBUG5 "MyRemoveOverlay"] Id                                                             0x21475
[ DEBUG5 "MyRemoveOverlay"] Compound                                                             0
[ DEBUG5 "MyRemoveOverlay"] Type                                                                22
[ DEBUG5 "MyRemoveOverlay"] Momentum (x,y,z)                       +5.14e-02, +1.68e-01, -3.90e-02
[ DEBUG5 "MyRemoveOverlay"] Mass [GeV]                                                    0.00e+00
[ DEBUG5 "MyRemoveOverlay"] Charge [e]                                                    0.00e+00
[ DEBUG5 "MyRemoveOverlay"] Energy [GeV]                                                  1.80e-01
[ DEBUG5 "MyRemoveOverlay"] ReferencePoint                         +5.69e+02, +1.86e+03, -4.32e+02
[ DEBUG5 "MyRemoveOverlay"] ParticleIDUsed                                                       0
[ DEBUG5 "MyRemoveOverlay"] GoodnessOfPID                                                 0.00e+00
[ DEBUG5 "MyRemoveOverlay"] Covariance p,E:  4.08e-04, 1.34e-03, 4.38e-03, -3.10e-04, -1.01e-03, 
[ DEBUG5 "MyRemoveOverlay"]                  2.35e-04, 1.43e-03, 4.69e-03, -1.09e-03, 5.02e-03
[ DEBUG5 "MyRemoveOverlay"] Particles id:    
[ DEBUG5 "MyRemoveOverlay"] Tracks id:    
[ DEBUG5 "MyRemoveOverlay"] Clusters id:  [00021029]
[ DEBUG5 "MyRemoveOverlay"] Particle ids ( [id], PDG, (type)): 
[ DEBUG5 "MyRemoveOverlay"]                  [00021476], 000000, (000000) 
[ DEBUG5 "MyRemoveOverlay"]                  [00021477], 000000, (000000) 
[ DEBUG5 "MyRemoveOverlay"]                  [00021478], 000000, (000000) 
[ DEBUG5 "MyRemoveOverlay"]                  [00021479], 000000, (000000) 
[ DEBUG5 "MyRemoveOverlay"] 
[ DEBUG5 "MyRemoveOverlay"] 
[ DEBUG0 "MyRemoveOverlay"] 	MCParticle at index: 0 has PDG: 22 and MCParticle to Cluster link weight is 1.00e+00
[ DEBUG0 "MyRemoveOverlay"] 	MCParticle at index: 0 with PDG code: 22 has highest link weight to input cluster
[ DEBUG0 "MyRemoveOverlay"] 	Cluster at index: 0 has highest link weight to MCParticle = 1.00e+00
[ DEBUG0 "MyRemoveOverlay"] 	Cluster linked to MCParticle with highest weight
[ DEBUG6 "MyRemoveOverlay"] 		Found a linked MCParticle to cluster
[ DEBUG5 "MyRemoveOverlay"] ----------------------------- MCParticle -----------------------------
[ DEBUG5 "MyRemoveOverlay"] Id                                                               19578
[ DEBUG5 "MyRemoveOverlay"] PDG                                                                 22
[ DEBUG5 "MyRemoveOverlay"] Energy [GeV]                                                  2.16e-01
[ DEBUG5 "MyRemoveOverlay"] Momentum [GeV] (x,y,z)                 0.0616146, 0.201656, -0.0467488
[ DEBUG5 "MyRemoveOverlay"] Momentum at Endpoint[GeV] (x,y,z)                                 0, 0, -0
[ DEBUG5 "MyRemoveOverlay"] GeneratorStatus                                                      1
[ DEBUG5 "MyRemoveOverlay"] Vertex [mm] (x,y,z)                 3.23643e-05, 4.70301e-05, 0.296851
[ DEBUG5 "MyRemoveOverlay"] Endpoint [mm] (x,y,z)                       555.647, 1818.56, -421.289
[ DEBUG5 "MyRemoveOverlay"] Mass [GeV]                                                    0.00e+00
[ DEBUG5 "MyRemoveOverlay"] Charge                                                        0.00e+00
[ DEBUG5 "MyRemoveOverlay"] Parents                                                              1
[ DEBUG5 "MyRemoveOverlay"] Daughters                                                            0
[ DEBUG5 "MyRemoveOverlay"] simulator status bits: [sbvtcls]  s: created in simulation b: backscatter v: vertex is not endpoint of parent t: decayed in tracker c: decayed in calorimeter l: has left detector s: stopped o: overlay
[ DEBUG5 "MyRemoveOverlay"] [    c so]
[ DEBUG5 "MyRemoveOverlay"] 
[ DEBUG7 "MyRemoveOverlay"] 		********** PFO AT INDEX 57 IS OVERLAY **********
[ DEBUG8 "MyRemoveOverlay"] 
[ DEBUG8 "MyRemoveOverlay"] 		-------------------------------------------------------
[ DEBUG8 "MyRemoveOverlay"] 		Processing PFO at index 58
[ DEBUG5 "MyRemoveOverlay"] ------------------ ReconstructedParticle -----------------------------
[ DEBUG5 "MyRemoveOverlay"] Id                                                             0x21480
[ DEBUG5 "MyRemoveOverlay"] Compound                                                             0
[ DEBUG5 "MyRemoveOverlay"] Type                                                                22
[ DEBUG5 "MyRemoveOverlay"] Momentum (x,y,z)                       -2.49e-01, -1.07e-01, -2.81e-02
[ DEBUG5 "MyRemoveOverlay"] Mass [GeV]                                                    0.00e+00
[ DEBUG5 "MyRemoveOverlay"] Charge [e]                                                    0.00e+00
[ DEBUG5 "MyRemoveOverlay"] Energy [GeV]                                                  2.73e-01
[ DEBUG5 "MyRemoveOverlay"] ReferencePoint                         -1.83e+03, -7.86e+02, -2.07e+02
[ DEBUG5 "MyRemoveOverlay"] ParticleIDUsed                                                       0
[ DEBUG5 "MyRemoveOverlay"] GoodnessOfPID                                                 0.00e+00
[ DEBUG5 "MyRemoveOverlay"] Covariance p,E:  5.85e-03, 2.51e-03, 1.08e-03, 6.61e-04, 2.84e-04, 
[ DEBUG5 "MyRemoveOverlay"]                  7.47e-05, -6.40e-03, -2.75e-03, -7.23e-04, 7.01e-03
[ DEBUG5 "MyRemoveOverlay"] Particles id:    
[ DEBUG5 "MyRemoveOverlay"] Tracks id:    
[ DEBUG5 "MyRemoveOverlay"] Clusters id:  [00021030]
[ DEBUG5 "MyRemoveOverlay"] Particle ids ( [id], PDG, (type)): 
[ DEBUG5 "MyRemoveOverlay"]                  [00021481], 000000, (000000) 
[ DEBUG5 "MyRemoveOverlay"]                  [00021482], 000000, (000000) 
[ DEBUG5 "MyRemoveOverlay"]                  [00021483], 000000, (000000) 
[ DEBUG5 "MyRemoveOverlay"]                  [00021484], 000000, (000000) 
[ DEBUG5 "MyRemoveOverlay"] 
[ DEBUG5 "MyRemoveOverlay"] 
[ DEBUG0 "MyRemoveOverlay"] 	MCParticle at index: 0 has PDG: 22 and MCParticle to Cluster link weight is 1.00e+00
[ DEBUG0 "MyRemoveOverlay"] 	MCParticle at index: 0 with PDG code: 22 has highest link weight to input cluster
[ DEBUG0 "MyRemoveOverlay"] 	Cluster at index: 0 has highest link weight to MCParticle = 1.00e+00
[ DEBUG0 "MyRemoveOverlay"] 	Cluster linked to MCParticle with highest weight
[ DEBUG6 "MyRemoveOverlay"] 		Found a linked MCParticle to cluster
[ DEBUG5 "MyRemoveOverlay"] ----------------------------- MCParticle -----------------------------
[ DEBUG5 "MyRemoveOverlay"] Id                                                               19562
[ DEBUG5 "MyRemoveOverlay"] PDG                                                                 22
[ DEBUG5 "MyRemoveOverlay"] Energy [GeV]                                                  3.70e-01
[ DEBUG5 "MyRemoveOverlay"] Momentum [GeV] (x,y,z)                 -0.33858, -0.143186, -0.0375513
[ DEBUG5 "MyRemoveOverlay"] Momentum at Endpoint[GeV] (x,y,z)                               -0, -0, -0
[ DEBUG5 "MyRemoveOverlay"] GeneratorStatus                                                      1
[ DEBUG5 "MyRemoveOverlay"] Vertex [mm] (x,y,z)             -5.19554e-05, -2.99538e-05, -0.0628641
[ DEBUG5 "MyRemoveOverlay"] Endpoint [mm] (x,y,z)                     -1806.29, -763.883, -200.395
[ DEBUG5 "MyRemoveOverlay"] Mass [GeV]                                                    0.00e+00
[ DEBUG5 "MyRemoveOverlay"] Charge                                                        0.00e+00
[ DEBUG5 "MyRemoveOverlay"] Parents                                                              1
[ DEBUG5 "MyRemoveOverlay"] Daughters                                                            0
[ DEBUG5 "MyRemoveOverlay"] simulator status bits: [sbvtcls]  s: created in simulation b: backscatter v: vertex is not endpoint of parent t: decayed in tracker c: decayed in calorimeter l: has left detector s: stopped o: overlay
[ DEBUG5 "MyRemoveOverlay"] [    c so]
[ DEBUG5 "MyRemoveOverlay"] 
[ DEBUG7 "MyRemoveOverlay"] 		********** PFO AT INDEX 58 IS OVERLAY **********
[ DEBUG8 "MyRemoveOverlay"] 
[ DEBUG8 "MyRemoveOverlay"] 		-------------------------------------------------------
[ DEBUG8 "MyRemoveOverlay"] 		Processing PFO at index 59
[ DEBUG5 "MyRemoveOverlay"] ------------------ ReconstructedParticle -----------------------------
[ DEBUG5 "MyRemoveOverlay"] Id                                                             0x21485
[ DEBUG5 "MyRemoveOverlay"] Compound                                                             0
[ DEBUG5 "MyRemoveOverlay"] Type                                                                22
[ DEBUG5 "MyRemoveOverlay"] Momentum (x,y,z)                       +1.77e-01, -3.45e-01, +9.60e-02
[ DEBUG5 "MyRemoveOverlay"] Mass [GeV]                                                    0.00e+00
[ DEBUG5 "MyRemoveOverlay"] Charge [e]                                                    0.00e+00
[ DEBUG5 "MyRemoveOverlay"] Energy [GeV]                                                  4.00e-01
[ DEBUG5 "MyRemoveOverlay"] ReferencePoint                         +8.85e+02, -1.72e+03, +4.79e+02
[ DEBUG5 "MyRemoveOverlay"] ParticleIDUsed                                                       0
[ DEBUG5 "MyRemoveOverlay"] GoodnessOfPID                                                 0.00e+00
[ DEBUG5 "MyRemoveOverlay"] Covariance p,E:  2.04e-03, -3.96e-03, 7.70e-03, 1.10e-03, -2.14e-03, 
[ DEBUG5 "MyRemoveOverlay"]                  5.97e-04, 4.59e-03, -8.92e-03, 2.48e-03, 1.03e-02
[ DEBUG5 "MyRemoveOverlay"] Particles id:    
[ DEBUG5 "MyRemoveOverlay"] Tracks id:    
[ DEBUG5 "MyRemoveOverlay"] Clusters id:  [00021031]
[ DEBUG5 "MyRemoveOverlay"] Particle ids ( [id], PDG, (type)): 
[ DEBUG5 "MyRemoveOverlay"]                  [00021486], 000000, (000000) 
[ DEBUG5 "MyRemoveOverlay"]                  [00021487], 000000, (000000) 
[ DEBUG5 "MyRemoveOverlay"]                  [00021488], 000000, (000000) 
[ DEBUG5 "MyRemoveOverlay"]                  [00021489], 000000, (000000) 
[ DEBUG5 "MyRemoveOverlay"] 
[ DEBUG5 "MyRemoveOverlay"] 
[ DEBUG0 "MyRemoveOverlay"] 	MCParticle at index: 0 has PDG: 22 and MCParticle to Cluster link weight is 1.00e+00
[ DEBUG0 "MyRemoveOverlay"] 	MCParticle at index: 0 with PDG code: 22 has highest link weight to input cluster
[ DEBUG0 "MyRemoveOverlay"] 	Cluster at index: 0 has highest link weight to MCParticle = 1.00e+00
[ DEBUG0 "MyRemoveOverlay"] 	Cluster linked to MCParticle with highest weight
[ DEBUG6 "MyRemoveOverlay"] 		Found a linked MCParticle to cluster
[ DEBUG5 "MyRemoveOverlay"] ----------------------------- MCParticle -----------------------------
[ DEBUG5 "MyRemoveOverlay"] Id                                                               19509
[ DEBUG5 "MyRemoveOverlay"] PDG                                                                 22
[ DEBUG5 "MyRemoveOverlay"] Energy [GeV]                                                  3.38e-01
[ DEBUG5 "MyRemoveOverlay"] Momentum [GeV] (x,y,z)                   0.150188, -0.29145, 0.0809431
[ DEBUG5 "MyRemoveOverlay"] Momentum at Endpoint[GeV] (x,y,z)                                 0, -0, 0
[ DEBUG5 "MyRemoveOverlay"] GeneratorStatus                                                      1
[ DEBUG5 "MyRemoveOverlay"] Vertex [mm] (x,y,z)               0.000100271, -0.000252207, 0.0888753
[ DEBUG5 "MyRemoveOverlay"] Endpoint [mm] (x,y,z)                       869.055, -1686.45, 468.461
[ DEBUG5 "MyRemoveOverlay"] Mass [GeV]                                                    8.33e-09
[ DEBUG5 "MyRemoveOverlay"] Charge                                                        0.00e+00
[ DEBUG5 "MyRemoveOverlay"] Parents                                                              1
[ DEBUG5 "MyRemoveOverlay"] Daughters                                                            0
[ DEBUG5 "MyRemoveOverlay"] simulator status bits: [sbvtcls]  s: created in simulation b: backscatter v: vertex is not endpoint of parent t: decayed in tracker c: decayed in calorimeter l: has left detector s: stopped o: overlay
[ DEBUG5 "MyRemoveOverlay"] [    c s ]
[ DEBUG5 "MyRemoveOverlay"] 
[ DEBUG7 "MyRemoveOverlay"] 		********** PFO AT INDEX 59 IS NOT OVERLAY **********
[ DEBUG8 "MyRemoveOverlay"] 
[ DEBUG8 "MyRemoveOverlay"] 		-------------------------------------------------------
[ DEBUG8 "MyRemoveOverlay"] 		Processing PFO at index 60
[ DEBUG5 "MyRemoveOverlay"] ------------------ ReconstructedParticle -----------------------------
[ DEBUG5 "MyRemoveOverlay"] Id                                                             0x21490
[ DEBUG5 "MyRemoveOverlay"] Compound                                                             0
[ DEBUG5 "MyRemoveOverlay"] Type                                                                22
[ DEBUG5 "MyRemoveOverlay"] Momentum (x,y,z)                       +4.74e-01, +5.12e-01, +1.22e+00
[ DEBUG5 "MyRemoveOverlay"] Mass [GeV]                                                    0.00e+00
[ DEBUG5 "MyRemoveOverlay"] Charge [e]                                                    0.00e+00
[ DEBUG5 "MyRemoveOverlay"] Energy [GeV]                                                  1.40e+00
[ DEBUG5 "MyRemoveOverlay"] ReferencePoint                         +9.61e+02, +1.04e+03, +2.47e+03
[ DEBUG5 "MyRemoveOverlay"] ParticleIDUsed                                                       0
[ DEBUG5 "MyRemoveOverlay"] GoodnessOfPID                                                 0.00e+00
[ DEBUG5 "MyRemoveOverlay"] Covariance p,E:  4.53e-03, 4.90e-03, 5.29e-03, 1.17e-02, 1.26e-02, 
[ DEBUG5 "MyRemoveOverlay"]                  3.00e-02, 1.34e-02, 1.45e-02, 3.45e-02, 3.98e-02
[ DEBUG5 "MyRemoveOverlay"] Particles id:    
[ DEBUG5 "MyRemoveOverlay"] Tracks id:    
[ DEBUG5 "MyRemoveOverlay"] Clusters id:  [00021032]
[ DEBUG5 "MyRemoveOverlay"] Particle ids ( [id], PDG, (type)): 
[ DEBUG5 "MyRemoveOverlay"]                  [00021491], 000000, (000000) 
[ DEBUG5 "MyRemoveOverlay"]                  [00021492], 000000, (000000) 
[ DEBUG5 "MyRemoveOverlay"]                  [00021493], 000000, (000000) 
[ DEBUG5 "MyRemoveOverlay"]                  [00021494], 000000, (000000) 
[ DEBUG5 "MyRemoveOverlay"] 
[ DEBUG5 "MyRemoveOverlay"] 
[ DEBUG0 "MyRemoveOverlay"] 	MCParticle at index: 0 has PDG: 22 and MCParticle to Cluster link weight is 1.00e+00
[ DEBUG0 "MyRemoveOverlay"] 	MCParticle at index: 0 with PDG code: 22 has highest link weight to input cluster
[ DEBUG0 "MyRemoveOverlay"] 	Cluster at index: 0 has highest link weight to MCParticle = 9.97e-01
[ DEBUG0 "MyRemoveOverlay"] 	Cluster linked to MCParticle with highest weight
[ DEBUG6 "MyRemoveOverlay"] 		Found a linked MCParticle to cluster
[ DEBUG5 "MyRemoveOverlay"] ----------------------------- MCParticle -----------------------------
[ DEBUG5 "MyRemoveOverlay"] Id                                                               19497
[ DEBUG5 "MyRemoveOverlay"] PDG                                                                 22
[ DEBUG5 "MyRemoveOverlay"] Energy [GeV]                                                  1.15e+00
[ DEBUG5 "MyRemoveOverlay"] Momentum [GeV] (x,y,z)                    0.387399, 0.418084, 0.995067
[ DEBUG5 "MyRemoveOverlay"] Momentum at Endpoint[GeV] (x,y,z)                                  0, 0, 0
[ DEBUG5 "MyRemoveOverlay"] GeneratorStatus                                                      1
[ DEBUG5 "MyRemoveOverlay"] Vertex [mm] (x,y,z)                 0.000208388, 0.000264446, 0.089414
[ DEBUG5 "MyRemoveOverlay"] Endpoint [mm] (x,y,z)                        944.476, 1019.29, 2426.06
[ DEBUG5 "MyRemoveOverlay"] Mass [GeV]                                                    1.49e-08
[ DEBUG5 "MyRemoveOverlay"] Charge                                                        0.00e+00
[ DEBUG5 "MyRemoveOverlay"] Parents                                                              1
[ DEBUG5 "MyRemoveOverlay"] Daughters                                                            0
[ DEBUG5 "MyRemoveOverlay"] simulator status bits: [sbvtcls]  s: created in simulation b: backscatter v: vertex is not endpoint of parent t: decayed in tracker c: decayed in calorimeter l: has left detector s: stopped o: overlay
[ DEBUG5 "MyRemoveOverlay"] [    c s ]
[ DEBUG5 "MyRemoveOverlay"] 
[ DEBUG7 "MyRemoveOverlay"] 		********** PFO AT INDEX 60 IS NOT OVERLAY **********
[ DEBUG8 "MyRemoveOverlay"] 
[ DEBUG8 "MyRemoveOverlay"] 		-------------------------------------------------------
[ DEBUG8 "MyRemoveOverlay"] 		Processing PFO at index 61
[ DEBUG5 "MyRemoveOverlay"] ------------------ ReconstructedParticle -----------------------------
[ DEBUG5 "MyRemoveOverlay"] Id                                                             0x21495
[ DEBUG5 "MyRemoveOverlay"] Compound                                                             0
[ DEBUG5 "MyRemoveOverlay"] Type                                                                22
[ DEBUG5 "MyRemoveOverlay"] Momentum (x,y,z)                       +1.48e-01, +1.13e-01, -3.44e-02
[ DEBUG5 "MyRemoveOverlay"] Mass [GeV]                                                    0.00e+00
[ DEBUG5 "MyRemoveOverlay"] Charge [e]                                                    0.00e+00
[ DEBUG5 "MyRemoveOverlay"] Energy [GeV]                                                  1.90e-01
[ DEBUG5 "MyRemoveOverlay"] ReferencePoint                         +1.48e+03, +1.13e+03, -3.42e+02
[ DEBUG5 "MyRemoveOverlay"] ParticleIDUsed                                                       0
[ DEBUG5 "MyRemoveOverlay"] GoodnessOfPID                                                 0.00e+00
[ DEBUG5 "MyRemoveOverlay"] Covariance p,E:  3.28e-03, 2.50e-03, 1.91e-03, -7.59e-04, -5.79e-04, 
[ DEBUG5 "MyRemoveOverlay"]                  1.76e-04, 4.19e-03, 3.20e-03, -9.71e-04, 5.36e-03
[ DEBUG5 "MyRemoveOverlay"] Particles id:    
[ DEBUG5 "MyRemoveOverlay"] Tracks id:    
[ DEBUG5 "MyRemoveOverlay"] Clusters id:  [00021033]
[ DEBUG5 "MyRemoveOverlay"] Particle ids ( [id], PDG, (type)): 
[ DEBUG5 "MyRemoveOverlay"]                  [00021496], 000000, (000000) 
[ DEBUG5 "MyRemoveOverlay"]                  [00021497], 000000, (000000) 
[ DEBUG5 "MyRemoveOverlay"]                  [00021498], 000000, (000000) 
[ DEBUG5 "MyRemoveOverlay"]                  [00021499], 000000, (000000) 
[ DEBUG5 "MyRemoveOverlay"] 
[ DEBUG5 "MyRemoveOverlay"] 
[ DEBUG0 "MyRemoveOverlay"] 	MCParticle at index: 0 has PDG: 22 and MCParticle to Cluster link weight is 1.00e+00
[ DEBUG0 "MyRemoveOverlay"] 	MCParticle at index: 0 with PDG code: 22 has highest link weight to input cluster
[ DEBUG0 "MyRemoveOverlay"] 	Cluster at index: 0 has highest link weight to MCParticle = 1.00e+00
[ DEBUG0 "MyRemoveOverlay"] 	Cluster linked to MCParticle with highest weight
[ DEBUG6 "MyRemoveOverlay"] 		Found a linked MCParticle to cluster
[ DEBUG5 "MyRemoveOverlay"] ----------------------------- MCParticle -----------------------------
[ DEBUG5 "MyRemoveOverlay"] Id                                                               19581
[ DEBUG5 "MyRemoveOverlay"] PDG                                                                 22
[ DEBUG5 "MyRemoveOverlay"] Energy [GeV]                                                  2.50e-01
[ DEBUG5 "MyRemoveOverlay"] Momentum [GeV] (x,y,z)                  0.195658, 0.148977, -0.0456267
[ DEBUG5 "MyRemoveOverlay"] Momentum at Endpoint[GeV] (x,y,z)                                 0, 0, -0
[ DEBUG5 "MyRemoveOverlay"] GeneratorStatus                                                      1
[ DEBUG5 "MyRemoveOverlay"] Vertex [mm] (x,y,z)                   0.000239236, 0.000319609, 0.2968
[ DEBUG5 "MyRemoveOverlay"] Endpoint [mm] (x,y,z)                        1465.06, 1115.52, -341.35
[ DEBUG5 "MyRemoveOverlay"] Mass [GeV]                                                    0.00e+00
[ DEBUG5 "MyRemoveOverlay"] Charge                                                        0.00e+00
[ DEBUG5 "MyRemoveOverlay"] Parents                                                              1
[ DEBUG5 "MyRemoveOverlay"] Daughters                                                            0
[ DEBUG5 "MyRemoveOverlay"] simulator status bits: [sbvtcls]  s: created in simulation b: backscatter v: vertex is not endpoint of parent t: decayed in tracker c: decayed in calorimeter l: has left detector s: stopped o: overlay
[ DEBUG5 "MyRemoveOverlay"] [    c so]
[ DEBUG5 "MyRemoveOverlay"] 
[ DEBUG7 "MyRemoveOverlay"] 		********** PFO AT INDEX 61 IS OVERLAY **********
[ DEBUG8 "MyRemoveOverlay"] 
[ DEBUG8 "MyRemoveOverlay"] 		-------------------------------------------------------
[ DEBUG8 "MyRemoveOverlay"] 		Processing PFO at index 62
[ DEBUG5 "MyRemoveOverlay"] ------------------ ReconstructedParticle -----------------------------
[ DEBUG5 "MyRemoveOverlay"] Id                                                             0x21500
[ DEBUG5 "MyRemoveOverlay"] Compound                                                             0
[ DEBUG5 "MyRemoveOverlay"] Type                                                                22
[ DEBUG5 "MyRemoveOverlay"] Momentum (x,y,z)                       -6.45e-02, +6.32e-03, +1.89e-01
[ DEBUG5 "MyRemoveOverlay"] Mass [GeV]                                                    0.00e+00
[ DEBUG5 "MyRemoveOverlay"] Charge [e]                                                    0.00e+00
[ DEBUG5 "MyRemoveOverlay"] Energy [GeV]                                                  2.00e-01
[ DEBUG5 "MyRemoveOverlay"] ReferencePoint                         -8.42e+02, +8.24e+01, +2.47e+03
[ DEBUG5 "MyRemoveOverlay"] ParticleIDUsed                                                       0
[ DEBUG5 "MyRemoveOverlay"] GoodnessOfPID                                                 0.00e+00
[ DEBUG5 "MyRemoveOverlay"] Covariance p,E:  5.89e-04, -5.77e-05, 5.65e-06, -1.73e-03, 1.69e-04, 
[ DEBUG5 "MyRemoveOverlay"]                  5.07e-03, -1.83e-03, 1.79e-04, 5.36e-03, 5.66e-03
[ DEBUG5 "MyRemoveOverlay"] Particles id:    
[ DEBUG5 "MyRemoveOverlay"] Tracks id:    
[ DEBUG5 "MyRemoveOverlay"] Clusters id:  [00021034]
[ DEBUG5 "MyRemoveOverlay"] Particle ids ( [id], PDG, (type)): 
[ DEBUG5 "MyRemoveOverlay"]                  [00021501], 000000, (000000) 
[ DEBUG5 "MyRemoveOverlay"]                  [00021502], 000000, (000000) 
[ DEBUG5 "MyRemoveOverlay"]                  [00021503], 000000, (000000) 
[ DEBUG5 "MyRemoveOverlay"]                  [00021504], 000000, (000000) 
[ DEBUG5 "MyRemoveOverlay"] 
[ DEBUG5 "MyRemoveOverlay"] 
[ DEBUG0 "MyRemoveOverlay"] 	MCParticle at index: 0 has PDG: 22 and MCParticle to Cluster link weight is 1.00e+00
[ DEBUG0 "MyRemoveOverlay"] 	MCParticle at index: 0 with PDG code: 22 has highest link weight to input cluster
[ DEBUG0 "MyRemoveOverlay"] 	Cluster at index: 0 has highest link weight to MCParticle = 1.00e+00
[ DEBUG0 "MyRemoveOverlay"] 	Cluster linked to MCParticle with highest weight
[ DEBUG6 "MyRemoveOverlay"] 		Found a linked MCParticle to cluster
[ DEBUG5 "MyRemoveOverlay"] ----------------------------- MCParticle -----------------------------
[ DEBUG5 "MyRemoveOverlay"] Id                                                               19637
[ DEBUG5 "MyRemoveOverlay"] PDG                                                                 22
[ DEBUG5 "MyRemoveOverlay"] Energy [GeV]                                                  2.78e-01
[ DEBUG5 "MyRemoveOverlay"] Momentum [GeV] (x,y,z)                -0.0897219, 0.00891339, 0.263474
[ DEBUG5 "MyRemoveOverlay"] Momentum at Endpoint[GeV] (x,y,z)                                 -0, 0, 0
[ DEBUG5 "MyRemoveOverlay"] GeneratorStatus                                                      1
[ DEBUG5 "MyRemoveOverlay"] Vertex [mm] (x,y,z)              -9.13591e-06, 1.76987e-06, -0.0282938
[ DEBUG5 "MyRemoveOverlay"] Endpoint [mm] (x,y,z)                       -828.388, 82.2959, 2432.58
[ DEBUG5 "MyRemoveOverlay"] Mass [GeV]                                                    0.00e+00
[ DEBUG5 "MyRemoveOverlay"] Charge                                                        0.00e+00
[ DEBUG5 "MyRemoveOverlay"] Parents                                                              1
[ DEBUG5 "MyRemoveOverlay"] Daughters                                                            0
[ DEBUG5 "MyRemoveOverlay"] simulator status bits: [sbvtcls]  s: created in simulation b: backscatter v: vertex is not endpoint of parent t: decayed in tracker c: decayed in calorimeter l: has left detector s: stopped o: overlay
[ DEBUG5 "MyRemoveOverlay"] [    c so]
[ DEBUG5 "MyRemoveOverlay"] 
[ DEBUG7 "MyRemoveOverlay"] 		********** PFO AT INDEX 62 IS OVERLAY **********
[ DEBUG8 "MyRemoveOverlay"] 
[ DEBUG8 "MyRemoveOverlay"] 		-------------------------------------------------------
[ DEBUG8 "MyRemoveOverlay"] 		Processing PFO at index 63
[ DEBUG5 "MyRemoveOverlay"] ------------------ ReconstructedParticle -----------------------------
[ DEBUG5 "MyRemoveOverlay"] Id                                                             0x21505
[ DEBUG5 "MyRemoveOverlay"] Compound                                                             0
[ DEBUG5 "MyRemoveOverlay"] Type                                                              2112
[ DEBUG5 "MyRemoveOverlay"] Momentum (x,y,z)                       -8.21e-02, -5.16e-02, +3.20e-01
[ DEBUG5 "MyRemoveOverlay"] Mass [GeV]                                                    9.40e-01
[ DEBUG5 "MyRemoveOverlay"] Charge [e]                                                    0.00e+00
[ DEBUG5 "MyRemoveOverlay"] Energy [GeV]                                                  3.34e-01
[ DEBUG5 "MyRemoveOverlay"] ReferencePoint                         -6.30e+02, -3.96e+02, +2.46e+03
[ DEBUG5 "MyRemoveOverlay"] ParticleIDUsed                                                       0
[ DEBUG5 "MyRemoveOverlay"] GoodnessOfPID                                                 0.00e+00
[ DEBUG5 "MyRemoveOverlay"] Covariance p,E:  6.46e-02, 4.06e-02, 2.56e-02, -2.52e-01, -1.58e-01, 
[ DEBUG5 "MyRemoveOverlay"]                  9.81e-01, -8.83e-02, -5.55e-02, 3.44e-01, 1.20e-01
[ DEBUG5 "MyRemoveOverlay"] Particles id:    
[ DEBUG5 "MyRemoveOverlay"] Tracks id:    
[ DEBUG5 "MyRemoveOverlay"] Clusters id:  [00021035]
[ DEBUG5 "MyRemoveOverlay"] Particle ids ( [id], PDG, (type)): 
[ DEBUG5 "MyRemoveOverlay"]                  [00021506], 000000, (000000) 
[ DEBUG5 "MyRemoveOverlay"]                  [00021507], 000000, (000000) 
[ DEBUG5 "MyRemoveOverlay"]                  [00021508], 000000, (000000) 
[ DEBUG5 "MyRemoveOverlay"]                  [00021509], 000000, (000000) 
[ DEBUG5 "MyRemoveOverlay"] 
[ DEBUG5 "MyRemoveOverlay"] 
[ DEBUG0 "MyRemoveOverlay"] 	MCParticle at index: 0 has PDG: 211 and MCParticle to Cluster link weight is 1.00e+00
[ DEBUG0 "MyRemoveOverlay"] 	MCParticle at index: 0 with PDG code: 211 has highest link weight to input cluster
[ DEBUG6 "MyRemoveOverlay"] 		Cluster is not linked to a MCParticle
[ DEBUG7 "MyRemoveOverlay"] 		********** PFO AT INDEX 63 IS NOT OVERLAY **********
[ DEBUG8 "MyRemoveOverlay"] 
[ DEBUG8 "MyRemoveOverlay"] 		-------------------------------------------------------
[ DEBUG8 "MyRemoveOverlay"] 		Processing PFO at index 64
[ DEBUG5 "MyRemoveOverlay"] ------------------ ReconstructedParticle -----------------------------
[ DEBUG5 "MyRemoveOverlay"] Id                                                             0x21510
[ DEBUG5 "MyRemoveOverlay"] Compound                                                             0
[ DEBUG5 "MyRemoveOverlay"] Type                                                                22
[ DEBUG5 "MyRemoveOverlay"] Momentum (x,y,z)                       +3.88e-01, +1.70e-01, +4.37e-01
[ DEBUG5 "MyRemoveOverlay"] Mass [GeV]                                                    0.00e+00
[ DEBUG5 "MyRemoveOverlay"] Charge [e]                                                    0.00e+00
[ DEBUG5 "MyRemoveOverlay"] Energy [GeV]                                                  6.09e-01
[ DEBUG5 "MyRemoveOverlay"] ReferencePoint                         +1.83e+03, +8.01e+02, +2.06e+03
[ DEBUG5 "MyRemoveOverlay"] ParticleIDUsed                                                       0
[ DEBUG5 "MyRemoveOverlay"] GoodnessOfPID                                                 0.00e+00
[ DEBUG5 "MyRemoveOverlay"] Covariance p,E:  6.39e-03, 2.80e-03, 1.23e-03, 7.20e-03, 3.15e-03, 
[ DEBUG5 "MyRemoveOverlay"]                  8.12e-03, 1.00e-02, 4.39e-03, 1.13e-02, 1.57e-02
[ DEBUG5 "MyRemoveOverlay"] Particles id:    
[ DEBUG5 "MyRemoveOverlay"] Tracks id:    
[ DEBUG5 "MyRemoveOverlay"] Clusters id:  [00021036]
[ DEBUG5 "MyRemoveOverlay"] Particle ids ( [id], PDG, (type)): 
[ DEBUG5 "MyRemoveOverlay"]                  [00021511], 000000, (000000) 
[ DEBUG5 "MyRemoveOverlay"]                  [00021512], 000000, (000000) 
[ DEBUG5 "MyRemoveOverlay"]                  [00021513], 000000, (000000) 
[ DEBUG5 "MyRemoveOverlay"]                  [00021514], 000000, (000000) 
[ DEBUG5 "MyRemoveOverlay"] 
[ DEBUG5 "MyRemoveOverlay"] 
[ DEBUG0 "MyRemoveOverlay"] 	MCParticle at index: 0 has PDG: 22 and MCParticle to Cluster link weight is 1.00e+00
[ DEBUG0 "MyRemoveOverlay"] 	MCParticle at index: 0 with PDG code: 22 has highest link weight to input cluster
[ DEBUG0 "MyRemoveOverlay"] 	Cluster at index: 0 has highest link weight to MCParticle = 1.00e+00
[ DEBUG0 "MyRemoveOverlay"] 	Cluster linked to MCParticle with highest weight
[ DEBUG6 "MyRemoveOverlay"] 		Found a linked MCParticle to cluster
[ DEBUG5 "MyRemoveOverlay"] ----------------------------- MCParticle -----------------------------
[ DEBUG5 "MyRemoveOverlay"] Id                                                               19511
[ DEBUG5 "MyRemoveOverlay"] PDG                                                                 22
[ DEBUG5 "MyRemoveOverlay"] Energy [GeV]                                                  5.95e-01
[ DEBUG5 "MyRemoveOverlay"] Momentum [GeV] (x,y,z)                    0.378693, 0.164678, 0.428093
[ DEBUG5 "MyRemoveOverlay"] Momentum at Endpoint[GeV] (x,y,z)                                  0, 0, 0
[ DEBUG5 "MyRemoveOverlay"] GeneratorStatus                                                      1
[ DEBUG5 "MyRemoveOverlay"] Vertex [mm] (x,y,z)                2.19801e-05, 1.09394e-05, 0.0888374
[ DEBUG5 "MyRemoveOverlay"] Endpoint [mm] (x,y,z)                         1793.79, 780.05, 2027.88
[ DEBUG5 "MyRemoveOverlay"] Mass [GeV]                                                   -1.49e-08
[ DEBUG5 "MyRemoveOverlay"] Charge                                                        0.00e+00
[ DEBUG5 "MyRemoveOverlay"] Parents                                                              1
[ DEBUG5 "MyRemoveOverlay"] Daughters                                                            0
[ DEBUG5 "MyRemoveOverlay"] simulator status bits: [sbvtcls]  s: created in simulation b: backscatter v: vertex is not endpoint of parent t: decayed in tracker c: decayed in calorimeter l: has left detector s: stopped o: overlay
[ DEBUG5 "MyRemoveOverlay"] [    c s ]
[ DEBUG5 "MyRemoveOverlay"] 
[ DEBUG7 "MyRemoveOverlay"] 		********** PFO AT INDEX 64 IS NOT OVERLAY **********
[ DEBUG8 "MyRemoveOverlay"] 
[ DEBUG8 "MyRemoveOverlay"] 		-------------------------------------------------------
[ DEBUG8 "MyRemoveOverlay"] 		Processing PFO at index 65
[ DEBUG5 "MyRemoveOverlay"] ------------------ ReconstructedParticle -----------------------------
[ DEBUG5 "MyRemoveOverlay"] Id                                                             0x21515
[ DEBUG5 "MyRemoveOverlay"] Compound                                                             0
[ DEBUG5 "MyRemoveOverlay"] Type                                                                22
[ DEBUG5 "MyRemoveOverlay"] Momentum (x,y,z)                       -7.05e-02, +1.04e-01, +2.61e-01
[ DEBUG5 "MyRemoveOverlay"] Mass [GeV]                                                    0.00e+00
[ DEBUG5 "MyRemoveOverlay"] Charge [e]                                                    0.00e+00
[ DEBUG5 "MyRemoveOverlay"] Energy [GeV]                                                  2.90e-01
[ DEBUG5 "MyRemoveOverlay"] ReferencePoint                         -6.71e+02, +9.90e+02, +2.49e+03
[ DEBUG5 "MyRemoveOverlay"] ParticleIDUsed                                                       0
[ DEBUG5 "MyRemoveOverlay"] GoodnessOfPID                                                 0.00e+00
[ DEBUG5 "MyRemoveOverlay"] Covariance p,E:  4.86e-04, -7.16e-04, 1.06e-03, -1.80e-03, 2.66e-03, 
[ DEBUG5 "MyRemoveOverlay"]                  6.69e-03, -2.00e-03, 2.95e-03, 7.42e-03, 8.23e-03
[ DEBUG5 "MyRemoveOverlay"] Particles id:    
[ DEBUG5 "MyRemoveOverlay"] Tracks id:    
[ DEBUG5 "MyRemoveOverlay"] Clusters id:  [00021037]
[ DEBUG5 "MyRemoveOverlay"] Particle ids ( [id], PDG, (type)): 
[ DEBUG5 "MyRemoveOverlay"]                  [00021516], 000000, (000000) 
[ DEBUG5 "MyRemoveOverlay"]                  [00021517], 000000, (000000) 
[ DEBUG5 "MyRemoveOverlay"]                  [00021518], 000000, (000000) 
[ DEBUG5 "MyRemoveOverlay"]                  [00021519], 000000, (000000) 
[ DEBUG5 "MyRemoveOverlay"] 
[ DEBUG5 "MyRemoveOverlay"] 
[ DEBUG0 "MyRemoveOverlay"] 	MCParticle at index: 0 has PDG: 22 and MCParticle to Cluster link weight is 1.00e+00
[ DEBUG0 "MyRemoveOverlay"] 	MCParticle at index: 0 with PDG code: 22 has highest link weight to input cluster
[ DEBUG0 "MyRemoveOverlay"] 	Cluster at index: 0 has highest link weight to MCParticle = 1.00e+00
[ DEBUG0 "MyRemoveOverlay"] 	Cluster linked to MCParticle with highest weight
[ DEBUG6 "MyRemoveOverlay"] 		Found a linked MCParticle to cluster
[ DEBUG5 "MyRemoveOverlay"] ----------------------------- MCParticle -----------------------------
[ DEBUG5 "MyRemoveOverlay"] Id                                                               19490
[ DEBUG5 "MyRemoveOverlay"] PDG                                                                 22
[ DEBUG5 "MyRemoveOverlay"] Energy [GeV]                                                  3.87e-01
[ DEBUG5 "MyRemoveOverlay"] Momentum [GeV] (x,y,z)                  -0.0938629, 0.138823, 0.348932
[ DEBUG5 "MyRemoveOverlay"] Momentum at Endpoint[GeV] (x,y,z)                                 -0, 0, 0
[ DEBUG5 "MyRemoveOverlay"] GeneratorStatus                                                      1
[ DEBUG5 "MyRemoveOverlay"] Vertex [mm] (x,y,z)               -2.01762e-06, 7.41826e-06, 0.0888374
[ DEBUG5 "MyRemoveOverlay"] Endpoint [mm] (x,y,z)                       -657.918, 973.059, 2445.88
[ DEBUG5 "MyRemoveOverlay"] Mass [GeV]                                                   -7.45e-09
[ DEBUG5 "MyRemoveOverlay"] Charge                                                        0.00e+00
[ DEBUG5 "MyRemoveOverlay"] Parents                                                              1
[ DEBUG5 "MyRemoveOverlay"] Daughters                                                            0
[ DEBUG5 "MyRemoveOverlay"] simulator status bits: [sbvtcls]  s: created in simulation b: backscatter v: vertex is not endpoint of parent t: decayed in tracker c: decayed in calorimeter l: has left detector s: stopped o: overlay
[ DEBUG5 "MyRemoveOverlay"] [    c s ]
[ DEBUG5 "MyRemoveOverlay"] 
[ DEBUG7 "MyRemoveOverlay"] 		********** PFO AT INDEX 65 IS NOT OVERLAY **********
[ DEBUG8 "MyRemoveOverlay"] 
[ DEBUG8 "MyRemoveOverlay"] 		-------------------------------------------------------
[ DEBUG8 "MyRemoveOverlay"] 		Processing PFO at index 66
[ DEBUG5 "MyRemoveOverlay"] ------------------ ReconstructedParticle -----------------------------
[ DEBUG5 "MyRemoveOverlay"] Id                                                             0x21520
[ DEBUG5 "MyRemoveOverlay"] Compound                                                             0
[ DEBUG5 "MyRemoveOverlay"] Type                                                                22
[ DEBUG5 "MyRemoveOverlay"] Momentum (x,y,z)                       -9.10e-02, -1.31e-01, +1.17e-02
[ DEBUG5 "MyRemoveOverlay"] Mass [GeV]                                                    0.00e+00
[ DEBUG5 "MyRemoveOverlay"] Charge [e]                                                    0.00e+00
[ DEBUG5 "MyRemoveOverlay"] Energy [GeV]                                                  1.60e-01
[ DEBUG5 "MyRemoveOverlay"] ReferencePoint                         -1.08e+03, -1.56e+03, +1.39e+02
[ DEBUG5 "MyRemoveOverlay"] ParticleIDUsed                                                       0
[ DEBUG5 "MyRemoveOverlay"] GoodnessOfPID                                                 0.00e+00
[ DEBUG5 "MyRemoveOverlay"] Covariance p,E:  1.46e-03, 2.10e-03, 3.03e-03, -1.88e-04, -2.71e-04, 
[ DEBUG5 "MyRemoveOverlay"]                  2.48e-05, -2.57e-03, -3.70e-03, 3.30e-04, 4.51e-03
[ DEBUG5 "MyRemoveOverlay"] Particles id:    
[ DEBUG5 "MyRemoveOverlay"] Tracks id:    
[ DEBUG5 "MyRemoveOverlay"] Clusters id:  [00021038]
[ DEBUG5 "MyRemoveOverlay"] Particle ids ( [id], PDG, (type)): 
[ DEBUG5 "MyRemoveOverlay"]                  [00021521], 000000, (000000) 
[ DEBUG5 "MyRemoveOverlay"]                  [00021522], 000000, (000000) 
[ DEBUG5 "MyRemoveOverlay"]                  [00021523], 000000, (000000) 
[ DEBUG5 "MyRemoveOverlay"]                  [00021524], 000000, (000000) 
[ DEBUG5 "MyRemoveOverlay"] 
[ DEBUG5 "MyRemoveOverlay"] 
[ DEBUG0 "MyRemoveOverlay"] 	MCParticle at index: 0 has PDG: 22 and MCParticle to Cluster link weight is 1.00e+00
[ DEBUG0 "MyRemoveOverlay"] 	MCParticle at index: 0 with PDG code: 22 has highest link weight to input cluster
[ DEBUG0 "MyRemoveOverlay"] 	Cluster at index: 0 has highest link weight to MCParticle = 1.00e+00
[ DEBUG0 "MyRemoveOverlay"] 	Cluster linked to MCParticle with highest weight
[ DEBUG6 "MyRemoveOverlay"] 		Found a linked MCParticle to cluster
[ DEBUG5 "MyRemoveOverlay"] ----------------------------- MCParticle -----------------------------
[ DEBUG5 "MyRemoveOverlay"] Id                                                               19484
[ DEBUG5 "MyRemoveOverlay"] PDG                                                                 22
[ DEBUG5 "MyRemoveOverlay"] Energy [GeV]                                                  2.23e-01
[ DEBUG5 "MyRemoveOverlay"] Momentum [GeV] (x,y,z)                 -0.126868, -0.182855, 0.0151299
[ DEBUG5 "MyRemoveOverlay"] Momentum at Endpoint[GeV] (x,y,z)                                -0, -0, 0
[ DEBUG5 "MyRemoveOverlay"] GeneratorStatus                                                      1
[ DEBUG5 "MyRemoveOverlay"] Vertex [mm] (x,y,z)              -1.58224e-05, -4.82623e-05, 0.0888194
[ DEBUG5 "MyRemoveOverlay"] Endpoint [mm] (x,y,z)                       -1068.46, -1539.96, 127.51
[ DEBUG5 "MyRemoveOverlay"] Mass [GeV]                                                    5.27e-09
[ DEBUG5 "MyRemoveOverlay"] Charge                                                        0.00e+00
[ DEBUG5 "MyRemoveOverlay"] Parents                                                              1
[ DEBUG5 "MyRemoveOverlay"] Daughters                                                            0
[ DEBUG5 "MyRemoveOverlay"] simulator status bits: [sbvtcls]  s: created in simulation b: backscatter v: vertex is not endpoint of parent t: decayed in tracker c: decayed in calorimeter l: has left detector s: stopped o: overlay
[ DEBUG5 "MyRemoveOverlay"] [    c s ]
[ DEBUG5 "MyRemoveOverlay"] 
[ DEBUG7 "MyRemoveOverlay"] 		********** PFO AT INDEX 66 IS NOT OVERLAY **********
[ DEBUG8 "MyRemoveOverlay"] 
[ DEBUG8 "MyRemoveOverlay"] 		-------------------------------------------------------
[ DEBUG8 "MyRemoveOverlay"] 		Processing PFO at index 67
[ DEBUG5 "MyRemoveOverlay"] ------------------ ReconstructedParticle -----------------------------
[ DEBUG5 "MyRemoveOverlay"] Id                                                             0x21525
[ DEBUG5 "MyRemoveOverlay"] Compound                                                             0
[ DEBUG5 "MyRemoveOverlay"] Type                                                                22
[ DEBUG5 "MyRemoveOverlay"] Momentum (x,y,z)                       +1.53e-01, +8.20e-02, -8.27e-01
[ DEBUG5 "MyRemoveOverlay"] Mass [GeV]                                                    0.00e+00
[ DEBUG5 "MyRemoveOverlay"] Charge [e]                                                    0.00e+00
[ DEBUG5 "MyRemoveOverlay"] Energy [GeV]                                                  8.45e-01
[ DEBUG5 "MyRemoveOverlay"] ReferencePoint                         +4.53e+02, +2.43e+02, -2.45e+03
[ DEBUG5 "MyRemoveOverlay"] ParticleIDUsed                                                       0
[ DEBUG5 "MyRemoveOverlay"] GoodnessOfPID                                                 0.00e+00
[ DEBUG5 "MyRemoveOverlay"] Covariance p,E:  7.90e-04, 4.23e-04, 2.29e-04, -4.28e-03, -2.30e-03, 
[ DEBUG5 "MyRemoveOverlay"]                  2.32e-02, 4.37e-03, 2.35e-03, -2.37e-02, 2.42e-02
[ DEBUG5 "MyRemoveOverlay"] Particles id:    
[ DEBUG5 "MyRemoveOverlay"] Tracks id:    
[ DEBUG5 "MyRemoveOverlay"] Clusters id:  [00021039]
[ DEBUG5 "MyRemoveOverlay"] Particle ids ( [id], PDG, (type)): 
[ DEBUG5 "MyRemoveOverlay"]                  [00021526], 000000, (000000) 
[ DEBUG5 "MyRemoveOverlay"]                  [00021527], 000000, (000000) 
[ DEBUG5 "MyRemoveOverlay"]                  [00021528], 000000, (000000) 
[ DEBUG5 "MyRemoveOverlay"]                  [00021529], 000000, (000000) 
[ DEBUG5 "MyRemoveOverlay"] 
[ DEBUG5 "MyRemoveOverlay"] 
[ DEBUG0 "MyRemoveOverlay"] 	MCParticle at index: 0 has PDG: -11 and MCParticle to Cluster link weight is 1.00e+00
[ DEBUG0 "MyRemoveOverlay"] 	MCParticle at index: 0 with PDG code: -11 has highest link weight to input cluster
[ DEBUG0 "MyRemoveOverlay"] 	Cluster at index: 1 has highest link weight to MCParticle = 9.72e-01
[ DEBUG0 "MyRemoveOverlay"] 	Cluster linked to MCParticle with highest weight
[ DEBUG6 "MyRemoveOverlay"] 		Found a linked MCParticle to cluster
[ DEBUG5 "MyRemoveOverlay"] ----------------------------- MCParticle -----------------------------
[ DEBUG5 "MyRemoveOverlay"] Id                                                               19623
[ DEBUG5 "MyRemoveOverlay"] PDG                                                                -11
[ DEBUG5 "MyRemoveOverlay"] Energy [GeV]                                                  6.90e-01
[ DEBUG5 "MyRemoveOverlay"] Momentum [GeV] (x,y,z)                  0.124123, 0.0659207, -0.675565
[ DEBUG5 "MyRemoveOverlay"] Momentum at Endpoint[GeV] (x,y,z)                               -0, -0, -0
[ DEBUG5 "MyRemoveOverlay"] GeneratorStatus                                                      0
[ DEBUG5 "MyRemoveOverlay"] Vertex [mm] (x,y,z)                         414.392, 221.963, -2259.39
[ DEBUG5 "MyRemoveOverlay"] Endpoint [mm] (x,y,z)                       449.448, 240.113, -2426.05
[ DEBUG5 "MyRemoveOverlay"] Mass [GeV]                                                    5.11e-04
[ DEBUG5 "MyRemoveOverlay"] Charge                                                        1.00e+00
[ DEBUG5 "MyRemoveOverlay"] Parents                                                              1
[ DEBUG5 "MyRemoveOverlay"] Daughters                                                            0
[ DEBUG5 "MyRemoveOverlay"] simulator status bits: [sbvtcls]  s: created in simulation b: backscatter v: vertex is not endpoint of parent t: decayed in tracker c: decayed in calorimeter l: has left detector s: stopped o: overlay
[ DEBUG5 "MyRemoveOverlay"] [s   c so]
[ DEBUG5 "MyRemoveOverlay"] 
[ DEBUG7 "MyRemoveOverlay"] 		********** PFO AT INDEX 67 IS OVERLAY **********
[ DEBUG8 "MyRemoveOverlay"] 
[ DEBUG8 "MyRemoveOverlay"] 		-------------------------------------------------------
[ DEBUG8 "MyRemoveOverlay"] 		Processing PFO at index 68
[ DEBUG5 "MyRemoveOverlay"] ------------------ ReconstructedParticle -----------------------------
[ DEBUG5 "MyRemoveOverlay"] Id                                                             0x21530
[ DEBUG5 "MyRemoveOverlay"] Compound                                                             0
[ DEBUG5 "MyRemoveOverlay"] Type                                                                22
[ DEBUG5 "MyRemoveOverlay"] Momentum (x,y,z)                       -5.21e-01, -1.42e+00, -3.91e+00
[ DEBUG5 "MyRemoveOverlay"] Mass [GeV]                                                    0.00e+00
[ DEBUG5 "MyRemoveOverlay"] Charge [e]                                                    0.00e+00
[ DEBUG5 "MyRemoveOverlay"] Energy [GeV]                                                  4.19e+00
[ DEBUG5 "MyRemoveOverlay"] ReferencePoint                         -3.32e+02, -9.04e+02, -2.49e+03
[ DEBUG5 "MyRemoveOverlay"] ParticleIDUsed                                                       0
[ DEBUG5 "MyRemoveOverlay"] GoodnessOfPID                                                 0.00e+00
[ DEBUG5 "MyRemoveOverlay"] Covariance p,E:  1.89e-03, 5.13e-03, 1.40e-02, 1.41e-02, 3.85e-02, 
[ DEBUG5 "MyRemoveOverlay"]                  1.06e-01, -1.51e-02, -4.13e-02, -1.14e-01, 1.22e-01
[ DEBUG5 "MyRemoveOverlay"] Particles id:    
[ DEBUG5 "MyRemoveOverlay"] Tracks id:    
[ DEBUG5 "MyRemoveOverlay"] Clusters id:  [00021040]
[ DEBUG5 "MyRemoveOverlay"] Particle ids ( [id], PDG, (type)): 
[ DEBUG5 "MyRemoveOverlay"]                  [00021531], 000000, (000000) 
[ DEBUG5 "MyRemoveOverlay"]                  [00021532], 000000, (000000) 
[ DEBUG5 "MyRemoveOverlay"]                  [00021533], 000000, (000000) 
[ DEBUG5 "MyRemoveOverlay"]                  [00021534], 000000, (000000) 
[ DEBUG5 "MyRemoveOverlay"] 
[ DEBUG5 "MyRemoveOverlay"] 
[ DEBUG0 "MyRemoveOverlay"] 	MCParticle at index: 2 has PDG: 22 and MCParticle to Cluster link weight is 9.88e-01
[ DEBUG0 "MyRemoveOverlay"] 	MCParticle at index: 2 with PDG code: 22 has highest link weight to input cluster
[ DEBUG0 "MyRemoveOverlay"] 	Cluster at index: 0 has highest link weight to MCParticle = 9.97e-01
[ DEBUG0 "MyRemoveOverlay"] 	Cluster linked to MCParticle with highest weight
[ DEBUG6 "MyRemoveOverlay"] 		Found a linked MCParticle to cluster
[ DEBUG5 "MyRemoveOverlay"] ----------------------------- MCParticle -----------------------------
[ DEBUG5 "MyRemoveOverlay"] Id                                                               19481
[ DEBUG5 "MyRemoveOverlay"] PDG                                                                 22
[ DEBUG5 "MyRemoveOverlay"] Energy [GeV]                                                  4.13e+00
[ DEBUG5 "MyRemoveOverlay"] Momentum [GeV] (x,y,z)                   -0.516264, -1.39646, -3.85664
[ DEBUG5 "MyRemoveOverlay"] Momentum at Endpoint[GeV] (x,y,z)                               -0, -0, -0
[ DEBUG5 "MyRemoveOverlay"] GeneratorStatus                                                      1
[ DEBUG5 "MyRemoveOverlay"] Vertex [mm] (x,y,z)              -4.66384e-06, -1.23382e-05, 0.0887809
[ DEBUG5 "MyRemoveOverlay"] Endpoint [mm] (x,y,z)                     -326.528, -883.234, -2439.17
[ DEBUG5 "MyRemoveOverlay"] Mass [GeV]                                                   -1.19e-07
[ DEBUG5 "MyRemoveOverlay"] Charge                                                        0.00e+00
[ DEBUG5 "MyRemoveOverlay"] Parents                                                              1
[ DEBUG5 "MyRemoveOverlay"] Daughters                                                            0
[ DEBUG5 "MyRemoveOverlay"] simulator status bits: [sbvtcls]  s: created in simulation b: backscatter v: vertex is not endpoint of parent t: decayed in tracker c: decayed in calorimeter l: has left detector s: stopped o: overlay
[ DEBUG5 "MyRemoveOverlay"] [    c s ]
[ DEBUG5 "MyRemoveOverlay"] 
[ DEBUG7 "MyRemoveOverlay"] 		********** PFO AT INDEX 68 IS NOT OVERLAY **********
[ DEBUG8 "MyRemoveOverlay"] 
[ DEBUG8 "MyRemoveOverlay"] 		-------------------------------------------------------
[ DEBUG8 "MyRemoveOverlay"] 		Processing PFO at index 69
[ DEBUG5 "MyRemoveOverlay"] ------------------ ReconstructedParticle -----------------------------
[ DEBUG5 "MyRemoveOverlay"] Id                                                             0x21535
[ DEBUG5 "MyRemoveOverlay"] Compound                                                             0
[ DEBUG5 "MyRemoveOverlay"] Type                                                                22
[ DEBUG5 "MyRemoveOverlay"] Momentum (x,y,z)                       +4.77e-02, -3.77e-01, -8.66e-01
[ DEBUG5 "MyRemoveOverlay"] Mass [GeV]                                                    0.00e+00
[ DEBUG5 "MyRemoveOverlay"] Charge [e]                                                    0.00e+00
[ DEBUG5 "MyRemoveOverlay"] Energy [GeV]                                                  9.46e-01
[ DEBUG5 "MyRemoveOverlay"] ReferencePoint                         +1.35e+02, -1.07e+03, -2.46e+03
[ DEBUG5 "MyRemoveOverlay"] ParticleIDUsed                                                       0
[ DEBUG5 "MyRemoveOverlay"] GoodnessOfPID                                                 0.00e+00
[ DEBUG5 "MyRemoveOverlay"] Covariance p,E:  7.30e-05, -5.45e-04, 4.31e-03, -1.25e-03, 9.90e-03, 
[ DEBUG5 "MyRemoveOverlay"]                  2.27e-02, 1.37e-03, -1.08e-02, -2.48e-02, 2.71e-02
[ DEBUG5 "MyRemoveOverlay"] Particles id:    
[ DEBUG5 "MyRemoveOverlay"] Tracks id:    
[ DEBUG5 "MyRemoveOverlay"] Clusters id:  [00021041]
[ DEBUG5 "MyRemoveOverlay"] Particle ids ( [id], PDG, (type)): 
[ DEBUG5 "MyRemoveOverlay"]                  [00021536], 000000, (000000) 
[ DEBUG5 "MyRemoveOverlay"]                  [00021537], 000000, (000000) 
[ DEBUG5 "MyRemoveOverlay"]                  [00021538], 000000, (000000) 
[ DEBUG5 "MyRemoveOverlay"]                  [00021539], 000000, (000000) 
[ DEBUG5 "MyRemoveOverlay"] 
[ DEBUG5 "MyRemoveOverlay"] 
[ DEBUG6 "MyRemoveOverlay"] 		Cluster is not linked to a MCParticle
[ DEBUG7 "MyRemoveOverlay"] 		********** PFO AT INDEX 69 IS NOT OVERLAY **********
[ DEBUG8 "MyRemoveOverlay"] 
[ DEBUG8 "MyRemoveOverlay"] 		-------------------------------------------------------
[ DEBUG8 "MyRemoveOverlay"] 		Processing PFO at index 70
[ DEBUG5 "MyRemoveOverlay"] ------------------ ReconstructedParticle -----------------------------
[ DEBUG5 "MyRemoveOverlay"] Id                                                             0x21540
[ DEBUG5 "MyRemoveOverlay"] Compound                                                             0
[ DEBUG5 "MyRemoveOverlay"] Type                                                                22
[ DEBUG5 "MyRemoveOverlay"] Momentum (x,y,z)                       -3.03e-01, -7.73e-01, -2.43e+00
[ DEBUG5 "MyRemoveOverlay"] Mass [GeV]                                                    0.00e+00
[ DEBUG5 "MyRemoveOverlay"] Charge [e]                                                    0.00e+00
[ DEBUG5 "MyRemoveOverlay"] Energy [GeV]                                                  2.56e+00
[ DEBUG5 "MyRemoveOverlay"] ReferencePoint                         -3.10e+02, -7.91e+02, -2.48e+03
[ DEBUG5 "MyRemoveOverlay"] ParticleIDUsed                                                       0
[ DEBUG5 "MyRemoveOverlay"] GoodnessOfPID                                                 0.00e+00
[ DEBUG5 "MyRemoveOverlay"] Covariance p,E:  1.04e-03, 2.65e-03, 6.76e-03, 8.31e-03, 2.12e-02, 
[ DEBUG5 "MyRemoveOverlay"]                  6.66e-02, -8.78e-03, -2.24e-02, -7.04e-02, 7.44e-02
[ DEBUG5 "MyRemoveOverlay"] Particles id:    
[ DEBUG5 "MyRemoveOverlay"] Tracks id:    
[ DEBUG5 "MyRemoveOverlay"] Clusters id:  [00021042]
[ DEBUG5 "MyRemoveOverlay"] Particle ids ( [id], PDG, (type)): 
[ DEBUG5 "MyRemoveOverlay"]                  [00021541], 000000, (000000) 
[ DEBUG5 "MyRemoveOverlay"]                  [00021542], 000000, (000000) 
[ DEBUG5 "MyRemoveOverlay"]                  [00021543], 000000, (000000) 
[ DEBUG5 "MyRemoveOverlay"]                  [00021544], 000000, (000000) 
[ DEBUG5 "MyRemoveOverlay"] 
[ DEBUG5 "MyRemoveOverlay"] 
[ DEBUG0 "MyRemoveOverlay"] 	MCParticle at index: 2 has PDG: 22 and MCParticle to Cluster link weight is 9.07e-01
[ DEBUG0 "MyRemoveOverlay"] 	MCParticle at index: 2 with PDG code: 22 has highest link weight to input cluster
[ DEBUG0 "MyRemoveOverlay"] 	Cluster at index: 3 has highest link weight to MCParticle = 9.36e-01
[ DEBUG0 "MyRemoveOverlay"] 	Cluster linked to MCParticle with highest weight
[ DEBUG6 "MyRemoveOverlay"] 		Found a linked MCParticle to cluster
[ DEBUG5 "MyRemoveOverlay"] ----------------------------- MCParticle -----------------------------
[ DEBUG5 "MyRemoveOverlay"] Id                                                               19480
[ DEBUG5 "MyRemoveOverlay"] PDG                                                                 22
[ DEBUG5 "MyRemoveOverlay"] Energy [GeV]                                                  2.85e+00
[ DEBUG5 "MyRemoveOverlay"] Momentum [GeV] (x,y,z)                   -0.336848, -0.86045, -2.70069
[ DEBUG5 "MyRemoveOverlay"] Momentum at Endpoint[GeV] (x,y,z)                               -0, -0, -0
[ DEBUG5 "MyRemoveOverlay"] GeneratorStatus                                                      1
[ DEBUG5 "MyRemoveOverlay"] Vertex [mm] (x,y,z)              -4.66384e-06, -1.23382e-05, 0.0887809
[ DEBUG5 "MyRemoveOverlay"] Endpoint [mm] (x,y,z)                     -302.569, -772.888, -2425.78
[ DEBUG5 "MyRemoveOverlay"] Mass [GeV]                                                   -8.43e-08
[ DEBUG5 "MyRemoveOverlay"] Charge                                                        0.00e+00
[ DEBUG5 "MyRemoveOverlay"] Parents                                                              1
[ DEBUG5 "MyRemoveOverlay"] Daughters                                                            0
[ DEBUG5 "MyRemoveOverlay"] simulator status bits: [sbvtcls]  s: created in simulation b: backscatter v: vertex is not endpoint of parent t: decayed in tracker c: decayed in calorimeter l: has left detector s: stopped o: overlay
[ DEBUG5 "MyRemoveOverlay"] [    c s ]
[ DEBUG5 "MyRemoveOverlay"] 
[ DEBUG7 "MyRemoveOverlay"] 		********** PFO AT INDEX 70 IS NOT OVERLAY **********
[ DEBUG8 "MyRemoveOverlay"] 
[ DEBUG8 "MyRemoveOverlay"] 		-------------------------------------------------------
[ DEBUG8 "MyRemoveOverlay"] 		Processing PFO at index 71
[ DEBUG5 "MyRemoveOverlay"] ------------------ ReconstructedParticle -----------------------------
[ DEBUG5 "MyRemoveOverlay"] Id                                                             0x21545
[ DEBUG5 "MyRemoveOverlay"] Compound                                                             0
[ DEBUG5 "MyRemoveOverlay"] Type                                                                22
[ DEBUG5 "MyRemoveOverlay"] Momentum (x,y,z)                       -5.22e-01, -1.74e+00, -6.04e+00
[ DEBUG5 "MyRemoveOverlay"] Mass [GeV]                                                    0.00e+00
[ DEBUG5 "MyRemoveOverlay"] Charge [e]                                                    0.00e+00
[ DEBUG5 "MyRemoveOverlay"] Energy [GeV]                                                  6.31e+00
[ DEBUG5 "MyRemoveOverlay"] ReferencePoint                         -2.14e+02, -7.14e+02, -2.48e+03
[ DEBUG5 "MyRemoveOverlay"] ParticleIDUsed                                                       0
[ DEBUG5 "MyRemoveOverlay"] GoodnessOfPID                                                 0.00e+00
[ DEBUG5 "MyRemoveOverlay"] Covariance p,E:  1.28e-03, 4.25e-03, 1.41e-02, 1.48e-02, 4.91e-02, 
[ DEBUG5 "MyRemoveOverlay"]                  1.71e-01, -1.54e-02, -5.13e-02, -1.78e-01, 1.86e-01
[ DEBUG5 "MyRemoveOverlay"] Particles id:    
[ DEBUG5 "MyRemoveOverlay"] Tracks id:    
[ DEBUG5 "MyRemoveOverlay"] Clusters id:  [00021043]
[ DEBUG5 "MyRemoveOverlay"] Particle ids ( [id], PDG, (type)): 
[ DEBUG5 "MyRemoveOverlay"]                  [00021546], 000000, (000000) 
[ DEBUG5 "MyRemoveOverlay"]                  [00021547], 000000, (000000) 
[ DEBUG5 "MyRemoveOverlay"]                  [00021548], 000000, (000000) 
[ DEBUG5 "MyRemoveOverlay"]                  [00021549], 000000, (000000) 
[ DEBUG5 "MyRemoveOverlay"] 
[ DEBUG5 "MyRemoveOverlay"] 
[ DEBUG6 "MyRemoveOverlay"] 		Cluster is not linked to a MCParticle
[ DEBUG7 "MyRemoveOverlay"] 		********** PFO AT INDEX 71 IS NOT OVERLAY **********
[ DEBUG8 "MyRemoveOverlay"] 
[ DEBUG8 "MyRemoveOverlay"] 		-------------------------------------------------------
[ DEBUG8 "MyRemoveOverlay"] 		Processing PFO at index 72
[ DEBUG5 "MyRemoveOverlay"] ------------------ ReconstructedParticle -----------------------------
[ DEBUG5 "MyRemoveOverlay"] Id                                                             0x21550
[ DEBUG5 "MyRemoveOverlay"] Compound                                                             0
[ DEBUG5 "MyRemoveOverlay"] Type                                                                22
[ DEBUG5 "MyRemoveOverlay"] Momentum (x,y,z)                       -5.54e-01, -1.61e+00, -5.34e+00
[ DEBUG5 "MyRemoveOverlay"] Mass [GeV]                                                    0.00e+00
[ DEBUG5 "MyRemoveOverlay"] Charge [e]                                                    0.00e+00
[ DEBUG5 "MyRemoveOverlay"] Energy [GeV]                                                  5.61e+00
[ DEBUG5 "MyRemoveOverlay"] ReferencePoint                         -2.55e+02, -7.42e+02, -2.47e+03
[ DEBUG5 "MyRemoveOverlay"] ParticleIDUsed                                                       0
[ DEBUG5 "MyRemoveOverlay"] GoodnessOfPID                                                 0.00e+00
[ DEBUG5 "MyRemoveOverlay"] Covariance p,E:  1.62e-03, 4.67e-03, 1.36e-02, 1.55e-02, 4.51e-02, 
[ DEBUG5 "MyRemoveOverlay"]                  1.50e-01, -1.63e-02, -4.73e-02, -1.57e-01, 1.65e-01
[ DEBUG5 "MyRemoveOverlay"] Particles id:    
[ DEBUG5 "MyRemoveOverlay"] Tracks id:    
[ DEBUG5 "MyRemoveOverlay"] Clusters id:  [00021044]
[ DEBUG5 "MyRemoveOverlay"] Particle ids ( [id], PDG, (type)): 
[ DEBUG5 "MyRemoveOverlay"]                  [00021551], 000000, (000000) 
[ DEBUG5 "MyRemoveOverlay"]                  [00021552], 000000, (000000) 
[ DEBUG5 "MyRemoveOverlay"]                  [00021553], 000000, (000000) 
[ DEBUG5 "MyRemoveOverlay"]                  [00021554], 000000, (000000) 
[ DEBUG5 "MyRemoveOverlay"] 
[ DEBUG5 "MyRemoveOverlay"] 
[ DEBUG6 "MyRemoveOverlay"] 		Cluster is not linked to a MCParticle
[ DEBUG7 "MyRemoveOverlay"] 		********** PFO AT INDEX 72 IS NOT OVERLAY **********
[ DEBUG8 "MyRemoveOverlay"] 
[ DEBUG8 "MyRemoveOverlay"] 		-------------------------------------------------------
[ DEBUG8 "MyRemoveOverlay"] 		Processing PFO at index 73
[ DEBUG5 "MyRemoveOverlay"] ------------------ ReconstructedParticle -----------------------------
[ DEBUG5 "MyRemoveOverlay"] Id                                                             0x21555
[ DEBUG5 "MyRemoveOverlay"] Compound                                                             0
[ DEBUG5 "MyRemoveOverlay"] Type                                                                13
[ DEBUG5 "MyRemoveOverlay"] Momentum (x,y,z)                       -2.34e+01, +6.23e+00, +1.79e+01
[ DEBUG5 "MyRemoveOverlay"] Mass [GeV]                                                    1.06e-01
[ DEBUG5 "MyRemoveOverlay"] Charge [e]                                                   -1.00e+00
[ DEBUG5 "MyRemoveOverlay"] Energy [GeV]                                                  3.01e+01
[ DEBUG5 "MyRemoveOverlay"] ReferencePoint                         -1.55e+01, +4.11e+00, +1.19e+01
[ DEBUG5 "MyRemoveOverlay"] ParticleIDUsed                                                       0
[ DEBUG5 "MyRemoveOverlay"] GoodnessOfPID                                                 0.00e+00
[ DEBUG5 "MyRemoveOverlay"] Covariance p,E:  6.27e-04, -1.65e-04, 4.50e-05, -4.78e-04, 1.26e-04, 
[ DEBUG5 "MyRemoveOverlay"]                  3.66e-04, -8.05e-04, 2.12e-04, 6.15e-04, 1.03e-03
[ DEBUG5 "MyRemoveOverlay"] Particles id:    
[ DEBUG5 "MyRemoveOverlay"] Tracks id:    [00020225]
[ DEBUG5 "MyRemoveOverlay"] Clusters id:  [00021045]
[ DEBUG5 "MyRemoveOverlay"] Particle ids ( [id], PDG, (type)): 
[ DEBUG5 "MyRemoveOverlay"]                  [00021556], 000211, (000000) 
[ DEBUG5 "MyRemoveOverlay"]                  [00021557], 000000, (000000) 
[ DEBUG5 "MyRemoveOverlay"]                  [00021558], 000000, (000000) 
[ DEBUG5 "MyRemoveOverlay"]                  [00021559], 000000, (000000) 
[ DEBUG5 "MyRemoveOverlay"]                  [00021560], 000000, (000000) 
[ DEBUG5 "MyRemoveOverlay"]                  [00021561], 000000, (000000) 
[ DEBUG5 "MyRemoveOverlay"]                  [00021562], 000013, (000000) 
[ DEBUG5 "MyRemoveOverlay"]                  [00021563], 000013, (000000) 
[ DEBUG5 "MyRemoveOverlay"]                  [00021564], 000013, (000000) 
[ DEBUG5 "MyRemoveOverlay"] 
[ DEBUG5 "MyRemoveOverlay"] 
[ DEBUG0 "MyRemoveOverlay"] 	MCParticle at index: 0 has PDG: 13 and MCParticle to Track link weight is 1.00e+00
[ DEBUG0 "MyRemoveOverlay"] 	MCParticle at index: 0 with PDG code: 13 has highest link weight to input track
[ DEBUG0 "MyRemoveOverlay"] 	Track at index: 0 has highest link weight to MCParticle = 9.83e-01
[ DEBUG0 "MyRemoveOverlay"] 	Track linked to MCParticle with highest weight
[ DEBUG6 "MyRemoveOverlay"] 		Found a linked MCParticle to track
[ DEBUG5 "MyRemoveOverlay"] ----------------------------- MCParticle -----------------------------
[ DEBUG5 "MyRemoveOverlay"] Id                                                               19407
[ DEBUG5 "MyRemoveOverlay"] PDG                                                                 13
[ DEBUG5 "MyRemoveOverlay"] Energy [GeV]                                                  3.02e+01
[ DEBUG5 "MyRemoveOverlay"] Momentum [GeV] (x,y,z)                        -23.438, 6.23895, 17.919
[ DEBUG5 "MyRemoveOverlay"] Momentum at Endpoint[GeV] (x,y,z)               -18.6676, 2.71079, 13.4966
[ DEBUG5 "MyRemoveOverlay"] GeneratorStatus                                                      1
[ DEBUG5 "MyRemoveOverlay"] Vertex [mm] (x,y,z)                                    0, 0, 0.0888168
[ DEBUG5 "MyRemoveOverlay"] Endpoint [mm] (x,y,z)                         -15000, 2290.85, 10946.7
[ DEBUG5 "MyRemoveOverlay"] Mass [GeV]                                                    1.06e-01
[ DEBUG5 "MyRemoveOverlay"] Charge                                                       -1.00e+00
[ DEBUG5 "MyRemoveOverlay"] Parents                                                              1
[ DEBUG5 "MyRemoveOverlay"] Daughters                                                            0
[ DEBUG5 "MyRemoveOverlay"] simulator status bits: [sbvtcls]  s: created in simulation b: backscatter v: vertex is not endpoint of parent t: decayed in tracker c: decayed in calorimeter l: has left detector s: stopped o: overlay
[ DEBUG5 "MyRemoveOverlay"] [     l  ]
[ DEBUG5 "MyRemoveOverlay"] 
[ DEBUG6 "MyRemoveOverlay"] 		Cluster is not linked to a MCParticle
[ DEBUG7 "MyRemoveOverlay"] 		********** PFO AT INDEX 73 IS NOT OVERLAY **********
[ DEBUG8 "MyRemoveOverlay"] 
[ DEBUG8 "MyRemoveOverlay"] 		-------------------------------------------------------
[ DEBUG8 "MyRemoveOverlay"] 		Processing PFO at index 74
[ DEBUG5 "MyRemoveOverlay"] ------------------ ReconstructedParticle -----------------------------
[ DEBUG5 "MyRemoveOverlay"] Id                                                             0x21565
[ DEBUG5 "MyRemoveOverlay"] Compound                                                             0
[ DEBUG5 "MyRemoveOverlay"] Type                                                               -13
[ DEBUG5 "MyRemoveOverlay"] Momentum (x,y,z)                       -1.55e+01, +1.96e+00, +1.16e+01
[ DEBUG5 "MyRemoveOverlay"] Mass [GeV]                                                    1.06e-01
[ DEBUG5 "MyRemoveOverlay"] Charge [e]                                                    1.00e+00
[ DEBUG5 "MyRemoveOverlay"] Energy [GeV]                                                  1.95e+01
[ DEBUG5 "MyRemoveOverlay"] ReferencePoint                         -1.61e+01, +2.05e+00, +1.22e+01
[ DEBUG5 "MyRemoveOverlay"] ParticleIDUsed                                                       0
[ DEBUG5 "MyRemoveOverlay"] GoodnessOfPID                                                 0.00e+00
[ DEBUG5 "MyRemoveOverlay"] Covariance p,E:  2.13e-04, -2.77e-05, 4.98e-06, -1.59e-04, 2.09e-05, 
[ DEBUG5 "MyRemoveOverlay"]                  1.21e-04, -2.68e-04, 3.50e-05, 2.01e-04, 3.37e-04
[ DEBUG5 "MyRemoveOverlay"] Particles id:    
[ DEBUG5 "MyRemoveOverlay"] Tracks id:    [00020235]
[ DEBUG5 "MyRemoveOverlay"] Clusters id:  [00021046]
[ DEBUG5 "MyRemoveOverlay"] Particle ids ( [id], PDG, (type)): 
[ DEBUG5 "MyRemoveOverlay"]                  [00021566], 000211, (000000) 
[ DEBUG5 "MyRemoveOverlay"]                  [00021567], 000000, (000000) 
[ DEBUG5 "MyRemoveOverlay"]                  [00021568], 000000, (000000) 
[ DEBUG5 "MyRemoveOverlay"]                  [00021569], 000000, (000000) 
[ DEBUG5 "MyRemoveOverlay"]                  [00021570], 000000, (000000) 
[ DEBUG5 "MyRemoveOverlay"]                  [00021571], 000000, (000000) 
[ DEBUG5 "MyRemoveOverlay"]                  [00021572], 000211, (000000) 
[ DEBUG5 "MyRemoveOverlay"]                  [00021573], 000013, (000000) 
[ DEBUG5 "MyRemoveOverlay"]                  [00021574], 000013, (000000) 
[ DEBUG5 "MyRemoveOverlay"] 
[ DEBUG5 "MyRemoveOverlay"] 
[ DEBUG0 "MyRemoveOverlay"] 	MCParticle at index: 0 has PDG: -13 and MCParticle to Track link weight is 1.00e+00
[ DEBUG0 "MyRemoveOverlay"] 	MCParticle at index: 0 with PDG code: -13 has highest link weight to input track
[ DEBUG0 "MyRemoveOverlay"] 	Track at index: 0 has highest link weight to MCParticle = 9.96e-01
[ DEBUG0 "MyRemoveOverlay"] 	Track linked to MCParticle with highest weight
[ DEBUG6 "MyRemoveOverlay"] 		Found a linked MCParticle to track
[ DEBUG5 "MyRemoveOverlay"] ----------------------------- MCParticle -----------------------------
[ DEBUG5 "MyRemoveOverlay"] Id                                                               19406
[ DEBUG5 "MyRemoveOverlay"] PDG                                                                -13
[ DEBUG5 "MyRemoveOverlay"] Energy [GeV]                                                  1.94e+01
[ DEBUG5 "MyRemoveOverlay"] Momentum [GeV] (x,y,z)                      -15.4464, 1.95142, 11.6221
[ DEBUG5 "MyRemoveOverlay"] Momentum at Endpoint[GeV] (x,y,z)                -9.51261, 3.0604, 7.21813
[ DEBUG5 "MyRemoveOverlay"] GeneratorStatus                                                      1
[ DEBUG5 "MyRemoveOverlay"] Vertex [mm] (x,y,z)                                    0, 0, 0.0888168
[ DEBUG5 "MyRemoveOverlay"] Endpoint [mm] (x,y,z)                         -15000, 4581.02, 11489.1
[ DEBUG5 "MyRemoveOverlay"] Mass [GeV]                                                    1.06e-01
[ DEBUG5 "MyRemoveOverlay"] Charge                                                        1.00e+00
[ DEBUG5 "MyRemoveOverlay"] Parents                                                              1
[ DEBUG5 "MyRemoveOverlay"] Daughters                                                            0
[ DEBUG5 "MyRemoveOverlay"] simulator status bits: [sbvtcls]  s: created in simulation b: backscatter v: vertex is not endpoint of parent t: decayed in tracker c: decayed in calorimeter l: has left detector s: stopped o: overlay
[ DEBUG5 "MyRemoveOverlay"] [     l  ]
[ DEBUG5 "MyRemoveOverlay"] 
[ DEBUG0 "MyRemoveOverlay"] 	MCParticle at index: 0 has PDG: -13 and MCParticle to Cluster link weight is 1.00e+00
[ DEBUG0 "MyRemoveOverlay"] 	MCParticle at index: 0 with PDG code: -13 has highest link weight to input cluster
[ DEBUG6 "MyRemoveOverlay"] 		Cluster is not linked to a MCParticle
[ DEBUG7 "MyRemoveOverlay"] 		********** PFO AT INDEX 74 IS NOT OVERLAY **********
[ DEBUG9 "MyRemoveOverlay"] 	CHECK : processed event: 182407 (Number of inputPFOS: 75 , Number of outputPFOs: 62)
[ WARNING "mytruejet"]  processing event: 182408   in run:  500076
[ MESSAGE4 "mytruejet"]  =====================================
[ MESSAGE "MyChargedPFOCorrection"] 
[ MESSAGE "MyChargedPFOCorrection"] 	////////////////////////////////////////////////////////////////////////////
[ MESSAGE "MyChargedPFOCorrection"] 	////////////////////	Processing event 	182408	////////////////////
[ MESSAGE "MyChargedPFOCorrection"] 	////////////////////////////////////////////////////////////////////////////
[ MESSAGE "MyAddNeutralPFOCovMat"] 
[ MESSAGE "MyAddNeutralPFOCovMat"] 	////////////////////////////////////////////////////////////////////////////
[ MESSAGE "MyAddNeutralPFOCovMat"] 	////////////////////	Processing event 	182408	////////////////////
[ MESSAGE "MyAddNeutralPFOCovMat"] 	////////////////////////////////////////////////////////////////////////////
[ MESSAGE "MyRemoveOverlay"] 
[ MESSAGE "MyRemoveOverlay"] 		////////////////////////////////////////////////////////////////////////////
[ MESSAGE "MyRemoveOverlay"] 		////////////////////	Processing event 	182408	////////////////////
[ MESSAGE "MyRemoveOverlay"] 		////////////////////////////////////////////////////////////////////////////
[ DEBUG9 "MyRemoveOverlay"] 		Total Number of PFOs: 41
[ DEBUG8 "MyRemoveOverlay"] 
[ DEBUG8 "MyRemoveOverlay"] 		-------------------------------------------------------
[ DEBUG8 "MyRemoveOverlay"] 		Processing PFO at index 0
[ DEBUG5 "MyRemoveOverlay"] ------------------ ReconstructedParticle -----------------------------
[ DEBUG5 "MyRemoveOverlay"] Id                                                             0x24064
[ DEBUG5 "MyRemoveOverlay"] Compound                                                             0
[ DEBUG5 "MyRemoveOverlay"] Type                                                              -211
[ DEBUG5 "MyRemoveOverlay"] Momentum (x,y,z)                       +9.44e-02, +5.35e-01, -1.75e+00
[ DEBUG5 "MyRemoveOverlay"] Mass [GeV]                                                    1.40e-01
[ DEBUG5 "MyRemoveOverlay"] Charge [e]                                                   -1.00e+00
[ DEBUG5 "MyRemoveOverlay"] Energy [GeV]                                                  1.83e+00
[ DEBUG5 "MyRemoveOverlay"] ReferencePoint                         +5.58e+00, +3.69e+01, -1.20e+02
[ DEBUG5 "MyRemoveOverlay"] ParticleIDUsed                                                       0
[ DEBUG5 "MyRemoveOverlay"] GoodnessOfPID                                                 0.00e+00
[ DEBUG5 "MyRemoveOverlay"] Covariance p,E:  3.39e-06, 3.95e-07, 8.53e-06, -1.81e-06, -1.64e-05, 
[ DEBUG5 "MyRemoveOverlay"]                  5.64e-05, 2.01e-06, 1.81e-05, -5.86e-05, 6.11e-05
[ DEBUG5 "MyRemoveOverlay"] Particles id:    
[ DEBUG5 "MyRemoveOverlay"] Tracks id:    [00023714]
[ DEBUG5 "MyRemoveOverlay"] Clusters id:  [00024031]
[ DEBUG5 "MyRemoveOverlay"] Particle ids ( [id], PDG, (type)): 
[ DEBUG5 "MyRemoveOverlay"]                  [00024065], 000211, (000000) 
[ DEBUG5 "MyRemoveOverlay"]                  [00024066], 000321, (000000) 
[ DEBUG5 "MyRemoveOverlay"]                  [00024067], 000000, (000000) 
[ DEBUG5 "MyRemoveOverlay"]                  [00024068], 000000, (000000) 
[ DEBUG5 "MyRemoveOverlay"]                  [00024069], 000000, (000000) 
[ DEBUG5 "MyRemoveOverlay"]                  [00024070], 000000, (000000) 
[ DEBUG5 "MyRemoveOverlay"]                  [00024071], 000211, (000000) 
[ DEBUG5 "MyRemoveOverlay"]                  [00024072], 000211, (000000) 
[ DEBUG5 "MyRemoveOverlay"]                  [00024073], 000211, (000000) 
[ DEBUG5 "MyRemoveOverlay"] 
[ DEBUG5 "MyRemoveOverlay"] 
[ DEBUG0 "MyRemoveOverlay"] 	MCParticle at index: 0 has PDG: -211 and MCParticle to Track link weight is 1.00e+00
[ DEBUG0 "MyRemoveOverlay"] 	MCParticle at index: 0 with PDG code: -211 has highest link weight to input track
[ DEBUG0 "MyRemoveOverlay"] 	Track at index: 0 has highest link weight to MCParticle = 9.62e-01
[ DEBUG0 "MyRemoveOverlay"] 	Track linked to MCParticle with highest weight
[ DEBUG6 "MyRemoveOverlay"] 		Found a linked MCParticle to track
[ DEBUG5 "MyRemoveOverlay"] ----------------------------- MCParticle -----------------------------
[ DEBUG5 "MyRemoveOverlay"] Id                                                               23036
[ DEBUG5 "MyRemoveOverlay"] PDG                                                               -211
[ DEBUG5 "MyRemoveOverlay"] Energy [GeV]                                                  1.86e+00
[ DEBUG5 "MyRemoveOverlay"] Momentum [GeV] (x,y,z)                    0.101497, 0.538511, -1.76688
[ DEBUG5 "MyRemoveOverlay"] Momentum at Endpoint[GeV] (x,y,z)                                -0, 0, -0
[ DEBUG5 "MyRemoveOverlay"] GeneratorStatus                                                      1
[ DEBUG5 "MyRemoveOverlay"] Vertex [mm] (x,y,z)             1.93344e-310, 5.94871e-309, -0.0454026
[ DEBUG5 "MyRemoveOverlay"] Endpoint [mm] (x,y,z)                      -318.496, 566.054, -2264.35
[ DEBUG5 "MyRemoveOverlay"] Mass [GeV]                                                    1.40e-01
[ DEBUG5 "MyRemoveOverlay"] Charge                                                       -1.00e+00
[ DEBUG5 "MyRemoveOverlay"] Parents                                                              1
[ DEBUG5 "MyRemoveOverlay"] Daughters                                                            5
[ DEBUG5 "MyRemoveOverlay"] simulator status bits: [sbvtcls]  s: created in simulation b: backscatter v: vertex is not endpoint of parent t: decayed in tracker c: decayed in calorimeter l: has left detector s: stopped o: overlay
[ DEBUG5 "MyRemoveOverlay"] [   t  s ]
[ DEBUG5 "MyRemoveOverlay"] 
[ DEBUG0 "MyRemoveOverlay"] 	MCParticle at index: 0 has PDG: 211 and MCParticle to Cluster link weight is 9.02e-01
[ DEBUG0 "MyRemoveOverlay"] 	MCParticle at index: 0 with PDG code: 211 has highest link weight to input cluster
[ DEBUG0 "MyRemoveOverlay"] 	Cluster at index: 0 has highest link weight to MCParticle = 9.61e-01
[ DEBUG0 "MyRemoveOverlay"] 	Cluster linked to MCParticle with highest weight
[ DEBUG6 "MyRemoveOverlay"] 		Found a linked MCParticle to cluster
[ DEBUG5 "MyRemoveOverlay"] ----------------------------- MCParticle -----------------------------
[ DEBUG5 "MyRemoveOverlay"] Id                                                               23124
[ DEBUG5 "MyRemoveOverlay"] PDG                                                                211
[ DEBUG5 "MyRemoveOverlay"] Energy [GeV]                                                  1.31e+00
[ DEBUG5 "MyRemoveOverlay"] Momentum [GeV] (x,y,z)                   0.244863, -0.118835, -1.27638
[ DEBUG5 "MyRemoveOverlay"] Momentum at Endpoint[GeV] (x,y,z)                                0, -0, -0
[ DEBUG5 "MyRemoveOverlay"] GeneratorStatus                                                      0
[ DEBUG5 "MyRemoveOverlay"] Vertex [mm] (x,y,z)                        -318.496, 566.054, -2264.35
[ DEBUG5 "MyRemoveOverlay"] Endpoint [mm] (x,y,z)                      -248.711, 492.745, -2712.34
[ DEBUG5 "MyRemoveOverlay"] Mass [GeV]                                                    1.40e-01
[ DEBUG5 "MyRemoveOverlay"] Charge                                                        1.00e+00
[ DEBUG5 "MyRemoveOverlay"] Parents                                                              1
[ DEBUG5 "MyRemoveOverlay"] Daughters                                                            0
[ DEBUG5 "MyRemoveOverlay"] simulator status bits: [sbvtcls]  s: created in simulation b: backscatter v: vertex is not endpoint of parent t: decayed in tracker c: decayed in calorimeter l: has left detector s: stopped o: overlay
[ DEBUG5 "MyRemoveOverlay"] [s   c s ]
[ DEBUG5 "MyRemoveOverlay"] 
[ DEBUG7 "MyRemoveOverlay"] 		********** PFO AT INDEX 0 IS NOT OVERLAY **********
[ DEBUG8 "MyRemoveOverlay"] 
[ DEBUG8 "MyRemoveOverlay"] 		-------------------------------------------------------
[ DEBUG8 "MyRemoveOverlay"] 		Processing PFO at index 1
[ DEBUG5 "MyRemoveOverlay"] ------------------ ReconstructedParticle -----------------------------
[ DEBUG5 "MyRemoveOverlay"] Id                                                             0x24074
[ DEBUG5 "MyRemoveOverlay"] Compound                                                             0
[ DEBUG5 "MyRemoveOverlay"] Type                                                               211
[ DEBUG5 "MyRemoveOverlay"] Momentum (x,y,z)                       +3.20e-01, +1.05e-01, -1.56e-01
[ DEBUG5 "MyRemoveOverlay"] Mass [GeV]                                                    1.40e-01
[ DEBUG5 "MyRemoveOverlay"] Charge [e]                                                    1.00e+00
[ DEBUG5 "MyRemoveOverlay"] Energy [GeV]                                                  3.96e-01
[ DEBUG5 "MyRemoveOverlay"] ReferencePoint                         +1.53e+01, +4.69e+00, -7.56e+00
[ DEBUG5 "MyRemoveOverlay"] ParticleIDUsed                                                       0
[ DEBUG5 "MyRemoveOverlay"] GoodnessOfPID                                                 0.00e+00
[ DEBUG5 "MyRemoveOverlay"] Covariance p,E:  4.78e-07, -4.78e-08, 5.01e-07, 2.85e-08, 1.17e-08, 
[ DEBUG5 "MyRemoveOverlay"]                  5.04e-07, 3.62e-07, 8.99e-08, -1.72e-07, 3.84e-07
[ DEBUG5 "MyRemoveOverlay"] Particles id:    
[ DEBUG5 "MyRemoveOverlay"] Tracks id:    [00023719]
[ DEBUG5 "MyRemoveOverlay"] Clusters id:  
[ DEBUG5 "MyRemoveOverlay"] Particle ids ( [id], PDG, (type)): 
[ DEBUG5 "MyRemoveOverlay"]                  [00024075], 000211, (000000) 
[ DEBUG5 "MyRemoveOverlay"]                  [00024076], 000211, (000000) 
[ DEBUG5 "MyRemoveOverlay"]                  [00024077], 000011, (000000) 
[ DEBUG5 "MyRemoveOverlay"]                  [00024078], 000011, (000000) 
[ DEBUG5 "MyRemoveOverlay"]                  [00024079], 000000, (000000) 
[ DEBUG5 "MyRemoveOverlay"] 
[ DEBUG5 "MyRemoveOverlay"] 
[ DEBUG0 "MyRemoveOverlay"] 	MCParticle at index: 0 has PDG: 211 and MCParticle to Track link weight is 1.00e+00
[ DEBUG0 "MyRemoveOverlay"] 	MCParticle at index: 0 with PDG code: 211 has highest link weight to input track
[ DEBUG6 "MyRemoveOverlay"] 		Track is not linked to a MCParticle
[ DEBUG7 "MyRemoveOverlay"] 		********** PFO AT INDEX 1 IS NOT OVERLAY **********
[ DEBUG8 "MyRemoveOverlay"] 
[ DEBUG8 "MyRemoveOverlay"] 		-------------------------------------------------------
[ DEBUG8 "MyRemoveOverlay"] 		Processing PFO at index 2
[ DEBUG5 "MyRemoveOverlay"] ------------------ ReconstructedParticle -----------------------------
[ DEBUG5 "MyRemoveOverlay"] Id                                                             0x24080
[ DEBUG5 "MyRemoveOverlay"] Compound                                                             0
[ DEBUG5 "MyRemoveOverlay"] Type                                                              -211
[ DEBUG5 "MyRemoveOverlay"] Momentum (x,y,z)                       -4.56e-02, +2.34e-01, -4.69e-02
[ DEBUG5 "MyRemoveOverlay"] Mass [GeV]                                                    1.40e-01
[ DEBUG5 "MyRemoveOverlay"] Charge [e]                                                   -1.00e+00
[ DEBUG5 "MyRemoveOverlay"] Energy [GeV]                                                  2.81e-01
[ DEBUG5 "MyRemoveOverlay"] ReferencePoint                         -3.97e+00, +1.69e+01, -3.59e+00
[ DEBUG5 "MyRemoveOverlay"] ParticleIDUsed                                                       0
[ DEBUG5 "MyRemoveOverlay"] GoodnessOfPID                                                 0.00e+00
[ DEBUG5 "MyRemoveOverlay"] Covariance p,E:  5.68e-07, -3.87e-07, 1.47e-06, 7.38e-08, -2.15e-07, 
[ DEBUG5 "MyRemoveOverlay"]                  4.80e-07, -4.28e-07, 1.33e-06, -2.72e-07, 1.23e-06
[ DEBUG5 "MyRemoveOverlay"] Particles id:    
[ DEBUG5 "MyRemoveOverlay"] Tracks id:    [00023724]
[ DEBUG5 "MyRemoveOverlay"] Clusters id:  
[ DEBUG5 "MyRemoveOverlay"] Particle ids ( [id], PDG, (type)): 
[ DEBUG5 "MyRemoveOverlay"]                  [00024081], 000211, (000000) 
[ DEBUG5 "MyRemoveOverlay"]                  [00024082], 000211, (000000) 
[ DEBUG5 "MyRemoveOverlay"]                  [00024083], 000011, (000000) 
[ DEBUG5 "MyRemoveOverlay"]                  [00024084], 000011, (000000) 
[ DEBUG5 "MyRemoveOverlay"]                  [00024085], 000000, (000000) 
[ DEBUG5 "MyRemoveOverlay"] 
[ DEBUG5 "MyRemoveOverlay"] 
[ DEBUG0 "MyRemoveOverlay"] 	MCParticle at index: 0 has PDG: -211 and MCParticle to Track link weight is 1.00e+00
[ DEBUG0 "MyRemoveOverlay"] 	MCParticle at index: 0 with PDG code: -211 has highest link weight to input track
[ DEBUG6 "MyRemoveOverlay"] 		Track is not linked to a MCParticle
[ DEBUG7 "MyRemoveOverlay"] 		********** PFO AT INDEX 2 IS NOT OVERLAY **********
[ DEBUG8 "MyRemoveOverlay"] 
[ DEBUG8 "MyRemoveOverlay"] 		-------------------------------------------------------
[ DEBUG8 "MyRemoveOverlay"] 		Processing PFO at index 3
[ DEBUG5 "MyRemoveOverlay"] ------------------ ReconstructedParticle -----------------------------
[ DEBUG5 "MyRemoveOverlay"] Id                                                             0x24086
[ DEBUG5 "MyRemoveOverlay"] Compound                                                             0
[ DEBUG5 "MyRemoveOverlay"] Type                                                              -211
[ DEBUG5 "MyRemoveOverlay"] Momentum (x,y,z)                       +2.08e-01, -5.64e-02, -4.03e-01
[ DEBUG5 "MyRemoveOverlay"] Mass [GeV]                                                    1.40e-01
[ DEBUG5 "MyRemoveOverlay"] Charge [e]                                                   -1.00e+00
[ DEBUG5 "MyRemoveOverlay"] Energy [GeV]                                                  4.78e-01
[ DEBUG5 "MyRemoveOverlay"] ReferencePoint                         +1.57e+01, -3.52e+00, -3.00e+01
[ DEBUG5 "MyRemoveOverlay"] ParticleIDUsed                                                       0
[ DEBUG5 "MyRemoveOverlay"] GoodnessOfPID                                                 0.00e+00
[ DEBUG5 "MyRemoveOverlay"] Covariance p,E:  2.05e-05, -3.17e-06, 1.39e-06, -3.72e-05, 6.16e-06, 
[ DEBUG5 "MyRemoveOverlay"]                  7.10e-05, 4.06e-05, -6.74e-06, -7.68e-05, 8.33e-05
[ DEBUG5 "MyRemoveOverlay"] Particles id:    
[ DEBUG5 "MyRemoveOverlay"] Tracks id:    [00023759]
[ DEBUG5 "MyRemoveOverlay"] Clusters id:  
[ DEBUG5 "MyRemoveOverlay"] Particle ids ( [id], PDG, (type)): 
[ DEBUG5 "MyRemoveOverlay"]                  [00024087], 000011, (000000) 
[ DEBUG5 "MyRemoveOverlay"]                  [00024088], 000011, (000000) 
[ DEBUG5 "MyRemoveOverlay"]                  [00024089], 000011, (000000) 
[ DEBUG5 "MyRemoveOverlay"]                  [00024090], 000011, (000000) 
[ DEBUG5 "MyRemoveOverlay"]                  [00024091], 000000, (000000) 
[ DEBUG5 "MyRemoveOverlay"] 
[ DEBUG5 "MyRemoveOverlay"] 
[ DEBUG0 "MyRemoveOverlay"] 	MCParticle at index: 0 has PDG: -211 and MCParticle to Track link weight is 1.00e+00
[ DEBUG0 "MyRemoveOverlay"] 	MCParticle at index: 0 with PDG code: -211 has highest link weight to input track
[ DEBUG6 "MyRemoveOverlay"] 		Track is not linked to a MCParticle
[ DEBUG7 "MyRemoveOverlay"] 		********** PFO AT INDEX 3 IS NOT OVERLAY **********
[ DEBUG8 "MyRemoveOverlay"] 
[ DEBUG8 "MyRemoveOverlay"] 		-------------------------------------------------------
[ DEBUG8 "MyRemoveOverlay"] 		Processing PFO at index 4
[ DEBUG5 "MyRemoveOverlay"] ------------------ ReconstructedParticle -----------------------------
[ DEBUG5 "MyRemoveOverlay"] Id                                                             0x24092
[ DEBUG5 "MyRemoveOverlay"] Compound                                                             0
[ DEBUG5 "MyRemoveOverlay"] Type                                                               211
[ DEBUG5 "MyRemoveOverlay"] Momentum (x,y,z)                       -2.30e-03, +3.19e-01, -1.01e-01
[ DEBUG5 "MyRemoveOverlay"] Mass [GeV]                                                    1.40e-01
[ DEBUG5 "MyRemoveOverlay"] Charge [e]                                                    1.00e+00
[ DEBUG5 "MyRemoveOverlay"] Energy [GeV]                                                  3.62e-01
[ DEBUG5 "MyRemoveOverlay"] ReferencePoint                         +3.03e-01, +1.60e+01, -5.08e+00
[ DEBUG5 "MyRemoveOverlay"] ParticleIDUsed                                                       0
[ DEBUG5 "MyRemoveOverlay"] GoodnessOfPID                                                 0.00e+00
[ DEBUG5 "MyRemoveOverlay"] Covariance p,E:  5.49e-07, 5.73e-07, 7.91e-06, -1.72e-07, -2.34e-06, 
[ DEBUG5 "MyRemoveOverlay"]                  1.25e-06, 5.48e-07, 7.61e-06, -2.41e-06, 7.36e-06
[ DEBUG5 "MyRemoveOverlay"] Particles id:    
[ DEBUG5 "MyRemoveOverlay"] Tracks id:    [00023754]
[ DEBUG5 "MyRemoveOverlay"] Clusters id:  
[ DEBUG5 "MyRemoveOverlay"] Particle ids ( [id], PDG, (type)): 
[ DEBUG5 "MyRemoveOverlay"]                  [00024093], 000011, (000000) 
[ DEBUG5 "MyRemoveOverlay"]                  [00024094], 000011, (000000) 
[ DEBUG5 "MyRemoveOverlay"]                  [00024095], 000011, (000000) 
[ DEBUG5 "MyRemoveOverlay"]                  [00024096], 000011, (000000) 
[ DEBUG5 "MyRemoveOverlay"]                  [00024097], 000000, (000000) 
[ DEBUG5 "MyRemoveOverlay"] 
[ DEBUG5 "MyRemoveOverlay"] 
[ DEBUG0 "MyRemoveOverlay"] 	MCParticle at index: 0 has PDG: 211 and MCParticle to Track link weight is 1.00e+00
[ DEBUG0 "MyRemoveOverlay"] 	MCParticle at index: 0 with PDG code: 211 has highest link weight to input track
[ DEBUG0 "MyRemoveOverlay"] 	Track at index: 0 has highest link weight to MCParticle = 9.00e-01
[ DEBUG0 "MyRemoveOverlay"] 	Track linked to MCParticle with highest weight
[ DEBUG6 "MyRemoveOverlay"] 		Found a linked MCParticle to track
[ DEBUG5 "MyRemoveOverlay"] ----------------------------- MCParticle -----------------------------
[ DEBUG5 "MyRemoveOverlay"] Id                                                               23041
[ DEBUG5 "MyRemoveOverlay"] PDG                                                                211
[ DEBUG5 "MyRemoveOverlay"] Energy [GeV]                                                  3.66e-01
[ DEBUG5 "MyRemoveOverlay"] Momentum [GeV] (x,y,z)                -0.00225792, 0.322354, -0.101506
[ DEBUG5 "MyRemoveOverlay"] Momentum at Endpoint[GeV] (x,y,z)                                 0, 0, -0
[ DEBUG5 "MyRemoveOverlay"] GeneratorStatus                                                      1
[ DEBUG5 "MyRemoveOverlay"] Vertex [mm] (x,y,z)                                   0, 0, -0.0454026
[ DEBUG5 "MyRemoveOverlay"] Endpoint [mm] (x,y,z)                       147.535, 262.362, -99.1638
[ DEBUG5 "MyRemoveOverlay"] Mass [GeV]                                                    1.40e-01
[ DEBUG5 "MyRemoveOverlay"] Charge                                                        1.00e+00
[ DEBUG5 "MyRemoveOverlay"] Parents                                                              1
[ DEBUG5 "MyRemoveOverlay"] Daughters                                                            6
[ DEBUG5 "MyRemoveOverlay"] simulator status bits: [sbvtcls]  s: created in simulation b: backscatter v: vertex is not endpoint of parent t: decayed in tracker c: decayed in calorimeter l: has left detector s: stopped o: overlay
[ DEBUG5 "MyRemoveOverlay"] [   t  s ]
[ DEBUG5 "MyRemoveOverlay"] 
[ DEBUG7 "MyRemoveOverlay"] 		********** PFO AT INDEX 4 IS NOT OVERLAY **********
[ DEBUG8 "MyRemoveOverlay"] 
[ DEBUG8 "MyRemoveOverlay"] 		-------------------------------------------------------
[ DEBUG8 "MyRemoveOverlay"] 		Processing PFO at index 5
[ DEBUG5 "MyRemoveOverlay"] ------------------ ReconstructedParticle -----------------------------
[ DEBUG5 "MyRemoveOverlay"] Id                                                             0x24098
[ DEBUG5 "MyRemoveOverlay"] Compound                                                             0
[ DEBUG5 "MyRemoveOverlay"] Type                                                              -211
[ DEBUG5 "MyRemoveOverlay"] Momentum (x,y,z)                       -1.92e-01, +1.30e-01, -4.10e-01
[ DEBUG5 "MyRemoveOverlay"] Mass [GeV]                                                    1.40e-01
[ DEBUG5 "MyRemoveOverlay"] Charge [e]                                                   -1.00e+00
[ DEBUG5 "MyRemoveOverlay"] Energy [GeV]                                                  4.91e-01
[ DEBUG5 "MyRemoveOverlay"] ReferencePoint                         -1.40e+01, +8.71e+00, -2.92e+01
[ DEBUG5 "MyRemoveOverlay"] ParticleIDUsed                                                       0
[ DEBUG5 "MyRemoveOverlay"] GoodnessOfPID                                                 0.00e+00
[ DEBUG5 "MyRemoveOverlay"] Covariance p,E:  4.59e-05, -2.47e-05, 1.44e-05, 9.12e-05, -5.01e-05, 
[ DEBUG5 "MyRemoveOverlay"]                  1.86e-04, -1.01e-04, 5.52e-05, -2.04e-04, 2.24e-04
[ DEBUG5 "MyRemoveOverlay"] Particles id:    
[ DEBUG5 "MyRemoveOverlay"] Tracks id:    [00023779]
[ DEBUG5 "MyRemoveOverlay"] Clusters id:  
[ DEBUG5 "MyRemoveOverlay"] Particle ids ( [id], PDG, (type)): 
[ DEBUG5 "MyRemoveOverlay"]                  [00024099], 000011, (000000) 
[ DEBUG5 "MyRemoveOverlay"]                  [00024100], 000011, (000000) 
[ DEBUG5 "MyRemoveOverlay"]                  [00024101], 000011, (000000) 
[ DEBUG5 "MyRemoveOverlay"]                  [00024102], 000011, (000000) 
[ DEBUG5 "MyRemoveOverlay"]                  [00024103], 000000, (000000) 
[ DEBUG5 "MyRemoveOverlay"] 
[ DEBUG5 "MyRemoveOverlay"] 
[ DEBUG0 "MyRemoveOverlay"] 	MCParticle at index: 0 has PDG: -211 and MCParticle to Track link weight is 1.00e+00
[ DEBUG0 "MyRemoveOverlay"] 	MCParticle at index: 0 with PDG code: -211 has highest link weight to input track
[ DEBUG0 "MyRemoveOverlay"] 	Track at index: 0 has highest link weight to MCParticle = 1.00e+00
[ DEBUG0 "MyRemoveOverlay"] 	Track linked to MCParticle with highest weight
[ DEBUG6 "MyRemoveOverlay"] 		Found a linked MCParticle to track
[ DEBUG5 "MyRemoveOverlay"] ----------------------------- MCParticle -----------------------------
[ DEBUG5 "MyRemoveOverlay"] Id                                                               23047
[ DEBUG5 "MyRemoveOverlay"] PDG                                                               -211
[ DEBUG5 "MyRemoveOverlay"] Energy [GeV]                                                  5.00e-01
[ DEBUG5 "MyRemoveOverlay"] Momentum [GeV] (x,y,z)                  -0.195809, 0.132336, -0.417697
[ DEBUG5 "MyRemoveOverlay"] Momentum at Endpoint[GeV] (x,y,z)                                -0, 0, -0
[ DEBUG5 "MyRemoveOverlay"] GeneratorStatus                                                      1
[ DEBUG5 "MyRemoveOverlay"] Vertex [mm] (x,y,z)             2.98466e-309, 1.44444e-309, -0.0454026
[ DEBUG5 "MyRemoveOverlay"] Endpoint [mm] (x,y,z)                      -53.1951, 26.4575, -105.541
[ DEBUG5 "MyRemoveOverlay"] Mass [GeV]                                                    1.40e-01
[ DEBUG5 "MyRemoveOverlay"] Charge                                                       -1.00e+00
[ DEBUG5 "MyRemoveOverlay"] Parents                                                              1
[ DEBUG5 "MyRemoveOverlay"] Daughters                                                            3
[ DEBUG5 "MyRemoveOverlay"] simulator status bits: [sbvtcls]  s: created in simulation b: backscatter v: vertex is not endpoint of parent t: decayed in tracker c: decayed in calorimeter l: has left detector s: stopped o: overlay
[ DEBUG5 "MyRemoveOverlay"] [   t  s ]
[ DEBUG5 "MyRemoveOverlay"] 
[ DEBUG7 "MyRemoveOverlay"] 		********** PFO AT INDEX 5 IS NOT OVERLAY **********
[ DEBUG8 "MyRemoveOverlay"] 
[ DEBUG8 "MyRemoveOverlay"] 		-------------------------------------------------------
[ DEBUG8 "MyRemoveOverlay"] 		Processing PFO at index 6
[ DEBUG5 "MyRemoveOverlay"] ------------------ ReconstructedParticle -----------------------------
[ DEBUG5 "MyRemoveOverlay"] Id                                                             0x24104
[ DEBUG5 "MyRemoveOverlay"] Compound                                                             0
[ DEBUG5 "MyRemoveOverlay"] Type                                                               211
[ DEBUG5 "MyRemoveOverlay"] Momentum (x,y,z)                       +3.91e-01, +2.18e+00, -1.79e+01
[ DEBUG5 "MyRemoveOverlay"] Mass [GeV]                                                    1.40e-01
[ DEBUG5 "MyRemoveOverlay"] Charge [e]                                                    1.00e+00
[ DEBUG5 "MyRemoveOverlay"] Energy [GeV]                                                  1.81e+01
[ DEBUG5 "MyRemoveOverlay"] ReferencePoint                         +1.56e+01, +7.78e+01, -6.42e+02
[ DEBUG5 "MyRemoveOverlay"] ParticleIDUsed                                                       0
[ DEBUG5 "MyRemoveOverlay"] GoodnessOfPID                                                 0.00e+00
[ DEBUG5 "MyRemoveOverlay"] Covariance p,E:  2.62e-04, 2.07e-04, 1.07e-03, -1.67e-03, -7.16e-03, 
[ DEBUG5 "MyRemoveOverlay"]                  5.96e-02, 1.69e-03, 7.24e-03, -6.01e-02, 6.06e-02
[ DEBUG5 "MyRemoveOverlay"] Particles id:    
[ DEBUG5 "MyRemoveOverlay"] Tracks id:    [00023764]
[ DEBUG5 "MyRemoveOverlay"] Clusters id:  [00024032]
[ DEBUG5 "MyRemoveOverlay"] Particle ids ( [id], PDG, (type)): 
[ DEBUG5 "MyRemoveOverlay"]                  [00024105], 000011, (000000) 
[ DEBUG5 "MyRemoveOverlay"]                  [00024106], 000000, (000000) 
[ DEBUG5 "MyRemoveOverlay"]                  [00024107], 000000, (000000) 
[ DEBUG5 "MyRemoveOverlay"]                  [00024108], 000000, (000000) 
[ DEBUG5 "MyRemoveOverlay"]                  [00024109], 000000, (000000) 
[ DEBUG5 "MyRemoveOverlay"]                  [00024110], 000000, (000000) 
[ DEBUG5 "MyRemoveOverlay"]                  [00024111], 000013, (000000) 
[ DEBUG5 "MyRemoveOverlay"]                  [00024112], 000211, (000000) 
[ DEBUG5 "MyRemoveOverlay"]                  [00024113], 000321, (000000) 
[ DEBUG5 "MyRemoveOverlay"] 
[ DEBUG5 "MyRemoveOverlay"] 
[ DEBUG0 "MyRemoveOverlay"] 	MCParticle at index: 0 has PDG: 211 and MCParticle to Track link weight is 1.00e+00
[ DEBUG0 "MyRemoveOverlay"] 	MCParticle at index: 0 with PDG code: 211 has highest link weight to input track
[ DEBUG6 "MyRemoveOverlay"] 		Track is not linked to a MCParticle
[ DEBUG6 "MyRemoveOverlay"] 		Cluster is not linked to a MCParticle
[ DEBUG7 "MyRemoveOverlay"] 		********** PFO AT INDEX 6 IS NOT OVERLAY **********
[ DEBUG8 "MyRemoveOverlay"] 
[ DEBUG8 "MyRemoveOverlay"] 		-------------------------------------------------------
[ DEBUG8 "MyRemoveOverlay"] 		Processing PFO at index 7
[ DEBUG5 "MyRemoveOverlay"] ------------------ ReconstructedParticle -----------------------------
[ DEBUG5 "MyRemoveOverlay"] Id                                                             0x24114
[ DEBUG5 "MyRemoveOverlay"] Compound                                                             0
[ DEBUG5 "MyRemoveOverlay"] Type                                                               211
[ DEBUG5 "MyRemoveOverlay"] Momentum (x,y,z)                       +1.90e-01, +5.85e+00, -1.65e+01
[ DEBUG5 "MyRemoveOverlay"] Mass [GeV]                                                    1.40e-01
[ DEBUG5 "MyRemoveOverlay"] Charge [e]                                                    1.00e+00
[ DEBUG5 "MyRemoveOverlay"] Energy [GeV]                                                  1.75e+01
[ DEBUG5 "MyRemoveOverlay"] ReferencePoint                         +5.42e-01, +1.60e+01, -4.52e+01
[ DEBUG5 "MyRemoveOverlay"] ParticleIDUsed                                                       0
[ DEBUG5 "MyRemoveOverlay"] GoodnessOfPID                                                 0.00e+00
[ DEBUG5 "MyRemoveOverlay"] Covariance p,E:  3.01e-06, 2.12e-05, 5.80e-04, -5.97e-05, -1.63e-03, 
[ DEBUG5 "MyRemoveOverlay"]                  4.62e-03, 6.34e-05, 1.73e-03, -4.90e-03, 5.20e-03
[ DEBUG5 "MyRemoveOverlay"] Particles id:    
[ DEBUG5 "MyRemoveOverlay"] Tracks id:    [00023694]
[ DEBUG5 "MyRemoveOverlay"] Clusters id:  [00024033]
[ DEBUG5 "MyRemoveOverlay"] Particle ids ( [id], PDG, (type)): 
[ DEBUG5 "MyRemoveOverlay"]                  [00024115], 000211, (000000) 
[ DEBUG5 "MyRemoveOverlay"]                  [00024116], 000000, (000000) 
[ DEBUG5 "MyRemoveOverlay"]                  [00024117], 000000, (000000) 
[ DEBUG5 "MyRemoveOverlay"]                  [00024118], 000000, (000000) 
[ DEBUG5 "MyRemoveOverlay"]                  [00024119], 000000, (000000) 
[ DEBUG5 "MyRemoveOverlay"]                  [00024120], 000000, (000000) 
[ DEBUG5 "MyRemoveOverlay"]                  [00024121], 000013, (000000) 
[ DEBUG5 "MyRemoveOverlay"]                  [00024122], 000011, (000000) 
[ DEBUG5 "MyRemoveOverlay"]                  [00024123], 000211, (000000) 
[ DEBUG5 "MyRemoveOverlay"] 
[ DEBUG5 "MyRemoveOverlay"] 
[ DEBUG0 "MyRemoveOverlay"] 	MCParticle at index: 0 has PDG: 211 and MCParticle to Track link weight is 1.00e+00
[ DEBUG0 "MyRemoveOverlay"] 	MCParticle at index: 0 with PDG code: 211 has highest link weight to input track
[ DEBUG0 "MyRemoveOverlay"] 	Track at index: 0 has highest link weight to MCParticle = 1.00e+00
[ DEBUG0 "MyRemoveOverlay"] 	Track linked to MCParticle with highest weight
[ DEBUG6 "MyRemoveOverlay"] 		Found a linked MCParticle to track
[ DEBUG5 "MyRemoveOverlay"] ----------------------------- MCParticle -----------------------------
[ DEBUG5 "MyRemoveOverlay"] Id                                                               23037
[ DEBUG5 "MyRemoveOverlay"] PDG                                                                211
[ DEBUG5 "MyRemoveOverlay"] Energy [GeV]                                                  1.76e+01
[ DEBUG5 "MyRemoveOverlay"] Momentum [GeV] (x,y,z)                     0.191883, 5.86685, -16.5718
[ DEBUG5 "MyRemoveOverlay"] Momentum at Endpoint[GeV] (x,y,z)                                 0, 0, -0
[ DEBUG5 "MyRemoveOverlay"] GeneratorStatus                                                      1
[ DEBUG5 "MyRemoveOverlay"] Vertex [mm] (x,y,z)             1.93344e-310, 5.94871e-309, -0.0454026
[ DEBUG5 "MyRemoveOverlay"] Endpoint [mm] (x,y,z)                       102.309, 897.901, -2555.13
[ DEBUG5 "MyRemoveOverlay"] Mass [GeV]                                                    1.40e-01
[ DEBUG5 "MyRemoveOverlay"] Charge                                                        1.00e+00
[ DEBUG5 "MyRemoveOverlay"] Parents                                                              1
[ DEBUG5 "MyRemoveOverlay"] Daughters                                                            0
[ DEBUG5 "MyRemoveOverlay"] simulator status bits: [sbvtcls]  s: created in simulation b: backscatter v: vertex is not endpoint of parent t: decayed in tracker c: decayed in calorimeter l: has left detector s: stopped o: overlay
[ DEBUG5 "MyRemoveOverlay"] [    c s ]
[ DEBUG5 "MyRemoveOverlay"] 
[ DEBUG0 "MyRemoveOverlay"] 	MCParticle at index: 1 has PDG: 211 and MCParticle to Cluster link weight is 9.97e-01
[ DEBUG0 "MyRemoveOverlay"] 	MCParticle at index: 1 with PDG code: 211 has highest link weight to input cluster
[ DEBUG0 "MyRemoveOverlay"] 	Cluster at index: 0 has highest link weight to MCParticle = 9.80e-01
[ DEBUG0 "MyRemoveOverlay"] 	Cluster linked to MCParticle with highest weight
[ DEBUG6 "MyRemoveOverlay"] 		Found a linked MCParticle to cluster
[ DEBUG5 "MyRemoveOverlay"] ----------------------------- MCParticle -----------------------------
[ DEBUG5 "MyRemoveOverlay"] Id                                                               23037
[ DEBUG5 "MyRemoveOverlay"] PDG                                                                211
[ DEBUG5 "MyRemoveOverlay"] Energy [GeV]                                                  1.76e+01
[ DEBUG5 "MyRemoveOverlay"] Momentum [GeV] (x,y,z)                     0.191883, 5.86685, -16.5718
[ DEBUG5 "MyRemoveOverlay"] Momentum at Endpoint[GeV] (x,y,z)                                 0, 0, -0
[ DEBUG5 "MyRemoveOverlay"] GeneratorStatus                                                      1
[ DEBUG5 "MyRemoveOverlay"] Vertex [mm] (x,y,z)             1.93344e-310, 5.94871e-309, -0.0454026
[ DEBUG5 "MyRemoveOverlay"] Endpoint [mm] (x,y,z)                       102.309, 897.901, -2555.13
[ DEBUG5 "MyRemoveOverlay"] Mass [GeV]                                                    1.40e-01
[ DEBUG5 "MyRemoveOverlay"] Charge                                                        1.00e+00
[ DEBUG5 "MyRemoveOverlay"] Parents                                                              1
[ DEBUG5 "MyRemoveOverlay"] Daughters                                                            0
[ DEBUG5 "MyRemoveOverlay"] simulator status bits: [sbvtcls]  s: created in simulation b: backscatter v: vertex is not endpoint of parent t: decayed in tracker c: decayed in calorimeter l: has left detector s: stopped o: overlay
[ DEBUG5 "MyRemoveOverlay"] [    c s ]
[ DEBUG5 "MyRemoveOverlay"] 
[ DEBUG7 "MyRemoveOverlay"] 		********** PFO AT INDEX 7 IS NOT OVERLAY **********
[ DEBUG8 "MyRemoveOverlay"] 
[ DEBUG8 "MyRemoveOverlay"] 		-------------------------------------------------------
[ DEBUG8 "MyRemoveOverlay"] 		Processing PFO at index 8
[ DEBUG5 "MyRemoveOverlay"] ------------------ ReconstructedParticle -----------------------------
[ DEBUG5 "MyRemoveOverlay"] Id                                                             0x24124
[ DEBUG5 "MyRemoveOverlay"] Compound                                                             0
[ DEBUG5 "MyRemoveOverlay"] Type                                                              2212
[ DEBUG5 "MyRemoveOverlay"] Momentum (x,y,z)                       +2.78e-01, +3.87e-01, -2.81e+00
[ DEBUG5 "MyRemoveOverlay"] Mass [GeV]                                                    9.38e-01
[ DEBUG5 "MyRemoveOverlay"] Charge [e]                                                    1.00e+00
[ DEBUG5 "MyRemoveOverlay"] Energy [GeV]                                                  3.00e+00
[ DEBUG5 "MyRemoveOverlay"] ReferencePoint                         +5.66e+01, +7.41e+01, -6.42e+02
[ DEBUG5 "MyRemoveOverlay"] ParticleIDUsed                                                       0
[ DEBUG5 "MyRemoveOverlay"] GoodnessOfPID                                                 0.00e+00
[ DEBUG5 "MyRemoveOverlay"] Covariance p,E:  2.70e-05, 1.83e-05, 1.76e-05, -1.66e-04, -1.32e-04, 
[ DEBUG5 "MyRemoveOverlay"]                  1.21e-03, 1.61e-04, 1.27e-04, -1.17e-03, 1.13e-03
[ DEBUG5 "MyRemoveOverlay"] Particles id:    
[ DEBUG5 "MyRemoveOverlay"] Tracks id:    [00023784]
[ DEBUG5 "MyRemoveOverlay"] Clusters id:  [00024034]
[ DEBUG5 "MyRemoveOverlay"] Particle ids ( [id], PDG, (type)): 
[ DEBUG5 "MyRemoveOverlay"]                  [00024125], 000011, (000000) 
[ DEBUG5 "MyRemoveOverlay"]                  [00024126], 000000, (000000) 
[ DEBUG5 "MyRemoveOverlay"]                  [00024127], 000000, (000000) 
[ DEBUG5 "MyRemoveOverlay"]                  [00024128], 000000, (000000) 
[ DEBUG5 "MyRemoveOverlay"]                  [00024129], 000000, (000000) 
[ DEBUG5 "MyRemoveOverlay"]                  [00024130], 000000, (000000) 
[ DEBUG5 "MyRemoveOverlay"]                  [00024131], 000011, (000000) 
[ DEBUG5 "MyRemoveOverlay"]                  [00024132], 000011, (000000) 
[ DEBUG5 "MyRemoveOverlay"]                  [00024133], 000211, (000000) 
[ DEBUG5 "MyRemoveOverlay"] 
[ DEBUG5 "MyRemoveOverlay"] 
[ DEBUG0 "MyRemoveOverlay"] 	MCParticle at index: 0 has PDG: 2212 and MCParticle to Track link weight is 1.00e+00
[ DEBUG0 "MyRemoveOverlay"] 	MCParticle at index: 0 with PDG code: 2212 has highest link weight to input track
[ DEBUG0 "MyRemoveOverlay"] 	Track at index: 0 has highest link weight to MCParticle = 1.00e+00
[ DEBUG0 "MyRemoveOverlay"] 	Track linked to MCParticle with highest weight
[ DEBUG6 "MyRemoveOverlay"] 		Found a linked MCParticle to track
[ DEBUG5 "MyRemoveOverlay"] ----------------------------- MCParticle -----------------------------
[ DEBUG5 "MyRemoveOverlay"] Id                                                               23108
[ DEBUG5 "MyRemoveOverlay"] PDG                                                               2212
[ DEBUG5 "MyRemoveOverlay"] Energy [GeV]                                                  3.01e+00
[ DEBUG5 "MyRemoveOverlay"] Momentum [GeV] (x,y,z)                    0.302254, 0.366455, -2.82442
[ DEBUG5 "MyRemoveOverlay"] Momentum at Endpoint[GeV] (x,y,z)                                 0, 0, -0
[ DEBUG5 "MyRemoveOverlay"] GeneratorStatus                                                      0
[ DEBUG5 "MyRemoveOverlay"] Vertex [mm] (x,y,z)                           9.94124, 24.933, -241.41
[ DEBUG5 "MyRemoveOverlay"] Endpoint [mm] (x,y,z)                        336.42, 191.859, -2485.32
[ DEBUG5 "MyRemoveOverlay"] Mass [GeV]                                                    9.38e-01
[ DEBUG5 "MyRemoveOverlay"] Charge                                                        1.00e+00
[ DEBUG5 "MyRemoveOverlay"] Parents                                                              1
[ DEBUG5 "MyRemoveOverlay"] Daughters                                                            0
[ DEBUG5 "MyRemoveOverlay"] simulator status bits: [sbvtcls]  s: created in simulation b: backscatter v: vertex is not endpoint of parent t: decayed in tracker c: decayed in calorimeter l: has left detector s: stopped o: overlay
[ DEBUG5 "MyRemoveOverlay"] [s   c s ]
[ DEBUG5 "MyRemoveOverlay"] 
[ DEBUG0 "MyRemoveOverlay"] 	MCParticle at index: 1 has PDG: 2212 and MCParticle to Cluster link weight is 9.64e-01
[ DEBUG0 "MyRemoveOverlay"] 	MCParticle at index: 1 with PDG code: 2212 has highest link weight to input cluster
[ DEBUG6 "MyRemoveOverlay"] 		Cluster is not linked to a MCParticle
[ DEBUG7 "MyRemoveOverlay"] 		********** PFO AT INDEX 8 IS NOT OVERLAY **********
[ DEBUG8 "MyRemoveOverlay"] 
[ DEBUG8 "MyRemoveOverlay"] 		-------------------------------------------------------
[ DEBUG8 "MyRemoveOverlay"] 		Processing PFO at index 9
[ DEBUG5 "MyRemoveOverlay"] ------------------ ReconstructedParticle -----------------------------
[ DEBUG5 "MyRemoveOverlay"] Id                                                             0x24134
[ DEBUG5 "MyRemoveOverlay"] Compound                                                             0
[ DEBUG5 "MyRemoveOverlay"] Type                                                               211
[ DEBUG5 "MyRemoveOverlay"] Momentum (x,y,z)                       +6.53e-01, +5.52e-01, -6.49e-01
[ DEBUG5 "MyRemoveOverlay"] Mass [GeV]                                                    1.40e-01
[ DEBUG5 "MyRemoveOverlay"] Charge [e]                                                    1.00e+00
[ DEBUG5 "MyRemoveOverlay"] Energy [GeV]                                                  1.08e+00
[ DEBUG5 "MyRemoveOverlay"] ReferencePoint                         +5.09e+01, +2.89e+01, -3.83e+01
[ DEBUG5 "MyRemoveOverlay"] ParticleIDUsed                                                       0
[ DEBUG5 "MyRemoveOverlay"] GoodnessOfPID                                                 0.00e+00
[ DEBUG5 "MyRemoveOverlay"] Covariance p,E:  1.40e-06, -4.31e-07, 1.42e-06, 4.95e-07, 4.05e-07, 
[ DEBUG5 "MyRemoveOverlay"]                  1.34e-06, 3.27e-07, 2.22e-07, -2.99e-07, 4.90e-07
[ DEBUG5 "MyRemoveOverlay"] Particles id:    
[ DEBUG5 "MyRemoveOverlay"] Tracks id:    [00023749]
[ DEBUG5 "MyRemoveOverlay"] Clusters id:  [00024035]
[ DEBUG5 "MyRemoveOverlay"] Particle ids ( [id], PDG, (type)): 
[ DEBUG5 "MyRemoveOverlay"]                  [00024135], 000013, (000000) 
[ DEBUG5 "MyRemoveOverlay"]                  [00024136], 000013, (000000) 
[ DEBUG5 "MyRemoveOverlay"]                  [00024137], 000000, (000000) 
[ DEBUG5 "MyRemoveOverlay"]                  [00024138], 000000, (000000) 
[ DEBUG5 "MyRemoveOverlay"]                  [00024139], 000000, (000000) 
[ DEBUG5 "MyRemoveOverlay"]                  [00024140], 000000, (000000) 
[ DEBUG5 "MyRemoveOverlay"]                  [00024141], 000011, (000000) 
[ DEBUG5 "MyRemoveOverlay"]                  [00024142], 000013, (000000) 
[ DEBUG5 "MyRemoveOverlay"]                  [00024143], 000013, (000000) 
[ DEBUG5 "MyRemoveOverlay"] 
[ DEBUG5 "MyRemoveOverlay"] 
[ DEBUG0 "MyRemoveOverlay"] 	MCParticle at index: 0 has PDG: 211 and MCParticle to Track link weight is 1.00e+00
[ DEBUG0 "MyRemoveOverlay"] 	MCParticle at index: 0 with PDG code: 211 has highest link weight to input track
[ DEBUG0 "MyRemoveOverlay"] 	Track at index: 0 has highest link weight to MCParticle = 9.69e-01
[ DEBUG0 "MyRemoveOverlay"] 	Track linked to MCParticle with highest weight
[ DEBUG6 "MyRemoveOverlay"] 		Found a linked MCParticle to track
[ DEBUG5 "MyRemoveOverlay"] ----------------------------- MCParticle -----------------------------
[ DEBUG5 "MyRemoveOverlay"] Id                                                               23046
[ DEBUG5 "MyRemoveOverlay"] PDG                                                                211
[ DEBUG5 "MyRemoveOverlay"] Energy [GeV]                                                  1.08e+00
[ DEBUG5 "MyRemoveOverlay"] Momentum [GeV] (x,y,z)                   0.682112, 0.517797, -0.647855
[ DEBUG5 "MyRemoveOverlay"] Momentum at Endpoint[GeV] (x,y,z)                                -0, 0, -0
[ DEBUG5 "MyRemoveOverlay"] GeneratorStatus                                                      1
[ DEBUG5 "MyRemoveOverlay"] Vertex [mm] (x,y,z)                         38.5892, 19.7258, -26.7127
[ DEBUG5 "MyRemoveOverlay"] Endpoint [mm] (x,y,z)                      149.447, -1293.96, -2652.66
[ DEBUG5 "MyRemoveOverlay"] Mass [GeV]                                                    1.40e-01
[ DEBUG5 "MyRemoveOverlay"] Charge                                                        1.00e+00
[ DEBUG5 "MyRemoveOverlay"] Parents                                                              1
[ DEBUG5 "MyRemoveOverlay"] Daughters                                                            0
[ DEBUG5 "MyRemoveOverlay"] simulator status bits: [sbvtcls]  s: created in simulation b: backscatter v: vertex is not endpoint of parent t: decayed in tracker c: decayed in calorimeter l: has left detector s: stopped o: overlay
[ DEBUG5 "MyRemoveOverlay"] [    c s ]
[ DEBUG5 "MyRemoveOverlay"] 
[ DEBUG0 "MyRemoveOverlay"] 	MCParticle at index: 0 has PDG: 211 and MCParticle to Cluster link weight is 1.00e+00
[ DEBUG0 "MyRemoveOverlay"] 	MCParticle at index: 0 with PDG code: 211 has highest link weight to input cluster
[ DEBUG6 "MyRemoveOverlay"] 		Cluster is not linked to a MCParticle
[ DEBUG7 "MyRemoveOverlay"] 		********** PFO AT INDEX 9 IS NOT OVERLAY **********
[ DEBUG8 "MyRemoveOverlay"] 
[ DEBUG8 "MyRemoveOverlay"] 		-------------------------------------------------------
[ DEBUG8 "MyRemoveOverlay"] 		Processing PFO at index 10
[ DEBUG5 "MyRemoveOverlay"] ------------------ ReconstructedParticle -----------------------------
[ DEBUG5 "MyRemoveOverlay"] Id                                                             0x24144
[ DEBUG5 "MyRemoveOverlay"] Compound                                                             0
[ DEBUG5 "MyRemoveOverlay"] Type                                                               211
[ DEBUG5 "MyRemoveOverlay"] Momentum (x,y,z)                       -6.22e-01, +2.30e-01, -1.60e-01
[ DEBUG5 "MyRemoveOverlay"] Mass [GeV]                                                    1.40e-01
[ DEBUG5 "MyRemoveOverlay"] Charge [e]                                                    1.00e+00
[ DEBUG5 "MyRemoveOverlay"] Energy [GeV]                                                  6.96e-01
[ DEBUG5 "MyRemoveOverlay"] ReferencePoint                         -1.49e+01, +5.71e+00, -3.82e+00
[ DEBUG5 "MyRemoveOverlay"] ParticleIDUsed                                                       0
[ DEBUG5 "MyRemoveOverlay"] GoodnessOfPID                                                 0.00e+00
[ DEBUG5 "MyRemoveOverlay"] Covariance p,E:  2.69e-07, 6.89e-08, 4.61e-07, -5.28e-08, 2.05e-08, 
[ DEBUG5 "MyRemoveOverlay"]                  4.68e-07, -2.05e-07, 8.59e-08, -5.35e-08, 2.24e-07
[ DEBUG5 "MyRemoveOverlay"] Particles id:    
[ DEBUG5 "MyRemoveOverlay"] Tracks id:    [00023709]
[ DEBUG5 "MyRemoveOverlay"] Clusters id:  
[ DEBUG5 "MyRemoveOverlay"] Particle ids ( [id], PDG, (type)): 
[ DEBUG5 "MyRemoveOverlay"]                  [00024145], 000211, (000000) 
[ DEBUG5 "MyRemoveOverlay"]                  [00024146], 000211, (000000) 
[ DEBUG5 "MyRemoveOverlay"]                  [00024147], 000011, (000000) 
[ DEBUG5 "MyRemoveOverlay"]                  [00024148], 000011, (000000) 
[ DEBUG5 "MyRemoveOverlay"]                  [00024149], 000000, (000000) 
[ DEBUG5 "MyRemoveOverlay"] 
[ DEBUG5 "MyRemoveOverlay"] 
[ DEBUG0 "MyRemoveOverlay"] 	MCParticle at index: 0 has PDG: 211 and MCParticle to Track link weight is 1.00e+00
[ DEBUG0 "MyRemoveOverlay"] 	MCParticle at index: 0 with PDG code: 211 has highest link weight to input track
[ DEBUG6 "MyRemoveOverlay"] 		Track is not linked to a MCParticle
[ DEBUG7 "MyRemoveOverlay"] 		********** PFO AT INDEX 10 IS NOT OVERLAY **********
[ DEBUG8 "MyRemoveOverlay"] 
[ DEBUG8 "MyRemoveOverlay"] 		-------------------------------------------------------
[ DEBUG8 "MyRemoveOverlay"] 		Processing PFO at index 11
[ DEBUG5 "MyRemoveOverlay"] ------------------ ReconstructedParticle -----------------------------
[ DEBUG5 "MyRemoveOverlay"] Id                                                             0x24150
[ DEBUG5 "MyRemoveOverlay"] Compound                                                             0
[ DEBUG5 "MyRemoveOverlay"] Type                                                                11
[ DEBUG5 "MyRemoveOverlay"] Momentum (x,y,z)                       -7.29e-01, -3.74e+00, -2.09e+00
[ DEBUG5 "MyRemoveOverlay"] Mass [GeV]                                                    5.11e-04
[ DEBUG5 "MyRemoveOverlay"] Charge [e]                                                   -1.00e+00
[ DEBUG5 "MyRemoveOverlay"] Energy [GeV]                                                  4.35e+00
[ DEBUG5 "MyRemoveOverlay"] ReferencePoint                         -3.18e+00, -1.60e+01, -8.99e+00
[ DEBUG5 "MyRemoveOverlay"] ParticleIDUsed                                                       0
[ DEBUG5 "MyRemoveOverlay"] GoodnessOfPID                                                 0.00e+00
[ DEBUG5 "MyRemoveOverlay"] Covariance p,E:  9.44e-07, 1.48e-06, 8.71e-06, 8.21e-07, 4.49e-06, 
[ DEBUG5 "MyRemoveOverlay"]                  3.15e-06, -1.83e-06, -9.90e-06, -5.52e-06, 1.15e-05
[ DEBUG5 "MyRemoveOverlay"] Particles id:    
[ DEBUG5 "MyRemoveOverlay"] Tracks id:    [00023699]
[ DEBUG5 "MyRemoveOverlay"] Clusters id:  [00024036]
[ DEBUG5 "MyRemoveOverlay"] Particle ids ( [id], PDG, (type)): 
[ DEBUG5 "MyRemoveOverlay"]                  [00024151], 000321, (000000) 
[ DEBUG5 "MyRemoveOverlay"]                  [00024152], 000000, (000000) 
[ DEBUG5 "MyRemoveOverlay"]                  [00024153], 000000, (000000) 
[ DEBUG5 "MyRemoveOverlay"]                  [00024154], 000000, (000000) 
[ DEBUG5 "MyRemoveOverlay"]                  [00024155], 000000, (000000) 
[ DEBUG5 "MyRemoveOverlay"]                  [00024156], 000000, (000000) 
[ DEBUG5 "MyRemoveOverlay"]                  [00024157], 000011, (000000) 
[ DEBUG5 "MyRemoveOverlay"]                  [00024158], 000011, (000000) 
[ DEBUG5 "MyRemoveOverlay"]                  [00024159], 000321, (000000) 
[ DEBUG5 "MyRemoveOverlay"] 
[ DEBUG5 "MyRemoveOverlay"] 
[ DEBUG0 "MyRemoveOverlay"] 	MCParticle at index: 0 has PDG: -211 and MCParticle to Track link weight is 9.96e-01
[ DEBUG0 "MyRemoveOverlay"] 	MCParticle at index: 0 with PDG code: -211 has highest link weight to input track
[ DEBUG0 "MyRemoveOverlay"] 	Track at index: 0 has highest link weight to MCParticle = 9.75e-01
[ DEBUG0 "MyRemoveOverlay"] 	Track linked to MCParticle with highest weight
[ DEBUG6 "MyRemoveOverlay"] 		Found a linked MCParticle to track
[ DEBUG5 "MyRemoveOverlay"] ----------------------------- MCParticle -----------------------------
[ DEBUG5 "MyRemoveOverlay"] Id                                                               23023
[ DEBUG5 "MyRemoveOverlay"] PDG                                                               -211
[ DEBUG5 "MyRemoveOverlay"] Energy [GeV]                                                  4.36e+00
[ DEBUG5 "MyRemoveOverlay"] Momentum [GeV] (x,y,z)                   -0.727879, -3.74825, -2.09238
[ DEBUG5 "MyRemoveOverlay"] Momentum at Endpoint[GeV] (x,y,z)                                0, -0, -0
[ DEBUG5 "MyRemoveOverlay"] GeneratorStatus                                                      1
[ DEBUG5 "MyRemoveOverlay"] Vertex [mm] (x,y,z)                      -0.213942, -0.52481, -0.36802
[ DEBUG5 "MyRemoveOverlay"] Endpoint [mm] (x,y,z)                      117.924, -1836.89, -1020.39
[ DEBUG5 "MyRemoveOverlay"] Mass [GeV]                                                    1.40e-01
[ DEBUG5 "MyRemoveOverlay"] Charge                                                       -1.00e+00
[ DEBUG5 "MyRemoveOverlay"] Parents                                                              1
[ DEBUG5 "MyRemoveOverlay"] Daughters                                                            1
[ DEBUG5 "MyRemoveOverlay"] simulator status bits: [sbvtcls]  s: created in simulation b: backscatter v: vertex is not endpoint of parent t: decayed in tracker c: decayed in calorimeter l: has left detector s: stopped o: overlay
[ DEBUG5 "MyRemoveOverlay"] [    c s ]
[ DEBUG5 "MyRemoveOverlay"] 
[ DEBUG0 "MyRemoveOverlay"] 	MCParticle at index: 0 has PDG: -211 and MCParticle to Cluster link weight is 9.94e-01
[ DEBUG0 "MyRemoveOverlay"] 	MCParticle at index: 0 with PDG code: -211 has highest link weight to input cluster
[ DEBUG6 "MyRemoveOverlay"] 		Cluster is not linked to a MCParticle
[ DEBUG7 "MyRemoveOverlay"] 		********** PFO AT INDEX 11 IS NOT OVERLAY **********
[ DEBUG8 "MyRemoveOverlay"] 
[ DEBUG8 "MyRemoveOverlay"] 		-------------------------------------------------------
[ DEBUG8 "MyRemoveOverlay"] 		Processing PFO at index 12
[ DEBUG5 "MyRemoveOverlay"] ------------------ ReconstructedParticle -----------------------------
[ DEBUG5 "MyRemoveOverlay"] Id                                                             0x24160
[ DEBUG5 "MyRemoveOverlay"] Compound                                                             0
[ DEBUG5 "MyRemoveOverlay"] Type                                                              -211
[ DEBUG5 "MyRemoveOverlay"] Momentum (x,y,z)                       +6.48e-01, -2.22e-01, +5.27e-01
[ DEBUG5 "MyRemoveOverlay"] Mass [GeV]                                                    1.40e-01
[ DEBUG5 "MyRemoveOverlay"] Charge [e]                                                   -1.00e+00
[ DEBUG5 "MyRemoveOverlay"] Energy [GeV]                                                  8.76e-01
[ DEBUG5 "MyRemoveOverlay"] ReferencePoint                         +1.55e+02, -3.36e+01, +1.26e+02
[ DEBUG5 "MyRemoveOverlay"] ParticleIDUsed                                                       0
[ DEBUG5 "MyRemoveOverlay"] GoodnessOfPID                                                 0.00e+00
[ DEBUG5 "MyRemoveOverlay"] Covariance p,E:  2.62e-06, 1.14e-06, 4.28e-06, -2.10e-06, 4.06e-07, 
[ DEBUG5 "MyRemoveOverlay"]                  3.22e-06, 3.79e-07, 3.42e-09, 2.81e-07, 4.49e-07
[ DEBUG5 "MyRemoveOverlay"] Particles id:    
[ DEBUG5 "MyRemoveOverlay"] Tracks id:    [00023744]
[ DEBUG5 "MyRemoveOverlay"] Clusters id:  [00024037]
[ DEBUG5 "MyRemoveOverlay"] Particle ids ( [id], PDG, (type)): 
[ DEBUG5 "MyRemoveOverlay"]                  [00024161], 000211, (000000) 
[ DEBUG5 "MyRemoveOverlay"]                  [00024162], 000211, (000000) 
[ DEBUG5 "MyRemoveOverlay"]                  [00024163], 000000, (000000) 
[ DEBUG5 "MyRemoveOverlay"]                  [00024164], 000000, (000000) 
[ DEBUG5 "MyRemoveOverlay"]                  [00024165], 000000, (000000) 
[ DEBUG5 "MyRemoveOverlay"]                  [00024166], 000000, (000000) 
[ DEBUG5 "MyRemoveOverlay"]                  [00024167], 000011, (000000) 
[ DEBUG5 "MyRemoveOverlay"]                  [00024168], 000211, (000000) 
[ DEBUG5 "MyRemoveOverlay"]                  [00024169], 000211, (000000) 
[ DEBUG5 "MyRemoveOverlay"] 
[ DEBUG5 "MyRemoveOverlay"] 
[ DEBUG0 "MyRemoveOverlay"] 	MCParticle at index: 0 has PDG: -211 and MCParticle to Track link weight is 1.00e+00
[ DEBUG0 "MyRemoveOverlay"] 	MCParticle at index: 0 with PDG code: -211 has highest link weight to input track
[ DEBUG6 "MyRemoveOverlay"] 		Track is not linked to a MCParticle
[ DEBUG0 "MyRemoveOverlay"] 	MCParticle at index: 0 has PDG: -211 and MCParticle to Cluster link weight is 1.00e+00
[ DEBUG0 "MyRemoveOverlay"] 	MCParticle at index: 0 with PDG code: -211 has highest link weight to input cluster
[ DEBUG6 "MyRemoveOverlay"] 		Cluster is not linked to a MCParticle
[ DEBUG7 "MyRemoveOverlay"] 		********** PFO AT INDEX 12 IS NOT OVERLAY **********
[ DEBUG8 "MyRemoveOverlay"] 
[ DEBUG8 "MyRemoveOverlay"] 		-------------------------------------------------------
[ DEBUG8 "MyRemoveOverlay"] 		Processing PFO at index 13
[ DEBUG5 "MyRemoveOverlay"] ------------------ ReconstructedParticle -----------------------------
[ DEBUG5 "MyRemoveOverlay"] Id                                                             0x24170
[ DEBUG5 "MyRemoveOverlay"] Compound                                                             0
[ DEBUG5 "MyRemoveOverlay"] Type                                                               211
[ DEBUG5 "MyRemoveOverlay"] Momentum (x,y,z)                       -2.54e-01, -3.25e-01, +1.31e-01
[ DEBUG5 "MyRemoveOverlay"] Mass [GeV]                                                    1.40e-01
[ DEBUG5 "MyRemoveOverlay"] Charge [e]                                                    1.00e+00
[ DEBUG5 "MyRemoveOverlay"] Energy [GeV]                                                  4.54e-01
[ DEBUG5 "MyRemoveOverlay"] ReferencePoint                         -1.01e+01, -1.24e+01, +4.89e+00
[ DEBUG5 "MyRemoveOverlay"] ParticleIDUsed                                                       0
[ DEBUG5 "MyRemoveOverlay"] GoodnessOfPID                                                 0.00e+00
[ DEBUG5 "MyRemoveOverlay"] Covariance p,E:  4.22e-07, -1.13e-07, 3.33e-07, 4.82e-08, 5.83e-08, 
[ DEBUG5 "MyRemoveOverlay"]                  4.71e-07, -1.41e-07, -1.58e-07, 6.70e-08, 2.11e-07
[ DEBUG5 "MyRemoveOverlay"] Particles id:    
[ DEBUG5 "MyRemoveOverlay"] Tracks id:    [00023704]
[ DEBUG5 "MyRemoveOverlay"] Clusters id:  
[ DEBUG5 "MyRemoveOverlay"] Particle ids ( [id], PDG, (type)): 
[ DEBUG5 "MyRemoveOverlay"]                  [00024171], 000211, (000000) 
[ DEBUG5 "MyRemoveOverlay"]                  [00024172], 000211, (000000) 
[ DEBUG5 "MyRemoveOverlay"]                  [00024173], 000011, (000000) 
[ DEBUG5 "MyRemoveOverlay"]                  [00024174], 000011, (000000) 
[ DEBUG5 "MyRemoveOverlay"]                  [00024175], 000000, (000000) 
[ DEBUG5 "MyRemoveOverlay"] 
[ DEBUG5 "MyRemoveOverlay"] 
[ DEBUG0 "MyRemoveOverlay"] 	MCParticle at index: 0 has PDG: 211 and MCParticle to Track link weight is 1.00e+00
[ DEBUG0 "MyRemoveOverlay"] 	MCParticle at index: 0 with PDG code: 211 has highest link weight to input track
[ DEBUG6 "MyRemoveOverlay"] 		Track is not linked to a MCParticle
[ DEBUG7 "MyRemoveOverlay"] 		********** PFO AT INDEX 13 IS NOT OVERLAY **********
[ DEBUG8 "MyRemoveOverlay"] 
[ DEBUG8 "MyRemoveOverlay"] 		-------------------------------------------------------
[ DEBUG8 "MyRemoveOverlay"] 		Processing PFO at index 14
[ DEBUG5 "MyRemoveOverlay"] ------------------ ReconstructedParticle -----------------------------
[ DEBUG5 "MyRemoveOverlay"] Id                                                             0x24176
[ DEBUG5 "MyRemoveOverlay"] Compound                                                             0
[ DEBUG5 "MyRemoveOverlay"] Type                                                              -211
[ DEBUG5 "MyRemoveOverlay"] Momentum (x,y,z)                       -1.07e-01, +7.18e-02, +5.40e-02
[ DEBUG5 "MyRemoveOverlay"] Mass [GeV]                                                    1.40e-01
[ DEBUG5 "MyRemoveOverlay"] Charge [e]                                                   -1.00e+00
[ DEBUG5 "MyRemoveOverlay"] Energy [GeV]                                                  1.98e-01
[ DEBUG5 "MyRemoveOverlay"] ReferencePoint                         -1.42e+01, +8.14e+00, +6.72e+00
[ DEBUG5 "MyRemoveOverlay"] ParticleIDUsed                                                       0
[ DEBUG5 "MyRemoveOverlay"] GoodnessOfPID                                                 0.00e+00
[ DEBUG5 "MyRemoveOverlay"] Covariance p,E:  1.09e-05, -4.62e-06, 2.81e-06, -4.59e-06, 2.13e-06, 
[ DEBUG5 "MyRemoveOverlay"]                  2.82e-06, -8.83e-06, 4.11e-06, 4.04e-06, 7.38e-06
[ DEBUG5 "MyRemoveOverlay"] Particles id:    
[ DEBUG5 "MyRemoveOverlay"] Tracks id:    [00023774]
[ DEBUG5 "MyRemoveOverlay"] Clusters id:  
[ DEBUG5 "MyRemoveOverlay"] Particle ids ( [id], PDG, (type)): 
[ DEBUG5 "MyRemoveOverlay"]                  [00024177], 000011, (000000) 
[ DEBUG5 "MyRemoveOverlay"]                  [00024178], 000011, (000000) 
[ DEBUG5 "MyRemoveOverlay"]                  [00024179], 000011, (000000) 
[ DEBUG5 "MyRemoveOverlay"]                  [00024180], 000011, (000000) 
[ DEBUG5 "MyRemoveOverlay"]                  [00024181], 000000, (000000) 
[ DEBUG5 "MyRemoveOverlay"] 
[ DEBUG5 "MyRemoveOverlay"] 
[ DEBUG0 "MyRemoveOverlay"] 	MCParticle at index: 0 has PDG: 11 and MCParticle to Track link weight is 1.00e+00
[ DEBUG0 "MyRemoveOverlay"] 	MCParticle at index: 0 with PDG code: 11 has highest link weight to input track
[ DEBUG6 "MyRemoveOverlay"] 		Track is not linked to a MCParticle
[ DEBUG7 "MyRemoveOverlay"] 		********** PFO AT INDEX 14 IS NOT OVERLAY **********
[ DEBUG8 "MyRemoveOverlay"] 
[ DEBUG8 "MyRemoveOverlay"] 		-------------------------------------------------------
[ DEBUG8 "MyRemoveOverlay"] 		Processing PFO at index 15
[ DEBUG5 "MyRemoveOverlay"] ------------------ ReconstructedParticle -----------------------------
[ DEBUG5 "MyRemoveOverlay"] Id                                                             0x24182
[ DEBUG5 "MyRemoveOverlay"] Compound                                                             0
[ DEBUG5 "MyRemoveOverlay"] Type                                                              2112
[ DEBUG5 "MyRemoveOverlay"] Momentum (x,y,z)                       +1.30e-01, -9.09e-03, -2.35e+00
[ DEBUG5 "MyRemoveOverlay"] Mass [GeV]                                                    9.40e-01
[ DEBUG5 "MyRemoveOverlay"] Charge [e]                                                    0.00e+00
[ DEBUG5 "MyRemoveOverlay"] Energy [GeV]                                                  2.35e+00
[ DEBUG5 "MyRemoveOverlay"] ReferencePoint                         +1.35e+02, -9.44e+00, -2.44e+03
[ DEBUG5 "MyRemoveOverlay"] ParticleIDUsed                                                       0
[ DEBUG5 "MyRemoveOverlay"] GoodnessOfPID                                                 0.00e+00
[ DEBUG5 "MyRemoveOverlay"] Covariance p,E:  3.03e-03, -1.83e-04, 2.20e-04, -5.45e-02, 3.81e-03, 
[ DEBUG5 "MyRemoveOverlay"]                  9.85e-01, 5.06e-02, -3.54e-03, -9.16e-01, 8.52e-01
[ DEBUG5 "MyRemoveOverlay"] Particles id:    
[ DEBUG5 "MyRemoveOverlay"] Tracks id:    
[ DEBUG5 "MyRemoveOverlay"] Clusters id:  [00024038]
[ DEBUG5 "MyRemoveOverlay"] Particle ids ( [id], PDG, (type)): 
[ DEBUG5 "MyRemoveOverlay"] 
[ DEBUG5 "MyRemoveOverlay"] 
[ DEBUG6 "MyRemoveOverlay"] 		Cluster is not linked to a MCParticle
[ DEBUG7 "MyRemoveOverlay"] 		********** PFO AT INDEX 15 IS NOT OVERLAY **********
[ DEBUG8 "MyRemoveOverlay"] 
[ DEBUG8 "MyRemoveOverlay"] 		-------------------------------------------------------
[ DEBUG8 "MyRemoveOverlay"] 		Processing PFO at index 16
[ DEBUG5 "MyRemoveOverlay"] ------------------ ReconstructedParticle -----------------------------
[ DEBUG5 "MyRemoveOverlay"] Id                                                             0x24183
[ DEBUG5 "MyRemoveOverlay"] Compound                                                             0
[ DEBUG5 "MyRemoveOverlay"] Type                                                                22
[ DEBUG5 "MyRemoveOverlay"] Momentum (x,y,z)                       -1.40e-01, +5.70e-01, -1.80e+00
[ DEBUG5 "MyRemoveOverlay"] Mass [GeV]                                                    0.00e+00
[ DEBUG5 "MyRemoveOverlay"] Charge [e]                                                    0.00e+00
[ DEBUG5 "MyRemoveOverlay"] Energy [GeV]                                                  1.90e+00
[ DEBUG5 "MyRemoveOverlay"] ReferencePoint                         -1.92e+02, +7.82e+02, -2.47e+03
[ DEBUG5 "MyRemoveOverlay"] ParticleIDUsed                                                       0
[ DEBUG5 "MyRemoveOverlay"] GoodnessOfPID                                                 0.00e+00
[ DEBUG5 "MyRemoveOverlay"] Covariance p,E:  2.99e-04, -1.21e-03, 4.95e-03, 3.84e-03, -1.57e-02, 
[ DEBUG5 "MyRemoveOverlay"]                  4.95e-02, -4.03e-03, 1.65e-02, -5.21e-02, 5.48e-02
[ DEBUG5 "MyRemoveOverlay"] Particles id:    
[ DEBUG5 "MyRemoveOverlay"] Tracks id:    
[ DEBUG5 "MyRemoveOverlay"] Clusters id:  [00024039]
[ DEBUG5 "MyRemoveOverlay"] Particle ids ( [id], PDG, (type)): 
[ DEBUG5 "MyRemoveOverlay"]                  [00024184], 000000, (000000) 
[ DEBUG5 "MyRemoveOverlay"]                  [00024185], 000000, (000000) 
[ DEBUG5 "MyRemoveOverlay"]                  [00024186], 000000, (000000) 
[ DEBUG5 "MyRemoveOverlay"]                  [00024187], 000000, (000000) 
[ DEBUG5 "MyRemoveOverlay"] 
[ DEBUG5 "MyRemoveOverlay"] 
[ DEBUG0 "MyRemoveOverlay"] 	MCParticle at index: 1 has PDG: 22 and MCParticle to Cluster link weight is 9.35e-01
[ DEBUG0 "MyRemoveOverlay"] 	MCParticle at index: 1 with PDG code: 22 has highest link weight to input cluster
[ DEBUG0 "MyRemoveOverlay"] 	Cluster at index: 0 has highest link weight to MCParticle = 9.96e-01
[ DEBUG0 "MyRemoveOverlay"] 	Cluster linked to MCParticle with highest weight
[ DEBUG6 "MyRemoveOverlay"] 		Found a linked MCParticle to cluster
[ DEBUG5 "MyRemoveOverlay"] ----------------------------- MCParticle -----------------------------
[ DEBUG5 "MyRemoveOverlay"] Id                                                               23055
[ DEBUG5 "MyRemoveOverlay"] PDG                                                                 22
[ DEBUG5 "MyRemoveOverlay"] Energy [GeV]                                                  1.80e+00
[ DEBUG5 "MyRemoveOverlay"] Momentum [GeV] (x,y,z)                    -0.134506, 0.541776, -1.7128
[ DEBUG5 "MyRemoveOverlay"] Momentum at Endpoint[GeV] (x,y,z)                                -0, 0, -0
[ DEBUG5 "MyRemoveOverlay"] GeneratorStatus                                                      1
[ DEBUG5 "MyRemoveOverlay"] Vertex [mm] (x,y,z)                -7.43089e-07, 2.9935e-06, -0.045411
[ DEBUG5 "MyRemoveOverlay"] Endpoint [mm] (x,y,z)                      -189.475, 763.188, -2412.83
[ DEBUG5 "MyRemoveOverlay"] Mass [GeV]                                                   -2.11e-08
[ DEBUG5 "MyRemoveOverlay"] Charge                                                        0.00e+00
[ DEBUG5 "MyRemoveOverlay"] Parents                                                              1
[ DEBUG5 "MyRemoveOverlay"] Daughters                                                            0
[ DEBUG5 "MyRemoveOverlay"] simulator status bits: [sbvtcls]  s: created in simulation b: backscatter v: vertex is not endpoint of parent t: decayed in tracker c: decayed in calorimeter l: has left detector s: stopped o: overlay
[ DEBUG5 "MyRemoveOverlay"] [    c s ]
[ DEBUG5 "MyRemoveOverlay"] 
[ DEBUG7 "MyRemoveOverlay"] 		********** PFO AT INDEX 16 IS NOT OVERLAY **********
[ DEBUG8 "MyRemoveOverlay"] 
[ DEBUG8 "MyRemoveOverlay"] 		-------------------------------------------------------
[ DEBUG8 "MyRemoveOverlay"] 		Processing PFO at index 17
[ DEBUG5 "MyRemoveOverlay"] ------------------ ReconstructedParticle -----------------------------
[ DEBUG5 "MyRemoveOverlay"] Id                                                             0x24188
[ DEBUG5 "MyRemoveOverlay"] Compound                                                             0
[ DEBUG5 "MyRemoveOverlay"] Type                                                                22
[ DEBUG5 "MyRemoveOverlay"] Momentum (x,y,z)                       +5.31e-01, +7.40e-01, -8.19e-01
[ DEBUG5 "MyRemoveOverlay"] Mass [GeV]                                                    0.00e+00
[ DEBUG5 "MyRemoveOverlay"] Charge [e]                                                    0.00e+00
[ DEBUG5 "MyRemoveOverlay"] Energy [GeV]                                                  1.23e+00
[ DEBUG5 "MyRemoveOverlay"] ReferencePoint                         +1.09e+03, +1.52e+03, -1.68e+03
[ DEBUG5 "MyRemoveOverlay"] ParticleIDUsed                                                       0
[ DEBUG5 "MyRemoveOverlay"] GoodnessOfPID                                                 0.00e+00
[ DEBUG5 "MyRemoveOverlay"] Covariance p,E:  6.61e-03, 9.20e-03, 1.28e-02, -1.02e-02, -1.42e-02, 
[ DEBUG5 "MyRemoveOverlay"]                  1.57e-02, 1.52e-02, 2.12e-02, -2.35e-02, 3.51e-02
[ DEBUG5 "MyRemoveOverlay"] Particles id:    
[ DEBUG5 "MyRemoveOverlay"] Tracks id:    
[ DEBUG5 "MyRemoveOverlay"] Clusters id:  [00024040]
[ DEBUG5 "MyRemoveOverlay"] Particle ids ( [id], PDG, (type)): 
[ DEBUG5 "MyRemoveOverlay"]                  [00024189], 000000, (000000) 
[ DEBUG5 "MyRemoveOverlay"]                  [00024190], 000000, (000000) 
[ DEBUG5 "MyRemoveOverlay"]                  [00024191], 000000, (000000) 
[ DEBUG5 "MyRemoveOverlay"]                  [00024192], 000000, (000000) 
[ DEBUG5 "MyRemoveOverlay"] 
[ DEBUG5 "MyRemoveOverlay"] 
[ DEBUG0 "MyRemoveOverlay"] 	MCParticle at index: 0 has PDG: 22 and MCParticle to Cluster link weight is 1.00e+00
[ DEBUG0 "MyRemoveOverlay"] 	MCParticle at index: 0 with PDG code: 22 has highest link weight to input cluster
[ DEBUG0 "MyRemoveOverlay"] 	Cluster at index: 0 has highest link weight to MCParticle = 9.93e-01
[ DEBUG0 "MyRemoveOverlay"] 	Cluster linked to MCParticle with highest weight
[ DEBUG6 "MyRemoveOverlay"] 		Found a linked MCParticle to cluster
[ DEBUG5 "MyRemoveOverlay"] ----------------------------- MCParticle -----------------------------
[ DEBUG5 "MyRemoveOverlay"] Id                                                               23057
[ DEBUG5 "MyRemoveOverlay"] PDG                                                                 22
[ DEBUG5 "MyRemoveOverlay"] Energy [GeV]                                                  1.24e+00
[ DEBUG5 "MyRemoveOverlay"] Momentum [GeV] (x,y,z)                   0.535643, 0.747308, -0.825268
[ DEBUG5 "MyRemoveOverlay"] Momentum at Endpoint[GeV] (x,y,z)                                 0, 0, -0
[ DEBUG5 "MyRemoveOverlay"] GeneratorStatus                                                      1
[ DEBUG5 "MyRemoveOverlay"] Vertex [mm] (x,y,z)               0.000411176, 0.000503418, -0.0459561
[ DEBUG5 "MyRemoveOverlay"] Endpoint [mm] (x,y,z)                        1066.56, 1488.02, -1643.3
[ DEBUG5 "MyRemoveOverlay"] Mass [GeV]                                                    3.33e-08
[ DEBUG5 "MyRemoveOverlay"] Charge                                                        0.00e+00
[ DEBUG5 "MyRemoveOverlay"] Parents                                                              1
[ DEBUG5 "MyRemoveOverlay"] Daughters                                                            0
[ DEBUG5 "MyRemoveOverlay"] simulator status bits: [sbvtcls]  s: created in simulation b: backscatter v: vertex is not endpoint of parent t: decayed in tracker c: decayed in calorimeter l: has left detector s: stopped o: overlay
[ DEBUG5 "MyRemoveOverlay"] [    c s ]
[ DEBUG5 "MyRemoveOverlay"] 
[ DEBUG7 "MyRemoveOverlay"] 		********** PFO AT INDEX 17 IS NOT OVERLAY **********
[ DEBUG8 "MyRemoveOverlay"] 
[ DEBUG8 "MyRemoveOverlay"] 		-------------------------------------------------------
[ DEBUG8 "MyRemoveOverlay"] 		Processing PFO at index 18
[ DEBUG5 "MyRemoveOverlay"] ------------------ ReconstructedParticle -----------------------------
[ DEBUG5 "MyRemoveOverlay"] Id                                                             0x24193
[ DEBUG5 "MyRemoveOverlay"] Compound                                                             0
[ DEBUG5 "MyRemoveOverlay"] Type                                                              2112
[ DEBUG5 "MyRemoveOverlay"] Momentum (x,y,z)                       +2.81e+00, +1.27e+00, -1.83e+00
[ DEBUG5 "MyRemoveOverlay"] Mass [GeV]                                                    9.40e-01
[ DEBUG5 "MyRemoveOverlay"] Charge [e]                                                    0.00e+00
[ DEBUG5 "MyRemoveOverlay"] Energy [GeV]                                                  3.58e+00
[ DEBUG5 "MyRemoveOverlay"] ReferencePoint                         +1.82e+03, +8.24e+02, -1.18e+03
[ DEBUG5 "MyRemoveOverlay"] ParticleIDUsed                                                       0
[ DEBUG5 "MyRemoveOverlay"] GoodnessOfPID                                                 0.00e+00
[ DEBUG5 "MyRemoveOverlay"] Covariance p,E:  8.55e-01, 3.86e-01, 1.75e-01, -5.56e-01, -2.51e-01, 
[ DEBUG5 "MyRemoveOverlay"]                  3.61e-01, 1.05e+00, 4.77e-01, -6.86e-01, 1.30e+00
[ DEBUG5 "MyRemoveOverlay"] Particles id:    
[ DEBUG5 "MyRemoveOverlay"] Tracks id:    
[ DEBUG5 "MyRemoveOverlay"] Clusters id:  [00024041]
[ DEBUG5 "MyRemoveOverlay"] Particle ids ( [id], PDG, (type)): 
[ DEBUG5 "MyRemoveOverlay"]                  [00024194], 000000, (000000) 
[ DEBUG5 "MyRemoveOverlay"]                  [00024195], 000000, (000000) 
[ DEBUG5 "MyRemoveOverlay"]                  [00024196], 000000, (000000) 
[ DEBUG5 "MyRemoveOverlay"]                  [00024197], 000000, (000000) 
[ DEBUG5 "MyRemoveOverlay"] 
[ DEBUG5 "MyRemoveOverlay"] 
[ DEBUG0 "MyRemoveOverlay"] 	MCParticle at index: 0 has PDG: -2112 and MCParticle to Cluster link weight is 9.96e-01
[ DEBUG0 "MyRemoveOverlay"] 	MCParticle at index: 0 with PDG code: -2112 has highest link weight to input cluster
[ DEBUG6 "MyRemoveOverlay"] 		Cluster is not linked to a MCParticle
[ DEBUG7 "MyRemoveOverlay"] 		********** PFO AT INDEX 18 IS NOT OVERLAY **********
[ DEBUG8 "MyRemoveOverlay"] 
[ DEBUG8 "MyRemoveOverlay"] 		-------------------------------------------------------
[ DEBUG8 "MyRemoveOverlay"] 		Processing PFO at index 19
[ DEBUG5 "MyRemoveOverlay"] ------------------ ReconstructedParticle -----------------------------
[ DEBUG5 "MyRemoveOverlay"] Id                                                             0x24198
[ DEBUG5 "MyRemoveOverlay"] Compound                                                             0
[ DEBUG5 "MyRemoveOverlay"] Type                                                                22
[ DEBUG5 "MyRemoveOverlay"] Momentum (x,y,z)                       -2.12e-01, +3.13e-03, -4.58e-02
[ DEBUG5 "MyRemoveOverlay"] Mass [GeV]                                                    0.00e+00
[ DEBUG5 "MyRemoveOverlay"] Charge [e]                                                    0.00e+00
[ DEBUG5 "MyRemoveOverlay"] Energy [GeV]                                                  2.17e-01
[ DEBUG5 "MyRemoveOverlay"] ReferencePoint                         -1.84e+03, +2.73e+01, -4.00e+02
[ DEBUG5 "MyRemoveOverlay"] ParticleIDUsed                                                       0
[ DEBUG5 "MyRemoveOverlay"] GoodnessOfPID                                                 0.00e+00
[ DEBUG5 "MyRemoveOverlay"] Covariance p,E:  5.84e-03, -8.63e-05, 5.06e-06, 1.27e-03, -1.87e-05, 
[ DEBUG5 "MyRemoveOverlay"]                  2.74e-04, -5.98e-03, 8.84e-05, -1.30e-03, 6.12e-03
[ DEBUG5 "MyRemoveOverlay"] Particles id:    
[ DEBUG5 "MyRemoveOverlay"] Tracks id:    
[ DEBUG5 "MyRemoveOverlay"] Clusters id:  [00024042]
[ DEBUG5 "MyRemoveOverlay"] Particle ids ( [id], PDG, (type)): 
[ DEBUG5 "MyRemoveOverlay"]                  [00024199], 000000, (000000) 
[ DEBUG5 "MyRemoveOverlay"]                  [00024200], 000000, (000000) 
[ DEBUG5 "MyRemoveOverlay"]                  [00024201], 000000, (000000) 
[ DEBUG5 "MyRemoveOverlay"]                  [00024202], 000000, (000000) 
[ DEBUG5 "MyRemoveOverlay"] 
[ DEBUG5 "MyRemoveOverlay"] 
[ DEBUG0 "MyRemoveOverlay"] 	MCParticle at index: 0 has PDG: 22 and MCParticle to Cluster link weight is 1.00e+00
[ DEBUG0 "MyRemoveOverlay"] 	MCParticle at index: 0 with PDG code: 22 has highest link weight to input cluster
[ DEBUG0 "MyRemoveOverlay"] 	Cluster at index: 0 has highest link weight to MCParticle = 1.00e+00
[ DEBUG0 "MyRemoveOverlay"] 	Cluster linked to MCParticle with highest weight
[ DEBUG6 "MyRemoveOverlay"] 		Found a linked MCParticle to cluster
[ DEBUG5 "MyRemoveOverlay"] ----------------------------- MCParticle -----------------------------
[ DEBUG5 "MyRemoveOverlay"] Id                                                               23122
[ DEBUG5 "MyRemoveOverlay"] PDG                                                                 22
[ DEBUG5 "MyRemoveOverlay"] Energy [GeV]                                                  1.77e-01
[ DEBUG5 "MyRemoveOverlay"] Momentum [GeV] (x,y,z)               -0.173338, -0.0231992, -0.0261882
[ DEBUG5 "MyRemoveOverlay"] Momentum at Endpoint[GeV] (x,y,z)                               -0, -0, -0
[ DEBUG5 "MyRemoveOverlay"] GeneratorStatus                                                      0
[ DEBUG5 "MyRemoveOverlay"] Vertex [mm] (x,y,z)                         147.535, 262.362, -99.1638
[ DEBUG5 "MyRemoveOverlay"] Endpoint [mm] (x,y,z)                     -1807.51, 0.702316, -394.535
[ DEBUG5 "MyRemoveOverlay"] Mass [GeV]                                                    0.00e+00
[ DEBUG5 "MyRemoveOverlay"] Charge                                                        0.00e+00
[ DEBUG5 "MyRemoveOverlay"] Parents                                                              1
[ DEBUG5 "MyRemoveOverlay"] Daughters                                                            0
[ DEBUG5 "MyRemoveOverlay"] simulator status bits: [sbvtcls]  s: created in simulation b: backscatter v: vertex is not endpoint of parent t: decayed in tracker c: decayed in calorimeter l: has left detector s: stopped o: overlay
[ DEBUG5 "MyRemoveOverlay"] [s   c s ]
[ DEBUG5 "MyRemoveOverlay"] 
[ DEBUG7 "MyRemoveOverlay"] 		********** PFO AT INDEX 19 IS NOT OVERLAY **********
[ DEBUG8 "MyRemoveOverlay"] 
[ DEBUG8 "MyRemoveOverlay"] 		-------------------------------------------------------
[ DEBUG8 "MyRemoveOverlay"] 		Processing PFO at index 20
[ DEBUG5 "MyRemoveOverlay"] ------------------ ReconstructedParticle -----------------------------
[ DEBUG5 "MyRemoveOverlay"] Id                                                             0x24203
[ DEBUG5 "MyRemoveOverlay"] Compound                                                             0
[ DEBUG5 "MyRemoveOverlay"] Type                                                                22
[ DEBUG5 "MyRemoveOverlay"] Momentum (x,y,z)                       +1.62e-01, -2.53e-01, -3.25e-01
[ DEBUG5 "MyRemoveOverlay"] Mass [GeV]                                                    0.00e+00
[ DEBUG5 "MyRemoveOverlay"] Charge [e]                                                    0.00e+00
[ DEBUG5 "MyRemoveOverlay"] Energy [GeV]                                                  4.43e-01
[ DEBUG5 "MyRemoveOverlay"] ReferencePoint                         +1.02e+03, -1.59e+03, -2.05e+03
[ DEBUG5 "MyRemoveOverlay"] ParticleIDUsed                                                       0
[ DEBUG5 "MyRemoveOverlay"] GoodnessOfPID                                                 0.00e+00
[ DEBUG5 "MyRemoveOverlay"] Covariance p,E:  1.69e-03, -2.64e-03, 4.10e-03, -3.39e-03, 5.28e-03, 
[ DEBUG5 "MyRemoveOverlay"]                  6.78e-03, 4.62e-03, -7.19e-03, -9.24e-03, 1.26e-02
[ DEBUG5 "MyRemoveOverlay"] Particles id:    
[ DEBUG5 "MyRemoveOverlay"] Tracks id:    
[ DEBUG5 "MyRemoveOverlay"] Clusters id:  [00024043]
[ DEBUG5 "MyRemoveOverlay"] Particle ids ( [id], PDG, (type)): 
[ DEBUG5 "MyRemoveOverlay"]                  [00024204], 000000, (000000) 
[ DEBUG5 "MyRemoveOverlay"]                  [00024205], 000000, (000000) 
[ DEBUG5 "MyRemoveOverlay"]                  [00024206], 000000, (000000) 
[ DEBUG5 "MyRemoveOverlay"]                  [00024207], 000000, (000000) 
[ DEBUG5 "MyRemoveOverlay"] 
[ DEBUG5 "MyRemoveOverlay"] 
[ DEBUG0 "MyRemoveOverlay"] 	MCParticle at index: 0 has PDG: 22 and MCParticle to Cluster link weight is 1.00e+00
[ DEBUG0 "MyRemoveOverlay"] 	MCParticle at index: 0 with PDG code: 22 has highest link weight to input cluster
[ DEBUG0 "MyRemoveOverlay"] 	Cluster at index: 0 has highest link weight to MCParticle = 1.00e+00
[ DEBUG0 "MyRemoveOverlay"] 	Cluster linked to MCParticle with highest weight
[ DEBUG6 "MyRemoveOverlay"] 		Found a linked MCParticle to cluster
[ DEBUG5 "MyRemoveOverlay"] ----------------------------- MCParticle -----------------------------
[ DEBUG5 "MyRemoveOverlay"] Id                                                               23095
[ DEBUG5 "MyRemoveOverlay"] PDG                                                                 22
[ DEBUG5 "MyRemoveOverlay"] Energy [GeV]                                                  5.89e-01
[ DEBUG5 "MyRemoveOverlay"] Momentum [GeV] (x,y,z)                   0.22667, -0.360651, -0.406256
[ DEBUG5 "MyRemoveOverlay"] Momentum at Endpoint[GeV] (x,y,z)                                0, -0, -0
[ DEBUG5 "MyRemoveOverlay"] GeneratorStatus                                                      0
[ DEBUG5 "MyRemoveOverlay"] Vertex [mm] (x,y,z)                         9.01862, 23.8498, -230.768
[ DEBUG5 "MyRemoveOverlay"] Endpoint [mm] (x,y,z)                      1008.19, -1565.91, -2021.56
[ DEBUG5 "MyRemoveOverlay"] Mass [GeV]                                                    0.00e+00
[ DEBUG5 "MyRemoveOverlay"] Charge                                                        0.00e+00
[ DEBUG5 "MyRemoveOverlay"] Parents                                                              1
[ DEBUG5 "MyRemoveOverlay"] Daughters                                                            0
[ DEBUG5 "MyRemoveOverlay"] simulator status bits: [sbvtcls]  s: created in simulation b: backscatter v: vertex is not endpoint of parent t: decayed in tracker c: decayed in calorimeter l: has left detector s: stopped o: overlay
[ DEBUG5 "MyRemoveOverlay"] [s   c s ]
[ DEBUG5 "MyRemoveOverlay"] 
[ DEBUG7 "MyRemoveOverlay"] 		********** PFO AT INDEX 20 IS NOT OVERLAY **********
[ DEBUG8 "MyRemoveOverlay"] 
[ DEBUG8 "MyRemoveOverlay"] 		-------------------------------------------------------
[ DEBUG8 "MyRemoveOverlay"] 		Processing PFO at index 21
[ DEBUG5 "MyRemoveOverlay"] ------------------ ReconstructedParticle -----------------------------
[ DEBUG5 "MyRemoveOverlay"] Id                                                             0x24208
[ DEBUG5 "MyRemoveOverlay"] Compound                                                             0
[ DEBUG5 "MyRemoveOverlay"] Type                                                              2112
[ DEBUG5 "MyRemoveOverlay"] Momentum (x,y,z)                       +1.06e+00, +1.18e+00, -1.29e+00
[ DEBUG5 "MyRemoveOverlay"] Mass [GeV]                                                    9.40e-01
[ DEBUG5 "MyRemoveOverlay"] Charge [e]                                                    0.00e+00
[ DEBUG5 "MyRemoveOverlay"] Energy [GeV]                                                  2.05e+00
[ DEBUG5 "MyRemoveOverlay"] ReferencePoint                         +1.26e+03, +1.40e+03, -1.53e+03
[ DEBUG5 "MyRemoveOverlay"] ParticleIDUsed                                                       0
[ DEBUG5 "MyRemoveOverlay"] GoodnessOfPID                                                 0.00e+00
[ DEBUG5 "MyRemoveOverlay"] Covariance p,E:  2.41e-01, 2.68e-01, 2.99e-01, -2.93e-01, -3.27e-01, 
[ DEBUG5 "MyRemoveOverlay"]                  3.57e-01, 4.22e-01, 4.71e-01, -5.14e-01, 7.41e-01
[ DEBUG5 "MyRemoveOverlay"] Particles id:    
[ DEBUG5 "MyRemoveOverlay"] Tracks id:    
[ DEBUG5 "MyRemoveOverlay"] Clusters id:  [00024044]
[ DEBUG5 "MyRemoveOverlay"] Particle ids ( [id], PDG, (type)): 
[ DEBUG5 "MyRemoveOverlay"]                  [00024209], 000000, (000000) 
[ DEBUG5 "MyRemoveOverlay"]                  [00024210], 000000, (000000) 
[ DEBUG5 "MyRemoveOverlay"]                  [00024211], 000000, (000000) 
[ DEBUG5 "MyRemoveOverlay"]                  [00024212], 000000, (000000) 
[ DEBUG5 "MyRemoveOverlay"] 
[ DEBUG5 "MyRemoveOverlay"] 
[ DEBUG0 "MyRemoveOverlay"] 	MCParticle at index: 0 has PDG: 22 and MCParticle to Cluster link weight is 1.00e+00
[ DEBUG0 "MyRemoveOverlay"] 	MCParticle at index: 0 with PDG code: 22 has highest link weight to input cluster
[ DEBUG0 "MyRemoveOverlay"] 	Cluster at index: 0 has highest link weight to MCParticle = 9.96e-01
[ DEBUG0 "MyRemoveOverlay"] 	Cluster linked to MCParticle with highest weight
[ DEBUG6 "MyRemoveOverlay"] 		Found a linked MCParticle to cluster
[ DEBUG5 "MyRemoveOverlay"] ----------------------------- MCParticle -----------------------------
[ DEBUG5 "MyRemoveOverlay"] Id                                                               23058
[ DEBUG5 "MyRemoveOverlay"] PDG                                                                 22
[ DEBUG5 "MyRemoveOverlay"] Energy [GeV]                                                  1.63e+00
[ DEBUG5 "MyRemoveOverlay"] Momentum [GeV] (x,y,z)                    0.841601, 0.938904, -1.02854
[ DEBUG5 "MyRemoveOverlay"] Momentum at Endpoint[GeV] (x,y,z)                                 0, 0, -0
[ DEBUG5 "MyRemoveOverlay"] GeneratorStatus                                                      1
[ DEBUG5 "MyRemoveOverlay"] Vertex [mm] (x,y,z)               0.000411176, 0.000503418, -0.0459561
[ DEBUG5 "MyRemoveOverlay"] Endpoint [mm] (x,y,z)                       1216.77, 1357.45, -1487.09
[ DEBUG5 "MyRemoveOverlay"] Mass [GeV]                                                    2.11e-08
[ DEBUG5 "MyRemoveOverlay"] Charge                                                        0.00e+00
[ DEBUG5 "MyRemoveOverlay"] Parents                                                              1
[ DEBUG5 "MyRemoveOverlay"] Daughters                                                            0
[ DEBUG5 "MyRemoveOverlay"] simulator status bits: [sbvtcls]  s: created in simulation b: backscatter v: vertex is not endpoint of parent t: decayed in tracker c: decayed in calorimeter l: has left detector s: stopped o: overlay
[ DEBUG5 "MyRemoveOverlay"] [    c s ]
[ DEBUG5 "MyRemoveOverlay"] 
[ DEBUG7 "MyRemoveOverlay"] 		********** PFO AT INDEX 21 IS NOT OVERLAY **********
[ DEBUG8 "MyRemoveOverlay"] 
[ DEBUG8 "MyRemoveOverlay"] 		-------------------------------------------------------
[ DEBUG8 "MyRemoveOverlay"] 		Processing PFO at index 22
[ DEBUG5 "MyRemoveOverlay"] ------------------ ReconstructedParticle -----------------------------
[ DEBUG5 "MyRemoveOverlay"] Id                                                             0x24213
[ DEBUG5 "MyRemoveOverlay"] Compound                                                             0
[ DEBUG5 "MyRemoveOverlay"] Type                                                                22
[ DEBUG5 "MyRemoveOverlay"] Momentum (x,y,z)                       +1.39e-02, +2.65e-01, -5.66e-01
[ DEBUG5 "MyRemoveOverlay"] Mass [GeV]                                                    0.00e+00
[ DEBUG5 "MyRemoveOverlay"] Charge [e]                                                    0.00e+00
[ DEBUG5 "MyRemoveOverlay"] Energy [GeV]                                                  6.25e-01
[ DEBUG5 "MyRemoveOverlay"] ReferencePoint                         +6.11e+01, +1.16e+03, -2.49e+03
[ DEBUG5 "MyRemoveOverlay"] ParticleIDUsed                                                       0
[ DEBUG5 "MyRemoveOverlay"] GoodnessOfPID                                                 0.00e+00
[ DEBUG5 "MyRemoveOverlay"] Covariance p,E:  9.32e-06, 1.69e-04, 3.20e-03, -3.59e-04, -6.84e-03, 
[ DEBUG5 "MyRemoveOverlay"]                  1.46e-02, 3.97e-04, 7.56e-03, -1.62e-02, 1.79e-02
[ DEBUG5 "MyRemoveOverlay"] Particles id:    
[ DEBUG5 "MyRemoveOverlay"] Tracks id:    
[ DEBUG5 "MyRemoveOverlay"] Clusters id:  [00024045]
[ DEBUG5 "MyRemoveOverlay"] Particle ids ( [id], PDG, (type)): 
[ DEBUG5 "MyRemoveOverlay"]                  [00024214], 000000, (000000) 
[ DEBUG5 "MyRemoveOverlay"]                  [00024215], 000000, (000000) 
[ DEBUG5 "MyRemoveOverlay"]                  [00024216], 000000, (000000) 
[ DEBUG5 "MyRemoveOverlay"]                  [00024217], 000000, (000000) 
[ DEBUG5 "MyRemoveOverlay"] 
[ DEBUG5 "MyRemoveOverlay"] 
[ DEBUG0 "MyRemoveOverlay"] 	MCParticle at index: 1 has PDG: 22 and MCParticle to Cluster link weight is 9.68e-01
[ DEBUG0 "MyRemoveOverlay"] 	MCParticle at index: 1 with PDG code: 22 has highest link weight to input cluster
[ DEBUG0 "MyRemoveOverlay"] 	Cluster at index: 1 has highest link weight to MCParticle = 9.59e-01
[ DEBUG0 "MyRemoveOverlay"] 	Cluster linked to MCParticle with highest weight
[ DEBUG6 "MyRemoveOverlay"] 		Found a linked MCParticle to cluster
[ DEBUG5 "MyRemoveOverlay"] ----------------------------- MCParticle -----------------------------
[ DEBUG5 "MyRemoveOverlay"] Id                                                               23091
[ DEBUG5 "MyRemoveOverlay"] PDG                                                                 22
[ DEBUG5 "MyRemoveOverlay"] Energy [GeV]                                                  7.00e-01
[ DEBUG5 "MyRemoveOverlay"] Momentum [GeV] (x,y,z)                  0.0154667, 0.316276, -0.623932
[ DEBUG5 "MyRemoveOverlay"] Momentum at Endpoint[GeV] (x,y,z)                                 0, 0, -0
[ DEBUG5 "MyRemoveOverlay"] GeneratorStatus                                                      0
[ DEBUG5 "MyRemoveOverlay"] Vertex [mm] (x,y,z)                           9.01856, 23.85, -230.768
[ DEBUG5 "MyRemoveOverlay"] Endpoint [mm] (x,y,z)                       63.9357, 1146.84, -2446.14
[ DEBUG5 "MyRemoveOverlay"] Mass [GeV]                                                    0.00e+00
[ DEBUG5 "MyRemoveOverlay"] Charge                                                        0.00e+00
[ DEBUG5 "MyRemoveOverlay"] Parents                                                              1
[ DEBUG5 "MyRemoveOverlay"] Daughters                                                            0
[ DEBUG5 "MyRemoveOverlay"] simulator status bits: [sbvtcls]  s: created in simulation b: backscatter v: vertex is not endpoint of parent t: decayed in tracker c: decayed in calorimeter l: has left detector s: stopped o: overlay
[ DEBUG5 "MyRemoveOverlay"] [s   c s ]
[ DEBUG5 "MyRemoveOverlay"] 
[ DEBUG7 "MyRemoveOverlay"] 		********** PFO AT INDEX 22 IS NOT OVERLAY **********
[ DEBUG8 "MyRemoveOverlay"] 
[ DEBUG8 "MyRemoveOverlay"] 		-------------------------------------------------------
[ DEBUG8 "MyRemoveOverlay"] 		Processing PFO at index 23
[ DEBUG5 "MyRemoveOverlay"] ------------------ ReconstructedParticle -----------------------------
[ DEBUG5 "MyRemoveOverlay"] Id                                                             0x24218
[ DEBUG5 "MyRemoveOverlay"] Compound                                                             0
[ DEBUG5 "MyRemoveOverlay"] Type                                                                22
[ DEBUG5 "MyRemoveOverlay"] Momentum (x,y,z)                       +5.45e-02, +1.93e-02, -3.17e-01
[ DEBUG5 "MyRemoveOverlay"] Mass [GeV]                                                    0.00e+00
[ DEBUG5 "MyRemoveOverlay"] Charge [e]                                                    0.00e+00
[ DEBUG5 "MyRemoveOverlay"] Energy [GeV]                                                  3.22e-01
[ DEBUG5 "MyRemoveOverlay"] ReferencePoint                         +4.28e+02, +1.51e+02, -2.48e+03
[ DEBUG5 "MyRemoveOverlay"] ParticleIDUsed                                                       0
[ DEBUG5 "MyRemoveOverlay"] GoodnessOfPID                                                 0.00e+00
[ DEBUG5 "MyRemoveOverlay"] Covariance p,E:  2.66e-04, 9.38e-05, 3.60e-05, -1.52e-03, -5.38e-04, 
[ DEBUG5 "MyRemoveOverlay"]                  8.84e-03, 1.55e-03, 5.48e-04, -8.99e-03, 9.14e-03
[ DEBUG5 "MyRemoveOverlay"] Particles id:    
[ DEBUG5 "MyRemoveOverlay"] Tracks id:    
[ DEBUG5 "MyRemoveOverlay"] Clusters id:  [00024046]
[ DEBUG5 "MyRemoveOverlay"] Particle ids ( [id], PDG, (type)): 
[ DEBUG5 "MyRemoveOverlay"]                  [00024219], 000000, (000000) 
[ DEBUG5 "MyRemoveOverlay"]                  [00024220], 000000, (000000) 
[ DEBUG5 "MyRemoveOverlay"]                  [00024221], 000000, (000000) 
[ DEBUG5 "MyRemoveOverlay"]                  [00024222], 000000, (000000) 
[ DEBUG5 "MyRemoveOverlay"] 
[ DEBUG5 "MyRemoveOverlay"] 
[ DEBUG6 "MyRemoveOverlay"] 		Cluster is not linked to a MCParticle
[ DEBUG7 "MyRemoveOverlay"] 		********** PFO AT INDEX 23 IS NOT OVERLAY **********
[ DEBUG8 "MyRemoveOverlay"] 
[ DEBUG8 "MyRemoveOverlay"] 		-------------------------------------------------------
[ DEBUG8 "MyRemoveOverlay"] 		Processing PFO at index 24
[ DEBUG5 "MyRemoveOverlay"] ------------------ ReconstructedParticle -----------------------------
[ DEBUG5 "MyRemoveOverlay"] Id                                                             0x24223
[ DEBUG5 "MyRemoveOverlay"] Compound                                                             0
[ DEBUG5 "MyRemoveOverlay"] Type                                                                22
[ DEBUG5 "MyRemoveOverlay"] Momentum (x,y,z)                       +2.24e-02, +8.65e-02, +4.34e-01
[ DEBUG5 "MyRemoveOverlay"] Mass [GeV]                                                    0.00e+00
[ DEBUG5 "MyRemoveOverlay"] Charge [e]                                                    0.00e+00
[ DEBUG5 "MyRemoveOverlay"] Energy [GeV]                                                  4.43e-01
[ DEBUG5 "MyRemoveOverlay"] ReferencePoint                         +1.28e+02, +4.94e+02, +2.47e+03
[ DEBUG5 "MyRemoveOverlay"] ParticleIDUsed                                                       0
[ DEBUG5 "MyRemoveOverlay"] GoodnessOfPID                                                 0.00e+00
[ DEBUG5 "MyRemoveOverlay"] Covariance p,E:  3.25e-05, 1.25e-04, 4.82e-04, 6.25e-04, 2.41e-03, 
[ DEBUG5 "MyRemoveOverlay"]                  1.21e-02, 6.38e-04, 2.46e-03, 1.23e-02, 1.26e-02
[ DEBUG5 "MyRemoveOverlay"] Particles id:    
[ DEBUG5 "MyRemoveOverlay"] Tracks id:    
[ DEBUG5 "MyRemoveOverlay"] Clusters id:  [00024047]
[ DEBUG5 "MyRemoveOverlay"] Particle ids ( [id], PDG, (type)): 
[ DEBUG5 "MyRemoveOverlay"]                  [00024224], 000000, (000000) 
[ DEBUG5 "MyRemoveOverlay"]                  [00024225], 000000, (000000) 
[ DEBUG5 "MyRemoveOverlay"]                  [00024226], 000000, (000000) 
[ DEBUG5 "MyRemoveOverlay"]                  [00024227], 000000, (000000) 
[ DEBUG5 "MyRemoveOverlay"] 
[ DEBUG5 "MyRemoveOverlay"] 
[ DEBUG0 "MyRemoveOverlay"] 	MCParticle at index: 0 has PDG: 22 and MCParticle to Cluster link weight is 9.83e-01
[ DEBUG0 "MyRemoveOverlay"] 	MCParticle at index: 0 with PDG code: 22 has highest link weight to input cluster
[ DEBUG0 "MyRemoveOverlay"] 	Cluster at index: 0 has highest link weight to MCParticle = 1.00e+00
[ DEBUG0 "MyRemoveOverlay"] 	Cluster linked to MCParticle with highest weight
[ DEBUG6 "MyRemoveOverlay"] 		Found a linked MCParticle to cluster
[ DEBUG5 "MyRemoveOverlay"] ----------------------------- MCParticle -----------------------------
[ DEBUG5 "MyRemoveOverlay"] Id                                                               23016
[ DEBUG5 "MyRemoveOverlay"] PDG                                                                 22
[ DEBUG5 "MyRemoveOverlay"] Energy [GeV]                                                  4.11e-01
[ DEBUG5 "MyRemoveOverlay"] Momentum [GeV] (x,y,z)                  0.0203307, 0.0811039, 0.402445
[ DEBUG5 "MyRemoveOverlay"] Momentum at Endpoint[GeV] (x,y,z)                                  0, 0, 0
[ DEBUG5 "MyRemoveOverlay"] GeneratorStatus                                                      1
[ DEBUG5 "MyRemoveOverlay"] Vertex [mm] (x,y,z)                                   0, 0, -0.0454026
[ DEBUG5 "MyRemoveOverlay"] Endpoint [mm] (x,y,z)                        123.512, 492.718, 2444.87
[ DEBUG5 "MyRemoveOverlay"] Mass [GeV]                                                    9.13e-09
[ DEBUG5 "MyRemoveOverlay"] Charge                                                        0.00e+00
[ DEBUG5 "MyRemoveOverlay"] Parents                                                              1
[ DEBUG5 "MyRemoveOverlay"] Daughters                                                            0
[ DEBUG5 "MyRemoveOverlay"] simulator status bits: [sbvtcls]  s: created in simulation b: backscatter v: vertex is not endpoint of parent t: decayed in tracker c: decayed in calorimeter l: has left detector s: stopped o: overlay
[ DEBUG5 "MyRemoveOverlay"] [    c s ]
[ DEBUG5 "MyRemoveOverlay"] 
[ DEBUG7 "MyRemoveOverlay"] 		********** PFO AT INDEX 24 IS NOT OVERLAY **********
[ DEBUG8 "MyRemoveOverlay"] 
[ DEBUG8 "MyRemoveOverlay"] 		-------------------------------------------------------
[ DEBUG8 "MyRemoveOverlay"] 		Processing PFO at index 25
[ DEBUG5 "MyRemoveOverlay"] ------------------ ReconstructedParticle -----------------------------
[ DEBUG5 "MyRemoveOverlay"] Id                                                             0x24228
[ DEBUG5 "MyRemoveOverlay"] Compound                                                             0
[ DEBUG5 "MyRemoveOverlay"] Type                                                                22
[ DEBUG5 "MyRemoveOverlay"] Momentum (x,y,z)                       +1.97e-03, +1.92e-01, -1.19e+00
[ DEBUG5 "MyRemoveOverlay"] Mass [GeV]                                                    0.00e+00
[ DEBUG5 "MyRemoveOverlay"] Charge [e]                                                    0.00e+00
[ DEBUG5 "MyRemoveOverlay"] Energy [GeV]                                                  1.21e+00
[ DEBUG5 "MyRemoveOverlay"] ReferencePoint                         +4.21e+00, +4.10e+02, -2.54e+03
[ DEBUG5 "MyRemoveOverlay"] ParticleIDUsed                                                       0
[ DEBUG5 "MyRemoveOverlay"] GoodnessOfPID                                                 0.00e+00
[ DEBUG5 "MyRemoveOverlay"] Covariance p,E:  5.55e-06, 9.43e-06, 8.81e-04, -5.59e-05, -5.45e-03, 
[ DEBUG5 "MyRemoveOverlay"]                  3.38e-02, 5.67e-05, 5.52e-03, -3.43e-02, 3.47e-02
[ DEBUG5 "MyRemoveOverlay"] Particles id:    
[ DEBUG5 "MyRemoveOverlay"] Tracks id:    
[ DEBUG5 "MyRemoveOverlay"] Clusters id:  [00024048]
[ DEBUG5 "MyRemoveOverlay"] Particle ids ( [id], PDG, (type)): 
[ DEBUG5 "MyRemoveOverlay"]                  [00024229], 000000, (000000) 
[ DEBUG5 "MyRemoveOverlay"]                  [00024230], 000000, (000000) 
[ DEBUG5 "MyRemoveOverlay"]                  [00024231], 000000, (000000) 
[ DEBUG5 "MyRemoveOverlay"]                  [00024232], 000000, (000000) 
[ DEBUG5 "MyRemoveOverlay"] 
[ DEBUG5 "MyRemoveOverlay"] 
[ DEBUG0 "MyRemoveOverlay"] 	MCParticle at index: 1 has PDG: 22 and MCParticle to Cluster link weight is 9.15e-01
[ DEBUG0 "MyRemoveOverlay"] 	MCParticle at index: 1 with PDG code: 22 has highest link weight to input cluster
[ DEBUG0 "MyRemoveOverlay"] 	Cluster at index: 0 has highest link weight to MCParticle = 1.00e+00
[ DEBUG0 "MyRemoveOverlay"] 	Cluster linked to MCParticle with highest weight
[ DEBUG6 "MyRemoveOverlay"] 		Found a linked MCParticle to cluster
[ DEBUG5 "MyRemoveOverlay"] ----------------------------- MCParticle -----------------------------
[ DEBUG5 "MyRemoveOverlay"] Id                                                               23096
[ DEBUG5 "MyRemoveOverlay"] PDG                                                                 22
[ DEBUG5 "MyRemoveOverlay"] Energy [GeV]                                                  1.47e+00
[ DEBUG5 "MyRemoveOverlay"] Momentum [GeV] (x,y,z)                  -0.00562021, 0.24235, -1.44657
[ DEBUG5 "MyRemoveOverlay"] Momentum at Endpoint[GeV] (x,y,z)                                -0, 0, -0
[ DEBUG5 "MyRemoveOverlay"] GeneratorStatus                                                      0
[ DEBUG5 "MyRemoveOverlay"] Vertex [mm] (x,y,z)                          9.0186, 23.8503, -230.771
[ DEBUG5 "MyRemoveOverlay"] Endpoint [mm] (x,y,z)                      0.425473, 394.397, -2442.53
[ DEBUG5 "MyRemoveOverlay"] Mass [GeV]                                                    0.00e+00
[ DEBUG5 "MyRemoveOverlay"] Charge                                                        0.00e+00
[ DEBUG5 "MyRemoveOverlay"] Parents                                                              1
[ DEBUG5 "MyRemoveOverlay"] Daughters                                                            0
[ DEBUG5 "MyRemoveOverlay"] simulator status bits: [sbvtcls]  s: created in simulation b: backscatter v: vertex is not endpoint of parent t: decayed in tracker c: decayed in calorimeter l: has left detector s: stopped o: overlay
[ DEBUG5 "MyRemoveOverlay"] [s   c s ]
[ DEBUG5 "MyRemoveOverlay"] 
[ DEBUG7 "MyRemoveOverlay"] 		********** PFO AT INDEX 25 IS NOT OVERLAY **********
[ DEBUG8 "MyRemoveOverlay"] 
[ DEBUG8 "MyRemoveOverlay"] 		-------------------------------------------------------
[ DEBUG8 "MyRemoveOverlay"] 		Processing PFO at index 26
[ DEBUG5 "MyRemoveOverlay"] ------------------ ReconstructedParticle -----------------------------
[ DEBUG5 "MyRemoveOverlay"] Id                                                             0x24233
[ DEBUG5 "MyRemoveOverlay"] Compound                                                             0
[ DEBUG5 "MyRemoveOverlay"] Type                                                              2112
[ DEBUG5 "MyRemoveOverlay"] Momentum (x,y,z)                       +2.55e-01, -1.69e-01, -3.18e+00
[ DEBUG5 "MyRemoveOverlay"] Mass [GeV]                                                    9.40e-01
[ DEBUG5 "MyRemoveOverlay"] Charge [e]                                                    0.00e+00
[ DEBUG5 "MyRemoveOverlay"] Energy [GeV]                                                  3.19e+00
[ DEBUG5 "MyRemoveOverlay"] ReferencePoint                         +2.19e+02, -1.45e+02, -2.73e+03
[ DEBUG5 "MyRemoveOverlay"] ParticleIDUsed                                                       0
[ DEBUG5 "MyRemoveOverlay"] GoodnessOfPID                                                 0.00e+00
[ DEBUG5 "MyRemoveOverlay"] Covariance p,E:  8.36e-03, -5.52e-03, 3.82e-03, -1.00e-01, 6.65e-02, 
[ DEBUG5 "MyRemoveOverlay"]                  1.25e+00, 9.65e-02, -6.41e-02, -1.20e+00, 1.16e+00
[ DEBUG5 "MyRemoveOverlay"] Particles id:    
[ DEBUG5 "MyRemoveOverlay"] Tracks id:    
[ DEBUG5 "MyRemoveOverlay"] Clusters id:  [00024049]
[ DEBUG5 "MyRemoveOverlay"] Particle ids ( [id], PDG, (type)): 
[ DEBUG5 "MyRemoveOverlay"] 
[ DEBUG5 "MyRemoveOverlay"] 
[ DEBUG0 "MyRemoveOverlay"] 	MCParticle at index: 0 has PDG: 211 and MCParticle to Cluster link weight is 1.00e+00
[ DEBUG0 "MyRemoveOverlay"] 	MCParticle at index: 0 with PDG code: 211 has highest link weight to input cluster
[ DEBUG0 "MyRemoveOverlay"] 	Cluster at index: 1 has highest link weight to MCParticle = 9.86e-01
[ DEBUG0 "MyRemoveOverlay"] 	Cluster linked to MCParticle with highest weight
[ DEBUG6 "MyRemoveOverlay"] 		Found a linked MCParticle to cluster
[ DEBUG5 "MyRemoveOverlay"] ----------------------------- MCParticle -----------------------------
[ DEBUG5 "MyRemoveOverlay"] Id                                                               23048
[ DEBUG5 "MyRemoveOverlay"] PDG                                                                211
[ DEBUG5 "MyRemoveOverlay"] Energy [GeV]                                                  3.58e+00
[ DEBUG5 "MyRemoveOverlay"] Momentum [GeV] (x,y,z)                   0.38926, -0.0387145, -3.55247
[ DEBUG5 "MyRemoveOverlay"] Momentum at Endpoint[GeV] (x,y,z)                                0, -0, -0
[ DEBUG5 "MyRemoveOverlay"] GeneratorStatus                                                      1
[ DEBUG5 "MyRemoveOverlay"] Vertex [mm] (x,y,z)             2.98466e-309, 1.44444e-309, -0.0454026
[ DEBUG5 "MyRemoveOverlay"] Endpoint [mm] (x,y,z)                      238.992, -117.793, -2487.87
[ DEBUG5 "MyRemoveOverlay"] Mass [GeV]                                                    1.40e-01
[ DEBUG5 "MyRemoveOverlay"] Charge                                                        1.00e+00
[ DEBUG5 "MyRemoveOverlay"] Parents                                                              1
[ DEBUG5 "MyRemoveOverlay"] Daughters                                                            0
[ DEBUG5 "MyRemoveOverlay"] simulator status bits: [sbvtcls]  s: created in simulation b: backscatter v: vertex is not endpoint of parent t: decayed in tracker c: decayed in calorimeter l: has left detector s: stopped o: overlay
[ DEBUG5 "MyRemoveOverlay"] [    c s ]
[ DEBUG5 "MyRemoveOverlay"] 
[ DEBUG7 "MyRemoveOverlay"] 		********** PFO AT INDEX 26 IS NOT OVERLAY **********
[ DEBUG8 "MyRemoveOverlay"] 
[ DEBUG8 "MyRemoveOverlay"] 		-------------------------------------------------------
[ DEBUG8 "MyRemoveOverlay"] 		Processing PFO at index 27
[ DEBUG5 "MyRemoveOverlay"] ------------------ ReconstructedParticle -----------------------------
[ DEBUG5 "MyRemoveOverlay"] Id                                                             0x24234
[ DEBUG5 "MyRemoveOverlay"] Compound                                                             0
[ DEBUG5 "MyRemoveOverlay"] Type                                                              2112
[ DEBUG5 "MyRemoveOverlay"] Momentum (x,y,z)                       +1.13e+00, +3.17e-01, -9.24e-01
[ DEBUG5 "MyRemoveOverlay"] Mass [GeV]                                                    9.40e-01
[ DEBUG5 "MyRemoveOverlay"] Charge [e]                                                    0.00e+00
[ DEBUG5 "MyRemoveOverlay"] Energy [GeV]                                                  1.49e+00
[ DEBUG5 "MyRemoveOverlay"] ReferencePoint                         +2.41e+03, +6.80e+02, -1.98e+03
[ DEBUG5 "MyRemoveOverlay"] ParticleIDUsed                                                       0
[ DEBUG5 "MyRemoveOverlay"] GoodnessOfPID                                                 0.00e+00
[ DEBUG5 "MyRemoveOverlay"] Covariance p,E:  4.30e-01, 1.21e-01, 3.41e-02, -3.52e-01, -9.92e-02, 
[ DEBUG5 "MyRemoveOverlay"]                  2.89e-01, 4.81e-01, 1.35e-01, -3.95e-01, 5.39e-01
[ DEBUG5 "MyRemoveOverlay"] Particles id:    
[ DEBUG5 "MyRemoveOverlay"] Tracks id:    
[ DEBUG5 "MyRemoveOverlay"] Clusters id:  [00024050]
[ DEBUG5 "MyRemoveOverlay"] Particle ids ( [id], PDG, (type)): 
[ DEBUG5 "MyRemoveOverlay"] 
[ DEBUG5 "MyRemoveOverlay"] 
[ DEBUG0 "MyRemoveOverlay"] 	MCParticle at index: 0 has PDG: 2112 and MCParticle to Cluster link weight is 1.00e+00
[ DEBUG0 "MyRemoveOverlay"] 	MCParticle at index: 0 with PDG code: 2112 has highest link weight to input cluster
[ DEBUG6 "MyRemoveOverlay"] 		Cluster is not linked to a MCParticle
[ DEBUG7 "MyRemoveOverlay"] 		********** PFO AT INDEX 27 IS NOT OVERLAY **********
[ DEBUG8 "MyRemoveOverlay"] 
[ DEBUG8 "MyRemoveOverlay"] 		-------------------------------------------------------
[ DEBUG8 "MyRemoveOverlay"] 		Processing PFO at index 28
[ DEBUG5 "MyRemoveOverlay"] ------------------ ReconstructedParticle -----------------------------
[ DEBUG5 "MyRemoveOverlay"] Id                                                             0x24235
[ DEBUG5 "MyRemoveOverlay"] Compound                                                             0
[ DEBUG5 "MyRemoveOverlay"] Type                                                                22
[ DEBUG5 "MyRemoveOverlay"] Momentum (x,y,z)                       -1.35e-01, +5.44e-01, -1.39e+00
[ DEBUG5 "MyRemoveOverlay"] Mass [GeV]                                                    0.00e+00
[ DEBUG5 "MyRemoveOverlay"] Charge [e]                                                    0.00e+00
[ DEBUG5 "MyRemoveOverlay"] Energy [GeV]                                                  1.50e+00
[ DEBUG5 "MyRemoveOverlay"] ReferencePoint                         -2.43e+02, +9.78e+02, -2.49e+03
[ DEBUG5 "MyRemoveOverlay"] ParticleIDUsed                                                       0
[ DEBUG5 "MyRemoveOverlay"] GoodnessOfPID                                                 0.00e+00
[ DEBUG5 "MyRemoveOverlay"] Covariance p,E:  3.49e-04, -1.39e-03, 5.60e-03, 3.55e-03, -1.43e-02, 
[ DEBUG5 "MyRemoveOverlay"]                  3.64e-02, -3.83e-03, 1.54e-02, -3.93e-02, 4.24e-02
[ DEBUG5 "MyRemoveOverlay"] Particles id:    
[ DEBUG5 "MyRemoveOverlay"] Tracks id:    
[ DEBUG5 "MyRemoveOverlay"] Clusters id:  [00024051]
[ DEBUG5 "MyRemoveOverlay"] Particle ids ( [id], PDG, (type)): 
[ DEBUG5 "MyRemoveOverlay"]                  [00024236], 000000, (000000) 
[ DEBUG5 "MyRemoveOverlay"]                  [00024237], 000000, (000000) 
[ DEBUG5 "MyRemoveOverlay"]                  [00024238], 000000, (000000) 
[ DEBUG5 "MyRemoveOverlay"]                  [00024239], 000000, (000000) 
[ DEBUG5 "MyRemoveOverlay"] 
[ DEBUG5 "MyRemoveOverlay"] 
[ DEBUG0 "MyRemoveOverlay"] 	MCParticle at index: 1 has PDG: 22 and MCParticle to Cluster link weight is 9.46e-01
[ DEBUG0 "MyRemoveOverlay"] 	MCParticle at index: 1 with PDG code: 22 has highest link weight to input cluster
[ DEBUG0 "MyRemoveOverlay"] 	Cluster at index: 0 has highest link weight to MCParticle = 9.87e-01
[ DEBUG0 "MyRemoveOverlay"] 	Cluster linked to MCParticle with highest weight
[ DEBUG6 "MyRemoveOverlay"] 		Found a linked MCParticle to cluster
[ DEBUG5 "MyRemoveOverlay"] ----------------------------- MCParticle -----------------------------
[ DEBUG5 "MyRemoveOverlay"] Id                                                               23056
[ DEBUG5 "MyRemoveOverlay"] PDG                                                                 22
[ DEBUG5 "MyRemoveOverlay"] Energy [GeV]                                                  2.04e+00
[ DEBUG5 "MyRemoveOverlay"] Momentum [GeV] (x,y,z)                   -0.185129, 0.745858, -1.89423
[ DEBUG5 "MyRemoveOverlay"] Momentum at Endpoint[GeV] (x,y,z)                                -0, 0, -0
[ DEBUG5 "MyRemoveOverlay"] GeneratorStatus                                                      1
[ DEBUG5 "MyRemoveOverlay"] Vertex [mm] (x,y,z)                -7.43089e-07, 2.9935e-06, -0.045411
[ DEBUG5 "MyRemoveOverlay"] Endpoint [mm] (x,y,z)                      -236.545, 953.005, -2420.36
[ DEBUG5 "MyRemoveOverlay"] Mass [GeV]                                                   -4.21e-08
[ DEBUG5 "MyRemoveOverlay"] Charge                                                        0.00e+00
[ DEBUG5 "MyRemoveOverlay"] Parents                                                              1
[ DEBUG5 "MyRemoveOverlay"] Daughters                                                            0
[ DEBUG5 "MyRemoveOverlay"] simulator status bits: [sbvtcls]  s: created in simulation b: backscatter v: vertex is not endpoint of parent t: decayed in tracker c: decayed in calorimeter l: has left detector s: stopped o: overlay
[ DEBUG5 "MyRemoveOverlay"] [    c s ]
[ DEBUG5 "MyRemoveOverlay"] 
[ DEBUG7 "MyRemoveOverlay"] 		********** PFO AT INDEX 28 IS NOT OVERLAY **********
[ DEBUG8 "MyRemoveOverlay"] 
[ DEBUG8 "MyRemoveOverlay"] 		-------------------------------------------------------
[ DEBUG8 "MyRemoveOverlay"] 		Processing PFO at index 29
[ DEBUG5 "MyRemoveOverlay"] ------------------ ReconstructedParticle -----------------------------
[ DEBUG5 "MyRemoveOverlay"] Id                                                             0x24240
[ DEBUG5 "MyRemoveOverlay"] Compound                                                             0
[ DEBUG5 "MyRemoveOverlay"] Type                                                                22
[ DEBUG5 "MyRemoveOverlay"] Momentum (x,y,z)                       -3.21e-02, +1.89e-01, -4.83e-01
[ DEBUG5 "MyRemoveOverlay"] Mass [GeV]                                                    0.00e+00
[ DEBUG5 "MyRemoveOverlay"] Charge [e]                                                    0.00e+00
[ DEBUG5 "MyRemoveOverlay"] Energy [GeV]                                                  5.20e-01
[ DEBUG5 "MyRemoveOverlay"] ReferencePoint                         -1.64e+02, +9.68e+02, -2.47e+03
[ DEBUG5 "MyRemoveOverlay"] ParticleIDUsed                                                       0
[ DEBUG5 "MyRemoveOverlay"] GoodnessOfPID                                                 0.00e+00
[ DEBUG5 "MyRemoveOverlay"] Covariance p,E:  5.60e-05, -3.29e-04, 1.94e-03, 8.38e-04, -4.94e-03, 
[ DEBUG5 "MyRemoveOverlay"]                  1.26e-02, -9.02e-04, 5.32e-03, -1.36e-02, 1.46e-02
[ DEBUG5 "MyRemoveOverlay"] Particles id:    
[ DEBUG5 "MyRemoveOverlay"] Tracks id:    
[ DEBUG5 "MyRemoveOverlay"] Clusters id:  [00024052]
[ DEBUG5 "MyRemoveOverlay"] Particle ids ( [id], PDG, (type)): 
[ DEBUG5 "MyRemoveOverlay"]                  [00024241], 000000, (000000) 
[ DEBUG5 "MyRemoveOverlay"]                  [00024242], 000000, (000000) 
[ DEBUG5 "MyRemoveOverlay"]                  [00024243], 000000, (000000) 
[ DEBUG5 "MyRemoveOverlay"]                  [00024244], 000000, (000000) 
[ DEBUG5 "MyRemoveOverlay"] 
[ DEBUG5 "MyRemoveOverlay"] 
[ DEBUG0 "MyRemoveOverlay"] 	MCParticle at index: 2 has PDG: -11 and MCParticle to Cluster link weight is 9.42e-01
[ DEBUG0 "MyRemoveOverlay"] 	MCParticle at index: 2 with PDG code: -11 has highest link weight to input cluster
[ DEBUG0 "MyRemoveOverlay"] 	Cluster at index: 1 has highest link weight to MCParticle = 9.07e-01
[ DEBUG0 "MyRemoveOverlay"] 	Cluster linked to MCParticle with highest weight
[ DEBUG6 "MyRemoveOverlay"] 		Found a linked MCParticle to cluster
[ DEBUG5 "MyRemoveOverlay"] ----------------------------- MCParticle -----------------------------
[ DEBUG5 "MyRemoveOverlay"] Id                                                               23135
[ DEBUG5 "MyRemoveOverlay"] PDG                                                                -11
[ DEBUG5 "MyRemoveOverlay"] Energy [GeV]                                                  8.54e-01
[ DEBUG5 "MyRemoveOverlay"] Momentum [GeV] (x,y,z)                 -0.0578468, 0.312813, -0.792059
[ DEBUG5 "MyRemoveOverlay"] Momentum at Endpoint[GeV] (x,y,z)                                0, -0, -0
[ DEBUG5 "MyRemoveOverlay"] GeneratorStatus                                                      0
[ DEBUG5 "MyRemoveOverlay"] Vertex [mm] (x,y,z)                        -164.553, 890.337, -2253.41
[ DEBUG5 "MyRemoveOverlay"] Endpoint [mm] (x,y,z)                      -167.856, 959.054, -2427.45
[ DEBUG5 "MyRemoveOverlay"] Mass [GeV]                                                    5.11e-04
[ DEBUG5 "MyRemoveOverlay"] Charge                                                        1.00e+00
[ DEBUG5 "MyRemoveOverlay"] Parents                                                              1
[ DEBUG5 "MyRemoveOverlay"] Daughters                                                            0
[ DEBUG5 "MyRemoveOverlay"] simulator status bits: [sbvtcls]  s: created in simulation b: backscatter v: vertex is not endpoint of parent t: decayed in tracker c: decayed in calorimeter l: has left detector s: stopped o: overlay
[ DEBUG5 "MyRemoveOverlay"] [s   c s ]
[ DEBUG5 "MyRemoveOverlay"] 
[ DEBUG7 "MyRemoveOverlay"] 		********** PFO AT INDEX 29 IS NOT OVERLAY **********
[ DEBUG8 "MyRemoveOverlay"] 
[ DEBUG8 "MyRemoveOverlay"] 		-------------------------------------------------------
[ DEBUG8 "MyRemoveOverlay"] 		Processing PFO at index 30
[ DEBUG5 "MyRemoveOverlay"] ------------------ ReconstructedParticle -----------------------------
[ DEBUG5 "MyRemoveOverlay"] Id                                                             0x24245
[ DEBUG5 "MyRemoveOverlay"] Compound                                                             0
[ DEBUG5 "MyRemoveOverlay"] Type                                                                22
[ DEBUG5 "MyRemoveOverlay"] Momentum (x,y,z)                       +6.41e-03, +5.41e-01, -1.69e+00
[ DEBUG5 "MyRemoveOverlay"] Mass [GeV]                                                    0.00e+00
[ DEBUG5 "MyRemoveOverlay"] Charge [e]                                                    0.00e+00
[ DEBUG5 "MyRemoveOverlay"] Energy [GeV]                                                  1.77e+00
[ DEBUG5 "MyRemoveOverlay"] ReferencePoint                         +9.41e+00, +7.93e+02, -2.48e+03
[ DEBUG5 "MyRemoveOverlay"] ParticleIDUsed                                                       0
[ DEBUG5 "MyRemoveOverlay"] GoodnessOfPID                                                 0.00e+00
[ DEBUG5 "MyRemoveOverlay"] Covariance p,E:  1.85e-06, 5.62e-05, 4.75e-03, -1.76e-04, -1.49e-02, 
[ DEBUG5 "MyRemoveOverlay"]                  4.65e-02, 1.85e-04, 1.56e-02, -4.88e-02, 5.12e-02
[ DEBUG5 "MyRemoveOverlay"] Particles id:    
[ DEBUG5 "MyRemoveOverlay"] Tracks id:    
[ DEBUG5 "MyRemoveOverlay"] Clusters id:  [00024053]
[ DEBUG5 "MyRemoveOverlay"] Particle ids ( [id], PDG, (type)): 
[ DEBUG5 "MyRemoveOverlay"]                  [00024246], 000000, (000000) 
[ DEBUG5 "MyRemoveOverlay"]                  [00024247], 000000, (000000) 
[ DEBUG5 "MyRemoveOverlay"]                  [00024248], 000000, (000000) 
[ DEBUG5 "MyRemoveOverlay"]                  [00024249], 000000, (000000) 
[ DEBUG5 "MyRemoveOverlay"] 
[ DEBUG5 "MyRemoveOverlay"] 
[ DEBUG0 "MyRemoveOverlay"] 	MCParticle at index: 1 has PDG: 22 and MCParticle to Cluster link weight is 9.97e-01
[ DEBUG0 "MyRemoveOverlay"] 	MCParticle at index: 1 with PDG code: 22 has highest link weight to input cluster
[ DEBUG0 "MyRemoveOverlay"] 	Cluster at index: 0 has highest link weight to MCParticle = 1.00e+00
[ DEBUG0 "MyRemoveOverlay"] 	Cluster linked to MCParticle with highest weight
[ DEBUG6 "MyRemoveOverlay"] 		Found a linked MCParticle to cluster
[ DEBUG5 "MyRemoveOverlay"] ----------------------------- MCParticle -----------------------------
[ DEBUG5 "MyRemoveOverlay"] Id                                                               23053
[ DEBUG5 "MyRemoveOverlay"] PDG                                                                 22
[ DEBUG5 "MyRemoveOverlay"] Energy [GeV]                                                  2.15e+00
[ DEBUG5 "MyRemoveOverlay"] Momentum [GeV] (x,y,z)                  0.00748015, 0.656439, -2.04902
[ DEBUG5 "MyRemoveOverlay"] Momentum at Endpoint[GeV] (x,y,z)                                 0, 0, -0
[ DEBUG5 "MyRemoveOverlay"] GeneratorStatus                                                      1
[ DEBUG5 "MyRemoveOverlay"] Vertex [mm] (x,y,z)              -8.23535e-06, 0.000152462, -0.0458485
[ DEBUG5 "MyRemoveOverlay"] Endpoint [mm] (x,y,z)                       8.86012, 777.542, -2427.08
[ DEBUG5 "MyRemoveOverlay"] Mass [GeV]                                                   -2.98e-08
[ DEBUG5 "MyRemoveOverlay"] Charge                                                        0.00e+00
[ DEBUG5 "MyRemoveOverlay"] Parents                                                              1
[ DEBUG5 "MyRemoveOverlay"] Daughters                                                            0
[ DEBUG5 "MyRemoveOverlay"] simulator status bits: [sbvtcls]  s: created in simulation b: backscatter v: vertex is not endpoint of parent t: decayed in tracker c: decayed in calorimeter l: has left detector s: stopped o: overlay
[ DEBUG5 "MyRemoveOverlay"] [    c s ]
[ DEBUG5 "MyRemoveOverlay"] 
[ DEBUG7 "MyRemoveOverlay"] 		********** PFO AT INDEX 30 IS NOT OVERLAY **********
[ DEBUG8 "MyRemoveOverlay"] 
[ DEBUG8 "MyRemoveOverlay"] 		-------------------------------------------------------
[ DEBUG8 "MyRemoveOverlay"] 		Processing PFO at index 31
[ DEBUG5 "MyRemoveOverlay"] ------------------ ReconstructedParticle -----------------------------
[ DEBUG5 "MyRemoveOverlay"] Id                                                             0x24250
[ DEBUG5 "MyRemoveOverlay"] Compound                                                             0
[ DEBUG5 "MyRemoveOverlay"] Type                                                                22
[ DEBUG5 "MyRemoveOverlay"] Momentum (x,y,z)                       -2.48e-02, +3.03e-01, -9.93e-01
[ DEBUG5 "MyRemoveOverlay"] Mass [GeV]                                                    0.00e+00
[ DEBUG5 "MyRemoveOverlay"] Charge [e]                                                    0.00e+00
[ DEBUG5 "MyRemoveOverlay"] Energy [GeV]                                                  1.04e+00
[ DEBUG5 "MyRemoveOverlay"] ReferencePoint                         -6.15e+01, +7.52e+02, -2.47e+03
[ DEBUG5 "MyRemoveOverlay"] ParticleIDUsed                                                       0
[ DEBUG5 "MyRemoveOverlay"] GoodnessOfPID                                                 0.00e+00
[ DEBUG5 "MyRemoveOverlay"] Covariance p,E:  1.84e-05, -2.07e-04, 2.54e-03, 6.79e-04, -8.30e-03, 
[ DEBUG5 "MyRemoveOverlay"]                  2.72e-02, -7.10e-04, 8.68e-03, -2.85e-02, 2.98e-02
[ DEBUG5 "MyRemoveOverlay"] Particles id:    
[ DEBUG5 "MyRemoveOverlay"] Tracks id:    
[ DEBUG5 "MyRemoveOverlay"] Clusters id:  [00024054]
[ DEBUG5 "MyRemoveOverlay"] Particle ids ( [id], PDG, (type)): 
[ DEBUG5 "MyRemoveOverlay"]                  [00024251], 000000, (000000) 
[ DEBUG5 "MyRemoveOverlay"]                  [00024252], 000000, (000000) 
[ DEBUG5 "MyRemoveOverlay"]                  [00024253], 000000, (000000) 
[ DEBUG5 "MyRemoveOverlay"]                  [00024254], 000000, (000000) 
[ DEBUG5 "MyRemoveOverlay"] 
[ DEBUG5 "MyRemoveOverlay"] 
[ DEBUG0 "MyRemoveOverlay"] 	MCParticle at index: 0 has PDG: 22 and MCParticle to Cluster link weight is 9.52e-01
[ DEBUG0 "MyRemoveOverlay"] 	MCParticle at index: 0 with PDG code: 22 has highest link weight to input cluster
[ DEBUG0 "MyRemoveOverlay"] 	Cluster at index: 1 has highest link weight to MCParticle = 9.91e-01
[ DEBUG0 "MyRemoveOverlay"] 	Cluster linked to MCParticle with highest weight
[ DEBUG6 "MyRemoveOverlay"] 		Found a linked MCParticle to cluster
[ DEBUG5 "MyRemoveOverlay"] ----------------------------- MCParticle -----------------------------
[ DEBUG5 "MyRemoveOverlay"] Id                                                               23090
[ DEBUG5 "MyRemoveOverlay"] PDG                                                                 22
[ DEBUG5 "MyRemoveOverlay"] Energy [GeV]                                                  9.87e-01
[ DEBUG5 "MyRemoveOverlay"] Momentum [GeV] (x,y,z)                 -0.0294352, 0.305805, -0.938247
[ DEBUG5 "MyRemoveOverlay"] Momentum at Endpoint[GeV] (x,y,z)                                -0, 0, -0
[ DEBUG5 "MyRemoveOverlay"] GeneratorStatus                                                      0
[ DEBUG5 "MyRemoveOverlay"] Vertex [mm] (x,y,z)                           9.01856, 23.85, -230.768
[ DEBUG5 "MyRemoveOverlay"] Endpoint [mm] (x,y,z)                      -59.6468, 737.221, -2419.48
[ DEBUG5 "MyRemoveOverlay"] Mass [GeV]                                                    0.00e+00
[ DEBUG5 "MyRemoveOverlay"] Charge                                                        0.00e+00
[ DEBUG5 "MyRemoveOverlay"] Parents                                                              1
[ DEBUG5 "MyRemoveOverlay"] Daughters                                                            0
[ DEBUG5 "MyRemoveOverlay"] simulator status bits: [sbvtcls]  s: created in simulation b: backscatter v: vertex is not endpoint of parent t: decayed in tracker c: decayed in calorimeter l: has left detector s: stopped o: overlay
[ DEBUG5 "MyRemoveOverlay"] [s   c s ]
[ DEBUG5 "MyRemoveOverlay"] 
[ DEBUG7 "MyRemoveOverlay"] 		********** PFO AT INDEX 31 IS NOT OVERLAY **********
[ DEBUG8 "MyRemoveOverlay"] 
[ DEBUG8 "MyRemoveOverlay"] 		-------------------------------------------------------
[ DEBUG8 "MyRemoveOverlay"] 		Processing PFO at index 32
[ DEBUG5 "MyRemoveOverlay"] ------------------ ReconstructedParticle -----------------------------
[ DEBUG5 "MyRemoveOverlay"] Id                                                             0x24255
[ DEBUG5 "MyRemoveOverlay"] Compound                                                             0
[ DEBUG5 "MyRemoveOverlay"] Type                                                              2112
[ DEBUG5 "MyRemoveOverlay"] Momentum (x,y,z)                       -2.94e-03, -5.91e-02, +1.73e+00
[ DEBUG5 "MyRemoveOverlay"] Mass [GeV]                                                    9.40e-01
[ DEBUG5 "MyRemoveOverlay"] Charge [e]                                                    0.00e+00
[ DEBUG5 "MyRemoveOverlay"] Energy [GeV]                                                  1.73e+00
[ DEBUG5 "MyRemoveOverlay"] ReferencePoint                         -4.13e+00, -8.30e+01, +2.43e+03
[ DEBUG5 "MyRemoveOverlay"] ParticleIDUsed                                                       0
[ DEBUG5 "MyRemoveOverlay"] GoodnessOfPID                                                 0.00e+00
[ DEBUG5 "MyRemoveOverlay"] Covariance p,E:  4.30e-05, 4.16e-05, 9.55e-04, -1.37e-03, -2.76e-02, 
[ DEBUG5 "MyRemoveOverlay"]                  8.10e-01, -1.21e-03, -2.43e-02, 7.12e-01, 6.26e-01
[ DEBUG5 "MyRemoveOverlay"] Particles id:    
[ DEBUG5 "MyRemoveOverlay"] Tracks id:    
[ DEBUG5 "MyRemoveOverlay"] Clusters id:  [00024055]
[ DEBUG5 "MyRemoveOverlay"] Particle ids ( [id], PDG, (type)): 
[ DEBUG5 "MyRemoveOverlay"] 
[ DEBUG5 "MyRemoveOverlay"] 
[ DEBUG6 "MyRemoveOverlay"] 		Cluster is not linked to a MCParticle
[ DEBUG7 "MyRemoveOverlay"] 		********** PFO AT INDEX 32 IS NOT OVERLAY **********
[ DEBUG8 "MyRemoveOverlay"] 
[ DEBUG8 "MyRemoveOverlay"] 		-------------------------------------------------------
[ DEBUG8 "MyRemoveOverlay"] 		Processing PFO at index 33
[ DEBUG5 "MyRemoveOverlay"] ------------------ ReconstructedParticle -----------------------------
[ DEBUG5 "MyRemoveOverlay"] Id                                                             0x24256
[ DEBUG5 "MyRemoveOverlay"] Compound                                                             0
[ DEBUG5 "MyRemoveOverlay"] Type                                                              2112
[ DEBUG5 "MyRemoveOverlay"] Momentum (x,y,z)                       +6.98e-03, -1.58e-01, +2.24e+00
[ DEBUG5 "MyRemoveOverlay"] Mass [GeV]                                                    9.40e-01
[ DEBUG5 "MyRemoveOverlay"] Charge [e]                                                    0.00e+00
[ DEBUG5 "MyRemoveOverlay"] Energy [GeV]                                                  2.25e+00
[ DEBUG5 "MyRemoveOverlay"] ReferencePoint                         +7.59e+00, -1.72e+02, +2.44e+03
[ DEBUG5 "MyRemoveOverlay"] ParticleIDUsed                                                       0
[ DEBUG5 "MyRemoveOverlay"] GoodnessOfPID                                                 0.00e+00
[ DEBUG5 "MyRemoveOverlay"] Covariance p,E:  1.35e-05, -2.10e-04, 4.72e-03, 2.96e-03, -6.70e-02, 
[ DEBUG5 "MyRemoveOverlay"]                  9.51e-01, 2.74e-03, -6.20e-02, 8.80e-01, 8.14e-01
[ DEBUG5 "MyRemoveOverlay"] Particles id:    
[ DEBUG5 "MyRemoveOverlay"] Tracks id:    
[ DEBUG5 "MyRemoveOverlay"] Clusters id:  [00024056]
[ DEBUG5 "MyRemoveOverlay"] Particle ids ( [id], PDG, (type)): 
[ DEBUG5 "MyRemoveOverlay"]                  [00024257], 000000, (000000) 
[ DEBUG5 "MyRemoveOverlay"]                  [00024258], 000000, (000000) 
[ DEBUG5 "MyRemoveOverlay"]                  [00024259], 000000, (000000) 
[ DEBUG5 "MyRemoveOverlay"]                  [00024260], 000000, (000000) 
[ DEBUG5 "MyRemoveOverlay"] 
[ DEBUG5 "MyRemoveOverlay"] 
[ DEBUG6 "MyRemoveOverlay"] 		Cluster is not linked to a MCParticle
[ DEBUG7 "MyRemoveOverlay"] 		********** PFO AT INDEX 33 IS NOT OVERLAY **********
[ DEBUG8 "MyRemoveOverlay"] 
[ DEBUG8 "MyRemoveOverlay"] 		-------------------------------------------------------
[ DEBUG8 "MyRemoveOverlay"] 		Processing PFO at index 34
[ DEBUG5 "MyRemoveOverlay"] ------------------ ReconstructedParticle -----------------------------
[ DEBUG5 "MyRemoveOverlay"] Id                                                             0x24261
[ DEBUG5 "MyRemoveOverlay"] Compound                                                             0
[ DEBUG5 "MyRemoveOverlay"] Type                                                                22
[ DEBUG5 "MyRemoveOverlay"] Momentum (x,y,z)                       -2.85e-02, -1.07e-01, +1.64e+00
[ DEBUG5 "MyRemoveOverlay"] Mass [GeV]                                                    0.00e+00
[ DEBUG5 "MyRemoveOverlay"] Charge [e]                                                    0.00e+00
[ DEBUG5 "MyRemoveOverlay"] Energy [GeV]                                                  1.65e+00
[ DEBUG5 "MyRemoveOverlay"] ReferencePoint                         -4.24e+01, -1.58e+02, +2.44e+03
[ DEBUG5 "MyRemoveOverlay"] ParticleIDUsed                                                       0
[ DEBUG5 "MyRemoveOverlay"] GoodnessOfPID                                                 0.00e+00
[ DEBUG5 "MyRemoveOverlay"] Covariance p,E:  1.53e-05, 5.37e-05, 2.00e-04, -8.21e-04, -3.07e-03, 
[ DEBUG5 "MyRemoveOverlay"]                  4.72e-02, -8.23e-04, -3.08e-03, 4.73e-02, 4.74e-02
[ DEBUG5 "MyRemoveOverlay"] Particles id:    
[ DEBUG5 "MyRemoveOverlay"] Tracks id:    
[ DEBUG5 "MyRemoveOverlay"] Clusters id:  [00024057]
[ DEBUG5 "MyRemoveOverlay"] Particle ids ( [id], PDG, (type)): 
[ DEBUG5 "MyRemoveOverlay"] 
[ DEBUG5 "MyRemoveOverlay"] 
[ DEBUG6 "MyRemoveOverlay"] 		Cluster is not linked to a MCParticle
[ DEBUG7 "MyRemoveOverlay"] 		********** PFO AT INDEX 34 IS NOT OVERLAY **********
[ DEBUG8 "MyRemoveOverlay"] 
[ DEBUG8 "MyRemoveOverlay"] 		-------------------------------------------------------
[ DEBUG8 "MyRemoveOverlay"] 		Processing PFO at index 35
[ DEBUG5 "MyRemoveOverlay"] ------------------ ReconstructedParticle -----------------------------
[ DEBUG5 "MyRemoveOverlay"] Id                                                             0x24262
[ DEBUG5 "MyRemoveOverlay"] Compound                                                             0
[ DEBUG5 "MyRemoveOverlay"] Type                                                                22
[ DEBUG5 "MyRemoveOverlay"] Momentum (x,y,z)                       -1.06e-01, -4.29e-02, +1.54e+00
[ DEBUG5 "MyRemoveOverlay"] Mass [GeV]                                                    0.00e+00
[ DEBUG5 "MyRemoveOverlay"] Charge [e]                                                    0.00e+00
[ DEBUG5 "MyRemoveOverlay"] Energy [GeV]                                                  1.55e+00
[ DEBUG5 "MyRemoveOverlay"] ReferencePoint                         -1.67e+02, -6.78e+01, +2.43e+03
[ DEBUG5 "MyRemoveOverlay"] ParticleIDUsed                                                       0
[ DEBUG5 "MyRemoveOverlay"] GoodnessOfPID                                                 0.00e+00
[ DEBUG5 "MyRemoveOverlay"] Covariance p,E:  2.43e-04, 7.94e-05, 5.64e-05, -3.03e-03, -1.23e-03, 
[ DEBUG5 "MyRemoveOverlay"]                  4.43e-02, -3.05e-03, -1.24e-03, 4.44e-02, 4.45e-02
[ DEBUG5 "MyRemoveOverlay"] Particles id:    
[ DEBUG5 "MyRemoveOverlay"] Tracks id:    
[ DEBUG5 "MyRemoveOverlay"] Clusters id:  [00024058]
[ DEBUG5 "MyRemoveOverlay"] Particle ids ( [id], PDG, (type)): 
[ DEBUG5 "MyRemoveOverlay"]                  [00024263], 000000, (000000) 
[ DEBUG5 "MyRemoveOverlay"]                  [00024264], 000000, (000000) 
[ DEBUG5 "MyRemoveOverlay"]                  [00024265], 000000, (000000) 
[ DEBUG5 "MyRemoveOverlay"]                  [00024266], 000000, (000000) 
[ DEBUG5 "MyRemoveOverlay"] 
[ DEBUG5 "MyRemoveOverlay"] 
[ DEBUG6 "MyRemoveOverlay"] 		Cluster is not linked to a MCParticle
[ DEBUG7 "MyRemoveOverlay"] 		********** PFO AT INDEX 35 IS NOT OVERLAY **********
[ DEBUG8 "MyRemoveOverlay"] 
[ DEBUG8 "MyRemoveOverlay"] 		-------------------------------------------------------
[ DEBUG8 "MyRemoveOverlay"] 		Processing PFO at index 36
[ DEBUG5 "MyRemoveOverlay"] ------------------ ReconstructedParticle -----------------------------
[ DEBUG5 "MyRemoveOverlay"] Id                                                             0x24267
[ DEBUG5 "MyRemoveOverlay"] Compound                                                             0
[ DEBUG5 "MyRemoveOverlay"] Type                                                              2112
[ DEBUG5 "MyRemoveOverlay"] Momentum (x,y,z)                       -6.79e-01, -1.20e+00, +1.69e+01
[ DEBUG5 "MyRemoveOverlay"] Mass [GeV]                                                    9.40e-01
[ DEBUG5 "MyRemoveOverlay"] Charge [e]                                                    0.00e+00
[ DEBUG5 "MyRemoveOverlay"] Energy [GeV]                                                  1.70e+01
[ DEBUG5 "MyRemoveOverlay"] ReferencePoint                         -1.08e+02, -1.91e+02, +2.69e+03
[ DEBUG5 "MyRemoveOverlay"] ParticleIDUsed                                                       0
[ DEBUG5 "MyRemoveOverlay"] GoodnessOfPID                                                 0.00e+00
[ DEBUG5 "MyRemoveOverlay"] Covariance p,E:  1.12e-02, 1.77e-02, 3.43e-02, -2.55e-01, -4.51e-01, 
[ DEBUG5 "MyRemoveOverlay"]                  6.34e+00, -2.55e-01, -4.52e-01, 6.36e+00, 6.37e+00
[ DEBUG5 "MyRemoveOverlay"] Particles id:    
[ DEBUG5 "MyRemoveOverlay"] Tracks id:    
[ DEBUG5 "MyRemoveOverlay"] Clusters id:  [00024059]
[ DEBUG5 "MyRemoveOverlay"] Particle ids ( [id], PDG, (type)): 
[ DEBUG5 "MyRemoveOverlay"]                  [00024268], 000000, (000000) 
[ DEBUG5 "MyRemoveOverlay"]                  [00024269], 000000, (000000) 
[ DEBUG5 "MyRemoveOverlay"]                  [00024270], 000000, (000000) 
[ DEBUG5 "MyRemoveOverlay"]                  [00024271], 000000, (000000) 
[ DEBUG5 "MyRemoveOverlay"] 
[ DEBUG5 "MyRemoveOverlay"] 
[ DEBUG6 "MyRemoveOverlay"] 		Cluster is not linked to a MCParticle
[ DEBUG7 "MyRemoveOverlay"] 		********** PFO AT INDEX 36 IS NOT OVERLAY **********
[ DEBUG8 "MyRemoveOverlay"] 
[ DEBUG8 "MyRemoveOverlay"] 		-------------------------------------------------------
[ DEBUG8 "MyRemoveOverlay"] 		Processing PFO at index 37
[ DEBUG5 "MyRemoveOverlay"] ------------------ ReconstructedParticle -----------------------------
[ DEBUG5 "MyRemoveOverlay"] Id                                                             0x24272
[ DEBUG5 "MyRemoveOverlay"] Compound                                                             0
[ DEBUG5 "MyRemoveOverlay"] Type                                                                22
[ DEBUG5 "MyRemoveOverlay"] Momentum (x,y,z)                       +8.01e-02, +4.06e-01, -3.54e+00
[ DEBUG5 "MyRemoveOverlay"] Mass [GeV]                                                    0.00e+00
[ DEBUG5 "MyRemoveOverlay"] Charge [e]                                                    0.00e+00
[ DEBUG5 "MyRemoveOverlay"] Energy [GeV]                                                  3.56e+00
[ DEBUG5 "MyRemoveOverlay"] ReferencePoint                         +5.59e+01, +2.83e+02, -2.47e+03
[ DEBUG5 "MyRemoveOverlay"] ParticleIDUsed                                                       0
[ DEBUG5 "MyRemoveOverlay"] GoodnessOfPID                                                 0.00e+00
[ DEBUG5 "MyRemoveOverlay"] Covariance p,E:  5.48e-05, 2.67e-04, 1.35e-03, -2.32e-03, -1.18e-02, 
[ DEBUG5 "MyRemoveOverlay"]                  1.02e-01, 2.33e-03, 1.18e-02, -1.03e-01, 1.04e-01
[ DEBUG5 "MyRemoveOverlay"] Particles id:    
[ DEBUG5 "MyRemoveOverlay"] Tracks id:    
[ DEBUG5 "MyRemoveOverlay"] Clusters id:  [00024060]
[ DEBUG5 "MyRemoveOverlay"] Particle ids ( [id], PDG, (type)): 
[ DEBUG5 "MyRemoveOverlay"]                  [00024273], 000000, (000000) 
[ DEBUG5 "MyRemoveOverlay"]                  [00024274], 000000, (000000) 
[ DEBUG5 "MyRemoveOverlay"]                  [00024275], 000000, (000000) 
[ DEBUG5 "MyRemoveOverlay"]                  [00024276], 000000, (000000) 
[ DEBUG5 "MyRemoveOverlay"] 
[ DEBUG5 "MyRemoveOverlay"] 
[ DEBUG0 "MyRemoveOverlay"] 	MCParticle at index: 1 has PDG: 22 and MCParticle to Cluster link weight is 9.76e-01
[ DEBUG0 "MyRemoveOverlay"] 	MCParticle at index: 1 with PDG code: 22 has highest link weight to input cluster
[ DEBUG0 "MyRemoveOverlay"] 	Cluster at index: 2 has highest link weight to MCParticle = 9.28e-01
[ DEBUG0 "MyRemoveOverlay"] 	Cluster linked to MCParticle with highest weight
[ DEBUG6 "MyRemoveOverlay"] 		Found a linked MCParticle to cluster
[ DEBUG5 "MyRemoveOverlay"] ----------------------------- MCParticle -----------------------------
[ DEBUG5 "MyRemoveOverlay"] Id                                                               23097
[ DEBUG5 "MyRemoveOverlay"] PDG                                                                 22
[ DEBUG5 "MyRemoveOverlay"] Energy [GeV]                                                  3.97e+00
[ DEBUG5 "MyRemoveOverlay"] Momentum [GeV] (x,y,z)                    0.0858036, 0.460157, -3.9431
[ DEBUG5 "MyRemoveOverlay"] Momentum at Endpoint[GeV] (x,y,z)                                 0, 0, -0
[ DEBUG5 "MyRemoveOverlay"] GeneratorStatus                                                      0
[ DEBUG5 "MyRemoveOverlay"] Vertex [mm] (x,y,z)                          9.0186, 23.8503, -230.771
[ DEBUG5 "MyRemoveOverlay"] Endpoint [mm] (x,y,z)                       56.5351, 278.677, -2414.39
[ DEBUG5 "MyRemoveOverlay"] Mass [GeV]                                                    0.00e+00
[ DEBUG5 "MyRemoveOverlay"] Charge                                                        0.00e+00
[ DEBUG5 "MyRemoveOverlay"] Parents                                                              1
[ DEBUG5 "MyRemoveOverlay"] Daughters                                                            0
[ DEBUG5 "MyRemoveOverlay"] simulator status bits: [sbvtcls]  s: created in simulation b: backscatter v: vertex is not endpoint of parent t: decayed in tracker c: decayed in calorimeter l: has left detector s: stopped o: overlay
[ DEBUG5 "MyRemoveOverlay"] [s   c s ]
[ DEBUG5 "MyRemoveOverlay"] 
[ DEBUG7 "MyRemoveOverlay"] 		********** PFO AT INDEX 37 IS NOT OVERLAY **********
[ DEBUG8 "MyRemoveOverlay"] 
[ DEBUG8 "MyRemoveOverlay"] 		-------------------------------------------------------
[ DEBUG8 "MyRemoveOverlay"] 		Processing PFO at index 38
[ DEBUG5 "MyRemoveOverlay"] ------------------ ReconstructedParticle -----------------------------
[ DEBUG5 "MyRemoveOverlay"] Id                                                             0x24277
[ DEBUG5 "MyRemoveOverlay"] Compound                                                             0
[ DEBUG5 "MyRemoveOverlay"] Type                                                                22
[ DEBUG5 "MyRemoveOverlay"] Momentum (x,y,z)                       +6.85e-01, +1.67e+00, -1.31e+01
[ DEBUG5 "MyRemoveOverlay"] Mass [GeV]                                                    0.00e+00
[ DEBUG5 "MyRemoveOverlay"] Charge [e]                                                    0.00e+00
[ DEBUG5 "MyRemoveOverlay"] Energy [GeV]                                                  1.32e+01
[ DEBUG5 "MyRemoveOverlay"] ReferencePoint                         +1.32e+02, +3.21e+02, -2.52e+03
[ DEBUG5 "MyRemoveOverlay"] ParticleIDUsed                                                       0
[ DEBUG5 "MyRemoveOverlay"] GoodnessOfPID                                                 0.00e+00
[ DEBUG5 "MyRemoveOverlay"] Covariance p,E:  1.11e-03, 2.64e-03, 6.42e-03, -2.06e-02, -5.02e-02, 
[ DEBUG5 "MyRemoveOverlay"]                  3.94e-01, 2.08e-02, 5.07e-02, -3.98e-01, 4.02e-01
[ DEBUG5 "MyRemoveOverlay"] Particles id:    
[ DEBUG5 "MyRemoveOverlay"] Tracks id:    
[ DEBUG5 "MyRemoveOverlay"] Clusters id:  [00024061]
[ DEBUG5 "MyRemoveOverlay"] Particle ids ( [id], PDG, (type)): 
[ DEBUG5 "MyRemoveOverlay"]                  [00024278], 000000, (000000) 
[ DEBUG5 "MyRemoveOverlay"]                  [00024279], 000000, (000000) 
[ DEBUG5 "MyRemoveOverlay"]                  [00024280], 000000, (000000) 
[ DEBUG5 "MyRemoveOverlay"]                  [00024281], 000000, (000000) 
[ DEBUG5 "MyRemoveOverlay"] 
[ DEBUG5 "MyRemoveOverlay"] 
[ DEBUG6 "MyRemoveOverlay"] 		Cluster is not linked to a MCParticle
[ DEBUG7 "MyRemoveOverlay"] 		********** PFO AT INDEX 38 IS NOT OVERLAY **********
[ DEBUG8 "MyRemoveOverlay"] 
[ DEBUG8 "MyRemoveOverlay"] 		-------------------------------------------------------
[ DEBUG8 "MyRemoveOverlay"] 		Processing PFO at index 39
[ DEBUG5 "MyRemoveOverlay"] ------------------ ReconstructedParticle -----------------------------
[ DEBUG5 "MyRemoveOverlay"] Id                                                             0x24282
[ DEBUG5 "MyRemoveOverlay"] Compound                                                             0
[ DEBUG5 "MyRemoveOverlay"] Type                                                                22
[ DEBUG5 "MyRemoveOverlay"] Momentum (x,y,z)                       +7.94e-01, +2.22e+00, -1.62e+01
[ DEBUG5 "MyRemoveOverlay"] Mass [GeV]                                                    0.00e+00
[ DEBUG5 "MyRemoveOverlay"] Charge [e]                                                    0.00e+00
[ DEBUG5 "MyRemoveOverlay"] Energy [GeV]                                                  1.64e+01
[ DEBUG5 "MyRemoveOverlay"] ReferencePoint                         +1.22e+02, +3.42e+02, -2.50e+03
[ DEBUG5 "MyRemoveOverlay"] ParticleIDUsed                                                       0
[ DEBUG5 "MyRemoveOverlay"] GoodnessOfPID                                                 0.00e+00
[ DEBUG5 "MyRemoveOverlay"] Covariance p,E:  1.21e-03, 3.29e-03, 9.31e-03, -2.42e-02, -6.74e-02, 
[ DEBUG5 "MyRemoveOverlay"]                  4.94e-01, 2.44e-02, 6.81e-02, -4.99e-01, 5.04e-01
[ DEBUG5 "MyRemoveOverlay"] Particles id:    
[ DEBUG5 "MyRemoveOverlay"] Tracks id:    
[ DEBUG5 "MyRemoveOverlay"] Clusters id:  [00024062]
[ DEBUG5 "MyRemoveOverlay"] Particle ids ( [id], PDG, (type)): 
[ DEBUG5 "MyRemoveOverlay"]                  [00024283], 000000, (000000) 
[ DEBUG5 "MyRemoveOverlay"]                  [00024284], 000000, (000000) 
[ DEBUG5 "MyRemoveOverlay"]                  [00024285], 000000, (000000) 
[ DEBUG5 "MyRemoveOverlay"]                  [00024286], 000000, (000000) 
[ DEBUG5 "MyRemoveOverlay"] 
[ DEBUG5 "MyRemoveOverlay"] 
[ DEBUG0 "MyRemoveOverlay"] 	MCParticle at index: 3 has PDG: 22 and MCParticle to Cluster link weight is 9.40e-01
[ DEBUG0 "MyRemoveOverlay"] 	MCParticle at index: 3 with PDG code: 22 has highest link weight to input cluster
[ DEBUG6 "MyRemoveOverlay"] 		Cluster is not linked to a MCParticle
[ DEBUG7 "MyRemoveOverlay"] 		********** PFO AT INDEX 39 IS NOT OVERLAY **********
[ DEBUG8 "MyRemoveOverlay"] 
[ DEBUG8 "MyRemoveOverlay"] 		-------------------------------------------------------
[ DEBUG8 "MyRemoveOverlay"] 		Processing PFO at index 40
[ DEBUG5 "MyRemoveOverlay"] ------------------ ReconstructedParticle -----------------------------
[ DEBUG5 "MyRemoveOverlay"] Id                                                             0x24287
[ DEBUG5 "MyRemoveOverlay"] Compound                                                             0
[ DEBUG5 "MyRemoveOverlay"] Type                                                              2112
[ DEBUG5 "MyRemoveOverlay"] Momentum (x,y,z)                       +3.72e-01, +6.94e-01, -6.67e+00
[ DEBUG5 "MyRemoveOverlay"] Mass [GeV]                                                    9.40e-01
[ DEBUG5 "MyRemoveOverlay"] Charge [e]                                                    0.00e+00
[ DEBUG5 "MyRemoveOverlay"] Energy [GeV]                                                  6.71e+00
[ DEBUG5 "MyRemoveOverlay"] ReferencePoint                         +1.48e+02, +2.76e+02, -2.65e+03
[ DEBUG5 "MyRemoveOverlay"] ParticleIDUsed                                                       0
[ DEBUG5 "MyRemoveOverlay"] GoodnessOfPID                                                 0.00e+00
[ DEBUG5 "MyRemoveOverlay"] Covariance p,E:  8.16e-03, 1.46e-02, 2.77e-02, -1.38e-01, -2.57e-01, 
[ DEBUG5 "MyRemoveOverlay"]                  2.47e+00, 1.38e-01, 2.57e-01, -2.46e+00, 2.46e+00
[ DEBUG5 "MyRemoveOverlay"] Particles id:    
[ DEBUG5 "MyRemoveOverlay"] Tracks id:    
[ DEBUG5 "MyRemoveOverlay"] Clusters id:  [00024063]
[ DEBUG5 "MyRemoveOverlay"] Particle ids ( [id], PDG, (type)): 
[ DEBUG5 "MyRemoveOverlay"]                  [00024288], 000000, (000000) 
[ DEBUG5 "MyRemoveOverlay"]                  [00024289], 000000, (000000) 
[ DEBUG5 "MyRemoveOverlay"]                  [00024290], 000000, (000000) 
[ DEBUG5 "MyRemoveOverlay"]                  [00024291], 000000, (000000) 
[ DEBUG5 "MyRemoveOverlay"] 
[ DEBUG5 "MyRemoveOverlay"] 
[ DEBUG6 "MyRemoveOverlay"] 		Cluster is not linked to a MCParticle
[ DEBUG7 "MyRemoveOverlay"] 		********** PFO AT INDEX 40 IS NOT OVERLAY **********
[ DEBUG9 "MyRemoveOverlay"] 	CHECK : processed event: 182408 (Number of inputPFOS: 41 , Number of outputPFOs: 41)
[ WARNING "mytruejet"]  processing event: 182409   in run:  500076
[ MESSAGE4 "mytruejet"]  =====================================
[ MESSAGE "MyChargedPFOCorrection"] 
[ MESSAGE "MyChargedPFOCorrection"] 	////////////////////////////////////////////////////////////////////////////
[ MESSAGE "MyChargedPFOCorrection"] 	////////////////////	Processing event 	182409	////////////////////
[ MESSAGE "MyChargedPFOCorrection"] 	////////////////////////////////////////////////////////////////////////////
[ MESSAGE "MyAddNeutralPFOCovMat"] 
[ MESSAGE "MyAddNeutralPFOCovMat"] 	////////////////////////////////////////////////////////////////////////////
[ MESSAGE "MyAddNeutralPFOCovMat"] 	////////////////////	Processing event 	182409	////////////////////
[ MESSAGE "MyAddNeutralPFOCovMat"] 	////////////////////////////////////////////////////////////////////////////
[ MESSAGE "MyRemoveOverlay"] 
[ MESSAGE "MyRemoveOverlay"] 		////////////////////////////////////////////////////////////////////////////
[ MESSAGE "MyRemoveOverlay"] 		////////////////////	Processing event 	182409	////////////////////
[ MESSAGE "MyRemoveOverlay"] 		////////////////////////////////////////////////////////////////////////////
[ DEBUG9 "MyRemoveOverlay"] 		Total Number of PFOs: 56
[ DEBUG8 "MyRemoveOverlay"] 
[ DEBUG8 "MyRemoveOverlay"] 		-------------------------------------------------------
[ DEBUG8 "MyRemoveOverlay"] 		Processing PFO at index 0
[ DEBUG5 "MyRemoveOverlay"] ------------------ ReconstructedParticle -----------------------------
[ DEBUG5 "MyRemoveOverlay"] Id                                                             0x26296
[ DEBUG5 "MyRemoveOverlay"] Compound                                                             0
[ DEBUG5 "MyRemoveOverlay"] Type                                                               211
[ DEBUG5 "MyRemoveOverlay"] Momentum (x,y,z)                       +2.51e-01, -5.13e-01, -2.56e-01
[ DEBUG5 "MyRemoveOverlay"] Mass [GeV]                                                    1.40e-01
[ DEBUG5 "MyRemoveOverlay"] Charge [e]                                                    1.00e+00
[ DEBUG5 "MyRemoveOverlay"] Energy [GeV]                                                  6.42e-01
[ DEBUG5 "MyRemoveOverlay"] ReferencePoint                         +6.89e+00, -1.47e+01, -6.96e+00
[ DEBUG5 "MyRemoveOverlay"] ParticleIDUsed                                                       0
[ DEBUG5 "MyRemoveOverlay"] GoodnessOfPID                                                 0.00e+00
[ DEBUG5 "MyRemoveOverlay"] Covariance p,E:  4.68e-07, 8.73e-08, 3.69e-07, 3.61e-08, -7.97e-08, 
[ DEBUG5 "MyRemoveOverlay"]                  4.76e-07, 9.89e-08, -2.30e-07, -1.12e-07, 2.67e-07
[ DEBUG5 "MyRemoveOverlay"] Particles id:    
[ DEBUG5 "MyRemoveOverlay"] Tracks id:    [00025858]
[ DEBUG5 "MyRemoveOverlay"] Clusters id:  [00026241]
[ DEBUG5 "MyRemoveOverlay"] Particle ids ( [id], PDG, (type)): 
[ DEBUG5 "MyRemoveOverlay"]                  [00026297], 000211, (000000) 
[ DEBUG5 "MyRemoveOverlay"]                  [00026298], 000000, (000000) 
[ DEBUG5 "MyRemoveOverlay"]                  [00026299], 000000, (000000) 
[ DEBUG5 "MyRemoveOverlay"]                  [00026300], 000000, (000000) 
[ DEBUG5 "MyRemoveOverlay"]                  [00026301], 000000, (000000) 
[ DEBUG5 "MyRemoveOverlay"]                  [00026302], 000000, (000000) 
[ DEBUG5 "MyRemoveOverlay"]                  [00026303], 000011, (000000) 
[ DEBUG5 "MyRemoveOverlay"]                  [00026304], 000011, (000000) 
[ DEBUG5 "MyRemoveOverlay"]                  [00026305], 000211, (000000) 
[ DEBUG5 "MyRemoveOverlay"] 
[ DEBUG5 "MyRemoveOverlay"] 
[ DEBUG0 "MyRemoveOverlay"] 	MCParticle at index: 0 has PDG: 211 and MCParticle to Track link weight is 1.00e+00
[ DEBUG0 "MyRemoveOverlay"] 	MCParticle at index: 0 with PDG code: 211 has highest link weight to input track
[ DEBUG6 "MyRemoveOverlay"] 		Track is not linked to a MCParticle
[ DEBUG0 "MyRemoveOverlay"] 	MCParticle at index: 0 has PDG: 211 and MCParticle to Cluster link weight is 1.00e+00
[ DEBUG0 "MyRemoveOverlay"] 	MCParticle at index: 0 with PDG code: 211 has highest link weight to input cluster
[ DEBUG0 "MyRemoveOverlay"] 	Cluster at index: 0 has highest link weight to MCParticle = 9.83e-01
[ DEBUG0 "MyRemoveOverlay"] 	Cluster linked to MCParticle with highest weight
[ DEBUG6 "MyRemoveOverlay"] 		Found a linked MCParticle to cluster
[ DEBUG5 "MyRemoveOverlay"] ----------------------------- MCParticle -----------------------------
[ DEBUG5 "MyRemoveOverlay"] Id                                                               25415
[ DEBUG5 "MyRemoveOverlay"] PDG                                                                211
[ DEBUG5 "MyRemoveOverlay"] Energy [GeV]                                                  6.43e-01
[ DEBUG5 "MyRemoveOverlay"] Momentum [GeV] (x,y,z)                  0.250356, -0.514448, -0.257081
[ DEBUG5 "MyRemoveOverlay"] Momentum at Endpoint[GeV] (x,y,z)                                 0, 0, -0
[ DEBUG5 "MyRemoveOverlay"] GeneratorStatus                                                      1
[ DEBUG5 "MyRemoveOverlay"] Vertex [mm] (x,y,z)                                     0, 0, 0.347737
[ DEBUG5 "MyRemoveOverlay"] Endpoint [mm] (x,y,z)                     -982.763, -146.792, -2453.46
[ DEBUG5 "MyRemoveOverlay"] Mass [GeV]                                                    1.40e-01
[ DEBUG5 "MyRemoveOverlay"] Charge                                                        1.00e+00
[ DEBUG5 "MyRemoveOverlay"] Parents                                                              1
[ DEBUG5 "MyRemoveOverlay"] Daughters                                                            0
[ DEBUG5 "MyRemoveOverlay"] simulator status bits: [sbvtcls]  s: created in simulation b: backscatter v: vertex is not endpoint of parent t: decayed in tracker c: decayed in calorimeter l: has left detector s: stopped o: overlay
[ DEBUG5 "MyRemoveOverlay"] [    c s ]
[ DEBUG5 "MyRemoveOverlay"] 
[ DEBUG7 "MyRemoveOverlay"] 		********** PFO AT INDEX 0 IS NOT OVERLAY **********
[ DEBUG8 "MyRemoveOverlay"] 
[ DEBUG8 "MyRemoveOverlay"] 		-------------------------------------------------------
[ DEBUG8 "MyRemoveOverlay"] 		Processing PFO at index 1
[ DEBUG5 "MyRemoveOverlay"] ------------------ ReconstructedParticle -----------------------------
[ DEBUG5 "MyRemoveOverlay"] Id                                                             0x26306
[ DEBUG5 "MyRemoveOverlay"] Compound                                                             0
[ DEBUG5 "MyRemoveOverlay"] Type                                                               -13
[ DEBUG5 "MyRemoveOverlay"] Momentum (x,y,z)                       -6.88e-01, -8.32e-01, -5.15e+00
[ DEBUG5 "MyRemoveOverlay"] Mass [GeV]                                                    1.06e-01
[ DEBUG5 "MyRemoveOverlay"] Charge [e]                                                    1.00e+00
[ DEBUG5 "MyRemoveOverlay"] Energy [GeV]                                                  5.27e+00
[ DEBUG5 "MyRemoveOverlay"] ReferencePoint                         -2.98e+01, -3.47e+01, -2.18e+02
[ DEBUG5 "MyRemoveOverlay"] ParticleIDUsed                                                       0
[ DEBUG5 "MyRemoveOverlay"] GoodnessOfPID                                                 0.00e+00
[ DEBUG5 "MyRemoveOverlay"] Covariance p,E:  7.88e-05, 3.28e-05, 7.90e-05, 2.12e-04, 2.26e-04, 
[ DEBUG5 "MyRemoveOverlay"]                  1.52e-03, -2.23e-04, -2.38e-04, -1.56e-03, 1.59e-03
[ DEBUG5 "MyRemoveOverlay"] Particles id:    
[ DEBUG5 "MyRemoveOverlay"] Tracks id:    [00025913]
[ DEBUG5 "MyRemoveOverlay"] Clusters id:  [00026242]
[ DEBUG5 "MyRemoveOverlay"] Particle ids ( [id], PDG, (type)): 
[ DEBUG5 "MyRemoveOverlay"]                  [00026307], 000211, (000000) 
[ DEBUG5 "MyRemoveOverlay"]                  [00026308], 000000, (000000) 
[ DEBUG5 "MyRemoveOverlay"]                  [00026309], 000000, (000000) 
[ DEBUG5 "MyRemoveOverlay"]                  [00026310], 000000, (000000) 
[ DEBUG5 "MyRemoveOverlay"]                  [00026311], 000000, (000000) 
[ DEBUG5 "MyRemoveOverlay"]                  [00026312], 000000, (000000) 
[ DEBUG5 "MyRemoveOverlay"]                  [00026313], 000013, (000000) 
[ DEBUG5 "MyRemoveOverlay"]                  [00026314], 000013, (000000) 
[ DEBUG5 "MyRemoveOverlay"]                  [00026315], 000013, (000000) 
[ DEBUG5 "MyRemoveOverlay"] 
[ DEBUG5 "MyRemoveOverlay"] 
[ DEBUG0 "MyRemoveOverlay"] 	MCParticle at index: 0 has PDG: -13 and MCParticle to Track link weight is 1.00e+00
[ DEBUG0 "MyRemoveOverlay"] 	MCParticle at index: 0 with PDG code: -13 has highest link weight to input track
[ DEBUG0 "MyRemoveOverlay"] 	Track at index: 0 has highest link weight to MCParticle = 9.60e-01
[ DEBUG0 "MyRemoveOverlay"] 	Track linked to MCParticle with highest weight
[ DEBUG6 "MyRemoveOverlay"] 		Found a linked MCParticle to track
[ DEBUG5 "MyRemoveOverlay"] ----------------------------- MCParticle -----------------------------
[ DEBUG5 "MyRemoveOverlay"] Id                                                               25347
[ DEBUG5 "MyRemoveOverlay"] PDG                                                                -13
[ DEBUG5 "MyRemoveOverlay"] Energy [GeV]                                                  5.23e+00
[ DEBUG5 "MyRemoveOverlay"] Momentum [GeV] (x,y,z)                  -0.679321, -0.828933, -5.12175
[ DEBUG5 "MyRemoveOverlay"] Momentum at Endpoint[GeV] (x,y,z)         -0.0928512, 0.0954105, -0.145122
[ DEBUG5 "MyRemoveOverlay"] GeneratorStatus                                                      1
[ DEBUG5 "MyRemoveOverlay"] Vertex [mm] (x,y,z)                                     0, 0, 0.347737
[ DEBUG5 "MyRemoveOverlay"] Endpoint [mm] (x,y,z)                        -6817.08, 5292.54, -15000
[ DEBUG5 "MyRemoveOverlay"] Mass [GeV]                                                    1.06e-01
[ DEBUG5 "MyRemoveOverlay"] Charge                                                        1.00e+00
[ DEBUG5 "MyRemoveOverlay"] Parents                                                              1
[ DEBUG5 "MyRemoveOverlay"] Daughters                                                            0
[ DEBUG5 "MyRemoveOverlay"] simulator status bits: [sbvtcls]  s: created in simulation b: backscatter v: vertex is not endpoint of parent t: decayed in tracker c: decayed in calorimeter l: has left detector s: stopped o: overlay
[ DEBUG5 "MyRemoveOverlay"] [     l  ]
[ DEBUG5 "MyRemoveOverlay"] 
[ DEBUG0 "MyRemoveOverlay"] 	MCParticle at index: 0 has PDG: -13 and MCParticle to Cluster link weight is 9.86e-01
[ DEBUG0 "MyRemoveOverlay"] 	MCParticle at index: 0 with PDG code: -13 has highest link weight to input cluster
[ DEBUG0 "MyRemoveOverlay"] 	Cluster at index: 0 has highest link weight to MCParticle = 9.34e-01
[ DEBUG0 "MyRemoveOverlay"] 	Cluster linked to MCParticle with highest weight
[ DEBUG6 "MyRemoveOverlay"] 		Found a linked MCParticle to cluster
[ DEBUG5 "MyRemoveOverlay"] ----------------------------- MCParticle -----------------------------
[ DEBUG5 "MyRemoveOverlay"] Id                                                               25347
[ DEBUG5 "MyRemoveOverlay"] PDG                                                                -13
[ DEBUG5 "MyRemoveOverlay"] Energy [GeV]                                                  5.23e+00
[ DEBUG5 "MyRemoveOverlay"] Momentum [GeV] (x,y,z)                  -0.679321, -0.828933, -5.12175
[ DEBUG5 "MyRemoveOverlay"] Momentum at Endpoint[GeV] (x,y,z)         -0.0928512, 0.0954105, -0.145122
[ DEBUG5 "MyRemoveOverlay"] GeneratorStatus                                                      1
[ DEBUG5 "MyRemoveOverlay"] Vertex [mm] (x,y,z)                                     0, 0, 0.347737
[ DEBUG5 "MyRemoveOverlay"] Endpoint [mm] (x,y,z)                        -6817.08, 5292.54, -15000
[ DEBUG5 "MyRemoveOverlay"] Mass [GeV]                                                    1.06e-01
[ DEBUG5 "MyRemoveOverlay"] Charge                                                        1.00e+00
[ DEBUG5 "MyRemoveOverlay"] Parents                                                              1
[ DEBUG5 "MyRemoveOverlay"] Daughters                                                            0
[ DEBUG5 "MyRemoveOverlay"] simulator status bits: [sbvtcls]  s: created in simulation b: backscatter v: vertex is not endpoint of parent t: decayed in tracker c: decayed in calorimeter l: has left detector s: stopped o: overlay
[ DEBUG5 "MyRemoveOverlay"] [     l  ]
[ DEBUG5 "MyRemoveOverlay"] 
[ DEBUG7 "MyRemoveOverlay"] 		********** PFO AT INDEX 1 IS NOT OVERLAY **********
[ DEBUG8 "MyRemoveOverlay"] 
[ DEBUG8 "MyRemoveOverlay"] 		-------------------------------------------------------
[ DEBUG8 "MyRemoveOverlay"] 		Processing PFO at index 2
[ DEBUG5 "MyRemoveOverlay"] ------------------ ReconstructedParticle -----------------------------
[ DEBUG5 "MyRemoveOverlay"] Id                                                             0x26316
[ DEBUG5 "MyRemoveOverlay"] Compound                                                             0
[ DEBUG5 "MyRemoveOverlay"] Type                                                               211
[ DEBUG5 "MyRemoveOverlay"] Momentum (x,y,z)                       +6.25e-02, +6.19e-02, -2.56e-01
[ DEBUG5 "MyRemoveOverlay"] Mass [GeV]                                                    1.40e-01
[ DEBUG5 "MyRemoveOverlay"] Charge [e]                                                    1.00e+00
[ DEBUG5 "MyRemoveOverlay"] Energy [GeV]                                                  3.05e-01
[ DEBUG5 "MyRemoveOverlay"] ReferencePoint                         +1.55e+01, +1.10e+01, -6.01e+01
[ DEBUG5 "MyRemoveOverlay"] ParticleIDUsed                                                       0
[ DEBUG5 "MyRemoveOverlay"] GoodnessOfPID                                                 0.00e+00
[ DEBUG5 "MyRemoveOverlay"] Covariance p,E:  1.84e-05, 7.87e-06, 5.59e-06, -4.90e-05, -2.43e-05, 
[ DEBUG5 "MyRemoveOverlay"]                  1.54e-04, 4.66e-05, 2.32e-05, -1.45e-04, 1.36e-04
[ DEBUG5 "MyRemoveOverlay"] Particles id:    
[ DEBUG5 "MyRemoveOverlay"] Tracks id:    [00025948]
[ DEBUG5 "MyRemoveOverlay"] Clusters id:  [00026243]
[ DEBUG5 "MyRemoveOverlay"] Particle ids ( [id], PDG, (type)): 
[ DEBUG5 "MyRemoveOverlay"]                  [00026317], 000211, (000000) 
[ DEBUG5 "MyRemoveOverlay"]                  [00026318], 000011, (000000) 
[ DEBUG5 "MyRemoveOverlay"]                  [00026319], 000011, (000000) 
[ DEBUG5 "MyRemoveOverlay"]                  [00026320], 000011, (000000) 
[ DEBUG5 "MyRemoveOverlay"]                  [00026321], 000011, (000000) 
[ DEBUG5 "MyRemoveOverlay"] 
[ DEBUG5 "MyRemoveOverlay"] 
[ DEBUG0 "MyRemoveOverlay"] 	MCParticle at index: 0 has PDG: -11 and MCParticle to Track link weight is 1.00e+00
[ DEBUG0 "MyRemoveOverlay"] 	MCParticle at index: 0 with PDG code: -11 has highest link weight to input track
[ DEBUG6 "MyRemoveOverlay"] 		Track is not linked to a MCParticle
[ DEBUG0 "MyRemoveOverlay"] 	MCParticle at index: 0 has PDG: -211 and MCParticle to Cluster link weight is 1.00e+00
[ DEBUG0 "MyRemoveOverlay"] 	MCParticle at index: 0 with PDG code: -211 has highest link weight to input cluster
[ DEBUG6 "MyRemoveOverlay"] 		Cluster is not linked to a MCParticle
[ DEBUG7 "MyRemoveOverlay"] 		********** PFO AT INDEX 2 IS NOT OVERLAY **********
[ DEBUG8 "MyRemoveOverlay"] 
[ DEBUG8 "MyRemoveOverlay"] 		-------------------------------------------------------
[ DEBUG8 "MyRemoveOverlay"] 		Processing PFO at index 3
[ DEBUG5 "MyRemoveOverlay"] ------------------ ReconstructedParticle -----------------------------
[ DEBUG5 "MyRemoveOverlay"] Id                                                             0x26322
[ DEBUG5 "MyRemoveOverlay"] Compound                                                             0
[ DEBUG5 "MyRemoveOverlay"] Type                                                               211
[ DEBUG5 "MyRemoveOverlay"] Momentum (x,y,z)                       +2.88e-01, -3.26e-02, -1.15e+00
[ DEBUG5 "MyRemoveOverlay"] Mass [GeV]                                                    1.40e-01
[ DEBUG5 "MyRemoveOverlay"] Charge [e]                                                    1.00e+00
[ DEBUG5 "MyRemoveOverlay"] Energy [GeV]                                                  1.19e+00
[ DEBUG5 "MyRemoveOverlay"] ReferencePoint                         +5.38e+01, -1.14e+01, -2.18e+02
[ DEBUG5 "MyRemoveOverlay"] ParticleIDUsed                                                       0
[ DEBUG5 "MyRemoveOverlay"] GoodnessOfPID                                                 0.00e+00
[ DEBUG5 "MyRemoveOverlay"] Covariance p,E:  9.16e-06, -1.62e-06, 7.62e-06, -9.25e-06, 3.78e-06, 
[ DEBUG5 "MyRemoveOverlay"]                  4.52e-05, 1.12e-05, -4.24e-06, -4.59e-05, 4.70e-05
[ DEBUG5 "MyRemoveOverlay"] Particles id:    
[ DEBUG5 "MyRemoveOverlay"] Tracks id:    [00025908]
[ DEBUG5 "MyRemoveOverlay"] Clusters id:  [00026244]
[ DEBUG5 "MyRemoveOverlay"] Particle ids ( [id], PDG, (type)): 
[ DEBUG5 "MyRemoveOverlay"]                  [00026323], 000211, (000000) 
[ DEBUG5 "MyRemoveOverlay"]                  [00026324], 000321, (000000) 
[ DEBUG5 "MyRemoveOverlay"]                  [00026325], 000000, (000000) 
[ DEBUG5 "MyRemoveOverlay"]                  [00026326], 000000, (000000) 
[ DEBUG5 "MyRemoveOverlay"]                  [00026327], 000000, (000000) 
[ DEBUG5 "MyRemoveOverlay"]                  [00026328], 000000, (000000) 
[ DEBUG5 "MyRemoveOverlay"]                  [00026329], 000011, (000000) 
[ DEBUG5 "MyRemoveOverlay"]                  [00026330], 000011, (000000) 
[ DEBUG5 "MyRemoveOverlay"]                  [00026331], 000211, (000000) 
[ DEBUG5 "MyRemoveOverlay"] 
[ DEBUG5 "MyRemoveOverlay"] 
[ DEBUG0 "MyRemoveOverlay"] 	MCParticle at index: 0 has PDG: 211 and MCParticle to Track link weight is 1.00e+00
[ DEBUG0 "MyRemoveOverlay"] 	MCParticle at index: 0 with PDG code: 211 has highest link weight to input track
[ DEBUG6 "MyRemoveOverlay"] 		Track is not linked to a MCParticle
[ DEBUG0 "MyRemoveOverlay"] 	MCParticle at index: 2 has PDG: 211 and MCParticle to Cluster link weight is 9.37e-01
[ DEBUG0 "MyRemoveOverlay"] 	MCParticle at index: 2 with PDG code: 211 has highest link weight to input cluster
[ DEBUG0 "MyRemoveOverlay"] 	Cluster at index: 0 has highest link weight to MCParticle = 9.97e-01
[ DEBUG0 "MyRemoveOverlay"] 	Cluster linked to MCParticle with highest weight
[ DEBUG6 "MyRemoveOverlay"] 		Found a linked MCParticle to cluster
[ DEBUG5 "MyRemoveOverlay"] ----------------------------- MCParticle -----------------------------
[ DEBUG5 "MyRemoveOverlay"] Id                                                               25501
[ DEBUG5 "MyRemoveOverlay"] PDG                                                                211
[ DEBUG5 "MyRemoveOverlay"] Energy [GeV]                                                  1.20e+00
[ DEBUG5 "MyRemoveOverlay"] Momentum [GeV] (x,y,z)                  0.292037, -0.0326334, -1.15922
[ DEBUG5 "MyRemoveOverlay"] Momentum at Endpoint[GeV] (x,y,z)                               -0, -0, -0
[ DEBUG5 "MyRemoveOverlay"] GeneratorStatus                                                      1
[ DEBUG5 "MyRemoveOverlay"] Vertex [mm] (x,y,z)                                     0, 0, 0.136233
[ DEBUG5 "MyRemoveOverlay"] Endpoint [mm] (x,y,z)                       156.618, -472.265, -2493.7
[ DEBUG5 "MyRemoveOverlay"] Mass [GeV]                                                    1.40e-01
[ DEBUG5 "MyRemoveOverlay"] Charge                                                        1.00e+00
[ DEBUG5 "MyRemoveOverlay"] Parents                                                              2
[ DEBUG5 "MyRemoveOverlay"] Daughters                                                            0
[ DEBUG5 "MyRemoveOverlay"] simulator status bits: [sbvtcls]  s: created in simulation b: backscatter v: vertex is not endpoint of parent t: decayed in tracker c: decayed in calorimeter l: has left detector s: stopped o: overlay
[ DEBUG5 "MyRemoveOverlay"] [    c so]
[ DEBUG5 "MyRemoveOverlay"] 
[ DEBUG7 "MyRemoveOverlay"] 		********** PFO AT INDEX 3 IS OVERLAY **********
[ DEBUG8 "MyRemoveOverlay"] 
[ DEBUG8 "MyRemoveOverlay"] 		-------------------------------------------------------
[ DEBUG8 "MyRemoveOverlay"] 		Processing PFO at index 4
[ DEBUG5 "MyRemoveOverlay"] ------------------ ReconstructedParticle -----------------------------
[ DEBUG5 "MyRemoveOverlay"] Id                                                             0x26332
[ DEBUG5 "MyRemoveOverlay"] Compound                                                             0
[ DEBUG5 "MyRemoveOverlay"] Type                                                               211
[ DEBUG5 "MyRemoveOverlay"] Momentum (x,y,z)                       +3.88e-01, +2.40e-01, -8.18e-01
[ DEBUG5 "MyRemoveOverlay"] Mass [GeV]                                                    1.40e-01
[ DEBUG5 "MyRemoveOverlay"] Charge [e]                                                    1.00e+00
[ DEBUG5 "MyRemoveOverlay"] Energy [GeV]                                                  9.47e-01
[ DEBUG5 "MyRemoveOverlay"] ReferencePoint                         +1.12e+02, +5.26e+01, -2.21e+02
[ DEBUG5 "MyRemoveOverlay"] ParticleIDUsed                                                       0
[ DEBUG5 "MyRemoveOverlay"] GoodnessOfPID                                                 0.00e+00
[ DEBUG5 "MyRemoveOverlay"] Covariance p,E:  8.24e-06, -1.14e-06, 6.22e-06, 1.79e-06, 6.67e-07, 
[ DEBUG5 "MyRemoveOverlay"]                  4.06e-06, 1.55e-06, 5.34e-07, -2.60e-06, 3.02e-06
[ DEBUG5 "MyRemoveOverlay"] Particles id:    
[ DEBUG5 "MyRemoveOverlay"] Tracks id:    [00025923]
[ DEBUG5 "MyRemoveOverlay"] Clusters id:  [00026245]
[ DEBUG5 "MyRemoveOverlay"] Particle ids ( [id], PDG, (type)): 
[ DEBUG5 "MyRemoveOverlay"]                  [00026333], 000211, (000000) 
[ DEBUG5 "MyRemoveOverlay"]                  [00026334], 000321, (000000) 
[ DEBUG5 "MyRemoveOverlay"]                  [00026335], 000000, (000000) 
[ DEBUG5 "MyRemoveOverlay"]                  [00026336], 000000, (000000) 
[ DEBUG5 "MyRemoveOverlay"]                  [00026337], 000000, (000000) 
[ DEBUG5 "MyRemoveOverlay"]                  [00026338], 000000, (000000) 
[ DEBUG5 "MyRemoveOverlay"]                  [00026339], 000211, (000000) 
[ DEBUG5 "MyRemoveOverlay"]                  [00026340], 000211, (000000) 
[ DEBUG5 "MyRemoveOverlay"]                  [00026341], 000211, (000000) 
[ DEBUG5 "MyRemoveOverlay"] 
[ DEBUG5 "MyRemoveOverlay"] 
[ DEBUG0 "MyRemoveOverlay"] 	MCParticle at index: 0 has PDG: 211 and MCParticle to Track link weight is 1.00e+00
[ DEBUG0 "MyRemoveOverlay"] 	MCParticle at index: 0 with PDG code: 211 has highest link weight to input track
[ DEBUG6 "MyRemoveOverlay"] 		Track is not linked to a MCParticle
[ DEBUG0 "MyRemoveOverlay"] 	MCParticle at index: 0 has PDG: 211 and MCParticle to Cluster link weight is 1.00e+00
[ DEBUG0 "MyRemoveOverlay"] 	MCParticle at index: 0 with PDG code: 211 has highest link weight to input cluster
[ DEBUG6 "MyRemoveOverlay"] 		Cluster is not linked to a MCParticle
[ DEBUG7 "MyRemoveOverlay"] 		********** PFO AT INDEX 4 IS NOT OVERLAY **********
[ DEBUG8 "MyRemoveOverlay"] 
[ DEBUG8 "MyRemoveOverlay"] 		-------------------------------------------------------
[ DEBUG8 "MyRemoveOverlay"] 		Processing PFO at index 5
[ DEBUG5 "MyRemoveOverlay"] ------------------ ReconstructedParticle -----------------------------
[ DEBUG5 "MyRemoveOverlay"] Id                                                             0x26342
[ DEBUG5 "MyRemoveOverlay"] Compound                                                             0
[ DEBUG5 "MyRemoveOverlay"] Type                                                              -211
[ DEBUG5 "MyRemoveOverlay"] Momentum (x,y,z)                       -3.71e-01, -1.70e-01, -7.84e-01
[ DEBUG5 "MyRemoveOverlay"] Mass [GeV]                                                    1.40e-01
[ DEBUG5 "MyRemoveOverlay"] Charge [e]                                                   -1.00e+00
[ DEBUG5 "MyRemoveOverlay"] Energy [GeV]                                                  8.95e-01
[ DEBUG5 "MyRemoveOverlay"] ReferencePoint                         -1.45e+01, -7.02e+00, -3.12e+01
[ DEBUG5 "MyRemoveOverlay"] ParticleIDUsed                                                       0
[ DEBUG5 "MyRemoveOverlay"] GoodnessOfPID                                                 0.00e+00
[ DEBUG5 "MyRemoveOverlay"] Covariance p,E:  1.04e-06, 1.04e-07, 1.06e-06, 4.65e-07, 2.43e-07, 
[ DEBUG5 "MyRemoveOverlay"]                  1.85e-06, -8.58e-07, -4.57e-07, -1.86e-06, 2.08e-06
[ DEBUG5 "MyRemoveOverlay"] Particles id:    
[ DEBUG5 "MyRemoveOverlay"] Tracks id:    [00025893]
[ DEBUG5 "MyRemoveOverlay"] Clusters id:  
[ DEBUG5 "MyRemoveOverlay"] Particle ids ( [id], PDG, (type)): 
[ DEBUG5 "MyRemoveOverlay"]                  [00026343], 000211, (000000) 
[ DEBUG5 "MyRemoveOverlay"]                  [00026344], 000211, (000000) 
[ DEBUG5 "MyRemoveOverlay"]                  [00026345], 000011, (000000) 
[ DEBUG5 "MyRemoveOverlay"]                  [00026346], 000011, (000000) 
[ DEBUG5 "MyRemoveOverlay"]                  [00026347], 000000, (000000) 
[ DEBUG5 "MyRemoveOverlay"] 
[ DEBUG5 "MyRemoveOverlay"] 
[ DEBUG0 "MyRemoveOverlay"] 	MCParticle at index: 0 has PDG: -211 and MCParticle to Track link weight is 1.00e+00
[ DEBUG0 "MyRemoveOverlay"] 	MCParticle at index: 0 with PDG code: -211 has highest link weight to input track
[ DEBUG0 "MyRemoveOverlay"] 	Track at index: 0 has highest link weight to MCParticle = 9.49e-01
[ DEBUG0 "MyRemoveOverlay"] 	Track linked to MCParticle with highest weight
[ DEBUG6 "MyRemoveOverlay"] 		Found a linked MCParticle to track
[ DEBUG5 "MyRemoveOverlay"] ----------------------------- MCParticle -----------------------------
[ DEBUG5 "MyRemoveOverlay"] Id                                                               25523
[ DEBUG5 "MyRemoveOverlay"] PDG                                                               -211
[ DEBUG5 "MyRemoveOverlay"] Energy [GeV]                                                  8.97e-01
[ DEBUG5 "MyRemoveOverlay"] Momentum [GeV] (x,y,z)                 -0.371348, -0.169951, -0.786903
[ DEBUG5 "MyRemoveOverlay"] Momentum at Endpoint[GeV] (x,y,z)                                 0, 0, -0
[ DEBUG5 "MyRemoveOverlay"] GeneratorStatus                                                      1
[ DEBUG5 "MyRemoveOverlay"] Vertex [mm] (x,y,z)                                   0, 0, -0.0975389
[ DEBUG5 "MyRemoveOverlay"] Endpoint [mm] (x,y,z)                      320.078, -707.439, -2303.43
[ DEBUG5 "MyRemoveOverlay"] Mass [GeV]                                                    1.40e-01
[ DEBUG5 "MyRemoveOverlay"] Charge                                                       -1.00e+00
[ DEBUG5 "MyRemoveOverlay"] Parents                                                              1
[ DEBUG5 "MyRemoveOverlay"] Daughters                                                            7
[ DEBUG5 "MyRemoveOverlay"] simulator status bits: [sbvtcls]  s: created in simulation b: backscatter v: vertex is not endpoint of parent t: decayed in tracker c: decayed in calorimeter l: has left detector s: stopped o: overlay
[ DEBUG5 "MyRemoveOverlay"] [   t  so]
[ DEBUG5 "MyRemoveOverlay"] 
[ DEBUG7 "MyRemoveOverlay"] 		********** PFO AT INDEX 5 IS OVERLAY **********
[ DEBUG8 "MyRemoveOverlay"] 
[ DEBUG8 "MyRemoveOverlay"] 		-------------------------------------------------------
[ DEBUG8 "MyRemoveOverlay"] 		Processing PFO at index 6
[ DEBUG5 "MyRemoveOverlay"] ------------------ ReconstructedParticle -----------------------------
[ DEBUG5 "MyRemoveOverlay"] Id                                                             0x26348
[ DEBUG5 "MyRemoveOverlay"] Compound                                                             0
[ DEBUG5 "MyRemoveOverlay"] Type                                                               211
[ DEBUG5 "MyRemoveOverlay"] Momentum (x,y,z)                       +1.26e+00, -1.59e+00, +7.65e-01
[ DEBUG5 "MyRemoveOverlay"] Mass [GeV]                                                    1.40e-01
[ DEBUG5 "MyRemoveOverlay"] Charge [e]                                                    1.00e+00
[ DEBUG5 "MyRemoveOverlay"] Energy [GeV]                                                  2.18e+00
[ DEBUG5 "MyRemoveOverlay"] ReferencePoint                         +9.86e+00, -1.26e+01, +6.37e+00
[ DEBUG5 "MyRemoveOverlay"] ParticleIDUsed                                                       0
[ DEBUG5 "MyRemoveOverlay"] GoodnessOfPID                                                 0.00e+00
[ DEBUG5 "MyRemoveOverlay"] Covariance p,E:  1.17e-06, -8.20e-07, 1.63e-06, 3.89e-07, -5.12e-07, 
[ DEBUG5 "MyRemoveOverlay"]                  7.85e-07, 1.42e-06, -1.85e-06, 8.76e-07, 2.48e-06
[ DEBUG5 "MyRemoveOverlay"] Particles id:    
[ DEBUG5 "MyRemoveOverlay"] Tracks id:    [00025863]
[ DEBUG5 "MyRemoveOverlay"] Clusters id:  [00026246]
[ DEBUG5 "MyRemoveOverlay"] Particle ids ( [id], PDG, (type)): 
[ DEBUG5 "MyRemoveOverlay"]                  [00026349], 002212, (000000) 
[ DEBUG5 "MyRemoveOverlay"]                  [00026350], 000000, (000000) 
[ DEBUG5 "MyRemoveOverlay"]                  [00026351], 000000, (000000) 
[ DEBUG5 "MyRemoveOverlay"]                  [00026352], 000000, (000000) 
[ DEBUG5 "MyRemoveOverlay"]                  [00026353], 000000, (000000) 
[ DEBUG5 "MyRemoveOverlay"]                  [00026354], 000000, (000000) 
[ DEBUG5 "MyRemoveOverlay"]                  [00026355], 000013, (000000) 
[ DEBUG5 "MyRemoveOverlay"]                  [00026356], 000211, (000000) 
[ DEBUG5 "MyRemoveOverlay"]                  [00026357], 002212, (000000) 
[ DEBUG5 "MyRemoveOverlay"] 
[ DEBUG5 "MyRemoveOverlay"] 
[ DEBUG0 "MyRemoveOverlay"] 	MCParticle at index: 0 has PDG: 211 and MCParticle to Track link weight is 1.00e+00
[ DEBUG0 "MyRemoveOverlay"] 	MCParticle at index: 0 with PDG code: 211 has highest link weight to input track
[ DEBUG0 "MyRemoveOverlay"] 	Track at index: 0 has highest link weight to MCParticle = 9.91e-01
[ DEBUG0 "MyRemoveOverlay"] 	Track linked to MCParticle with highest weight
[ DEBUG6 "MyRemoveOverlay"] 		Found a linked MCParticle to track
[ DEBUG5 "MyRemoveOverlay"] ----------------------------- MCParticle -----------------------------
[ DEBUG5 "MyRemoveOverlay"] Id                                                               25414
[ DEBUG5 "MyRemoveOverlay"] PDG                                                                211
[ DEBUG5 "MyRemoveOverlay"] Energy [GeV]                                                  2.17e+00
[ DEBUG5 "MyRemoveOverlay"] Momentum [GeV] (x,y,z)                     1.25951, -1.59283, 0.765356
[ DEBUG5 "MyRemoveOverlay"] Momentum at Endpoint[GeV] (x,y,z)                                -0, -0, 0
[ DEBUG5 "MyRemoveOverlay"] GeneratorStatus                                                      1
[ DEBUG5 "MyRemoveOverlay"] Vertex [mm] (x,y,z)                2.383e-309, -3.86389e-309, 0.347737
[ DEBUG5 "MyRemoveOverlay"] Endpoint [mm] (x,y,z)                        191.212, -2150.3, 856.594
[ DEBUG5 "MyRemoveOverlay"] Mass [GeV]                                                    1.40e-01
[ DEBUG5 "MyRemoveOverlay"] Charge                                                        1.00e+00
[ DEBUG5 "MyRemoveOverlay"] Parents                                                              1
[ DEBUG5 "MyRemoveOverlay"] Daughters                                                            0
[ DEBUG5 "MyRemoveOverlay"] simulator status bits: [sbvtcls]  s: created in simulation b: backscatter v: vertex is not endpoint of parent t: decayed in tracker c: decayed in calorimeter l: has left detector s: stopped o: overlay
[ DEBUG5 "MyRemoveOverlay"] [    c s ]
[ DEBUG5 "MyRemoveOverlay"] 
[ DEBUG0 "MyRemoveOverlay"] 	MCParticle at index: 0 has PDG: 211 and MCParticle to Cluster link weight is 1.00e+00
[ DEBUG0 "MyRemoveOverlay"] 	MCParticle at index: 0 with PDG code: 211 has highest link weight to input cluster
[ DEBUG0 "MyRemoveOverlay"] 	Cluster at index: 0 has highest link weight to MCParticle = 1.00e+00
[ DEBUG0 "MyRemoveOverlay"] 	Cluster linked to MCParticle with highest weight
[ DEBUG6 "MyRemoveOverlay"] 		Found a linked MCParticle to cluster
[ DEBUG5 "MyRemoveOverlay"] ----------------------------- MCParticle -----------------------------
[ DEBUG5 "MyRemoveOverlay"] Id                                                               25414
[ DEBUG5 "MyRemoveOverlay"] PDG                                                                211
[ DEBUG5 "MyRemoveOverlay"] Energy [GeV]                                                  2.17e+00
[ DEBUG5 "MyRemoveOverlay"] Momentum [GeV] (x,y,z)                     1.25951, -1.59283, 0.765356
[ DEBUG5 "MyRemoveOverlay"] Momentum at Endpoint[GeV] (x,y,z)                                -0, -0, 0
[ DEBUG5 "MyRemoveOverlay"] GeneratorStatus                                                      1
[ DEBUG5 "MyRemoveOverlay"] Vertex [mm] (x,y,z)                2.383e-309, -3.86389e-309, 0.347737
[ DEBUG5 "MyRemoveOverlay"] Endpoint [mm] (x,y,z)                        191.212, -2150.3, 856.594
[ DEBUG5 "MyRemoveOverlay"] Mass [GeV]                                                    1.40e-01
[ DEBUG5 "MyRemoveOverlay"] Charge                                                        1.00e+00
[ DEBUG5 "MyRemoveOverlay"] Parents                                                              1
[ DEBUG5 "MyRemoveOverlay"] Daughters                                                            0
[ DEBUG5 "MyRemoveOverlay"] simulator status bits: [sbvtcls]  s: created in simulation b: backscatter v: vertex is not endpoint of parent t: decayed in tracker c: decayed in calorimeter l: has left detector s: stopped o: overlay
[ DEBUG5 "MyRemoveOverlay"] [    c s ]
[ DEBUG5 "MyRemoveOverlay"] 
[ DEBUG7 "MyRemoveOverlay"] 		********** PFO AT INDEX 6 IS NOT OVERLAY **********
[ DEBUG8 "MyRemoveOverlay"] 
[ DEBUG8 "MyRemoveOverlay"] 		-------------------------------------------------------
[ DEBUG8 "MyRemoveOverlay"] 		Processing PFO at index 7
[ DEBUG5 "MyRemoveOverlay"] ------------------ ReconstructedParticle -----------------------------
[ DEBUG5 "MyRemoveOverlay"] Id                                                             0x26358
[ DEBUG5 "MyRemoveOverlay"] Compound                                                             0
[ DEBUG5 "MyRemoveOverlay"] Type                                                              -211
[ DEBUG5 "MyRemoveOverlay"] Momentum (x,y,z)                       +1.11e+00, -3.97e+00, +1.81e+00
[ DEBUG5 "MyRemoveOverlay"] Mass [GeV]                                                    1.40e-01
[ DEBUG5 "MyRemoveOverlay"] Charge [e]                                                   -1.00e+00
[ DEBUG5 "MyRemoveOverlay"] Energy [GeV]                                                  4.50e+00
[ DEBUG5 "MyRemoveOverlay"] ReferencePoint                         +4.62e+00, -1.64e+01, +7.82e+00
[ DEBUG5 "MyRemoveOverlay"] ParticleIDUsed                                                       0
[ DEBUG5 "MyRemoveOverlay"] GoodnessOfPID                                                 0.00e+00
[ DEBUG5 "MyRemoveOverlay"] Covariance p,E:  1.38e-06, -2.44e-06, 9.11e-06, 1.13e-06, -3.86e-06, 
[ DEBUG5 "MyRemoveOverlay"]                  2.43e-06, 2.95e-06, -1.02e-05, 4.66e-06, 1.16e-05
[ DEBUG5 "MyRemoveOverlay"] Particles id:    
[ DEBUG5 "MyRemoveOverlay"] Tracks id:    [00025843]
[ DEBUG5 "MyRemoveOverlay"] Clusters id:  [00026247]
[ DEBUG5 "MyRemoveOverlay"] Particle ids ( [id], PDG, (type)): 
[ DEBUG5 "MyRemoveOverlay"]                  [00026359], 000000, (000000) 
[ DEBUG5 "MyRemoveOverlay"]                  [00026360], 000000, (000000) 
[ DEBUG5 "MyRemoveOverlay"]                  [00026361], 000000, (000000) 
[ DEBUG5 "MyRemoveOverlay"]                  [00026362], 000000, (000000) 
[ DEBUG5 "MyRemoveOverlay"]                  [00026363], 000000, (000000) 
[ DEBUG5 "MyRemoveOverlay"]                  [00026364], 000211, (000000) 
[ DEBUG5 "MyRemoveOverlay"]                  [00026365], 000013, (000000) 
[ DEBUG5 "MyRemoveOverlay"]                  [00026366], 000321, (000000) 
[ DEBUG5 "MyRemoveOverlay"]                  [00026367], 000011, (000000) 
[ DEBUG5 "MyRemoveOverlay"] 
[ DEBUG5 "MyRemoveOverlay"] 
[ DEBUG0 "MyRemoveOverlay"] 	MCParticle at index: 0 has PDG: -211 and MCParticle to Track link weight is 1.00e+00
[ DEBUG0 "MyRemoveOverlay"] 	MCParticle at index: 0 with PDG code: -211 has highest link weight to input track
[ DEBUG0 "MyRemoveOverlay"] 	Track at index: 0 has highest link weight to MCParticle = 9.62e-01
[ DEBUG0 "MyRemoveOverlay"] 	Track linked to MCParticle with highest weight
[ DEBUG6 "MyRemoveOverlay"] 		Found a linked MCParticle to track
[ DEBUG5 "MyRemoveOverlay"] ----------------------------- MCParticle -----------------------------
[ DEBUG5 "MyRemoveOverlay"] Id                                                               25410
[ DEBUG5 "MyRemoveOverlay"] PDG                                                               -211
[ DEBUG5 "MyRemoveOverlay"] Energy [GeV]                                                  4.49e+00
[ DEBUG5 "MyRemoveOverlay"] Momentum [GeV] (x,y,z)                      1.10795, -3.96162, 1.80575
[ DEBUG5 "MyRemoveOverlay"] Momentum at Endpoint[GeV] (x,y,z)                                 0, -0, 0
[ DEBUG5 "MyRemoveOverlay"] GeneratorStatus                                                      1
[ DEBUG5 "MyRemoveOverlay"] Vertex [mm] (x,y,z)                                     0, 0, 0.347737
[ DEBUG5 "MyRemoveOverlay"] Endpoint [mm] (x,y,z)                         1146.3, -1849.25, 960.46
[ DEBUG5 "MyRemoveOverlay"] Mass [GeV]                                                    1.40e-01
[ DEBUG5 "MyRemoveOverlay"] Charge                                                       -1.00e+00
[ DEBUG5 "MyRemoveOverlay"] Parents                                                              1
[ DEBUG5 "MyRemoveOverlay"] Daughters                                                            0
[ DEBUG5 "MyRemoveOverlay"] simulator status bits: [sbvtcls]  s: created in simulation b: backscatter v: vertex is not endpoint of parent t: decayed in tracker c: decayed in calorimeter l: has left detector s: stopped o: overlay
[ DEBUG5 "MyRemoveOverlay"] [    c s ]
[ DEBUG5 "MyRemoveOverlay"] 
[ DEBUG0 "MyRemoveOverlay"] 	MCParticle at index: 0 has PDG: -211 and MCParticle to Cluster link weight is 9.98e-01
[ DEBUG0 "MyRemoveOverlay"] 	MCParticle at index: 0 with PDG code: -211 has highest link weight to input cluster
[ DEBUG6 "MyRemoveOverlay"] 		Cluster is not linked to a MCParticle
[ DEBUG7 "MyRemoveOverlay"] 		********** PFO AT INDEX 7 IS NOT OVERLAY **********
[ DEBUG8 "MyRemoveOverlay"] 
[ DEBUG8 "MyRemoveOverlay"] 		-------------------------------------------------------
[ DEBUG8 "MyRemoveOverlay"] 		Processing PFO at index 8
[ DEBUG5 "MyRemoveOverlay"] ------------------ ReconstructedParticle -----------------------------
[ DEBUG5 "MyRemoveOverlay"] Id                                                             0x26368
[ DEBUG5 "MyRemoveOverlay"] Compound                                                             0
[ DEBUG5 "MyRemoveOverlay"] Type                                                              -211
[ DEBUG5 "MyRemoveOverlay"] Momentum (x,y,z)                       +2.08e+00, -5.20e+00, +2.86e+00
[ DEBUG5 "MyRemoveOverlay"] Mass [GeV]                                                    1.40e-01
[ DEBUG5 "MyRemoveOverlay"] Charge [e]                                                   -1.00e+00
[ DEBUG5 "MyRemoveOverlay"] Energy [GeV]                                                  6.29e+00
[ DEBUG5 "MyRemoveOverlay"] ReferencePoint                         +6.13e+00, -1.53e+01, +8.77e+00
[ DEBUG5 "MyRemoveOverlay"] ParticleIDUsed                                                       0
[ DEBUG5 "MyRemoveOverlay"] GoodnessOfPID                                                 0.00e+00
[ DEBUG5 "MyRemoveOverlay"] Covariance p,E:  3.43e-06, -6.56e-06, 1.68e-05, 3.64e-06, -8.89e-06, 
[ DEBUG5 "MyRemoveOverlay"]                  5.64e-06, 8.22e-06, -2.01e-05, 1.11e-05, 2.44e-05
[ DEBUG5 "MyRemoveOverlay"] Particles id:    
[ DEBUG5 "MyRemoveOverlay"] Tracks id:    [00025933]
[ DEBUG5 "MyRemoveOverlay"] Clusters id:  [00026248]
[ DEBUG5 "MyRemoveOverlay"] Particle ids ( [id], PDG, (type)): 
[ DEBUG5 "MyRemoveOverlay"]                  [00026369], 000000, (000000) 
[ DEBUG5 "MyRemoveOverlay"]                  [00026370], 000000, (000000) 
[ DEBUG5 "MyRemoveOverlay"]                  [00026371], 000000, (000000) 
[ DEBUG5 "MyRemoveOverlay"]                  [00026372], 000000, (000000) 
[ DEBUG5 "MyRemoveOverlay"]                  [00026373], 000000, (000000) 
[ DEBUG5 "MyRemoveOverlay"]                  [00026374], 000211, (000000) 
[ DEBUG5 "MyRemoveOverlay"]                  [00026375], 000211, (000000) 
[ DEBUG5 "MyRemoveOverlay"]                  [00026376], 000011, (000000) 
[ DEBUG5 "MyRemoveOverlay"]                  [00026377], 000321, (000000) 
[ DEBUG5 "MyRemoveOverlay"] 
[ DEBUG5 "MyRemoveOverlay"] 
[ DEBUG0 "MyRemoveOverlay"] 	MCParticle at index: 0 has PDG: -211 and MCParticle to Track link weight is 1.00e+00
[ DEBUG0 "MyRemoveOverlay"] 	MCParticle at index: 0 with PDG code: -211 has highest link weight to input track
[ DEBUG0 "MyRemoveOverlay"] 	Track at index: 0 has highest link weight to MCParticle = 1.00e+00
[ DEBUG0 "MyRemoveOverlay"] 	Track linked to MCParticle with highest weight
[ DEBUG6 "MyRemoveOverlay"] 		Found a linked MCParticle to track
[ DEBUG5 "MyRemoveOverlay"] ----------------------------- MCParticle -----------------------------
[ DEBUG5 "MyRemoveOverlay"] Id                                                               25411
[ DEBUG5 "MyRemoveOverlay"] PDG                                                               -211
[ DEBUG5 "MyRemoveOverlay"] Energy [GeV]                                                  6.29e+00
[ DEBUG5 "MyRemoveOverlay"] Momentum [GeV] (x,y,z)                      2.07553, -5.20368, 2.86424
[ DEBUG5 "MyRemoveOverlay"] Momentum at Endpoint[GeV] (x,y,z)                                 0, -0, 0
[ DEBUG5 "MyRemoveOverlay"] GeneratorStatus                                                      1
[ DEBUG5 "MyRemoveOverlay"] Vertex [mm] (x,y,z)              2.60962e-309, -6.73948e-309, 0.347737
[ DEBUG5 "MyRemoveOverlay"] Endpoint [mm] (x,y,z)                        1169.42, -1781.29, 1090.4
[ DEBUG5 "MyRemoveOverlay"] Mass [GeV]                                                    1.40e-01
[ DEBUG5 "MyRemoveOverlay"] Charge                                                       -1.00e+00
[ DEBUG5 "MyRemoveOverlay"] Parents                                                              1
[ DEBUG5 "MyRemoveOverlay"] Daughters                                                            0
[ DEBUG5 "MyRemoveOverlay"] simulator status bits: [sbvtcls]  s: created in simulation b: backscatter v: vertex is not endpoint of parent t: decayed in tracker c: decayed in calorimeter l: has left detector s: stopped o: overlay
[ DEBUG5 "MyRemoveOverlay"] [    c s ]
[ DEBUG5 "MyRemoveOverlay"] 
[ DEBUG0 "MyRemoveOverlay"] 	MCParticle at index: 1 has PDG: -211 and MCParticle to Cluster link weight is 9.20e-01
[ DEBUG0 "MyRemoveOverlay"] 	MCParticle at index: 1 with PDG code: -211 has highest link weight to input cluster
[ DEBUG0 "MyRemoveOverlay"] 	Cluster at index: 1 has highest link weight to MCParticle = 9.52e-01
[ DEBUG0 "MyRemoveOverlay"] 	Cluster linked to MCParticle with highest weight
[ DEBUG6 "MyRemoveOverlay"] 		Found a linked MCParticle to cluster
[ DEBUG5 "MyRemoveOverlay"] ----------------------------- MCParticle -----------------------------
[ DEBUG5 "MyRemoveOverlay"] Id                                                               25411
[ DEBUG5 "MyRemoveOverlay"] PDG                                                               -211
[ DEBUG5 "MyRemoveOverlay"] Energy [GeV]                                                  6.29e+00
[ DEBUG5 "MyRemoveOverlay"] Momentum [GeV] (x,y,z)                      2.07553, -5.20368, 2.86424
[ DEBUG5 "MyRemoveOverlay"] Momentum at Endpoint[GeV] (x,y,z)                                 0, -0, 0
[ DEBUG5 "MyRemoveOverlay"] GeneratorStatus                                                      1
[ DEBUG5 "MyRemoveOverlay"] Vertex [mm] (x,y,z)              2.60962e-309, -6.73948e-309, 0.347737
[ DEBUG5 "MyRemoveOverlay"] Endpoint [mm] (x,y,z)                        1169.42, -1781.29, 1090.4
[ DEBUG5 "MyRemoveOverlay"] Mass [GeV]                                                    1.40e-01
[ DEBUG5 "MyRemoveOverlay"] Charge                                                       -1.00e+00
[ DEBUG5 "MyRemoveOverlay"] Parents                                                              1
[ DEBUG5 "MyRemoveOverlay"] Daughters                                                            0
[ DEBUG5 "MyRemoveOverlay"] simulator status bits: [sbvtcls]  s: created in simulation b: backscatter v: vertex is not endpoint of parent t: decayed in tracker c: decayed in calorimeter l: has left detector s: stopped o: overlay
[ DEBUG5 "MyRemoveOverlay"] [    c s ]
[ DEBUG5 "MyRemoveOverlay"] 
[ DEBUG7 "MyRemoveOverlay"] 		********** PFO AT INDEX 8 IS NOT OVERLAY **********
[ DEBUG8 "MyRemoveOverlay"] 
[ DEBUG8 "MyRemoveOverlay"] 		-------------------------------------------------------
[ DEBUG8 "MyRemoveOverlay"] 		Processing PFO at index 9
[ DEBUG5 "MyRemoveOverlay"] ------------------ ReconstructedParticle -----------------------------
[ DEBUG5 "MyRemoveOverlay"] Id                                                             0x26378
[ DEBUG5 "MyRemoveOverlay"] Compound                                                             0
[ DEBUG5 "MyRemoveOverlay"] Type                                                               321
[ DEBUG5 "MyRemoveOverlay"] Momentum (x,y,z)                       +6.46e+00, +1.70e+00, +4.47e+00
[ DEBUG5 "MyRemoveOverlay"] Mass [GeV]                                                    4.94e-01
[ DEBUG5 "MyRemoveOverlay"] Charge [e]                                                    1.00e+00
[ DEBUG5 "MyRemoveOverlay"] Energy [GeV]                                                  8.05e+00
[ DEBUG5 "MyRemoveOverlay"] ReferencePoint                         +1.55e+01, +4.06e+00, +1.11e+01
[ DEBUG5 "MyRemoveOverlay"] ParticleIDUsed                                                       0
[ DEBUG5 "MyRemoveOverlay"] GoodnessOfPID                                                 0.00e+00
[ DEBUG5 "MyRemoveOverlay"] Covariance p,E:  3.79e-05, 9.48e-06, 3.28e-06, 2.56e-05, 6.57e-06, 
[ DEBUG5 "MyRemoveOverlay"]                  1.85e-05, 4.66e-05, 1.19e-05, 3.22e-05, 5.78e-05
[ DEBUG5 "MyRemoveOverlay"] Particles id:    
[ DEBUG5 "MyRemoveOverlay"] Tracks id:    [00025928]
[ DEBUG5 "MyRemoveOverlay"] Clusters id:  [00026249]
[ DEBUG5 "MyRemoveOverlay"] Particle ids ( [id], PDG, (type)): 
[ DEBUG5 "MyRemoveOverlay"]                  [00026379], 002212, (000000) 
[ DEBUG5 "MyRemoveOverlay"]                  [00026380], 000000, (000000) 
[ DEBUG5 "MyRemoveOverlay"]                  [00026381], 000000, (000000) 
[ DEBUG5 "MyRemoveOverlay"]                  [00026382], 000000, (000000) 
[ DEBUG5 "MyRemoveOverlay"]                  [00026383], 000000, (000000) 
[ DEBUG5 "MyRemoveOverlay"]                  [00026384], 000000, (000000) 
[ DEBUG5 "MyRemoveOverlay"]                  [00026385], 000211, (000000) 
[ DEBUG5 "MyRemoveOverlay"]                  [00026386], 000013, (000000) 
[ DEBUG5 "MyRemoveOverlay"]                  [00026387], 002212, (000000) 
[ DEBUG5 "MyRemoveOverlay"] 
[ DEBUG5 "MyRemoveOverlay"] 
[ DEBUG0 "MyRemoveOverlay"] 	MCParticle at index: 0 has PDG: 321 and MCParticle to Track link weight is 1.00e+00
[ DEBUG0 "MyRemoveOverlay"] 	MCParticle at index: 0 with PDG code: 321 has highest link weight to input track
[ DEBUG0 "MyRemoveOverlay"] 	Track at index: 0 has highest link weight to MCParticle = 9.58e-01
[ DEBUG0 "MyRemoveOverlay"] 	Track linked to MCParticle with highest weight
[ DEBUG6 "MyRemoveOverlay"] 		Found a linked MCParticle to track
[ DEBUG5 "MyRemoveOverlay"] ----------------------------- MCParticle -----------------------------
[ DEBUG5 "MyRemoveOverlay"] Id                                                               25397
[ DEBUG5 "MyRemoveOverlay"] PDG                                                                321
[ DEBUG5 "MyRemoveOverlay"] Energy [GeV]                                                  8.05e+00
[ DEBUG5 "MyRemoveOverlay"] Momentum [GeV] (x,y,z)                       6.45877, 1.69931, 4.47132
[ DEBUG5 "MyRemoveOverlay"] Momentum at Endpoint[GeV] (x,y,z)                                 0, -0, 0
[ DEBUG5 "MyRemoveOverlay"] GeneratorStatus                                                      1
[ DEBUG5 "MyRemoveOverlay"] Vertex [mm] (x,y,z)                                     0, 0, 0.347737
[ DEBUG5 "MyRemoveOverlay"] Endpoint [mm] (x,y,z)                        2004.88, 198.034, 1356.94
[ DEBUG5 "MyRemoveOverlay"] Mass [GeV]                                                    4.94e-01
[ DEBUG5 "MyRemoveOverlay"] Charge                                                        1.00e+00
[ DEBUG5 "MyRemoveOverlay"] Parents                                                              1
[ DEBUG5 "MyRemoveOverlay"] Daughters                                                            0
[ DEBUG5 "MyRemoveOverlay"] simulator status bits: [sbvtcls]  s: created in simulation b: backscatter v: vertex is not endpoint of parent t: decayed in tracker c: decayed in calorimeter l: has left detector s: stopped o: overlay
[ DEBUG5 "MyRemoveOverlay"] [    c s ]
[ DEBUG5 "MyRemoveOverlay"] 
[ DEBUG0 "MyRemoveOverlay"] 	MCParticle at index: 0 has PDG: 321 and MCParticle to Cluster link weight is 1.00e+00
[ DEBUG0 "MyRemoveOverlay"] 	MCParticle at index: 0 with PDG code: 321 has highest link weight to input cluster
[ DEBUG0 "MyRemoveOverlay"] 	Cluster at index: 0 has highest link weight to MCParticle = 9.70e-01
[ DEBUG0 "MyRemoveOverlay"] 	Cluster linked to MCParticle with highest weight
[ DEBUG6 "MyRemoveOverlay"] 		Found a linked MCParticle to cluster
[ DEBUG5 "MyRemoveOverlay"] ----------------------------- MCParticle -----------------------------
[ DEBUG5 "MyRemoveOverlay"] Id                                                               25397
[ DEBUG5 "MyRemoveOverlay"] PDG                                                                321
[ DEBUG5 "MyRemoveOverlay"] Energy [GeV]                                                  8.05e+00
[ DEBUG5 "MyRemoveOverlay"] Momentum [GeV] (x,y,z)                       6.45877, 1.69931, 4.47132
[ DEBUG5 "MyRemoveOverlay"] Momentum at Endpoint[GeV] (x,y,z)                                 0, -0, 0
[ DEBUG5 "MyRemoveOverlay"] GeneratorStatus                                                      1
[ DEBUG5 "MyRemoveOverlay"] Vertex [mm] (x,y,z)                                     0, 0, 0.347737
[ DEBUG5 "MyRemoveOverlay"] Endpoint [mm] (x,y,z)                        2004.88, 198.034, 1356.94
[ DEBUG5 "MyRemoveOverlay"] Mass [GeV]                                                    4.94e-01
[ DEBUG5 "MyRemoveOverlay"] Charge                                                        1.00e+00
[ DEBUG5 "MyRemoveOverlay"] Parents                                                              1
[ DEBUG5 "MyRemoveOverlay"] Daughters                                                            0
[ DEBUG5 "MyRemoveOverlay"] simulator status bits: [sbvtcls]  s: created in simulation b: backscatter v: vertex is not endpoint of parent t: decayed in tracker c: decayed in calorimeter l: has left detector s: stopped o: overlay
[ DEBUG5 "MyRemoveOverlay"] [    c s ]
[ DEBUG5 "MyRemoveOverlay"] 
[ DEBUG7 "MyRemoveOverlay"] 		********** PFO AT INDEX 9 IS NOT OVERLAY **********
[ DEBUG8 "MyRemoveOverlay"] 
[ DEBUG8 "MyRemoveOverlay"] 		-------------------------------------------------------
[ DEBUG8 "MyRemoveOverlay"] 		Processing PFO at index 10
[ DEBUG5 "MyRemoveOverlay"] ------------------ ReconstructedParticle -----------------------------
[ DEBUG5 "MyRemoveOverlay"] Id                                                             0x26388
[ DEBUG5 "MyRemoveOverlay"] Compound                                                             0
[ DEBUG5 "MyRemoveOverlay"] Type                                                              -321
[ DEBUG5 "MyRemoveOverlay"] Momentum (x,y,z)                       +2.83e+00, -2.72e-01, +2.06e+00
[ DEBUG5 "MyRemoveOverlay"] Mass [GeV]                                                    4.94e-01
[ DEBUG5 "MyRemoveOverlay"] Charge [e]                                                   -1.00e+00
[ DEBUG5 "MyRemoveOverlay"] Energy [GeV]                                                  3.54e+00
[ DEBUG5 "MyRemoveOverlay"] ReferencePoint                         +1.63e+01, -1.52e+00, +1.22e+01
[ DEBUG5 "MyRemoveOverlay"] ParticleIDUsed                                                       0
[ DEBUG5 "MyRemoveOverlay"] GoodnessOfPID                                                 0.00e+00
[ DEBUG5 "MyRemoveOverlay"] Covariance p,E:  5.49e-06, -3.99e-07, 7.37e-07, 3.49e-06, -2.91e-07, 
[ DEBUG5 "MyRemoveOverlay"]                  3.22e-06, 6.44e-06, -5.44e-07, 4.67e-06, 7.90e-06
[ DEBUG5 "MyRemoveOverlay"] Particles id:    
[ DEBUG5 "MyRemoveOverlay"] Tracks id:    [00025848]
[ DEBUG5 "MyRemoveOverlay"] Clusters id:  [00026250]
[ DEBUG5 "MyRemoveOverlay"] Particle ids ( [id], PDG, (type)): 
[ DEBUG5 "MyRemoveOverlay"]                  [00026389], 002212, (000000) 
[ DEBUG5 "MyRemoveOverlay"]                  [00026390], 000000, (000000) 
[ DEBUG5 "MyRemoveOverlay"]                  [00026391], 000000, (000000) 
[ DEBUG5 "MyRemoveOverlay"]                  [00026392], 000000, (000000) 
[ DEBUG5 "MyRemoveOverlay"]                  [00026393], 000000, (000000) 
[ DEBUG5 "MyRemoveOverlay"]                  [00026394], 000000, (000000) 
[ DEBUG5 "MyRemoveOverlay"]                  [00026395], 000211, (000000) 
[ DEBUG5 "MyRemoveOverlay"]                  [00026396], 000011, (000000) 
[ DEBUG5 "MyRemoveOverlay"]                  [00026397], 002212, (000000) 
[ DEBUG5 "MyRemoveOverlay"] 
[ DEBUG5 "MyRemoveOverlay"] 
[ DEBUG0 "MyRemoveOverlay"] 	MCParticle at index: 0 has PDG: -321 and MCParticle to Track link weight is 1.00e+00
[ DEBUG0 "MyRemoveOverlay"] 	MCParticle at index: 0 with PDG code: -321 has highest link weight to input track
[ DEBUG0 "MyRemoveOverlay"] 	Track at index: 0 has highest link weight to MCParticle = 9.87e-01
[ DEBUG0 "MyRemoveOverlay"] 	Track linked to MCParticle with highest weight
[ DEBUG6 "MyRemoveOverlay"] 		Found a linked MCParticle to track
[ DEBUG5 "MyRemoveOverlay"] ----------------------------- MCParticle -----------------------------
[ DEBUG5 "MyRemoveOverlay"] Id                                                               25377
[ DEBUG5 "MyRemoveOverlay"] PDG                                                               -321
[ DEBUG5 "MyRemoveOverlay"] Energy [GeV]                                                  3.54e+00
[ DEBUG5 "MyRemoveOverlay"] Momentum [GeV] (x,y,z)                     2.83143, -0.272815, 2.05672
[ DEBUG5 "MyRemoveOverlay"] Momentum at Endpoint[GeV] (x,y,z)                                  0, 0, 0
[ DEBUG5 "MyRemoveOverlay"] GeneratorStatus                                                      1
[ DEBUG5 "MyRemoveOverlay"] Vertex [mm] (x,y,z)                                     0, 0, 0.347737
[ DEBUG5 "MyRemoveOverlay"] Endpoint [mm] (x,y,z)                        1905.74, 547.098, 1467.94
[ DEBUG5 "MyRemoveOverlay"] Mass [GeV]                                                    4.94e-01
[ DEBUG5 "MyRemoveOverlay"] Charge                                                       -1.00e+00
[ DEBUG5 "MyRemoveOverlay"] Parents                                                              1
[ DEBUG5 "MyRemoveOverlay"] Daughters                                                            0
[ DEBUG5 "MyRemoveOverlay"] simulator status bits: [sbvtcls]  s: created in simulation b: backscatter v: vertex is not endpoint of parent t: decayed in tracker c: decayed in calorimeter l: has left detector s: stopped o: overlay
[ DEBUG5 "MyRemoveOverlay"] [    c s ]
[ DEBUG5 "MyRemoveOverlay"] 
[ DEBUG0 "MyRemoveOverlay"] 	MCParticle at index: 0 has PDG: -321 and MCParticle to Cluster link weight is 1.00e+00
[ DEBUG0 "MyRemoveOverlay"] 	MCParticle at index: 0 with PDG code: -321 has highest link weight to input cluster
[ DEBUG0 "MyRemoveOverlay"] 	Cluster at index: 0 has highest link weight to MCParticle = 9.79e-01
[ DEBUG0 "MyRemoveOverlay"] 	Cluster linked to MCParticle with highest weight
[ DEBUG6 "MyRemoveOverlay"] 		Found a linked MCParticle to cluster
[ DEBUG5 "MyRemoveOverlay"] ----------------------------- MCParticle -----------------------------
[ DEBUG5 "MyRemoveOverlay"] Id                                                               25377
[ DEBUG5 "MyRemoveOverlay"] PDG                                                               -321
[ DEBUG5 "MyRemoveOverlay"] Energy [GeV]                                                  3.54e+00
[ DEBUG5 "MyRemoveOverlay"] Momentum [GeV] (x,y,z)                     2.83143, -0.272815, 2.05672
[ DEBUG5 "MyRemoveOverlay"] Momentum at Endpoint[GeV] (x,y,z)                                  0, 0, 0
[ DEBUG5 "MyRemoveOverlay"] GeneratorStatus                                                      1
[ DEBUG5 "MyRemoveOverlay"] Vertex [mm] (x,y,z)                                     0, 0, 0.347737
[ DEBUG5 "MyRemoveOverlay"] Endpoint [mm] (x,y,z)                        1905.74, 547.098, 1467.94
[ DEBUG5 "MyRemoveOverlay"] Mass [GeV]                                                    4.94e-01
[ DEBUG5 "MyRemoveOverlay"] Charge                                                       -1.00e+00
[ DEBUG5 "MyRemoveOverlay"] Parents                                                              1
[ DEBUG5 "MyRemoveOverlay"] Daughters                                                            0
[ DEBUG5 "MyRemoveOverlay"] simulator status bits: [sbvtcls]  s: created in simulation b: backscatter v: vertex is not endpoint of parent t: decayed in tracker c: decayed in calorimeter l: has left detector s: stopped o: overlay
[ DEBUG5 "MyRemoveOverlay"] [    c s ]
[ DEBUG5 "MyRemoveOverlay"] 
[ DEBUG7 "MyRemoveOverlay"] 		********** PFO AT INDEX 10 IS NOT OVERLAY **********
[ DEBUG8 "MyRemoveOverlay"] 
[ DEBUG8 "MyRemoveOverlay"] 		-------------------------------------------------------
[ DEBUG8 "MyRemoveOverlay"] 		Processing PFO at index 11
[ DEBUG5 "MyRemoveOverlay"] ------------------ ReconstructedParticle -----------------------------
[ DEBUG5 "MyRemoveOverlay"] Id                                                             0x26398
[ DEBUG5 "MyRemoveOverlay"] Compound                                                             0
[ DEBUG5 "MyRemoveOverlay"] Type                                                              -211
[ DEBUG5 "MyRemoveOverlay"] Momentum (x,y,z)                       +7.41e-01, -1.65e+00, +1.36e+00
[ DEBUG5 "MyRemoveOverlay"] Mass [GeV]                                                    1.40e-01
[ DEBUG5 "MyRemoveOverlay"] Charge [e]                                                   -1.00e+00
[ DEBUG5 "MyRemoveOverlay"] Energy [GeV]                                                  2.27e+00
[ DEBUG5 "MyRemoveOverlay"] ReferencePoint                         +6.75e+00, -1.48e+01, +1.26e+01
[ DEBUG5 "MyRemoveOverlay"] ParticleIDUsed                                                       0
[ DEBUG5 "MyRemoveOverlay"] GoodnessOfPID                                                 0.00e+00
[ DEBUG5 "MyRemoveOverlay"] Covariance p,E:  9.36e-07, -6.30e-07, 1.97e-06, 5.29e-07, -1.11e-06, 
[ DEBUG5 "MyRemoveOverlay"]                  1.55e-06, 1.08e-06, -2.31e-06, 1.91e-06, 3.18e-06
[ DEBUG5 "MyRemoveOverlay"] Particles id:    
[ DEBUG5 "MyRemoveOverlay"] Tracks id:    [00025853]
[ DEBUG5 "MyRemoveOverlay"] Clusters id:  [00026251]
[ DEBUG5 "MyRemoveOverlay"] Particle ids ( [id], PDG, (type)): 
[ DEBUG5 "MyRemoveOverlay"]                  [00026399], 000211, (000000) 
[ DEBUG5 "MyRemoveOverlay"]                  [00026400], 000000, (000000) 
[ DEBUG5 "MyRemoveOverlay"]                  [00026401], 000000, (000000) 
[ DEBUG5 "MyRemoveOverlay"]                  [00026402], 000000, (000000) 
[ DEBUG5 "MyRemoveOverlay"]                  [00026403], 000000, (000000) 
[ DEBUG5 "MyRemoveOverlay"]                  [00026404], 000000, (000000) 
[ DEBUG5 "MyRemoveOverlay"]                  [00026405], 000011, (000000) 
[ DEBUG5 "MyRemoveOverlay"]                  [00026406], 000013, (000000) 
[ DEBUG5 "MyRemoveOverlay"]                  [00026407], 000013, (000000) 
[ DEBUG5 "MyRemoveOverlay"] 
[ DEBUG5 "MyRemoveOverlay"] 
[ DEBUG0 "MyRemoveOverlay"] 	MCParticle at index: 0 has PDG: -211 and MCParticle to Track link weight is 1.00e+00
[ DEBUG0 "MyRemoveOverlay"] 	MCParticle at index: 0 with PDG code: -211 has highest link weight to input track
[ DEBUG0 "MyRemoveOverlay"] 	Track at index: 0 has highest link weight to MCParticle = 9.96e-01
[ DEBUG0 "MyRemoveOverlay"] 	Track linked to MCParticle with highest weight
[ DEBUG6 "MyRemoveOverlay"] 		Found a linked MCParticle to track
[ DEBUG5 "MyRemoveOverlay"] ----------------------------- MCParticle -----------------------------
[ DEBUG5 "MyRemoveOverlay"] Id                                                               25413
[ DEBUG5 "MyRemoveOverlay"] PDG                                                               -211
[ DEBUG5 "MyRemoveOverlay"] Energy [GeV]                                                  2.27e+00
[ DEBUG5 "MyRemoveOverlay"] Momentum [GeV] (x,y,z)                     0.741652, -1.65194, 1.35534
[ DEBUG5 "MyRemoveOverlay"] Momentum at Endpoint[GeV] (x,y,z)                                  0, 0, 0
[ DEBUG5 "MyRemoveOverlay"] GeneratorStatus                                                      1
[ DEBUG5 "MyRemoveOverlay"] Vertex [mm] (x,y,z)                2.383e-309, -3.86389e-309, 0.347737
[ DEBUG5 "MyRemoveOverlay"] Endpoint [mm] (x,y,z)                       1850.17, -978.998, 1711.27
[ DEBUG5 "MyRemoveOverlay"] Mass [GeV]                                                    1.40e-01
[ DEBUG5 "MyRemoveOverlay"] Charge                                                       -1.00e+00
[ DEBUG5 "MyRemoveOverlay"] Parents                                                              1
[ DEBUG5 "MyRemoveOverlay"] Daughters                                                            0
[ DEBUG5 "MyRemoveOverlay"] simulator status bits: [sbvtcls]  s: created in simulation b: backscatter v: vertex is not endpoint of parent t: decayed in tracker c: decayed in calorimeter l: has left detector s: stopped o: overlay
[ DEBUG5 "MyRemoveOverlay"] [    c s ]
[ DEBUG5 "MyRemoveOverlay"] 
[ DEBUG0 "MyRemoveOverlay"] 	MCParticle at index: 0 has PDG: -211 and MCParticle to Cluster link weight is 1.00e+00
[ DEBUG0 "MyRemoveOverlay"] 	MCParticle at index: 0 with PDG code: -211 has highest link weight to input cluster
[ DEBUG0 "MyRemoveOverlay"] 	Cluster at index: 0 has highest link weight to MCParticle = 9.69e-01
[ DEBUG0 "MyRemoveOverlay"] 	Cluster linked to MCParticle with highest weight
[ DEBUG6 "MyRemoveOverlay"] 		Found a linked MCParticle to cluster
[ DEBUG5 "MyRemoveOverlay"] ----------------------------- MCParticle -----------------------------
[ DEBUG5 "MyRemoveOverlay"] Id                                                               25413
[ DEBUG5 "MyRemoveOverlay"] PDG                                                               -211
[ DEBUG5 "MyRemoveOverlay"] Energy [GeV]                                                  2.27e+00
[ DEBUG5 "MyRemoveOverlay"] Momentum [GeV] (x,y,z)                     0.741652, -1.65194, 1.35534
[ DEBUG5 "MyRemoveOverlay"] Momentum at Endpoint[GeV] (x,y,z)                                  0, 0, 0
[ DEBUG5 "MyRemoveOverlay"] GeneratorStatus                                                      1
[ DEBUG5 "MyRemoveOverlay"] Vertex [mm] (x,y,z)                2.383e-309, -3.86389e-309, 0.347737
[ DEBUG5 "MyRemoveOverlay"] Endpoint [mm] (x,y,z)                       1850.17, -978.998, 1711.27
[ DEBUG5 "MyRemoveOverlay"] Mass [GeV]                                                    1.40e-01
[ DEBUG5 "MyRemoveOverlay"] Charge                                                       -1.00e+00
[ DEBUG5 "MyRemoveOverlay"] Parents                                                              1
[ DEBUG5 "MyRemoveOverlay"] Daughters                                                            0
[ DEBUG5 "MyRemoveOverlay"] simulator status bits: [sbvtcls]  s: created in simulation b: backscatter v: vertex is not endpoint of parent t: decayed in tracker c: decayed in calorimeter l: has left detector s: stopped o: overlay
[ DEBUG5 "MyRemoveOverlay"] [    c s ]
[ DEBUG5 "MyRemoveOverlay"] 
[ DEBUG7 "MyRemoveOverlay"] 		********** PFO AT INDEX 11 IS NOT OVERLAY **********
[ DEBUG8 "MyRemoveOverlay"] 
[ DEBUG8 "MyRemoveOverlay"] 		-------------------------------------------------------
[ DEBUG8 "MyRemoveOverlay"] 		Processing PFO at index 12
[ DEBUG5 "MyRemoveOverlay"] ------------------ ReconstructedParticle -----------------------------
[ DEBUG5 "MyRemoveOverlay"] Id                                                             0x26408
[ DEBUG5 "MyRemoveOverlay"] Compound                                                             0
[ DEBUG5 "MyRemoveOverlay"] Type                                                              -211
[ DEBUG5 "MyRemoveOverlay"] Momentum (x,y,z)                       +2.61e+00, +1.95e-01, +2.34e+00
[ DEBUG5 "MyRemoveOverlay"] Mass [GeV]                                                    1.40e-01
[ DEBUG5 "MyRemoveOverlay"] Charge [e]                                                   -1.00e+00
[ DEBUG5 "MyRemoveOverlay"] Energy [GeV]                                                  3.52e+00
[ DEBUG5 "MyRemoveOverlay"] ReferencePoint                         +1.64e+01, +1.27e+00, +1.51e+01
[ DEBUG5 "MyRemoveOverlay"] ParticleIDUsed                                                       0
[ DEBUG5 "MyRemoveOverlay"] GoodnessOfPID                                                 0.00e+00
[ DEBUG5 "MyRemoveOverlay"] Covariance p,E:  5.04e-06, 3.76e-07, 7.65e-07, 3.90e-06, 3.48e-07, 
[ DEBUG5 "MyRemoveOverlay"]                  4.20e-06, 6.36e-06, 5.53e-07, 5.71e-06, 8.56e-06
[ DEBUG5 "MyRemoveOverlay"] Particles id:    
[ DEBUG5 "MyRemoveOverlay"] Tracks id:    [00025878]
[ DEBUG5 "MyRemoveOverlay"] Clusters id:  [00026252]
[ DEBUG5 "MyRemoveOverlay"] Particle ids ( [id], PDG, (type)): 
[ DEBUG5 "MyRemoveOverlay"]                  [00026409], 000211, (000000) 
[ DEBUG5 "MyRemoveOverlay"]                  [00026410], 000000, (000000) 
[ DEBUG5 "MyRemoveOverlay"]                  [00026411], 000000, (000000) 
[ DEBUG5 "MyRemoveOverlay"]                  [00026412], 000000, (000000) 
[ DEBUG5 "MyRemoveOverlay"]                  [00026413], 000000, (000000) 
[ DEBUG5 "MyRemoveOverlay"]                  [00026414], 000000, (000000) 
[ DEBUG5 "MyRemoveOverlay"]                  [00026415], 000013, (000000) 
[ DEBUG5 "MyRemoveOverlay"]                  [00026416], 000011, (000000) 
[ DEBUG5 "MyRemoveOverlay"]                  [00026417], 000211, (000000) 
[ DEBUG5 "MyRemoveOverlay"] 
[ DEBUG5 "MyRemoveOverlay"] 
[ DEBUG0 "MyRemoveOverlay"] 	MCParticle at index: 0 has PDG: -211 and MCParticle to Track link weight is 1.00e+00
[ DEBUG0 "MyRemoveOverlay"] 	MCParticle at index: 0 with PDG code: -211 has highest link weight to input track
[ DEBUG0 "MyRemoveOverlay"] 	Track at index: 0 has highest link weight to MCParticle = 9.91e-01
[ DEBUG0 "MyRemoveOverlay"] 	Track linked to MCParticle with highest weight
[ DEBUG6 "MyRemoveOverlay"] 		Found a linked MCParticle to track
[ DEBUG5 "MyRemoveOverlay"] ----------------------------- MCParticle -----------------------------
[ DEBUG5 "MyRemoveOverlay"] Id                                                               25396
[ DEBUG5 "MyRemoveOverlay"] PDG                                                               -211
[ DEBUG5 "MyRemoveOverlay"] Energy [GeV]                                                  3.52e+00
[ DEBUG5 "MyRemoveOverlay"] Momentum [GeV] (x,y,z)                      2.61168, 0.194471, 2.34569
[ DEBUG5 "MyRemoveOverlay"] Momentum at Endpoint[GeV] (x,y,z)                                  0, 0, 0
[ DEBUG5 "MyRemoveOverlay"] GeneratorStatus                                                      1
[ DEBUG5 "MyRemoveOverlay"] Vertex [mm] (x,y,z)                                     0, 0, 0.347737
[ DEBUG5 "MyRemoveOverlay"] Endpoint [mm] (x,y,z)                        1726.48, 881.402, 1782.29
[ DEBUG5 "MyRemoveOverlay"] Mass [GeV]                                                    1.40e-01
[ DEBUG5 "MyRemoveOverlay"] Charge                                                       -1.00e+00
[ DEBUG5 "MyRemoveOverlay"] Parents                                                              1
[ DEBUG5 "MyRemoveOverlay"] Daughters                                                            0
[ DEBUG5 "MyRemoveOverlay"] simulator status bits: [sbvtcls]  s: created in simulation b: backscatter v: vertex is not endpoint of parent t: decayed in tracker c: decayed in calorimeter l: has left detector s: stopped o: overlay
[ DEBUG5 "MyRemoveOverlay"] [    c s ]
[ DEBUG5 "MyRemoveOverlay"] 
[ DEBUG0 "MyRemoveOverlay"] 	MCParticle at index: 0 has PDG: -211 and MCParticle to Cluster link weight is 9.08e-01
[ DEBUG0 "MyRemoveOverlay"] 	MCParticle at index: 0 with PDG code: -211 has highest link weight to input cluster
[ DEBUG6 "MyRemoveOverlay"] 		Cluster is not linked to a MCParticle
[ DEBUG7 "MyRemoveOverlay"] 		********** PFO AT INDEX 12 IS NOT OVERLAY **********
[ DEBUG8 "MyRemoveOverlay"] 
[ DEBUG8 "MyRemoveOverlay"] 		-------------------------------------------------------
[ DEBUG8 "MyRemoveOverlay"] 		Processing PFO at index 13
[ DEBUG5 "MyRemoveOverlay"] ------------------ ReconstructedParticle -----------------------------
[ DEBUG5 "MyRemoveOverlay"] Id                                                             0x26418
[ DEBUG5 "MyRemoveOverlay"] Compound                                                             0
[ DEBUG5 "MyRemoveOverlay"] Type                                                              -211
[ DEBUG5 "MyRemoveOverlay"] Momentum (x,y,z)                       -1.98e+00, +4.52e-01, +3.03e+00
[ DEBUG5 "MyRemoveOverlay"] Mass [GeV]                                                    1.40e-01
[ DEBUG5 "MyRemoveOverlay"] Charge [e]                                                   -1.00e+00
[ DEBUG5 "MyRemoveOverlay"] Energy [GeV]                                                  3.65e+00
[ DEBUG5 "MyRemoveOverlay"] ReferencePoint                         -1.57e+01, +3.49e+00, +2.42e+01
[ DEBUG5 "MyRemoveOverlay"] ParticleIDUsed                                                       0
[ DEBUG5 "MyRemoveOverlay"] GoodnessOfPID                                                 0.00e+00
[ DEBUG5 "MyRemoveOverlay"] Covariance p,E:  6.43e-06, -1.15e-06, 1.17e-06, -8.44e-06, 1.79e-06, 
[ DEBUG5 "MyRemoveOverlay"]                  1.37e-05, -1.06e-05, 2.26e-06, 1.62e-05, 1.95e-05
[ DEBUG5 "MyRemoveOverlay"] Particles id:    
[ DEBUG5 "MyRemoveOverlay"] Tracks id:    [00025868]
[ DEBUG5 "MyRemoveOverlay"] Clusters id:  [00026253]
[ DEBUG5 "MyRemoveOverlay"] Particle ids ( [id], PDG, (type)): 
[ DEBUG5 "MyRemoveOverlay"]                  [00026419], 000211, (000000) 
[ DEBUG5 "MyRemoveOverlay"]                  [00026420], 000000, (000000) 
[ DEBUG5 "MyRemoveOverlay"]                  [00026421], 000000, (000000) 
[ DEBUG5 "MyRemoveOverlay"]                  [00026422], 000000, (000000) 
[ DEBUG5 "MyRemoveOverlay"]                  [00026423], 000000, (000000) 
[ DEBUG5 "MyRemoveOverlay"]                  [00026424], 000000, (000000) 
[ DEBUG5 "MyRemoveOverlay"]                  [00026425], 000211, (000000) 
[ DEBUG5 "MyRemoveOverlay"]                  [00026426], 000211, (000000) 
[ DEBUG5 "MyRemoveOverlay"]                  [00026427], 000211, (000000) 
[ DEBUG5 "MyRemoveOverlay"] 
[ DEBUG5 "MyRemoveOverlay"] 
[ DEBUG0 "MyRemoveOverlay"] 	MCParticle at index: 0 has PDG: -211 and MCParticle to Track link weight is 1.00e+00
[ DEBUG0 "MyRemoveOverlay"] 	MCParticle at index: 0 with PDG code: -211 has highest link weight to input track
[ DEBUG0 "MyRemoveOverlay"] 	Track at index: 0 has highest link weight to MCParticle = 1.00e+00
[ DEBUG0 "MyRemoveOverlay"] 	Track linked to MCParticle with highest weight
[ DEBUG6 "MyRemoveOverlay"] 		Found a linked MCParticle to track
[ DEBUG5 "MyRemoveOverlay"] ----------------------------- MCParticle -----------------------------
[ DEBUG5 "MyRemoveOverlay"] Id                                                               25449
[ DEBUG5 "MyRemoveOverlay"] PDG                                                               -211
[ DEBUG5 "MyRemoveOverlay"] Energy [GeV]                                                  3.66e+00
[ DEBUG5 "MyRemoveOverlay"] Momentum [GeV] (x,y,z)                     -1.98528, 0.451417, 3.03246
[ DEBUG5 "MyRemoveOverlay"] Momentum at Endpoint[GeV] (x,y,z)                                -0, -0, 0
[ DEBUG5 "MyRemoveOverlay"] GeneratorStatus                                                      1
[ DEBUG5 "MyRemoveOverlay"] Vertex [mm] (x,y,z)              -9.14366e-309, 1.26021e-309, 0.347737
[ DEBUG5 "MyRemoveOverlay"] Endpoint [mm] (x,y,z)                      -1734.22, -457.918, 2780.14
[ DEBUG5 "MyRemoveOverlay"] Mass [GeV]                                                    1.40e-01
[ DEBUG5 "MyRemoveOverlay"] Charge                                                       -1.00e+00
[ DEBUG5 "MyRemoveOverlay"] Parents                                                              1
[ DEBUG5 "MyRemoveOverlay"] Daughters                                                            0
[ DEBUG5 "MyRemoveOverlay"] simulator status bits: [sbvtcls]  s: created in simulation b: backscatter v: vertex is not endpoint of parent t: decayed in tracker c: decayed in calorimeter l: has left detector s: stopped o: overlay
[ DEBUG5 "MyRemoveOverlay"] [    c s ]
[ DEBUG5 "MyRemoveOverlay"] 
[ DEBUG0 "MyRemoveOverlay"] 	MCParticle at index: 1 has PDG: -211 and MCParticle to Cluster link weight is 9.84e-01
[ DEBUG0 "MyRemoveOverlay"] 	MCParticle at index: 1 with PDG code: -211 has highest link weight to input cluster
[ DEBUG0 "MyRemoveOverlay"] 	Cluster at index: 0 has highest link weight to MCParticle = 9.66e-01
[ DEBUG0 "MyRemoveOverlay"] 	Cluster linked to MCParticle with highest weight
[ DEBUG6 "MyRemoveOverlay"] 		Found a linked MCParticle to cluster
[ DEBUG5 "MyRemoveOverlay"] ----------------------------- MCParticle -----------------------------
[ DEBUG5 "MyRemoveOverlay"] Id                                                               25449
[ DEBUG5 "MyRemoveOverlay"] PDG                                                               -211
[ DEBUG5 "MyRemoveOverlay"] Energy [GeV]                                                  3.66e+00
[ DEBUG5 "MyRemoveOverlay"] Momentum [GeV] (x,y,z)                     -1.98528, 0.451417, 3.03246
[ DEBUG5 "MyRemoveOverlay"] Momentum at Endpoint[GeV] (x,y,z)                                -0, -0, 0
[ DEBUG5 "MyRemoveOverlay"] GeneratorStatus                                                      1
[ DEBUG5 "MyRemoveOverlay"] Vertex [mm] (x,y,z)              -9.14366e-309, 1.26021e-309, 0.347737
[ DEBUG5 "MyRemoveOverlay"] Endpoint [mm] (x,y,z)                      -1734.22, -457.918, 2780.14
[ DEBUG5 "MyRemoveOverlay"] Mass [GeV]                                                    1.40e-01
[ DEBUG5 "MyRemoveOverlay"] Charge                                                       -1.00e+00
[ DEBUG5 "MyRemoveOverlay"] Parents                                                              1
[ DEBUG5 "MyRemoveOverlay"] Daughters                                                            0
[ DEBUG5 "MyRemoveOverlay"] simulator status bits: [sbvtcls]  s: created in simulation b: backscatter v: vertex is not endpoint of parent t: decayed in tracker c: decayed in calorimeter l: has left detector s: stopped o: overlay
[ DEBUG5 "MyRemoveOverlay"] [    c s ]
[ DEBUG5 "MyRemoveOverlay"] 
[ DEBUG7 "MyRemoveOverlay"] 		********** PFO AT INDEX 13 IS NOT OVERLAY **********
[ DEBUG8 "MyRemoveOverlay"] 
[ DEBUG8 "MyRemoveOverlay"] 		-------------------------------------------------------
[ DEBUG8 "MyRemoveOverlay"] 		Processing PFO at index 14
[ DEBUG5 "MyRemoveOverlay"] ------------------ ReconstructedParticle -----------------------------
[ DEBUG5 "MyRemoveOverlay"] Id                                                             0x26428
[ DEBUG5 "MyRemoveOverlay"] Compound                                                             0
[ DEBUG5 "MyRemoveOverlay"] Type                                                              -321
[ DEBUG5 "MyRemoveOverlay"] Momentum (x,y,z)                       -4.82e+00, +1.16e+00, +8.22e+00
[ DEBUG5 "MyRemoveOverlay"] Mass [GeV]                                                    4.94e-01
[ DEBUG5 "MyRemoveOverlay"] Charge [e]                                                   -1.00e+00
[ DEBUG5 "MyRemoveOverlay"] Energy [GeV]                                                  9.61e+00
[ DEBUG5 "MyRemoveOverlay"] ReferencePoint                         -1.56e+01, +3.72e+00, +2.69e+01
[ DEBUG5 "MyRemoveOverlay"] ParticleIDUsed                                                       0
[ DEBUG5 "MyRemoveOverlay"] GoodnessOfPID                                                 0.00e+00
[ DEBUG5 "MyRemoveOverlay"] Covariance p,E:  5.05e-05, -1.14e-05, 3.84e-06, -8.41e-05, 1.95e-05, 
[ DEBUG5 "MyRemoveOverlay"]                  1.44e-04, -9.86e-05, 2.29e-05, 1.68e-04, 1.96e-04
[ DEBUG5 "MyRemoveOverlay"] Particles id:    
[ DEBUG5 "MyRemoveOverlay"] Tracks id:    [00025898]
[ DEBUG5 "MyRemoveOverlay"] Clusters id:  [00026254]
[ DEBUG5 "MyRemoveOverlay"] Particle ids ( [id], PDG, (type)): 
[ DEBUG5 "MyRemoveOverlay"]                  [00026429], 002212, (000000) 
[ DEBUG5 "MyRemoveOverlay"]                  [00026430], 000000, (000000) 
[ DEBUG5 "MyRemoveOverlay"]                  [00026431], 000000, (000000) 
[ DEBUG5 "MyRemoveOverlay"]                  [00026432], 000000, (000000) 
[ DEBUG5 "MyRemoveOverlay"]                  [00026433], 000000, (000000) 
[ DEBUG5 "MyRemoveOverlay"]                  [00026434], 000000, (000000) 
[ DEBUG5 "MyRemoveOverlay"]                  [00026435], 000211, (000000) 
[ DEBUG5 "MyRemoveOverlay"]                  [00026436], 000011, (000000) 
[ DEBUG5 "MyRemoveOverlay"]                  [00026437], 002212, (000000) 
[ DEBUG5 "MyRemoveOverlay"] 
[ DEBUG5 "MyRemoveOverlay"] 
[ DEBUG0 "MyRemoveOverlay"] 	MCParticle at index: 0 has PDG: -321 and MCParticle to Track link weight is 1.00e+00
[ DEBUG0 "MyRemoveOverlay"] 	MCParticle at index: 0 with PDG code: -321 has highest link weight to input track
[ DEBUG0 "MyRemoveOverlay"] 	Track at index: 0 has highest link weight to MCParticle = 9.55e-01
[ DEBUG0 "MyRemoveOverlay"] 	Track linked to MCParticle with highest weight
[ DEBUG6 "MyRemoveOverlay"] 		Found a linked MCParticle to track
[ DEBUG5 "MyRemoveOverlay"] ----------------------------- MCParticle -----------------------------
[ DEBUG5 "MyRemoveOverlay"] Id                                                               25422
[ DEBUG5 "MyRemoveOverlay"] PDG                                                               -321
[ DEBUG5 "MyRemoveOverlay"] Energy [GeV]                                                  9.61e+00
[ DEBUG5 "MyRemoveOverlay"] Momentum [GeV] (x,y,z)                      -4.82084, 1.15775, 8.22221
[ DEBUG5 "MyRemoveOverlay"] Momentum at Endpoint[GeV] (x,y,z)                                -0, -0, 0
[ DEBUG5 "MyRemoveOverlay"] GeneratorStatus                                                      1
[ DEBUG5 "MyRemoveOverlay"] Vertex [mm] (x,y,z)               -1.87431e-308, 4.3297e-309, 0.347737
[ DEBUG5 "MyRemoveOverlay"] Endpoint [mm] (x,y,z)                       -1762.13, 94.8115, 2925.91
[ DEBUG5 "MyRemoveOverlay"] Mass [GeV]                                                    4.94e-01
[ DEBUG5 "MyRemoveOverlay"] Charge                                                       -1.00e+00
[ DEBUG5 "MyRemoveOverlay"] Parents                                                              1
[ DEBUG5 "MyRemoveOverlay"] Daughters                                                            0
[ DEBUG5 "MyRemoveOverlay"] simulator status bits: [sbvtcls]  s: created in simulation b: backscatter v: vertex is not endpoint of parent t: decayed in tracker c: decayed in calorimeter l: has left detector s: stopped o: overlay
[ DEBUG5 "MyRemoveOverlay"] [    c s ]
[ DEBUG5 "MyRemoveOverlay"] 
[ DEBUG0 "MyRemoveOverlay"] 	MCParticle at index: 3 has PDG: -321 and MCParticle to Cluster link weight is 9.48e-01
[ DEBUG0 "MyRemoveOverlay"] 	MCParticle at index: 3 with PDG code: -321 has highest link weight to input cluster
[ DEBUG0 "MyRemoveOverlay"] 	Cluster at index: 0 has highest link weight to MCParticle = 9.66e-01
[ DEBUG0 "MyRemoveOverlay"] 	Cluster linked to MCParticle with highest weight
[ DEBUG6 "MyRemoveOverlay"] 		Found a linked MCParticle to cluster
[ DEBUG5 "MyRemoveOverlay"] ----------------------------- MCParticle -----------------------------
[ DEBUG5 "MyRemoveOverlay"] Id                                                               25422
[ DEBUG5 "MyRemoveOverlay"] PDG                                                               -321
[ DEBUG5 "MyRemoveOverlay"] Energy [GeV]                                                  9.61e+00
[ DEBUG5 "MyRemoveOverlay"] Momentum [GeV] (x,y,z)                      -4.82084, 1.15775, 8.22221
[ DEBUG5 "MyRemoveOverlay"] Momentum at Endpoint[GeV] (x,y,z)                                -0, -0, 0
[ DEBUG5 "MyRemoveOverlay"] GeneratorStatus                                                      1
[ DEBUG5 "MyRemoveOverlay"] Vertex [mm] (x,y,z)               -1.87431e-308, 4.3297e-309, 0.347737
[ DEBUG5 "MyRemoveOverlay"] Endpoint [mm] (x,y,z)                       -1762.13, 94.8115, 2925.91
[ DEBUG5 "MyRemoveOverlay"] Mass [GeV]                                                    4.94e-01
[ DEBUG5 "MyRemoveOverlay"] Charge                                                       -1.00e+00
[ DEBUG5 "MyRemoveOverlay"] Parents                                                              1
[ DEBUG5 "MyRemoveOverlay"] Daughters                                                            0
[ DEBUG5 "MyRemoveOverlay"] simulator status bits: [sbvtcls]  s: created in simulation b: backscatter v: vertex is not endpoint of parent t: decayed in tracker c: decayed in calorimeter l: has left detector s: stopped o: overlay
[ DEBUG5 "MyRemoveOverlay"] [    c s ]
[ DEBUG5 "MyRemoveOverlay"] 
[ DEBUG7 "MyRemoveOverlay"] 		********** PFO AT INDEX 14 IS NOT OVERLAY **********
[ DEBUG8 "MyRemoveOverlay"] 
[ DEBUG8 "MyRemoveOverlay"] 		-------------------------------------------------------
[ DEBUG8 "MyRemoveOverlay"] 		Processing PFO at index 15
[ DEBUG5 "MyRemoveOverlay"] ------------------ ReconstructedParticle -----------------------------
[ DEBUG5 "MyRemoveOverlay"] Id                                                             0x26438
[ DEBUG5 "MyRemoveOverlay"] Compound                                                             0
[ DEBUG5 "MyRemoveOverlay"] Type                                                               321
[ DEBUG5 "MyRemoveOverlay"] Momentum (x,y,z)                       -6.14e+00, +1.45e+00, +1.04e+01
[ DEBUG5 "MyRemoveOverlay"] Mass [GeV]                                                    4.94e-01
[ DEBUG5 "MyRemoveOverlay"] Charge [e]                                                    1.00e+00
[ DEBUG5 "MyRemoveOverlay"] Energy [GeV]                                                  1.22e+01
[ DEBUG5 "MyRemoveOverlay"] ReferencePoint                         -1.56e+01, +3.71e+00, +2.67e+01
[ DEBUG5 "MyRemoveOverlay"] ParticleIDUsed                                                       0
[ DEBUG5 "MyRemoveOverlay"] GoodnessOfPID                                                 0.00e+00
[ DEBUG5 "MyRemoveOverlay"] Covariance p,E:  7.89e-05, -1.88e-05, 5.83e-06, -1.32e-04, 3.19e-05, 
[ DEBUG5 "MyRemoveOverlay"]                  2.24e-04, -1.54e-04, 3.75e-05, 2.62e-04, 3.06e-04
[ DEBUG5 "MyRemoveOverlay"] Particles id:    
[ DEBUG5 "MyRemoveOverlay"] Tracks id:    [00025828]
[ DEBUG5 "MyRemoveOverlay"] Clusters id:  [00026255]
[ DEBUG5 "MyRemoveOverlay"] Particle ids ( [id], PDG, (type)): 
[ DEBUG5 "MyRemoveOverlay"]                  [00026439], 002212, (000000) 
[ DEBUG5 "MyRemoveOverlay"]                  [00026440], 000000, (000000) 
[ DEBUG5 "MyRemoveOverlay"]                  [00026441], 000000, (000000) 
[ DEBUG5 "MyRemoveOverlay"]                  [00026442], 000000, (000000) 
[ DEBUG5 "MyRemoveOverlay"]                  [00026443], 000000, (000000) 
[ DEBUG5 "MyRemoveOverlay"]                  [00026444], 000000, (000000) 
[ DEBUG5 "MyRemoveOverlay"]                  [00026445], 000211, (000000) 
[ DEBUG5 "MyRemoveOverlay"]                  [00026446], 000011, (000000) 
[ DEBUG5 "MyRemoveOverlay"]                  [00026447], 002212, (000000) 
[ DEBUG5 "MyRemoveOverlay"] 
[ DEBUG5 "MyRemoveOverlay"] 
[ DEBUG0 "MyRemoveOverlay"] 	MCParticle at index: 0 has PDG: 321 and MCParticle to Track link weight is 1.00e+00
[ DEBUG0 "MyRemoveOverlay"] 	MCParticle at index: 0 with PDG code: 321 has highest link weight to input track
[ DEBUG0 "MyRemoveOverlay"] 	Track at index: 0 has highest link weight to MCParticle = 9.89e-01
[ DEBUG0 "MyRemoveOverlay"] 	Track linked to MCParticle with highest weight
[ DEBUG6 "MyRemoveOverlay"] 		Found a linked MCParticle to track
[ DEBUG5 "MyRemoveOverlay"] ----------------------------- MCParticle -----------------------------
[ DEBUG5 "MyRemoveOverlay"] Id                                                               25453
[ DEBUG5 "MyRemoveOverlay"] PDG                                                                321
[ DEBUG5 "MyRemoveOverlay"] Energy [GeV]                                                  1.21e+01
[ DEBUG5 "MyRemoveOverlay"] Momentum [GeV] (x,y,z)                      -6.13414, 1.44792, 10.3724
[ DEBUG5 "MyRemoveOverlay"] Momentum at Endpoint[GeV] (x,y,z)                                 -0, 0, 0
[ DEBUG5 "MyRemoveOverlay"] GeneratorStatus                                                      1
[ DEBUG5 "MyRemoveOverlay"] Vertex [mm] (x,y,z)              -9.36205e-309, 2.73134e-309, 0.347737
[ DEBUG5 "MyRemoveOverlay"] Endpoint [mm] (x,y,z)                       -1432.02, 539.152, 2526.41
[ DEBUG5 "MyRemoveOverlay"] Mass [GeV]                                                    4.94e-01
[ DEBUG5 "MyRemoveOverlay"] Charge                                                        1.00e+00
[ DEBUG5 "MyRemoveOverlay"] Parents                                                              1
[ DEBUG5 "MyRemoveOverlay"] Daughters                                                            0
[ DEBUG5 "MyRemoveOverlay"] simulator status bits: [sbvtcls]  s: created in simulation b: backscatter v: vertex is not endpoint of parent t: decayed in tracker c: decayed in calorimeter l: has left detector s: stopped o: overlay
[ DEBUG5 "MyRemoveOverlay"] [    c s ]
[ DEBUG5 "MyRemoveOverlay"] 
[ DEBUG6 "MyRemoveOverlay"] 		Cluster is not linked to a MCParticle
[ DEBUG7 "MyRemoveOverlay"] 		********** PFO AT INDEX 15 IS NOT OVERLAY **********
[ DEBUG8 "MyRemoveOverlay"] 
[ DEBUG8 "MyRemoveOverlay"] 		-------------------------------------------------------
[ DEBUG8 "MyRemoveOverlay"] 		Processing PFO at index 16
[ DEBUG5 "MyRemoveOverlay"] ------------------ ReconstructedParticle -----------------------------
[ DEBUG5 "MyRemoveOverlay"] Id                                                             0x26448
[ DEBUG5 "MyRemoveOverlay"] Compound                                                             0
[ DEBUG5 "MyRemoveOverlay"] Type                                                              -211
[ DEBUG5 "MyRemoveOverlay"] Momentum (x,y,z)                       -5.87e+00, +2.03e+00, +1.07e+01
[ DEBUG5 "MyRemoveOverlay"] Mass [GeV]                                                    1.40e-01
[ DEBUG5 "MyRemoveOverlay"] Charge [e]                                                   -1.00e+00
[ DEBUG5 "MyRemoveOverlay"] Energy [GeV]                                                  1.23e+01
[ DEBUG5 "MyRemoveOverlay"] ReferencePoint                         -1.51e+01, +5.20e+00, +2.78e+01
[ DEBUG5 "MyRemoveOverlay"] ParticleIDUsed                                                       0
[ DEBUG5 "MyRemoveOverlay"] GoodnessOfPID                                                 0.00e+00
[ DEBUG5 "MyRemoveOverlay"] Covariance p,E:  8.39e-05, -2.80e-05, 1.08e-05, -1.50e-04, 5.09e-05, 
[ DEBUG5 "MyRemoveOverlay"]                  2.73e-04, -1.74e-04, 5.91e-05, 3.16e-04, 3.66e-04
[ DEBUG5 "MyRemoveOverlay"] Particles id:    
[ DEBUG5 "MyRemoveOverlay"] Tracks id:    [00025883]
[ DEBUG5 "MyRemoveOverlay"] Clusters id:  [00026256]
[ DEBUG5 "MyRemoveOverlay"] Particle ids ( [id], PDG, (type)): 
[ DEBUG5 "MyRemoveOverlay"]                  [00026449], 000211, (000000) 
[ DEBUG5 "MyRemoveOverlay"]                  [00026450], 000000, (000000) 
[ DEBUG5 "MyRemoveOverlay"]                  [00026451], 000000, (000000) 
[ DEBUG5 "MyRemoveOverlay"]                  [00026452], 000000, (000000) 
[ DEBUG5 "MyRemoveOverlay"]                  [00026453], 000000, (000000) 
[ DEBUG5 "MyRemoveOverlay"]                  [00026454], 000000, (000000) 
[ DEBUG5 "MyRemoveOverlay"]                  [00026455], 000013, (000000) 
[ DEBUG5 "MyRemoveOverlay"]                  [00026456], 000211, (000000) 
[ DEBUG5 "MyRemoveOverlay"]                  [00026457], 000211, (000000) 
[ DEBUG5 "MyRemoveOverlay"] 
[ DEBUG5 "MyRemoveOverlay"] 
[ DEBUG0 "MyRemoveOverlay"] 	MCParticle at index: 0 has PDG: -211 and MCParticle to Track link weight is 1.00e+00
[ DEBUG0 "MyRemoveOverlay"] 	MCParticle at index: 0 with PDG code: -211 has highest link weight to input track
[ DEBUG0 "MyRemoveOverlay"] 	Track at index: 0 has highest link weight to MCParticle = 9.94e-01
[ DEBUG0 "MyRemoveOverlay"] 	Track linked to MCParticle with highest weight
[ DEBUG6 "MyRemoveOverlay"] 		Found a linked MCParticle to track
[ DEBUG5 "MyRemoveOverlay"] ----------------------------- MCParticle -----------------------------
[ DEBUG5 "MyRemoveOverlay"] Id                                                               25454
[ DEBUG5 "MyRemoveOverlay"] PDG                                                               -211
[ DEBUG5 "MyRemoveOverlay"] Energy [GeV]                                                  1.24e+01
[ DEBUG5 "MyRemoveOverlay"] Momentum [GeV] (x,y,z)                      -5.87509, 2.03371, 10.6779
[ DEBUG5 "MyRemoveOverlay"] Momentum at Endpoint[GeV] (x,y,z)                                 -0, 0, 0
[ DEBUG5 "MyRemoveOverlay"] GeneratorStatus                                                      1
[ DEBUG5 "MyRemoveOverlay"] Vertex [mm] (x,y,z)              -9.36205e-309, 2.73134e-309, 0.347737
[ DEBUG5 "MyRemoveOverlay"] Endpoint [mm] (x,y,z)                        -1268.95, 287.697, 2240.4
[ DEBUG5 "MyRemoveOverlay"] Mass [GeV]                                                    1.40e-01
[ DEBUG5 "MyRemoveOverlay"] Charge                                                       -1.00e+00
[ DEBUG5 "MyRemoveOverlay"] Parents                                                              1
[ DEBUG5 "MyRemoveOverlay"] Daughters                                                           12
[ DEBUG5 "MyRemoveOverlay"] simulator status bits: [sbvtcls]  s: created in simulation b: backscatter v: vertex is not endpoint of parent t: decayed in tracker c: decayed in calorimeter l: has left detector s: stopped o: overlay
[ DEBUG5 "MyRemoveOverlay"] [   t  s ]
[ DEBUG5 "MyRemoveOverlay"] 
[ DEBUG6 "MyRemoveOverlay"] 		Cluster is not linked to a MCParticle
[ DEBUG7 "MyRemoveOverlay"] 		********** PFO AT INDEX 16 IS NOT OVERLAY **********
[ DEBUG8 "MyRemoveOverlay"] 
[ DEBUG8 "MyRemoveOverlay"] 		-------------------------------------------------------
[ DEBUG8 "MyRemoveOverlay"] 		Processing PFO at index 17
[ DEBUG5 "MyRemoveOverlay"] ------------------ ReconstructedParticle -----------------------------
[ DEBUG5 "MyRemoveOverlay"] Id                                                             0x26458
[ DEBUG5 "MyRemoveOverlay"] Compound                                                             0
[ DEBUG5 "MyRemoveOverlay"] Type                                                               321
[ DEBUG5 "MyRemoveOverlay"] Momentum (x,y,z)                       -4.61e+00, +1.02e+00, +8.08e+00
[ DEBUG5 "MyRemoveOverlay"] Mass [GeV]                                                    4.94e-01
[ DEBUG5 "MyRemoveOverlay"] Charge [e]                                                    1.00e+00
[ DEBUG5 "MyRemoveOverlay"] Energy [GeV]                                                  9.37e+00
[ DEBUG5 "MyRemoveOverlay"] ReferencePoint                         -1.57e+01, +3.49e+00, +2.78e+01
[ DEBUG5 "MyRemoveOverlay"] ParticleIDUsed                                                       0
[ DEBUG5 "MyRemoveOverlay"] GoodnessOfPID                                                 0.00e+00
[ DEBUG5 "MyRemoveOverlay"] Covariance p,E:  4.98e-05, -1.12e-05, 3.77e-06, -8.56e-05, 1.97e-05, 
[ DEBUG5 "MyRemoveOverlay"]                  1.51e-04, -9.95e-05, 2.29e-05, 1.75e-04, 2.02e-04
[ DEBUG5 "MyRemoveOverlay"] Particles id:    
[ DEBUG5 "MyRemoveOverlay"] Tracks id:    [00025838]
[ DEBUG5 "MyRemoveOverlay"] Clusters id:  [00026257]
[ DEBUG5 "MyRemoveOverlay"] Particle ids ( [id], PDG, (type)): 
[ DEBUG5 "MyRemoveOverlay"]                  [00026459], 002212, (000000) 
[ DEBUG5 "MyRemoveOverlay"]                  [00026460], 000000, (000000) 
[ DEBUG5 "MyRemoveOverlay"]                  [00026461], 000000, (000000) 
[ DEBUG5 "MyRemoveOverlay"]                  [00026462], 000000, (000000) 
[ DEBUG5 "MyRemoveOverlay"]                  [00026463], 000000, (000000) 
[ DEBUG5 "MyRemoveOverlay"]                  [00026464], 000000, (000000) 
[ DEBUG5 "MyRemoveOverlay"]                  [00026465], 000211, (000000) 
[ DEBUG5 "MyRemoveOverlay"]                  [00026466], 000321, (000000) 
[ DEBUG5 "MyRemoveOverlay"]                  [00026467], 000011, (000000) 
[ DEBUG5 "MyRemoveOverlay"] 
[ DEBUG5 "MyRemoveOverlay"] 
[ DEBUG0 "MyRemoveOverlay"] 	MCParticle at index: 0 has PDG: 321 and MCParticle to Track link weight is 1.00e+00
[ DEBUG0 "MyRemoveOverlay"] 	MCParticle at index: 0 with PDG code: 321 has highest link weight to input track
[ DEBUG0 "MyRemoveOverlay"] 	Track at index: 0 has highest link weight to MCParticle = 9.70e-01
[ DEBUG0 "MyRemoveOverlay"] 	Track linked to MCParticle with highest weight
[ DEBUG6 "MyRemoveOverlay"] 		Found a linked MCParticle to track
[ DEBUG5 "MyRemoveOverlay"] ----------------------------- MCParticle -----------------------------
[ DEBUG5 "MyRemoveOverlay"] Id                                                               25421
[ DEBUG5 "MyRemoveOverlay"] PDG                                                                321
[ DEBUG5 "MyRemoveOverlay"] Energy [GeV]                                                  9.38e+00
[ DEBUG5 "MyRemoveOverlay"] Momentum [GeV] (x,y,z)                      -4.61315, 1.02152, 8.08945
[ DEBUG5 "MyRemoveOverlay"] Momentum at Endpoint[GeV] (x,y,z)                                 -0, 0, 0
[ DEBUG5 "MyRemoveOverlay"] GeneratorStatus                                                      1
[ DEBUG5 "MyRemoveOverlay"] Vertex [mm] (x,y,z)               -1.87431e-308, 4.3297e-309, 0.347737
[ DEBUG5 "MyRemoveOverlay"] Endpoint [mm] (x,y,z)                       -1479.39, 618.029, 2772.68
[ DEBUG5 "MyRemoveOverlay"] Mass [GeV]                                                    4.94e-01
[ DEBUG5 "MyRemoveOverlay"] Charge                                                        1.00e+00
[ DEBUG5 "MyRemoveOverlay"] Parents                                                              1
[ DEBUG5 "MyRemoveOverlay"] Daughters                                                            0
[ DEBUG5 "MyRemoveOverlay"] simulator status bits: [sbvtcls]  s: created in simulation b: backscatter v: vertex is not endpoint of parent t: decayed in tracker c: decayed in calorimeter l: has left detector s: stopped o: overlay
[ DEBUG5 "MyRemoveOverlay"] [    c s ]
[ DEBUG5 "MyRemoveOverlay"] 
[ DEBUG6 "MyRemoveOverlay"] 		Cluster is not linked to a MCParticle
[ DEBUG7 "MyRemoveOverlay"] 		********** PFO AT INDEX 17 IS NOT OVERLAY **********
[ DEBUG8 "MyRemoveOverlay"] 
[ DEBUG8 "MyRemoveOverlay"] 		-------------------------------------------------------
[ DEBUG8 "MyRemoveOverlay"] 		Processing PFO at index 18
[ DEBUG5 "MyRemoveOverlay"] ------------------ ReconstructedParticle -----------------------------
[ DEBUG5 "MyRemoveOverlay"] Id                                                             0x26468
[ DEBUG5 "MyRemoveOverlay"] Compound                                                             0
[ DEBUG5 "MyRemoveOverlay"] Type                                                              -211
[ DEBUG5 "MyRemoveOverlay"] Momentum (x,y,z)                       -9.27e-01, +2.79e-01, +1.77e+00
[ DEBUG5 "MyRemoveOverlay"] Mass [GeV]                                                    1.40e-01
[ DEBUG5 "MyRemoveOverlay"] Charge [e]                                                   -1.00e+00
[ DEBUG5 "MyRemoveOverlay"] Energy [GeV]                                                  2.02e+00
[ DEBUG5 "MyRemoveOverlay"] ReferencePoint                         -1.54e+01, +4.44e+00, +2.95e+01
[ DEBUG5 "MyRemoveOverlay"] ParticleIDUsed                                                       0
[ DEBUG5 "MyRemoveOverlay"] GoodnessOfPID                                                 0.00e+00
[ DEBUG5 "MyRemoveOverlay"] Covariance p,E:  3.31e-06, -5.99e-07, 1.17e-06, -4.46e-06, 1.20e-06, 
[ DEBUG5 "MyRemoveOverlay"]                  9.38e-06, -5.50e-06, 1.49e-06, 1.04e-05, 1.18e-05
[ DEBUG5 "MyRemoveOverlay"] Particles id:    
[ DEBUG5 "MyRemoveOverlay"] Tracks id:    [00025903]
[ DEBUG5 "MyRemoveOverlay"] Clusters id:  [00026258]
[ DEBUG5 "MyRemoveOverlay"] Particle ids ( [id], PDG, (type)): 
[ DEBUG5 "MyRemoveOverlay"]                  [00026469], 000211, (000000) 
[ DEBUG5 "MyRemoveOverlay"]                  [00026470], 002212, (000000) 
[ DEBUG5 "MyRemoveOverlay"]                  [00026471], 000000, (000000) 
[ DEBUG5 "MyRemoveOverlay"]                  [00026472], 000000, (000000) 
[ DEBUG5 "MyRemoveOverlay"]                  [00026473], 000000, (000000) 
[ DEBUG5 "MyRemoveOverlay"]                  [00026474], 000000, (000000) 
[ DEBUG5 "MyRemoveOverlay"]                  [00026475], 000011, (000000) 
[ DEBUG5 "MyRemoveOverlay"]                  [00026476], 002212, (000000) 
[ DEBUG5 "MyRemoveOverlay"]                  [00026477], 000013, (000000) 
[ DEBUG5 "MyRemoveOverlay"] 
[ DEBUG5 "MyRemoveOverlay"] 
[ DEBUG0 "MyRemoveOverlay"] 	MCParticle at index: 0 has PDG: -211 and MCParticle to Track link weight is 1.00e+00
[ DEBUG0 "MyRemoveOverlay"] 	MCParticle at index: 0 with PDG code: -211 has highest link weight to input track
[ DEBUG0 "MyRemoveOverlay"] 	Track at index: 0 has highest link weight to MCParticle = 9.01e-01
[ DEBUG0 "MyRemoveOverlay"] 	Track linked to MCParticle with highest weight
[ DEBUG6 "MyRemoveOverlay"] 		Found a linked MCParticle to track
[ DEBUG5 "MyRemoveOverlay"] ----------------------------- MCParticle -----------------------------
[ DEBUG5 "MyRemoveOverlay"] Id                                                               25451
[ DEBUG5 "MyRemoveOverlay"] PDG                                                               -211
[ DEBUG5 "MyRemoveOverlay"] Energy [GeV]                                                  2.03e+00
[ DEBUG5 "MyRemoveOverlay"] Momentum [GeV] (x,y,z)                    -0.931788, 0.278151, 1.77294
[ DEBUG5 "MyRemoveOverlay"] Momentum at Endpoint[GeV] (x,y,z)                                -0, -0, 0
[ DEBUG5 "MyRemoveOverlay"] GeneratorStatus                                                      1
[ DEBUG5 "MyRemoveOverlay"] Vertex [mm] (x,y,z)                -9.11518e-309, 3.916e-309, 0.347737
[ DEBUG5 "MyRemoveOverlay"] Endpoint [mm] (x,y,z)                      -1114.95, -560.143, 2528.22
[ DEBUG5 "MyRemoveOverlay"] Mass [GeV]                                                    1.40e-01
[ DEBUG5 "MyRemoveOverlay"] Charge                                                       -1.00e+00
[ DEBUG5 "MyRemoveOverlay"] Parents                                                              1
[ DEBUG5 "MyRemoveOverlay"] Daughters                                                            0
[ DEBUG5 "MyRemoveOverlay"] simulator status bits: [sbvtcls]  s: created in simulation b: backscatter v: vertex is not endpoint of parent t: decayed in tracker c: decayed in calorimeter l: has left detector s: stopped o: overlay
[ DEBUG5 "MyRemoveOverlay"] [    c s ]
[ DEBUG5 "MyRemoveOverlay"] 
[ DEBUG0 "MyRemoveOverlay"] 	MCParticle at index: 0 has PDG: -211 and MCParticle to Cluster link weight is 1.00e+00
[ DEBUG0 "MyRemoveOverlay"] 	MCParticle at index: 0 with PDG code: -211 has highest link weight to input cluster
[ DEBUG6 "MyRemoveOverlay"] 		Cluster is not linked to a MCParticle
[ DEBUG7 "MyRemoveOverlay"] 		********** PFO AT INDEX 18 IS NOT OVERLAY **********
[ DEBUG8 "MyRemoveOverlay"] 
[ DEBUG8 "MyRemoveOverlay"] 		-------------------------------------------------------
[ DEBUG8 "MyRemoveOverlay"] 		Processing PFO at index 19
[ DEBUG5 "MyRemoveOverlay"] ------------------ ReconstructedParticle -----------------------------
[ DEBUG5 "MyRemoveOverlay"] Id                                                             0x26478
[ DEBUG5 "MyRemoveOverlay"] Compound                                                             0
[ DEBUG5 "MyRemoveOverlay"] Type                                                               211
[ DEBUG5 "MyRemoveOverlay"] Momentum (x,y,z)                       -1.82e+00, +1.21e+00, +3.38e+00
[ DEBUG5 "MyRemoveOverlay"] Mass [GeV]                                                    1.40e-01
[ DEBUG5 "MyRemoveOverlay"] Charge [e]                                                    1.00e+00
[ DEBUG5 "MyRemoveOverlay"] Energy [GeV]                                                  4.03e+00
[ DEBUG5 "MyRemoveOverlay"] ReferencePoint                         -1.38e+01, +9.21e+00, +2.60e+01
[ DEBUG5 "MyRemoveOverlay"] ParticleIDUsed                                                       0
[ DEBUG5 "MyRemoveOverlay"] GoodnessOfPID                                                 0.00e+00
[ DEBUG5 "MyRemoveOverlay"] Covariance p,E:  5.97e-06, -3.42e-06, 3.33e-06, -9.42e-06, 6.43e-06, 
[ DEBUG5 "MyRemoveOverlay"]                  1.85e-05, -1.16e-05, 7.94e-06, 2.17e-05, 2.59e-05
[ DEBUG5 "MyRemoveOverlay"] Particles id:    
[ DEBUG5 "MyRemoveOverlay"] Tracks id:    [00025873]
[ DEBUG5 "MyRemoveOverlay"] Clusters id:  [00026259]
[ DEBUG5 "MyRemoveOverlay"] Particle ids ( [id], PDG, (type)): 
[ DEBUG5 "MyRemoveOverlay"]                  [00026479], 000211, (000000) 
[ DEBUG5 "MyRemoveOverlay"]                  [00026480], 000000, (000000) 
[ DEBUG5 "MyRemoveOverlay"]                  [00026481], 000000, (000000) 
[ DEBUG5 "MyRemoveOverlay"]                  [00026482], 000000, (000000) 
[ DEBUG5 "MyRemoveOverlay"]                  [00026483], 000000, (000000) 
[ DEBUG5 "MyRemoveOverlay"]                  [00026484], 000000, (000000) 
[ DEBUG5 "MyRemoveOverlay"]                  [00026485], 000011, (000000) 
[ DEBUG5 "MyRemoveOverlay"]                  [00026486], 000211, (000000) 
[ DEBUG5 "MyRemoveOverlay"]                  [00026487], 000211, (000000) 
[ DEBUG5 "MyRemoveOverlay"] 
[ DEBUG5 "MyRemoveOverlay"] 
[ DEBUG0 "MyRemoveOverlay"] 	MCParticle at index: 0 has PDG: 211 and MCParticle to Track link weight is 1.00e+00
[ DEBUG0 "MyRemoveOverlay"] 	MCParticle at index: 0 with PDG code: 211 has highest link weight to input track
[ DEBUG0 "MyRemoveOverlay"] 	Track at index: 0 has highest link weight to MCParticle = 9.95e-01
[ DEBUG0 "MyRemoveOverlay"] 	Track linked to MCParticle with highest weight
[ DEBUG6 "MyRemoveOverlay"] 		Found a linked MCParticle to track
[ DEBUG5 "MyRemoveOverlay"] ----------------------------- MCParticle -----------------------------
[ DEBUG5 "MyRemoveOverlay"] Id                                                               25420
[ DEBUG5 "MyRemoveOverlay"] PDG                                                                211
[ DEBUG5 "MyRemoveOverlay"] Energy [GeV]                                                  4.03e+00
[ DEBUG5 "MyRemoveOverlay"] Momentum [GeV] (x,y,z)                      -1.82611, 1.20753, 3.37853
[ DEBUG5 "MyRemoveOverlay"] Momentum at Endpoint[GeV] (x,y,z)                                 -0, 0, 0
[ DEBUG5 "MyRemoveOverlay"] GeneratorStatus                                                      1
[ DEBUG5 "MyRemoveOverlay"] Vertex [mm] (x,y,z)                                     0, 0, 0.347737
[ DEBUG5 "MyRemoveOverlay"] Endpoint [mm] (x,y,z)                       -879.598, 1279.46, 2458.53
[ DEBUG5 "MyRemoveOverlay"] Mass [GeV]                                                    1.40e-01
[ DEBUG5 "MyRemoveOverlay"] Charge                                                        1.00e+00
[ DEBUG5 "MyRemoveOverlay"] Parents                                                              1
[ DEBUG5 "MyRemoveOverlay"] Daughters                                                            0
[ DEBUG5 "MyRemoveOverlay"] simulator status bits: [sbvtcls]  s: created in simulation b: backscatter v: vertex is not endpoint of parent t: decayed in tracker c: decayed in calorimeter l: has left detector s: stopped o: overlay
[ DEBUG5 "MyRemoveOverlay"] [    c s ]
[ DEBUG5 "MyRemoveOverlay"] 
[ DEBUG0 "MyRemoveOverlay"] 	MCParticle at index: 0 has PDG: 211 and MCParticle to Cluster link weight is 1.00e+00
[ DEBUG0 "MyRemoveOverlay"] 	MCParticle at index: 0 with PDG code: 211 has highest link weight to input cluster
[ DEBUG6 "MyRemoveOverlay"] 		Cluster is not linked to a MCParticle
[ DEBUG7 "MyRemoveOverlay"] 		********** PFO AT INDEX 19 IS NOT OVERLAY **********
[ DEBUG8 "MyRemoveOverlay"] 
[ DEBUG8 "MyRemoveOverlay"] 		-------------------------------------------------------
[ DEBUG8 "MyRemoveOverlay"] 		Processing PFO at index 20
[ DEBUG5 "MyRemoveOverlay"] ------------------ ReconstructedParticle -----------------------------
[ DEBUG5 "MyRemoveOverlay"] Id                                                             0x26488
[ DEBUG5 "MyRemoveOverlay"] Compound                                                             0
[ DEBUG5 "MyRemoveOverlay"] Type                                                               -11
[ DEBUG5 "MyRemoveOverlay"] Momentum (x,y,z)                       +7.24e-01, -4.74e-01, +8.56e-01
[ DEBUG5 "MyRemoveOverlay"] Mass [GeV]                                                    5.11e-04
[ DEBUG5 "MyRemoveOverlay"] Charge [e]                                                    1.00e+00
[ DEBUG5 "MyRemoveOverlay"] Energy [GeV]                                                  1.22e+00
[ DEBUG5 "MyRemoveOverlay"] ReferencePoint                         +1.38e+01, -9.24e+00, +1.68e+01
[ DEBUG5 "MyRemoveOverlay"] ParticleIDUsed                                                       0
[ DEBUG5 "MyRemoveOverlay"] GoodnessOfPID                                                 0.00e+00
[ DEBUG5 "MyRemoveOverlay"] Covariance p,E:  7.04e-07, -3.99e-08, 7.25e-07, 6.72e-08, -4.54e-08, 
[ DEBUG5 "MyRemoveOverlay"]                  7.45e-07, 4.82e-07, -3.38e-07, 5.81e-07, 8.27e-07
[ DEBUG5 "MyRemoveOverlay"] Particles id:    
[ DEBUG5 "MyRemoveOverlay"] Tracks id:    [00025888]
[ DEBUG5 "MyRemoveOverlay"] Clusters id:  [00026260]
[ DEBUG5 "MyRemoveOverlay"] Particle ids ( [id], PDG, (type)): 
[ DEBUG5 "MyRemoveOverlay"]                  [00026489], 000321, (000000) 
[ DEBUG5 "MyRemoveOverlay"]                  [00026490], 000000, (000000) 
[ DEBUG5 "MyRemoveOverlay"]                  [00026491], 000000, (000000) 
[ DEBUG5 "MyRemoveOverlay"]                  [00026492], 000000, (000000) 
[ DEBUG5 "MyRemoveOverlay"]                  [00026493], 000000, (000000) 
[ DEBUG5 "MyRemoveOverlay"]                  [00026494], 000000, (000000) 
[ DEBUG5 "MyRemoveOverlay"]                  [00026495], 000011, (000000) 
[ DEBUG5 "MyRemoveOverlay"]                  [00026496], 000011, (000000) 
[ DEBUG5 "MyRemoveOverlay"]                  [00026497], 000321, (000000) 
[ DEBUG5 "MyRemoveOverlay"] 
[ DEBUG5 "MyRemoveOverlay"] 
[ DEBUG0 "MyRemoveOverlay"] 	MCParticle at index: 0 has PDG: 211 and MCParticle to Track link weight is 1.00e+00
[ DEBUG0 "MyRemoveOverlay"] 	MCParticle at index: 0 with PDG code: 211 has highest link weight to input track
[ DEBUG0 "MyRemoveOverlay"] 	Track at index: 0 has highest link weight to MCParticle = 9.86e-01
[ DEBUG0 "MyRemoveOverlay"] 	Track linked to MCParticle with highest weight
[ DEBUG6 "MyRemoveOverlay"] 		Found a linked MCParticle to track
[ DEBUG5 "MyRemoveOverlay"] ----------------------------- MCParticle -----------------------------
[ DEBUG5 "MyRemoveOverlay"] Id                                                               25401
[ DEBUG5 "MyRemoveOverlay"] PDG                                                                211
[ DEBUG5 "MyRemoveOverlay"] Energy [GeV]                                                  1.23e+00
[ DEBUG5 "MyRemoveOverlay"] Momentum [GeV] (x,y,z)                   0.724657, -0.474729, 0.856908
[ DEBUG5 "MyRemoveOverlay"] Momentum at Endpoint[GeV] (x,y,z)                                 -0, 0, 0
[ DEBUG5 "MyRemoveOverlay"] GeneratorStatus                                                      1
[ DEBUG5 "MyRemoveOverlay"] Vertex [mm] (x,y,z)                                     0, 0, 0.347737
[ DEBUG5 "MyRemoveOverlay"] Endpoint [mm] (x,y,z)                      -779.704, -1437.17, 2425.46
[ DEBUG5 "MyRemoveOverlay"] Mass [GeV]                                                    1.40e-01
[ DEBUG5 "MyRemoveOverlay"] Charge                                                        1.00e+00
[ DEBUG5 "MyRemoveOverlay"] Parents                                                              1
[ DEBUG5 "MyRemoveOverlay"] Daughters                                                            1
[ DEBUG5 "MyRemoveOverlay"] simulator status bits: [sbvtcls]  s: created in simulation b: backscatter v: vertex is not endpoint of parent t: decayed in tracker c: decayed in calorimeter l: has left detector s: stopped o: overlay
[ DEBUG5 "MyRemoveOverlay"] [    c s ]
[ DEBUG5 "MyRemoveOverlay"] 
[ DEBUG0 "MyRemoveOverlay"] 	MCParticle at index: 0 has PDG: 211 and MCParticle to Cluster link weight is 1.00e+00
[ DEBUG0 "MyRemoveOverlay"] 	MCParticle at index: 0 with PDG code: 211 has highest link weight to input cluster
[ DEBUG6 "MyRemoveOverlay"] 		Cluster is not linked to a MCParticle
[ DEBUG7 "MyRemoveOverlay"] 		********** PFO AT INDEX 20 IS NOT OVERLAY **********
[ DEBUG8 "MyRemoveOverlay"] 
[ DEBUG8 "MyRemoveOverlay"] 		-------------------------------------------------------
[ DEBUG8 "MyRemoveOverlay"] 		Processing PFO at index 21
[ DEBUG5 "MyRemoveOverlay"] ------------------ ReconstructedParticle -----------------------------
[ DEBUG5 "MyRemoveOverlay"] Id                                                             0x26498
[ DEBUG5 "MyRemoveOverlay"] Compound                                                             0
[ DEBUG5 "MyRemoveOverlay"] Type                                                               211
[ DEBUG5 "MyRemoveOverlay"] Momentum (x,y,z)                       -1.06e+00, +3.50e-01, +2.01e+00
[ DEBUG5 "MyRemoveOverlay"] Mass [GeV]                                                    1.40e-01
[ DEBUG5 "MyRemoveOverlay"] Charge [e]                                                    1.00e+00
[ DEBUG5 "MyRemoveOverlay"] Energy [GeV]                                                  2.31e+00
[ DEBUG5 "MyRemoveOverlay"] ReferencePoint                         -1.51e+01, +5.16e+00, +2.94e+01
[ DEBUG5 "MyRemoveOverlay"] ParticleIDUsed                                                       0
[ DEBUG5 "MyRemoveOverlay"] GoodnessOfPID                                                 0.00e+00
[ DEBUG5 "MyRemoveOverlay"] Covariance p,E:  3.19e-06, -8.04e-07, 1.30e-06, -4.32e-06, 1.55e-06, 
[ DEBUG5 "MyRemoveOverlay"]                  9.21e-06, -5.36e-06, 1.92e-06, 1.03e-05, 1.17e-05
[ DEBUG5 "MyRemoveOverlay"] Particles id:    
[ DEBUG5 "MyRemoveOverlay"] Tracks id:    [00025938]
[ DEBUG5 "MyRemoveOverlay"] Clusters id:  [00026261]
[ DEBUG5 "MyRemoveOverlay"] Particle ids ( [id], PDG, (type)): 
[ DEBUG5 "MyRemoveOverlay"]                  [00026499], 000211, (000000) 
[ DEBUG5 "MyRemoveOverlay"]                  [00026500], 000000, (000000) 
[ DEBUG5 "MyRemoveOverlay"]                  [00026501], 000000, (000000) 
[ DEBUG5 "MyRemoveOverlay"]                  [00026502], 000000, (000000) 
[ DEBUG5 "MyRemoveOverlay"]                  [00026503], 000000, (000000) 
[ DEBUG5 "MyRemoveOverlay"]                  [00026504], 000000, (000000) 
[ DEBUG5 "MyRemoveOverlay"]                  [00026505], 000013, (000000) 
[ DEBUG5 "MyRemoveOverlay"]                  [00026506], 000011, (000000) 
[ DEBUG5 "MyRemoveOverlay"]                  [00026507], 000211, (000000) 
[ DEBUG5 "MyRemoveOverlay"] 
[ DEBUG5 "MyRemoveOverlay"] 
[ DEBUG0 "MyRemoveOverlay"] 	MCParticle at index: 0 has PDG: 211 and MCParticle to Track link weight is 1.00e+00
[ DEBUG0 "MyRemoveOverlay"] 	MCParticle at index: 0 with PDG code: 211 has highest link weight to input track
[ DEBUG6 "MyRemoveOverlay"] 		Track is not linked to a MCParticle
[ DEBUG0 "MyRemoveOverlay"] 	MCParticle at index: 0 has PDG: 211 and MCParticle to Cluster link weight is 9.77e-01
[ DEBUG0 "MyRemoveOverlay"] 	MCParticle at index: 0 with PDG code: 211 has highest link weight to input cluster
[ DEBUG6 "MyRemoveOverlay"] 		Cluster is not linked to a MCParticle
[ DEBUG7 "MyRemoveOverlay"] 		********** PFO AT INDEX 21 IS NOT OVERLAY **********
[ DEBUG8 "MyRemoveOverlay"] 
[ DEBUG8 "MyRemoveOverlay"] 		-------------------------------------------------------
[ DEBUG8 "MyRemoveOverlay"] 		Processing PFO at index 22
[ DEBUG5 "MyRemoveOverlay"] ------------------ ReconstructedParticle -----------------------------
[ DEBUG5 "MyRemoveOverlay"] Id                                                             0x26508
[ DEBUG5 "MyRemoveOverlay"] Compound                                                             0
[ DEBUG5 "MyRemoveOverlay"] Type                                                               211
[ DEBUG5 "MyRemoveOverlay"] Momentum (x,y,z)                       +1.69e-01, -5.82e-01, +5.05e-01
[ DEBUG5 "MyRemoveOverlay"] Mass [GeV]                                                    1.40e-01
[ DEBUG5 "MyRemoveOverlay"] Charge [e]                                                    1.00e+00
[ DEBUG5 "MyRemoveOverlay"] Energy [GeV]                                                  8.01e-01
[ DEBUG5 "MyRemoveOverlay"] ReferencePoint                         +4.42e+00, -1.65e+01, +1.45e+01
[ DEBUG5 "MyRemoveOverlay"] ParticleIDUsed                                                       0
[ DEBUG5 "MyRemoveOverlay"] GoodnessOfPID                                                 0.00e+00
[ DEBUG5 "MyRemoveOverlay"] Covariance p,E:  6.08e-07, 4.35e-08, 5.78e-07, -8.50e-09, 4.98e-08, 
[ DEBUG5 "MyRemoveOverlay"]                  5.75e-07, 9.14e-08, -3.80e-07, 3.24e-07, 4.99e-07
[ DEBUG5 "MyRemoveOverlay"] Particles id:    
[ DEBUG5 "MyRemoveOverlay"] Tracks id:    [00025833]
[ DEBUG5 "MyRemoveOverlay"] Clusters id:  [00026262]
[ DEBUG5 "MyRemoveOverlay"] Particle ids ( [id], PDG, (type)): 
[ DEBUG5 "MyRemoveOverlay"]                  [00026509], 000211, (000000) 
[ DEBUG5 "MyRemoveOverlay"]                  [00026510], 000000, (000000) 
[ DEBUG5 "MyRemoveOverlay"]                  [00026511], 000000, (000000) 
[ DEBUG5 "MyRemoveOverlay"]                  [00026512], 000000, (000000) 
[ DEBUG5 "MyRemoveOverlay"]                  [00026513], 000000, (000000) 
[ DEBUG5 "MyRemoveOverlay"]                  [00026514], 000000, (000000) 
[ DEBUG5 "MyRemoveOverlay"]                  [00026515], 000013, (000000) 
[ DEBUG5 "MyRemoveOverlay"]                  [00026516], 000011, (000000) 
[ DEBUG5 "MyRemoveOverlay"]                  [00026517], 000211, (000000) 
[ DEBUG5 "MyRemoveOverlay"] 
[ DEBUG5 "MyRemoveOverlay"] 
[ DEBUG0 "MyRemoveOverlay"] 	MCParticle at index: 0 has PDG: 211 and MCParticle to Track link weight is 1.00e+00
[ DEBUG0 "MyRemoveOverlay"] 	MCParticle at index: 0 with PDG code: 211 has highest link weight to input track
[ DEBUG6 "MyRemoveOverlay"] 		Track is not linked to a MCParticle
[ DEBUG0 "MyRemoveOverlay"] 	MCParticle at index: 0 has PDG: 22 and MCParticle to Cluster link weight is 1.00e+00
[ DEBUG0 "MyRemoveOverlay"] 	MCParticle at index: 0 with PDG code: 22 has highest link weight to input cluster
[ DEBUG0 "MyRemoveOverlay"] 	Cluster at index: 0 has highest link weight to MCParticle = 1.00e+00
[ DEBUG0 "MyRemoveOverlay"] 	Cluster linked to MCParticle with highest weight
[ DEBUG6 "MyRemoveOverlay"] 		Found a linked MCParticle to cluster
[ DEBUG5 "MyRemoveOverlay"] ----------------------------- MCParticle -----------------------------
[ DEBUG5 "MyRemoveOverlay"] Id                                                               25493
[ DEBUG5 "MyRemoveOverlay"] PDG                                                                 22
[ DEBUG5 "MyRemoveOverlay"] Energy [GeV]                                                  2.65e-01
[ DEBUG5 "MyRemoveOverlay"] Momentum [GeV] (x,y,z)                   0.207672, 0.0381014, 0.160441
[ DEBUG5 "MyRemoveOverlay"] Momentum at Endpoint[GeV] (x,y,z)                                  0, 0, 0
[ DEBUG5 "MyRemoveOverlay"] GeneratorStatus                                                      0
[ DEBUG5 "MyRemoveOverlay"] Vertex [mm] (x,y,z)                         -745.143, 368.103, 2239.54
[ DEBUG5 "MyRemoveOverlay"] Endpoint [mm] (x,y,z)                       -511.569, 410.957, 2419.99
[ DEBUG5 "MyRemoveOverlay"] Mass [GeV]                                                    0.00e+00
[ DEBUG5 "MyRemoveOverlay"] Charge                                                        0.00e+00
[ DEBUG5 "MyRemoveOverlay"] Parents                                                              1
[ DEBUG5 "MyRemoveOverlay"] Daughters                                                            0
[ DEBUG5 "MyRemoveOverlay"] simulator status bits: [sbvtcls]  s: created in simulation b: backscatter v: vertex is not endpoint of parent t: decayed in tracker c: decayed in calorimeter l: has left detector s: stopped o: overlay
[ DEBUG5 "MyRemoveOverlay"] [s   c s ]
[ DEBUG5 "MyRemoveOverlay"] 
[ DEBUG7 "MyRemoveOverlay"] 		********** PFO AT INDEX 22 IS NOT OVERLAY **********
[ DEBUG8 "MyRemoveOverlay"] 
[ DEBUG8 "MyRemoveOverlay"] 		-------------------------------------------------------
[ DEBUG8 "MyRemoveOverlay"] 		Processing PFO at index 23
[ DEBUG5 "MyRemoveOverlay"] ------------------ ReconstructedParticle -----------------------------
[ DEBUG5 "MyRemoveOverlay"] Id                                                             0x26518
[ DEBUG5 "MyRemoveOverlay"] Compound                                                             0
[ DEBUG5 "MyRemoveOverlay"] Type                                                              -211
[ DEBUG5 "MyRemoveOverlay"] Momentum (x,y,z)                       -1.08e+00, -5.28e-01, +4.31e+00
[ DEBUG5 "MyRemoveOverlay"] Mass [GeV]                                                    1.40e-01
[ DEBUG5 "MyRemoveOverlay"] Charge [e]                                                   -1.00e+00
[ DEBUG5 "MyRemoveOverlay"] Energy [GeV]                                                  4.47e+00
[ DEBUG5 "MyRemoveOverlay"] ReferencePoint                         -5.58e+01, -2.84e+01, +2.21e+02
[ DEBUG5 "MyRemoveOverlay"] ParticleIDUsed                                                       0
[ DEBUG5 "MyRemoveOverlay"] GoodnessOfPID                                                 0.00e+00
[ DEBUG5 "MyRemoveOverlay"] Covariance p,E:  4.32e-05, 2.25e-05, 1.81e-05, -1.58e-04, -9.24e-05, 
[ DEBUG5 "MyRemoveOverlay"]                  6.58e-04, -1.65e-04, -9.65e-05, 6.83e-04, 7.08e-04
[ DEBUG5 "MyRemoveOverlay"] Particles id:    
[ DEBUG5 "MyRemoveOverlay"] Tracks id:    [00025823]
[ DEBUG5 "MyRemoveOverlay"] Clusters id:  [00026263]
[ DEBUG5 "MyRemoveOverlay"] Particle ids ( [id], PDG, (type)): 
[ DEBUG5 "MyRemoveOverlay"]                  [00026519], 000000, (000000) 
[ DEBUG5 "MyRemoveOverlay"]                  [00026520], 000000, (000000) 
[ DEBUG5 "MyRemoveOverlay"]                  [00026521], 000000, (000000) 
[ DEBUG5 "MyRemoveOverlay"]                  [00026522], 000000, (000000) 
[ DEBUG5 "MyRemoveOverlay"]                  [00026523], 000000, (000000) 
[ DEBUG5 "MyRemoveOverlay"]                  [00026524], 000211, (000000) 
[ DEBUG5 "MyRemoveOverlay"]                  [00026525], 000011, (000000) 
[ DEBUG5 "MyRemoveOverlay"]                  [00026526], 000321, (000000) 
[ DEBUG5 "MyRemoveOverlay"]                  [00026527], 000011, (000000) 
[ DEBUG5 "MyRemoveOverlay"] 
[ DEBUG5 "MyRemoveOverlay"] 
[ DEBUG0 "MyRemoveOverlay"] 	MCParticle at index: 0 has PDG: -211 and MCParticle to Track link weight is 1.00e+00
[ DEBUG0 "MyRemoveOverlay"] 	MCParticle at index: 0 with PDG code: -211 has highest link weight to input track
[ DEBUG0 "MyRemoveOverlay"] 	Track at index: 0 has highest link weight to MCParticle = 9.38e-01
[ DEBUG0 "MyRemoveOverlay"] 	Track linked to MCParticle with highest weight
[ DEBUG6 "MyRemoveOverlay"] 		Found a linked MCParticle to track
[ DEBUG5 "MyRemoveOverlay"] ----------------------------- MCParticle -----------------------------
[ DEBUG5 "MyRemoveOverlay"] Id                                                               25387
[ DEBUG5 "MyRemoveOverlay"] PDG                                                               -211
[ DEBUG5 "MyRemoveOverlay"] Energy [GeV]                                                  4.49e+00
[ DEBUG5 "MyRemoveOverlay"] Momentum [GeV] (x,y,z)                    -1.11749, -0.525121, 4.31421
[ DEBUG5 "MyRemoveOverlay"] Momentum at Endpoint[GeV] (x,y,z)                                -0, -0, 0
[ DEBUG5 "MyRemoveOverlay"] GeneratorStatus                                                      1
[ DEBUG5 "MyRemoveOverlay"] Vertex [mm] (x,y,z)                                     0, 0, 0.347737
[ DEBUG5 "MyRemoveOverlay"] Endpoint [mm] (x,y,z)                      -493.041, -459.204, 2439.49
[ DEBUG5 "MyRemoveOverlay"] Mass [GeV]                                                    1.40e-01
[ DEBUG5 "MyRemoveOverlay"] Charge                                                       -1.00e+00
[ DEBUG5 "MyRemoveOverlay"] Parents                                                              1
[ DEBUG5 "MyRemoveOverlay"] Daughters                                                            0
[ DEBUG5 "MyRemoveOverlay"] simulator status bits: [sbvtcls]  s: created in simulation b: backscatter v: vertex is not endpoint of parent t: decayed in tracker c: decayed in calorimeter l: has left detector s: stopped o: overlay
[ DEBUG5 "MyRemoveOverlay"] [    c s ]
[ DEBUG5 "MyRemoveOverlay"] 
[ DEBUG0 "MyRemoveOverlay"] 	MCParticle at index: 0 has PDG: -211 and MCParticle to Cluster link weight is 1.00e+00
[ DEBUG0 "MyRemoveOverlay"] 	MCParticle at index: 0 with PDG code: -211 has highest link weight to input cluster
[ DEBUG0 "MyRemoveOverlay"] 	Cluster at index: 0 has highest link weight to MCParticle = 9.53e-01
[ DEBUG0 "MyRemoveOverlay"] 	Cluster linked to MCParticle with highest weight
[ DEBUG6 "MyRemoveOverlay"] 		Found a linked MCParticle to cluster
[ DEBUG5 "MyRemoveOverlay"] ----------------------------- MCParticle -----------------------------
[ DEBUG5 "MyRemoveOverlay"] Id                                                               25387
[ DEBUG5 "MyRemoveOverlay"] PDG                                                               -211
[ DEBUG5 "MyRemoveOverlay"] Energy [GeV]                                                  4.49e+00
[ DEBUG5 "MyRemoveOverlay"] Momentum [GeV] (x,y,z)                    -1.11749, -0.525121, 4.31421
[ DEBUG5 "MyRemoveOverlay"] Momentum at Endpoint[GeV] (x,y,z)                                -0, -0, 0
[ DEBUG5 "MyRemoveOverlay"] GeneratorStatus                                                      1
[ DEBUG5 "MyRemoveOverlay"] Vertex [mm] (x,y,z)                                     0, 0, 0.347737
[ DEBUG5 "MyRemoveOverlay"] Endpoint [mm] (x,y,z)                      -493.041, -459.204, 2439.49
[ DEBUG5 "MyRemoveOverlay"] Mass [GeV]                                                    1.40e-01
[ DEBUG5 "MyRemoveOverlay"] Charge                                                       -1.00e+00
[ DEBUG5 "MyRemoveOverlay"] Parents                                                              1
[ DEBUG5 "MyRemoveOverlay"] Daughters                                                            0
[ DEBUG5 "MyRemoveOverlay"] simulator status bits: [sbvtcls]  s: created in simulation b: backscatter v: vertex is not endpoint of parent t: decayed in tracker c: decayed in calorimeter l: has left detector s: stopped o: overlay
[ DEBUG5 "MyRemoveOverlay"] [    c s ]
[ DEBUG5 "MyRemoveOverlay"] 
[ DEBUG7 "MyRemoveOverlay"] 		********** PFO AT INDEX 23 IS NOT OVERLAY **********
[ DEBUG8 "MyRemoveOverlay"] 
[ DEBUG8 "MyRemoveOverlay"] 		-------------------------------------------------------
[ DEBUG8 "MyRemoveOverlay"] 		Processing PFO at index 24
[ DEBUG5 "MyRemoveOverlay"] ------------------ ReconstructedParticle -----------------------------
[ DEBUG5 "MyRemoveOverlay"] Id                                                             0x26528
[ DEBUG5 "MyRemoveOverlay"] Compound                                                             0
[ DEBUG5 "MyRemoveOverlay"] Type                                                               211
[ DEBUG5 "MyRemoveOverlay"] Momentum (x,y,z)                       -5.48e-01, +3.64e-01, +9.90e-01
[ DEBUG5 "MyRemoveOverlay"] Mass [GeV]                                                    1.40e-01
[ DEBUG5 "MyRemoveOverlay"] Charge [e]                                                    1.00e+00
[ DEBUG5 "MyRemoveOverlay"] Energy [GeV]                                                  1.20e+00
[ DEBUG5 "MyRemoveOverlay"] ReferencePoint                         -1.98e+02, +2.25e+02, +4.63e+02
[ DEBUG5 "MyRemoveOverlay"] ParticleIDUsed                                                       0
[ DEBUG5 "MyRemoveOverlay"] GoodnessOfPID                                                 0.00e+00
[ DEBUG5 "MyRemoveOverlay"] Covariance p,E:  7.52e-06, -7.40e-09, 1.33e-05, 3.22e-06, -3.74e-06, 
[ DEBUG5 "MyRemoveOverlay"]                  5.16e-06, -7.81e-07, 9.44e-07, 1.65e-06, 2.01e-06
[ DEBUG5 "MyRemoveOverlay"] Particles id:    
[ DEBUG5 "MyRemoveOverlay"] Tracks id:    [00025918]
[ DEBUG5 "MyRemoveOverlay"] Clusters id:  [00026264]
[ DEBUG5 "MyRemoveOverlay"] Particle ids ( [id], PDG, (type)): 
[ DEBUG5 "MyRemoveOverlay"]                  [00026529], 000211, (000000) 
[ DEBUG5 "MyRemoveOverlay"]                  [00026530], 000321, (000000) 
[ DEBUG5 "MyRemoveOverlay"]                  [00026531], 000000, (000000) 
[ DEBUG5 "MyRemoveOverlay"]                  [00026532], 000000, (000000) 
[ DEBUG5 "MyRemoveOverlay"]                  [00026533], 000000, (000000) 
[ DEBUG5 "MyRemoveOverlay"]                  [00026534], 000000, (000000) 
[ DEBUG5 "MyRemoveOverlay"]                  [00026535], 000011, (000000) 
[ DEBUG5 "MyRemoveOverlay"]                  [00026536], 000321, (000000) 
[ DEBUG5 "MyRemoveOverlay"]                  [00026537], 000011, (000000) 
[ DEBUG5 "MyRemoveOverlay"] 
[ DEBUG5 "MyRemoveOverlay"] 
[ DEBUG0 "MyRemoveOverlay"] 	MCParticle at index: 0 has PDG: 211 and MCParticle to Track link weight is 1.00e+00
[ DEBUG0 "MyRemoveOverlay"] 	MCParticle at index: 0 with PDG code: 211 has highest link weight to input track
[ DEBUG0 "MyRemoveOverlay"] 	Track at index: 0 has highest link weight to MCParticle = 9.16e-01
[ DEBUG0 "MyRemoveOverlay"] 	Track linked to MCParticle with highest weight
[ DEBUG6 "MyRemoveOverlay"] 		Found a linked MCParticle to track
[ DEBUG5 "MyRemoveOverlay"] ----------------------------- MCParticle -----------------------------
[ DEBUG5 "MyRemoveOverlay"] Id                                                               25450
[ DEBUG5 "MyRemoveOverlay"] PDG                                                                211
[ DEBUG5 "MyRemoveOverlay"] Energy [GeV]                                                  1.21e+00
[ DEBUG5 "MyRemoveOverlay"] Momentum [GeV] (x,y,z)                    -0.538454, 0.371458, 1.00333
[ DEBUG5 "MyRemoveOverlay"] Momentum at Endpoint[GeV] (x,y,z)                                  0, 0, 0
[ DEBUG5 "MyRemoveOverlay"] GeneratorStatus                                                      1
[ DEBUG5 "MyRemoveOverlay"] Vertex [mm] (x,y,z)                -9.11518e-309, 3.916e-309, 0.347737
[ DEBUG5 "MyRemoveOverlay"] Endpoint [mm] (x,y,z)                        384.739, 1143.38, 2476.18
[ DEBUG5 "MyRemoveOverlay"] Mass [GeV]                                                    1.40e-01
[ DEBUG5 "MyRemoveOverlay"] Charge                                                        1.00e+00
[ DEBUG5 "MyRemoveOverlay"] Parents                                                              1
[ DEBUG5 "MyRemoveOverlay"] Daughters                                                            0
[ DEBUG5 "MyRemoveOverlay"] simulator status bits: [sbvtcls]  s: created in simulation b: backscatter v: vertex is not endpoint of parent t: decayed in tracker c: decayed in calorimeter l: has left detector s: stopped o: overlay
[ DEBUG5 "MyRemoveOverlay"] [    c s ]
[ DEBUG5 "MyRemoveOverlay"] 
[ DEBUG0 "MyRemoveOverlay"] 	MCParticle at index: 0 has PDG: 211 and MCParticle to Cluster link weight is 1.00e+00
[ DEBUG0 "MyRemoveOverlay"] 	MCParticle at index: 0 with PDG code: 211 has highest link weight to input cluster
[ DEBUG0 "MyRemoveOverlay"] 	Cluster at index: 0 has highest link weight to MCParticle = 9.84e-01
[ DEBUG0 "MyRemoveOverlay"] 	Cluster linked to MCParticle with highest weight
[ DEBUG6 "MyRemoveOverlay"] 		Found a linked MCParticle to cluster
[ DEBUG5 "MyRemoveOverlay"] ----------------------------- MCParticle -----------------------------
[ DEBUG5 "MyRemoveOverlay"] Id                                                               25450
[ DEBUG5 "MyRemoveOverlay"] PDG                                                                211
[ DEBUG5 "MyRemoveOverlay"] Energy [GeV]                                                  1.21e+00
[ DEBUG5 "MyRemoveOverlay"] Momentum [GeV] (x,y,z)                    -0.538454, 0.371458, 1.00333
[ DEBUG5 "MyRemoveOverlay"] Momentum at Endpoint[GeV] (x,y,z)                                  0, 0, 0
[ DEBUG5 "MyRemoveOverlay"] GeneratorStatus                                                      1
[ DEBUG5 "MyRemoveOverlay"] Vertex [mm] (x,y,z)                -9.11518e-309, 3.916e-309, 0.347737
[ DEBUG5 "MyRemoveOverlay"] Endpoint [mm] (x,y,z)                        384.739, 1143.38, 2476.18
[ DEBUG5 "MyRemoveOverlay"] Mass [GeV]                                                    1.40e-01
[ DEBUG5 "MyRemoveOverlay"] Charge                                                        1.00e+00
[ DEBUG5 "MyRemoveOverlay"] Parents                                                              1
[ DEBUG5 "MyRemoveOverlay"] Daughters                                                            0
[ DEBUG5 "MyRemoveOverlay"] simulator status bits: [sbvtcls]  s: created in simulation b: backscatter v: vertex is not endpoint of parent t: decayed in tracker c: decayed in calorimeter l: has left detector s: stopped o: overlay
[ DEBUG5 "MyRemoveOverlay"] [    c s ]
[ DEBUG5 "MyRemoveOverlay"] 
[ DEBUG7 "MyRemoveOverlay"] 		********** PFO AT INDEX 24 IS NOT OVERLAY **********
[ DEBUG8 "MyRemoveOverlay"] 
[ DEBUG8 "MyRemoveOverlay"] 		-------------------------------------------------------
[ DEBUG8 "MyRemoveOverlay"] 		Processing PFO at index 25
[ DEBUG5 "MyRemoveOverlay"] ------------------ ReconstructedParticle -----------------------------
[ DEBUG5 "MyRemoveOverlay"] Id                                                             0x26538
[ DEBUG5 "MyRemoveOverlay"] Compound                                                             0
[ DEBUG5 "MyRemoveOverlay"] Type                                                                22
[ DEBUG5 "MyRemoveOverlay"] Momentum (x,y,z)                       +3.59e-01, -4.28e-01, -2.66e+00
[ DEBUG5 "MyRemoveOverlay"] Mass [GeV]                                                    0.00e+00
[ DEBUG5 "MyRemoveOverlay"] Charge [e]                                                    0.00e+00
[ DEBUG5 "MyRemoveOverlay"] Energy [GeV]                                                  2.72e+00
[ DEBUG5 "MyRemoveOverlay"] ReferencePoint                         +3.42e+02, -4.09e+02, -2.54e+03
[ DEBUG5 "MyRemoveOverlay"] ParticleIDUsed                                                       0
[ DEBUG5 "MyRemoveOverlay"] GoodnessOfPID                                                 0.00e+00
[ DEBUG5 "MyRemoveOverlay"] Covariance p,E:  1.39e-03, -1.64e-03, 1.96e-03, -1.02e-02, 1.22e-02, 
[ DEBUG5 "MyRemoveOverlay"]                  7.55e-02, 1.04e-02, -1.24e-02, -7.71e-02, 7.88e-02
[ DEBUG5 "MyRemoveOverlay"] Particles id:    
[ DEBUG5 "MyRemoveOverlay"] Tracks id:    
[ DEBUG5 "MyRemoveOverlay"] Clusters id:  [00026265]
[ DEBUG5 "MyRemoveOverlay"] Particle ids ( [id], PDG, (type)): 
[ DEBUG5 "MyRemoveOverlay"]                  [00026539], 000000, (000000) 
[ DEBUG5 "MyRemoveOverlay"]                  [00026540], 000000, (000000) 
[ DEBUG5 "MyRemoveOverlay"]                  [00026541], 000000, (000000) 
[ DEBUG5 "MyRemoveOverlay"]                  [00026542], 000000, (000000) 
[ DEBUG5 "MyRemoveOverlay"] 
[ DEBUG5 "MyRemoveOverlay"] 
[ DEBUG0 "MyRemoveOverlay"] 	MCParticle at index: 0 has PDG: 22 and MCParticle to Cluster link weight is 9.87e-01
[ DEBUG0 "MyRemoveOverlay"] 	MCParticle at index: 0 with PDG code: 22 has highest link weight to input cluster
[ DEBUG0 "MyRemoveOverlay"] 	Cluster at index: 0 has highest link weight to MCParticle = 9.98e-01
[ DEBUG0 "MyRemoveOverlay"] 	Cluster linked to MCParticle with highest weight
[ DEBUG6 "MyRemoveOverlay"] 		Found a linked MCParticle to cluster
[ DEBUG5 "MyRemoveOverlay"] ----------------------------- MCParticle -----------------------------
[ DEBUG5 "MyRemoveOverlay"] Id                                                               25352
[ DEBUG5 "MyRemoveOverlay"] PDG                                                                 22
[ DEBUG5 "MyRemoveOverlay"] Energy [GeV]                                                  5.64e+00
[ DEBUG5 "MyRemoveOverlay"] Momentum [GeV] (x,y,z)                    0.752669, -0.883397, -5.5175
[ DEBUG5 "MyRemoveOverlay"] Momentum at Endpoint[GeV] (x,y,z)                                0, -0, -0
[ DEBUG5 "MyRemoveOverlay"] GeneratorStatus                                                      1
[ DEBUG5 "MyRemoveOverlay"] Vertex [mm] (x,y,z)                                     0, 0, 0.347737
[ DEBUG5 "MyRemoveOverlay"] Endpoint [mm] (x,y,z)                       329.408, -386.621, -2414.4
[ DEBUG5 "MyRemoveOverlay"] Mass [GeV]                                                    8.43e-08
[ DEBUG5 "MyRemoveOverlay"] Charge                                                        0.00e+00
[ DEBUG5 "MyRemoveOverlay"] Parents                                                              1
[ DEBUG5 "MyRemoveOverlay"] Daughters                                                            0
[ DEBUG5 "MyRemoveOverlay"] simulator status bits: [sbvtcls]  s: created in simulation b: backscatter v: vertex is not endpoint of parent t: decayed in tracker c: decayed in calorimeter l: has left detector s: stopped o: overlay
[ DEBUG5 "MyRemoveOverlay"] [    c s ]
[ DEBUG5 "MyRemoveOverlay"] 
[ DEBUG7 "MyRemoveOverlay"] 		********** PFO AT INDEX 25 IS NOT OVERLAY **********
[ DEBUG8 "MyRemoveOverlay"] 
[ DEBUG8 "MyRemoveOverlay"] 		-------------------------------------------------------
[ DEBUG8 "MyRemoveOverlay"] 		Processing PFO at index 26
[ DEBUG5 "MyRemoveOverlay"] ------------------ ReconstructedParticle -----------------------------
[ DEBUG5 "MyRemoveOverlay"] Id                                                             0x26543
[ DEBUG5 "MyRemoveOverlay"] Compound                                                             0
[ DEBUG5 "MyRemoveOverlay"] Type                                                                22
[ DEBUG5 "MyRemoveOverlay"] Momentum (x,y,z)                       -1.54e-01, +3.55e-02, -1.76e-01
[ DEBUG5 "MyRemoveOverlay"] Mass [GeV]                                                    0.00e+00
[ DEBUG5 "MyRemoveOverlay"] Charge [e]                                                    0.00e+00
[ DEBUG5 "MyRemoveOverlay"] Energy [GeV]                                                  2.37e-01
[ DEBUG5 "MyRemoveOverlay"] ReferencePoint                         -1.82e+03, +4.21e+02, -2.09e+03
[ DEBUG5 "MyRemoveOverlay"] ParticleIDUsed                                                       0
[ DEBUG5 "MyRemoveOverlay"] GoodnessOfPID                                                 0.00e+00
[ DEBUG5 "MyRemoveOverlay"] Covariance p,E:  2.83e-03, -6.54e-04, 1.51e-04, 3.24e-03, -7.48e-04, 
[ DEBUG5 "MyRemoveOverlay"]                  3.71e-03, -4.36e-03, 1.00e-03, -4.99e-03, 6.70e-03
[ DEBUG5 "MyRemoveOverlay"] Particles id:    
[ DEBUG5 "MyRemoveOverlay"] Tracks id:    
[ DEBUG5 "MyRemoveOverlay"] Clusters id:  [00026266]
[ DEBUG5 "MyRemoveOverlay"] Particle ids ( [id], PDG, (type)): 
[ DEBUG5 "MyRemoveOverlay"]                  [00026544], 000000, (000000) 
[ DEBUG5 "MyRemoveOverlay"]                  [00026545], 000000, (000000) 
[ DEBUG5 "MyRemoveOverlay"]                  [00026546], 000000, (000000) 
[ DEBUG5 "MyRemoveOverlay"]                  [00026547], 000000, (000000) 
[ DEBUG5 "MyRemoveOverlay"] 
[ DEBUG5 "MyRemoveOverlay"] 
[ DEBUG0 "MyRemoveOverlay"] 	MCParticle at index: 0 has PDG: 22 and MCParticle to Cluster link weight is 1.00e+00
[ DEBUG0 "MyRemoveOverlay"] 	MCParticle at index: 0 with PDG code: 22 has highest link weight to input cluster
[ DEBUG6 "MyRemoveOverlay"] 		Cluster is not linked to a MCParticle
[ DEBUG7 "MyRemoveOverlay"] 		********** PFO AT INDEX 26 IS NOT OVERLAY **********
[ DEBUG8 "MyRemoveOverlay"] 
[ DEBUG8 "MyRemoveOverlay"] 		-------------------------------------------------------
[ DEBUG8 "MyRemoveOverlay"] 		Processing PFO at index 27
[ DEBUG5 "MyRemoveOverlay"] ------------------ ReconstructedParticle -----------------------------
[ DEBUG5 "MyRemoveOverlay"] Id                                                             0x26548
[ DEBUG5 "MyRemoveOverlay"] Compound                                                             0
[ DEBUG5 "MyRemoveOverlay"] Type                                                              2112
[ DEBUG5 "MyRemoveOverlay"] Momentum (x,y,z)                       +3.94e-02, +3.38e-01, -3.43e-01
[ DEBUG5 "MyRemoveOverlay"] Mass [GeV]                                                    9.40e-01
[ DEBUG5 "MyRemoveOverlay"] Charge [e]                                                    0.00e+00
[ DEBUG5 "MyRemoveOverlay"] Energy [GeV]                                                  4.83e-01
[ DEBUG5 "MyRemoveOverlay"] ReferencePoint                         +2.14e+02, +1.84e+03, -1.87e+03
[ DEBUG5 "MyRemoveOverlay"] ParticleIDUsed                                                       0
[ DEBUG5 "MyRemoveOverlay"] GoodnessOfPID                                                 0.00e+00
[ DEBUG5 "MyRemoveOverlay"] Covariance p,E:  5.54e-03, 4.75e-02, 4.07e-01, -4.82e-02, -4.13e-01, 
[ DEBUG5 "MyRemoveOverlay"]                  4.20e-01, 3.11e-02, 2.66e-01, -2.70e-01, 1.74e-01
[ DEBUG5 "MyRemoveOverlay"] Particles id:    
[ DEBUG5 "MyRemoveOverlay"] Tracks id:    
[ DEBUG5 "MyRemoveOverlay"] Clusters id:  [00026267]
[ DEBUG5 "MyRemoveOverlay"] Particle ids ( [id], PDG, (type)): 
[ DEBUG5 "MyRemoveOverlay"]                  [00026549], 000000, (000000) 
[ DEBUG5 "MyRemoveOverlay"]                  [00026550], 000000, (000000) 
[ DEBUG5 "MyRemoveOverlay"]                  [00026551], 000000, (000000) 
[ DEBUG5 "MyRemoveOverlay"]                  [00026552], 000000, (000000) 
[ DEBUG5 "MyRemoveOverlay"] 
[ DEBUG5 "MyRemoveOverlay"] 
[ DEBUG0 "MyRemoveOverlay"] 	MCParticle at index: 0 has PDG: 22 and MCParticle to Cluster link weight is 1.00e+00
[ DEBUG0 "MyRemoveOverlay"] 	MCParticle at index: 0 with PDG code: 22 has highest link weight to input cluster
[ DEBUG0 "MyRemoveOverlay"] 	Cluster at index: 0 has highest link weight to MCParticle = 9.91e-01
[ DEBUG0 "MyRemoveOverlay"] 	Cluster linked to MCParticle with highest weight
[ DEBUG6 "MyRemoveOverlay"] 		Found a linked MCParticle to cluster
[ DEBUG5 "MyRemoveOverlay"] ----------------------------- MCParticle -----------------------------
[ DEBUG5 "MyRemoveOverlay"] Id                                                               25509
[ DEBUG5 "MyRemoveOverlay"] PDG                                                                 22
[ DEBUG5 "MyRemoveOverlay"] Energy [GeV]                                                  3.11e-01
[ DEBUG5 "MyRemoveOverlay"] Momentum [GeV] (x,y,z)                  -0.0127313, 0.30608, 0.0531309
[ DEBUG5 "MyRemoveOverlay"] Momentum at Endpoint[GeV] (x,y,z)                                 -0, 0, 0
[ DEBUG5 "MyRemoveOverlay"] GeneratorStatus                                                      0
[ DEBUG5 "MyRemoveOverlay"] Vertex [mm] (x,y,z)                        320.078, -707.438, -2303.43
[ DEBUG5 "MyRemoveOverlay"] Endpoint [mm] (x,y,z)                       215.515, 1806.42, -1867.07
[ DEBUG5 "MyRemoveOverlay"] Mass [GeV]                                                    0.00e+00
[ DEBUG5 "MyRemoveOverlay"] Charge                                                        0.00e+00
[ DEBUG5 "MyRemoveOverlay"] Parents                                                              1
[ DEBUG5 "MyRemoveOverlay"] Daughters                                                            0
[ DEBUG5 "MyRemoveOverlay"] simulator status bits: [sbvtcls]  s: created in simulation b: backscatter v: vertex is not endpoint of parent t: decayed in tracker c: decayed in calorimeter l: has left detector s: stopped o: overlay
[ DEBUG5 "MyRemoveOverlay"] [s   c so]
[ DEBUG5 "MyRemoveOverlay"] 
[ DEBUG7 "MyRemoveOverlay"] 		********** PFO AT INDEX 27 IS OVERLAY **********
[ DEBUG8 "MyRemoveOverlay"] 
[ DEBUG8 "MyRemoveOverlay"] 		-------------------------------------------------------
[ DEBUG8 "MyRemoveOverlay"] 		Processing PFO at index 28
[ DEBUG5 "MyRemoveOverlay"] ------------------ ReconstructedParticle -----------------------------
[ DEBUG5 "MyRemoveOverlay"] Id                                                             0x26553
[ DEBUG5 "MyRemoveOverlay"] Compound                                                             0
[ DEBUG5 "MyRemoveOverlay"] Type                                                                22
[ DEBUG5 "MyRemoveOverlay"] Momentum (x,y,z)                       +6.86e-01, +2.14e-01, -3.11e-01
[ DEBUG5 "MyRemoveOverlay"] Mass [GeV]                                                    0.00e+00
[ DEBUG5 "MyRemoveOverlay"] Charge [e]                                                    0.00e+00
[ DEBUG5 "MyRemoveOverlay"] Energy [GeV]                                                  7.83e-01
[ DEBUG5 "MyRemoveOverlay"] ReferencePoint                         +1.83e+03, +5.73e+02, -8.32e+02
[ DEBUG5 "MyRemoveOverlay"] ParticleIDUsed                                                       0
[ DEBUG5 "MyRemoveOverlay"] GoodnessOfPID                                                 0.00e+00
[ DEBUG5 "MyRemoveOverlay"] Covariance p,E:  1.72e-02, 5.36e-03, 1.67e-03, -7.78e-03, -2.43e-03, 
[ DEBUG5 "MyRemoveOverlay"]                  3.53e-03, 1.96e-02, 6.12e-03, -8.88e-03, 2.24e-02
[ DEBUG5 "MyRemoveOverlay"] Particles id:    
[ DEBUG5 "MyRemoveOverlay"] Tracks id:    
[ DEBUG5 "MyRemoveOverlay"] Clusters id:  [00026268]
[ DEBUG5 "MyRemoveOverlay"] Particle ids ( [id], PDG, (type)): 
[ DEBUG5 "MyRemoveOverlay"]                  [00026554], 000000, (000000) 
[ DEBUG5 "MyRemoveOverlay"]                  [00026555], 000000, (000000) 
[ DEBUG5 "MyRemoveOverlay"]                  [00026556], 000000, (000000) 
[ DEBUG5 "MyRemoveOverlay"]                  [00026557], 000000, (000000) 
[ DEBUG5 "MyRemoveOverlay"] 
[ DEBUG5 "MyRemoveOverlay"] 
[ DEBUG0 "MyRemoveOverlay"] 	MCParticle at index: 0 has PDG: 22 and MCParticle to Cluster link weight is 1.00e+00
[ DEBUG0 "MyRemoveOverlay"] 	MCParticle at index: 0 with PDG code: 22 has highest link weight to input cluster
[ DEBUG0 "MyRemoveOverlay"] 	Cluster at index: 0 has highest link weight to MCParticle = 9.78e-01
[ DEBUG0 "MyRemoveOverlay"] 	Cluster linked to MCParticle with highest weight
[ DEBUG6 "MyRemoveOverlay"] 		Found a linked MCParticle to cluster
[ DEBUG5 "MyRemoveOverlay"] ----------------------------- MCParticle -----------------------------
[ DEBUG5 "MyRemoveOverlay"] Id                                                               25405
[ DEBUG5 "MyRemoveOverlay"] PDG                                                                 22
[ DEBUG5 "MyRemoveOverlay"] Energy [GeV]                                                  6.81e-01
[ DEBUG5 "MyRemoveOverlay"] Momentum [GeV] (x,y,z)                    0.596061, 0.18636, -0.270645
[ DEBUG5 "MyRemoveOverlay"] Momentum at Endpoint[GeV] (x,y,z)                                 0, 0, -0
[ DEBUG5 "MyRemoveOverlay"] GeneratorStatus                                                      1
[ DEBUG5 "MyRemoveOverlay"] Vertex [mm] (x,y,z)               7.64759e-309, 4.96798e-310, 0.347737
[ DEBUG5 "MyRemoveOverlay"] Endpoint [mm] (x,y,z)                       1806.35, 564.759, -819.837
[ DEBUG5 "MyRemoveOverlay"] Mass [GeV]                                                   -1.83e-08
[ DEBUG5 "MyRemoveOverlay"] Charge                                                        0.00e+00
[ DEBUG5 "MyRemoveOverlay"] Parents                                                              1
[ DEBUG5 "MyRemoveOverlay"] Daughters                                                            0
[ DEBUG5 "MyRemoveOverlay"] simulator status bits: [sbvtcls]  s: created in simulation b: backscatter v: vertex is not endpoint of parent t: decayed in tracker c: decayed in calorimeter l: has left detector s: stopped o: overlay
[ DEBUG5 "MyRemoveOverlay"] [    c s ]
[ DEBUG5 "MyRemoveOverlay"] 
[ DEBUG7 "MyRemoveOverlay"] 		********** PFO AT INDEX 28 IS NOT OVERLAY **********
[ DEBUG8 "MyRemoveOverlay"] 
[ DEBUG8 "MyRemoveOverlay"] 		-------------------------------------------------------
[ DEBUG8 "MyRemoveOverlay"] 		Processing PFO at index 29
[ DEBUG5 "MyRemoveOverlay"] ------------------ ReconstructedParticle -----------------------------
[ DEBUG5 "MyRemoveOverlay"] Id                                                             0x26558
[ DEBUG5 "MyRemoveOverlay"] Compound                                                             0
[ DEBUG5 "MyRemoveOverlay"] Type                                                                22
[ DEBUG5 "MyRemoveOverlay"] Momentum (x,y,z)                       +5.54e-01, +8.10e-02, +5.56e-02
[ DEBUG5 "MyRemoveOverlay"] Mass [GeV]                                                    0.00e+00
[ DEBUG5 "MyRemoveOverlay"] Charge [e]                                                    0.00e+00
[ DEBUG5 "MyRemoveOverlay"] Energy [GeV]                                                  5.63e-01
[ DEBUG5 "MyRemoveOverlay"] ReferencePoint                         +1.85e+03, +2.70e+02, +1.85e+02
[ DEBUG5 "MyRemoveOverlay"] ParticleIDUsed                                                       0
[ DEBUG5 "MyRemoveOverlay"] GoodnessOfPID                                                 0.00e+00
[ DEBUG5 "MyRemoveOverlay"] Covariance p,E:  1.55e-02, 2.27e-03, 3.50e-04, 1.56e-03, 2.22e-04, 
[ DEBUG5 "MyRemoveOverlay"]                  1.60e-04, 1.58e-02, 2.31e-03, 1.58e-03, 1.60e-02
[ DEBUG5 "MyRemoveOverlay"] Particles id:    
[ DEBUG5 "MyRemoveOverlay"] Tracks id:    
[ DEBUG5 "MyRemoveOverlay"] Clusters id:  [00026269]
[ DEBUG5 "MyRemoveOverlay"] Particle ids ( [id], PDG, (type)): 
[ DEBUG5 "MyRemoveOverlay"]                  [00026559], 000000, (000000) 
[ DEBUG5 "MyRemoveOverlay"]                  [00026560], 000000, (000000) 
[ DEBUG5 "MyRemoveOverlay"]                  [00026561], 000000, (000000) 
[ DEBUG5 "MyRemoveOverlay"]                  [00026562], 000000, (000000) 
[ DEBUG5 "MyRemoveOverlay"] 
[ DEBUG5 "MyRemoveOverlay"] 
[ DEBUG6 "MyRemoveOverlay"] 		Cluster is not linked to a MCParticle
[ DEBUG7 "MyRemoveOverlay"] 		********** PFO AT INDEX 29 IS NOT OVERLAY **********
[ DEBUG8 "MyRemoveOverlay"] 
[ DEBUG8 "MyRemoveOverlay"] 		-------------------------------------------------------
[ DEBUG8 "MyRemoveOverlay"] 		Processing PFO at index 30
[ DEBUG5 "MyRemoveOverlay"] ------------------ ReconstructedParticle -----------------------------
[ DEBUG5 "MyRemoveOverlay"] Id                                                             0x26563
[ DEBUG5 "MyRemoveOverlay"] Compound                                                             0
[ DEBUG5 "MyRemoveOverlay"] Type                                                              2112
[ DEBUG5 "MyRemoveOverlay"] Momentum (x,y,z)                       +1.05e+00, -1.46e+00, +6.32e-01
[ DEBUG5 "MyRemoveOverlay"] Mass [GeV]                                                    9.40e-01
[ DEBUG5 "MyRemoveOverlay"] Charge [e]                                                    0.00e+00
[ DEBUG5 "MyRemoveOverlay"] Energy [GeV]                                                  1.91e+00
[ DEBUG5 "MyRemoveOverlay"] ReferencePoint                         +1.08e+03, -1.50e+03, +6.51e+02
[ DEBUG5 "MyRemoveOverlay"] ParticleIDUsed                                                       0
[ DEBUG5 "MyRemoveOverlay"] GoodnessOfPID                                                 0.00e+00
[ DEBUG5 "MyRemoveOverlay"] Covariance p,E:  2.61e-01, -3.62e-01, 5.02e-01, 1.57e-01, -2.18e-01, 
[ DEBUG5 "MyRemoveOverlay"]                  9.44e-02, 4.24e-01, -5.88e-01, 2.55e-01, 6.90e-01
[ DEBUG5 "MyRemoveOverlay"] Particles id:    
[ DEBUG5 "MyRemoveOverlay"] Tracks id:    
[ DEBUG5 "MyRemoveOverlay"] Clusters id:  [00026270]
[ DEBUG5 "MyRemoveOverlay"] Particle ids ( [id], PDG, (type)): 
[ DEBUG5 "MyRemoveOverlay"]                  [00026564], 000000, (000000) 
[ DEBUG5 "MyRemoveOverlay"]                  [00026565], 000000, (000000) 
[ DEBUG5 "MyRemoveOverlay"]                  [00026566], 000000, (000000) 
[ DEBUG5 "MyRemoveOverlay"]                  [00026567], 000000, (000000) 
[ DEBUG5 "MyRemoveOverlay"] 
[ DEBUG5 "MyRemoveOverlay"] 
[ DEBUG0 "MyRemoveOverlay"] 	MCParticle at index: 1 has PDG: 130 and MCParticle to Cluster link weight is 9.82e-01
[ DEBUG0 "MyRemoveOverlay"] 	MCParticle at index: 1 with PDG code: 130 has highest link weight to input cluster
[ DEBUG6 "MyRemoveOverlay"] 		Cluster is not linked to a MCParticle
[ DEBUG7 "MyRemoveOverlay"] 		********** PFO AT INDEX 30 IS NOT OVERLAY **********
[ DEBUG8 "MyRemoveOverlay"] 
[ DEBUG8 "MyRemoveOverlay"] 		-------------------------------------------------------
[ DEBUG8 "MyRemoveOverlay"] 		Processing PFO at index 31
[ DEBUG5 "MyRemoveOverlay"] ------------------ ReconstructedParticle -----------------------------
[ DEBUG5 "MyRemoveOverlay"] Id                                                             0x26568
[ DEBUG5 "MyRemoveOverlay"] Compound                                                             0
[ DEBUG5 "MyRemoveOverlay"] Type                                                                22
[ DEBUG5 "MyRemoveOverlay"] Momentum (x,y,z)                       +9.02e-02, +6.54e-02, +9.02e-02
[ DEBUG5 "MyRemoveOverlay"] Mass [GeV]                                                    0.00e+00
[ DEBUG5 "MyRemoveOverlay"] Charge [e]                                                    0.00e+00
[ DEBUG5 "MyRemoveOverlay"] Energy [GeV]                                                  1.43e-01
[ DEBUG5 "MyRemoveOverlay"] ReferencePoint                         +1.50e+03, +1.09e+03, +1.50e+03
[ DEBUG5 "MyRemoveOverlay"] ParticleIDUsed                                                       0
[ DEBUG5 "MyRemoveOverlay"] GoodnessOfPID                                                 0.00e+00
[ DEBUG5 "MyRemoveOverlay"] Covariance p,E:  1.60e-03, 1.16e-03, 8.40e-04, 1.60e-03, 1.16e-03, 
[ DEBUG5 "MyRemoveOverlay"]                  1.60e-03, 2.54e-03, 1.84e-03, 2.54e-03, 4.04e-03
[ DEBUG5 "MyRemoveOverlay"] Particles id:    
[ DEBUG5 "MyRemoveOverlay"] Tracks id:    
[ DEBUG5 "MyRemoveOverlay"] Clusters id:  [00026271]
[ DEBUG5 "MyRemoveOverlay"] Particle ids ( [id], PDG, (type)): 
[ DEBUG5 "MyRemoveOverlay"]                  [00026569], 000000, (000000) 
[ DEBUG5 "MyRemoveOverlay"]                  [00026570], 000000, (000000) 
[ DEBUG5 "MyRemoveOverlay"]                  [00026571], 000000, (000000) 
[ DEBUG5 "MyRemoveOverlay"]                  [00026572], 000000, (000000) 
[ DEBUG5 "MyRemoveOverlay"] 
[ DEBUG5 "MyRemoveOverlay"] 
[ DEBUG0 "MyRemoveOverlay"] 	MCParticle at index: 0 has PDG: 22 and MCParticle to Cluster link weight is 1.00e+00
[ DEBUG0 "MyRemoveOverlay"] 	MCParticle at index: 0 with PDG code: 22 has highest link weight to input cluster
[ DEBUG0 "MyRemoveOverlay"] 	Cluster at index: 0 has highest link weight to MCParticle = 1.00e+00
[ DEBUG0 "MyRemoveOverlay"] 	Cluster linked to MCParticle with highest weight
[ DEBUG6 "MyRemoveOverlay"] 		Found a linked MCParticle to cluster
[ DEBUG5 "MyRemoveOverlay"] ----------------------------- MCParticle -----------------------------
[ DEBUG5 "MyRemoveOverlay"] Id                                                               25427
[ DEBUG5 "MyRemoveOverlay"] PDG                                                                 22
[ DEBUG5 "MyRemoveOverlay"] Energy [GeV]                                                  1.34e-01
[ DEBUG5 "MyRemoveOverlay"] Momentum [GeV] (x,y,z)                 0.0842383, 0.0611092, 0.0842962
[ DEBUG5 "MyRemoveOverlay"] Momentum at Endpoint[GeV] (x,y,z)                                  0, 0, 0
[ DEBUG5 "MyRemoveOverlay"] GeneratorStatus                                                      1
[ DEBUG5 "MyRemoveOverlay"] Vertex [mm] (x,y,z)                 3.61698e-05, 1.92663e-05, 0.347759
[ DEBUG5 "MyRemoveOverlay"] Endpoint [mm] (x,y,z)                        1481.14, 1074.47, 1482.51
[ DEBUG5 "MyRemoveOverlay"] Mass [GeV]                                                   -7.68e-09
[ DEBUG5 "MyRemoveOverlay"] Charge                                                        0.00e+00
[ DEBUG5 "MyRemoveOverlay"] Parents                                                              1
[ DEBUG5 "MyRemoveOverlay"] Daughters                                                            0
[ DEBUG5 "MyRemoveOverlay"] simulator status bits: [sbvtcls]  s: created in simulation b: backscatter v: vertex is not endpoint of parent t: decayed in tracker c: decayed in calorimeter l: has left detector s: stopped o: overlay
[ DEBUG5 "MyRemoveOverlay"] [    c s ]
[ DEBUG5 "MyRemoveOverlay"] 
[ DEBUG7 "MyRemoveOverlay"] 		********** PFO AT INDEX 31 IS NOT OVERLAY **********
[ DEBUG8 "MyRemoveOverlay"] 
[ DEBUG8 "MyRemoveOverlay"] 		-------------------------------------------------------
[ DEBUG8 "MyRemoveOverlay"] 		Processing PFO at index 32
[ DEBUG5 "MyRemoveOverlay"] ------------------ ReconstructedParticle -----------------------------
[ DEBUG5 "MyRemoveOverlay"] Id                                                             0x26573
[ DEBUG5 "MyRemoveOverlay"] Compound                                                             0
[ DEBUG5 "MyRemoveOverlay"] Type                                                                22
[ DEBUG5 "MyRemoveOverlay"] Momentum (x,y,z)                       +1.10e+00, -6.34e-01, +1.33e+00
[ DEBUG5 "MyRemoveOverlay"] Mass [GeV]                                                    0.00e+00
[ DEBUG5 "MyRemoveOverlay"] Charge [e]                                                    0.00e+00
[ DEBUG5 "MyRemoveOverlay"] Energy [GeV]                                                  1.84e+00
[ DEBUG5 "MyRemoveOverlay"] ReferencePoint                         +1.67e+03, -9.57e+02, +2.00e+03
[ DEBUG5 "MyRemoveOverlay"] ParticleIDUsed                                                       0
[ DEBUG5 "MyRemoveOverlay"] GoodnessOfPID                                                 0.00e+00
[ DEBUG5 "MyRemoveOverlay"] Covariance p,E:  1.91e-02, -1.10e-02, 6.29e-03, 2.30e-02, -1.32e-02, 
[ DEBUG5 "MyRemoveOverlay"]                  2.76e-02, 3.18e-02, -1.82e-02, 3.82e-02, 5.30e-02
[ DEBUG5 "MyRemoveOverlay"] Particles id:    
[ DEBUG5 "MyRemoveOverlay"] Tracks id:    
[ DEBUG5 "MyRemoveOverlay"] Clusters id:  [00026272]
[ DEBUG5 "MyRemoveOverlay"] Particle ids ( [id], PDG, (type)): 
[ DEBUG5 "MyRemoveOverlay"]                  [00026574], 000000, (000000) 
[ DEBUG5 "MyRemoveOverlay"]                  [00026575], 000000, (000000) 
[ DEBUG5 "MyRemoveOverlay"]                  [00026576], 000000, (000000) 
[ DEBUG5 "MyRemoveOverlay"]                  [00026577], 000000, (000000) 
[ DEBUG5 "MyRemoveOverlay"] 
[ DEBUG5 "MyRemoveOverlay"] 
[ DEBUG0 "MyRemoveOverlay"] 	MCParticle at index: 1 has PDG: 22 and MCParticle to Cluster link weight is 9.60e-01
[ DEBUG0 "MyRemoveOverlay"] 	MCParticle at index: 1 with PDG code: 22 has highest link weight to input cluster
[ DEBUG0 "MyRemoveOverlay"] 	Cluster at index: 0 has highest link weight to MCParticle = 9.89e-01
[ DEBUG0 "MyRemoveOverlay"] 	Cluster linked to MCParticle with highest weight
[ DEBUG6 "MyRemoveOverlay"] 		Found a linked MCParticle to cluster
[ DEBUG5 "MyRemoveOverlay"] ----------------------------- MCParticle -----------------------------
[ DEBUG5 "MyRemoveOverlay"] Id                                                               25444
[ DEBUG5 "MyRemoveOverlay"] PDG                                                                 22
[ DEBUG5 "MyRemoveOverlay"] Energy [GeV]                                                  1.81e+00
[ DEBUG5 "MyRemoveOverlay"] Momentum [GeV] (x,y,z)                     1.08861, -0.625448, 1.30913
[ DEBUG5 "MyRemoveOverlay"] Momentum at Endpoint[GeV] (x,y,z)                                 0, -0, 0
[ DEBUG5 "MyRemoveOverlay"] GeneratorStatus                                                      1
[ DEBUG5 "MyRemoveOverlay"] Vertex [mm] (x,y,z)                2.37831e-05, -1.40537e-05, 0.347767
[ DEBUG5 "MyRemoveOverlay"] Endpoint [mm] (x,y,z)                       1623.16, -932.568, 1952.31
[ DEBUG5 "MyRemoveOverlay"] Mass [GeV]                                                    2.98e-08
[ DEBUG5 "MyRemoveOverlay"] Charge                                                        0.00e+00
[ DEBUG5 "MyRemoveOverlay"] Parents                                                              1
[ DEBUG5 "MyRemoveOverlay"] Daughters                                                            0
[ DEBUG5 "MyRemoveOverlay"] simulator status bits: [sbvtcls]  s: created in simulation b: backscatter v: vertex is not endpoint of parent t: decayed in tracker c: decayed in calorimeter l: has left detector s: stopped o: overlay
[ DEBUG5 "MyRemoveOverlay"] [    c s ]
[ DEBUG5 "MyRemoveOverlay"] 
[ DEBUG7 "MyRemoveOverlay"] 		********** PFO AT INDEX 32 IS NOT OVERLAY **********
[ DEBUG8 "MyRemoveOverlay"] 
[ DEBUG8 "MyRemoveOverlay"] 		-------------------------------------------------------
[ DEBUG8 "MyRemoveOverlay"] 		Processing PFO at index 33
[ DEBUG5 "MyRemoveOverlay"] ------------------ ReconstructedParticle -----------------------------
[ DEBUG5 "MyRemoveOverlay"] Id                                                             0x26578
[ DEBUG5 "MyRemoveOverlay"] Compound                                                             0
[ DEBUG5 "MyRemoveOverlay"] Type                                                                22
[ DEBUG5 "MyRemoveOverlay"] Momentum (x,y,z)                       -6.47e-01, +1.45e-02, +7.74e-01
[ DEBUG5 "MyRemoveOverlay"] Mass [GeV]                                                    0.00e+00
[ DEBUG5 "MyRemoveOverlay"] Charge [e]                                                    0.00e+00
[ DEBUG5 "MyRemoveOverlay"] Energy [GeV]                                                  1.01e+00
[ DEBUG5 "MyRemoveOverlay"] ReferencePoint                         -1.85e+03, +4.13e+01, +2.21e+03
[ DEBUG5 "MyRemoveOverlay"] ParticleIDUsed                                                       0
[ DEBUG5 "MyRemoveOverlay"] GoodnessOfPID                                                 0.00e+00
[ DEBUG5 "MyRemoveOverlay"] Covariance p,E:  1.15e-02, -2.58e-04, 7.38e-06, -1.38e-02, 3.07e-04, 
[ DEBUG5 "MyRemoveOverlay"]                  1.65e-02, -1.79e-02, 4.01e-04, 2.15e-02, 2.80e-02
[ DEBUG5 "MyRemoveOverlay"] Particles id:    
[ DEBUG5 "MyRemoveOverlay"] Tracks id:    
[ DEBUG5 "MyRemoveOverlay"] Clusters id:  [00026273]
[ DEBUG5 "MyRemoveOverlay"] Particle ids ( [id], PDG, (type)): 
[ DEBUG5 "MyRemoveOverlay"]                  [00026579], 000000, (000000) 
[ DEBUG5 "MyRemoveOverlay"]                  [00026580], 000000, (000000) 
[ DEBUG5 "MyRemoveOverlay"]                  [00026581], 000000, (000000) 
[ DEBUG5 "MyRemoveOverlay"]                  [00026582], 000000, (000000) 
[ DEBUG5 "MyRemoveOverlay"] 
[ DEBUG5 "MyRemoveOverlay"] 
[ DEBUG0 "MyRemoveOverlay"] 	MCParticle at index: 0 has PDG: 22 and MCParticle to Cluster link weight is 1.00e+00
[ DEBUG0 "MyRemoveOverlay"] 	MCParticle at index: 0 with PDG code: 22 has highest link weight to input cluster
[ DEBUG0 "MyRemoveOverlay"] 	Cluster at index: 1 has highest link weight to MCParticle = 9.82e-01
[ DEBUG0 "MyRemoveOverlay"] 	Cluster linked to MCParticle with highest weight
[ DEBUG6 "MyRemoveOverlay"] 		Found a linked MCParticle to cluster
[ DEBUG5 "MyRemoveOverlay"] ----------------------------- MCParticle -----------------------------
[ DEBUG5 "MyRemoveOverlay"] Id                                                               25458
[ DEBUG5 "MyRemoveOverlay"] PDG                                                                 22
[ DEBUG5 "MyRemoveOverlay"] Energy [GeV]                                                  1.03e+00
[ DEBUG5 "MyRemoveOverlay"] Momentum [GeV] (x,y,z)                  -0.657493, 0.0159202, 0.788805
[ DEBUG5 "MyRemoveOverlay"] Momentum at Endpoint[GeV] (x,y,z)                                 -0, 0, 0
[ DEBUG5 "MyRemoveOverlay"] GeneratorStatus                                                      1
[ DEBUG5 "MyRemoveOverlay"] Vertex [mm] (x,y,z)              -4.12966e-308, 1.79053e-309, 0.347737
[ DEBUG5 "MyRemoveOverlay"] Endpoint [mm] (x,y,z)                       -1806.19, 43.7341, 2167.26
[ DEBUG5 "MyRemoveOverlay"] Mass [GeV]                                                   -2.58e-08
[ DEBUG5 "MyRemoveOverlay"] Charge                                                        0.00e+00
[ DEBUG5 "MyRemoveOverlay"] Parents                                                              1
[ DEBUG5 "MyRemoveOverlay"] Daughters                                                            0
[ DEBUG5 "MyRemoveOverlay"] simulator status bits: [sbvtcls]  s: created in simulation b: backscatter v: vertex is not endpoint of parent t: decayed in tracker c: decayed in calorimeter l: has left detector s: stopped o: overlay
[ DEBUG5 "MyRemoveOverlay"] [    c s ]
[ DEBUG5 "MyRemoveOverlay"] 
[ DEBUG7 "MyRemoveOverlay"] 		********** PFO AT INDEX 33 IS NOT OVERLAY **********
[ DEBUG8 "MyRemoveOverlay"] 
[ DEBUG8 "MyRemoveOverlay"] 		-------------------------------------------------------
[ DEBUG8 "MyRemoveOverlay"] 		Processing PFO at index 34
[ DEBUG5 "MyRemoveOverlay"] ------------------ ReconstructedParticle -----------------------------
[ DEBUG5 "MyRemoveOverlay"] Id                                                             0x26583
[ DEBUG5 "MyRemoveOverlay"] Compound                                                             0
[ DEBUG5 "MyRemoveOverlay"] Type                                                              2112
[ DEBUG5 "MyRemoveOverlay"] Momentum (x,y,z)                       +1.26e-01, +3.18e-01, +1.04e+00
[ DEBUG5 "MyRemoveOverlay"] Mass [GeV]                                                    9.40e-01
[ DEBUG5 "MyRemoveOverlay"] Charge [e]                                                    0.00e+00
[ DEBUG5 "MyRemoveOverlay"] Energy [GeV]                                                  1.10e+00
[ DEBUG5 "MyRemoveOverlay"] ReferencePoint                         +2.94e+02, +7.44e+02, +2.44e+03
[ DEBUG5 "MyRemoveOverlay"] ParticleIDUsed                                                       0
[ DEBUG5 "MyRemoveOverlay"] GoodnessOfPID                                                 0.00e+00
[ DEBUG5 "MyRemoveOverlay"] Covariance p,E:  9.04e-03, 2.29e-02, 5.78e-02, 7.48e-02, 1.89e-01, 
[ DEBUG5 "MyRemoveOverlay"]                  6.20e-01, 5.98e-02, 1.51e-01, 4.95e-01, 3.96e-01
[ DEBUG5 "MyRemoveOverlay"] Particles id:    
[ DEBUG5 "MyRemoveOverlay"] Tracks id:    
[ DEBUG5 "MyRemoveOverlay"] Clusters id:  [00026274]
[ DEBUG5 "MyRemoveOverlay"] Particle ids ( [id], PDG, (type)): 
[ DEBUG5 "MyRemoveOverlay"]                  [00026584], 000000, (000000) 
[ DEBUG5 "MyRemoveOverlay"]                  [00026585], 000000, (000000) 
[ DEBUG5 "MyRemoveOverlay"]                  [00026586], 000000, (000000) 
[ DEBUG5 "MyRemoveOverlay"]                  [00026587], 000000, (000000) 
[ DEBUG5 "MyRemoveOverlay"] 
[ DEBUG5 "MyRemoveOverlay"] 
[ DEBUG6 "MyRemoveOverlay"] 		Cluster is not linked to a MCParticle
[ DEBUG7 "MyRemoveOverlay"] 		********** PFO AT INDEX 34 IS NOT OVERLAY **********
[ DEBUG8 "MyRemoveOverlay"] 
[ DEBUG8 "MyRemoveOverlay"] 		-------------------------------------------------------
[ DEBUG8 "MyRemoveOverlay"] 		Processing PFO at index 35
[ DEBUG5 "MyRemoveOverlay"] ------------------ ReconstructedParticle -----------------------------
[ DEBUG5 "MyRemoveOverlay"] Id                                                             0x26588
[ DEBUG5 "MyRemoveOverlay"] Compound                                                             0
[ DEBUG5 "MyRemoveOverlay"] Type                                                                22
[ DEBUG5 "MyRemoveOverlay"] Momentum (x,y,z)                       +2.42e-01, -4.13e-02, +3.60e-01
[ DEBUG5 "MyRemoveOverlay"] Mass [GeV]                                                    0.00e+00
[ DEBUG5 "MyRemoveOverlay"] Charge [e]                                                    0.00e+00
[ DEBUG5 "MyRemoveOverlay"] Energy [GeV]                                                  4.36e-01
[ DEBUG5 "MyRemoveOverlay"] ReferencePoint                         +1.65e+03, -2.81e+02, +2.45e+03
[ DEBUG5 "MyRemoveOverlay"] ParticleIDUsed                                                       0
[ DEBUG5 "MyRemoveOverlay"] GoodnessOfPID                                                 0.00e+00
[ DEBUG5 "MyRemoveOverlay"] Covariance p,E:  3.83e-03, -6.53e-04, 1.12e-04, 5.70e-03, -9.71e-04, 
[ DEBUG5 "MyRemoveOverlay"]                  8.48e-03, 6.90e-03, -1.18e-03, 1.03e-02, 1.24e-02
[ DEBUG5 "MyRemoveOverlay"] Particles id:    
[ DEBUG5 "MyRemoveOverlay"] Tracks id:    
[ DEBUG5 "MyRemoveOverlay"] Clusters id:  [00026275]
[ DEBUG5 "MyRemoveOverlay"] Particle ids ( [id], PDG, (type)): 
[ DEBUG5 "MyRemoveOverlay"]                  [00026589], 000000, (000000) 
[ DEBUG5 "MyRemoveOverlay"]                  [00026590], 000000, (000000) 
[ DEBUG5 "MyRemoveOverlay"]                  [00026591], 000000, (000000) 
[ DEBUG5 "MyRemoveOverlay"]                  [00026592], 000000, (000000) 
[ DEBUG5 "MyRemoveOverlay"] 
[ DEBUG5 "MyRemoveOverlay"] 
[ DEBUG0 "MyRemoveOverlay"] 	MCParticle at index: 0 has PDG: 22 and MCParticle to Cluster link weight is 1.00e+00
[ DEBUG0 "MyRemoveOverlay"] 	MCParticle at index: 0 with PDG code: 22 has highest link weight to input cluster
[ DEBUG0 "MyRemoveOverlay"] 	Cluster at index: 0 has highest link weight to MCParticle = 1.00e+00
[ DEBUG0 "MyRemoveOverlay"] 	Cluster linked to MCParticle with highest weight
[ DEBUG6 "MyRemoveOverlay"] 		Found a linked MCParticle to cluster
[ DEBUG5 "MyRemoveOverlay"] ----------------------------- MCParticle -----------------------------
[ DEBUG5 "MyRemoveOverlay"] Id                                                               25447
[ DEBUG5 "MyRemoveOverlay"] PDG                                                                 22
[ DEBUG5 "MyRemoveOverlay"] Energy [GeV]                                                  3.97e-01
[ DEBUG5 "MyRemoveOverlay"] Momentum [GeV] (x,y,z)                  0.221085, -0.0387706, 0.328007
[ DEBUG5 "MyRemoveOverlay"] Momentum at Endpoint[GeV] (x,y,z)                                 0, -0, 0
[ DEBUG5 "MyRemoveOverlay"] GeneratorStatus                                                      1
[ DEBUG5 "MyRemoveOverlay"] Vertex [mm] (x,y,z)                6.41281e-05, -2.03522e-05, 0.347824
[ DEBUG5 "MyRemoveOverlay"] Endpoint [mm] (x,y,z)                       1627.47, -285.401, 2414.89
[ DEBUG5 "MyRemoveOverlay"] Mass [GeV]                                                   -5.27e-09
[ DEBUG5 "MyRemoveOverlay"] Charge                                                        0.00e+00
[ DEBUG5 "MyRemoveOverlay"] Parents                                                              1
[ DEBUG5 "MyRemoveOverlay"] Daughters                                                            0
[ DEBUG5 "MyRemoveOverlay"] simulator status bits: [sbvtcls]  s: created in simulation b: backscatter v: vertex is not endpoint of parent t: decayed in tracker c: decayed in calorimeter l: has left detector s: stopped o: overlay
[ DEBUG5 "MyRemoveOverlay"] [    c s ]
[ DEBUG5 "MyRemoveOverlay"] 
[ DEBUG7 "MyRemoveOverlay"] 		********** PFO AT INDEX 35 IS NOT OVERLAY **********
[ DEBUG8 "MyRemoveOverlay"] 
[ DEBUG8 "MyRemoveOverlay"] 		-------------------------------------------------------
[ DEBUG8 "MyRemoveOverlay"] 		Processing PFO at index 36
[ DEBUG5 "MyRemoveOverlay"] ------------------ ReconstructedParticle -----------------------------
[ DEBUG5 "MyRemoveOverlay"] Id                                                             0x26593
[ DEBUG5 "MyRemoveOverlay"] Compound                                                             0
[ DEBUG5 "MyRemoveOverlay"] Type                                                                22
[ DEBUG5 "MyRemoveOverlay"] Momentum (x,y,z)                       +1.15e-01, +8.51e-03, +4.15e-02
[ DEBUG5 "MyRemoveOverlay"] Mass [GeV]                                                    0.00e+00
[ DEBUG5 "MyRemoveOverlay"] Charge [e]                                                    0.00e+00
[ DEBUG5 "MyRemoveOverlay"] Energy [GeV]                                                  1.23e-01
[ DEBUG5 "MyRemoveOverlay"] ReferencePoint                         +1.84e+03, +1.36e+02, +6.63e+02
[ DEBUG5 "MyRemoveOverlay"] ParticleIDUsed                                                       0
[ DEBUG5 "MyRemoveOverlay"] GoodnessOfPID                                                 0.00e+00
[ DEBUG5 "MyRemoveOverlay"] Covariance p,E:  3.05e-03, 2.25e-04, 1.66e-05, 1.10e-03, 8.10e-05, 
[ DEBUG5 "MyRemoveOverlay"]                  3.96e-04, 3.25e-03, 2.40e-04, 1.17e-03, 3.46e-03
[ DEBUG5 "MyRemoveOverlay"] Particles id:    
[ DEBUG5 "MyRemoveOverlay"] Tracks id:    
[ DEBUG5 "MyRemoveOverlay"] Clusters id:  [00026276]
[ DEBUG5 "MyRemoveOverlay"] Particle ids ( [id], PDG, (type)): 
[ DEBUG5 "MyRemoveOverlay"]                  [00026594], 000000, (000000) 
[ DEBUG5 "MyRemoveOverlay"]                  [00026595], 000000, (000000) 
[ DEBUG5 "MyRemoveOverlay"]                  [00026596], 000000, (000000) 
[ DEBUG5 "MyRemoveOverlay"]                  [00026597], 000000, (000000) 
[ DEBUG5 "MyRemoveOverlay"] 
[ DEBUG5 "MyRemoveOverlay"] 
[ DEBUG0 "MyRemoveOverlay"] 	MCParticle at index: 0 has PDG: 22 and MCParticle to Cluster link weight is 1.00e+00
[ DEBUG0 "MyRemoveOverlay"] 	MCParticle at index: 0 with PDG code: 22 has highest link weight to input cluster
[ DEBUG0 "MyRemoveOverlay"] 	Cluster at index: 0 has highest link weight to MCParticle = 1.00e+00
[ DEBUG0 "MyRemoveOverlay"] 	Cluster linked to MCParticle with highest weight
[ DEBUG6 "MyRemoveOverlay"] 		Found a linked MCParticle to cluster
[ DEBUG5 "MyRemoveOverlay"] ----------------------------- MCParticle -----------------------------
[ DEBUG5 "MyRemoveOverlay"] Id                                                               25441
[ DEBUG5 "MyRemoveOverlay"] PDG                                                                 22
[ DEBUG5 "MyRemoveOverlay"] Energy [GeV]                                                  2.03e-01
[ DEBUG5 "MyRemoveOverlay"] Momentum [GeV] (x,y,z)                  0.190504, 0.0143496, 0.0686204
[ DEBUG5 "MyRemoveOverlay"] Momentum at Endpoint[GeV] (x,y,z)                                  0, 0, 0
[ DEBUG5 "MyRemoveOverlay"] GeneratorStatus                                                      1
[ DEBUG5 "MyRemoveOverlay"] Vertex [mm] (x,y,z)                 0.000117033, -1.27113e-05, 0.34781
[ DEBUG5 "MyRemoveOverlay"] Endpoint [mm] (x,y,z)                        1812.35, 136.514, 653.161
[ DEBUG5 "MyRemoveOverlay"] Mass [GeV]                                                   -5.27e-09
[ DEBUG5 "MyRemoveOverlay"] Charge                                                        0.00e+00
[ DEBUG5 "MyRemoveOverlay"] Parents                                                              1
[ DEBUG5 "MyRemoveOverlay"] Daughters                                                            0
[ DEBUG5 "MyRemoveOverlay"] simulator status bits: [sbvtcls]  s: created in simulation b: backscatter v: vertex is not endpoint of parent t: decayed in tracker c: decayed in calorimeter l: has left detector s: stopped o: overlay
[ DEBUG5 "MyRemoveOverlay"] [    c s ]
[ DEBUG5 "MyRemoveOverlay"] 
[ DEBUG7 "MyRemoveOverlay"] 		********** PFO AT INDEX 36 IS NOT OVERLAY **********
[ DEBUG8 "MyRemoveOverlay"] 
[ DEBUG8 "MyRemoveOverlay"] 		-------------------------------------------------------
[ DEBUG8 "MyRemoveOverlay"] 		Processing PFO at index 37
[ DEBUG5 "MyRemoveOverlay"] ------------------ ReconstructedParticle -----------------------------
[ DEBUG5 "MyRemoveOverlay"] Id                                                             0x26598
[ DEBUG5 "MyRemoveOverlay"] Compound                                                             0
[ DEBUG5 "MyRemoveOverlay"] Type                                                                22
[ DEBUG5 "MyRemoveOverlay"] Momentum (x,y,z)                       +2.07e-01, -1.48e-01, -2.70e-01
[ DEBUG5 "MyRemoveOverlay"] Mass [GeV]                                                    0.00e+00
[ DEBUG5 "MyRemoveOverlay"] Charge [e]                                                    0.00e+00
[ DEBUG5 "MyRemoveOverlay"] Energy [GeV]                                                  3.71e-01
[ DEBUG5 "MyRemoveOverlay"] ReferencePoint                         +1.53e+03, -1.09e+03, -1.99e+03
[ DEBUG5 "MyRemoveOverlay"] ParticleIDUsed                                                       0
[ DEBUG5 "MyRemoveOverlay"] GoodnessOfPID                                                 0.00e+00
[ DEBUG5 "MyRemoveOverlay"] Covariance p,E:  3.29e-03, -2.34e-03, 1.67e-03, -4.28e-03, 3.05e-03, 
[ DEBUG5 "MyRemoveOverlay"]                  5.56e-03, 5.89e-03, -4.19e-03, -7.65e-03, 1.05e-02
[ DEBUG5 "MyRemoveOverlay"] Particles id:    
[ DEBUG5 "MyRemoveOverlay"] Tracks id:    
[ DEBUG5 "MyRemoveOverlay"] Clusters id:  [00026277]
[ DEBUG5 "MyRemoveOverlay"] Particle ids ( [id], PDG, (type)): 
[ DEBUG5 "MyRemoveOverlay"]                  [00026599], 000000, (000000) 
[ DEBUG5 "MyRemoveOverlay"]                  [00026600], 000000, (000000) 
[ DEBUG5 "MyRemoveOverlay"]                  [00026601], 000000, (000000) 
[ DEBUG5 "MyRemoveOverlay"]                  [00026602], 000000, (000000) 
[ DEBUG5 "MyRemoveOverlay"] 
[ DEBUG5 "MyRemoveOverlay"] 
[ DEBUG0 "MyRemoveOverlay"] 	MCParticle at index: 0 has PDG: 22 and MCParticle to Cluster link weight is 9.72e-01
[ DEBUG0 "MyRemoveOverlay"] 	MCParticle at index: 0 with PDG code: 22 has highest link weight to input cluster
[ DEBUG0 "MyRemoveOverlay"] 	Cluster at index: 0 has highest link weight to MCParticle = 1.00e+00
[ DEBUG0 "MyRemoveOverlay"] 	Cluster linked to MCParticle with highest weight
[ DEBUG6 "MyRemoveOverlay"] 		Found a linked MCParticle to cluster
[ DEBUG5 "MyRemoveOverlay"] ----------------------------- MCParticle -----------------------------
[ DEBUG5 "MyRemoveOverlay"] Id                                                               25519
[ DEBUG5 "MyRemoveOverlay"] PDG                                                                 22
[ DEBUG5 "MyRemoveOverlay"] Energy [GeV]                                                  2.75e-01
[ DEBUG5 "MyRemoveOverlay"] Momentum [GeV] (x,y,z)                   0.153317, -0.109084, -0.20012
[ DEBUG5 "MyRemoveOverlay"] Momentum at Endpoint[GeV] (x,y,z)                                0, -0, -0
[ DEBUG5 "MyRemoveOverlay"] GeneratorStatus                                                      1
[ DEBUG5 "MyRemoveOverlay"] Vertex [mm] (x,y,z)              1.27998e-05, -7.43946e-06, -0.0975495
[ DEBUG5 "MyRemoveOverlay"] Endpoint [mm] (x,y,z)                      1504.06, -1070.13, -1963.31
[ DEBUG5 "MyRemoveOverlay"] Mass [GeV]                                                    0.00e+00
[ DEBUG5 "MyRemoveOverlay"] Charge                                                        0.00e+00
[ DEBUG5 "MyRemoveOverlay"] Parents                                                              1
[ DEBUG5 "MyRemoveOverlay"] Daughters                                                            0
[ DEBUG5 "MyRemoveOverlay"] simulator status bits: [sbvtcls]  s: created in simulation b: backscatter v: vertex is not endpoint of parent t: decayed in tracker c: decayed in calorimeter l: has left detector s: stopped o: overlay
[ DEBUG5 "MyRemoveOverlay"] [    c so]
[ DEBUG5 "MyRemoveOverlay"] 
[ DEBUG7 "MyRemoveOverlay"] 		********** PFO AT INDEX 37 IS OVERLAY **********
[ DEBUG8 "MyRemoveOverlay"] 
[ DEBUG8 "MyRemoveOverlay"] 		-------------------------------------------------------
[ DEBUG8 "MyRemoveOverlay"] 		Processing PFO at index 38
[ DEBUG5 "MyRemoveOverlay"] ------------------ ReconstructedParticle -----------------------------
[ DEBUG5 "MyRemoveOverlay"] Id                                                             0x26603
[ DEBUG5 "MyRemoveOverlay"] Compound                                                             0
[ DEBUG5 "MyRemoveOverlay"] Type                                                                22
[ DEBUG5 "MyRemoveOverlay"] Momentum (x,y,z)                       +1.46e+00, +3.25e-01, +4.67e-01
[ DEBUG5 "MyRemoveOverlay"] Mass [GeV]                                                    0.00e+00
[ DEBUG5 "MyRemoveOverlay"] Charge [e]                                                    0.00e+00
[ DEBUG5 "MyRemoveOverlay"] Energy [GeV]                                                  1.57e+00
[ DEBUG5 "MyRemoveOverlay"] ReferencePoint                         +1.86e+03, +4.15e+02, +5.97e+02
[ DEBUG5 "MyRemoveOverlay"] ParticleIDUsed                                                       0
[ DEBUG5 "MyRemoveOverlay"] GoodnessOfPID                                                 0.00e+00
[ DEBUG5 "MyRemoveOverlay"] Covariance p,E:  3.91e-02, 8.70e-03, 1.94e-03, 1.25e-02, 2.79e-03, 
[ DEBUG5 "MyRemoveOverlay"]                  4.02e-03, 4.19e-02, 9.34e-03, 1.34e-02, 4.50e-02
[ DEBUG5 "MyRemoveOverlay"] Particles id:    
[ DEBUG5 "MyRemoveOverlay"] Tracks id:    
[ DEBUG5 "MyRemoveOverlay"] Clusters id:  [00026278]
[ DEBUG5 "MyRemoveOverlay"] Particle ids ( [id], PDG, (type)): 
[ DEBUG5 "MyRemoveOverlay"]                  [00026604], 000000, (000000) 
[ DEBUG5 "MyRemoveOverlay"]                  [00026605], 000000, (000000) 
[ DEBUG5 "MyRemoveOverlay"]                  [00026606], 000000, (000000) 
[ DEBUG5 "MyRemoveOverlay"]                  [00026607], 000000, (000000) 
[ DEBUG5 "MyRemoveOverlay"] 
[ DEBUG5 "MyRemoveOverlay"] 
[ DEBUG0 "MyRemoveOverlay"] 	MCParticle at index: 0 has PDG: 22 and MCParticle to Cluster link weight is 9.97e-01
[ DEBUG0 "MyRemoveOverlay"] 	MCParticle at index: 0 with PDG code: 22 has highest link weight to input cluster
[ DEBUG0 "MyRemoveOverlay"] 	Cluster at index: 0 has highest link weight to MCParticle = 1.00e+00
[ DEBUG0 "MyRemoveOverlay"] 	Cluster linked to MCParticle with highest weight
[ DEBUG6 "MyRemoveOverlay"] 		Found a linked MCParticle to cluster
[ DEBUG5 "MyRemoveOverlay"] ----------------------------- MCParticle -----------------------------
[ DEBUG5 "MyRemoveOverlay"] Id                                                               25400
[ DEBUG5 "MyRemoveOverlay"] PDG                                                                 22
[ DEBUG5 "MyRemoveOverlay"] Energy [GeV]                                                  1.53e+00
[ DEBUG5 "MyRemoveOverlay"] Momentum [GeV] (x,y,z)                     1.42561, 0.317773, 0.452233
[ DEBUG5 "MyRemoveOverlay"] Momentum at Endpoint[GeV] (x,y,z)                                  0, 0, 0
[ DEBUG5 "MyRemoveOverlay"] GeneratorStatus                                                      1
[ DEBUG5 "MyRemoveOverlay"] Vertex [mm] (x,y,z)                 0.000724912, 0.000155048, 0.347943
[ DEBUG5 "MyRemoveOverlay"] Endpoint [mm] (x,y,z)                        1818.84, 405.427, 577.325
[ DEBUG5 "MyRemoveOverlay"] Mass [GeV]                                                    2.11e-08
[ DEBUG5 "MyRemoveOverlay"] Charge                                                        0.00e+00
[ DEBUG5 "MyRemoveOverlay"] Parents                                                              1
[ DEBUG5 "MyRemoveOverlay"] Daughters                                                            0
[ DEBUG5 "MyRemoveOverlay"] simulator status bits: [sbvtcls]  s: created in simulation b: backscatter v: vertex is not endpoint of parent t: decayed in tracker c: decayed in calorimeter l: has left detector s: stopped o: overlay
[ DEBUG5 "MyRemoveOverlay"] [    c s ]
[ DEBUG5 "MyRemoveOverlay"] 
[ DEBUG7 "MyRemoveOverlay"] 		********** PFO AT INDEX 38 IS NOT OVERLAY **********
[ DEBUG8 "MyRemoveOverlay"] 
[ DEBUG8 "MyRemoveOverlay"] 		-------------------------------------------------------
[ DEBUG8 "MyRemoveOverlay"] 		Processing PFO at index 39
[ DEBUG5 "MyRemoveOverlay"] ------------------ ReconstructedParticle -----------------------------
[ DEBUG5 "MyRemoveOverlay"] Id                                                             0x26608
[ DEBUG5 "MyRemoveOverlay"] Compound                                                             0
[ DEBUG5 "MyRemoveOverlay"] Type                                                                22
[ DEBUG5 "MyRemoveOverlay"] Momentum (x,y,z)                       +1.22e+00, +2.30e-02, +6.97e-01
[ DEBUG5 "MyRemoveOverlay"] Mass [GeV]                                                    0.00e+00
[ DEBUG5 "MyRemoveOverlay"] Charge [e]                                                    0.00e+00
[ DEBUG5 "MyRemoveOverlay"] Energy [GeV]                                                  1.40e+00
[ DEBUG5 "MyRemoveOverlay"] ReferencePoint                         +1.86e+03, +3.53e+01, +1.07e+03
[ DEBUG5 "MyRemoveOverlay"] ParticleIDUsed                                                       0
[ DEBUG5 "MyRemoveOverlay"] GoodnessOfPID                                                 0.00e+00
[ DEBUG5 "MyRemoveOverlay"] Covariance p,E:  3.04e-02, 5.76e-04, 1.19e-05, 1.74e-02, 3.30e-04, 
[ DEBUG5 "MyRemoveOverlay"]                  9.95e-03, 3.50e-02, 6.64e-04, 2.00e-02, 4.03e-02
[ DEBUG5 "MyRemoveOverlay"] Particles id:    
[ DEBUG5 "MyRemoveOverlay"] Tracks id:    
[ DEBUG5 "MyRemoveOverlay"] Clusters id:  [00026279]
[ DEBUG5 "MyRemoveOverlay"] Particle ids ( [id], PDG, (type)): 
[ DEBUG5 "MyRemoveOverlay"]                  [00026609], 000000, (000000) 
[ DEBUG5 "MyRemoveOverlay"]                  [00026610], 000000, (000000) 
[ DEBUG5 "MyRemoveOverlay"]                  [00026611], 000000, (000000) 
[ DEBUG5 "MyRemoveOverlay"]                  [00026612], 000000, (000000) 
[ DEBUG5 "MyRemoveOverlay"] 
[ DEBUG5 "MyRemoveOverlay"] 
[ DEBUG0 "MyRemoveOverlay"] 	MCParticle at index: 0 has PDG: 22 and MCParticle to Cluster link weight is 9.97e-01
[ DEBUG0 "MyRemoveOverlay"] 	MCParticle at index: 0 with PDG code: 22 has highest link weight to input cluster
[ DEBUG0 "MyRemoveOverlay"] 	Cluster at index: 0 has highest link weight to MCParticle = 9.97e-01
[ DEBUG0 "MyRemoveOverlay"] 	Cluster linked to MCParticle with highest weight
[ DEBUG6 "MyRemoveOverlay"] 		Found a linked MCParticle to cluster
[ DEBUG5 "MyRemoveOverlay"] ----------------------------- MCParticle -----------------------------
[ DEBUG5 "MyRemoveOverlay"] Id                                                               25436
[ DEBUG5 "MyRemoveOverlay"] PDG                                                                 22
[ DEBUG5 "MyRemoveOverlay"] Energy [GeV]                                                  1.55e+00
[ DEBUG5 "MyRemoveOverlay"] Momentum [GeV] (x,y,z)                    1.34436, 0.0251534, 0.767182
[ DEBUG5 "MyRemoveOverlay"] Momentum at Endpoint[GeV] (x,y,z)                                  0, 0, 0
[ DEBUG5 "MyRemoveOverlay"] GeneratorStatus                                                      1
[ DEBUG5 "MyRemoveOverlay"] Vertex [mm] (x,y,z)               2.74232e-308, 4.37212e-309, 0.347737
[ DEBUG5 "MyRemoveOverlay"] Endpoint [mm] (x,y,z)                         1820.28, 34.058, 1039.12
[ DEBUG5 "MyRemoveOverlay"] Mass [GeV]                                                   -3.65e-08
[ DEBUG5 "MyRemoveOverlay"] Charge                                                        0.00e+00
[ DEBUG5 "MyRemoveOverlay"] Parents                                                              1
[ DEBUG5 "MyRemoveOverlay"] Daughters                                                            0
[ DEBUG5 "MyRemoveOverlay"] simulator status bits: [sbvtcls]  s: created in simulation b: backscatter v: vertex is not endpoint of parent t: decayed in tracker c: decayed in calorimeter l: has left detector s: stopped o: overlay
[ DEBUG5 "MyRemoveOverlay"] [    c s ]
[ DEBUG5 "MyRemoveOverlay"] 
[ DEBUG7 "MyRemoveOverlay"] 		********** PFO AT INDEX 39 IS NOT OVERLAY **********
[ DEBUG8 "MyRemoveOverlay"] 
[ DEBUG8 "MyRemoveOverlay"] 		-------------------------------------------------------
[ DEBUG8 "MyRemoveOverlay"] 		Processing PFO at index 40
[ DEBUG5 "MyRemoveOverlay"] ------------------ ReconstructedParticle -----------------------------
[ DEBUG5 "MyRemoveOverlay"] Id                                                             0x26613
[ DEBUG5 "MyRemoveOverlay"] Compound                                                             0
[ DEBUG5 "MyRemoveOverlay"] Type                                                                22
[ DEBUG5 "MyRemoveOverlay"] Momentum (x,y,z)                       +8.16e-01, -6.29e-02, +7.79e-01
[ DEBUG5 "MyRemoveOverlay"] Mass [GeV]                                                    0.00e+00
[ DEBUG5 "MyRemoveOverlay"] Charge [e]                                                    0.00e+00
[ DEBUG5 "MyRemoveOverlay"] Energy [GeV]                                                  1.13e+00
[ DEBUG5 "MyRemoveOverlay"] ReferencePoint                         +1.86e+03, -1.44e+02, +1.78e+03
[ DEBUG5 "MyRemoveOverlay"] ParticleIDUsed                                                       0
[ DEBUG5 "MyRemoveOverlay"] GoodnessOfPID                                                 0.00e+00
[ DEBUG5 "MyRemoveOverlay"] Covariance p,E:  1.69e-02, -1.30e-03, 1.01e-04, 1.61e-02, -1.24e-03, 
[ DEBUG5 "MyRemoveOverlay"]                  1.54e-02, 2.34e-02, -1.80e-03, 2.23e-02, 3.24e-02
[ DEBUG5 "MyRemoveOverlay"] Particles id:    
[ DEBUG5 "MyRemoveOverlay"] Tracks id:    
[ DEBUG5 "MyRemoveOverlay"] Clusters id:  [00026280]
[ DEBUG5 "MyRemoveOverlay"] Particle ids ( [id], PDG, (type)): 
[ DEBUG5 "MyRemoveOverlay"]                  [00026614], 000000, (000000) 
[ DEBUG5 "MyRemoveOverlay"]                  [00026615], 000000, (000000) 
[ DEBUG5 "MyRemoveOverlay"]                  [00026616], 000000, (000000) 
[ DEBUG5 "MyRemoveOverlay"]                  [00026617], 000000, (000000) 
[ DEBUG5 "MyRemoveOverlay"] 
[ DEBUG5 "MyRemoveOverlay"] 
[ DEBUG0 "MyRemoveOverlay"] 	MCParticle at index: 0 has PDG: 22 and MCParticle to Cluster link weight is 9.90e-01
[ DEBUG0 "MyRemoveOverlay"] 	MCParticle at index: 0 with PDG code: 22 has highest link weight to input cluster
[ DEBUG0 "MyRemoveOverlay"] 	Cluster at index: 0 has highest link weight to MCParticle = 1.00e+00
[ DEBUG0 "MyRemoveOverlay"] 	Cluster linked to MCParticle with highest weight
[ DEBUG6 "MyRemoveOverlay"] 		Found a linked MCParticle to cluster
[ DEBUG5 "MyRemoveOverlay"] ----------------------------- MCParticle -----------------------------
[ DEBUG5 "MyRemoveOverlay"] Id                                                               25438
[ DEBUG5 "MyRemoveOverlay"] PDG                                                                 22
[ DEBUG5 "MyRemoveOverlay"] Energy [GeV]                                                  1.26e+00
[ DEBUG5 "MyRemoveOverlay"] Momentum [GeV] (x,y,z)                  0.909029, -0.0733324, 0.868627
[ DEBUG5 "MyRemoveOverlay"] Momentum at Endpoint[GeV] (x,y,z)                                 0, -0, 0
[ DEBUG5 "MyRemoveOverlay"] GeneratorStatus                                                      1
[ DEBUG5 "MyRemoveOverlay"] Vertex [mm] (x,y,z)                4.49179e-05, -4.62686e-06, 0.347782
[ DEBUG5 "MyRemoveOverlay"] Endpoint [mm] (x,y,z)                       1819.15, -146.753, 1738.64
[ DEBUG5 "MyRemoveOverlay"] Mass [GeV]                                                    3.33e-08
[ DEBUG5 "MyRemoveOverlay"] Charge                                                        0.00e+00
[ DEBUG5 "MyRemoveOverlay"] Parents                                                              1
[ DEBUG5 "MyRemoveOverlay"] Daughters                                                            0
[ DEBUG5 "MyRemoveOverlay"] simulator status bits: [sbvtcls]  s: created in simulation b: backscatter v: vertex is not endpoint of parent t: decayed in tracker c: decayed in calorimeter l: has left detector s: stopped o: overlay
[ DEBUG5 "MyRemoveOverlay"] [    c s ]
[ DEBUG5 "MyRemoveOverlay"] 
[ DEBUG7 "MyRemoveOverlay"] 		********** PFO AT INDEX 40 IS NOT OVERLAY **********
[ DEBUG8 "MyRemoveOverlay"] 
[ DEBUG8 "MyRemoveOverlay"] 		-------------------------------------------------------
[ DEBUG8 "MyRemoveOverlay"] 		Processing PFO at index 41
[ DEBUG5 "MyRemoveOverlay"] ------------------ ReconstructedParticle -----------------------------
[ DEBUG5 "MyRemoveOverlay"] Id                                                             0x26618
[ DEBUG5 "MyRemoveOverlay"] Compound                                                             0
[ DEBUG5 "MyRemoveOverlay"] Type                                                                22
[ DEBUG5 "MyRemoveOverlay"] Momentum (x,y,z)                       -2.32e+00, +3.51e-02, +4.62e+00
[ DEBUG5 "MyRemoveOverlay"] Mass [GeV]                                                    0.00e+00
[ DEBUG5 "MyRemoveOverlay"] Charge [e]                                                    0.00e+00
[ DEBUG5 "MyRemoveOverlay"] Energy [GeV]                                                  5.17e+00
[ DEBUG5 "MyRemoveOverlay"] ReferencePoint                         -1.25e+03, +1.89e+01, +2.48e+03
[ DEBUG5 "MyRemoveOverlay"] ParticleIDUsed                                                       0
[ DEBUG5 "MyRemoveOverlay"] GoodnessOfPID                                                 0.00e+00
[ DEBUG5 "MyRemoveOverlay"] Covariance p,E:  3.07e-02, -4.62e-04, 1.62e-05, -6.10e-02, 9.22e-04, 
[ DEBUG5 "MyRemoveOverlay"]                  1.21e-01, -6.83e-02, 1.03e-03, 1.36e-01, 1.52e-01
[ DEBUG5 "MyRemoveOverlay"] Particles id:    
[ DEBUG5 "MyRemoveOverlay"] Tracks id:    
[ DEBUG5 "MyRemoveOverlay"] Clusters id:  [00026281]
[ DEBUG5 "MyRemoveOverlay"] Particle ids ( [id], PDG, (type)): 
[ DEBUG5 "MyRemoveOverlay"]                  [00026619], 000000, (000000) 
[ DEBUG5 "MyRemoveOverlay"]                  [00026620], 000000, (000000) 
[ DEBUG5 "MyRemoveOverlay"]                  [00026621], 000000, (000000) 
[ DEBUG5 "MyRemoveOverlay"]                  [00026622], 000000, (000000) 
[ DEBUG5 "MyRemoveOverlay"] 
[ DEBUG5 "MyRemoveOverlay"] 
[ DEBUG0 "MyRemoveOverlay"] 	MCParticle at index: 0 has PDG: 22 and MCParticle to Cluster link weight is 9.90e-01
[ DEBUG0 "MyRemoveOverlay"] 	MCParticle at index: 0 with PDG code: 22 has highest link weight to input cluster
[ DEBUG0 "MyRemoveOverlay"] 	Cluster at index: 0 has highest link weight to MCParticle = 1.00e+00
[ DEBUG0 "MyRemoveOverlay"] 	Cluster linked to MCParticle with highest weight
[ DEBUG6 "MyRemoveOverlay"] 		Found a linked MCParticle to cluster
[ DEBUG5 "MyRemoveOverlay"] ----------------------------- MCParticle -----------------------------
[ DEBUG5 "MyRemoveOverlay"] Id                                                               25457
[ DEBUG5 "MyRemoveOverlay"] PDG                                                                 22
[ DEBUG5 "MyRemoveOverlay"] Energy [GeV]                                                  5.57e+00
[ DEBUG5 "MyRemoveOverlay"] Momentum [GeV] (x,y,z)                     -2.50181, 0.036188, 4.97852
[ DEBUG5 "MyRemoveOverlay"] Momentum at Endpoint[GeV] (x,y,z)                                 -0, 0, 0
[ DEBUG5 "MyRemoveOverlay"] GeneratorStatus                                                      1
[ DEBUG5 "MyRemoveOverlay"] Vertex [mm] (x,y,z)              -4.12966e-308, 1.79053e-309, 0.347737
[ DEBUG5 "MyRemoveOverlay"] Endpoint [mm] (x,y,z)                       -1218.72, 17.6285, 2425.57
[ DEBUG5 "MyRemoveOverlay"] Mass [GeV]                                                   -1.19e-07
[ DEBUG5 "MyRemoveOverlay"] Charge                                                        0.00e+00
[ DEBUG5 "MyRemoveOverlay"] Parents                                                              1
[ DEBUG5 "MyRemoveOverlay"] Daughters                                                            0
[ DEBUG5 "MyRemoveOverlay"] simulator status bits: [sbvtcls]  s: created in simulation b: backscatter v: vertex is not endpoint of parent t: decayed in tracker c: decayed in calorimeter l: has left detector s: stopped o: overlay
[ DEBUG5 "MyRemoveOverlay"] [    c s ]
[ DEBUG5 "MyRemoveOverlay"] 
[ DEBUG7 "MyRemoveOverlay"] 		********** PFO AT INDEX 41 IS NOT OVERLAY **********
[ DEBUG8 "MyRemoveOverlay"] 
[ DEBUG8 "MyRemoveOverlay"] 		-------------------------------------------------------
[ DEBUG8 "MyRemoveOverlay"] 		Processing PFO at index 42
[ DEBUG5 "MyRemoveOverlay"] ------------------ ReconstructedParticle -----------------------------
[ DEBUG5 "MyRemoveOverlay"] Id                                                             0x26623
[ DEBUG5 "MyRemoveOverlay"] Compound                                                             0
[ DEBUG5 "MyRemoveOverlay"] Type                                                              2112
[ DEBUG5 "MyRemoveOverlay"] Momentum (x,y,z)                       +1.57e-01, -2.92e-01, -6.99e-02
[ DEBUG5 "MyRemoveOverlay"] Mass [GeV]                                                    9.40e-01
[ DEBUG5 "MyRemoveOverlay"] Charge [e]                                                    0.00e+00
[ DEBUG5 "MyRemoveOverlay"] Energy [GeV]                                                  3.39e-01
[ DEBUG5 "MyRemoveOverlay"] ReferencePoint                         +9.21e+02, -1.71e+03, -4.09e+02
[ DEBUG5 "MyRemoveOverlay"] ParticleIDUsed                                                       0
[ DEBUG5 "MyRemoveOverlay"] GoodnessOfPID                                                 0.00e+00
[ DEBUG5 "MyRemoveOverlay"] Covariance p,E:  2.29e-01, -4.25e-01, 7.87e-01, -1.02e-01, 1.89e-01, 
[ DEBUG5 "MyRemoveOverlay"]                  4.52e-02, 1.67e-01, -3.10e-01, -7.43e-02, 1.22e-01
[ DEBUG5 "MyRemoveOverlay"] Particles id:    
[ DEBUG5 "MyRemoveOverlay"] Tracks id:    
[ DEBUG5 "MyRemoveOverlay"] Clusters id:  [00026282]
[ DEBUG5 "MyRemoveOverlay"] Particle ids ( [id], PDG, (type)): 
[ DEBUG5 "MyRemoveOverlay"]                  [00026624], 000000, (000000) 
[ DEBUG5 "MyRemoveOverlay"]                  [00026625], 000000, (000000) 
[ DEBUG5 "MyRemoveOverlay"]                  [00026626], 000000, (000000) 
[ DEBUG5 "MyRemoveOverlay"]                  [00026627], 000000, (000000) 
[ DEBUG5 "MyRemoveOverlay"] 
[ DEBUG5 "MyRemoveOverlay"] 
[ DEBUG0 "MyRemoveOverlay"] 	MCParticle at index: 0 has PDG: 130 and MCParticle to Cluster link weight is 1.00e+00
[ DEBUG0 "MyRemoveOverlay"] 	MCParticle at index: 0 with PDG code: 130 has highest link weight to input cluster
[ DEBUG6 "MyRemoveOverlay"] 		Cluster is not linked to a MCParticle
[ DEBUG7 "MyRemoveOverlay"] 		********** PFO AT INDEX 42 IS NOT OVERLAY **********
[ DEBUG8 "MyRemoveOverlay"] 
[ DEBUG8 "MyRemoveOverlay"] 		-------------------------------------------------------
[ DEBUG8 "MyRemoveOverlay"] 		Processing PFO at index 43
[ DEBUG5 "MyRemoveOverlay"] ------------------ ReconstructedParticle -----------------------------
[ DEBUG5 "MyRemoveOverlay"] Id                                                             0x26628
[ DEBUG5 "MyRemoveOverlay"] Compound                                                             0
[ DEBUG5 "MyRemoveOverlay"] Type                                                                22
[ DEBUG5 "MyRemoveOverlay"] Momentum (x,y,z)                       +1.74e+00, +9.08e-01, +9.95e-01
[ DEBUG5 "MyRemoveOverlay"] Mass [GeV]                                                    0.00e+00
[ DEBUG5 "MyRemoveOverlay"] Charge [e]                                                    0.00e+00
[ DEBUG5 "MyRemoveOverlay"] Energy [GeV]                                                  2.20e+00
[ DEBUG5 "MyRemoveOverlay"] ReferencePoint                         +1.74e+03, +9.10e+02, +9.98e+02
[ DEBUG5 "MyRemoveOverlay"] ParticleIDUsed                                                       0
[ DEBUG5 "MyRemoveOverlay"] GoodnessOfPID                                                 0.00e+00
[ DEBUG5 "MyRemoveOverlay"] Covariance p,E:  3.86e-02, 2.02e-02, 1.05e-02, 2.21e-02, 1.16e-02, 
[ DEBUG5 "MyRemoveOverlay"]                  1.27e-02, 4.88e-02, 2.55e-02, 2.80e-02, 6.18e-02
[ DEBUG5 "MyRemoveOverlay"] Particles id:    
[ DEBUG5 "MyRemoveOverlay"] Tracks id:    
[ DEBUG5 "MyRemoveOverlay"] Clusters id:  [00026283]
[ DEBUG5 "MyRemoveOverlay"] Particle ids ( [id], PDG, (type)): 
[ DEBUG5 "MyRemoveOverlay"]                  [00026629], 000000, (000000) 
[ DEBUG5 "MyRemoveOverlay"]                  [00026630], 000000, (000000) 
[ DEBUG5 "MyRemoveOverlay"]                  [00026631], 000000, (000000) 
[ DEBUG5 "MyRemoveOverlay"]                  [00026632], 000000, (000000) 
[ DEBUG5 "MyRemoveOverlay"] 
[ DEBUG5 "MyRemoveOverlay"] 
[ DEBUG0 "MyRemoveOverlay"] 	MCParticle at index: 1 has PDG: 22 and MCParticle to Cluster link weight is 9.77e-01
[ DEBUG0 "MyRemoveOverlay"] 	MCParticle at index: 1 with PDG code: 22 has highest link weight to input cluster
[ DEBUG0 "MyRemoveOverlay"] 	Cluster at index: 0 has highest link weight to MCParticle = 9.80e-01
[ DEBUG0 "MyRemoveOverlay"] 	Cluster linked to MCParticle with highest weight
[ DEBUG6 "MyRemoveOverlay"] 		Found a linked MCParticle to cluster
[ DEBUG5 "MyRemoveOverlay"] ----------------------------- MCParticle -----------------------------
[ DEBUG5 "MyRemoveOverlay"] Id                                                               25428
[ DEBUG5 "MyRemoveOverlay"] PDG                                                                 22
[ DEBUG5 "MyRemoveOverlay"] Energy [GeV]                                                  2.31e+00
[ DEBUG5 "MyRemoveOverlay"] Momentum [GeV] (x,y,z)                      1.82352, 0.955079, 1.04511
[ DEBUG5 "MyRemoveOverlay"] Momentum at Endpoint[GeV] (x,y,z)                                  0, 0, 0
[ DEBUG5 "MyRemoveOverlay"] GeneratorStatus                                                      1
[ DEBUG5 "MyRemoveOverlay"] Vertex [mm] (x,y,z)                 3.61698e-05, 1.92663e-05, 0.347759
[ DEBUG5 "MyRemoveOverlay"] Endpoint [mm] (x,y,z)                        1699.36, 890.054, 974.305
[ DEBUG5 "MyRemoveOverlay"] Mass [GeV]                                                   -7.30e-08
[ DEBUG5 "MyRemoveOverlay"] Charge                                                        0.00e+00
[ DEBUG5 "MyRemoveOverlay"] Parents                                                              1
[ DEBUG5 "MyRemoveOverlay"] Daughters                                                            0
[ DEBUG5 "MyRemoveOverlay"] simulator status bits: [sbvtcls]  s: created in simulation b: backscatter v: vertex is not endpoint of parent t: decayed in tracker c: decayed in calorimeter l: has left detector s: stopped o: overlay
[ DEBUG5 "MyRemoveOverlay"] [    c s ]
[ DEBUG5 "MyRemoveOverlay"] 
[ DEBUG7 "MyRemoveOverlay"] 		********** PFO AT INDEX 43 IS NOT OVERLAY **********
[ DEBUG8 "MyRemoveOverlay"] 
[ DEBUG8 "MyRemoveOverlay"] 		-------------------------------------------------------
[ DEBUG8 "MyRemoveOverlay"] 		Processing PFO at index 44
[ DEBUG5 "MyRemoveOverlay"] ------------------ ReconstructedParticle -----------------------------
[ DEBUG5 "MyRemoveOverlay"] Id                                                             0x26633
[ DEBUG5 "MyRemoveOverlay"] Compound                                                             0
[ DEBUG5 "MyRemoveOverlay"] Type                                                                22
[ DEBUG5 "MyRemoveOverlay"] Momentum (x,y,z)                       +2.23e+00, +6.84e-01, +2.33e+00
[ DEBUG5 "MyRemoveOverlay"] Mass [GeV]                                                    0.00e+00
[ DEBUG5 "MyRemoveOverlay"] Charge [e]                                                    0.00e+00
[ DEBUG5 "MyRemoveOverlay"] Energy [GeV]                                                  3.30e+00
[ DEBUG5 "MyRemoveOverlay"] ReferencePoint                         +1.89e+03, +5.81e+02, +1.98e+03
[ DEBUG5 "MyRemoveOverlay"] ParticleIDUsed                                                       0
[ DEBUG5 "MyRemoveOverlay"] GoodnessOfPID                                                 0.00e+00
[ DEBUG5 "MyRemoveOverlay"] Covariance p,E:  4.38e-02, 1.34e-02, 4.18e-03, 4.58e-02, 1.40e-02, 
[ DEBUG5 "MyRemoveOverlay"]                  4.78e-02, 6.48e-02, 1.99e-02, 6.77e-02, 9.58e-02
[ DEBUG5 "MyRemoveOverlay"] Particles id:    
[ DEBUG5 "MyRemoveOverlay"] Tracks id:    
[ DEBUG5 "MyRemoveOverlay"] Clusters id:  [00026284]
[ DEBUG5 "MyRemoveOverlay"] Particle ids ( [id], PDG, (type)): 
[ DEBUG5 "MyRemoveOverlay"]                  [00026634], 000000, (000000) 
[ DEBUG5 "MyRemoveOverlay"]                  [00026635], 000000, (000000) 
[ DEBUG5 "MyRemoveOverlay"]                  [00026636], 000000, (000000) 
[ DEBUG5 "MyRemoveOverlay"]                  [00026637], 000000, (000000) 
[ DEBUG5 "MyRemoveOverlay"] 
[ DEBUG5 "MyRemoveOverlay"] 
[ DEBUG0 "MyRemoveOverlay"] 	MCParticle at index: 0 has PDG: 130 and MCParticle to Cluster link weight is 1.00e+00
[ DEBUG0 "MyRemoveOverlay"] 	MCParticle at index: 0 with PDG code: 130 has highest link weight to input cluster
[ DEBUG0 "MyRemoveOverlay"] 	Cluster at index: 0 has highest link weight to MCParticle = 9.07e-01
[ DEBUG0 "MyRemoveOverlay"] 	Cluster linked to MCParticle with highest weight
[ DEBUG6 "MyRemoveOverlay"] 		Found a linked MCParticle to cluster
[ DEBUG5 "MyRemoveOverlay"] ----------------------------- MCParticle -----------------------------
[ DEBUG5 "MyRemoveOverlay"] Id                                                               25431
[ DEBUG5 "MyRemoveOverlay"] PDG                                                                130
[ DEBUG5 "MyRemoveOverlay"] Energy [GeV]                                                  3.65e+00
[ DEBUG5 "MyRemoveOverlay"] Momentum [GeV] (x,y,z)                      2.45012, 0.756386, 2.55016
[ DEBUG5 "MyRemoveOverlay"] Momentum at Endpoint[GeV] (x,y,z)                                  0, 0, 0
[ DEBUG5 "MyRemoveOverlay"] GeneratorStatus                                                      1
[ DEBUG5 "MyRemoveOverlay"] Vertex [mm] (x,y,z)               3.27651e-309, 1.01151e-309, 0.347737
[ DEBUG5 "MyRemoveOverlay"] Endpoint [mm] (x,y,z)                        1842.12, 568.689, 1917.69
[ DEBUG5 "MyRemoveOverlay"] Mass [GeV]                                                    4.98e-01
[ DEBUG5 "MyRemoveOverlay"] Charge                                                        0.00e+00
[ DEBUG5 "MyRemoveOverlay"] Parents                                                              1
[ DEBUG5 "MyRemoveOverlay"] Daughters                                                            0
[ DEBUG5 "MyRemoveOverlay"] simulator status bits: [sbvtcls]  s: created in simulation b: backscatter v: vertex is not endpoint of parent t: decayed in tracker c: decayed in calorimeter l: has left detector s: stopped o: overlay
[ DEBUG5 "MyRemoveOverlay"] [    c s ]
[ DEBUG5 "MyRemoveOverlay"] 
[ DEBUG7 "MyRemoveOverlay"] 		********** PFO AT INDEX 44 IS NOT OVERLAY **********
[ DEBUG8 "MyRemoveOverlay"] 
[ DEBUG8 "MyRemoveOverlay"] 		-------------------------------------------------------
[ DEBUG8 "MyRemoveOverlay"] 		Processing PFO at index 45
[ DEBUG5 "MyRemoveOverlay"] ------------------ ReconstructedParticle -----------------------------
[ DEBUG5 "MyRemoveOverlay"] Id                                                             0x26638
[ DEBUG5 "MyRemoveOverlay"] Compound                                                             0
[ DEBUG5 "MyRemoveOverlay"] Type                                                                22
[ DEBUG5 "MyRemoveOverlay"] Momentum (x,y,z)                       +6.90e-01, +3.87e-01, +3.15e-01
[ DEBUG5 "MyRemoveOverlay"] Mass [GeV]                                                    0.00e+00
[ DEBUG5 "MyRemoveOverlay"] Charge [e]                                                    0.00e+00
[ DEBUG5 "MyRemoveOverlay"] Energy [GeV]                                                  8.51e-01
[ DEBUG5 "MyRemoveOverlay"] ReferencePoint                         +1.71e+03, +9.57e+02, +7.81e+02
[ DEBUG5 "MyRemoveOverlay"] ParticleIDUsed                                                       0
[ DEBUG5 "MyRemoveOverlay"] GoodnessOfPID                                                 0.00e+00
[ DEBUG5 "MyRemoveOverlay"] Covariance p,E:  1.59e-02, 8.91e-03, 5.00e-03, 7.27e-03, 4.08e-03, 
[ DEBUG5 "MyRemoveOverlay"]                  3.33e-03, 1.96e-02, 1.10e-02, 8.98e-03, 2.42e-02
[ DEBUG5 "MyRemoveOverlay"] Particles id:    
[ DEBUG5 "MyRemoveOverlay"] Tracks id:    
[ DEBUG5 "MyRemoveOverlay"] Clusters id:  [00026285]
[ DEBUG5 "MyRemoveOverlay"] Particle ids ( [id], PDG, (type)): 
[ DEBUG5 "MyRemoveOverlay"]                  [00026639], 000000, (000000) 
[ DEBUG5 "MyRemoveOverlay"]                  [00026640], 000000, (000000) 
[ DEBUG5 "MyRemoveOverlay"]                  [00026641], 000000, (000000) 
[ DEBUG5 "MyRemoveOverlay"]                  [00026642], 000000, (000000) 
[ DEBUG5 "MyRemoveOverlay"] 
[ DEBUG5 "MyRemoveOverlay"] 
[ DEBUG0 "MyRemoveOverlay"] 	MCParticle at index: 0 has PDG: 22 and MCParticle to Cluster link weight is 9.95e-01
[ DEBUG0 "MyRemoveOverlay"] 	MCParticle at index: 0 with PDG code: 22 has highest link weight to input cluster
[ DEBUG0 "MyRemoveOverlay"] 	Cluster at index: 1 has highest link weight to MCParticle = 9.56e-01
[ DEBUG0 "MyRemoveOverlay"] 	Cluster linked to MCParticle with highest weight
[ DEBUG6 "MyRemoveOverlay"] 		Found a linked MCParticle to cluster
[ DEBUG5 "MyRemoveOverlay"] ----------------------------- MCParticle -----------------------------
[ DEBUG5 "MyRemoveOverlay"] Id                                                               25425
[ DEBUG5 "MyRemoveOverlay"] PDG                                                                 22
[ DEBUG5 "MyRemoveOverlay"] Energy [GeV]                                                  8.52e-01
[ DEBUG5 "MyRemoveOverlay"] Momentum [GeV] (x,y,z)                     0.69071, 0.387257, 0.313766
[ DEBUG5 "MyRemoveOverlay"] Momentum at Endpoint[GeV] (x,y,z)                                  0, 0, 0
[ DEBUG5 "MyRemoveOverlay"] GeneratorStatus                                                      1
[ DEBUG5 "MyRemoveOverlay"] Vertex [mm] (x,y,z)                 0.000281862, 0.000158023, 0.347849
[ DEBUG5 "MyRemoveOverlay"] Endpoint [mm] (x,y,z)                        1670.42, 936.547, 759.163
[ DEBUG5 "MyRemoveOverlay"] Mass [GeV]                                                   -2.36e-08
[ DEBUG5 "MyRemoveOverlay"] Charge                                                        0.00e+00
[ DEBUG5 "MyRemoveOverlay"] Parents                                                              1
[ DEBUG5 "MyRemoveOverlay"] Daughters                                                            0
[ DEBUG5 "MyRemoveOverlay"] simulator status bits: [sbvtcls]  s: created in simulation b: backscatter v: vertex is not endpoint of parent t: decayed in tracker c: decayed in calorimeter l: has left detector s: stopped o: overlay
[ DEBUG5 "MyRemoveOverlay"] [    c s ]
[ DEBUG5 "MyRemoveOverlay"] 
[ DEBUG7 "MyRemoveOverlay"] 		********** PFO AT INDEX 45 IS NOT OVERLAY **********
[ DEBUG8 "MyRemoveOverlay"] 
[ DEBUG8 "MyRemoveOverlay"] 		-------------------------------------------------------
[ DEBUG8 "MyRemoveOverlay"] 		Processing PFO at index 46
[ DEBUG5 "MyRemoveOverlay"] ------------------ ReconstructedParticle -----------------------------
[ DEBUG5 "MyRemoveOverlay"] Id                                                             0x26643
[ DEBUG5 "MyRemoveOverlay"] Compound                                                             0
[ DEBUG5 "MyRemoveOverlay"] Type                                                                22
[ DEBUG5 "MyRemoveOverlay"] Momentum (x,y,z)                       +2.95e-01, +2.06e-01, +2.13e-01
[ DEBUG5 "MyRemoveOverlay"] Mass [GeV]                                                    0.00e+00
[ DEBUG5 "MyRemoveOverlay"] Charge [e]                                                    0.00e+00
[ DEBUG5 "MyRemoveOverlay"] Energy [GeV]                                                  4.19e-01
[ DEBUG5 "MyRemoveOverlay"] ReferencePoint                         +1.56e+03, +1.09e+03, +1.13e+03
[ DEBUG5 "MyRemoveOverlay"] ParticleIDUsed                                                       0
[ DEBUG5 "MyRemoveOverlay"] GoodnessOfPID                                                 0.00e+00
[ DEBUG5 "MyRemoveOverlay"] Covariance p,E:  5.92e-03, 4.13e-03, 2.88e-03, 4.27e-03, 2.98e-03, 
[ DEBUG5 "MyRemoveOverlay"]                  3.09e-03, 8.39e-03, 5.86e-03, 6.06e-03, 1.19e-02
[ DEBUG5 "MyRemoveOverlay"] Particles id:    
[ DEBUG5 "MyRemoveOverlay"] Tracks id:    
[ DEBUG5 "MyRemoveOverlay"] Clusters id:  [00026286]
[ DEBUG5 "MyRemoveOverlay"] Particle ids ( [id], PDG, (type)): 
[ DEBUG5 "MyRemoveOverlay"]                  [00026644], 000000, (000000) 
[ DEBUG5 "MyRemoveOverlay"]                  [00026645], 000000, (000000) 
[ DEBUG5 "MyRemoveOverlay"]                  [00026646], 000000, (000000) 
[ DEBUG5 "MyRemoveOverlay"]                  [00026647], 000000, (000000) 
[ DEBUG5 "MyRemoveOverlay"] 
[ DEBUG5 "MyRemoveOverlay"] 
[ DEBUG6 "MyRemoveOverlay"] 		Cluster is not linked to a MCParticle
[ DEBUG7 "MyRemoveOverlay"] 		********** PFO AT INDEX 46 IS NOT OVERLAY **********
[ DEBUG8 "MyRemoveOverlay"] 
[ DEBUG8 "MyRemoveOverlay"] 		-------------------------------------------------------
[ DEBUG8 "MyRemoveOverlay"] 		Processing PFO at index 47
[ DEBUG5 "MyRemoveOverlay"] ------------------ ReconstructedParticle -----------------------------
[ DEBUG5 "MyRemoveOverlay"] Id                                                             0x26648
[ DEBUG5 "MyRemoveOverlay"] Compound                                                             0
[ DEBUG5 "MyRemoveOverlay"] Type                                                              2112
[ DEBUG5 "MyRemoveOverlay"] Momentum (x,y,z)                       -1.11e-01, -2.15e-01, +3.72e-01
[ DEBUG5 "MyRemoveOverlay"] Mass [GeV]                                                    9.40e-01
[ DEBUG5 "MyRemoveOverlay"] Charge [e]                                                    0.00e+00
[ DEBUG5 "MyRemoveOverlay"] Energy [GeV]                                                  4.44e-01
[ DEBUG5 "MyRemoveOverlay"] ReferencePoint                         -7.37e+02, -1.42e+03, +2.46e+03
[ DEBUG5 "MyRemoveOverlay"] ParticleIDUsed                                                       0
[ DEBUG5 "MyRemoveOverlay"] GoodnessOfPID                                                 0.00e+00
[ DEBUG5 "MyRemoveOverlay"] Covariance p,E:  5.53e-02, 1.06e-01, 2.05e-01, -1.85e-01, -3.56e-01, 
[ DEBUG5 "MyRemoveOverlay"]                  6.17e-01, -9.40e-02, -1.81e-01, 3.14e-01, 1.60e-01
[ DEBUG5 "MyRemoveOverlay"] Particles id:    
[ DEBUG5 "MyRemoveOverlay"] Tracks id:    
[ DEBUG5 "MyRemoveOverlay"] Clusters id:  [00026287]
[ DEBUG5 "MyRemoveOverlay"] Particle ids ( [id], PDG, (type)): 
[ DEBUG5 "MyRemoveOverlay"]                  [00026649], 000000, (000000) 
[ DEBUG5 "MyRemoveOverlay"]                  [00026650], 000000, (000000) 
[ DEBUG5 "MyRemoveOverlay"]                  [00026651], 000000, (000000) 
[ DEBUG5 "MyRemoveOverlay"]                  [00026652], 000000, (000000) 
[ DEBUG5 "MyRemoveOverlay"] 
[ DEBUG5 "MyRemoveOverlay"] 
[ DEBUG0 "MyRemoveOverlay"] 	MCParticle at index: 0 has PDG: 211 and MCParticle to Cluster link weight is 9.60e-01
[ DEBUG0 "MyRemoveOverlay"] 	MCParticle at index: 0 with PDG code: 211 has highest link weight to input cluster
[ DEBUG6 "MyRemoveOverlay"] 		Cluster is not linked to a MCParticle
[ DEBUG7 "MyRemoveOverlay"] 		********** PFO AT INDEX 47 IS NOT OVERLAY **********
[ DEBUG8 "MyRemoveOverlay"] 
[ DEBUG8 "MyRemoveOverlay"] 		-------------------------------------------------------
[ DEBUG8 "MyRemoveOverlay"] 		Processing PFO at index 48
[ DEBUG5 "MyRemoveOverlay"] ------------------ ReconstructedParticle -----------------------------
[ DEBUG5 "MyRemoveOverlay"] Id                                                             0x26653
[ DEBUG5 "MyRemoveOverlay"] Compound                                                             0
[ DEBUG5 "MyRemoveOverlay"] Type                                                              2112
[ DEBUG5 "MyRemoveOverlay"] Momentum (x,y,z)                       -2.09e-01, +9.55e-03, +2.45e-01
[ DEBUG5 "MyRemoveOverlay"] Mass [GeV]                                                    9.40e-01
[ DEBUG5 "MyRemoveOverlay"] Charge [e]                                                    0.00e+00
[ DEBUG5 "MyRemoveOverlay"] Energy [GeV]                                                  3.22e-01
[ DEBUG5 "MyRemoveOverlay"] ReferencePoint                         -2.50e+03, +1.14e+02, +2.92e+03
[ DEBUG5 "MyRemoveOverlay"] ParticleIDUsed                                                       0
[ DEBUG5 "MyRemoveOverlay"] GoodnessOfPID                                                 0.00e+00
[ DEBUG5 "MyRemoveOverlay"] Covariance p,E:  4.66e-01, -2.13e-02, 9.71e-04, -5.45e-01, 2.48e-02, 
[ DEBUG5 "MyRemoveOverlay"]                  6.36e-01, -2.33e-01, 1.06e-02, 2.72e-01, 1.16e-01
[ DEBUG5 "MyRemoveOverlay"] Particles id:    
[ DEBUG5 "MyRemoveOverlay"] Tracks id:    
[ DEBUG5 "MyRemoveOverlay"] Clusters id:  [00026288]
[ DEBUG5 "MyRemoveOverlay"] Particle ids ( [id], PDG, (type)): 
[ DEBUG5 "MyRemoveOverlay"] 
[ DEBUG5 "MyRemoveOverlay"] 
[ DEBUG0 "MyRemoveOverlay"] 	MCParticle at index: 0 has PDG: -321 and MCParticle to Cluster link weight is 1.00e+00
[ DEBUG0 "MyRemoveOverlay"] 	MCParticle at index: 0 with PDG code: -321 has highest link weight to input cluster
[ DEBUG0 "MyRemoveOverlay"] 	Cluster at index: 0 has highest link weight to MCParticle = 9.66e-01
[ DEBUG6 "MyRemoveOverlay"] 		Cluster is not linked to a MCParticle
[ DEBUG7 "MyRemoveOverlay"] 		********** PFO AT INDEX 48 IS NOT OVERLAY **********
[ DEBUG8 "MyRemoveOverlay"] 
[ DEBUG8 "MyRemoveOverlay"] 		-------------------------------------------------------
[ DEBUG8 "MyRemoveOverlay"] 		Processing PFO at index 49
[ DEBUG5 "MyRemoveOverlay"] ------------------ ReconstructedParticle -----------------------------
[ DEBUG5 "MyRemoveOverlay"] Id                                                             0x26654
[ DEBUG5 "MyRemoveOverlay"] Compound                                                             0
[ DEBUG5 "MyRemoveOverlay"] Type                                                              2112
[ DEBUG5 "MyRemoveOverlay"] Momentum (x,y,z)                       +1.86e-02, +1.15e-02, -3.10e-01
[ DEBUG5 "MyRemoveOverlay"] Mass [GeV]                                                    9.40e-01
[ DEBUG5 "MyRemoveOverlay"] Charge [e]                                                    0.00e+00
[ DEBUG5 "MyRemoveOverlay"] Energy [GeV]                                                  3.11e-01
[ DEBUG5 "MyRemoveOverlay"] ReferencePoint                         +1.86e+02, +1.15e+02, -3.10e+03
[ DEBUG5 "MyRemoveOverlay"] ParticleIDUsed                                                       0
[ DEBUG5 "MyRemoveOverlay"] GoodnessOfPID                                                 0.00e+00
[ DEBUG5 "MyRemoveOverlay"] Covariance p,E:  4.05e-03, 2.51e-03, 1.56e-03, -6.75e-02, -4.19e-02, 
[ DEBUG5 "MyRemoveOverlay"]                  1.13e+00, 2.13e-02, 1.32e-02, -3.56e-01, 1.12e-01
[ DEBUG5 "MyRemoveOverlay"] Particles id:    
[ DEBUG5 "MyRemoveOverlay"] Tracks id:    
[ DEBUG5 "MyRemoveOverlay"] Clusters id:  [00026289]
[ DEBUG5 "MyRemoveOverlay"] Particle ids ( [id], PDG, (type)): 
[ DEBUG5 "MyRemoveOverlay"] 
[ DEBUG5 "MyRemoveOverlay"] 
[ DEBUG0 "MyRemoveOverlay"] 	MCParticle at index: 0 has PDG: -211 and MCParticle to Cluster link weight is 1.00e+00
[ DEBUG0 "MyRemoveOverlay"] 	MCParticle at index: 0 with PDG code: -211 has highest link weight to input cluster
[ DEBUG6 "MyRemoveOverlay"] 		Cluster is not linked to a MCParticle
[ DEBUG7 "MyRemoveOverlay"] 		********** PFO AT INDEX 49 IS NOT OVERLAY **********
[ DEBUG8 "MyRemoveOverlay"] 
[ DEBUG8 "MyRemoveOverlay"] 		-------------------------------------------------------
[ DEBUG8 "MyRemoveOverlay"] 		Processing PFO at index 50
[ DEBUG5 "MyRemoveOverlay"] ------------------ ReconstructedParticle -----------------------------
[ DEBUG5 "MyRemoveOverlay"] Id                                                             0x26655
[ DEBUG5 "MyRemoveOverlay"] Compound                                                             0
[ DEBUG5 "MyRemoveOverlay"] Type                                                                22
[ DEBUG5 "MyRemoveOverlay"] Momentum (x,y,z)                       +3.93e-02, -7.79e-02, -2.50e-01
[ DEBUG5 "MyRemoveOverlay"] Mass [GeV]                                                    0.00e+00
[ DEBUG5 "MyRemoveOverlay"] Charge [e]                                                    0.00e+00
[ DEBUG5 "MyRemoveOverlay"] Energy [GeV]                                                  2.64e-01
[ DEBUG5 "MyRemoveOverlay"] ReferencePoint                         +3.86e+02, -7.63e+02, -2.45e+03
[ DEBUG5 "MyRemoveOverlay"] ParticleIDUsed                                                       0
[ DEBUG5 "MyRemoveOverlay"] GoodnessOfPID                                                 0.00e+00
[ DEBUG5 "MyRemoveOverlay"] Covariance p,E:  1.67e-04, -3.28e-04, 6.51e-04, -1.05e-03, 2.08e-03, 
[ DEBUG5 "MyRemoveOverlay"]                  6.68e-03, 1.12e-03, -2.21e-03, -7.08e-03, 7.50e-03
[ DEBUG5 "MyRemoveOverlay"] Particles id:    
[ DEBUG5 "MyRemoveOverlay"] Tracks id:    
[ DEBUG5 "MyRemoveOverlay"] Clusters id:  [00026290]
[ DEBUG5 "MyRemoveOverlay"] Particle ids ( [id], PDG, (type)): 
[ DEBUG5 "MyRemoveOverlay"]                  [00026656], 000000, (000000) 
[ DEBUG5 "MyRemoveOverlay"]                  [00026657], 000000, (000000) 
[ DEBUG5 "MyRemoveOverlay"]                  [00026658], 000000, (000000) 
[ DEBUG5 "MyRemoveOverlay"]                  [00026659], 000000, (000000) 
[ DEBUG5 "MyRemoveOverlay"] 
[ DEBUG5 "MyRemoveOverlay"] 
[ DEBUG6 "MyRemoveOverlay"] 		Cluster is not linked to a MCParticle
[ DEBUG7 "MyRemoveOverlay"] 		********** PFO AT INDEX 50 IS NOT OVERLAY **********
[ DEBUG8 "MyRemoveOverlay"] 
[ DEBUG8 "MyRemoveOverlay"] 		-------------------------------------------------------
[ DEBUG8 "MyRemoveOverlay"] 		Processing PFO at index 51
[ DEBUG5 "MyRemoveOverlay"] ------------------ ReconstructedParticle -----------------------------
[ DEBUG5 "MyRemoveOverlay"] Id                                                             0x26660
[ DEBUG5 "MyRemoveOverlay"] Compound                                                             0
[ DEBUG5 "MyRemoveOverlay"] Type                                                                22
[ DEBUG5 "MyRemoveOverlay"] Momentum (x,y,z)                       -6.03e-01, +2.62e-01, +2.05e+00
[ DEBUG5 "MyRemoveOverlay"] Mass [GeV]                                                    0.00e+00
[ DEBUG5 "MyRemoveOverlay"] Charge [e]                                                    0.00e+00
[ DEBUG5 "MyRemoveOverlay"] Energy [GeV]                                                  2.16e+00
[ DEBUG5 "MyRemoveOverlay"] ReferencePoint                         -7.26e+02, +3.15e+02, +2.47e+03
[ DEBUG5 "MyRemoveOverlay"] ParticleIDUsed                                                       0
[ DEBUG5 "MyRemoveOverlay"] GoodnessOfPID                                                 0.00e+00
[ DEBUG5 "MyRemoveOverlay"] Covariance p,E:  4.88e-03, -2.12e-03, 9.27e-04, -1.66e-02, 7.22e-03, 
[ DEBUG5 "MyRemoveOverlay"]                  5.66e-02, -1.74e-02, 7.58e-03, 5.94e-02, 6.24e-02
[ DEBUG5 "MyRemoveOverlay"] Particles id:    
[ DEBUG5 "MyRemoveOverlay"] Tracks id:    
[ DEBUG5 "MyRemoveOverlay"] Clusters id:  [00026291]
[ DEBUG5 "MyRemoveOverlay"] Particle ids ( [id], PDG, (type)): 
[ DEBUG5 "MyRemoveOverlay"]                  [00026661], 000000, (000000) 
[ DEBUG5 "MyRemoveOverlay"]                  [00026662], 000000, (000000) 
[ DEBUG5 "MyRemoveOverlay"]                  [00026663], 000000, (000000) 
[ DEBUG5 "MyRemoveOverlay"]                  [00026664], 000000, (000000) 
[ DEBUG5 "MyRemoveOverlay"] 
[ DEBUG5 "MyRemoveOverlay"] 
[ DEBUG0 "MyRemoveOverlay"] 	MCParticle at index: 1 has PDG: 22 and MCParticle to Cluster link weight is 9.79e-01
[ DEBUG0 "MyRemoveOverlay"] 	MCParticle at index: 1 with PDG code: 22 has highest link weight to input cluster
[ DEBUG0 "MyRemoveOverlay"] 	Cluster at index: 0 has highest link weight to MCParticle = 9.95e-01
[ DEBUG0 "MyRemoveOverlay"] 	Cluster linked to MCParticle with highest weight
[ DEBUG6 "MyRemoveOverlay"] 		Found a linked MCParticle to cluster
[ DEBUG5 "MyRemoveOverlay"] ----------------------------- MCParticle -----------------------------
[ DEBUG5 "MyRemoveOverlay"] Id                                                               25459
[ DEBUG5 "MyRemoveOverlay"] PDG                                                                 22
[ DEBUG5 "MyRemoveOverlay"] Energy [GeV]                                                  1.99e+00
[ DEBUG5 "MyRemoveOverlay"] Momentum [GeV] (x,y,z)                     -0.554861, 0.24305, 1.89656
[ DEBUG5 "MyRemoveOverlay"] Momentum at Endpoint[GeV] (x,y,z)                                 -0, 0, 0
[ DEBUG5 "MyRemoveOverlay"] GeneratorStatus                                                      1
[ DEBUG5 "MyRemoveOverlay"] Vertex [mm] (x,y,z)                -1.07834e-05, 4.29672e-06, 0.347774
[ DEBUG5 "MyRemoveOverlay"] Endpoint [mm] (x,y,z)                       -707.739, 310.016, 2419.46
[ DEBUG5 "MyRemoveOverlay"] Mass [GeV]                                                    2.11e-08
[ DEBUG5 "MyRemoveOverlay"] Charge                                                        0.00e+00
[ DEBUG5 "MyRemoveOverlay"] Parents                                                              1
[ DEBUG5 "MyRemoveOverlay"] Daughters                                                            0
[ DEBUG5 "MyRemoveOverlay"] simulator status bits: [sbvtcls]  s: created in simulation b: backscatter v: vertex is not endpoint of parent t: decayed in tracker c: decayed in calorimeter l: has left detector s: stopped o: overlay
[ DEBUG5 "MyRemoveOverlay"] [    c s ]
[ DEBUG5 "MyRemoveOverlay"] 
[ DEBUG7 "MyRemoveOverlay"] 		********** PFO AT INDEX 51 IS NOT OVERLAY **********
[ DEBUG8 "MyRemoveOverlay"] 
[ DEBUG8 "MyRemoveOverlay"] 		-------------------------------------------------------
[ DEBUG8 "MyRemoveOverlay"] 		Processing PFO at index 52
[ DEBUG5 "MyRemoveOverlay"] ------------------ ReconstructedParticle -----------------------------
[ DEBUG5 "MyRemoveOverlay"] Id                                                             0x26665
[ DEBUG5 "MyRemoveOverlay"] Compound                                                             0
[ DEBUG5 "MyRemoveOverlay"] Type                                                                22
[ DEBUG5 "MyRemoveOverlay"] Momentum (x,y,z)                       -3.74e+00, +1.40e+00, +6.76e+00
[ DEBUG5 "MyRemoveOverlay"] Mass [GeV]                                                    0.00e+00
[ DEBUG5 "MyRemoveOverlay"] Charge [e]                                                    0.00e+00
[ DEBUG5 "MyRemoveOverlay"] Energy [GeV]                                                  7.85e+00
[ DEBUG5 "MyRemoveOverlay"] ReferencePoint                         -1.39e+03, +5.22e+02, +2.51e+03
[ DEBUG5 "MyRemoveOverlay"] ParticleIDUsed                                                       0
[ DEBUG5 "MyRemoveOverlay"] GoodnessOfPID                                                 0.00e+00
[ DEBUG5 "MyRemoveOverlay"] Covariance p,E:  5.30e-02, -1.99e-02, 7.48e-03, -9.58e-02, 3.60e-02, 
[ DEBUG5 "MyRemoveOverlay"]                  1.73e-01, -1.11e-01, 4.18e-02, 2.01e-01, 2.34e-01
[ DEBUG5 "MyRemoveOverlay"] Particles id:    
[ DEBUG5 "MyRemoveOverlay"] Tracks id:    
[ DEBUG5 "MyRemoveOverlay"] Clusters id:  [00026292]
[ DEBUG5 "MyRemoveOverlay"] Particle ids ( [id], PDG, (type)): 
[ DEBUG5 "MyRemoveOverlay"]                  [00026666], 000000, (000000) 
[ DEBUG5 "MyRemoveOverlay"]                  [00026667], 000000, (000000) 
[ DEBUG5 "MyRemoveOverlay"]                  [00026668], 000000, (000000) 
[ DEBUG5 "MyRemoveOverlay"]                  [00026669], 000000, (000000) 
[ DEBUG5 "MyRemoveOverlay"] 
[ DEBUG5 "MyRemoveOverlay"] 
[ DEBUG0 "MyRemoveOverlay"] 	MCParticle at index: 0 has PDG: 22 and MCParticle to Cluster link weight is 9.48e-01
[ DEBUG0 "MyRemoveOverlay"] 	MCParticle at index: 0 with PDG code: 22 has highest link weight to input cluster
[ DEBUG0 "MyRemoveOverlay"] 	Cluster at index: 2 has highest link weight to MCParticle = 9.14e-01
[ DEBUG0 "MyRemoveOverlay"] 	Cluster linked to MCParticle with highest weight
[ DEBUG6 "MyRemoveOverlay"] 		Found a linked MCParticle to cluster
[ DEBUG5 "MyRemoveOverlay"] ----------------------------- MCParticle -----------------------------
[ DEBUG5 "MyRemoveOverlay"] Id                                                               25456
[ DEBUG5 "MyRemoveOverlay"] PDG                                                                 22
[ DEBUG5 "MyRemoveOverlay"] Energy [GeV]                                                  8.36e+00
[ DEBUG5 "MyRemoveOverlay"] Momentum [GeV] (x,y,z)                       -3.98483, 1.49609, 7.1897
[ DEBUG5 "MyRemoveOverlay"] Momentum at Endpoint[GeV] (x,y,z)                                 -0, 0, 0
[ DEBUG5 "MyRemoveOverlay"] GeneratorStatus                                                      1
[ DEBUG5 "MyRemoveOverlay"] Vertex [mm] (x,y,z)                  -0.00122866, 0.00046155, 0.349992
[ DEBUG5 "MyRemoveOverlay"] Endpoint [mm] (x,y,z)                       -1357.93, 509.827, 2450.41
[ DEBUG5 "MyRemoveOverlay"] Mass [GeV]                                                    2.38e-07
[ DEBUG5 "MyRemoveOverlay"] Charge                                                        0.00e+00
[ DEBUG5 "MyRemoveOverlay"] Parents                                                              1
[ DEBUG5 "MyRemoveOverlay"] Daughters                                                            0
[ DEBUG5 "MyRemoveOverlay"] simulator status bits: [sbvtcls]  s: created in simulation b: backscatter v: vertex is not endpoint of parent t: decayed in tracker c: decayed in calorimeter l: has left detector s: stopped o: overlay
[ DEBUG5 "MyRemoveOverlay"] [    c s ]
[ DEBUG5 "MyRemoveOverlay"] 
[ DEBUG7 "MyRemoveOverlay"] 		********** PFO AT INDEX 52 IS NOT OVERLAY **********
[ DEBUG8 "MyRemoveOverlay"] 
[ DEBUG8 "MyRemoveOverlay"] 		-------------------------------------------------------
[ DEBUG8 "MyRemoveOverlay"] 		Processing PFO at index 53
[ DEBUG5 "MyRemoveOverlay"] ------------------ ReconstructedParticle -----------------------------
[ DEBUG5 "MyRemoveOverlay"] Id                                                             0x26670
[ DEBUG5 "MyRemoveOverlay"] Compound                                                             0
[ DEBUG5 "MyRemoveOverlay"] Type                                                                22
[ DEBUG5 "MyRemoveOverlay"] Momentum (x,y,z)                       -2.11e+00, +7.93e-01, +4.03e+00
[ DEBUG5 "MyRemoveOverlay"] Mass [GeV]                                                    0.00e+00
[ DEBUG5 "MyRemoveOverlay"] Charge [e]                                                    0.00e+00
[ DEBUG5 "MyRemoveOverlay"] Energy [GeV]                                                  4.62e+00
[ DEBUG5 "MyRemoveOverlay"] ReferencePoint                         -1.29e+03, +4.85e+02, +2.46e+03
[ DEBUG5 "MyRemoveOverlay"] ParticleIDUsed                                                       0
[ DEBUG5 "MyRemoveOverlay"] GoodnessOfPID                                                 0.00e+00
[ DEBUG5 "MyRemoveOverlay"] Covariance p,E:  2.82e-02, -1.06e-02, 4.00e-03, -5.40e-02, 2.03e-02, 
[ DEBUG5 "MyRemoveOverlay"]                  1.03e-01, -6.18e-02, 2.32e-02, 1.18e-01, 1.35e-01
[ DEBUG5 "MyRemoveOverlay"] Particles id:    
[ DEBUG5 "MyRemoveOverlay"] Tracks id:    
[ DEBUG5 "MyRemoveOverlay"] Clusters id:  [00026293]
[ DEBUG5 "MyRemoveOverlay"] Particle ids ( [id], PDG, (type)): 
[ DEBUG5 "MyRemoveOverlay"]                  [00026671], 000000, (000000) 
[ DEBUG5 "MyRemoveOverlay"]                  [00026672], 000000, (000000) 
[ DEBUG5 "MyRemoveOverlay"]                  [00026673], 000000, (000000) 
[ DEBUG5 "MyRemoveOverlay"]                  [00026674], 000000, (000000) 
[ DEBUG5 "MyRemoveOverlay"] 
[ DEBUG5 "MyRemoveOverlay"] 
[ DEBUG6 "MyRemoveOverlay"] 		Cluster is not linked to a MCParticle
[ DEBUG7 "MyRemoveOverlay"] 		********** PFO AT INDEX 53 IS NOT OVERLAY **********
[ DEBUG8 "MyRemoveOverlay"] 
[ DEBUG8 "MyRemoveOverlay"] 		-------------------------------------------------------
[ DEBUG8 "MyRemoveOverlay"] 		Processing PFO at index 54
[ DEBUG5 "MyRemoveOverlay"] ------------------ ReconstructedParticle -----------------------------
[ DEBUG5 "MyRemoveOverlay"] Id                                                             0x26675
[ DEBUG5 "MyRemoveOverlay"] Compound                                                             0
[ DEBUG5 "MyRemoveOverlay"] Type                                                                22
[ DEBUG5 "MyRemoveOverlay"] Momentum (x,y,z)                       +3.90e+00, +1.44e+00, +3.02e+00
[ DEBUG5 "MyRemoveOverlay"] Mass [GeV]                                                    0.00e+00
[ DEBUG5 "MyRemoveOverlay"] Charge [e]                                                    0.00e+00
[ DEBUG5 "MyRemoveOverlay"] Energy [GeV]                                                  5.14e+00
[ DEBUG5 "MyRemoveOverlay"] ReferencePoint                         +1.85e+03, +6.86e+02, +1.44e+03
[ DEBUG5 "MyRemoveOverlay"] ParticleIDUsed                                                       0
[ DEBUG5 "MyRemoveOverlay"] GoodnessOfPID                                                 0.00e+00
[ DEBUG5 "MyRemoveOverlay"] Covariance p,E:  8.34e-02, 3.09e-02, 1.14e-02, 6.48e-02, 2.39e-02, 
[ DEBUG5 "MyRemoveOverlay"]                  5.03e-02, 1.10e-01, 4.07e-02, 8.54e-02, 1.45e-01
[ DEBUG5 "MyRemoveOverlay"] Particles id:    
[ DEBUG5 "MyRemoveOverlay"] Tracks id:    
[ DEBUG5 "MyRemoveOverlay"] Clusters id:  [00026294]
[ DEBUG5 "MyRemoveOverlay"] Particle ids ( [id], PDG, (type)): 
[ DEBUG5 "MyRemoveOverlay"]                  [00026676], 000000, (000000) 
[ DEBUG5 "MyRemoveOverlay"]                  [00026677], 000000, (000000) 
[ DEBUG5 "MyRemoveOverlay"]                  [00026678], 000000, (000000) 
[ DEBUG5 "MyRemoveOverlay"]                  [00026679], 000000, (000000) 
[ DEBUG5 "MyRemoveOverlay"] 
[ DEBUG5 "MyRemoveOverlay"] 
[ DEBUG6 "MyRemoveOverlay"] 		Cluster is not linked to a MCParticle
[ DEBUG7 "MyRemoveOverlay"] 		********** PFO AT INDEX 54 IS NOT OVERLAY **********
[ DEBUG8 "MyRemoveOverlay"] 
[ DEBUG8 "MyRemoveOverlay"] 		-------------------------------------------------------
[ DEBUG8 "MyRemoveOverlay"] 		Processing PFO at index 55
[ DEBUG5 "MyRemoveOverlay"] ------------------ ReconstructedParticle -----------------------------
[ DEBUG5 "MyRemoveOverlay"] Id                                                             0x26680
[ DEBUG5 "MyRemoveOverlay"] Compound                                                             0
[ DEBUG5 "MyRemoveOverlay"] Type                                                                22
[ DEBUG5 "MyRemoveOverlay"] Momentum (x,y,z)                       +3.46e+00, +1.14e+00, +2.54e+00
[ DEBUG5 "MyRemoveOverlay"] Mass [GeV]                                                    0.00e+00
[ DEBUG5 "MyRemoveOverlay"] Charge [e]                                                    0.00e+00
[ DEBUG5 "MyRemoveOverlay"] Energy [GeV]                                                  4.44e+00
[ DEBUG5 "MyRemoveOverlay"] ReferencePoint                         +1.86e+03, +6.15e+02, +1.37e+03
[ DEBUG5 "MyRemoveOverlay"] ParticleIDUsed                                                       0
[ DEBUG5 "MyRemoveOverlay"] GoodnessOfPID                                                 0.00e+00
[ DEBUG5 "MyRemoveOverlay"] Covariance p,E:  7.73e-02, 2.56e-02, 8.46e-03, 5.68e-02, 1.88e-02, 
[ DEBUG5 "MyRemoveOverlay"]                  4.18e-02, 9.93e-02, 3.28e-02, 7.30e-02, 1.28e-01
[ DEBUG5 "MyRemoveOverlay"] Particles id:    
[ DEBUG5 "MyRemoveOverlay"] Tracks id:    
[ DEBUG5 "MyRemoveOverlay"] Clusters id:  [00026295]
[ DEBUG5 "MyRemoveOverlay"] Particle ids ( [id], PDG, (type)): 
[ DEBUG5 "MyRemoveOverlay"]                  [00026681], 000000, (000000) 
[ DEBUG5 "MyRemoveOverlay"]                  [00026682], 000000, (000000) 
[ DEBUG5 "MyRemoveOverlay"]                  [00026683], 000000, (000000) 
[ DEBUG5 "MyRemoveOverlay"]                  [00026684], 000000, (000000) 
[ DEBUG5 "MyRemoveOverlay"] 
[ DEBUG5 "MyRemoveOverlay"] 
[ DEBUG0 "MyRemoveOverlay"] 	MCParticle at index: 2 has PDG: 22 and MCParticle to Cluster link weight is 9.72e-01
[ DEBUG0 "MyRemoveOverlay"] 	MCParticle at index: 2 with PDG code: 22 has highest link weight to input cluster
[ DEBUG0 "MyRemoveOverlay"] 	Cluster at index: 1 has highest link weight to MCParticle = 9.78e-01
[ DEBUG0 "MyRemoveOverlay"] 	Cluster linked to MCParticle with highest weight
[ DEBUG6 "MyRemoveOverlay"] 		Found a linked MCParticle to cluster
[ DEBUG5 "MyRemoveOverlay"] ----------------------------- MCParticle -----------------------------
[ DEBUG5 "MyRemoveOverlay"] Id                                                               25432
[ DEBUG5 "MyRemoveOverlay"] PDG                                                                 22
[ DEBUG5 "MyRemoveOverlay"] Energy [GeV]                                                  4.42e+00
[ DEBUG5 "MyRemoveOverlay"] Momentum [GeV] (x,y,z)                       3.43764, 1.13786, 2.53391
[ DEBUG5 "MyRemoveOverlay"] Momentum at Endpoint[GeV] (x,y,z)                                  0, 0, 0
[ DEBUG5 "MyRemoveOverlay"] GeneratorStatus                                                      1
[ DEBUG5 "MyRemoveOverlay"] Vertex [mm] (x,y,z)                 0.000310444, 0.000107961, 0.347972
[ DEBUG5 "MyRemoveOverlay"] Endpoint [mm] (x,y,z)                          1813.1, 600.134, 1336.8
[ DEBUG5 "MyRemoveOverlay"] Mass [GeV]                                                    1.03e-07
[ DEBUG5 "MyRemoveOverlay"] Charge                                                        0.00e+00
[ DEBUG5 "MyRemoveOverlay"] Parents                                                              1
[ DEBUG5 "MyRemoveOverlay"] Daughters                                                            0
[ DEBUG5 "MyRemoveOverlay"] simulator status bits: [sbvtcls]  s: created in simulation b: backscatter v: vertex is not endpoint of parent t: decayed in tracker c: decayed in calorimeter l: has left detector s: stopped o: overlay
[ DEBUG5 "MyRemoveOverlay"] [    c s ]
[ DEBUG5 "MyRemoveOverlay"] 
[ DEBUG7 "MyRemoveOverlay"] 		********** PFO AT INDEX 55 IS NOT OVERLAY **********
[ DEBUG9 "MyRemoveOverlay"] 	CHECK : processed event: 182409 (Number of inputPFOS: 56 , Number of outputPFOs: 52)
[ MESSAGE "MyRemoveOverlay"]  
[ MESSAGE "MyRemoveOverlay"] 	////////////////////////////////////////////////////////////////////////////
[ MESSAGE "MyRemoveOverlay"] 	////////////////////////////////////////////////////////////////////////////
[ MESSAGE "MyRemoveOverlay"] 	///////////////////////////	processed all events 	////////////////////
[ MESSAGE "MyRemoveOverlay"] 	////////////////////////////////////////////////////////////////////////////
[ MESSAGE "MyRemoveOverlay"] 	////////////////////////////////////////////////////////////////////////////
[ MESSAGE "MyRemoveOverlay"]  
[ MESSAGE "MyChargedPFOCorrection"]  
[ MESSAGE "MyChargedPFOCorrection"] 	////////////////////////////////////////////////////////////////////////////
[ MESSAGE "MyChargedPFOCorrection"] 	////////////////////////////////////////////////////////////////////////////
[ MESSAGE "MyChargedPFOCorrection"] 	///////////////////////////	processed all events 	////////////////////
[ MESSAGE "MyChargedPFOCorrection"] 	////////////////////////////////////////////////////////////////////////////
[ MESSAGE "MyChargedPFOCorrection"] 	////////////////////////////////////////////////////////////////////////////
[ MESSAGE "MyChargedPFOCorrection"]  
[ MESSAGE "Marlin"]  --------------------------------------------------------- 
[ MESSAGE "Marlin"]   Events skipped by processors : 
[ MESSAGE "Marlin"]   Total: 0
[ MESSAGE "Marlin"]  --------------------------------------------------------- 
[ MESSAGE "Marlin"] 
[ MESSAGE "Marlin"]  --------------------------------------------------------- 
[ MESSAGE "Marlin"]       Time used by processors ( in processEvent() ) :      
[ MESSAGE "Marlin"] 
[ MESSAGE "Marlin"] MyRemoveOverlay                          1.50e-01 s in            9 events  ==>     1.67e-02 [ s/evt.] 
[ MESSAGE "Marlin"] MyChargedPFOCorrection                   5.00e-02 s in            9 events  ==>     5.56e-03 [ s/evt.] 
[ MESSAGE "Marlin"] mytruejet                                1.00e-02 s in            9 events  ==>     1.11e-03 [ s/evt.] 
[ MESSAGE "Marlin"] MyIsolatedLeptonTaggingProcess           1.00e-02 s in            9 events  ==>     1.11e-03 [ s/evt.] 
[ MESSAGE "Marlin"] InitDD4hep                               0.00e+00 s in            9 events  ==>     0.00e+00 [ s/evt.] 
[ MESSAGE "Marlin"] MyAddNeutralPFOCovMat                    0.00e+00 s in            9 events  ==>     0.00e+00 [ s/evt.] 
[ MESSAGE "Marlin"]             Total:                       2.20e-01 s in            9 events  ==>     2.44e-02 [ s/evt.] 
[ MESSAGE "Marlin"]  --------------------------------------------------------- 
